Begin atmos_products.sh at Tue Nov 26 20:08:01 UTC 2024
+ atmos_products.sh[11]: . /scratch1/NCEPDEV/global/CI_dh/3112/gfs/ush/load_fv3gfs_modules.sh
++ load_fv3gfs_modules.sh[4]: [[ NO == \N\O ]]
++ load_fv3gfs_modules.sh[5]: echo 'Loading modules quietly...'
Loading modules quietly...
++ load_fv3gfs_modules.sh[6]: set +x
Running "module reset". Resetting modules to system default. The following $MODULEPATH directories have been removed: /scratch1/NCEPDEV/global/CI_dh/3112/gfs/modulefiles

Currently Loaded Modules:
  1) contrib                          43) ip/4.3.0
  2) intel/2022.1.2                   44) grib-util/1.3.0
  3) stack-intel/2021.5.0             45) g2tmpl/1.10.2
  4) impi/2022.1.2                    46) gsi-ncdiag/1.1.2
  5) stack-intel-oneapi-mpi/2021.5.1  47) crtm-fix/2.4.0.1_emc
  6) gettext/0.19.8.1                 48) git-lfs/2.10.0
  7) libxcrypt/4.4.35                 49) crtm/2.4.0.1
  8) zlib/1.2.13                      50) openblas/0.3.24
  9) sqlite/3.43.2                    51) py-setuptools/63.4.3
 10) util-linux-uuid/2.38.1           52) py-numpy/1.23.4
 11) python/3.11.6                    53) bufr/11.7.0
 12) hpss/hpss                        54) gmake/3.82
 13) gempak/7.17.0                    55) wgrib2/2.0.8
 14) ncl/6.6.2                        56) py-f90nml/1.4.3
 15) libjpeg/2.1.0                    57) py-cftime/1.0.3.4
 16) jasper/2.0.32                    58) py-netcdf4/1.5.8
 17) libpng/1.6.37                    59) libyaml/0.2.5
 18) openjpeg/2.3.1                   60) py-pyyaml/6.0
 19) eccodes/2.32.0                   61) py-markupsafe/2.1.3
 20) fftw/3.3.10                      62) py-jinja2/3.1.2
 21) nghttp2/1.57.0                   63) py-bottleneck/1.3.7
 22) curl/8.4.0                       64) py-numexpr/2.8.4
 23) proj/8.1.0                       65) py-et-xmlfile/1.0.1
 24) udunits/2.2.28                   66) py-openpyxl/3.1.2
 25) cdo/2.2.0                        67) py-pytz/2023.3
 26) R/3.6.1                          68) py-pyxlsb/1.0.10
 27) perl/5.38.0                      69) py-xlrd/2.0.1
 28) pkg-config/0.27.1                70) py-xlsxwriter/3.1.7
 29) hdf5/1.14.0                      71) py-xlwt/1.3.0
 30) snappy/1.1.10                    72) py-pandas/1.5.3
 31) zstd/1.5.2                       73) py-six/1.16.0
 32) c-blosc/1.21.5                   74) py-python-dateutil/2.8.2
 33) netcdf-c/4.9.2                   75) g2c/1.6.4
 34) netcdf-fortran/4.6.1             76) netcdf-cxx4/4.3.1
 35) antlr/2.7.7                      77) met/9.1.3
 36) gsl/2.7.1                        78) metplus/3.1.1
 37) nco/5.0.6                        79) py-packaging/23.1
 38) bacio/2.4.1                      80) py-xarray/2023.7.0
 39) w3emc/2.10.0                     81) prepobs/1.1.0
 40) prod_util/2.1.1                  82) fit2obs/1.1.4
 41) g2/3.4.5                         83) module_base.hera
 42) sp/2.5.0

 

+ atmos_products.sh[12]: status=0
+ atmos_products.sh[13]: ((  status != 0  ))
+ atmos_products.sh[15]: export job=atmos_products
+ atmos_products.sh[15]: job=atmos_products
+ atmos_products.sh[16]: export jobid=atmos_products.3398777
+ atmos_products.sh[16]: jobid=atmos_products.3398777
+ atmos_products.sh[19]: fhr3_base=10#039
+ atmos_products.sh[20]: export FORECAST_HOUR=39
+ atmos_products.sh[20]: FORECAST_HOUR=39
+ atmos_products.sh[25]: /scratch1/NCEPDEV/global/CI_dh/3112/gfs/jobs/JGLOBAL_ATMOS_PRODUCTS
Begin JGLOBAL_ATMOS_PRODUCTS at Tue Nov 26 20:08:05 UTC 2024
+ JGLOBAL_ATMOS_PRODUCTS[4]: source /scratch1/NCEPDEV/global/CI_dh/3112/gfs/ush/jjob_header.sh -e atmos_products -c 'base atmos_products'
++ jjob_header.sh[43]: OPTIND=1
++ jjob_header.sh[44]: getopts c:e: option
++ jjob_header.sh[45]: case "${option}" in
++ jjob_header.sh[47]: env_job=atmos_products
++ jjob_header.sh[44]: getopts c:e: option
++ jjob_header.sh[45]: case "${option}" in
++ jjob_header.sh[46]: read -ra configs
++ jjob_header.sh[44]: getopts c:e: option
++ jjob_header.sh[58]: shift 4
++ jjob_header.sh[60]: [[ -z atmos_products ]]
++ jjob_header.sh[68]: export DATA=/scratch1/NCEPDEV/stmp2/David.Huber/RUNDIRS/C48_S2SW_8029c4cd/gfs.2021032312/atmos_products.3398777
++ jjob_header.sh[68]: DATA=/scratch1/NCEPDEV/stmp2/David.Huber/RUNDIRS/C48_S2SW_8029c4cd/gfs.2021032312/atmos_products.3398777
++ jjob_header.sh[69]: [[ YES == \Y\E\S ]]
++ jjob_header.sh[70]: rm -rf /scratch1/NCEPDEV/stmp2/David.Huber/RUNDIRS/C48_S2SW_8029c4cd/gfs.2021032312/atmos_products.3398777
++ jjob_header.sh[72]: mkdir -p /scratch1/NCEPDEV/stmp2/David.Huber/RUNDIRS/C48_S2SW_8029c4cd/gfs.2021032312/atmos_products.3398777
++ jjob_header.sh[73]: cd /scratch1/NCEPDEV/stmp2/David.Huber/RUNDIRS/C48_S2SW_8029c4cd/gfs.2021032312/atmos_products.3398777
++ jjob_header.sh[79]: export cycle=t12z
++ jjob_header.sh[79]: cycle=t12z
++ jjob_header.sh[80]: setpdy.sh
sed: can't read /scratch1/NCEPDEV/global/CI_dh/3112/RUNTESTS/COMROOT/date/t12z: No such file or directory
 completed cleanly
 completed cleanly
Source PDY script to export PDYm7, ..., PDY, ..., PDYp7 variables.
++ jjob_header.sh[81]: source ./PDY
+++ PDY[1]: export PDYm7=20210316
+++ PDY[1]: PDYm7=20210316
+++ PDY[2]: export PDYm6=20210317
+++ PDY[2]: PDYm6=20210317
+++ PDY[3]: export PDYm5=20210318
+++ PDY[3]: PDYm5=20210318
+++ PDY[4]: export PDYm4=20210319
+++ PDY[4]: PDYm4=20210319
+++ PDY[5]: export PDYm3=20210320
+++ PDY[5]: PDYm3=20210320
+++ PDY[6]: export PDYm2=20210321
+++ PDY[6]: PDYm2=20210321
+++ PDY[7]: export PDYm1=20210322
+++ PDY[7]: PDYm1=20210322
+++ PDY[8]: export PDY=20210323
+++ PDY[8]: PDY=20210323
+++ PDY[9]: export PDYp1=20210324
+++ PDY[9]: PDYp1=20210324
+++ PDY[10]: export PDYp2=20210325
+++ PDY[10]: PDYp2=20210325
+++ PDY[11]: export PDYp3=20210326
+++ PDY[11]: PDYp3=20210326
+++ PDY[12]: export PDYp4=20210327
+++ PDY[12]: PDYp4=20210327
+++ PDY[13]: export PDYp5=20210328
+++ PDY[13]: PDYp5=20210328
+++ PDY[14]: export PDYp6=20210329
+++ PDY[14]: PDYp6=20210329
+++ PDY[15]: export PDYp7=20210330
+++ PDY[15]: PDYp7=20210330
++ jjob_header.sh[87]: export pid=3399253
++ jjob_header.sh[87]: pid=3399253
++ jjob_header.sh[88]: export pgmout=OUTPUT.3399253
++ jjob_header.sh[88]: pgmout=OUTPUT.3399253
++ jjob_header.sh[89]: export pgmerr=errfile
++ jjob_header.sh[89]: pgmerr=errfile
++ jjob_header.sh[95]: export EXPDIR=/scratch1/NCEPDEV/global/CI_dh/3112/RUNTESTS/EXPDIR/C48_S2SW_8029c4cd
++ jjob_header.sh[95]: EXPDIR=/scratch1/NCEPDEV/global/CI_dh/3112/RUNTESTS/EXPDIR/C48_S2SW_8029c4cd
++ jjob_header.sh[96]: for config in "${configs[@]:-''}"
++ jjob_header.sh[97]: source /scratch1/NCEPDEV/global/CI_dh/3112/RUNTESTS/EXPDIR/C48_S2SW_8029c4cd/config.base
+++ config.base[6]: echo 'BEGIN: config.base'
BEGIN: config.base
+++ config.base[9]: export machine=HERA
+++ config.base[9]: machine=HERA
+++ config.base[12]: export RUN_ENVIR=emc
+++ config.base[12]: RUN_ENVIR=emc
+++ config.base[15]: export ACCOUNT=fv3-cpu
+++ config.base[15]: ACCOUNT=fv3-cpu
+++ config.base[16]: export QUEUE=batch
+++ config.base[16]: QUEUE=batch
+++ config.base[17]: export QUEUE_SERVICE=batch
+++ config.base[17]: QUEUE_SERVICE=batch
+++ config.base[18]: export PARTITION_BATCH=hera
+++ config.base[18]: PARTITION_BATCH=hera
+++ config.base[19]: export PARTITION_SERVICE=service
+++ config.base[19]: PARTITION_SERVICE=service
+++ config.base[20]: export RESERVATION=
+++ config.base[20]: RESERVATION=
+++ config.base[21]: export CLUSTERS=
+++ config.base[21]: CLUSTERS=
+++ config.base[24]: export HPSS_PROJECT=emc-global
+++ config.base[24]: HPSS_PROJECT=emc-global
+++ config.base[27]: export HOMEgfs=/scratch1/NCEPDEV/global/CI_dh/3112/gfs
+++ config.base[27]: HOMEgfs=/scratch1/NCEPDEV/global/CI_dh/3112/gfs
+++ config.base[28]: export EXECgfs=/scratch1/NCEPDEV/global/CI_dh/3112/gfs/exec
+++ config.base[28]: EXECgfs=/scratch1/NCEPDEV/global/CI_dh/3112/gfs/exec
+++ config.base[29]: export FIXgfs=/scratch1/NCEPDEV/global/CI_dh/3112/gfs/fix
+++ config.base[29]: FIXgfs=/scratch1/NCEPDEV/global/CI_dh/3112/gfs/fix
+++ config.base[30]: export PARMgfs=/scratch1/NCEPDEV/global/CI_dh/3112/gfs/parm
+++ config.base[30]: PARMgfs=/scratch1/NCEPDEV/global/CI_dh/3112/gfs/parm
+++ config.base[31]: export SCRgfs=/scratch1/NCEPDEV/global/CI_dh/3112/gfs/scripts
+++ config.base[31]: SCRgfs=/scratch1/NCEPDEV/global/CI_dh/3112/gfs/scripts
+++ config.base[32]: export USHgfs=/scratch1/NCEPDEV/global/CI_dh/3112/gfs/ush
+++ config.base[32]: USHgfs=/scratch1/NCEPDEV/global/CI_dh/3112/gfs/ush
+++ config.base[34]: export FIXam=/scratch1/NCEPDEV/global/CI_dh/3112/gfs/fix/am
+++ config.base[34]: FIXam=/scratch1/NCEPDEV/global/CI_dh/3112/gfs/fix/am
+++ config.base[35]: export FIXaer=/scratch1/NCEPDEV/global/CI_dh/3112/gfs/fix/aer
+++ config.base[35]: FIXaer=/scratch1/NCEPDEV/global/CI_dh/3112/gfs/fix/aer
+++ config.base[36]: export FIXcpl=/scratch1/NCEPDEV/global/CI_dh/3112/gfs/fix/cpl
+++ config.base[36]: FIXcpl=/scratch1/NCEPDEV/global/CI_dh/3112/gfs/fix/cpl
+++ config.base[37]: export FIXlut=/scratch1/NCEPDEV/global/CI_dh/3112/gfs/fix/lut
+++ config.base[37]: FIXlut=/scratch1/NCEPDEV/global/CI_dh/3112/gfs/fix/lut
+++ config.base[38]: export FIXcice=/scratch1/NCEPDEV/global/CI_dh/3112/gfs/fix/cice
+++ config.base[38]: FIXcice=/scratch1/NCEPDEV/global/CI_dh/3112/gfs/fix/cice
+++ config.base[39]: export FIXmom=/scratch1/NCEPDEV/global/CI_dh/3112/gfs/fix/mom6
+++ config.base[39]: FIXmom=/scratch1/NCEPDEV/global/CI_dh/3112/gfs/fix/mom6
+++ config.base[40]: export FIXreg2grb2=/scratch1/NCEPDEV/global/CI_dh/3112/gfs/fix/reg2grb2
+++ config.base[40]: FIXreg2grb2=/scratch1/NCEPDEV/global/CI_dh/3112/gfs/fix/reg2grb2
+++ config.base[41]: export FIXgdas=/scratch1/NCEPDEV/global/CI_dh/3112/gfs/fix/gdas
+++ config.base[41]: FIXgdas=/scratch1/NCEPDEV/global/CI_dh/3112/gfs/fix/gdas
+++ config.base[46]: export PACKAGEROOT=/scratch1/NCEPDEV/global/glopara/nwpara
+++ config.base[46]: PACKAGEROOT=/scratch1/NCEPDEV/global/glopara/nwpara
+++ config.base[47]: export COMROOT=/scratch1/NCEPDEV/global/CI_dh/3112/RUNTESTS/COMROOT
+++ config.base[47]: COMROOT=/scratch1/NCEPDEV/global/CI_dh/3112/RUNTESTS/COMROOT
+++ config.base[48]: export COMINsyn=/scratch1/NCEPDEV/global/glopara/com/gfs/prod/syndat
+++ config.base[48]: COMINsyn=/scratch1/NCEPDEV/global/glopara/com/gfs/prod/syndat
+++ config.base[49]: export DMPDIR=/scratch1/NCEPDEV/global/glopara/dump
+++ config.base[49]: DMPDIR=/scratch1/NCEPDEV/global/glopara/dump
+++ config.base[53]: export COMINecmwf=/scratch1/NCEPDEV/global/glopara/data/external_gempak/ecmwf
+++ config.base[53]: COMINecmwf=/scratch1/NCEPDEV/global/glopara/data/external_gempak/ecmwf
+++ config.base[54]: export COMINnam=/scratch1/NCEPDEV/global/glopara/data/external_gempak/nam
+++ config.base[54]: COMINnam=/scratch1/NCEPDEV/global/glopara/data/external_gempak/nam
+++ config.base[55]: export COMINukmet=/scratch1/NCEPDEV/global/glopara/data/external_gempak/ukmet
+++ config.base[55]: COMINukmet=/scratch1/NCEPDEV/global/glopara/data/external_gempak/ukmet
+++ config.base[58]: export HOMEDIR=/scratch1/NCEPDEV/global/David.Huber
+++ config.base[58]: HOMEDIR=/scratch1/NCEPDEV/global/David.Huber
+++ config.base[59]: export STMP=/scratch1/NCEPDEV/stmp2/David.Huber
+++ config.base[59]: STMP=/scratch1/NCEPDEV/stmp2/David.Huber
+++ config.base[60]: export PTMP=/scratch1/NCEPDEV/stmp4/David.Huber
+++ config.base[60]: PTMP=/scratch1/NCEPDEV/stmp4/David.Huber
+++ config.base[61]: export NOSCRUB=/scratch1/NCEPDEV/global/David.Huber
+++ config.base[61]: NOSCRUB=/scratch1/NCEPDEV/global/David.Huber
+++ config.base[64]: export BASE_GIT=/scratch1/NCEPDEV/global/glopara/git
+++ config.base[64]: BASE_GIT=/scratch1/NCEPDEV/global/glopara/git
+++ config.base[67]: export BASE_DATA=/scratch1/NCEPDEV/global/glopara/data
+++ config.base[67]: BASE_DATA=/scratch1/NCEPDEV/global/glopara/data
+++ config.base[70]: export DO_GOES=NO
+++ config.base[70]: DO_GOES=NO
+++ config.base[71]: export DO_BUFRSND=NO
+++ config.base[71]: DO_BUFRSND=NO
+++ config.base[72]: export DO_GEMPAK=NO
+++ config.base[72]: DO_GEMPAK=NO
+++ config.base[73]: export DO_AWIPS=NO
+++ config.base[73]: DO_AWIPS=NO
+++ config.base[74]: export DO_NPOESS=NO
+++ config.base[74]: DO_NPOESS=NO
+++ config.base[75]: export DO_TRACKER=YES
+++ config.base[75]: DO_TRACKER=YES
+++ config.base[76]: export DO_GENESIS=YES
+++ config.base[76]: DO_GENESIS=YES
+++ config.base[77]: export DO_GENESIS_FSU=NO
+++ config.base[77]: DO_GENESIS_FSU=NO
+++ config.base[78]: export DO_VERFOZN=YES
+++ config.base[78]: DO_VERFOZN=YES
+++ config.base[79]: export DO_VERFRAD=YES
+++ config.base[79]: DO_VERFRAD=YES
+++ config.base[80]: export DO_VMINMON=YES
+++ config.base[80]: DO_VMINMON=YES
+++ config.base[81]: export DO_MOS=NO
+++ config.base[81]: DO_MOS=NO
+++ config.base[87]: export REALTIME=YES
+++ config.base[87]: REALTIME=YES
+++ config.base[90]: export MODE=forecast-only
+++ config.base[90]: MODE=forecast-only
+++ config.base[91]: export DO_TEST_MODE=YES
+++ config.base[91]: DO_TEST_MODE=YES
+++ config.base[100]: export FIXgsi=/scratch1/NCEPDEV/global/CI_dh/3112/gfs/fix/gsi
+++ config.base[100]: FIXgsi=/scratch1/NCEPDEV/global/CI_dh/3112/gfs/fix/gsi
+++ config.base[101]: export HOMEpost=/scratch1/NCEPDEV/global/CI_dh/3112/gfs
+++ config.base[101]: HOMEpost=/scratch1/NCEPDEV/global/CI_dh/3112/gfs
+++ config.base[102]: export HOMEobsproc=/scratch1/NCEPDEV/global/glopara/git/obsproc/v1.2.0
+++ config.base[102]: HOMEobsproc=/scratch1/NCEPDEV/global/glopara/git/obsproc/v1.2.0
+++ config.base[105]: export 'NCP=/bin/cp -p'
+++ config.base[105]: NCP='/bin/cp -p'
+++ config.base[106]: export NMV=/bin/mv
+++ config.base[106]: NMV=/bin/mv
+++ config.base[107]: export 'NLN=/bin/ln -sf'
+++ config.base[107]: NLN='/bin/ln -sf'
+++ config.base[108]: export VERBOSE=YES
+++ config.base[108]: VERBOSE=YES
+++ config.base[109]: export KEEPDATA=NO
+++ config.base[109]: KEEPDATA=NO
+++ config.base[110]: export DEBUG_POSTSCRIPT=NO
+++ config.base[110]: DEBUG_POSTSCRIPT=NO
+++ config.base[111]: export CHGRP_RSTPROD=YES
+++ config.base[111]: CHGRP_RSTPROD=YES
+++ config.base[112]: export 'CHGRP_CMD=chgrp rstprod'
+++ config.base[112]: CHGRP_CMD='chgrp rstprod'
+++ config.base[113]: export NCDUMP=/scratch1/NCEPDEV/nems/role.epic/spack-stack/spack-stack-1.6.0/envs/gsi-addon-dev-rocky8/install/intel/2021.5.0/netcdf-c-4.9.2-ejp7j3k/bin/ncdump
+++ config.base[113]: NCDUMP=/scratch1/NCEPDEV/nems/role.epic/spack-stack/spack-stack-1.6.0/envs/gsi-addon-dev-rocky8/install/intel/2021.5.0/netcdf-c-4.9.2-ejp7j3k/bin/ncdump
+++ config.base[114]: export NCLEN=/scratch1/NCEPDEV/global/CI_dh/3112/gfs/ush/getncdimlen
+++ config.base[114]: NCLEN=/scratch1/NCEPDEV/global/CI_dh/3112/gfs/ush/getncdimlen
+++ config.base[117]: export BASE_ENV=/scratch1/NCEPDEV/global/CI_dh/3112/gfs/env
+++ config.base[117]: BASE_ENV=/scratch1/NCEPDEV/global/CI_dh/3112/gfs/env
+++ config.base[118]: export BASE_JOB=/scratch1/NCEPDEV/global/CI_dh/3112/gfs/jobs/rocoto
+++ config.base[118]: BASE_JOB=/scratch1/NCEPDEV/global/CI_dh/3112/gfs/jobs/rocoto
+++ config.base[121]: export SDATE=2021032312
+++ config.base[121]: SDATE=2021032312
+++ config.base[122]: export EDATE=2021032312
+++ config.base[122]: EDATE=2021032312
+++ config.base[123]: export EXP_WARM_START=.false.
+++ config.base[123]: EXP_WARM_START=.false.
+++ config.base[124]: export assim_freq=6
+++ config.base[124]: assim_freq=6
+++ config.base[125]: export PSLOT=C48_S2SW_8029c4cd
+++ config.base[125]: PSLOT=C48_S2SW_8029c4cd
+++ config.base[126]: export EXPDIR=/scratch1/NCEPDEV/global/CI_dh/3112/RUNTESTS/EXPDIR/C48_S2SW_8029c4cd
+++ config.base[126]: EXPDIR=/scratch1/NCEPDEV/global/CI_dh/3112/RUNTESTS/EXPDIR/C48_S2SW_8029c4cd
+++ config.base[127]: export ROTDIR=/scratch1/NCEPDEV/global/CI_dh/3112/RUNTESTS/COMROOT/C48_S2SW_8029c4cd
+++ config.base[127]: ROTDIR=/scratch1/NCEPDEV/global/CI_dh/3112/RUNTESTS/COMROOT/C48_S2SW_8029c4cd
+++ config.base[128]: export ROTDIR_DUMP=YES
+++ config.base[128]: ROTDIR_DUMP=YES
+++ config.base[129]: export DUMP_SUFFIX=
+++ config.base[129]: DUMP_SUFFIX=
+++ config.base[130]: [[ 2021032312 -ge 2019092100 ]]
+++ config.base[130]: [[ 2021032312 -le 2019110700 ]]
+++ config.base[133]: export ARCDIR=/scratch1/NCEPDEV/global/David.Huber/archive/C48_S2SW_8029c4cd
+++ config.base[133]: ARCDIR=/scratch1/NCEPDEV/global/David.Huber/archive/C48_S2SW_8029c4cd
+++ config.base[134]: export ATARDIR=/NCEPDEV/emc-global/1year/David.Huber/HERA/scratch/C48_S2SW_8029c4cd
+++ config.base[134]: ATARDIR=/NCEPDEV/emc-global/1year/David.Huber/HERA/scratch/C48_S2SW_8029c4cd
+++ config.base[137]: export envir=prod
+++ config.base[137]: envir=prod
+++ config.base[138]: export NET=gfs
+++ config.base[138]: NET=gfs
+++ config.base[139]: export RUN=gfs
+++ config.base[139]: RUN=gfs
+++ config.base[142]: source /scratch1/NCEPDEV/global/CI_dh/3112/RUNTESTS/EXPDIR/C48_S2SW_8029c4cd/config.com
++++ config.com[4]: echo 'BEGIN: config.com'
BEGIN: config.com
++++ config.com[37]: [[ emc == \n\c\o ]]
++++ config.com[41]: COM_OBS_TMPL='${ROTDIR}/${RUN}.${YMD}/${HH}/obs'
++++ config.com[42]: COM_RTOFS_TMPL='${DMPDIR}'
++++ config.com[44]: declare -rx COM_OBS_TMPL COM_RTOFS_TMPL
++++ config.com[45]: declare -rx 'COM_OBSDMP_TMPL=${DMPDIR}/${DUMP}${DUMP_SUFFIX}.${YMD}/${HH}/atmos'
++++ config.com[47]: COM_BASE='${ROTDIR}/${RUN}.${YMD}/${HH}/${MEMDIR}'
++++ config.com[49]: declare -rx 'COM_TOP_TMPL=${ROTDIR}/${RUN}.${YMD}/${HH}'
++++ config.com[51]: declare -rx 'COM_CONF_TMPL=${ROTDIR}/${RUN}.${YMD}/${HH}/${MEMDIR}/conf'
++++ config.com[52]: declare -rx 'COM_OBS_JEDI=${ROTDIR}/${RUN}.${YMD}/${HH}/${MEMDIR}/obs_jedi'
++++ config.com[54]: declare -rx 'COM_ATMOS_INPUT_TMPL=${ROTDIR}/${RUN}.${YMD}/${HH}/${MEMDIR}/model/atmos/input'
++++ config.com[55]: declare -rx 'COM_ATMOS_RESTART_TMPL=${ROTDIR}/${RUN}.${YMD}/${HH}/${MEMDIR}/model/atmos/restart'
++++ config.com[56]: declare -rx 'COM_ATMOS_ANALYSIS_TMPL=${ROTDIR}/${RUN}.${YMD}/${HH}/${MEMDIR}/analysis/atmos'
++++ config.com[57]: declare -rx 'COM_SNOW_ANALYSIS_TMPL=${ROTDIR}/${RUN}.${YMD}/${HH}/${MEMDIR}/analysis/snow'
++++ config.com[58]: declare -rx 'COM_ATMOS_HISTORY_TMPL=${ROTDIR}/${RUN}.${YMD}/${HH}/${MEMDIR}/model/atmos/history'
++++ config.com[59]: declare -rx 'COM_ATMOS_MASTER_TMPL=${ROTDIR}/${RUN}.${YMD}/${HH}/${MEMDIR}/model/atmos/master'
++++ config.com[60]: declare -rx 'COM_ATMOS_GRIB_TMPL=${ROTDIR}/${RUN}.${YMD}/${HH}/${MEMDIR}/products/atmos/grib2'
++++ config.com[61]: declare -rx 'COM_ATMOS_GRIB_GRID_TMPL=${ROTDIR}/${RUN}.${YMD}/${HH}/${MEMDIR}/products/atmos/grib2/${GRID}'
++++ config.com[62]: declare -rx 'COM_ATMOS_BUFR_TMPL=${ROTDIR}/${RUN}.${YMD}/${HH}/${MEMDIR}/products/atmos/bufr'
++++ config.com[63]: declare -rx 'COM_ATMOS_GEMPAK_TMPL=${ROTDIR}/${RUN}.${YMD}/${HH}/${MEMDIR}/products/atmos/gempak/${GRID}'
++++ config.com[64]: declare -rx 'COM_ATMOS_GENESIS_TMPL=${ROTDIR}/${RUN}.${YMD}/${HH}/${MEMDIR}/products/atmos/cyclone/genesis_vital'
++++ config.com[65]: declare -rx 'COM_ATMOS_TRACK_TMPL=${ROTDIR}/${RUN}.${YMD}/${HH}/${MEMDIR}/products/atmos/cyclone/tracks'
++++ config.com[66]: declare -rx 'COM_ATMOS_GOES_TMPL=${ROTDIR}/${RUN}.${YMD}/${HH}/${MEMDIR}/products/atmos/goes_sim'
++++ config.com[67]: declare -rx 'COM_ATMOS_IMAGERY_TMPL=${ROTDIR}/${RUN}.${YMD}/${HH}/${MEMDIR}/products/atmos/imagery'
++++ config.com[68]: declare -rx 'COM_ATMOS_OZNMON_TMPL=${ROTDIR}/${RUN}.${YMD}/${HH}/${MEMDIR}/products/atmos/oznmon'
++++ config.com[69]: declare -rx 'COM_ATMOS_RADMON_TMPL=${ROTDIR}/${RUN}.${YMD}/${HH}/${MEMDIR}/products/atmos/radmon'
++++ config.com[70]: declare -rx 'COM_ATMOS_MINMON_TMPL=${ROTDIR}/${RUN}.${YMD}/${HH}/${MEMDIR}/products/atmos/minmon'
++++ config.com[71]: declare -rx 'COM_ATMOS_WMO_TMPL=${ROTDIR}/${RUN}.${YMD}/${HH}/${MEMDIR}/products/atmos/wmo'
++++ config.com[73]: declare -rx 'COM_WAVE_RESTART_TMPL=${ROTDIR}/${RUN}.${YMD}/${HH}/${MEMDIR}/model/wave/restart'
++++ config.com[74]: declare -rx 'COM_WAVE_PREP_TMPL=${ROTDIR}/${RUN}.${YMD}/${HH}/${MEMDIR}/model/wave/prep'
++++ config.com[75]: declare -rx 'COM_WAVE_HISTORY_TMPL=${ROTDIR}/${RUN}.${YMD}/${HH}/${MEMDIR}/model/wave/history'
++++ config.com[76]: declare -rx 'COM_WAVE_GRID_TMPL=${ROTDIR}/${RUN}.${YMD}/${HH}/${MEMDIR}/products/wave/gridded'
++++ config.com[77]: declare -rx 'COM_WAVE_STATION_TMPL=${ROTDIR}/${RUN}.${YMD}/${HH}/${MEMDIR}/products/wave/station'
++++ config.com[78]: declare -rx 'COM_WAVE_GEMPAK_TMPL=${ROTDIR}/${RUN}.${YMD}/${HH}/${MEMDIR}/products/wave/gempak'
++++ config.com[79]: declare -rx 'COM_WAVE_WMO_TMPL=${ROTDIR}/${RUN}.${YMD}/${HH}/${MEMDIR}/products/wave/wmo'
++++ config.com[81]: declare -rx 'COM_OCEAN_HISTORY_TMPL=${ROTDIR}/${RUN}.${YMD}/${HH}/${MEMDIR}/model/ocean/history'
++++ config.com[82]: declare -rx 'COM_OCEAN_RESTART_TMPL=${ROTDIR}/${RUN}.${YMD}/${HH}/${MEMDIR}/model/ocean/restart'
++++ config.com[83]: declare -rx 'COM_OCEAN_INPUT_TMPL=${ROTDIR}/${RUN}.${YMD}/${HH}/${MEMDIR}/model/ocean/input'
++++ config.com[84]: declare -rx 'COM_OCEAN_ANALYSIS_TMPL=${ROTDIR}/${RUN}.${YMD}/${HH}/${MEMDIR}/analysis/ocean'
++++ config.com[85]: declare -rx 'COM_OCEAN_LETKF_TMPL=${ROTDIR}/${RUN}.${YMD}/${HH}/${MEMDIR}/analysis/ocean/letkf'
++++ config.com[86]: declare -rx 'COM_OCEAN_BMATRIX_TMPL=${ROTDIR}/${RUN}.${YMD}/${HH}/${MEMDIR}/bmatrix/ocean'
++++ config.com[87]: declare -rx 'COM_OCEAN_NETCDF_TMPL=${ROTDIR}/${RUN}.${YMD}/${HH}/${MEMDIR}/products/ocean/netcdf'
++++ config.com[88]: declare -rx 'COM_OCEAN_GRIB_TMPL=${ROTDIR}/${RUN}.${YMD}/${HH}/${MEMDIR}/products/ocean/grib2'
++++ config.com[89]: declare -rx 'COM_OCEAN_GRIB_GRID_TMPL=${ROTDIR}/${RUN}.${YMD}/${HH}/${MEMDIR}/products/ocean/grib2/${GRID}'
++++ config.com[91]: declare -rx 'COM_ICE_ANALYSIS_TMPL=${ROTDIR}/${RUN}.${YMD}/${HH}/${MEMDIR}/analysis/ice'
++++ config.com[92]: declare -rx 'COM_ICE_LETKF_TMPL=${ROTDIR}/${RUN}.${YMD}/${HH}/${MEMDIR}/analysis/ice/letkf'
++++ config.com[93]: declare -rx 'COM_ICE_BMATRIX_TMPL=${ROTDIR}/${RUN}.${YMD}/${HH}/${MEMDIR}/bmatrix/ice'
++++ config.com[94]: declare -rx 'COM_ICE_INPUT_TMPL=${ROTDIR}/${RUN}.${YMD}/${HH}/${MEMDIR}/model/ice/input'
++++ config.com[95]: declare -rx 'COM_ICE_HISTORY_TMPL=${ROTDIR}/${RUN}.${YMD}/${HH}/${MEMDIR}/model/ice/history'
++++ config.com[96]: declare -rx 'COM_ICE_RESTART_TMPL=${ROTDIR}/${RUN}.${YMD}/${HH}/${MEMDIR}/model/ice/restart'
++++ config.com[97]: declare -rx 'COM_ICE_NETCDF_TMPL=${ROTDIR}/${RUN}.${YMD}/${HH}/${MEMDIR}/products/ice/netcdf'
++++ config.com[98]: declare -rx 'COM_ICE_GRIB_TMPL=${ROTDIR}/${RUN}.${YMD}/${HH}/${MEMDIR}/products/ice/grib2'
++++ config.com[99]: declare -rx 'COM_ICE_GRIB_GRID_TMPL=${ROTDIR}/${RUN}.${YMD}/${HH}/${MEMDIR}/products/ice/grib2/${GRID}'
++++ config.com[101]: declare -rx 'COM_CHEM_HISTORY_TMPL=${ROTDIR}/${RUN}.${YMD}/${HH}/${MEMDIR}/model/chem/history'
++++ config.com[102]: declare -rx 'COM_CHEM_ANALYSIS_TMPL=${ROTDIR}/${RUN}.${YMD}/${HH}/${MEMDIR}/analysis/chem'
++++ config.com[103]: declare -rx 'COM_CHEM_BMAT_TMPL=${ROTDIR}/${RUN}.${YMD}/${HH}/${MEMDIR}/analysis/chem/bmatrix'
++++ config.com[105]: declare -rx 'COM_MED_RESTART_TMPL=${ROTDIR}/${RUN}.${YMD}/${HH}/${MEMDIR}/model/med/restart'
+++ config.base[145]: export 'ERRSCRIPT=eval [[ $err = 0 ]]'
+++ config.base[145]: ERRSCRIPT='eval [[ $err = 0 ]]'
+++ config.base[146]: export LOGSCRIPT=
+++ config.base[146]: LOGSCRIPT=
+++ config.base[149]: export 'REDOUT=1>'
+++ config.base[149]: REDOUT='1>'
+++ config.base[150]: export 'REDERR=2>'
+++ config.base[150]: REDERR='2>'
+++ config.base[152]: export SENDECF=NO
+++ config.base[152]: SENDECF=NO
+++ config.base[153]: export SENDSDM=NO
+++ config.base[153]: SENDSDM=NO
+++ config.base[154]: export SENDDBN_NTC=NO
+++ config.base[154]: SENDDBN_NTC=NO
+++ config.base[155]: export SENDDBN=NO
+++ config.base[155]: SENDDBN=NO
+++ config.base[156]: export DBNROOT=/scratch1/NCEPDEV/nems/role.epic/spack-stack/spack-stack-1.6.0/envs/gsi-addon-dev-rocky8/install/intel/2021.5.0/prod-util-2.1.1-4vpcrpl/fakedbn
+++ config.base[156]: DBNROOT=/scratch1/NCEPDEV/nems/role.epic/spack-stack/spack-stack-1.6.0/envs/gsi-addon-dev-rocky8/install/intel/2021.5.0/prod-util-2.1.1-4vpcrpl/fakedbn
+++ config.base[159]: export APP=S2SW
+++ config.base[159]: APP=S2SW
+++ config.base[161]: shopt -s extglob
+++ config.base[164]: case "${RUN}" in
+++ config.base[171]: shopt -u extglob
+++ config.base[174]: export DO_ATM=YES
+++ config.base[174]: DO_ATM=YES
+++ config.base[175]: export DO_COUPLED=NO
+++ config.base[175]: DO_COUPLED=NO
+++ config.base[176]: export DO_WAVE=NO
+++ config.base[176]: DO_WAVE=NO
+++ config.base[177]: export DO_OCN=NO
+++ config.base[177]: DO_OCN=NO
+++ config.base[178]: export DO_ICE=NO
+++ config.base[178]: DO_ICE=NO
+++ config.base[179]: DO_AERO=NO
+++ config.base[180]: export DO_PREP_OBS_AERO=NO
+++ config.base[180]: DO_PREP_OBS_AERO=NO
+++ config.base[181]: aero_fcst_runs=gdas
+++ config.base[182]: aero_anl_runs='gdas gfs'
+++ config.base[183]: export DO_AERO_FCST=NO
+++ config.base[183]: DO_AERO_FCST=NO
+++ config.base[184]: export DO_AERO_ANL=NO
+++ config.base[184]: DO_AERO_ANL=NO
+++ config.base[185]: export DOBNDPNT_WAVE=NO
+++ config.base[185]: DOBNDPNT_WAVE=NO
+++ config.base[186]: export DOIBP_WAV=NO
+++ config.base[186]: DOIBP_WAV=NO
+++ config.base[187]: export FRAC_GRID=.true.
+++ config.base[187]: FRAC_GRID=.true.
+++ config.base[188]: export DO_NEST=NO
+++ config.base[188]: DO_NEST=NO
+++ config.base[189]: [[ NO == \Y\E\S ]]
+++ config.base[195]: export ntiles=6
+++ config.base[195]: ntiles=6
+++ config.base[196]: export FIXugwd=/scratch1/NCEPDEV/global/CI_dh/3112/gfs/fix/ugwd
+++ config.base[196]: FIXugwd=/scratch1/NCEPDEV/global/CI_dh/3112/gfs/fix/ugwd
+++ config.base[197]: export FIXorog=/scratch1/NCEPDEV/global/CI_dh/3112/gfs/fix/orog
+++ config.base[197]: FIXorog=/scratch1/NCEPDEV/global/CI_dh/3112/gfs/fix/orog
+++ config.base[201]: export OPS_RES=C768
+++ config.base[201]: OPS_RES=C768
+++ config.base[204]: export LEVS=128
+++ config.base[204]: LEVS=128
+++ config.base[205]: export CASE=C48
+++ config.base[205]: CASE=C48
+++ config.base[206]: export CASE_ENS=@CASEENS@
+++ config.base[206]: CASE_ENS=@CASEENS@
+++ config.base[207]: export OCNRES=500
+++ config.base[207]: OCNRES=500
+++ config.base[208]: export ICERES=500
+++ config.base[208]: ICERES=500
+++ config.base[211]: case "${CASE}" in
+++ config.base[213]: export waveGRD=uglo_100km
+++ config.base[213]: waveGRD=uglo_100km
+++ config.base[230]: case "${APP}" in
+++ config.base[246]: export DO_COUPLED=YES
+++ config.base[246]: DO_COUPLED=YES
+++ config.base[247]: export DO_OCN=YES
+++ config.base[247]: DO_OCN=YES
+++ config.base[248]: export DO_ICE=YES
+++ config.base[248]: DO_ICE=YES
+++ config.base[250]: [[ S2SW =~ A$ ]]
+++ config.base[254]: [[ S2SW =~ ^S2SW ]]
+++ config.base[255]: export DO_WAVE=YES
+++ config.base[255]: DO_WAVE=YES
+++ config.base[265]: [[ NO == \Y\E\S ]]
+++ config.base[275]: [[ gfs =~ gdas ]]
+++ config.base[278]: [[ gfs =~ gfs ]]
+++ config.base[279]: export FHCYC=24
+++ config.base[279]: FHCYC=24
+++ config.base[283]: export FHMIN=0
+++ config.base[283]: FHMIN=0
+++ config.base[284]: export FHMAX=9
+++ config.base[284]: FHMAX=9
+++ config.base[285]: export FHOUT=3
+++ config.base[285]: FHOUT=3
+++ config.base[286]: export FHOUT_OCN=3
+++ config.base[286]: FHOUT_OCN=3
+++ config.base[287]: export FHOUT_ICE=3
+++ config.base[287]: FHOUT_ICE=3
+++ config.base[288]: export FHOUT_AERO=3
+++ config.base[288]: FHOUT_AERO=3
+++ config.base[291]: export EUPD_CYC=gdas
+++ config.base[291]: EUPD_CYC=gdas
+++ config.base[294]: export INTERVAL_GFS=6
+++ config.base[294]: INTERVAL_GFS=6
+++ config.base[295]: export SDATE_GFS=2021032312
+++ config.base[295]: SDATE_GFS=2021032312
+++ config.base[298]: export FHMIN_GFS=0
+++ config.base[298]: FHMIN_GFS=0
+++ config.base[299]: export FHMAX_GFS=120
+++ config.base[299]: FHMAX_GFS=120
+++ config.base[301]: breakpnts=
+++ config.base[302]: export FCST_SEGMENTS=0,120
+++ config.base[302]: FCST_SEGMENTS=0,120
+++ config.base[303]: export FHOUT_GFS=3
+++ config.base[303]: FHOUT_GFS=3
+++ config.base[304]: export FHMAX_HF_GFS=0
+++ config.base[304]: FHMAX_HF_GFS=0
+++ config.base[305]: export FHOUT_HF_GFS=1
+++ config.base[305]: FHOUT_HF_GFS=1
+++ config.base[306]: export FHOUT_OCN_GFS=6
+++ config.base[306]: FHOUT_OCN_GFS=6
+++ config.base[307]: export FHOUT_ICE_GFS=6
+++ config.base[307]: FHOUT_ICE_GFS=6
+++ config.base[308]: export FHMIN_WAV=0
+++ config.base[308]: FHMIN_WAV=0
+++ config.base[309]: export FHOUT_WAV=3
+++ config.base[309]: FHOUT_WAV=3
+++ config.base[310]: export FHMAX_HF_WAV=120
+++ config.base[310]: FHMAX_HF_WAV=120
+++ config.base[311]: export FHOUT_HF_WAV=1
+++ config.base[311]: FHOUT_HF_WAV=1
+++ config.base[312]: export FHMAX_WAV=9
+++ config.base[312]: FHMAX_WAV=9
+++ config.base[313]: export FHMAX_WAV_GFS=120
+++ config.base[313]: FHMAX_WAV_GFS=120
+++ config.base[316]: export ILPOST=1
+++ config.base[316]: ILPOST=1
+++ config.base[317]: ((  FHMAX_HF_GFS < 120  ))
+++ config.base[318]: export ILPOST=3
+++ config.base[318]: ILPOST=3
+++ config.base[322]: export FHMAX_GOES=180
+++ config.base[322]: FHMAX_GOES=180
+++ config.base[323]: export FHOUT_GOES=3
+++ config.base[323]: FHOUT_GOES=3
+++ config.base[324]: ((  FHMAX_GOES > FHMAX_GFS  ))
+++ config.base[325]: export FHMAX_GOES=120
+++ config.base[325]: FHMAX_GOES=120
+++ config.base[329]: export restart_interval_gfs=12
+++ config.base[329]: restart_interval_gfs=12
+++ config.base[334]: export QUILTING=.true.
+++ config.base[334]: QUILTING=.true.
+++ config.base[335]: export OUTPUT_GRID=gaussian_grid
+++ config.base[335]: OUTPUT_GRID=gaussian_grid
+++ config.base[336]: export WRITE_DOPOST=.true.
+++ config.base[336]: WRITE_DOPOST=.true.
+++ config.base[337]: export WRITE_NSFLIP=.true.
+++ config.base[337]: WRITE_NSFLIP=.true.
+++ config.base[340]: export DOIAU=YES
+++ config.base[340]: DOIAU=YES
+++ config.base[341]: export IAUFHRS=3,6,9
+++ config.base[341]: IAUFHRS=3,6,9
+++ config.base[342]: export IAU_FHROT=3
+++ config.base[342]: IAU_FHROT=3
+++ config.base[343]: export IAU_DELTHRS=6
+++ config.base[343]: IAU_DELTHRS=6
+++ config.base[344]: export IAU_OFFSET=6
+++ config.base[344]: IAU_OFFSET=6
+++ config.base[345]: export DOIAU_ENKF=YES
+++ config.base[345]: DOIAU_ENKF=YES
+++ config.base[346]: export IAUFHRS_ENKF=3,6,9
+++ config.base[346]: IAUFHRS_ENKF=3,6,9
+++ config.base[347]: export IAU_DELTHRS_ENKF=6
+++ config.base[347]: IAU_DELTHRS_ENKF=6
+++ config.base[350]: export lobsdiag_forenkf=.true.
+++ config.base[350]: lobsdiag_forenkf=.true.
+++ config.base[358]: export imp_physics=8
+++ config.base[358]: imp_physics=8
+++ config.base[362]: export DO_JEDIATMVAR=NO
+++ config.base[362]: DO_JEDIATMVAR=NO
+++ config.base[363]: export DO_JEDIATMENS=NO
+++ config.base[363]: DO_JEDIATMENS=NO
+++ config.base[364]: export DO_JEDIOCNVAR=NO
+++ config.base[364]: DO_JEDIOCNVAR=NO
+++ config.base[365]: export DO_JEDISNOWDA=NO
+++ config.base[365]: DO_JEDISNOWDA=NO
+++ config.base[366]: export DO_MERGENSST=NO
+++ config.base[366]: DO_MERGENSST=NO
+++ config.base[369]: export DOHYBVAR=@DOHYBVAR@
+++ config.base[369]: DOHYBVAR=@DOHYBVAR@
+++ config.base[370]: export NMEM_ENS=0
+++ config.base[370]: NMEM_ENS=0
+++ config.base[371]: export SMOOTH_ENKF=NO
+++ config.base[371]: SMOOTH_ENKF=NO
+++ config.base[372]: export l4densvar=.true.
+++ config.base[372]: l4densvar=.true.
+++ config.base[373]: export lwrite4danl=.true.
+++ config.base[373]: lwrite4danl=.true.
+++ config.base[374]: export DO_CALC_INCREMENT=NO
+++ config.base[374]: DO_CALC_INCREMENT=NO
+++ config.base[377]: export NMEM_ENS_GFS=30
+++ config.base[377]: NMEM_ENS_GFS=30
+++ config.base[378]: export NMEM_ENS_GFS_OFFSET=20
+++ config.base[378]: NMEM_ENS_GFS_OFFSET=20
+++ config.base[379]: export DO_CALC_INCREMENT_ENKF_GFS=NO
+++ config.base[379]: DO_CALC_INCREMENT_ENKF_GFS=NO
+++ config.base[382]: [[ @DOHYBVAR@ = \Y\E\S ]]
+++ config.base[396]: [[ @DOHYBVAR@ == \N\O ]]
+++ config.base[404]: export ENKF_SPREAD=YES
+++ config.base[404]: ENKF_SPREAD=YES
+++ config.base[407]: [[ forecast-only = \c\y\c\l\e\d ]]
+++ config.base[407]: [[ YES = \N\O ]]
+++ config.base[407]: [[ forecast-only = \f\o\r\e\c\a\s\t\-\o\n\l\y ]]
+++ config.base[407]: [[ .false. = \.\f\a\l\s\e\. ]]
+++ config.base[408]: export IAU_OFFSET=0
+++ config.base[408]: IAU_OFFSET=0
+++ config.base[409]: export IAU_FHROT=0
+++ config.base[409]: IAU_FHROT=0
+++ config.base[410]: export IAUFHRS=6,
+++ config.base[410]: IAUFHRS=6,
+++ config.base[413]: [[ YES = \N\O ]]
+++ config.base[417]: [[ YES == \Y\E\S ]]
+++ config.base[418]: export restart_interval_enkfgdas=3
+++ config.base[418]: restart_interval_enkfgdas=3
+++ config.base[423]: export restart_interval_enkfgfs=3
+++ config.base[423]: restart_interval_enkfgfs=3
+++ config.base[425]: [[ YES == \Y\E\S ]]
+++ config.base[426]: export restart_interval_gdas=3
+++ config.base[426]: restart_interval_gdas=3
+++ config.base[431]: export GSI_SOILANAL=NO
+++ config.base[431]: GSI_SOILANAL=NO
+++ config.base[434]: export DONST=YES
+++ config.base[434]: DONST=YES
+++ config.base[435]: [[ YES = \Y\E\S ]]
+++ config.base[435]: export 'FNTSFA=        '
+++ config.base[435]: FNTSFA='        '
+++ config.base[438]: export nst_anl=.true.
+++ config.base[438]: nst_anl=.true.
+++ config.base[441]: export MAKE_NSSTBUFR=NO
+++ config.base[441]: MAKE_NSSTBUFR=NO
+++ config.base[444]: export MAKE_ACFTBUFR=NO
+++ config.base[444]: MAKE_ACFTBUFR=NO
+++ config.base[447]: export 'INCREMENTS_TO_ZERO='\''liq_wat_inc'\'','\''icmr_inc'\'','\''rwmr_inc'\'','\''snmr_inc'\'','\''grle_inc'\'''
+++ config.base[447]: INCREMENTS_TO_ZERO=''\''liq_wat_inc'\'','\''icmr_inc'\'','\''rwmr_inc'\'','\''snmr_inc'\'','\''grle_inc'\'''
+++ config.base[450]: export 'INCVARS_ZERO_STRAT='\''sphum_inc'\'','\''liq_wat_inc'\'','\''icmr_inc'\'','\''rwmr_inc'\'','\''snmr_inc'\'','\''grle_inc'\'''
+++ config.base[450]: INCVARS_ZERO_STRAT=''\''sphum_inc'\'','\''liq_wat_inc'\'','\''icmr_inc'\'','\''rwmr_inc'\'','\''snmr_inc'\'','\''grle_inc'\'''
+++ config.base[451]: export INCVARS_EFOLD=5
+++ config.base[451]: INCVARS_EFOLD=5
+++ config.base[456]: export netcdf_diag=.true.
+++ config.base[456]: netcdf_diag=.true.
+++ config.base[457]: export binary_diag=.false.
+++ config.base[457]: binary_diag=.false.
+++ config.base[460]: export DO_METP=YES
+++ config.base[460]: DO_METP=YES
+++ config.base[461]: export DO_FIT2OBS=YES
+++ config.base[461]: DO_FIT2OBS=YES
+++ config.base[462]: export DO_VRFY_OCEANDA=NO
+++ config.base[462]: DO_VRFY_OCEANDA=NO
+++ config.base[465]: export FHMAX_FITS=132
+++ config.base[465]: FHMAX_FITS=132
+++ config.base[466]: [[ 132 -gt 120 ]]
+++ config.base[466]: export FHMAX_FITS=120
+++ config.base[466]: FHMAX_FITS=120
+++ config.base[469]: export HPSSARCH=YES
+++ config.base[469]: HPSSARCH=YES
+++ config.base[470]: export LOCALARCH=NO
+++ config.base[470]: LOCALARCH=NO
+++ config.base[471]: [[ YES = \Y\E\S ]]
+++ config.base[471]: [[ NO = \Y\E\S ]]
+++ config.base[475]: export ARCH_CYC=00
+++ config.base[475]: ARCH_CYC=00
+++ config.base[476]: export ARCH_WARMICFREQ=4
+++ config.base[476]: ARCH_WARMICFREQ=4
+++ config.base[477]: export ARCH_FCSTICFREQ=1
+++ config.base[477]: ARCH_FCSTICFREQ=1
+++ config.base[480]: [[ NO = \Y\E\S ]]
+++ config.base[488]: export REPLAY_ICS=NO
+++ config.base[488]: REPLAY_ICS=NO
+++ config.base[489]: export OFFSET_START_HOUR=0
+++ config.base[489]: OFFSET_START_HOUR=0
+++ config.base[492]: export NUM_SND_COLLECTIVES=9
+++ config.base[492]: NUM_SND_COLLECTIVES=9
+++ config.base[494]: echo 'END: config.base'
END: config.base
++ jjob_header.sh[98]: status=0
++ jjob_header.sh[99]: ((  status != 0  ))
++ jjob_header.sh[96]: for config in "${configs[@]:-''}"
++ jjob_header.sh[97]: source /scratch1/NCEPDEV/global/CI_dh/3112/RUNTESTS/EXPDIR/C48_S2SW_8029c4cd/config.atmos_products
+++ config.atmos_products[6]: echo 'BEGIN: config.atmos_products'
BEGIN: config.atmos_products
+++ config.atmos_products[9]: . /scratch1/NCEPDEV/global/CI_dh/3112/RUNTESTS/EXPDIR/C48_S2SW_8029c4cd/config.resources atmos_products
++++ config.resources[10]: ((  1 != 1  ))
++++ config.resources[34]: step=atmos_products
++++ config.resources[36]: echo 'BEGIN: config.resources'
BEGIN: config.resources
++++ config.resources[38]: case ${machine} in
++++ config.resources[46]: max_tasks_per_node=40
++++ config.resources[48]: mem_node_max=96GB
++++ config.resources[144]: export max_tasks_per_node
++++ config.resources[146]: case ${step} in
++++ config.resources[916]: walltime=00:15:00
++++ config.resources[917]: ntasks=24
++++ config.resources[918]: threads_per_task=1
++++ config.resources[919]: tasks_per_node=24
++++ config.resources[920]: export is_exclusive=True
++++ config.resources[920]: is_exclusive=True
++++ config.resources[1417]: [[ -f /scratch1/NCEPDEV/global/CI_dh/3112/RUNTESTS/EXPDIR/C48_S2SW_8029c4cd/config.resources.HERA ]]
++++ config.resources[1418]: source /scratch1/NCEPDEV/global/CI_dh/3112/RUNTESTS/EXPDIR/C48_S2SW_8029c4cd/config.resources.HERA
+++++ config.resources.HERA[5]: case ${step} in
++++ config.resources[1422]: for resource_var in threads_per_task ntasks tasks_per_node NTASKS memory walltime
++++ config.resources[1423]: run_resource_var=threads_per_task_gfs
++++ config.resources[1424]: [[ -n '' ]]
++++ config.resources[1426]: [[ -n 0 ]]
++++ config.resources[1427]: export threads_per_task
++++ config.resources[1422]: for resource_var in threads_per_task ntasks tasks_per_node NTASKS memory walltime
++++ config.resources[1423]: run_resource_var=ntasks_gfs
++++ config.resources[1424]: [[ -n '' ]]
++++ config.resources[1426]: [[ -n 0 ]]
++++ config.resources[1427]: export ntasks
++++ config.resources[1422]: for resource_var in threads_per_task ntasks tasks_per_node NTASKS memory walltime
++++ config.resources[1423]: run_resource_var=tasks_per_node_gfs
++++ config.resources[1424]: [[ -n '' ]]
++++ config.resources[1426]: [[ -n 0 ]]
++++ config.resources[1427]: export tasks_per_node
++++ config.resources[1422]: for resource_var in threads_per_task ntasks tasks_per_node NTASKS memory walltime
++++ config.resources[1423]: run_resource_var=NTASKS_gfs
++++ config.resources[1424]: [[ -n '' ]]
++++ config.resources[1426]: [[ -n '' ]]
++++ config.resources[1422]: for resource_var in threads_per_task ntasks tasks_per_node NTASKS memory walltime
++++ config.resources[1423]: run_resource_var=memory_gfs
++++ config.resources[1424]: [[ -n '' ]]
++++ config.resources[1426]: [[ -n '' ]]
++++ config.resources[1422]: for resource_var in threads_per_task ntasks tasks_per_node NTASKS memory walltime
++++ config.resources[1423]: run_resource_var=walltime_gfs
++++ config.resources[1424]: [[ -n '' ]]
++++ config.resources[1426]: [[ -n 0 ]]
++++ config.resources[1427]: export walltime
++++ config.resources[1431]: echo 'END: config.resources'
END: config.resources
+++ config.atmos_products[12]: export NFHRS_PER_GROUP=3
+++ config.atmos_products[12]: NFHRS_PER_GROUP=3
+++ config.atmos_products[15]: export INTERP_ATMOS_MASTERSH=/scratch1/NCEPDEV/global/CI_dh/3112/gfs/ush/interp_atmos_master.sh
+++ config.atmos_products[15]: INTERP_ATMOS_MASTERSH=/scratch1/NCEPDEV/global/CI_dh/3112/gfs/ush/interp_atmos_master.sh
+++ config.atmos_products[16]: export INTERP_ATMOS_SFLUXSH=/scratch1/NCEPDEV/global/CI_dh/3112/gfs/ush/interp_atmos_sflux.sh
+++ config.atmos_products[16]: INTERP_ATMOS_SFLUXSH=/scratch1/NCEPDEV/global/CI_dh/3112/gfs/ush/interp_atmos_sflux.sh
+++ config.atmos_products[18]: [[ gfs == \g\d\a\s ]]
+++ config.atmos_products[24]: [[ gfs == \g\f\s ]]
+++ config.atmos_products[25]: export downset=2
+++ config.atmos_products[25]: downset=2
+++ config.atmos_products[26]: export FHOUT_PGBS=3
+++ config.atmos_products[26]: FHOUT_PGBS=3
+++ config.atmos_products[27]: export FLXGF=YES
+++ config.atmos_products[27]: FLXGF=YES
+++ config.atmos_products[28]: export WGNE=YES
+++ config.atmos_products[28]: WGNE=YES
+++ config.atmos_products[29]: export FHMAX_WGNE=180
+++ config.atmos_products[29]: FHMAX_WGNE=180
+++ config.atmos_products[32]: export APCP_MSG=597
+++ config.atmos_products[32]: APCP_MSG=597
+++ config.atmos_products[35]: export paramlista=/scratch1/NCEPDEV/global/CI_dh/3112/gfs/parm/product/gfs.fFFF.paramlist.a.txt
+++ config.atmos_products[35]: paramlista=/scratch1/NCEPDEV/global/CI_dh/3112/gfs/parm/product/gfs.fFFF.paramlist.a.txt
+++ config.atmos_products[36]: export paramlista_anl=/scratch1/NCEPDEV/global/CI_dh/3112/gfs/parm/product/gfs.anl.paramlist.a.txt
+++ config.atmos_products[36]: paramlista_anl=/scratch1/NCEPDEV/global/CI_dh/3112/gfs/parm/product/gfs.anl.paramlist.a.txt
+++ config.atmos_products[37]: export paramlista_f000=/scratch1/NCEPDEV/global/CI_dh/3112/gfs/parm/product/gfs.f000.paramlist.a.txt
+++ config.atmos_products[37]: paramlista_f000=/scratch1/NCEPDEV/global/CI_dh/3112/gfs/parm/product/gfs.f000.paramlist.a.txt
+++ config.atmos_products[38]: export paramlistb=/scratch1/NCEPDEV/global/CI_dh/3112/gfs/parm/product/gfs.fFFF.paramlist.b.txt
+++ config.atmos_products[38]: paramlistb=/scratch1/NCEPDEV/global/CI_dh/3112/gfs/parm/product/gfs.fFFF.paramlist.b.txt
+++ config.atmos_products[40]: echo 'END: config.atmos_products'
END: config.atmos_products
++ jjob_header.sh[98]: status=0
++ jjob_header.sh[99]: ((  status != 0  ))
++ jjob_header.sh[109]: source /scratch1/NCEPDEV/global/CI_dh/3112/gfs/env/HERA.env atmos_products
+++ HERA.env[3]: [[ 1 -ne 1 ]]
+++ HERA.env[10]: step=atmos_products
+++ HERA.env[12]: export 'launcher=srun -l --export=ALL --hint=nomultithread'
+++ HERA.env[12]: launcher='srun -l --export=ALL --hint=nomultithread'
+++ HERA.env[13]: export 'mpmd_opt=--multi-prog --output=mpmd.%j.%t.out'
+++ HERA.env[13]: mpmd_opt='--multi-prog --output=mpmd.%j.%t.out'
+++ HERA.env[24]: export OMP_STACKSIZE=2048000
+++ HERA.env[24]: OMP_STACKSIZE=2048000
+++ HERA.env[25]: export NTHSTACK=1024000000
+++ HERA.env[25]: NTHSTACK=1024000000
+++ HERA.env[29]: [[ -n 3083229 ]]
+++ HERA.env[30]: ulimit -s unlimited
+++ HERA.env[31]: ulimit -a
core file size          (blocks, -c) unlimited
data seg size           (kbytes, -d) unlimited
scheduling priority             (-e) 0
file size               (blocks, -f) unlimited
pending signals                 (-i) 379939
max locked memory       (kbytes, -l) unlimited
max memory size         (kbytes, -m) 94208000
open files                      (-n) 131072
pipe size            (512 bytes, -p) 8
POSIX message queues     (bytes, -q) 819200
real-time priority              (-r) 0
stack size              (kbytes, -s) unlimited
cpu time               (seconds, -t) unlimited
max user processes              (-u) 379939
virtual memory          (kbytes, -v) unlimited
file locks                      (-x) unlimited
+++ HERA.env[36]: [[ -n 24 ]]
+++ HERA.env[36]: [[ -n 40 ]]
+++ HERA.env[36]: [[ -n 24 ]]
+++ HERA.env[37]: max_threads_per_task=1
+++ HERA.env[38]: NTHREADSmax=1
+++ HERA.env[39]: NTHREADS1=1
+++ HERA.env[40]: [[ 1 -gt 1 ]]
+++ HERA.env[41]: [[ 1 -gt 1 ]]
+++ HERA.env[42]: APRUN_default='srun -l --export=ALL --hint=nomultithread -n 24'
+++ HERA.env[48]: [[ atmos_products = \p\r\e\p ]]
+++ HERA.env[48]: [[ atmos_products = \p\r\e\p\b\u\f\r ]]
+++ HERA.env[55]: [[ atmos_products = \p\r\e\p\_\e\m\i\s\s\i\o\n\s ]]
+++ HERA.env[59]: [[ atmos_products = \w\a\v\e\i\n\i\t ]]
+++ HERA.env[59]: [[ atmos_products = \w\a\v\e\p\r\e\p ]]
+++ HERA.env[59]: [[ atmos_products = \w\a\v\e\p\o\s\t\s\b\s ]]
+++ HERA.env[59]: [[ atmos_products = \w\a\v\e\p\o\s\t\b\n\d\p\n\t ]]
+++ HERA.env[59]: [[ atmos_products = \w\a\v\e\p\o\s\t\b\n\d\p\n\t\b\l\l ]]
+++ HERA.env[59]: [[ atmos_products = \w\a\v\e\p\o\s\t\p\n\t ]]
+++ HERA.env[66]: [[ atmos_products = \a\t\m\a\n\l\v\a\r ]]
+++ HERA.env[71]: [[ atmos_products = \a\t\m\e\n\s\a\n\l\o\b\s ]]
+++ HERA.env[76]: [[ atmos_products = \a\t\m\e\n\s\a\n\l\s\o\l ]]
+++ HERA.env[81]: [[ atmos_products = \a\t\m\e\n\s\a\n\l\l\e\t\k\f ]]
+++ HERA.env[86]: [[ atmos_products = \a\t\m\e\n\s\a\n\l\f\v\3\i\n\c ]]
+++ HERA.env[91]: [[ atmos_products = \a\e\r\o\a\n\l\v\a\r ]]
+++ HERA.env[98]: [[ atmos_products = \a\e\r\o\a\n\l\g\e\n\b ]]
+++ HERA.env[103]: [[ atmos_products = \a\t\m\a\n\l\f\v\3\i\n\c ]]
+++ HERA.env[108]: [[ atmos_products = \p\r\e\p\o\b\s\a\e\r\o ]]
+++ HERA.env[113]: [[ atmos_products = \s\n\o\w\a\n\l ]]
+++ HERA.env[122]: [[ atmos_products = \e\s\n\o\w\r\e\c\e\n ]]
+++ HERA.env[129]: [[ atmos_products = \m\a\r\i\n\e\b\m\a\t ]]
+++ HERA.env[134]: [[ atmos_products = \m\a\r\i\n\e\b\m\a\t ]]
+++ HERA.env[139]: [[ atmos_products = \m\a\r\i\n\e\a\n\l\v\a\r ]]
+++ HERA.env[144]: [[ atmos_products = \m\a\r\i\n\e\a\n\l\c\h\k\p\t ]]
+++ HERA.env[149]: [[ atmos_products = \o\c\n\a\n\a\l\e\c\e\n ]]
+++ HERA.env[154]: [[ atmos_products = \m\a\r\i\n\e\a\n\l\l\e\t\k\f ]]
+++ HERA.env[159]: [[ atmos_products = \a\n\a\l ]]
+++ HERA.env[159]: [[ atmos_products = \a\n\a\l\c\a\l\c ]]
+++ HERA.env[184]: [[ atmos_products = \s\f\c\a\n\l ]]
+++ HERA.env[189]: [[ atmos_products = \e\o\b\s ]]
+++ HERA.env[201]: [[ atmos_products = \e\u\p\d ]]
+++ HERA.env[210]: [[ atmos_products = \f\c\s\t ]]
+++ HERA.env[210]: [[ atmos_products = \e\f\c\s ]]
+++ HERA.env[218]: [[ atmos_products = \u\p\p ]]
+++ HERA.env[223]: [[ atmos_products = \a\t\m\o\s\_\p\r\o\d\u\c\t\s ]]
+++ HERA.env[225]: export USE_CFP=YES
+++ HERA.env[225]: USE_CFP=YES
++ jjob_header.sh[110]: status=0
++ jjob_header.sh[111]: ((  status != 0  ))
+ JGLOBAL_ATMOS_PRODUCTS[12]: YMD=20210323
+ JGLOBAL_ATMOS_PRODUCTS[12]: HH=12
+ JGLOBAL_ATMOS_PRODUCTS[12]: declare_from_tmpl -rx COM_ATMOS_ANALYSIS COM_ATMOS_HISTORY COM_ATMOS_MASTER
+ bash_utils.sh[35]: [[ NO == \N\O ]]
+ bash_utils.sh[35]: set +x
declare_from_tmpl :: COM_ATMOS_ANALYSIS=/scratch1/NCEPDEV/global/CI_dh/3112/RUNTESTS/COMROOT/C48_S2SW_8029c4cd/gfs.20210323/12//analysis/atmos
declare_from_tmpl :: COM_ATMOS_HISTORY=/scratch1/NCEPDEV/global/CI_dh/3112/RUNTESTS/COMROOT/C48_S2SW_8029c4cd/gfs.20210323/12//model/atmos/history
declare_from_tmpl :: COM_ATMOS_MASTER=/scratch1/NCEPDEV/global/CI_dh/3112/RUNTESTS/COMROOT/C48_S2SW_8029c4cd/gfs.20210323/12//model/atmos/master
+ JGLOBAL_ATMOS_PRODUCTS[14]: for grid in '0p25' '0p50' '1p00'
+ JGLOBAL_ATMOS_PRODUCTS[15]: prod_dir=COM_ATMOS_GRIB_0p25
+ JGLOBAL_ATMOS_PRODUCTS[16]: GRID=0p25
+ JGLOBAL_ATMOS_PRODUCTS[16]: YMD=20210323
+ JGLOBAL_ATMOS_PRODUCTS[16]: HH=12
+ JGLOBAL_ATMOS_PRODUCTS[16]: declare_from_tmpl -rx COM_ATMOS_GRIB_0p25:COM_ATMOS_GRIB_GRID_TMPL
+ bash_utils.sh[35]: [[ NO == \N\O ]]
+ bash_utils.sh[35]: set +x
declare_from_tmpl :: COM_ATMOS_GRIB_0p25=/scratch1/NCEPDEV/global/CI_dh/3112/RUNTESTS/COMROOT/C48_S2SW_8029c4cd/gfs.20210323/12//products/atmos/grib2/0p25
+ JGLOBAL_ATMOS_PRODUCTS[17]: [[ ! -d /scratch1/NCEPDEV/global/CI_dh/3112/RUNTESTS/COMROOT/C48_S2SW_8029c4cd/gfs.20210323/12//products/atmos/grib2/0p25 ]]
+ JGLOBAL_ATMOS_PRODUCTS[14]: for grid in '0p25' '0p50' '1p00'
+ JGLOBAL_ATMOS_PRODUCTS[15]: prod_dir=COM_ATMOS_GRIB_0p50
+ JGLOBAL_ATMOS_PRODUCTS[16]: GRID=0p50
+ JGLOBAL_ATMOS_PRODUCTS[16]: YMD=20210323
+ JGLOBAL_ATMOS_PRODUCTS[16]: HH=12
+ JGLOBAL_ATMOS_PRODUCTS[16]: declare_from_tmpl -rx COM_ATMOS_GRIB_0p50:COM_ATMOS_GRIB_GRID_TMPL
+ bash_utils.sh[35]: [[ NO == \N\O ]]
+ bash_utils.sh[35]: set +x
declare_from_tmpl :: COM_ATMOS_GRIB_0p50=/scratch1/NCEPDEV/global/CI_dh/3112/RUNTESTS/COMROOT/C48_S2SW_8029c4cd/gfs.20210323/12//products/atmos/grib2/0p50
+ JGLOBAL_ATMOS_PRODUCTS[17]: [[ ! -d /scratch1/NCEPDEV/global/CI_dh/3112/RUNTESTS/COMROOT/C48_S2SW_8029c4cd/gfs.20210323/12//products/atmos/grib2/0p50 ]]
+ JGLOBAL_ATMOS_PRODUCTS[14]: for grid in '0p25' '0p50' '1p00'
+ JGLOBAL_ATMOS_PRODUCTS[15]: prod_dir=COM_ATMOS_GRIB_1p00
+ JGLOBAL_ATMOS_PRODUCTS[16]: GRID=1p00
+ JGLOBAL_ATMOS_PRODUCTS[16]: YMD=20210323
+ JGLOBAL_ATMOS_PRODUCTS[16]: HH=12
+ JGLOBAL_ATMOS_PRODUCTS[16]: declare_from_tmpl -rx COM_ATMOS_GRIB_1p00:COM_ATMOS_GRIB_GRID_TMPL
+ bash_utils.sh[35]: [[ NO == \N\O ]]
+ bash_utils.sh[35]: set +x
declare_from_tmpl :: COM_ATMOS_GRIB_1p00=/scratch1/NCEPDEV/global/CI_dh/3112/RUNTESTS/COMROOT/C48_S2SW_8029c4cd/gfs.20210323/12//products/atmos/grib2/1p00
+ JGLOBAL_ATMOS_PRODUCTS[17]: [[ ! -d /scratch1/NCEPDEV/global/CI_dh/3112/RUNTESTS/COMROOT/C48_S2SW_8029c4cd/gfs.20210323/12//products/atmos/grib2/1p00 ]]
+ JGLOBAL_ATMOS_PRODUCTS[21]: export PREFIX=gfs.t12z.
+ JGLOBAL_ATMOS_PRODUCTS[21]: PREFIX=gfs.t12z.
+ JGLOBAL_ATMOS_PRODUCTS[25]: /scratch1/NCEPDEV/global/CI_dh/3112/gfs/scripts/exglobal_atmos_products.sh
Begin exglobal_atmos_products.sh at Tue Nov 26 20:08:20 UTC 2024
+ exglobal_atmos_products.sh[6]: export WGRIB2=wgrib2
+ exglobal_atmos_products.sh[6]: WGRIB2=wgrib2
+ exglobal_atmos_products.sh[9]: INTERP_ATMOS_MASTERSH=/scratch1/NCEPDEV/global/CI_dh/3112/gfs/ush/interp_atmos_master.sh
+ exglobal_atmos_products.sh[10]: INTERP_ATMOS_SFLUXSH=/scratch1/NCEPDEV/global/CI_dh/3112/gfs/ush/interp_atmos_sflux.sh
+ exglobal_atmos_products.sh[13]: downset=2
+ exglobal_atmos_products.sh[14]: ntasks_atmos_products=8
+ exglobal_atmos_products.sh[17]: WGNE=YES
+ exglobal_atmos_products.sh[18]: FHMAX_WGNE=180
+ exglobal_atmos_products.sh[20]: cd /scratch1/NCEPDEV/stmp2/David.Huber/RUNDIRS/C48_S2SW_8029c4cd/gfs.2021032312/atmos_products.3398777
+ exglobal_atmos_products.sh[24]: ((  FORECAST_HOUR <= 0  ))
++ exglobal_atmos_products.sh[35]: printf f%03d 39
+ exglobal_atmos_products.sh[35]: fhr3=f039
+ exglobal_atmos_products.sh[36]: ((  FORECAST_HOUR%FHOUT_PGBS == 0  ))
+ exglobal_atmos_products.sh[37]: PGBS=YES
+ exglobal_atmos_products.sh[45]: MASTER_FILE=/scratch1/NCEPDEV/global/CI_dh/3112/RUNTESTS/COMROOT/C48_S2SW_8029c4cd/gfs.20210323/12//model/atmos/master/gfs.t12z.master.grb2f039
+ exglobal_atmos_products.sh[50]: wgrib2 /scratch1/NCEPDEV/global/CI_dh/3112/RUNTESTS/COMROOT/C48_S2SW_8029c4cd/gfs.20210323/12//model/atmos/master/gfs.t12z.master.grb2f039
+ exglobal_atmos_products.sh[50]: wgrib2 -i -grib tmpfile_f039 /scratch1/NCEPDEV/global/CI_dh/3112/RUNTESTS/COMROOT/C48_S2SW_8029c4cd/gfs.20210323/12//model/atmos/master/gfs.t12z.master.grb2f039
+ exglobal_atmos_products.sh[50]: grep -F -f /scratch1/NCEPDEV/global/CI_dh/3112/gfs/parm/product/gfs.fFFF.paramlist.a.txt

*** FATAL ERROR: missing input file /scratch1/NCEPDEV/global/CI_dh/3112/RUNTESTS/COMROOT/C48_S2SW_8029c4cd/gfs.20210323/12//model/atmos/master/gfs.t12z.master.grb2f039 ***


*** FATAL ERROR: missing input file /scratch1/NCEPDEV/global/CI_dh/3112/RUNTESTS/COMROOT/C48_S2SW_8029c4cd/gfs.20210323/12//model/atmos/master/gfs.t12z.master.grb2f039 ***

+ exglobal_atmos_products.sh[1]: postamble exglobal_atmos_products.sh 1732651700 8
+ preamble.sh[70]: set +x
End exglobal_atmos_products.sh at 20:08:21 with error code 8 (time elapsed: 00:00:01)
+ JGLOBAL_ATMOS_PRODUCTS[1]: postamble JGLOBAL_ATMOS_PRODUCTS 1732651685 8
+ preamble.sh[70]: set +x
End JGLOBAL_ATMOS_PRODUCTS at 20:08:21 with error code 8 (time elapsed: 00:00:16)
+ atmos_products.sh[1]: postamble atmos_products.sh 1732651681 8
+ preamble.sh[70]: set +x
End atmos_products.sh at 20:08:21 with error code 8 (time elapsed: 00:00:20)
_______________________________________________________________
Start Epilog on node h18c36 for job 3083229 :: Tue Nov 26 20:08:21 UTC 2024
Job 3083229 finished for user David.Huber in partition hera with exit code 8:0
_______________________________________________________________
End Epilogue Tue Nov 26 20:08:21 UTC 2024
