+ source /work2/noaa/global/role-global/GFS_CI_CD/HERCULES/CI/3745/global-workflow/ush/load_ufswm_modules.sh
++ [[ NO == \N\O ]]
++ echo 'Loading modules quietly...'
Loading modules quietly...
++ set +x
Running "module reset". Resetting modules to system default. The following $MODULEPATH directories have been removed: None

Currently Loaded Modules:
  1) contrib/0.1                      25) git-lfs/3.1.2
  2) intel-oneapi-compilers/2023.1.0  26) crtm/2.4.0.1
  3) stack-intel/2021.9.0             27) g2/3.5.1
  4) intel-oneapi-mpi/2021.9.0        28) g2tmpl/1.13.0
  5) stack-intel-oneapi-mpi/2021.9.0  29) ip/4.3.0
  6) nghttp2/1.57.0                   30) sp/2.5.0
  7) curl/8.4.0                       31) w3emc/2.10.0
  8) cmake/3.23.1                     32) gftl/1.10.0
  9) libjpeg/2.1.0                    33) gftl-shared/1.6.1
 10) jasper/2.0.32                    34) fargparse/1.5.0
 11) zlib/1.2.13                      35) pigz/2.7
 12) libpng/1.6.37                    36) tar/1.34
 13) hdf5/1.14.0                      37) gettext/0.21.1
 14) snappy/1.1.10                    38) libxcrypt/4.4.35
 15) zstd/1.5.2                       39) sqlite/3.43.2
 16) c-blosc/1.21.5                   40) util-linux-uuid/2.38.1
 17) netcdf-c/4.9.2                   41) python/3.10.13
 18) netcdf-fortran/4.6.1             42) mapl/2.40.3-esmf-8.6.0
 19) parallel-netcdf/1.12.2           43) scotch/7.0.4
 20) parallelio/2.5.10                44) ufs_common
 21) esmf/8.6.0                       45) nccmp/1.9.0.1
 22) fms/2024.01.02                   46) ufs_hercules.intel
 23) bacio/2.4.1                      47) prod_util/2.1.1
 24) crtm-fix/2.4.0.1_emc             48) wgrib2/3.1.1

 

Begin /work2/noaa/global/role-global/GFS_CI_CD/HERCULES/CI/3745/global-workflow/jobs/JGLOBAL_WAVE_POST_SBS at Wed Jun  4 15:13:07 UTC 2025
++ jjob_header.sh[46]OPTIND=1
++ jjob_header.sh[47]getopts c:e: option
++ jjob_header.sh[48]case "${option}" in
++ jjob_header.sh[50]env_job=wavepostsbs
++ jjob_header.sh[47]getopts c:e: option
++ jjob_header.sh[48]case "${option}" in
++ jjob_header.sh[49]read -ra configs
++ jjob_header.sh[47]getopts c:e: option
++ jjob_header.sh[61]shift 4
++ jjob_header.sh[63][[ -z wavepostsbs ]]
++ jjob_header.sh[71]export DATA=/work2/noaa/stmp/role-global/HERCULES/RUNDIRS/C48_S2SWA_gefs_d16a6edc/gefs.2021032312/wavepostsbs_f117.687071
++ jjob_header.sh[71]DATA=/work2/noaa/stmp/role-global/HERCULES/RUNDIRS/C48_S2SWA_gefs_d16a6edc/gefs.2021032312/wavepostsbs_f117.687071
++ jjob_header.sh[72][[ YES == \Y\E\S ]]
++ jjob_header.sh[73]rm -rf /work2/noaa/stmp/role-global/HERCULES/RUNDIRS/C48_S2SWA_gefs_d16a6edc/gefs.2021032312/wavepostsbs_f117.687071
++ jjob_header.sh[75]mkdir -p /work2/noaa/stmp/role-global/HERCULES/RUNDIRS/C48_S2SWA_gefs_d16a6edc/gefs.2021032312/wavepostsbs_f117.687071
++ jjob_header.sh[76]cd /work2/noaa/stmp/role-global/HERCULES/RUNDIRS/C48_S2SWA_gefs_d16a6edc/gefs.2021032312/wavepostsbs_f117.687071
++ jjob_header.sh[85]export pid=687760
++ jjob_header.sh[85]pid=687760
++ jjob_header.sh[86]export pgmout=OUTPUT.687760
++ jjob_header.sh[86]pgmout=OUTPUT.687760
++ jjob_header.sh[87]export pgmerr=errfile
++ jjob_header.sh[87]pgmerr=errfile
++ jjob_header.sh[90]export pgm=
++ jjob_header.sh[90]pgm=
++ jjob_header.sh[96]export cycle=t12z
++ jjob_header.sh[96]cycle=t12z
++ jjob_header.sh[97]setpdy.sh
+ setpdy.sh[20]'[' /work2/noaa/stmp/role-global/HERCULES/RUNDIRS/C48_S2SWA_gefs_d16a6edc/gefs.2021032312/wavepostsbs_f117.687071 == /home/role-global ']'
+ setpdy.sh[25][[ ! t12z =~ t??z ]]
+ setpdy.sh[30]case $# in
+ setpdy.sh[31]dates_before_PDY=7
+ setpdy.sh[32]dates_after_PDY=7
+ setpdy.sh[50]COMDATEROOT=/work2/noaa/global/role-global/GFS_CI_CD/HERCULES/CI/3745/RUNTESTS/COMROOT
+ setpdy.sh[53]'[' -z 20210323 ']'
+ setpdy.sh[57]sed 's/[0-9]\{8\}/20210323/' /work2/noaa/global/role-global/GFS_CI_CD/HERCULES/CI/3745/RUNTESTS/COMROOT/date/t12z
sed: can't read /work2/noaa/global/role-global/GFS_CI_CD/HERCULES/CI/3745/RUNTESTS/COMROOT/date/t12z: No such file or directory
++ jjob_header.sh[97]true
++ jjob_header.sh[98]source ./PDY
/work2/noaa/global/role-global/GFS_CI_CD/HERCULES/CI/3745/global-workflow/ush/jjob_header.sh: line 98: ./PDY: No such file or directory
++ jjob_header.sh[98]true
++ jjob_header.sh[104]export EXPDIR=/work2/noaa/global/role-global/GFS_CI_CD/HERCULES/CI/3745/RUNTESTS/EXPDIR/C48_S2SWA_gefs_d16a6edc
++ jjob_header.sh[104]EXPDIR=/work2/noaa/global/role-global/GFS_CI_CD/HERCULES/CI/3745/RUNTESTS/EXPDIR/C48_S2SWA_gefs_d16a6edc
++ jjob_header.sh[105]for config in "${configs[@]:-''}"
++ jjob_header.sh[106]source /work2/noaa/global/role-global/GFS_CI_CD/HERCULES/CI/3745/RUNTESTS/EXPDIR/C48_S2SWA_gefs_d16a6edc/config.base
+++ config.base[6]echo 'BEGIN: config.base'
BEGIN: config.base
+++ config.base[9]export machine=HERCULES
+++ config.base[9]machine=HERCULES
+++ config.base[12]export RUN_ENVIR=emc
+++ config.base[12]RUN_ENVIR=emc
+++ config.base[15]export ACCOUNT=fv3-cpu
+++ config.base[15]ACCOUNT=fv3-cpu
+++ config.base[16]export QUEUE=batch
+++ config.base[16]QUEUE=batch
+++ config.base[17]export QUEUE_SERVICE=batch
+++ config.base[17]QUEUE_SERVICE=batch
+++ config.base[18]export QUEUE_DTN=batch
+++ config.base[18]QUEUE_DTN=batch
+++ config.base[19]export PARTITION_BATCH=hercules
+++ config.base[19]PARTITION_BATCH=hercules
+++ config.base[20]export PARTITION_SERVICE=service
+++ config.base[20]PARTITION_SERVICE=service
+++ config.base[21]export PARTITION_DTN=
+++ config.base[21]PARTITION_DTN=
+++ config.base[22]export RESERVATION=
+++ config.base[22]RESERVATION=
+++ config.base[23]export CLUSTERS=
+++ config.base[23]CLUSTERS=
+++ config.base[24]export CLUSTERS_SERVICE=
+++ config.base[24]CLUSTERS_SERVICE=
+++ config.base[25]export CLUSTERS_DTN=
+++ config.base[25]CLUSTERS_DTN=
+++ config.base[28]export HPSS_PROJECT=emc-global
+++ config.base[28]HPSS_PROJECT=emc-global
+++ config.base[31]export HOMEgfs=/work2/noaa/global/role-global/GFS_CI_CD/HERCULES/CI/3745/global-workflow
+++ config.base[31]HOMEgfs=/work2/noaa/global/role-global/GFS_CI_CD/HERCULES/CI/3745/global-workflow
+++ config.base[32]export EXECgfs=/work2/noaa/global/role-global/GFS_CI_CD/HERCULES/CI/3745/global-workflow/exec
+++ config.base[32]EXECgfs=/work2/noaa/global/role-global/GFS_CI_CD/HERCULES/CI/3745/global-workflow/exec
+++ config.base[33]export FIXgfs=/work2/noaa/global/role-global/GFS_CI_CD/HERCULES/CI/3745/global-workflow/fix
+++ config.base[33]FIXgfs=/work2/noaa/global/role-global/GFS_CI_CD/HERCULES/CI/3745/global-workflow/fix
+++ config.base[34]export PARMgfs=/work2/noaa/global/role-global/GFS_CI_CD/HERCULES/CI/3745/global-workflow/parm
+++ config.base[34]PARMgfs=/work2/noaa/global/role-global/GFS_CI_CD/HERCULES/CI/3745/global-workflow/parm
+++ config.base[35]export SCRgfs=/work2/noaa/global/role-global/GFS_CI_CD/HERCULES/CI/3745/global-workflow/scripts
+++ config.base[35]SCRgfs=/work2/noaa/global/role-global/GFS_CI_CD/HERCULES/CI/3745/global-workflow/scripts
+++ config.base[36]export USHgfs=/work2/noaa/global/role-global/GFS_CI_CD/HERCULES/CI/3745/global-workflow/ush
+++ config.base[36]USHgfs=/work2/noaa/global/role-global/GFS_CI_CD/HERCULES/CI/3745/global-workflow/ush
+++ config.base[37]export FIXorog=/work2/noaa/global/role-global/GFS_CI_CD/HERCULES/CI/3745/global-workflow/fix/orog
+++ config.base[37]FIXorog=/work2/noaa/global/role-global/GFS_CI_CD/HERCULES/CI/3745/global-workflow/fix/orog
+++ config.base[38]export FIXugwd=/work2/noaa/global/role-global/GFS_CI_CD/HERCULES/CI/3745/global-workflow/fix/ugwd
+++ config.base[38]FIXugwd=/work2/noaa/global/role-global/GFS_CI_CD/HERCULES/CI/3745/global-workflow/fix/ugwd
+++ config.base[43]export PACKAGEROOT=/work2/noaa/global/role-global/nwpara
+++ config.base[43]PACKAGEROOT=/work2/noaa/global/role-global/nwpara
+++ config.base[44]export COMROOT=/work2/noaa/global/role-global/GFS_CI_CD/HERCULES/CI/3745/RUNTESTS/COMROOT
+++ config.base[44]COMROOT=/work2/noaa/global/role-global/GFS_CI_CD/HERCULES/CI/3745/RUNTESTS/COMROOT
+++ config.base[45]export COMINsyn=/work2/noaa/global/role-global/com/gfs/prod/syndat
+++ config.base[45]COMINsyn=/work2/noaa/global/role-global/com/gfs/prod/syndat
+++ config.base[48]export HOMEDIR=/work2/noaa/global/role-global
+++ config.base[48]HOMEDIR=/work2/noaa/global/role-global
+++ config.base[49]export STMP=/work2/noaa/stmp/role-global/HERCULES
+++ config.base[49]STMP=/work2/noaa/stmp/role-global/HERCULES
+++ config.base[50]export PTMP=/work2/noaa/stmp/role-global/HERCULES
+++ config.base[50]PTMP=/work2/noaa/stmp/role-global/HERCULES
+++ config.base[51]export NOSCRUB=/work2/noaa/global/role-global
+++ config.base[51]NOSCRUB=/work2/noaa/global/role-global
+++ config.base[54]export BASE_GIT=/work2/noaa/global/role-global/git
+++ config.base[54]BASE_GIT=/work2/noaa/global/role-global/git
+++ config.base[57]export BASE_DATA=/work2/noaa/global/role-global/data
+++ config.base[57]BASE_DATA=/work2/noaa/global/role-global/data
+++ config.base[60]export DO_BUFRSND=NO
+++ config.base[60]DO_BUFRSND=NO
+++ config.base[61]export DO_GEMPAK=NO
+++ config.base[61]DO_GEMPAK=NO
+++ config.base[62]export DO_AWIPS=NO
+++ config.base[62]DO_AWIPS=NO
+++ config.base[65]export MODE=forecast-only
+++ config.base[65]MODE=forecast-only
+++ config.base[66]export DO_TEST_MODE=NO
+++ config.base[66]DO_TEST_MODE=NO
+++ config.base[75]export HOMEpost=/work2/noaa/global/role-global/GFS_CI_CD/HERCULES/CI/3745/global-workflow
+++ config.base[75]HOMEpost=/work2/noaa/global/role-global/GFS_CI_CD/HERCULES/CI/3745/global-workflow
+++ config.base[78]export NMV=/bin/mv
+++ config.base[78]NMV=/bin/mv
+++ config.base[79]export 'NLN=/bin/ln -sf'
+++ config.base[79]NLN='/bin/ln -sf'
+++ config.base[80]export VERBOSE=YES
+++ config.base[80]VERBOSE=YES
+++ config.base[81]export KEEPDATA=NO
+++ config.base[81]KEEPDATA=NO
+++ config.base[82]export DEBUG_POSTSCRIPT=NO
+++ config.base[82]DEBUG_POSTSCRIPT=NO
+++ config.base[83]export CHGRP_RSTPROD=YES
+++ config.base[83]CHGRP_RSTPROD=YES
+++ config.base[84]export 'CHGRP_CMD=chgrp rstprod'
+++ config.base[84]CHGRP_CMD='chgrp rstprod'
+++ config.base[85]export NCDUMP=/work/noaa/epic/role-epic/spack-stack/hercules/spack-stack-1.6.0/envs/unified-env/install/intel/2021.9.0/netcdf-c-4.9.2-tslbcfy/bin/ncdump
+++ config.base[85]NCDUMP=/work/noaa/epic/role-epic/spack-stack/hercules/spack-stack-1.6.0/envs/unified-env/install/intel/2021.9.0/netcdf-c-4.9.2-tslbcfy/bin/ncdump
+++ config.base[86]export NCLEN=/work2/noaa/global/role-global/GFS_CI_CD/HERCULES/CI/3745/global-workflow/ush/getncdimlen
+++ config.base[86]NCLEN=/work2/noaa/global/role-global/GFS_CI_CD/HERCULES/CI/3745/global-workflow/ush/getncdimlen
+++ config.base[89]export BASE_ENV=/work2/noaa/global/role-global/GFS_CI_CD/HERCULES/CI/3745/global-workflow/env
+++ config.base[89]BASE_ENV=/work2/noaa/global/role-global/GFS_CI_CD/HERCULES/CI/3745/global-workflow/env
+++ config.base[92]export SDATE=2021032312
+++ config.base[92]SDATE=2021032312
+++ config.base[93]export EDATE=2021032312
+++ config.base[93]EDATE=2021032312
+++ config.base[94]export EXP_WARM_START=.false.
+++ config.base[94]EXP_WARM_START=.false.
+++ config.base[95]export assim_freq=6
+++ config.base[95]assim_freq=6
+++ config.base[96]export PSLOT=C48_S2SWA_gefs_d16a6edc
+++ config.base[96]PSLOT=C48_S2SWA_gefs_d16a6edc
+++ config.base[97]export EXPDIR=/work2/noaa/global/role-global/GFS_CI_CD/HERCULES/CI/3745/RUNTESTS/EXPDIR/C48_S2SWA_gefs_d16a6edc
+++ config.base[97]EXPDIR=/work2/noaa/global/role-global/GFS_CI_CD/HERCULES/CI/3745/RUNTESTS/EXPDIR/C48_S2SWA_gefs_d16a6edc
+++ config.base[98]export ROTDIR=/work2/noaa/global/role-global/GFS_CI_CD/HERCULES/CI/3745/RUNTESTS/COMROOT/C48_S2SWA_gefs_d16a6edc
+++ config.base[98]ROTDIR=/work2/noaa/global/role-global/GFS_CI_CD/HERCULES/CI/3745/RUNTESTS/COMROOT/C48_S2SWA_gefs_d16a6edc
+++ config.base[100]export ARCDIR=/work2/noaa/global/role-global/archive/C48_S2SWA_gefs_d16a6edc
+++ config.base[100]ARCDIR=/work2/noaa/global/role-global/archive/C48_S2SWA_gefs_d16a6edc
+++ config.base[101]export ATARDIR=/NCEPDEV/emc-global/1year/role-global/HERCULES/scratch/C48_S2SWA_gefs_d16a6edc
+++ config.base[101]ATARDIR=/NCEPDEV/emc-global/1year/role-global/HERCULES/scratch/C48_S2SWA_gefs_d16a6edc
+++ config.base[102]export 'FETCHDIR={{ FETCHDIR }}'
+++ config.base[102]FETCHDIR='{{ FETCHDIR }}'
+++ config.base[105]export envir=prod
+++ config.base[105]envir=prod
+++ config.base[106]export NET=gefs
+++ config.base[106]NET=gefs
+++ config.base[107]export RUN=gefs
+++ config.base[107]RUN=gefs
+++ config.base[110]source /work2/noaa/global/role-global/GFS_CI_CD/HERCULES/CI/3745/RUNTESTS/EXPDIR/C48_S2SWA_gefs_d16a6edc/config.com
++++ config.com[4]echo 'BEGIN: config.com'
BEGIN: config.com
++++ config.com[38][[ emc == \n\c\o ]]
++++ config.com[43]COM_OBSPROC_TMPL='${DMPDIR}/${RUN}${DUMP_SUFFIX}.${YMD}/${HH}/atmos'
++++ config.com[44]COM_RTOFS_TMPL='${DMPDIR}'
++++ config.com[45]COM_TCVITAL_TMPL='${DMPDIR}/${RUN}.${YMD}/${HH}/atmos'
++++ config.com[47]declare -rx 'COM_OBS_TMPL=${ROTDIR}/${RUN}.${YMD}/${HH}/obs'
++++ config.com[48]declare -rx COM_OBSPROC_TMPL COM_RTOFS_TMPL
++++ config.com[50]COM_BASE='${ROTDIR}/${RUN}.${YMD}/${HH}/${MEMDIR}'
++++ config.com[52]declare -rx 'COM_TOP_TMPL=${ROTDIR}/${RUN}.${YMD}/${HH}'
++++ config.com[54]declare -rx 'COM_CONF_TMPL=${ROTDIR}/${RUN}.${YMD}/${HH}/${MEMDIR}/conf'
++++ config.com[55]declare -rx 'COM_OBS_JEDI=${ROTDIR}/${RUN}.${YMD}/${HH}/${MEMDIR}/obs_jedi'
++++ config.com[57]declare -rx 'COM_ATMOS_INPUT_TMPL=${ROTDIR}/${RUN}.${YMD}/${HH}/${MEMDIR}/model/atmos/input'
++++ config.com[58]declare -rx 'COM_ATMOS_RESTART_TMPL=${ROTDIR}/${RUN}.${YMD}/${HH}/${MEMDIR}/model/atmos/restart'
++++ config.com[59]declare -rx 'COM_ATMOS_ANALYSIS_TMPL=${ROTDIR}/${RUN}.${YMD}/${HH}/${MEMDIR}/analysis/atmos'
++++ config.com[60]declare -rx 'COM_SNOW_ANALYSIS_TMPL=${ROTDIR}/${RUN}.${YMD}/${HH}/${MEMDIR}/analysis/snow'
++++ config.com[61]declare -rx 'COM_SNOW_ANLMON_TMPL=${ROTDIR}/${RUN}.${YMD}/${HH}/${MEMDIR}/products/snow/anlmon'
++++ config.com[62]declare -rx 'COM_ATMOS_HISTORY_TMPL=${ROTDIR}/${RUN}.${YMD}/${HH}/${MEMDIR}/model/atmos/history'
++++ config.com[63]declare -rx 'COM_ATMOS_MASTER_TMPL=${ROTDIR}/${RUN}.${YMD}/${HH}/${MEMDIR}/model/atmos/master'
++++ config.com[64]declare -rx 'COM_ATMOS_GRIB_TMPL=${ROTDIR}/${RUN}.${YMD}/${HH}/${MEMDIR}/products/atmos/grib2'
++++ config.com[65]declare -rx 'COM_ATMOS_GRIB_GRID_TMPL=${ROTDIR}/${RUN}.${YMD}/${HH}/${MEMDIR}/products/atmos/grib2/${GRID}'
++++ config.com[66]declare -rx 'COM_ATMOS_BUFR_TMPL=${ROTDIR}/${RUN}.${YMD}/${HH}/${MEMDIR}/products/atmos/bufr'
++++ config.com[67]declare -rx 'COM_ATMOS_GEMPAK_TMPL=${ROTDIR}/${RUN}.${YMD}/${HH}/${MEMDIR}/products/atmos/gempak/${GRID}'
++++ config.com[68]declare -rx 'COM_ATMOS_GENESIS_TMPL=${ROTDIR}/${RUN}.${YMD}/${HH}/${MEMDIR}/products/atmos/cyclone/genesis_vital'
++++ config.com[69]declare -rx 'COM_ATMOS_TRACK_TMPL=${ROTDIR}/${RUN}.${YMD}/${HH}/${MEMDIR}/products/atmos/cyclone/tracks'
++++ config.com[70]declare -rx 'COM_ATMOS_GOES_TMPL=${ROTDIR}/${RUN}.${YMD}/${HH}/${MEMDIR}/products/atmos/goes_sim'
++++ config.com[71]declare -rx 'COM_ATMOS_IMAGERY_TMPL=${ROTDIR}/${RUN}.${YMD}/${HH}/${MEMDIR}/products/atmos/imagery'
++++ config.com[72]declare -rx 'COM_ATMOS_OZNMON_TMPL=${ROTDIR}/${RUN}.${YMD}/${HH}/${MEMDIR}/products/atmos/oznmon'
++++ config.com[73]declare -rx 'COM_ATMOS_RADMON_TMPL=${ROTDIR}/${RUN}.${YMD}/${HH}/${MEMDIR}/products/atmos/radmon'
++++ config.com[74]declare -rx 'COM_ATMOS_MINMON_TMPL=${ROTDIR}/${RUN}.${YMD}/${HH}/${MEMDIR}/products/atmos/minmon'
++++ config.com[75]declare -rx 'COM_ATMOS_ANLMON_TMPL=${ROTDIR}/${RUN}.${YMD}/${HH}/${MEMDIR}/products/atmos/anlmon'
++++ config.com[76]declare -rx 'COM_ATMOS_WMO_TMPL=${ROTDIR}/${RUN}.${YMD}/${HH}/${MEMDIR}/products/atmos/wmo'
++++ config.com[78]declare -rx 'COM_WAVE_RESTART_TMPL=${ROTDIR}/${RUN}.${YMD}/${HH}/${MEMDIR}/model/wave/restart'
++++ config.com[79]declare -rx 'COM_WAVE_PREP_TMPL=${ROTDIR}/${RUN}.${YMD}/${HH}/${MEMDIR}/model/wave/prep'
++++ config.com[80]declare -rx 'COM_WAVE_HISTORY_TMPL=${ROTDIR}/${RUN}.${YMD}/${HH}/${MEMDIR}/model/wave/history'
++++ config.com[81]declare -rx 'COM_WAVE_GRID_TMPL=${ROTDIR}/${RUN}.${YMD}/${HH}/${MEMDIR}/products/wave/gridded'
++++ config.com[82]declare -rx 'COM_WAVE_GRID_RES_TMPL=${ROTDIR}/${RUN}.${YMD}/${HH}/${MEMDIR}/products/wave/gridded/${GRDRESNAME}'
++++ config.com[83]declare -rx 'COM_WAVE_STATION_TMPL=${ROTDIR}/${RUN}.${YMD}/${HH}/${MEMDIR}/products/wave/station'
++++ config.com[84]declare -rx 'COM_WAVE_GEMPAK_TMPL=${ROTDIR}/${RUN}.${YMD}/${HH}/${MEMDIR}/products/wave/gempak'
++++ config.com[85]declare -rx 'COM_WAVE_WMO_TMPL=${ROTDIR}/${RUN}.${YMD}/${HH}/${MEMDIR}/products/wave/wmo'
++++ config.com[87]declare -rx 'COM_OCEAN_HISTORY_TMPL=${ROTDIR}/${RUN}.${YMD}/${HH}/${MEMDIR}/model/ocean/history'
++++ config.com[88]declare -rx 'COM_OCEAN_RESTART_TMPL=${ROTDIR}/${RUN}.${YMD}/${HH}/${MEMDIR}/model/ocean/restart'
++++ config.com[89]declare -rx 'COM_OCEAN_INPUT_TMPL=${ROTDIR}/${RUN}.${YMD}/${HH}/${MEMDIR}/model/ocean/input'
++++ config.com[90]declare -rx 'COM_OCEAN_ANALYSIS_TMPL=${ROTDIR}/${RUN}.${YMD}/${HH}/${MEMDIR}/analysis/ocean'
++++ config.com[91]declare -rx 'COM_OCEAN_ANLMON_TMPL=${ROTDIR}/${RUN}.${YMD}/${HH}/${MEMDIR}/products/ocean/anlmon'
++++ config.com[92]declare -rx 'COM_OCEAN_LETKF_TMPL=${ROTDIR}/${RUN}.${YMD}/${HH}/${MEMDIR}/analysis/ocean/letkf'
++++ config.com[93]declare -rx 'COM_OCEAN_BMATRIX_TMPL=${ROTDIR}/${RUN}.${YMD}/${HH}/${MEMDIR}/bmatrix/ocean'
++++ config.com[94]declare -rx 'COM_OCEAN_NETCDF_TMPL=${ROTDIR}/${RUN}.${YMD}/${HH}/${MEMDIR}/products/ocean/netcdf'
++++ config.com[95]declare -rx 'COM_OCEAN_GRIB_TMPL=${ROTDIR}/${RUN}.${YMD}/${HH}/${MEMDIR}/products/ocean/grib2'
++++ config.com[96]declare -rx 'COM_OCEAN_GRIB_GRID_TMPL=${ROTDIR}/${RUN}.${YMD}/${HH}/${MEMDIR}/products/ocean/grib2/${GRID}'
++++ config.com[98]declare -rx 'COM_ICE_ANALYSIS_TMPL=${ROTDIR}/${RUN}.${YMD}/${HH}/${MEMDIR}/analysis/ice'
++++ config.com[99]declare -rx 'COM_ICE_LETKF_TMPL=${ROTDIR}/${RUN}.${YMD}/${HH}/${MEMDIR}/analysis/ice/letkf'
++++ config.com[100]declare -rx 'COM_ICE_ANLMON_TMPL=${ROTDIR}/${RUN}.${YMD}/${HH}/${MEMDIR}/products/ice/anlmon'
++++ config.com[101]declare -rx 'COM_ICE_BMATRIX_TMPL=${ROTDIR}/${RUN}.${YMD}/${HH}/${MEMDIR}/bmatrix/ice'
++++ config.com[102]declare -rx 'COM_ICE_INPUT_TMPL=${ROTDIR}/${RUN}.${YMD}/${HH}/${MEMDIR}/model/ice/input'
++++ config.com[103]declare -rx 'COM_ICE_HISTORY_TMPL=${ROTDIR}/${RUN}.${YMD}/${HH}/${MEMDIR}/model/ice/history'
++++ config.com[104]declare -rx 'COM_ICE_RESTART_TMPL=${ROTDIR}/${RUN}.${YMD}/${HH}/${MEMDIR}/model/ice/restart'
++++ config.com[105]declare -rx 'COM_ICE_NETCDF_TMPL=${ROTDIR}/${RUN}.${YMD}/${HH}/${MEMDIR}/products/ice/netcdf'
++++ config.com[106]declare -rx 'COM_ICE_GRIB_TMPL=${ROTDIR}/${RUN}.${YMD}/${HH}/${MEMDIR}/products/ice/grib2'
++++ config.com[107]declare -rx 'COM_ICE_GRIB_GRID_TMPL=${ROTDIR}/${RUN}.${YMD}/${HH}/${MEMDIR}/products/ice/grib2/${GRID}'
++++ config.com[109]declare -rx 'COM_CHEM_HISTORY_TMPL=${ROTDIR}/${RUN}.${YMD}/${HH}/${MEMDIR}/model/chem/history'
++++ config.com[110]declare -rx 'COM_CHEM_ANALYSIS_TMPL=${ROTDIR}/${RUN}.${YMD}/${HH}/${MEMDIR}/analysis/chem'
++++ config.com[111]declare -rx 'COM_CHEM_BMAT_TMPL=${ROTDIR}/${RUN}.${YMD}/${HH}/${MEMDIR}/analysis/chem/bmatrix'
++++ config.com[112]declare -rx 'COM_CHEM_ANLMON_TMPL=${ROTDIR}/${RUN}.${YMD}/${HH}/${MEMDIR}/products/chem/anlmon'
++++ config.com[114]declare -rx 'COM_MED_RESTART_TMPL=${ROTDIR}/${RUN}.${YMD}/${HH}/${MEMDIR}/model/med/restart'
+++ config.base[112]export LOGSCRIPT=
+++ config.base[112]LOGSCRIPT=
+++ config.base[114]export 'REDOUT=1>'
+++ config.base[114]REDOUT='1>'
+++ config.base[115]export 'REDERR=2>'
+++ config.base[115]REDERR='2>'
+++ config.base[117]export SENDECF=NO
+++ config.base[117]SENDECF=NO
+++ config.base[118]export SENDSDM=NO
+++ config.base[118]SENDSDM=NO
+++ config.base[119]export SENDDBN_NTC=NO
+++ config.base[119]SENDDBN_NTC=NO
+++ config.base[120]export SENDDBN=NO
+++ config.base[120]SENDDBN=NO
+++ config.base[121]export DBNROOT=/work/noaa/epic/role-epic/spack-stack/hercules/spack-stack-1.6.0/envs/unified-env/install/intel/2021.9.0/prod-util-2.1.1-ddlo2cq/fakedbn
+++ config.base[121]DBNROOT=/work/noaa/epic/role-epic/spack-stack/hercules/spack-stack-1.6.0/envs/unified-env/install/intel/2021.9.0/prod-util-2.1.1-ddlo2cq/fakedbn
+++ config.base[124]export APP=S2SWA
+++ config.base[124]APP=S2SWA
+++ config.base[127]export DO_ATM=YES
+++ config.base[127]DO_ATM=YES
+++ config.base[128]export DO_COUPLED=NO
+++ config.base[128]DO_COUPLED=NO
+++ config.base[129]export DO_WAVE=NO
+++ config.base[129]DO_WAVE=NO
+++ config.base[130]export DO_OCN=NO
+++ config.base[130]DO_OCN=NO
+++ config.base[131]export DO_ICE=NO
+++ config.base[131]DO_ICE=NO
+++ config.base[132]export DO_EXTRACTVARS=NO
+++ config.base[132]DO_EXTRACTVARS=NO
+++ config.base[133]export DO_AERO_FCST=NO
+++ config.base[133]DO_AERO_FCST=NO
+++ config.base[134]export DOBNDPNT_WAVE=NO
+++ config.base[134]DOBNDPNT_WAVE=NO
+++ config.base[135]export DOIBP_WAV=NO
+++ config.base[135]DOIBP_WAV=NO
+++ config.base[136]export FRAC_GRID=.true.
+++ config.base[136]FRAC_GRID=.true.
+++ config.base[137]export DO_NEST=NO
+++ config.base[137]DO_NEST=NO
+++ config.base[138][[ NO == \Y\E\S ]]
+++ config.base[142]export ntiles=6
+++ config.base[142]ntiles=6
+++ config.base[146]export OPS_RES=C768
+++ config.base[146]OPS_RES=C768
+++ config.base[149]export LEVS=128
+++ config.base[149]LEVS=128
+++ config.base[150]export CASE=C48
+++ config.base[150]CASE=C48
+++ config.base[151]export CASE_ENS=C48
+++ config.base[151]CASE_ENS=C48
+++ config.base[152]export OCNRES=500
+++ config.base[152]OCNRES=500
+++ config.base[153]export ICERES=500
+++ config.base[153]ICERES=500
+++ config.base[155]case "${CASE}" in
+++ config.base[157]export waveGRD=glo_500
+++ config.base[157]waveGRD=glo_500
+++ config.base[174]case "${APP}" in
+++ config.base[190]export DO_COUPLED=YES
+++ config.base[190]DO_COUPLED=YES
+++ config.base[191]export DO_OCN=YES
+++ config.base[191]DO_OCN=YES
+++ config.base[192]export DO_ICE=YES
+++ config.base[192]DO_ICE=YES
+++ config.base[194][[ S2SWA =~ A$ ]]
+++ config.base[195]export DO_AERO_FCST=YES
+++ config.base[195]DO_AERO_FCST=YES
+++ config.base[198][[ S2SWA =~ ^S2SW ]]
+++ config.base[199]export DO_WAVE=YES
+++ config.base[199]DO_WAVE=YES
+++ config.base[209]export FHMIN=0
+++ config.base[209]FHMIN=0
+++ config.base[210]export FHMAX=9
+++ config.base[210]FHMAX=9
+++ config.base[211]export FHOUT=3
+++ config.base[211]FHOUT=3
+++ config.base[212]export FHOUT_OCN=3
+++ config.base[212]FHOUT_OCN=3
+++ config.base[213]export FHOUT_ICE=3
+++ config.base[213]FHOUT_ICE=3
+++ config.base[214]export FHOUT_AERO=3
+++ config.base[214]FHOUT_AERO=3
+++ config.base[217]export INTERVAL_GFS=24
+++ config.base[217]INTERVAL_GFS=24
+++ config.base[218]export SDATE_GFS=2021032312
+++ config.base[218]SDATE_GFS=2021032312
+++ config.base[221]export REPLAY_ICS=NO
+++ config.base[221]REPLAY_ICS=NO
+++ config.base[222][[ NO == \Y\E\S ]]
+++ config.base[228]export OFFSET_START_HOUR=0
+++ config.base[228]OFFSET_START_HOUR=0
+++ config.base[229]export USE_OCN_ENS_PERTURB_FILES=NO
+++ config.base[229]USE_OCN_ENS_PERTURB_FILES=NO
+++ config.base[230]export USE_ATM_ENS_PERTURB_FILES=NO
+++ config.base[230]USE_ATM_ENS_PERTURB_FILES=NO
+++ config.base[234]export FHMIN_GFS=0
+++ config.base[234]FHMIN_GFS=0
+++ config.base[235]export FHMAX_GFS=120
+++ config.base[235]FHMAX_GFS=120
+++ config.base[237]breakpnts=48
+++ config.base[238]export FCST_SEGMENTS=0,48,120
+++ config.base[238]FCST_SEGMENTS=0,48,120
+++ config.base[240]export FHOUT_GFS=6
+++ config.base[240]FHOUT_GFS=6
+++ config.base[241]export FHMAX_HF_GFS=0
+++ config.base[241]FHMAX_HF_GFS=0
+++ config.base[242]export FHOUT_HF_GFS=1
+++ config.base[242]FHOUT_HF_GFS=1
+++ config.base[243]export FHOUT_OCN_GFS=24
+++ config.base[243]FHOUT_OCN_GFS=24
+++ config.base[244]export FHOUT_ICE_GFS=24
+++ config.base[244]FHOUT_ICE_GFS=24
+++ config.base[245]export FHMIN_WAV=0
+++ config.base[245]FHMIN_WAV=0
+++ config.base[246]export FHOUT_WAV=3
+++ config.base[246]FHOUT_WAV=3
+++ config.base[247]export FHMAX_HF_WAV=120
+++ config.base[247]FHMAX_HF_WAV=120
+++ config.base[248]export FHOUT_HF_WAV=1
+++ config.base[248]FHOUT_HF_WAV=1
+++ config.base[249]export FHMAX_WAV=120
+++ config.base[249]FHMAX_WAV=120
+++ config.base[250]export FHMAX_WAV_GFS=120
+++ config.base[250]FHMAX_WAV_GFS=120
+++ config.base[251]export FHMAX_HF_GFS=0
+++ config.base[251]FHMAX_HF_GFS=0
+++ config.base[252]export FHMAX_WAV_GFS=120
+++ config.base[252]FHMAX_WAV_GFS=120
+++ config.base[253]export FHMAX_HF_WAV=120
+++ config.base[253]FHMAX_HF_WAV=120
+++ config.base[254]export ILPOST=1
+++ config.base[254]ILPOST=1
+++ config.base[256]export FHMIN_ENKF=0
+++ config.base[256]FHMIN_ENKF=0
+++ config.base[257]export FHMAX_ENKF=120
+++ config.base[257]FHMAX_ENKF=120
+++ config.base[258]export FHOUT_ENKF=6
+++ config.base[258]FHOUT_ENKF=6
+++ config.base[259]export FHOUT_OCN=24
+++ config.base[259]FHOUT_OCN=24
+++ config.base[260]export FHOUT_ICE=24
+++ config.base[260]FHOUT_ICE=24
+++ config.base[263]export restart_interval_gfs=12
+++ config.base[263]restart_interval_gfs=12
+++ config.base[264]export restart_interval_enkfgfs=12
+++ config.base[264]restart_interval_enkfgfs=12
+++ config.base[269]export QUILTING=.true.
+++ config.base[269]QUILTING=.true.
+++ config.base[270]export OUTPUT_GRID=gaussian_grid
+++ config.base[270]OUTPUT_GRID=gaussian_grid
+++ config.base[271]export WRITE_DOPOST=.true.
+++ config.base[271]WRITE_DOPOST=.true.
+++ config.base[272]export WRITE_NSFLIP=.true.
+++ config.base[272]WRITE_NSFLIP=.true.
+++ config.base[275]export imp_physics=8
+++ config.base[275]imp_physics=8
+++ config.base[279]export DO_JEDIATMVAR=NO
+++ config.base[279]DO_JEDIATMVAR=NO
+++ config.base[280]export DO_JEDIATMENS=NO
+++ config.base[280]DO_JEDIATMENS=NO
+++ config.base[281]export DO_JEDIOCNVAR=NO
+++ config.base[281]DO_JEDIOCNVAR=NO
+++ config.base[282]export DO_JEDISNOWDA=NO
+++ config.base[282]DO_JEDISNOWDA=NO
+++ config.base[283]export DO_MERGENSST=NO
+++ config.base[283]DO_MERGENSST=NO
+++ config.base[284]export DO_STARTMEM_FROM_JEDIICE=NO
+++ config.base[284]DO_STARTMEM_FROM_JEDIICE=NO
+++ config.base[287]export NMEM_ENS=2
+++ config.base[287]NMEM_ENS=2
+++ config.base[291]export ENSMEM=002
+++ config.base[291]ENSMEM=002
+++ config.base[292]export MEMDIR=mem002
+++ config.base[292]MEMDIR=mem002
+++ config.base[295]((  ENSMEM == 0  ))
+++ config.base[298]export DO_CA=YES
+++ config.base[298]DO_CA=YES
+++ config.base[301]export DOIAU=NO
+++ config.base[301]DOIAU=NO
+++ config.base[304][[ .false. = \.\t\r\u\e\. ]]
+++ config.base[313]export DONST=YES
+++ config.base[313]DONST=YES
+++ config.base[314][[ YES = \Y\E\S ]]
+++ config.base[314]export 'FNTSFA=        '
+++ config.base[314]FNTSFA='        '
+++ config.base[317]export nst_anl=.true.
+++ config.base[317]nst_anl=.true.
+++ config.base[320]export MAKE_NSSTBUFR=NO
+++ config.base[320]MAKE_NSSTBUFR=NO
+++ config.base[323]export MAKE_ACFTBUFR=NO
+++ config.base[323]MAKE_ACFTBUFR=NO
+++ config.base[326]export DO_METP=NO
+++ config.base[326]DO_METP=NO
+++ config.base[327]export DO_FIT2OBS=NO
+++ config.base[327]DO_FIT2OBS=NO
+++ config.base[330]export DO_ARCHCOM=NO
+++ config.base[330]DO_ARCHCOM=NO
+++ config.base[331]export ARCHCOM_TO=globus_hpss
+++ config.base[331]ARCHCOM_TO=globus_hpss
+++ config.base[334]export CLIENT_GLOBUS_UUID=869912fe-f6de-46c0-af10-b22efd84a022
+++ config.base[334]CLIENT_GLOBUS_UUID=869912fe-f6de-46c0-af10-b22efd84a022
+++ config.base[337]export NUM_SND_COLLECTIVES=9
+++ config.base[337]NUM_SND_COLLECTIVES=9
+++ config.base[339]echo 'END: config.base'
END: config.base
++ jjob_header.sh[106]true
++ jjob_header.sh[107]export err=0
++ jjob_header.sh[107]err=0
++ jjob_header.sh[108][[ 0 -ne 0 ]]
++ jjob_header.sh[105]for config in "${configs[@]:-''}"
++ jjob_header.sh[106]source /work2/noaa/global/role-global/GFS_CI_CD/HERCULES/CI/3745/RUNTESTS/EXPDIR/C48_S2SWA_gefs_d16a6edc/config.wave
+++ config.wave[6]echo 'BEGIN: config.wave'
BEGIN: config.wave
+++ config.wave[13]export RUNRSTwave=gdas
+++ config.wave[13]RUNRSTwave=gdas
+++ config.wave[16]export MESH_WAV=mesh.glo_500.nc
+++ config.wave[16]MESH_WAV=mesh.glo_500.nc
+++ config.wave[19]case "${waveGRD}" in
+++ config.wave[52]export waveinterpGRD=
+++ config.wave[52]waveinterpGRD=
+++ config.wave[53]export wavepostGRD=glo_500
+++ config.wave[53]wavepostGRD=glo_500
+++ config.wave[54]export waveuoutpGRD=glo_500
+++ config.wave[54]waveuoutpGRD=glo_500
+++ config.wave[63]export WAVEWND_DID=
+++ config.wave[63]WAVEWND_DID=
+++ config.wave[64]export WAVEWND_FID=
+++ config.wave[64]WAVEWND_FID=
+++ config.wave[67]export WAVHINDH=0
+++ config.wave[67]WAVHINDH=0
+++ config.wave[68]export FHMAX_WAV_IBP=180
+++ config.wave[68]FHMAX_WAV_IBP=180
+++ config.wave[69]((  FHMAX_WAV < FHMAX_WAV_IBP  ))
+++ config.wave[69]export FHMAX_WAV_IBP=120
+++ config.wave[69]FHMAX_WAV_IBP=120
+++ config.wave[72]export DTFLD_WAV=3600
+++ config.wave[72]DTFLD_WAV=3600
+++ config.wave[73]export DTPNT_WAV=3600
+++ config.wave[73]DTPNT_WAV=3600
+++ config.wave[74]export FHINCP_WAV=1
+++ config.wave[74]FHINCP_WAV=1
+++ config.wave[77]export 'OUTPARS_WAV=WND CUR ICE HS T01 T02 DIR FP DP PHS PTP PDIR CHA'
+++ config.wave[77]OUTPARS_WAV='WND CUR ICE HS T01 T02 DIR FP DP PHS PTP PDIR CHA'
+++ config.wave[80]export WAVHCYC=6
+++ config.wave[80]WAVHCYC=6
+++ config.wave[81]export FHMAX_WAV_CUR=192
+++ config.wave[81]FHMAX_WAV_CUR=192
+++ config.wave[85]export RSTTYPE_WAV=T
+++ config.wave[85]RSTTYPE_WAV=T
+++ config.wave[86]rst_dt_gfs=43200
+++ config.wave[87][[ 43200 -gt 0 ]]
+++ config.wave[88]export DT_1_RST_WAV=0
+++ config.wave[88]DT_1_RST_WAV=0
+++ config.wave[91]export DT_2_RST_WAV=43200
+++ config.wave[91]DT_2_RST_WAV=43200
+++ config.wave[97]export RSTIOFF_WAV=0
+++ config.wave[97]RSTIOFF_WAV=0
+++ config.wave[101]export RUNMEM=-1
+++ config.wave[101]RUNMEM=-1
+++ config.wave[104]((  RUNMEM == -1  ))
+++ config.wave[106]export waveMEMB=
+++ config.wave[106]waveMEMB=
+++ config.wave[113]export WW3ATMINP=CPL
+++ config.wave[113]WW3ATMINP=CPL
+++ config.wave[114][[ YES == \Y\E\S ]]
+++ config.wave[115]export WW3ICEINP=CPL
+++ config.wave[115]WW3ICEINP=CPL
+++ config.wave[116]export WAVEICE_FID=
+++ config.wave[116]WAVEICE_FID=
+++ config.wave[122][[ YES == \Y\E\S ]]
+++ config.wave[123]export WW3CURINP=CPL
+++ config.wave[123]WW3CURINP=CPL
+++ config.wave[124]export WAVECUR_FID=
+++ config.wave[124]WAVECUR_FID=
+++ config.wave[131]export WW3ATMIENS=F
+++ config.wave[131]WW3ATMIENS=F
+++ config.wave[132]export WW3ICEIENS=F
+++ config.wave[132]WW3ICEIENS=F
+++ config.wave[133]export WW3CURIENS=F
+++ config.wave[133]WW3CURIENS=F
+++ config.wave[135]export GOFILETYPE=1
+++ config.wave[135]GOFILETYPE=1
+++ config.wave[136]export POFILETYPE=1
+++ config.wave[136]POFILETYPE=1
+++ config.wave[140]export FUNIPNT=T
+++ config.wave[140]FUNIPNT=T
+++ config.wave[142]export IOSRV=1
+++ config.wave[142]IOSRV=1
+++ config.wave[144]export FPNTPROC=T
+++ config.wave[144]FPNTPROC=T
+++ config.wave[146]export FGRDPROC=F
+++ config.wave[146]FGRDPROC=F
+++ config.wave[148]export FLAGMASKCOMP=F
+++ config.wave[148]FLAGMASKCOMP=F
+++ config.wave[150]export FLAGMASKOUT=F
+++ config.wave[150]FLAGMASKOUT=F
+++ config.wave[152]echo 'END: config.wave'
END: config.wave
++ jjob_header.sh[106]true
++ jjob_header.sh[107]export err=0
++ jjob_header.sh[107]err=0
++ jjob_header.sh[108][[ 0 -ne 0 ]]
++ jjob_header.sh[105]for config in "${configs[@]:-''}"
++ jjob_header.sh[106]source /work2/noaa/global/role-global/GFS_CI_CD/HERCULES/CI/3745/RUNTESTS/EXPDIR/C48_S2SWA_gefs_d16a6edc/config.wavepostsbs
+++ config.wavepostsbs[6]echo 'BEGIN: config.wavepostsbs'
BEGIN: config.wavepostsbs
+++ config.wavepostsbs[9]source /work2/noaa/global/role-global/GFS_CI_CD/HERCULES/CI/3745/RUNTESTS/EXPDIR/C48_S2SWA_gefs_d16a6edc/config.resources wavepostsbs
++++ config.resources[7]((  1 != 1  ))
++++ config.resources[14]step=wavepostsbs
++++ config.resources[16]echo 'BEGIN: config.resources'
BEGIN: config.resources
++++ config.resources[18]case ${machine} in
++++ config.resources[22]max_tasks_per_node=80
++++ config.resources[42]export max_tasks_per_node
++++ config.resources[44]case ${step} in
++++ config.resources[259]export walltime=00:15:00
++++ config.resources[259]walltime=00:15:00
++++ config.resources[260]export ntasks=1
++++ config.resources[260]ntasks=1
++++ config.resources[261]export threads_per_task=1
++++ config.resources[261]threads_per_task=1
++++ config.resources[262]export tasks_per_node=80
++++ config.resources[262]tasks_per_node=80
++++ config.resources[263]export NTASKS=1
++++ config.resources[263]NTASKS=1
++++ config.resources[264]export memory=10GB
++++ config.resources[264]memory=10GB
++++ config.resources[355][[ -f /work2/noaa/global/role-global/GFS_CI_CD/HERCULES/CI/3745/RUNTESTS/EXPDIR/C48_S2SWA_gefs_d16a6edc/config.resources.HERCULES ]]
++++ config.resources[360]for resource_var in threads_per_task ntasks tasks_per_node NTASKS memory walltime
++++ config.resources[361]run_resource_var=threads_per_task_gefs
++++ config.resources[362][[ -n '' ]]
++++ config.resources[364][[ -n 0 ]]
++++ config.resources[365]export threads_per_task
++++ config.resources[360]for resource_var in threads_per_task ntasks tasks_per_node NTASKS memory walltime
++++ config.resources[361]run_resource_var=ntasks_gefs
++++ config.resources[362][[ -n '' ]]
++++ config.resources[364][[ -n 0 ]]
++++ config.resources[365]export ntasks
++++ config.resources[360]for resource_var in threads_per_task ntasks tasks_per_node NTASKS memory walltime
++++ config.resources[361]run_resource_var=tasks_per_node_gefs
++++ config.resources[362][[ -n '' ]]
++++ config.resources[364][[ -n 0 ]]
++++ config.resources[365]export tasks_per_node
++++ config.resources[360]for resource_var in threads_per_task ntasks tasks_per_node NTASKS memory walltime
++++ config.resources[361]run_resource_var=NTASKS_gefs
++++ config.resources[362][[ -n '' ]]
++++ config.resources[364][[ -n 0 ]]
++++ config.resources[365]export NTASKS
++++ config.resources[360]for resource_var in threads_per_task ntasks tasks_per_node NTASKS memory walltime
++++ config.resources[361]run_resource_var=memory_gefs
++++ config.resources[362][[ -n '' ]]
++++ config.resources[364][[ -n 0 ]]
++++ config.resources[365]export memory
++++ config.resources[360]for resource_var in threads_per_task ntasks tasks_per_node NTASKS memory walltime
++++ config.resources[361]run_resource_var=walltime_gefs
++++ config.resources[362][[ -n '' ]]
++++ config.resources[364][[ -n 0 ]]
++++ config.resources[365]export walltime
++++ config.resources[369]echo 'END: config.resources'
END: config.resources
+++ config.wavepostsbs[12]export MAX_TASKS=25
+++ config.wavepostsbs[12]MAX_TASKS=25
+++ config.wavepostsbs[15]export WAV_SUBGRBSRC=
+++ config.wavepostsbs[15]WAV_SUBGRBSRC=
+++ config.wavepostsbs[16]export WAV_SUBGRB=
+++ config.wavepostsbs[16]WAV_SUBGRB=
+++ config.wavepostsbs[19]export DOFLD_WAV=YES
+++ config.wavepostsbs[19]DOFLD_WAV=YES
+++ config.wavepostsbs[20]export DOPNT_WAV=YES
+++ config.wavepostsbs[20]DOPNT_WAV=YES
+++ config.wavepostsbs[21]export DOGRB_WAV=YES
+++ config.wavepostsbs[21]DOGRB_WAV=YES
+++ config.wavepostsbs[22][[ -n '' ]]
+++ config.wavepostsbs[25]export DOGRI_WAV=NO
+++ config.wavepostsbs[25]DOGRI_WAV=NO
+++ config.wavepostsbs[27]export DOSPC_WAV=YES
+++ config.wavepostsbs[27]DOSPC_WAV=YES
+++ config.wavepostsbs[28]export DOBLL_WAV=YES
+++ config.wavepostsbs[28]DOBLL_WAV=YES
+++ config.wavepostsbs[30]echo 'END: config.wavepostsbs'
END: config.wavepostsbs
++ jjob_header.sh[106]true
++ jjob_header.sh[107]export err=0
++ jjob_header.sh[107]err=0
++ jjob_header.sh[108][[ 0 -ne 0 ]]
++ jjob_header.sh[117]source /work2/noaa/global/role-global/GFS_CI_CD/HERCULES/CI/3745/global-workflow/env/HERCULES.env wavepostsbs
+++ HERCULES.env[3][[ 1 -ne 1 ]]
+++ HERCULES.env[10]step=wavepostsbs
+++ HERCULES.env[12]export 'launcher=srun -l --export=ALL --hint=nomultithread'
+++ HERCULES.env[12]launcher='srun -l --export=ALL --hint=nomultithread'
+++ HERCULES.env[13]export 'mpmd_opt=--multi-prog --output=mpmd.%j.%t.out'
+++ HERCULES.env[13]mpmd_opt='--multi-prog --output=mpmd.%j.%t.out'
+++ HERCULES.env[16]export MPI_BUFS_PER_PROC=2048
+++ HERCULES.env[16]MPI_BUFS_PER_PROC=2048
+++ HERCULES.env[17]export MPI_BUFS_PER_HOST=2048
+++ HERCULES.env[17]MPI_BUFS_PER_HOST=2048
+++ HERCULES.env[18]export MPI_GROUP_MAX=256
+++ HERCULES.env[18]MPI_GROUP_MAX=256
+++ HERCULES.env[19]export MPI_MEMMAP_OFF=1
+++ HERCULES.env[19]MPI_MEMMAP_OFF=1
+++ HERCULES.env[20]export MP_STDOUTMODE=ORDERED
+++ HERCULES.env[20]MP_STDOUTMODE=ORDERED
+++ HERCULES.env[21]export KMP_AFFINITY=scatter
+++ HERCULES.env[21]KMP_AFFINITY=scatter
+++ HERCULES.env[22]export OMP_STACKSIZE=2048000
+++ HERCULES.env[22]OMP_STACKSIZE=2048000
+++ HERCULES.env[23]export NTHSTACK=1024000000
+++ HERCULES.env[23]NTHSTACK=1024000000
+++ HERCULES.env[25]export I_MPI_EXTRA_FILESYSTEM=1
+++ HERCULES.env[25]I_MPI_EXTRA_FILESYSTEM=1
+++ HERCULES.env[26]export I_MPI_EXTRA_FILESYSTEM_LIST=lustre
+++ HERCULES.env[26]I_MPI_EXTRA_FILESYSTEM_LIST=lustre
+++ HERCULES.env[28]ulimit -s unlimited
+++ HERCULES.env[29]ulimit -a
real-time non-blocking time  (microseconds, -R) unlimited
core file size              (blocks, -c) 0
data seg size               (kbytes, -d) unlimited
scheduling priority                 (-e) 0
file size                   (blocks, -f) unlimited
pending signals                     (-i) 2049614
max locked memory           (kbytes, -l) unlimited
max memory size             (kbytes, -m) 10485760
open files                          (-n) 131072
pipe size                (512 bytes, -p) 8
POSIX message queues         (bytes, -q) 819200
real-time priority                  (-r) 0
stack size                  (kbytes, -s) unlimited
cpu time                   (seconds, -t) unlimited
max user processes                  (-u) 1028700
virtual memory              (kbytes, -v) unlimited
file locks                          (-x) unlimited
+++ HERCULES.env[33][[ -n 1 ]]
+++ HERCULES.env[33][[ -n 80 ]]
+++ HERCULES.env[33][[ -n 80 ]]
+++ HERCULES.env[34]max_threads_per_task=1
+++ HERCULES.env[35]NTHREADSmax=1
+++ HERCULES.env[36]NTHREADS1=1
+++ HERCULES.env[37][[ 1 -gt 1 ]]
+++ HERCULES.env[40][[ 1 -gt 1 ]]
+++ HERCULES.env[43]APRUN_default='srun -l --export=ALL --hint=nomultithread -n 1'
+++ HERCULES.env[49]case ${step} in
+++ HERCULES.env[63]export USE_CFP=YES
+++ HERCULES.env[63]USE_CFP=YES
+++ HERCULES.env[64][[ wavepostsbs == \w\a\v\e\p\r\e\p ]]
+++ HERCULES.env[65]export 'wavempexec=srun -l --export=ALL --hint=nomultithread'
+++ HERCULES.env[65]wavempexec='srun -l --export=ALL --hint=nomultithread'
+++ HERCULES.env[66]export 'wave_mpmd=--multi-prog --output=mpmd.%j.%t.out'
+++ HERCULES.env[66]wave_mpmd='--multi-prog --output=mpmd.%j.%t.out'
++ jjob_header.sh[117]true
++ jjob_header.sh[118]export err=0
++ jjob_header.sh[118]err=0
++ jjob_header.sh[119][[ 0 -ne 0 ]]
+ JGLOBAL_WAVE_POST_SBS[4]source /work2/noaa/global/role-global/GFS_CI_CD/HERCULES/CI/3745/global-workflow/ush/wave_domain_grid.sh
+ JGLOBAL_WAVE_POST_SBS[7]YMD=20210323
+ JGLOBAL_WAVE_POST_SBS[7]HH=12
+ JGLOBAL_WAVE_POST_SBS[7]declare_from_tmpl -rx COMIN_WAVE_PREP:COM_WAVE_PREP_TMPL COMIN_WAVE_HISTORY:COM_WAVE_HISTORY_TMPL COMOUT_WAVE_GRID:COM_WAVE_GRID_TMPL
+ bash_utils.sh[39][[ NO == \N\O ]]
+ bash_utils.sh[39]set +x
declare_from_tmpl :: COMIN_WAVE_PREP=/work2/noaa/global/role-global/GFS_CI_CD/HERCULES/CI/3745/RUNTESTS/COMROOT/C48_S2SWA_gefs_d16a6edc/gefs.20210323/12/mem002/model/wave/prep
declare_from_tmpl :: COMIN_WAVE_HISTORY=/work2/noaa/global/role-global/GFS_CI_CD/HERCULES/CI/3745/RUNTESTS/COMROOT/C48_S2SWA_gefs_d16a6edc/gefs.20210323/12/mem002/model/wave/history
declare_from_tmpl :: COMOUT_WAVE_GRID=/work2/noaa/global/role-global/GFS_CI_CD/HERCULES/CI/3745/RUNTESTS/COMROOT/C48_S2SWA_gefs_d16a6edc/gefs.20210323/12/mem002/products/wave/gridded
+ JGLOBAL_WAVE_POST_SBS[12][[ ! -d /work2/noaa/global/role-global/GFS_CI_CD/HERCULES/CI/3745/RUNTESTS/COMROOT/C48_S2SWA_gefs_d16a6edc/gefs.20210323/12/mem002/products/wave/gridded ]]
+ JGLOBAL_WAVE_POST_SBS[14][[ -n glo_500 ]]
+ JGLOBAL_WAVE_POST_SBS[15]for grdID in ${wavepostGRD} ${waveinterpGRD}
+ JGLOBAL_WAVE_POST_SBS[16]process_grdID glo_500
+ wave_domain_grid.sh[13]grdID=glo_500
+ wave_domain_grid.sh[14]case ${grdID} in
+ wave_domain_grid.sh[22]GRDREGION=global
+ wave_domain_grid.sh[22]GRDRES=5p00
+ wave_domain_grid.sh[22]GRIDNR=255
+ wave_domain_grid.sh[22]MODNR=11
+ wave_domain_grid.sh[39]grdNAME=global.5p00
+ wave_domain_grid.sh[40]echo grdNAME=global.5p00
grdNAME=global.5p00
+ wave_domain_grid.sh[41]echo GRIDNR=255
GRIDNR=255
+ wave_domain_grid.sh[42]echo MODNR=11
MODNR=11
+ JGLOBAL_WAVE_POST_SBS[17]YMD=20210323
+ JGLOBAL_WAVE_POST_SBS[17]HH=12
+ JGLOBAL_WAVE_POST_SBS[17]GRDRESNAME=global.5p00
+ JGLOBAL_WAVE_POST_SBS[17]declare_from_tmpl -rx COMOUT_WAVE_GRID_global_5p00:COM_WAVE_GRID_RES_TMPL
+ bash_utils.sh[39][[ NO == \N\O ]]
+ bash_utils.sh[39]set +x
declare_from_tmpl :: COMOUT_WAVE_GRID_global_5p00=/work2/noaa/global/role-global/GFS_CI_CD/HERCULES/CI/3745/RUNTESTS/COMROOT/C48_S2SWA_gefs_d16a6edc/gefs.20210323/12/mem002/products/wave/gridded/global.5p00
+ JGLOBAL_WAVE_POST_SBS[19]out_dir_varname=COMOUT_WAVE_GRID_global_5p00
+ JGLOBAL_WAVE_POST_SBS[20]out_dir=/work2/noaa/global/role-global/GFS_CI_CD/HERCULES/CI/3745/RUNTESTS/COMROOT/C48_S2SWA_gefs_d16a6edc/gefs.20210323/12/mem002/products/wave/gridded/global.5p00
+ JGLOBAL_WAVE_POST_SBS[21][[ ! -d /work2/noaa/global/role-global/GFS_CI_CD/HERCULES/CI/3745/RUNTESTS/COMROOT/C48_S2SWA_gefs_d16a6edc/gefs.20210323/12/mem002/products/wave/gridded/global.5p00 ]]
+ JGLOBAL_WAVE_POST_SBS[28]/work2/noaa/global/role-global/GFS_CI_CD/HERCULES/CI/3745/global-workflow/scripts/exgfs_wave_post_gridded_sbs.sh
+ bash[8]'[' -z '' ']'
+ bash[9]case "$-" in
+ bash[12]__lmod_vx=x
+ bash[16]'[' -n x ']'
+ bash[16]set +x
Shell debugging temporarily silenced: export LMOD_SH_DBG_ON=1 for this output (/apps/other/lmod/lmod/init/bash)
Shell debugging restarted
+ bash[224]unset __lmod_vx
+ exgfs_wave_post_gridded_sbs.sh[24]source /work2/noaa/global/role-global/GFS_CI_CD/HERCULES/CI/3745/global-workflow/ush/wave_domain_grid.sh
+ exgfs_wave_post_gridded_sbs.sh[26]DOGRI_WAV=NO
+ exgfs_wave_post_gridded_sbs.sh[27]DOGRB_WAV=YES
+ exgfs_wave_post_gridded_sbs.sh[29]export waveGRD=glo_500
+ exgfs_wave_post_gridded_sbs.sh[29]waveGRD=glo_500
+ exgfs_wave_post_gridded_sbs.sh[30]export waveinterpGRD=
+ exgfs_wave_post_gridded_sbs.sh[30]waveinterpGRD=
+ exgfs_wave_post_gridded_sbs.sh[31]export wavepostGRD=glo_500
+ exgfs_wave_post_gridded_sbs.sh[31]wavepostGRD=glo_500
+ exgfs_wave_post_gridded_sbs.sh[33]cat
  INFO: Grid information:
  INFO:   Native wave grids:  glo_500
  INFO:   Interpolated grids: 
  INFO:   Post-process grids: glo_500
++ exgfs_wave_post_gridded_sbs.sh[40]printf %03i 117
+ exgfs_wave_post_gridded_sbs.sh[40]fhr3=117
++ exgfs_wave_post_gridded_sbs.sh[41]date -u -d '20210323 12 + 117 hours' +%Y%m%d%H
+ exgfs_wave_post_gridded_sbs.sh[41]valid_time=2021032809
+ exgfs_wave_post_gridded_sbs.sh[44]for grdID in ${waveGRD} ${wavepostGRD} ${waveinterpGRD}
+ exgfs_wave_post_gridded_sbs.sh[45]cpreq /work2/noaa/global/role-global/GFS_CI_CD/HERCULES/CI/3745/RUNTESTS/COMROOT/C48_S2SWA_gefs_d16a6edc/gefs.20210323/12/mem002/model/wave/prep/gefs.wave.t12z.mod_def.glo_500.bin mod_def.glo_500
+ cpreq[3]cp /work2/noaa/global/role-global/GFS_CI_CD/HERCULES/CI/3745/RUNTESTS/COMROOT/C48_S2SWA_gefs_d16a6edc/gefs.20210323/12/mem002/model/wave/prep/gefs.wave.t12z.mod_def.glo_500.bin mod_def.glo_500
cp: error writing 'mod_def.glo_500': Disk quota exceeded
+ JGLOBAL_WAVE_POST_SBS[29]export err=1
+ JGLOBAL_WAVE_POST_SBS[29]err=1
+ JGLOBAL_WAVE_POST_SBS[30][[ 1 -ne 0 ]]
+ JGLOBAL_WAVE_POST_SBS[31]err_exit 'ex-script of gridded wave post failed!'
+ preamble.sh[109]set +eux

    -------------------------------------------------------------
    -- FATAL ERROR: ex-script of gridded wave post failed! RETURN CODE 1
    -- ABNORMAL EXIT at Wed Jun  4 10:13:14 CDT 2025 on hercules-04-23
    -------------------------------------------------------------
    

Currently Loaded Modules:
  1) contrib/0.1                      25) git-lfs/3.1.2
  2) intel-oneapi-compilers/2023.1.0  26) crtm/2.4.0.1
  3) stack-intel/2021.9.0             27) g2/3.5.1
  4) intel-oneapi-mpi/2021.9.0        28) g2tmpl/1.13.0
  5) stack-intel-oneapi-mpi/2021.9.0  29) ip/4.3.0
  6) nghttp2/1.57.0                   30) sp/2.5.0
  7) curl/8.4.0                       31) w3emc/2.10.0
  8) cmake/3.23.1                     32) gftl/1.10.0
  9) libjpeg/2.1.0                    33) gftl-shared/1.6.1
 10) jasper/2.0.32                    34) fargparse/1.5.0
 11) zlib/1.2.13                      35) pigz/2.7
 12) libpng/1.6.37                    36) tar/1.34
 13) hdf5/1.14.0                      37) gettext/0.21.1
 14) snappy/1.1.10                    38) libxcrypt/4.4.35
 15) zstd/1.5.2                       39) sqlite/3.43.2
 16) c-blosc/1.21.5                   40) util-linux-uuid/2.38.1
 17) netcdf-c/4.9.2                   41) python/3.10.13
 18) netcdf-fortran/4.6.1             42) mapl/2.40.3-esmf-8.6.0
 19) parallel-netcdf/1.12.2           43) scotch/7.0.4
 20) parallelio/2.5.10                44) ufs_common
 21) esmf/8.6.0                       45) nccmp/1.9.0.1
 22) fms/2024.01.02                   46) ufs_hercules.intel
 23) bacio/2.4.1                      47) prod_util/2.1.1
 24) crtm-fix/2.4.0.1_emc             48) wgrib2/3.1.1

 


ex-script of gridded wave post failed! RETURN CODE 1
/work2/noaa/stmp/role-global/HERCULES/RUNDIRS/C48_S2SWA_gefs_d16a6edc/gefs.2021032312/wavepostsbs_f117.687071
total 0
-rw-r----- 1 role-global stmp 0 Jun  4 10:13 ncepdate
-rw-r----- 1 role-global stmp 0 Jun  4 10:13 mod_def.glo_500
cat: OUTPUT.687760: No such file or directory
slurmstepd: error: *** JOB 5586906 ON hercules-04-23 CANCELLED AT 2025-06-04T10:13:14 ***
