Begin arch_tars.sh at Tue Jan 28 21:09:21 UTC 2025
+ arch_tars.sh[7]: . /scratch1/NCEPDEV/global/CI/3242/global-workflow/ush/load_fv3gfs_modules.sh
++ load_fv3gfs_modules.sh[4]: [[ NO == \N\O ]]
++ load_fv3gfs_modules.sh[5]: echo 'Loading modules quietly...'
Loading modules quietly...
++ load_fv3gfs_modules.sh[6]: set +x
Running "module reset". Resetting modules to system default. The following $MODULEPATH directories have been removed: None

Currently Loaded Modules:
  1) contrib                          43) ip/4.3.0
  2) intel/2022.1.2                   44) grib-util/1.3.0
  3) stack-intel/2021.5.0             45) g2tmpl/1.10.2
  4) impi/2022.1.2                    46) gsi-ncdiag/1.1.2
  5) stack-intel-oneapi-mpi/2021.5.1  47) crtm-fix/2.4.0.1_emc
  6) gettext/0.19.8.1                 48) git-lfs/2.10.0
  7) libxcrypt/4.4.35                 49) crtm/2.4.0.1
  8) zlib/1.2.13                      50) openblas/0.3.24
  9) sqlite/3.43.2                    51) py-setuptools/63.4.3
 10) util-linux-uuid/2.38.1           52) py-numpy/1.23.4
 11) python/3.11.6                    53) bufr/11.7.0
 12) hpss/hpss                        54) gmake/3.82
 13) gempak/7.17.0                    55) wgrib2/2.0.8
 14) ncl/6.6.2                        56) py-f90nml/1.4.3
 15) libjpeg/2.1.0                    57) py-cftime/1.0.3.4
 16) jasper/2.0.32                    58) py-netcdf4/1.5.8
 17) libpng/1.6.37                    59) libyaml/0.2.5
 18) openjpeg/2.3.1                   60) py-pyyaml/6.0
 19) eccodes/2.32.0                   61) py-markupsafe/2.1.3
 20) fftw/3.3.10                      62) py-jinja2/3.1.2
 21) nghttp2/1.57.0                   63) py-bottleneck/1.3.7
 22) curl/8.4.0                       64) py-numexpr/2.8.4
 23) proj/8.1.0                       65) py-et-xmlfile/1.0.1
 24) udunits/2.2.28                   66) py-openpyxl/3.1.2
 25) cdo/2.2.0                        67) py-pytz/2023.3
 26) R/3.6.1                          68) py-pyxlsb/1.0.10
 27) perl/5.38.0                      69) py-xlrd/2.0.1
 28) pkg-config/0.27.1                70) py-xlsxwriter/3.1.7
 29) hdf5/1.14.0                      71) py-xlwt/1.3.0
 30) snappy/1.1.10                    72) py-pandas/1.5.3
 31) zstd/1.5.2                       73) py-six/1.16.0
 32) c-blosc/1.21.5                   74) py-python-dateutil/2.8.2
 33) netcdf-c/4.9.2                   75) g2c/1.6.4
 34) netcdf-fortran/4.6.1             76) netcdf-cxx4/4.3.1
 35) antlr/2.7.7                      77) met/9.1.3
 36) gsl/2.7.1                        78) metplus/3.1.1
 37) nco/5.0.6                        79) py-packaging/23.1
 38) bacio/2.4.1                      80) py-xarray/2023.7.0
 39) w3emc/2.10.0                     81) prepobs/1.1.0
 40) prod_util/2.1.1                  82) fit2obs/1.1.4
 41) g2/3.4.5                         83) module_base.hera
 42) sp/2.5.0

 

+ arch_tars.sh[8]: status=0
+ arch_tars.sh[9]: [[ 0 -ne 0 ]]
+ arch_tars.sh[13]: PYTHONPATH=/scratch1/NCEPDEV/nems/role.epic/spack-stack/spack-stack-1.6.0/envs/gsi-addon-dev-rocky8/install/intel/2021.5.0/py-xarray-2023.7.0-joweppx/lib/python3.11/site-packages:/scratch1/NCEPDEV/nems/role.epic/spack-stack/spack-stack-1.6.0/envs/gsi-addon-dev-rocky8/install/intel/2021.5.0/py-packaging-23.1-5gvg7qo/lib/python3.11/site-packages:/scratch1/NCEPDEV/nems/role.epic/spack-stack/spack-stack-1.6.0/envs/gsi-addon-dev-rocky8/install/intel/2021.5.0/py-python-dateutil-2.8.2-3qglnj4/lib/python3.11/site-packages:/scratch1/NCEPDEV/nems/role.epic/spack-stack/spack-stack-1.6.0/envs/gsi-addon-dev-rocky8/install/intel/2021.5.0/py-six-1.16.0-t54borv/lib/python3.11/site-packages:/scratch1/NCEPDEV/nems/role.epic/spack-stack/spack-stack-1.6.0/envs/gsi-addon-dev-rocky8/install/intel/2021.5.0/py-pandas-1.5.3-tguwpv3/lib/python3.11/site-packages:/scratch1/NCEPDEV/nems/role.epic/spack-stack/spack-stack-1.6.0/envs/gsi-addon-dev-rocky8/install/intel/2021.5.0/py-xlwt-1.3.0-5nxruci/lib/python3.11/site-packages:/scratch1/NCEPDEV/nems/role.epic/spack-stack/spack-stack-1.6.0/envs/gsi-addon-dev-rocky8/install/intel/2021.5.0/py-xlsxwriter-3.1.7-7l25bnt/lib/python3.11/site-packages:/scratch1/NCEPDEV/nems/role.epic/spack-stack/spack-stack-1.6.0/envs/gsi-addon-dev-rocky8/install/intel/2021.5.0/py-xlrd-2.0.1-fwxe33t/lib/python3.11/site-packages:/scratch1/NCEPDEV/nems/role.epic/spack-stack/spack-stack-1.6.0/envs/gsi-addon-dev-rocky8/install/intel/2021.5.0/py-pyxlsb-1.0.10-ghdqaaw/lib/python3.11/site-packages:/scratch1/NCEPDEV/nems/role.epic/spack-stack/spack-stack-1.6.0/envs/gsi-addon-dev-rocky8/install/intel/2021.5.0/py-pytz-2023.3-kkz2z3d/lib/python3.11/site-packages:/scratch1/NCEPDEV/nems/role.epic/spack-stack/spack-stack-1.6.0/envs/gsi-addon-dev-rocky8/install/intel/2021.5.0/py-openpyxl-3.1.2-4tswswo/lib/python3.11/site-packages:/scratch1/NCEPDEV/nems/role.epic/spack-stack/spack-stack-1.6.0/envs/gsi-addon-dev-rocky8/install/intel/2021.5.0/py-et-xmlfile-1.0.1-it6uamo/lib/python3.11/site-packages:/scratch1/NCEPDEV/nems/role.epic/spack-stack/spack-stack-1.6.0/envs/gsi-addon-dev-rocky8/install/intel/2021.5.0/py-numexpr-2.8.4-uqnmadj/lib/python3.11/site-packages:/scratch1/NCEPDEV/nems/role.epic/spack-stack/spack-stack-1.6.0/envs/gsi-addon-dev-rocky8/install/intel/2021.5.0/py-bottleneck-1.3.7-4itjkyr/lib/python3.11/site-packages:/scratch1/NCEPDEV/nems/role.epic/spack-stack/spack-stack-1.6.0/envs/gsi-addon-dev-rocky8/install/intel/2021.5.0/py-jinja2-3.1.2-3yb4fme/lib/python3.11/site-packages:/scratch1/NCEPDEV/nems/role.epic/spack-stack/spack-stack-1.6.0/envs/gsi-addon-dev-rocky8/install/intel/2021.5.0/py-markupsafe-2.1.3-clrlf2z/lib/python3.11/site-packages:/scratch1/NCEPDEV/nems/role.epic/spack-stack/spack-stack-1.6.0/envs/gsi-addon-dev-rocky8/install/intel/2021.5.0/py-pyyaml-6.0-4sduut5/lib/python3.11/site-packages:/scratch1/NCEPDEV/nems/role.epic/spack-stack/spack-stack-1.6.0/envs/gsi-addon-dev-rocky8/install/intel/2021.5.0/py-netcdf4-1.5.8-haeompg/lib/python3.11/site-packages:/scratch1/NCEPDEV/nems/role.epic/spack-stack/spack-stack-1.6.0/envs/gsi-addon-dev-rocky8/install/intel/2021.5.0/py-cftime-1.0.3.4-4s5bg7j/lib/python3.11/site-packages:/scratch1/NCEPDEV/nems/role.epic/spack-stack/spack-stack-1.6.0/envs/gsi-addon-dev-rocky8/install/intel/2021.5.0/py-f90nml-1.4.3-b4vzhct/lib/python3.11/site-packages:/scratch1/NCEPDEV/nems/role.epic/spack-stack/spack-stack-1.6.0/envs/gsi-addon-dev-rocky8/install/intel/2021.5.0/bufr-11.7.0-w62mmgj/lib64/python3.11/site-packages:/scratch1/NCEPDEV/nems/role.epic/spack-stack/spack-stack-1.6.0/envs/gsi-addon-dev-rocky8/install/intel/2021.5.0/bufr-11.7.0-w62mmgj/lib/python3.11/site-packages:/scratch1/NCEPDEV/nems/role.epic/spack-stack/spack-stack-1.6.0/envs/gsi-addon-dev-rocky8/install/intel/2021.5.0/py-numpy-1.23.4-yrvnxwk/lib/python3.11/site-packages:/scratch1/NCEPDEV/nems/role.epic/spack-stack/spack-stack-1.6.0/envs/gsi-addon-dev-rocky8/install/intel/2021.5.0/py-setuptools-63.4.3-qppw6fo/lib/python3.11/site-packages:/scratch1/NCEPDEV/global/CI/3242/global-workflow/ush:/scratch1/NCEPDEV/global/CI/3242/global-workflow/ush/python:/scratch1/NCEPDEV/global/CI/3242/global-workflow/ush/python
+ arch_tars.sh[14]: export PYTHONPATH
+ arch_tars.sh[16]: export job=arch_tars
+ arch_tars.sh[16]: job=arch_tars
+ arch_tars.sh[17]: export jobid=arch_tars.515716
+ arch_tars.sh[17]: jobid=arch_tars.515716
+ arch_tars.sh[21]: /scratch1/NCEPDEV/global/CI/3242/global-workflow/jobs/JGLOBAL_ARCHIVE_TARS
Begin JGLOBAL_ARCHIVE_TARS at Tue Jan 28 21:09:29 UTC 2025
+ JGLOBAL_ARCHIVE_TARS[4]: source /scratch1/NCEPDEV/global/CI/3242/global-workflow/ush/jjob_header.sh -e arch_tars -c 'base arch_tars'
++ jjob_header.sh[43]: OPTIND=1
++ jjob_header.sh[44]: getopts c:e: option
++ jjob_header.sh[45]: case "${option}" in
++ jjob_header.sh[47]: env_job=arch_tars
++ jjob_header.sh[44]: getopts c:e: option
++ jjob_header.sh[45]: case "${option}" in
++ jjob_header.sh[46]: read -ra configs
++ jjob_header.sh[44]: getopts c:e: option
++ jjob_header.sh[58]: shift 4
++ jjob_header.sh[60]: [[ -z arch_tars ]]
++ jjob_header.sh[68]: export DATA=/scratch1/NCEPDEV/stmp2/Terry.McGuinness/RUNDIRS/C48_S2SW_b2bf61c8/gfs.2021032312/arch_tars.515716
++ jjob_header.sh[68]: DATA=/scratch1/NCEPDEV/stmp2/Terry.McGuinness/RUNDIRS/C48_S2SW_b2bf61c8/gfs.2021032312/arch_tars.515716
++ jjob_header.sh[69]: [[ YES == \Y\E\S ]]
++ jjob_header.sh[70]: rm -rf /scratch1/NCEPDEV/stmp2/Terry.McGuinness/RUNDIRS/C48_S2SW_b2bf61c8/gfs.2021032312/arch_tars.515716
++ jjob_header.sh[72]: mkdir -p /scratch1/NCEPDEV/stmp2/Terry.McGuinness/RUNDIRS/C48_S2SW_b2bf61c8/gfs.2021032312/arch_tars.515716
++ jjob_header.sh[73]: cd /scratch1/NCEPDEV/stmp2/Terry.McGuinness/RUNDIRS/C48_S2SW_b2bf61c8/gfs.2021032312/arch_tars.515716
++ jjob_header.sh[79]: export cycle=t12z
++ jjob_header.sh[79]: cycle=t12z
++ jjob_header.sh[80]: setpdy.sh
sed: can't read /scratch1/NCEPDEV/global/CI/3242/RUNTESTS/COMROOT/date/t12z: No such file or directory
 completed cleanly
 completed cleanly
Source PDY script to export PDYm7, ..., PDY, ..., PDYp7 variables.
++ jjob_header.sh[81]: source ./PDY
+++ PDY[1]: export PDYm7=20210316
+++ PDY[1]: PDYm7=20210316
+++ PDY[2]: export PDYm6=20210317
+++ PDY[2]: PDYm6=20210317
+++ PDY[3]: export PDYm5=20210318
+++ PDY[3]: PDYm5=20210318
+++ PDY[4]: export PDYm4=20210319
+++ PDY[4]: PDYm4=20210319
+++ PDY[5]: export PDYm3=20210320
+++ PDY[5]: PDYm3=20210320
+++ PDY[6]: export PDYm2=20210321
+++ PDY[6]: PDYm2=20210321
+++ PDY[7]: export PDYm1=20210322
+++ PDY[7]: PDYm1=20210322
+++ PDY[8]: export PDY=20210323
+++ PDY[8]: PDY=20210323
+++ PDY[9]: export PDYp1=20210324
+++ PDY[9]: PDYp1=20210324
+++ PDY[10]: export PDYp2=20210325
+++ PDY[10]: PDYp2=20210325
+++ PDY[11]: export PDYp3=20210326
+++ PDY[11]: PDYp3=20210326
+++ PDY[12]: export PDYp4=20210327
+++ PDY[12]: PDYp4=20210327
+++ PDY[13]: export PDYp5=20210328
+++ PDY[13]: PDYp5=20210328
+++ PDY[14]: export PDYp6=20210329
+++ PDY[14]: PDYp6=20210329
+++ PDY[15]: export PDYp7=20210330
+++ PDY[15]: PDYp7=20210330
++ jjob_header.sh[87]: export pid=516442
++ jjob_header.sh[87]: pid=516442
++ jjob_header.sh[88]: export pgmout=OUTPUT.516442
++ jjob_header.sh[88]: pgmout=OUTPUT.516442
++ jjob_header.sh[89]: export pgmerr=errfile
++ jjob_header.sh[89]: pgmerr=errfile
++ jjob_header.sh[95]: export EXPDIR=/scratch1/NCEPDEV/global/CI/3242/RUNTESTS/EXPDIR/C48_S2SW_b2bf61c8
++ jjob_header.sh[95]: EXPDIR=/scratch1/NCEPDEV/global/CI/3242/RUNTESTS/EXPDIR/C48_S2SW_b2bf61c8
++ jjob_header.sh[96]: for config in "${configs[@]:-''}"
++ jjob_header.sh[97]: source /scratch1/NCEPDEV/global/CI/3242/RUNTESTS/EXPDIR/C48_S2SW_b2bf61c8/config.base
+++ config.base[6]: echo 'BEGIN: config.base'
BEGIN: config.base
+++ config.base[9]: export machine=HERA
+++ config.base[9]: machine=HERA
+++ config.base[12]: export RUN_ENVIR=emc
+++ config.base[12]: RUN_ENVIR=emc
+++ config.base[15]: export ACCOUNT=nems
+++ config.base[15]: ACCOUNT=nems
+++ config.base[16]: export QUEUE=batch
+++ config.base[16]: QUEUE=batch
+++ config.base[17]: export QUEUE_SERVICE=batch
+++ config.base[17]: QUEUE_SERVICE=batch
+++ config.base[18]: export PARTITION_BATCH=hera
+++ config.base[18]: PARTITION_BATCH=hera
+++ config.base[19]: export PARTITION_SERVICE=service
+++ config.base[19]: PARTITION_SERVICE=service
+++ config.base[20]: export RESERVATION=
+++ config.base[20]: RESERVATION=
+++ config.base[21]: export CLUSTERS=
+++ config.base[21]: CLUSTERS=
+++ config.base[24]: export HPSS_PROJECT=emc-global
+++ config.base[24]: HPSS_PROJECT=emc-global
+++ config.base[27]: export HOMEgfs=/scratch1/NCEPDEV/global/CI/3242/global-workflow
+++ config.base[27]: HOMEgfs=/scratch1/NCEPDEV/global/CI/3242/global-workflow
+++ config.base[28]: export EXECgfs=/scratch1/NCEPDEV/global/CI/3242/global-workflow/exec
+++ config.base[28]: EXECgfs=/scratch1/NCEPDEV/global/CI/3242/global-workflow/exec
+++ config.base[29]: export FIXgfs=/scratch1/NCEPDEV/global/CI/3242/global-workflow/fix
+++ config.base[29]: FIXgfs=/scratch1/NCEPDEV/global/CI/3242/global-workflow/fix
+++ config.base[30]: export PARMgfs=/scratch1/NCEPDEV/global/CI/3242/global-workflow/parm
+++ config.base[30]: PARMgfs=/scratch1/NCEPDEV/global/CI/3242/global-workflow/parm
+++ config.base[31]: export SCRgfs=/scratch1/NCEPDEV/global/CI/3242/global-workflow/scripts
+++ config.base[31]: SCRgfs=/scratch1/NCEPDEV/global/CI/3242/global-workflow/scripts
+++ config.base[32]: export USHgfs=/scratch1/NCEPDEV/global/CI/3242/global-workflow/ush
+++ config.base[32]: USHgfs=/scratch1/NCEPDEV/global/CI/3242/global-workflow/ush
+++ config.base[34]: export FIXam=/scratch1/NCEPDEV/global/CI/3242/global-workflow/fix/am
+++ config.base[34]: FIXam=/scratch1/NCEPDEV/global/CI/3242/global-workflow/fix/am
+++ config.base[35]: export FIXaer=/scratch1/NCEPDEV/global/CI/3242/global-workflow/fix/aer
+++ config.base[35]: FIXaer=/scratch1/NCEPDEV/global/CI/3242/global-workflow/fix/aer
+++ config.base[36]: export FIXcpl=/scratch1/NCEPDEV/global/CI/3242/global-workflow/fix/cpl
+++ config.base[36]: FIXcpl=/scratch1/NCEPDEV/global/CI/3242/global-workflow/fix/cpl
+++ config.base[37]: export FIXlut=/scratch1/NCEPDEV/global/CI/3242/global-workflow/fix/lut
+++ config.base[37]: FIXlut=/scratch1/NCEPDEV/global/CI/3242/global-workflow/fix/lut
+++ config.base[38]: export FIXcice=/scratch1/NCEPDEV/global/CI/3242/global-workflow/fix/cice
+++ config.base[38]: FIXcice=/scratch1/NCEPDEV/global/CI/3242/global-workflow/fix/cice
+++ config.base[39]: export FIXmom=/scratch1/NCEPDEV/global/CI/3242/global-workflow/fix/mom6
+++ config.base[39]: FIXmom=/scratch1/NCEPDEV/global/CI/3242/global-workflow/fix/mom6
+++ config.base[40]: export FIXreg2grb2=/scratch1/NCEPDEV/global/CI/3242/global-workflow/fix/reg2grb2
+++ config.base[40]: FIXreg2grb2=/scratch1/NCEPDEV/global/CI/3242/global-workflow/fix/reg2grb2
+++ config.base[41]: export FIXgdas=/scratch1/NCEPDEV/global/CI/3242/global-workflow/fix/gdas
+++ config.base[41]: FIXgdas=/scratch1/NCEPDEV/global/CI/3242/global-workflow/fix/gdas
+++ config.base[46]: export PACKAGEROOT=/scratch1/NCEPDEV/global/glopara/nwpara
+++ config.base[46]: PACKAGEROOT=/scratch1/NCEPDEV/global/glopara/nwpara
+++ config.base[47]: export COMROOT=/scratch1/NCEPDEV/global/CI/3242/RUNTESTS/COMROOT
+++ config.base[47]: COMROOT=/scratch1/NCEPDEV/global/CI/3242/RUNTESTS/COMROOT
+++ config.base[48]: export COMINsyn=/scratch1/NCEPDEV/global/glopara/com/gfs/prod/syndat
+++ config.base[48]: COMINsyn=/scratch1/NCEPDEV/global/glopara/com/gfs/prod/syndat
+++ config.base[49]: export DMPDIR=/scratch1/NCEPDEV/global/glopara/dump
+++ config.base[49]: DMPDIR=/scratch1/NCEPDEV/global/glopara/dump
+++ config.base[53]: export COMINecmwf=/scratch1/NCEPDEV/global/glopara/data/external_gempak/ecmwf
+++ config.base[53]: COMINecmwf=/scratch1/NCEPDEV/global/glopara/data/external_gempak/ecmwf
+++ config.base[54]: export COMINnam=/scratch1/NCEPDEV/global/glopara/data/external_gempak/nam
+++ config.base[54]: COMINnam=/scratch1/NCEPDEV/global/glopara/data/external_gempak/nam
+++ config.base[55]: export COMINukmet=/scratch1/NCEPDEV/global/glopara/data/external_gempak/ukmet
+++ config.base[55]: COMINukmet=/scratch1/NCEPDEV/global/glopara/data/external_gempak/ukmet
+++ config.base[58]: export HOMEDIR=/scratch1/NCEPDEV/global/Terry.McGuinness
+++ config.base[58]: HOMEDIR=/scratch1/NCEPDEV/global/Terry.McGuinness
+++ config.base[59]: export STMP=/scratch1/NCEPDEV/stmp2/Terry.McGuinness
+++ config.base[59]: STMP=/scratch1/NCEPDEV/stmp2/Terry.McGuinness
+++ config.base[60]: export PTMP=/scratch1/NCEPDEV/stmp4/Terry.McGuinness
+++ config.base[60]: PTMP=/scratch1/NCEPDEV/stmp4/Terry.McGuinness
+++ config.base[61]: export NOSCRUB=/scratch1/NCEPDEV/global/Terry.McGuinness
+++ config.base[61]: NOSCRUB=/scratch1/NCEPDEV/global/Terry.McGuinness
+++ config.base[64]: export BASE_GIT=/scratch1/NCEPDEV/global/glopara/git
+++ config.base[64]: BASE_GIT=/scratch1/NCEPDEV/global/glopara/git
+++ config.base[67]: export BASE_DATA=/scratch1/NCEPDEV/global/glopara/data
+++ config.base[67]: BASE_DATA=/scratch1/NCEPDEV/global/glopara/data
+++ config.base[70]: export DO_GOES=NO
+++ config.base[70]: DO_GOES=NO
+++ config.base[71]: export DO_BUFRSND=NO
+++ config.base[71]: DO_BUFRSND=NO
+++ config.base[72]: export DO_GEMPAK=NO
+++ config.base[72]: DO_GEMPAK=NO
+++ config.base[73]: export DO_AWIPS=NO
+++ config.base[73]: DO_AWIPS=NO
+++ config.base[74]: export DO_NPOESS=NO
+++ config.base[74]: DO_NPOESS=NO
+++ config.base[75]: export DO_TRACKER=YES
+++ config.base[75]: DO_TRACKER=YES
+++ config.base[76]: export DO_GENESIS=YES
+++ config.base[76]: DO_GENESIS=YES
+++ config.base[77]: export DO_GENESIS_FSU=NO
+++ config.base[77]: DO_GENESIS_FSU=NO
+++ config.base[78]: export DO_VERFOZN=YES
+++ config.base[78]: DO_VERFOZN=YES
+++ config.base[79]: export DO_VERFRAD=YES
+++ config.base[79]: DO_VERFRAD=YES
+++ config.base[80]: export DO_VMINMON=YES
+++ config.base[80]: DO_VMINMON=YES
+++ config.base[81]: export DO_MOS=NO
+++ config.base[81]: DO_MOS=NO
+++ config.base[87]: export REALTIME=YES
+++ config.base[87]: REALTIME=YES
+++ config.base[90]: export MODE=forecast-only
+++ config.base[90]: MODE=forecast-only
+++ config.base[91]: export DO_TEST_MODE=YES
+++ config.base[91]: DO_TEST_MODE=YES
+++ config.base[100]: export FIXgsi=/scratch1/NCEPDEV/global/CI/3242/global-workflow/fix/gsi
+++ config.base[100]: FIXgsi=/scratch1/NCEPDEV/global/CI/3242/global-workflow/fix/gsi
+++ config.base[101]: export HOMEpost=/scratch1/NCEPDEV/global/CI/3242/global-workflow
+++ config.base[101]: HOMEpost=/scratch1/NCEPDEV/global/CI/3242/global-workflow
+++ config.base[102]: export HOMEobsproc=/scratch1/NCEPDEV/global/glopara/git/obsproc/v1.2.0
+++ config.base[102]: HOMEobsproc=/scratch1/NCEPDEV/global/glopara/git/obsproc/v1.2.0
+++ config.base[105]: export 'NCP=/bin/cp -p'
+++ config.base[105]: NCP='/bin/cp -p'
+++ config.base[106]: export NMV=/bin/mv
+++ config.base[106]: NMV=/bin/mv
+++ config.base[107]: export 'NLN=/bin/ln -sf'
+++ config.base[107]: NLN='/bin/ln -sf'
+++ config.base[108]: export VERBOSE=YES
+++ config.base[108]: VERBOSE=YES
+++ config.base[109]: export KEEPDATA=NO
+++ config.base[109]: KEEPDATA=NO
+++ config.base[110]: export DEBUG_POSTSCRIPT=NO
+++ config.base[110]: DEBUG_POSTSCRIPT=NO
+++ config.base[111]: export CHGRP_RSTPROD=YES
+++ config.base[111]: CHGRP_RSTPROD=YES
+++ config.base[112]: export 'CHGRP_CMD=chgrp rstprod'
+++ config.base[112]: CHGRP_CMD='chgrp rstprod'
+++ config.base[113]: export NCDUMP=/scratch1/NCEPDEV/nems/role.epic/spack-stack/spack-stack-1.6.0/envs/gsi-addon-dev-rocky8/install/intel/2021.5.0/netcdf-c-4.9.2-ejp7j3k/bin/ncdump
+++ config.base[113]: NCDUMP=/scratch1/NCEPDEV/nems/role.epic/spack-stack/spack-stack-1.6.0/envs/gsi-addon-dev-rocky8/install/intel/2021.5.0/netcdf-c-4.9.2-ejp7j3k/bin/ncdump
+++ config.base[114]: export NCLEN=/scratch1/NCEPDEV/global/CI/3242/global-workflow/ush/getncdimlen
+++ config.base[114]: NCLEN=/scratch1/NCEPDEV/global/CI/3242/global-workflow/ush/getncdimlen
+++ config.base[117]: export BASE_ENV=/scratch1/NCEPDEV/global/CI/3242/global-workflow/env
+++ config.base[117]: BASE_ENV=/scratch1/NCEPDEV/global/CI/3242/global-workflow/env
+++ config.base[118]: export BASE_JOB=/scratch1/NCEPDEV/global/CI/3242/global-workflow/jobs/rocoto
+++ config.base[118]: BASE_JOB=/scratch1/NCEPDEV/global/CI/3242/global-workflow/jobs/rocoto
+++ config.base[121]: export SDATE=2021032312
+++ config.base[121]: SDATE=2021032312
+++ config.base[122]: export EDATE=2021032312
+++ config.base[122]: EDATE=2021032312
+++ config.base[123]: export EXP_WARM_START=.false.
+++ config.base[123]: EXP_WARM_START=.false.
+++ config.base[124]: export assim_freq=6
+++ config.base[124]: assim_freq=6
+++ config.base[125]: export PSLOT=C48_S2SW_b2bf61c8
+++ config.base[125]: PSLOT=C48_S2SW_b2bf61c8
+++ config.base[126]: export EXPDIR=/scratch1/NCEPDEV/global/CI/3242/RUNTESTS/EXPDIR/C48_S2SW_b2bf61c8
+++ config.base[126]: EXPDIR=/scratch1/NCEPDEV/global/CI/3242/RUNTESTS/EXPDIR/C48_S2SW_b2bf61c8
+++ config.base[127]: export ROTDIR=/scratch1/NCEPDEV/global/CI/3242/RUNTESTS/COMROOT/C48_S2SW_b2bf61c8
+++ config.base[127]: ROTDIR=/scratch1/NCEPDEV/global/CI/3242/RUNTESTS/COMROOT/C48_S2SW_b2bf61c8
+++ config.base[128]: export ROTDIR_DUMP=YES
+++ config.base[128]: ROTDIR_DUMP=YES
+++ config.base[129]: export DUMP_SUFFIX=
+++ config.base[129]: DUMP_SUFFIX=
+++ config.base[130]: [[ 2021032312 -ge 2019092100 ]]
+++ config.base[130]: [[ 2021032312 -le 2019110700 ]]
+++ config.base[133]: export ARCDIR=/scratch1/NCEPDEV/global/Terry.McGuinness/archive/C48_S2SW_b2bf61c8
+++ config.base[133]: ARCDIR=/scratch1/NCEPDEV/global/Terry.McGuinness/archive/C48_S2SW_b2bf61c8
+++ config.base[134]: export ATARDIR=/NCEPDEV/emc-global/1year/Terry.McGuinness/HERA/scratch/C48_S2SW_b2bf61c8
+++ config.base[134]: ATARDIR=/NCEPDEV/emc-global/1year/Terry.McGuinness/HERA/scratch/C48_S2SW_b2bf61c8
+++ config.base[135]: export FETCHDIR=/NCEPDEV/emc-global/1year/David.Grumm/test_data
+++ config.base[135]: FETCHDIR=/NCEPDEV/emc-global/1year/David.Grumm/test_data
+++ config.base[138]: export envir=prod
+++ config.base[138]: envir=prod
+++ config.base[139]: export NET=gfs
+++ config.base[139]: NET=gfs
+++ config.base[140]: export RUN=gfs
+++ config.base[140]: RUN=gfs
+++ config.base[143]: source /scratch1/NCEPDEV/global/CI/3242/RUNTESTS/EXPDIR/C48_S2SW_b2bf61c8/config.com
++++ config.com[4]: echo 'BEGIN: config.com'
BEGIN: config.com
++++ config.com[37]: [[ emc == \n\c\o ]]
++++ config.com[41]: COM_OBS_TMPL='${ROTDIR}/${RUN}.${YMD}/${HH}/obs'
++++ config.com[42]: COM_RTOFS_TMPL='${DMPDIR}'
++++ config.com[44]: declare -rx COM_OBS_TMPL COM_RTOFS_TMPL
++++ config.com[45]: declare -rx 'COM_OBSDMP_TMPL=${DMPDIR}/${DUMP}${DUMP_SUFFIX}.${YMD}/${HH}/atmos'
++++ config.com[47]: COM_BASE='${ROTDIR}/${RUN}.${YMD}/${HH}/${MEMDIR}'
++++ config.com[49]: declare -rx 'COM_TOP_TMPL=${ROTDIR}/${RUN}.${YMD}/${HH}'
++++ config.com[51]: declare -rx 'COM_CONF_TMPL=${ROTDIR}/${RUN}.${YMD}/${HH}/${MEMDIR}/conf'
++++ config.com[52]: declare -rx 'COM_OBS_JEDI=${ROTDIR}/${RUN}.${YMD}/${HH}/${MEMDIR}/obs_jedi'
++++ config.com[54]: declare -rx 'COM_ATMOS_INPUT_TMPL=${ROTDIR}/${RUN}.${YMD}/${HH}/${MEMDIR}/model/atmos/input'
++++ config.com[55]: declare -rx 'COM_ATMOS_RESTART_TMPL=${ROTDIR}/${RUN}.${YMD}/${HH}/${MEMDIR}/model/atmos/restart'
++++ config.com[56]: declare -rx 'COM_ATMOS_ANALYSIS_TMPL=${ROTDIR}/${RUN}.${YMD}/${HH}/${MEMDIR}/analysis/atmos'
++++ config.com[57]: declare -rx 'COM_SNOW_ANALYSIS_TMPL=${ROTDIR}/${RUN}.${YMD}/${HH}/${MEMDIR}/analysis/snow'
++++ config.com[58]: declare -rx 'COM_ATMOS_HISTORY_TMPL=${ROTDIR}/${RUN}.${YMD}/${HH}/${MEMDIR}/model/atmos/history'
++++ config.com[59]: declare -rx 'COM_ATMOS_MASTER_TMPL=${ROTDIR}/${RUN}.${YMD}/${HH}/${MEMDIR}/model/atmos/master'
++++ config.com[60]: declare -rx 'COM_ATMOS_GRIB_TMPL=${ROTDIR}/${RUN}.${YMD}/${HH}/${MEMDIR}/products/atmos/grib2'
++++ config.com[61]: declare -rx 'COM_ATMOS_GRIB_GRID_TMPL=${ROTDIR}/${RUN}.${YMD}/${HH}/${MEMDIR}/products/atmos/grib2/${GRID}'
++++ config.com[62]: declare -rx 'COM_ATMOS_BUFR_TMPL=${ROTDIR}/${RUN}.${YMD}/${HH}/${MEMDIR}/products/atmos/bufr'
++++ config.com[63]: declare -rx 'COM_ATMOS_GEMPAK_TMPL=${ROTDIR}/${RUN}.${YMD}/${HH}/${MEMDIR}/products/atmos/gempak/${GRID}'
++++ config.com[64]: declare -rx 'COM_ATMOS_GENESIS_TMPL=${ROTDIR}/${RUN}.${YMD}/${HH}/${MEMDIR}/products/atmos/cyclone/genesis_vital'
++++ config.com[65]: declare -rx 'COM_ATMOS_TRACK_TMPL=${ROTDIR}/${RUN}.${YMD}/${HH}/${MEMDIR}/products/atmos/cyclone/tracks'
++++ config.com[66]: declare -rx 'COM_ATMOS_GOES_TMPL=${ROTDIR}/${RUN}.${YMD}/${HH}/${MEMDIR}/products/atmos/goes_sim'
++++ config.com[67]: declare -rx 'COM_ATMOS_IMAGERY_TMPL=${ROTDIR}/${RUN}.${YMD}/${HH}/${MEMDIR}/products/atmos/imagery'
++++ config.com[68]: declare -rx 'COM_ATMOS_OZNMON_TMPL=${ROTDIR}/${RUN}.${YMD}/${HH}/${MEMDIR}/products/atmos/oznmon'
++++ config.com[69]: declare -rx 'COM_ATMOS_RADMON_TMPL=${ROTDIR}/${RUN}.${YMD}/${HH}/${MEMDIR}/products/atmos/radmon'
++++ config.com[70]: declare -rx 'COM_ATMOS_MINMON_TMPL=${ROTDIR}/${RUN}.${YMD}/${HH}/${MEMDIR}/products/atmos/minmon'
++++ config.com[71]: declare -rx 'COM_ATMOS_WMO_TMPL=${ROTDIR}/${RUN}.${YMD}/${HH}/${MEMDIR}/products/atmos/wmo'
++++ config.com[73]: declare -rx 'COM_WAVE_RESTART_TMPL=${ROTDIR}/${RUN}.${YMD}/${HH}/${MEMDIR}/model/wave/restart'
++++ config.com[74]: declare -rx 'COM_WAVE_PREP_TMPL=${ROTDIR}/${RUN}.${YMD}/${HH}/${MEMDIR}/model/wave/prep'
++++ config.com[75]: declare -rx 'COM_WAVE_HISTORY_TMPL=${ROTDIR}/${RUN}.${YMD}/${HH}/${MEMDIR}/model/wave/history'
++++ config.com[76]: declare -rx 'COM_WAVE_GRID_TMPL=${ROTDIR}/${RUN}.${YMD}/${HH}/${MEMDIR}/products/wave/gridded'
++++ config.com[77]: declare -rx 'COM_WAVE_GRID_RES_TMPL=${ROTDIR}/${RUN}.${YMD}/${HH}/${MEMDIR}/products/wave/gridded/${GRDRESNAME}'
++++ config.com[78]: declare -rx 'COM_WAVE_STATION_TMPL=${ROTDIR}/${RUN}.${YMD}/${HH}/${MEMDIR}/products/wave/station'
++++ config.com[79]: declare -rx 'COM_WAVE_GEMPAK_TMPL=${ROTDIR}/${RUN}.${YMD}/${HH}/${MEMDIR}/products/wave/gempak'
++++ config.com[80]: declare -rx 'COM_WAVE_WMO_TMPL=${ROTDIR}/${RUN}.${YMD}/${HH}/${MEMDIR}/products/wave/wmo'
++++ config.com[82]: declare -rx 'COM_OCEAN_HISTORY_TMPL=${ROTDIR}/${RUN}.${YMD}/${HH}/${MEMDIR}/model/ocean/history'
++++ config.com[83]: declare -rx 'COM_OCEAN_RESTART_TMPL=${ROTDIR}/${RUN}.${YMD}/${HH}/${MEMDIR}/model/ocean/restart'
++++ config.com[84]: declare -rx 'COM_OCEAN_INPUT_TMPL=${ROTDIR}/${RUN}.${YMD}/${HH}/${MEMDIR}/model/ocean/input'
++++ config.com[85]: declare -rx 'COM_OCEAN_ANALYSIS_TMPL=${ROTDIR}/${RUN}.${YMD}/${HH}/${MEMDIR}/analysis/ocean'
++++ config.com[86]: declare -rx 'COM_OCEAN_LETKF_TMPL=${ROTDIR}/${RUN}.${YMD}/${HH}/${MEMDIR}/analysis/ocean/letkf'
++++ config.com[87]: declare -rx 'COM_OCEAN_BMATRIX_TMPL=${ROTDIR}/${RUN}.${YMD}/${HH}/${MEMDIR}/bmatrix/ocean'
++++ config.com[88]: declare -rx 'COM_OCEAN_NETCDF_TMPL=${ROTDIR}/${RUN}.${YMD}/${HH}/${MEMDIR}/products/ocean/netcdf'
++++ config.com[89]: declare -rx 'COM_OCEAN_GRIB_TMPL=${ROTDIR}/${RUN}.${YMD}/${HH}/${MEMDIR}/products/ocean/grib2'
++++ config.com[90]: declare -rx 'COM_OCEAN_GRIB_GRID_TMPL=${ROTDIR}/${RUN}.${YMD}/${HH}/${MEMDIR}/products/ocean/grib2/${GRID}'
++++ config.com[92]: declare -rx 'COM_ICE_ANALYSIS_TMPL=${ROTDIR}/${RUN}.${YMD}/${HH}/${MEMDIR}/analysis/ice'
++++ config.com[93]: declare -rx 'COM_ICE_LETKF_TMPL=${ROTDIR}/${RUN}.${YMD}/${HH}/${MEMDIR}/analysis/ice/letkf'
++++ config.com[94]: declare -rx 'COM_ICE_BMATRIX_TMPL=${ROTDIR}/${RUN}.${YMD}/${HH}/${MEMDIR}/bmatrix/ice'
++++ config.com[95]: declare -rx 'COM_ICE_INPUT_TMPL=${ROTDIR}/${RUN}.${YMD}/${HH}/${MEMDIR}/model/ice/input'
++++ config.com[96]: declare -rx 'COM_ICE_HISTORY_TMPL=${ROTDIR}/${RUN}.${YMD}/${HH}/${MEMDIR}/model/ice/history'
++++ config.com[97]: declare -rx 'COM_ICE_RESTART_TMPL=${ROTDIR}/${RUN}.${YMD}/${HH}/${MEMDIR}/model/ice/restart'
++++ config.com[98]: declare -rx 'COM_ICE_NETCDF_TMPL=${ROTDIR}/${RUN}.${YMD}/${HH}/${MEMDIR}/products/ice/netcdf'
++++ config.com[99]: declare -rx 'COM_ICE_GRIB_TMPL=${ROTDIR}/${RUN}.${YMD}/${HH}/${MEMDIR}/products/ice/grib2'
++++ config.com[100]: declare -rx 'COM_ICE_GRIB_GRID_TMPL=${ROTDIR}/${RUN}.${YMD}/${HH}/${MEMDIR}/products/ice/grib2/${GRID}'
++++ config.com[102]: declare -rx 'COM_CHEM_HISTORY_TMPL=${ROTDIR}/${RUN}.${YMD}/${HH}/${MEMDIR}/model/chem/history'
++++ config.com[103]: declare -rx 'COM_CHEM_ANALYSIS_TMPL=${ROTDIR}/${RUN}.${YMD}/${HH}/${MEMDIR}/analysis/chem'
++++ config.com[104]: declare -rx 'COM_CHEM_BMAT_TMPL=${ROTDIR}/${RUN}.${YMD}/${HH}/${MEMDIR}/analysis/chem/bmatrix'
++++ config.com[106]: declare -rx 'COM_MED_RESTART_TMPL=${ROTDIR}/${RUN}.${YMD}/${HH}/${MEMDIR}/model/med/restart'
+++ config.base[146]: export 'ERRSCRIPT=eval [[ $err = 0 ]]'
+++ config.base[146]: ERRSCRIPT='eval [[ $err = 0 ]]'
+++ config.base[147]: export LOGSCRIPT=
+++ config.base[147]: LOGSCRIPT=
+++ config.base[150]: export 'REDOUT=1>'
+++ config.base[150]: REDOUT='1>'
+++ config.base[151]: export 'REDERR=2>'
+++ config.base[151]: REDERR='2>'
+++ config.base[153]: export SENDECF=NO
+++ config.base[153]: SENDECF=NO
+++ config.base[154]: export SENDSDM=NO
+++ config.base[154]: SENDSDM=NO
+++ config.base[155]: export SENDDBN_NTC=NO
+++ config.base[155]: SENDDBN_NTC=NO
+++ config.base[156]: export SENDDBN=NO
+++ config.base[156]: SENDDBN=NO
+++ config.base[157]: export DBNROOT=/scratch1/NCEPDEV/nems/role.epic/spack-stack/spack-stack-1.6.0/envs/gsi-addon-dev-rocky8/install/intel/2021.5.0/prod-util-2.1.1-4vpcrpl/fakedbn
+++ config.base[157]: DBNROOT=/scratch1/NCEPDEV/nems/role.epic/spack-stack/spack-stack-1.6.0/envs/gsi-addon-dev-rocky8/install/intel/2021.5.0/prod-util-2.1.1-4vpcrpl/fakedbn
+++ config.base[160]: export APP=S2SW
+++ config.base[160]: APP=S2SW
+++ config.base[162]: shopt -s extglob
+++ config.base[165]: case "${RUN}" in
+++ config.base[172]: shopt -u extglob
+++ config.base[175]: export DO_ATM=YES
+++ config.base[175]: DO_ATM=YES
+++ config.base[176]: export DO_COUPLED=NO
+++ config.base[176]: DO_COUPLED=NO
+++ config.base[177]: export DO_WAVE=NO
+++ config.base[177]: DO_WAVE=NO
+++ config.base[178]: export DO_OCN=NO
+++ config.base[178]: DO_OCN=NO
+++ config.base[179]: export DO_ICE=NO
+++ config.base[179]: DO_ICE=NO
+++ config.base[180]: DO_AERO=NO
+++ config.base[181]: export DO_PREP_OBS_AERO=NO
+++ config.base[181]: DO_PREP_OBS_AERO=NO
+++ config.base[182]: aero_fcst_runs=gdas
+++ config.base[183]: aero_anl_runs='gdas gfs'
+++ config.base[184]: export DO_AERO_FCST=NO
+++ config.base[184]: DO_AERO_FCST=NO
+++ config.base[185]: export DO_AERO_ANL=NO
+++ config.base[185]: DO_AERO_ANL=NO
+++ config.base[186]: export DOBNDPNT_WAVE=NO
+++ config.base[186]: DOBNDPNT_WAVE=NO
+++ config.base[187]: export DOIBP_WAV=NO
+++ config.base[187]: DOIBP_WAV=NO
+++ config.base[188]: export FRAC_GRID=.true.
+++ config.base[188]: FRAC_GRID=.true.
+++ config.base[189]: export DO_NEST=NO
+++ config.base[189]: DO_NEST=NO
+++ config.base[190]: [[ NO == \Y\E\S ]]
+++ config.base[196]: export ntiles=6
+++ config.base[196]: ntiles=6
+++ config.base[197]: export FIXugwd=/scratch1/NCEPDEV/global/CI/3242/global-workflow/fix/ugwd
+++ config.base[197]: FIXugwd=/scratch1/NCEPDEV/global/CI/3242/global-workflow/fix/ugwd
+++ config.base[198]: export FIXorog=/scratch1/NCEPDEV/global/CI/3242/global-workflow/fix/orog
+++ config.base[198]: FIXorog=/scratch1/NCEPDEV/global/CI/3242/global-workflow/fix/orog
+++ config.base[202]: export OPS_RES=C768
+++ config.base[202]: OPS_RES=C768
+++ config.base[205]: export LEVS=128
+++ config.base[205]: LEVS=128
+++ config.base[206]: export CASE=C48
+++ config.base[206]: CASE=C48
+++ config.base[207]: export CASE_ENS=@CASEENS@
+++ config.base[207]: CASE_ENS=@CASEENS@
+++ config.base[208]: export OCNRES=500
+++ config.base[208]: OCNRES=500
+++ config.base[209]: export ICERES=500
+++ config.base[209]: ICERES=500
+++ config.base[212]: case "${CASE}" in
+++ config.base[214]: export waveGRD=uglo_100km
+++ config.base[214]: waveGRD=uglo_100km
+++ config.base[231]: case "${APP}" in
+++ config.base[247]: export DO_COUPLED=YES
+++ config.base[247]: DO_COUPLED=YES
+++ config.base[248]: export DO_OCN=YES
+++ config.base[248]: DO_OCN=YES
+++ config.base[249]: export DO_ICE=YES
+++ config.base[249]: DO_ICE=YES
+++ config.base[251]: [[ S2SW =~ A$ ]]
+++ config.base[255]: [[ S2SW =~ ^S2SW ]]
+++ config.base[256]: export DO_WAVE=YES
+++ config.base[256]: DO_WAVE=YES
+++ config.base[266]: [[ NO == \Y\E\S ]]
+++ config.base[276]: [[ gfs =~ gdas ]]
+++ config.base[279]: [[ gfs =~ gfs ]]
+++ config.base[280]: export FHCYC=24
+++ config.base[280]: FHCYC=24
+++ config.base[284]: export FHMIN=0
+++ config.base[284]: FHMIN=0
+++ config.base[285]: export FHMAX=9
+++ config.base[285]: FHMAX=9
+++ config.base[286]: export FHOUT=3
+++ config.base[286]: FHOUT=3
+++ config.base[287]: export FHOUT_OCN=3
+++ config.base[287]: FHOUT_OCN=3
+++ config.base[288]: export FHOUT_ICE=3
+++ config.base[288]: FHOUT_ICE=3
+++ config.base[289]: export FHOUT_AERO=3
+++ config.base[289]: FHOUT_AERO=3
+++ config.base[292]: export EUPD_CYC=gdas
+++ config.base[292]: EUPD_CYC=gdas
+++ config.base[295]: export INTERVAL_GFS=6
+++ config.base[295]: INTERVAL_GFS=6
+++ config.base[296]: export SDATE_GFS=2021032312
+++ config.base[296]: SDATE_GFS=2021032312
+++ config.base[299]: export FHMIN_GFS=0
+++ config.base[299]: FHMIN_GFS=0
+++ config.base[300]: export FHMAX_GFS=120
+++ config.base[300]: FHMAX_GFS=120
+++ config.base[302]: breakpnts=
+++ config.base[303]: export FCST_SEGMENTS=0,120
+++ config.base[303]: FCST_SEGMENTS=0,120
+++ config.base[304]: export FHOUT_GFS=3
+++ config.base[304]: FHOUT_GFS=3
+++ config.base[305]: export FHMAX_HF_GFS=0
+++ config.base[305]: FHMAX_HF_GFS=0
+++ config.base[306]: export FHOUT_HF_GFS=1
+++ config.base[306]: FHOUT_HF_GFS=1
+++ config.base[307]: export FHOUT_OCN_GFS=6
+++ config.base[307]: FHOUT_OCN_GFS=6
+++ config.base[308]: export FHOUT_ICE_GFS=6
+++ config.base[308]: FHOUT_ICE_GFS=6
+++ config.base[309]: export FHMIN_WAV=0
+++ config.base[309]: FHMIN_WAV=0
+++ config.base[310]: export FHOUT_WAV=3
+++ config.base[310]: FHOUT_WAV=3
+++ config.base[311]: export FHMAX_HF_WAV=120
+++ config.base[311]: FHMAX_HF_WAV=120
+++ config.base[312]: export FHOUT_HF_WAV=1
+++ config.base[312]: FHOUT_HF_WAV=1
+++ config.base[313]: export FHMAX_WAV=9
+++ config.base[313]: FHMAX_WAV=9
+++ config.base[314]: export FHMAX_WAV_GFS=120
+++ config.base[314]: FHMAX_WAV_GFS=120
+++ config.base[315]: export FHMAX_HF_GFS=0
+++ config.base[315]: FHMAX_HF_GFS=0
+++ config.base[316]: export FHMAX_WAV=9
+++ config.base[316]: FHMAX_WAV=9
+++ config.base[317]: export FHMAX_WAV_GFS=120
+++ config.base[317]: FHMAX_WAV_GFS=120
+++ config.base[318]: export FHMAX_HF_WAV=120
+++ config.base[318]: FHMAX_HF_WAV=120
+++ config.base[321]: export ILPOST=1
+++ config.base[321]: ILPOST=1
+++ config.base[322]: ((  FHMAX_HF_GFS < 120  ))
+++ config.base[323]: export ILPOST=3
+++ config.base[323]: ILPOST=3
+++ config.base[327]: export FHMAX_GOES=180
+++ config.base[327]: FHMAX_GOES=180
+++ config.base[328]: export FHOUT_GOES=3
+++ config.base[328]: FHOUT_GOES=3
+++ config.base[329]: ((  FHMAX_GOES > FHMAX_GFS  ))
+++ config.base[330]: export FHMAX_GOES=120
+++ config.base[330]: FHMAX_GOES=120
+++ config.base[334]: export restart_interval_gfs=12
+++ config.base[334]: restart_interval_gfs=12
+++ config.base[339]: export QUILTING=.true.
+++ config.base[339]: QUILTING=.true.
+++ config.base[340]: export OUTPUT_GRID=gaussian_grid
+++ config.base[340]: OUTPUT_GRID=gaussian_grid
+++ config.base[341]: export WRITE_DOPOST=.true.
+++ config.base[341]: WRITE_DOPOST=.true.
+++ config.base[342]: export WRITE_NSFLIP=.true.
+++ config.base[342]: WRITE_NSFLIP=.true.
+++ config.base[345]: export DOIAU=YES
+++ config.base[345]: DOIAU=YES
+++ config.base[346]: export IAUFHRS=3,6,9
+++ config.base[346]: IAUFHRS=3,6,9
+++ config.base[347]: export IAU_FHROT=3
+++ config.base[347]: IAU_FHROT=3
+++ config.base[348]: export IAU_DELTHRS=6
+++ config.base[348]: IAU_DELTHRS=6
+++ config.base[349]: export IAU_OFFSET=6
+++ config.base[349]: IAU_OFFSET=6
+++ config.base[350]: export DOIAU_ENKF=YES
+++ config.base[350]: DOIAU_ENKF=YES
+++ config.base[351]: export IAUFHRS_ENKF=3,6,9
+++ config.base[351]: IAUFHRS_ENKF=3,6,9
+++ config.base[352]: export IAU_DELTHRS_ENKF=6
+++ config.base[352]: IAU_DELTHRS_ENKF=6
+++ config.base[355]: export lobsdiag_forenkf=.true.
+++ config.base[355]: lobsdiag_forenkf=.true.
+++ config.base[363]: export imp_physics=8
+++ config.base[363]: imp_physics=8
+++ config.base[367]: export DO_JEDIATMVAR=NO
+++ config.base[367]: DO_JEDIATMVAR=NO
+++ config.base[368]: export DO_JEDIATMENS=NO
+++ config.base[368]: DO_JEDIATMENS=NO
+++ config.base[369]: export DO_JEDIOCNVAR=NO
+++ config.base[369]: DO_JEDIOCNVAR=NO
+++ config.base[370]: export DO_JEDISNOWDA=NO
+++ config.base[370]: DO_JEDISNOWDA=NO
+++ config.base[371]: export DO_MERGENSST=NO
+++ config.base[371]: DO_MERGENSST=NO
+++ config.base[372]: export DO_STARTMEM_FROM_JEDIICE=NO
+++ config.base[372]: DO_STARTMEM_FROM_JEDIICE=NO
+++ config.base[375]: export DOHYBVAR=@DOHYBVAR@
+++ config.base[375]: DOHYBVAR=@DOHYBVAR@
+++ config.base[376]: export DOHYBVAR_OCN=NO
+++ config.base[376]: DOHYBVAR_OCN=NO
+++ config.base[377]: export NMEM_ENS=0
+++ config.base[377]: NMEM_ENS=0
+++ config.base[378]: export SMOOTH_ENKF=NO
+++ config.base[378]: SMOOTH_ENKF=NO
+++ config.base[379]: export l4densvar=.true.
+++ config.base[379]: l4densvar=.true.
+++ config.base[380]: export lwrite4danl=.true.
+++ config.base[380]: lwrite4danl=.true.
+++ config.base[381]: export DO_CALC_INCREMENT=NO
+++ config.base[381]: DO_CALC_INCREMENT=NO
+++ config.base[384]: export NMEM_ENS_GFS=30
+++ config.base[384]: NMEM_ENS_GFS=30
+++ config.base[385]: export NMEM_ENS_GFS_OFFSET=20
+++ config.base[385]: NMEM_ENS_GFS_OFFSET=20
+++ config.base[386]: export DO_CALC_INCREMENT_ENKF_GFS=NO
+++ config.base[386]: DO_CALC_INCREMENT_ENKF_GFS=NO
+++ config.base[389]: [[ @DOHYBVAR@ = \Y\E\S ]]
+++ config.base[403]: [[ @DOHYBVAR@ == \N\O ]]
+++ config.base[411]: export ENKF_SPREAD=YES
+++ config.base[411]: ENKF_SPREAD=YES
+++ config.base[414]: [[ forecast-only = \c\y\c\l\e\d ]]
+++ config.base[414]: [[ YES = \N\O ]]
+++ config.base[414]: [[ forecast-only = \f\o\r\e\c\a\s\t\-\o\n\l\y ]]
+++ config.base[414]: [[ .false. = \.\f\a\l\s\e\. ]]
+++ config.base[415]: export IAU_OFFSET=0
+++ config.base[415]: IAU_OFFSET=0
+++ config.base[416]: export IAU_FHROT=0
+++ config.base[416]: IAU_FHROT=0
+++ config.base[417]: export IAUFHRS=6,
+++ config.base[417]: IAUFHRS=6,
+++ config.base[420]: [[ YES = \N\O ]]
+++ config.base[424]: [[ YES == \Y\E\S ]]
+++ config.base[425]: export restart_interval_enkfgdas=3
+++ config.base[425]: restart_interval_enkfgdas=3
+++ config.base[430]: export restart_interval_enkfgfs=3
+++ config.base[430]: restart_interval_enkfgfs=3
+++ config.base[432]: [[ YES == \Y\E\S ]]
+++ config.base[433]: export restart_interval_gdas=3
+++ config.base[433]: restart_interval_gdas=3
+++ config.base[438]: export GSI_SOILANAL=NO
+++ config.base[438]: GSI_SOILANAL=NO
+++ config.base[441]: export DONST=YES
+++ config.base[441]: DONST=YES
+++ config.base[442]: [[ YES = \Y\E\S ]]
+++ config.base[442]: export 'FNTSFA=        '
+++ config.base[442]: FNTSFA='        '
+++ config.base[445]: export nst_anl=.true.
+++ config.base[445]: nst_anl=.true.
+++ config.base[448]: export MAKE_NSSTBUFR=NO
+++ config.base[448]: MAKE_NSSTBUFR=NO
+++ config.base[451]: export MAKE_ACFTBUFR=NO
+++ config.base[451]: MAKE_ACFTBUFR=NO
+++ config.base[454]: export 'INCREMENTS_TO_ZERO='\''liq_wat_inc'\'','\''icmr_inc'\'','\''rwmr_inc'\'','\''snmr_inc'\'','\''grle_inc'\'''
+++ config.base[454]: INCREMENTS_TO_ZERO=''\''liq_wat_inc'\'','\''icmr_inc'\'','\''rwmr_inc'\'','\''snmr_inc'\'','\''grle_inc'\'''
+++ config.base[457]: export 'INCVARS_ZERO_STRAT='\''sphum_inc'\'','\''liq_wat_inc'\'','\''icmr_inc'\'','\''rwmr_inc'\'','\''snmr_inc'\'','\''grle_inc'\'''
+++ config.base[457]: INCVARS_ZERO_STRAT=''\''sphum_inc'\'','\''liq_wat_inc'\'','\''icmr_inc'\'','\''rwmr_inc'\'','\''snmr_inc'\'','\''grle_inc'\'''
+++ config.base[458]: export INCVARS_EFOLD=5
+++ config.base[458]: INCVARS_EFOLD=5
+++ config.base[463]: export netcdf_diag=.true.
+++ config.base[463]: netcdf_diag=.true.
+++ config.base[464]: export binary_diag=.false.
+++ config.base[464]: binary_diag=.false.
+++ config.base[467]: export DO_CA=YES
+++ config.base[467]: DO_CA=YES
+++ config.base[470]: export DO_METP=NO
+++ config.base[470]: DO_METP=NO
+++ config.base[471]: export DO_FIT2OBS=YES
+++ config.base[471]: DO_FIT2OBS=YES
+++ config.base[472]: export DO_VRFY_OCEANDA=NO
+++ config.base[472]: DO_VRFY_OCEANDA=NO
+++ config.base[475]: export FHMAX_FITS=132
+++ config.base[475]: FHMAX_FITS=132
+++ config.base[476]: [[ 132 -gt 120 ]]
+++ config.base[476]: export FHMAX_FITS=120
+++ config.base[476]: FHMAX_FITS=120
+++ config.base[479]: export DO_FETCH_HPSS=NO
+++ config.base[479]: DO_FETCH_HPSS=NO
+++ config.base[480]: export DO_FETCH_LOCAL=NO
+++ config.base[480]: DO_FETCH_LOCAL=NO
+++ config.base[483]: export HPSSARCH=YES
+++ config.base[483]: HPSSARCH=YES
+++ config.base[484]: export LOCALARCH=NO
+++ config.base[484]: LOCALARCH=NO
+++ config.base[485]: [[ YES = \Y\E\S ]]
+++ config.base[485]: [[ NO = \Y\E\S ]]
+++ config.base[488]: [[ YES = \Y\E\S ]]
+++ config.base[489]: export DO_ARCHTAR=YES
+++ config.base[489]: DO_ARCHTAR=YES
+++ config.base[493]: export ARCH_CYC=00
+++ config.base[493]: ARCH_CYC=00
+++ config.base[494]: export ARCH_WARMICFREQ=4
+++ config.base[494]: ARCH_WARMICFREQ=4
+++ config.base[495]: export ARCH_FCSTICFREQ=1
+++ config.base[495]: ARCH_FCSTICFREQ=1
+++ config.base[496]: export ARCH_EXPDIR=YES
+++ config.base[496]: ARCH_EXPDIR=YES
+++ config.base[497]: export ARCH_EXPDIR_FREQ=0
+++ config.base[497]: ARCH_EXPDIR_FREQ=0
+++ config.base[498]: export ARCH_HASHES=YES
+++ config.base[498]: ARCH_HASHES=YES
+++ config.base[499]: export ARCH_DIFFS=NO
+++ config.base[499]: ARCH_DIFFS=NO
+++ config.base[502]: [[ NO = \Y\E\S ]]
+++ config.base[510]: export REPLAY_ICS=NO
+++ config.base[510]: REPLAY_ICS=NO
+++ config.base[511]: export OFFSET_START_HOUR=0
+++ config.base[511]: OFFSET_START_HOUR=0
+++ config.base[514]: export NUM_SND_COLLECTIVES=9
+++ config.base[514]: NUM_SND_COLLECTIVES=9
+++ config.base[516]: echo 'END: config.base'
END: config.base
++ jjob_header.sh[98]: status=0
++ jjob_header.sh[99]: ((  status != 0  ))
++ jjob_header.sh[96]: for config in "${configs[@]:-''}"
++ jjob_header.sh[97]: source /scratch1/NCEPDEV/global/CI/3242/RUNTESTS/EXPDIR/C48_S2SW_b2bf61c8/config.arch_tars
+++ config.arch_tars[6]: echo 'BEGIN: config.arch_tars'
BEGIN: config.arch_tars
+++ config.arch_tars[9]: . /scratch1/NCEPDEV/global/CI/3242/RUNTESTS/EXPDIR/C48_S2SW_b2bf61c8/config.resources arch_tars
++++ config.resources[10]: ((  1 != 1  ))
++++ config.resources[34]: step=arch_tars
++++ config.resources[36]: echo 'BEGIN: config.resources'
BEGIN: config.resources
++++ config.resources[38]: case ${machine} in
++++ config.resources[46]: max_tasks_per_node=40
++++ config.resources[48]: mem_node_max=96GB
++++ config.resources[149]: export max_tasks_per_node
++++ config.resources[151]: case ${step} in
++++ config.resources[1063]: walltime=06:00:00
++++ config.resources[1064]: ntasks=1
++++ config.resources[1065]: tasks_per_node=1
++++ config.resources[1066]: threads_per_task=1
++++ config.resources[1067]: memory=4096M
++++ config.resources[1471]: [[ -f /scratch1/NCEPDEV/global/CI/3242/RUNTESTS/EXPDIR/C48_S2SW_b2bf61c8/config.resources.HERA ]]
++++ config.resources[1472]: source /scratch1/NCEPDEV/global/CI/3242/RUNTESTS/EXPDIR/C48_S2SW_b2bf61c8/config.resources.HERA
+++++ config.resources.HERA[5]: case ${step} in
++++ config.resources[1476]: for resource_var in threads_per_task ntasks tasks_per_node NTASKS memory walltime
++++ config.resources[1477]: run_resource_var=threads_per_task_gfs
++++ config.resources[1478]: [[ -n '' ]]
++++ config.resources[1480]: [[ -n 0 ]]
++++ config.resources[1481]: export threads_per_task
++++ config.resources[1476]: for resource_var in threads_per_task ntasks tasks_per_node NTASKS memory walltime
++++ config.resources[1477]: run_resource_var=ntasks_gfs
++++ config.resources[1478]: [[ -n '' ]]
++++ config.resources[1480]: [[ -n 0 ]]
++++ config.resources[1481]: export ntasks
++++ config.resources[1476]: for resource_var in threads_per_task ntasks tasks_per_node NTASKS memory walltime
++++ config.resources[1477]: run_resource_var=tasks_per_node_gfs
++++ config.resources[1478]: [[ -n '' ]]
++++ config.resources[1480]: [[ -n 0 ]]
++++ config.resources[1481]: export tasks_per_node
++++ config.resources[1476]: for resource_var in threads_per_task ntasks tasks_per_node NTASKS memory walltime
++++ config.resources[1477]: run_resource_var=NTASKS_gfs
++++ config.resources[1478]: [[ -n '' ]]
++++ config.resources[1480]: [[ -n '' ]]
++++ config.resources[1476]: for resource_var in threads_per_task ntasks tasks_per_node NTASKS memory walltime
++++ config.resources[1477]: run_resource_var=memory_gfs
++++ config.resources[1478]: [[ -n '' ]]
++++ config.resources[1480]: [[ -n 0 ]]
++++ config.resources[1481]: export memory
++++ config.resources[1476]: for resource_var in threads_per_task ntasks tasks_per_node NTASKS memory walltime
++++ config.resources[1477]: run_resource_var=walltime_gfs
++++ config.resources[1478]: [[ -n '' ]]
++++ config.resources[1480]: [[ -n 0 ]]
++++ config.resources[1481]: export walltime
++++ config.resources[1485]: echo 'END: config.resources'
END: config.resources
+++ config.arch_tars[11]: export ARCH_GAUSSIAN=YES
+++ config.arch_tars[11]: ARCH_GAUSSIAN=YES
+++ config.arch_tars[12]: export ARCH_GAUSSIAN_FHMAX=120
+++ config.arch_tars[12]: ARCH_GAUSSIAN_FHMAX=120
+++ config.arch_tars[13]: export ARCH_GAUSSIAN_FHINC=3
+++ config.arch_tars[13]: ARCH_GAUSSIAN_FHINC=3
+++ config.arch_tars[15]: echo 'END: config.arch_tars'
END: config.arch_tars
++ jjob_header.sh[98]: status=0
++ jjob_header.sh[99]: ((  status != 0  ))
++ jjob_header.sh[109]: source /scratch1/NCEPDEV/global/CI/3242/global-workflow/env/HERA.env arch_tars
+++ HERA.env[3]: [[ 1 -ne 1 ]]
+++ HERA.env[10]: step=arch_tars
+++ HERA.env[12]: export 'launcher=srun -l --export=ALL --hint=nomultithread'
+++ HERA.env[12]: launcher='srun -l --export=ALL --hint=nomultithread'
+++ HERA.env[13]: export 'mpmd_opt=--multi-prog --output=mpmd.%j.%t.out'
+++ HERA.env[13]: mpmd_opt='--multi-prog --output=mpmd.%j.%t.out'
+++ HERA.env[24]: export OMP_STACKSIZE=2048000
+++ HERA.env[24]: OMP_STACKSIZE=2048000
+++ HERA.env[25]: export NTHSTACK=1024000000
+++ HERA.env[25]: NTHSTACK=1024000000
+++ HERA.env[29]: [[ -n 5743311 ]]
+++ HERA.env[30]: ulimit -s unlimited
+++ HERA.env[31]: ulimit -a
core file size          (blocks, -c) unlimited
data seg size           (kbytes, -d) unlimited
scheduling priority             (-e) 0
file size               (blocks, -f) unlimited
pending signals                 (-i) 767041
max locked memory       (kbytes, -l) unlimited
max memory size         (kbytes, -m) 4194304
open files                      (-n) 131072
pipe size            (512 bytes, -p) 8
POSIX message queues     (bytes, -q) 819200
real-time priority              (-r) 0
stack size              (kbytes, -s) unlimited
cpu time               (seconds, -t) unlimited
max user processes              (-u) 767041
virtual memory          (kbytes, -v) unlimited
file locks                      (-x) unlimited
+++ HERA.env[36]: [[ -n 1 ]]
+++ HERA.env[36]: [[ -n 40 ]]
+++ HERA.env[36]: [[ -n 1 ]]
+++ HERA.env[37]: max_threads_per_task=40
+++ HERA.env[38]: NTHREADSmax=1
+++ HERA.env[39]: NTHREADS1=1
+++ HERA.env[40]: [[ 1 -gt 40 ]]
+++ HERA.env[41]: [[ 1 -gt 40 ]]
+++ HERA.env[42]: APRUN_default='srun -l --export=ALL --hint=nomultithread -n 1'
+++ HERA.env[48]: [[ arch_tars = \p\r\e\p ]]
+++ HERA.env[48]: [[ arch_tars = \p\r\e\p\b\u\f\r ]]
+++ HERA.env[55]: [[ arch_tars = \p\r\e\p\_\e\m\i\s\s\i\o\n\s ]]
+++ HERA.env[59]: [[ arch_tars = \w\a\v\e\i\n\i\t ]]
+++ HERA.env[59]: [[ arch_tars = \w\a\v\e\p\r\e\p ]]
+++ HERA.env[59]: [[ arch_tars = \w\a\v\e\p\o\s\t\s\b\s ]]
+++ HERA.env[59]: [[ arch_tars = \w\a\v\e\p\o\s\t\b\n\d\p\n\t ]]
+++ HERA.env[59]: [[ arch_tars = \w\a\v\e\p\o\s\t\b\n\d\p\n\t\b\l\l ]]
+++ HERA.env[59]: [[ arch_tars = \w\a\v\e\p\o\s\t\p\n\t ]]
+++ HERA.env[66]: [[ arch_tars = \a\t\m\a\n\l\v\a\r ]]
+++ HERA.env[71]: [[ arch_tars = \a\t\m\e\n\s\a\n\l\o\b\s ]]
+++ HERA.env[76]: [[ arch_tars = \a\t\m\e\n\s\a\n\l\s\o\l ]]
+++ HERA.env[81]: [[ arch_tars = \a\t\m\e\n\s\a\n\l\l\e\t\k\f ]]
+++ HERA.env[86]: [[ arch_tars = \a\t\m\e\n\s\a\n\l\f\v\3\i\n\c ]]
+++ HERA.env[91]: [[ arch_tars = \a\e\r\o\a\n\l\v\a\r ]]
+++ HERA.env[98]: [[ arch_tars = \a\e\r\o\a\n\l\g\e\n\b ]]
+++ HERA.env[103]: [[ arch_tars = \a\t\m\a\n\l\f\v\3\i\n\c ]]
+++ HERA.env[108]: [[ arch_tars = \p\r\e\p\o\b\s\a\e\r\o ]]
+++ HERA.env[113]: [[ arch_tars = \s\n\o\w\a\n\l ]]
+++ HERA.env[122]: [[ arch_tars = \e\s\n\o\w\a\n\l ]]
+++ HERA.env[131]: [[ arch_tars = \m\a\r\i\n\e\b\m\a\t ]]
+++ HERA.env[136]: [[ arch_tars = \m\a\r\i\n\e\a\n\l\v\a\r ]]
+++ HERA.env[141]: [[ arch_tars = \m\a\r\i\n\e\a\n\l\c\h\k\p\t ]]
+++ HERA.env[146]: [[ arch_tars = \o\c\n\a\n\a\l\e\c\e\n ]]
+++ HERA.env[151]: [[ arch_tars = \m\a\r\i\n\e\a\n\l\l\e\t\k\f ]]
+++ HERA.env[156]: [[ arch_tars = \a\n\a\l ]]
+++ HERA.env[156]: [[ arch_tars = \a\n\a\l\c\a\l\c ]]
+++ HERA.env[181]: [[ arch_tars = \s\f\c\a\n\l ]]
+++ HERA.env[186]: [[ arch_tars = \e\o\b\s ]]
+++ HERA.env[198]: [[ arch_tars = \e\u\p\d ]]
+++ HERA.env[207]: [[ arch_tars = \f\c\s\t ]]
+++ HERA.env[207]: [[ arch_tars = \e\f\c\s ]]
+++ HERA.env[215]: [[ arch_tars = \u\p\p ]]
+++ HERA.env[220]: [[ arch_tars = \a\t\m\o\s\_\p\r\o\d\u\c\t\s ]]
+++ HERA.env[224]: [[ arch_tars = \o\c\e\a\n\i\c\e\_\p\r\o\d\u\c\t\s ]]
+++ HERA.env[229]: [[ arch_tars = \e\c\e\n ]]
+++ HERA.env[242]: [[ arch_tars = \e\s\f\c ]]
+++ HERA.env[251]: [[ arch_tars = \e\p\o\s ]]
+++ HERA.env[256]: [[ arch_tars = \p\o\s\t\s\n\d ]]
+++ HERA.env[267]: [[ arch_tars = \a\w\i\p\s ]]
+++ HERA.env[272]: [[ arch_tars = \g\e\m\p\a\k ]]
+++ HERA.env[279]: [[ arch_tars = \f\i\t\2\o\b\s ]]
++ jjob_header.sh[110]: status=0
++ jjob_header.sh[111]: ((  status != 0  ))
+ JGLOBAL_ARCHIVE_TARS[5]: source /scratch1/NCEPDEV/global/CI/3242/global-workflow/ush/wave_domain_grid.sh
+ JGLOBAL_ARCHIVE_TARS[10]: YMD=20210323
+ JGLOBAL_ARCHIVE_TARS[10]: HH=12
+ JGLOBAL_ARCHIVE_TARS[10]: declare_from_tmpl -rx COMIN_ATMOS_ANALYSIS:COM_ATMOS_ANALYSIS_TMPL COMIN_ATMOS_BUFR:COM_ATMOS_BUFR_TMPL COMIN_ATMOS_GEMPAK:COM_ATMOS_GEMPAK_TMPL COMIN_ATMOS_GENESIS:COM_ATMOS_GENESIS_TMPL COMIN_ATMOS_HISTORY:COM_ATMOS_HISTORY_TMPL COMIN_ATMOS_INPUT:COM_ATMOS_INPUT_TMPL COMIN_ATMOS_MASTER:COM_ATMOS_MASTER_TMPL COMIN_ATMOS_RESTART:COM_ATMOS_RESTART_TMPL COMIN_ATMOS_TRACK:COM_ATMOS_TRACK_TMPL COMIN_ATMOS_WMO:COM_ATMOS_WMO_TMPL COMIN_CHEM_HISTORY:COM_CHEM_HISTORY_TMPL COMIN_CHEM_ANALYSIS:COM_CHEM_ANALYSIS_TMPL COMIN_MED_RESTART:COM_MED_RESTART_TMPL COMIN_SNOW_ANALYSIS:COM_SNOW_ANALYSIS_TMPL COMIN_ICE_HISTORY:COM_ICE_HISTORY_TMPL COMIN_ICE_INPUT:COM_ICE_INPUT_TMPL COMIN_ICE_RESTART:COM_ICE_RESTART_TMPL COMIN_ICE_GRIB:COM_ICE_GRIB_TMPL COMIN_OBS:COM_OBS_TMPL COMIN_TOP:COM_TOP_TMPL COMIN_OCEAN_HISTORY:COM_OCEAN_HISTORY_TMPL COMIN_OCEAN_RESTART:COM_OCEAN_RESTART_TMPL COMIN_OCEAN_GRIB:COM_OCEAN_GRIB_TMPL COMIN_OCEAN_NETCDF:COM_OCEAN_NETCDF_TMPL COMIN_OCEAN_ANALYSIS:COM_OCEAN_ANALYSIS_TMPL COMIN_OCEAN_BMATRIX:COM_OCEAN_BMATRIX_TMPL COMIN_ICE_BMATRIX:COM_ICE_BMATRIX_TMPL COMIN_WAVE_GRID:COM_WAVE_GRID_TMPL COMIN_WAVE_HISTORY:COM_WAVE_HISTORY_TMPL COMIN_WAVE_STATION:COM_WAVE_STATION_TMPL COMIN_WAVE_RESTART:COM_WAVE_RESTART_TMPL COMIN_ATMOS_OZNMON:COM_ATMOS_OZNMON_TMPL COMIN_ATMOS_RADMON:COM_ATMOS_RADMON_TMPL COMIN_ATMOS_MINMON:COM_ATMOS_MINMON_TMPL COMIN_CONF:COM_CONF_TMPL COMOUT_ATMOS_TRACK:COM_ATMOS_TRACK_TMPL
+ bash_utils.sh[35]: [[ NO == \N\O ]]
+ bash_utils.sh[35]: set +x
declare_from_tmpl :: COMIN_ATMOS_ANALYSIS=/scratch1/NCEPDEV/global/CI/3242/RUNTESTS/COMROOT/C48_S2SW_b2bf61c8/gfs.20210323/12//analysis/atmos
declare_from_tmpl :: COMIN_ATMOS_BUFR=/scratch1/NCEPDEV/global/CI/3242/RUNTESTS/COMROOT/C48_S2SW_b2bf61c8/gfs.20210323/12//products/atmos/bufr
declare_from_tmpl :: COMIN_ATMOS_GEMPAK=/scratch1/NCEPDEV/global/CI/3242/RUNTESTS/COMROOT/C48_S2SW_b2bf61c8/gfs.20210323/12//products/atmos/gempak/
declare_from_tmpl :: COMIN_ATMOS_GENESIS=/scratch1/NCEPDEV/global/CI/3242/RUNTESTS/COMROOT/C48_S2SW_b2bf61c8/gfs.20210323/12//products/atmos/cyclone/genesis_vital
declare_from_tmpl :: COMIN_ATMOS_HISTORY=/scratch1/NCEPDEV/global/CI/3242/RUNTESTS/COMROOT/C48_S2SW_b2bf61c8/gfs.20210323/12//model/atmos/history
declare_from_tmpl :: COMIN_ATMOS_INPUT=/scratch1/NCEPDEV/global/CI/3242/RUNTESTS/COMROOT/C48_S2SW_b2bf61c8/gfs.20210323/12//model/atmos/input
declare_from_tmpl :: COMIN_ATMOS_MASTER=/scratch1/NCEPDEV/global/CI/3242/RUNTESTS/COMROOT/C48_S2SW_b2bf61c8/gfs.20210323/12//model/atmos/master
declare_from_tmpl :: COMIN_ATMOS_RESTART=/scratch1/NCEPDEV/global/CI/3242/RUNTESTS/COMROOT/C48_S2SW_b2bf61c8/gfs.20210323/12//model/atmos/restart
declare_from_tmpl :: COMIN_ATMOS_TRACK=/scratch1/NCEPDEV/global/CI/3242/RUNTESTS/COMROOT/C48_S2SW_b2bf61c8/gfs.20210323/12//products/atmos/cyclone/tracks
declare_from_tmpl :: COMIN_ATMOS_WMO=/scratch1/NCEPDEV/global/CI/3242/RUNTESTS/COMROOT/C48_S2SW_b2bf61c8/gfs.20210323/12//products/atmos/wmo
declare_from_tmpl :: COMIN_CHEM_HISTORY=/scratch1/NCEPDEV/global/CI/3242/RUNTESTS/COMROOT/C48_S2SW_b2bf61c8/gfs.20210323/12//model/chem/history
declare_from_tmpl :: COMIN_CHEM_ANALYSIS=/scratch1/NCEPDEV/global/CI/3242/RUNTESTS/COMROOT/C48_S2SW_b2bf61c8/gfs.20210323/12//analysis/chem
declare_from_tmpl :: COMIN_MED_RESTART=/scratch1/NCEPDEV/global/CI/3242/RUNTESTS/COMROOT/C48_S2SW_b2bf61c8/gfs.20210323/12//model/med/restart
declare_from_tmpl :: COMIN_SNOW_ANALYSIS=/scratch1/NCEPDEV/global/CI/3242/RUNTESTS/COMROOT/C48_S2SW_b2bf61c8/gfs.20210323/12//analysis/snow
declare_from_tmpl :: COMIN_ICE_HISTORY=/scratch1/NCEPDEV/global/CI/3242/RUNTESTS/COMROOT/C48_S2SW_b2bf61c8/gfs.20210323/12//model/ice/history
declare_from_tmpl :: COMIN_ICE_INPUT=/scratch1/NCEPDEV/global/CI/3242/RUNTESTS/COMROOT/C48_S2SW_b2bf61c8/gfs.20210323/12//model/ice/input
declare_from_tmpl :: COMIN_ICE_RESTART=/scratch1/NCEPDEV/global/CI/3242/RUNTESTS/COMROOT/C48_S2SW_b2bf61c8/gfs.20210323/12//model/ice/restart
declare_from_tmpl :: COMIN_ICE_GRIB=/scratch1/NCEPDEV/global/CI/3242/RUNTESTS/COMROOT/C48_S2SW_b2bf61c8/gfs.20210323/12//products/ice/grib2
declare_from_tmpl :: COMIN_OBS=/scratch1/NCEPDEV/global/CI/3242/RUNTESTS/COMROOT/C48_S2SW_b2bf61c8/gfs.20210323/12/obs
declare_from_tmpl :: COMIN_TOP=/scratch1/NCEPDEV/global/CI/3242/RUNTESTS/COMROOT/C48_S2SW_b2bf61c8/gfs.20210323/12
declare_from_tmpl :: COMIN_OCEAN_HISTORY=/scratch1/NCEPDEV/global/CI/3242/RUNTESTS/COMROOT/C48_S2SW_b2bf61c8/gfs.20210323/12//model/ocean/history
declare_from_tmpl :: COMIN_OCEAN_RESTART=/scratch1/NCEPDEV/global/CI/3242/RUNTESTS/COMROOT/C48_S2SW_b2bf61c8/gfs.20210323/12//model/ocean/restart
declare_from_tmpl :: COMIN_OCEAN_GRIB=/scratch1/NCEPDEV/global/CI/3242/RUNTESTS/COMROOT/C48_S2SW_b2bf61c8/gfs.20210323/12//products/ocean/grib2
declare_from_tmpl :: COMIN_OCEAN_NETCDF=/scratch1/NCEPDEV/global/CI/3242/RUNTESTS/COMROOT/C48_S2SW_b2bf61c8/gfs.20210323/12//products/ocean/netcdf
declare_from_tmpl :: COMIN_OCEAN_ANALYSIS=/scratch1/NCEPDEV/global/CI/3242/RUNTESTS/COMROOT/C48_S2SW_b2bf61c8/gfs.20210323/12//analysis/ocean
declare_from_tmpl :: COMIN_OCEAN_BMATRIX=/scratch1/NCEPDEV/global/CI/3242/RUNTESTS/COMROOT/C48_S2SW_b2bf61c8/gfs.20210323/12//bmatrix/ocean
declare_from_tmpl :: COMIN_ICE_BMATRIX=/scratch1/NCEPDEV/global/CI/3242/RUNTESTS/COMROOT/C48_S2SW_b2bf61c8/gfs.20210323/12//bmatrix/ice
declare_from_tmpl :: COMIN_WAVE_GRID=/scratch1/NCEPDEV/global/CI/3242/RUNTESTS/COMROOT/C48_S2SW_b2bf61c8/gfs.20210323/12//products/wave/gridded
declare_from_tmpl :: COMIN_WAVE_HISTORY=/scratch1/NCEPDEV/global/CI/3242/RUNTESTS/COMROOT/C48_S2SW_b2bf61c8/gfs.20210323/12//model/wave/history
declare_from_tmpl :: COMIN_WAVE_STATION=/scratch1/NCEPDEV/global/CI/3242/RUNTESTS/COMROOT/C48_S2SW_b2bf61c8/gfs.20210323/12//products/wave/station
declare_from_tmpl :: COMIN_WAVE_RESTART=/scratch1/NCEPDEV/global/CI/3242/RUNTESTS/COMROOT/C48_S2SW_b2bf61c8/gfs.20210323/12//model/wave/restart
declare_from_tmpl :: COMIN_ATMOS_OZNMON=/scratch1/NCEPDEV/global/CI/3242/RUNTESTS/COMROOT/C48_S2SW_b2bf61c8/gfs.20210323/12//products/atmos/oznmon
declare_from_tmpl :: COMIN_ATMOS_RADMON=/scratch1/NCEPDEV/global/CI/3242/RUNTESTS/COMROOT/C48_S2SW_b2bf61c8/gfs.20210323/12//products/atmos/radmon
declare_from_tmpl :: COMIN_ATMOS_MINMON=/scratch1/NCEPDEV/global/CI/3242/RUNTESTS/COMROOT/C48_S2SW_b2bf61c8/gfs.20210323/12//products/atmos/minmon
declare_from_tmpl :: COMIN_CONF=/scratch1/NCEPDEV/global/CI/3242/RUNTESTS/COMROOT/C48_S2SW_b2bf61c8/gfs.20210323/12//conf
declare_from_tmpl :: COMOUT_ATMOS_TRACK=/scratch1/NCEPDEV/global/CI/3242/RUNTESTS/COMROOT/C48_S2SW_b2bf61c8/gfs.20210323/12//products/atmos/cyclone/tracks
+ JGLOBAL_ARCHIVE_TARS[48]: for grid in "0p25" "0p50" "1p00"
+ JGLOBAL_ARCHIVE_TARS[49]: YMD=20210323
+ JGLOBAL_ARCHIVE_TARS[49]: HH=12
+ JGLOBAL_ARCHIVE_TARS[49]: GRID=0p25
+ JGLOBAL_ARCHIVE_TARS[49]: declare_from_tmpl -rx COMIN_ATMOS_GRIB_0p25:COM_ATMOS_GRIB_GRID_TMPL
+ bash_utils.sh[35]: [[ NO == \N\O ]]
+ bash_utils.sh[35]: set +x
declare_from_tmpl :: COMIN_ATMOS_GRIB_0p25=/scratch1/NCEPDEV/global/CI/3242/RUNTESTS/COMROOT/C48_S2SW_b2bf61c8/gfs.20210323/12//products/atmos/grib2/0p25
+ JGLOBAL_ARCHIVE_TARS[48]: for grid in "0p25" "0p50" "1p00"
+ JGLOBAL_ARCHIVE_TARS[49]: YMD=20210323
+ JGLOBAL_ARCHIVE_TARS[49]: HH=12
+ JGLOBAL_ARCHIVE_TARS[49]: GRID=0p50
+ JGLOBAL_ARCHIVE_TARS[49]: declare_from_tmpl -rx COMIN_ATMOS_GRIB_0p50:COM_ATMOS_GRIB_GRID_TMPL
+ bash_utils.sh[35]: [[ NO == \N\O ]]
+ bash_utils.sh[35]: set +x
declare_from_tmpl :: COMIN_ATMOS_GRIB_0p50=/scratch1/NCEPDEV/global/CI/3242/RUNTESTS/COMROOT/C48_S2SW_b2bf61c8/gfs.20210323/12//products/atmos/grib2/0p50
+ JGLOBAL_ARCHIVE_TARS[48]: for grid in "0p25" "0p50" "1p00"
+ JGLOBAL_ARCHIVE_TARS[49]: YMD=20210323
+ JGLOBAL_ARCHIVE_TARS[49]: HH=12
+ JGLOBAL_ARCHIVE_TARS[49]: GRID=1p00
+ JGLOBAL_ARCHIVE_TARS[49]: declare_from_tmpl -rx COMIN_ATMOS_GRIB_1p00:COM_ATMOS_GRIB_GRID_TMPL
+ bash_utils.sh[35]: [[ NO == \N\O ]]
+ bash_utils.sh[35]: set +x
declare_from_tmpl :: COMIN_ATMOS_GRIB_1p00=/scratch1/NCEPDEV/global/CI/3242/RUNTESTS/COMROOT/C48_S2SW_b2bf61c8/gfs.20210323/12//products/atmos/grib2/1p00
+ JGLOBAL_ARCHIVE_TARS[55]: [[ YES == \Y\E\S ]]
/scratch1/NCEPDEV/global/CI/3242/global-workflow/jobs/JGLOBAL_ARCHIVE_TARS: line 57: wavepostGRD: unbound variable
++ JGLOBAL_ARCHIVE_TARS[1]: postamble JGLOBAL_ARCHIVE_TARS 1738098569 1
++ preamble.sh[70]: set +x
End JGLOBAL_ARCHIVE_TARS at 21:09:44 with error code 1 (time elapsed: 00:00:15)
+ arch_tars.sh[1]: postamble arch_tars.sh 1738098561 1
+ preamble.sh[70]: set +x
End arch_tars.sh at 21:09:44 with error code 1 (time elapsed: 00:00:23)
_______________________________________________________________
Start Epilog on node hfe05 for job 5743311 :: Tue Jan 28 21:09:44 UTC 2025
Job 5743311 finished for user Terry.McGuinness in partition service with exit code 1:0
_______________________________________________________________
End Epilogue Tue Jan 28 21:09:44 UTC 2025
