+ OPTIND=1
+ getopts :j:dv option
+ case "${option}" in
+ BUILD_JOBS=1
+ getopts :j:dv option
+ shift 2
+ BUILD_TYPE=Release
+ BUILD_VERBOSE=NO
+ BUILD_JOBS=1
+ UTIL_OPTS='-DBUILD_UTIL_ENKF_GFS=ON -DBUILD_UTIL_NCIO=ON'
+ ./gsi_utils.fd/ush/build.sh

Currently Loaded Modules:
  1) intel/2022.1.2                   21) openblas/0.3.24
  2) stack-intel/2021.5.0             22) py-setuptools/63.4.3
  3) impi/2022.1.2                    23) py-numpy/1.23.4
  4) stack-intel-oneapi-mpi/2021.5.1  24) bufr/11.7.0
  5) gettext/0.19.8.1                 25) bacio/2.4.1
  6) libxcrypt/4.4.35                 26) w3emc/2.10.0
  7) zlib/1.2.13                      27) sp/2.5.0
  8) sqlite/3.43.2                    28) ip/4.3.0
  9) util-linux-uuid/2.38.1           29) sigio/2.3.2
 10) python/3.11.6                    30) sfcio/1.4.1
 11) nghttp2/1.57.0                   31) nemsio/2.5.4
 12) curl/8.4.0                       32) wrf-io/1.2.0
 13) cmake/3.23.1                     33) ncio/1.1.2
 14) snappy/1.1.10                    34) crtm-fix/2.4.0.1_emc
 15) zstd/1.5.2                       35) git-lfs/2.10.0
 16) c-blosc/1.21.5                   36) crtm/2.4.0.1
 17) pkg-config/0.27.1                37) gsi-ncdiag/1.1.2
 18) hdf5/1.14.0                      38) gsiutils_common
 19) netcdf-c/4.9.2                   39) prod_util/2.1.1
 20) netcdf-fortran/4.6.1             40) gsiutils_hera.intel

 

+ cmake -DCMAKE_BUILD_TYPE=Release -DCMAKE_INSTALL_PREFIX=/scratch1/NCEPDEV/global/CI/3120/gfs/sorc/gsi_utils.fd/install -DBUILD_UTIL_ENKF_GFS=ON -DBUILD_UTIL_NCIO=ON /scratch1/NCEPDEV/global/CI/3120/gfs/sorc/gsi_utils.fd
-- The C compiler identification is Intel 2021.5.0.20211109
-- The Fortran compiler identification is Intel 2021.5.0.20211109
-- Detecting C compiler ABI info
-- Detecting C compiler ABI info - done
-- Check for working C compiler: /apps/oneapi/compiler/2022.0.2/linux/bin/intel64/icc - skipped
-- Detecting C compile features
-- Detecting C compile features - done
-- Detecting Fortran compiler ABI info
-- Detecting Fortran compiler ABI info - done
-- Check for working Fortran compiler: /apps/oneapi/compiler/2022.0.2/linux/bin/intel64/ifort - skipped
-- Utils: OPENMP ................. OFF
-- Utils: ENABLE_MKL ............. ON
-- Utils: BUILD_UTIL_AERODA ...... OFF
-- Utils: BUILD_UTIL_COV_CALC .... OFF
-- Utils: BUILD_UTIL_EFSOI ....... OFF
-- Utils: BUILD_UTIL_ENKF_GFS .... ON
-- Utils: BUILD_UTIL_ENKF_ARW .... OFF
-- Utils: BUILD_UTIL_NCIO ........ ON
-- Utils: BUILD_UTIL_COM ......... OFF
-- Utils: BUILD_UTIL_BKGERR ...... OFF
-- Utils: BUILD_UTIL_ETC ......... OFF
-- Found MPI_C: /apps/oneapi/mpi/2021.5.1/lib/libmpifort.so (found version "3.1") 
-- Found MPI_Fortran: /apps/oneapi/mpi/2021.5.1/lib/libmpifort.so (found version "3.1") 
-- Found MPI: TRUE (found version "3.1")  
-- Found NetCDF: /scratch1/NCEPDEV/nems/role.epic/spack-stack/spack-stack-1.6.0/envs/gsi-addon-dev-rocky8/install/intel/2021.5.0/netcdf-c-4.9.2-ejp7j3k/include;/scratch1/NCEPDEV/nems/role.epic/spack-stack/spack-stack-1.6.0/envs/gsi-addon-dev-rocky8/install/intel/2021.5.0/netcdf-fortran-4.6.1-ifhqcwv/include (found version "4.9.2") found components: Fortran 
-- FindNetCDF defines targets:
--   - NetCDF_VERSION [4.9.2]
--   - NetCDF_PARALLEL [TRUE]
--   - NetCDF_C_CONFIG_EXECUTABLE [/scratch1/NCEPDEV/nems/role.epic/spack-stack/spack-stack-1.6.0/envs/gsi-addon-dev-rocky8/install/intel/2021.5.0/netcdf-c-4.9.2-ejp7j3k/bin/nc-config]
--   - NetCDF::NetCDF_C [SHARED] [Root: /scratch1/NCEPDEV/nems/role.epic/spack-stack/spack-stack-1.6.0/envs/gsi-addon-dev-rocky8/install/intel/2021.5.0/netcdf-c-4.9.2-ejp7j3k] Lib: /scratch1/NCEPDEV/nems/role.epic/spack-stack/spack-stack-1.6.0/envs/gsi-addon-dev-rocky8/install/intel/2021.5.0/netcdf-c-4.9.2-ejp7j3k/lib/libnetcdf.so 
--   - NetCDF_Fortran_CONFIG_EXECUTABLE [/scratch1/NCEPDEV/nems/role.epic/spack-stack/spack-stack-1.6.0/envs/gsi-addon-dev-rocky8/install/intel/2021.5.0/netcdf-fortran-4.6.1-ifhqcwv/bin/nf-config]
--   - NetCDF::NetCDF_Fortran [SHARED] [Root: /scratch1/NCEPDEV/nems/role.epic/spack-stack/spack-stack-1.6.0/envs/gsi-addon-dev-rocky8/install/intel/2021.5.0/netcdf-fortran-4.6.1-ifhqcwv] Lib: /scratch1/NCEPDEV/nems/role.epic/spack-stack/spack-stack-1.6.0/envs/gsi-addon-dev-rocky8/install/intel/2021.5.0/netcdf-fortran-4.6.1-ifhqcwv/lib/libnetcdff.so 
-- Found ncdiag: /scratch1/NCEPDEV/nems/role.epic/spack-stack/spack-stack-1.6.0/envs/gsi-addon-dev-rocky8/install/intel/2021.5.0/gsi-ncdiag-1.1.2-vwq6ky5/lib64/libncdiag.a (found version "1.1.2")
-- Found bacio: /scratch1/NCEPDEV/nems/role.epic/spack-stack/spack-stack-1.6.0/envs/gsi-addon-dev-rocky8/install/intel/2021.5.0/bacio-2.4.1-wqq7qmr/lib/libbacio_4.a (found version "2.4.1")
-- Found sigio: /scratch1/NCEPDEV/nems/role.epic/spack-stack/spack-stack-1.6.0/envs/gsi-addon-dev-rocky8/install/intel/2021.5.0/sigio-2.3.2-kupug57/lib/libsigio.a (found version "2.3.0")
-- Found sfcio: /scratch1/NCEPDEV/nems/role.epic/spack-stack/spack-stack-1.6.0/envs/gsi-addon-dev-rocky8/install/intel/2021.5.0/sfcio-1.4.1-zi7ahm2/lib/libsfcio.a (found version "1.4.0")
-- Found bacio: /scratch1/NCEPDEV/nems/role.epic/spack-stack/spack-stack-1.6.0/envs/gsi-addon-dev-rocky8/install/intel/2021.5.0/bacio-2.4.1-wqq7qmr/lib/libbacio_4.a (found version "2.4.1")
-- Found bacio: /scratch1/NCEPDEV/nems/role.epic/spack-stack/spack-stack-1.6.0/envs/gsi-addon-dev-rocky8/install/intel/2021.5.0/bacio-2.4.1-wqq7qmr/lib/libbacio_4.a (found version "2.4.1")
-- Found w3emc: /scratch1/NCEPDEV/nems/role.epic/spack-stack/spack-stack-1.6.0/envs/gsi-addon-dev-rocky8/install/intel/2021.5.0/w3emc-2.10.0-xer6twa/lib64/libw3emc_4.a (found version "2.10.0")
-- Found MPI: TRUE (found version "3.1") found components: Fortran 
-- Found nemsio: /scratch1/NCEPDEV/nems/role.epic/spack-stack/spack-stack-1.6.0/envs/gsi-addon-dev-rocky8/install/intel/2021.5.0/nemsio-2.5.4-gvup4la/lib64/libnemsio.a (found version "2.5.4")
-- Found MPI: TRUE (found version "3.1")  
-- Found ncio: /scratch1/NCEPDEV/nems/role.epic/spack-stack/spack-stack-1.6.0/envs/gsi-addon-dev-rocky8/install/intel/2021.5.0/ncio-1.1.2-j4x7tb3/lib64/libncio.a (found version "1.1.2")
-- Found sp: /scratch1/NCEPDEV/nems/role.epic/spack-stack/spack-stack-1.6.0/envs/gsi-addon-dev-rocky8/install/intel/2021.5.0/sp-2.5.0-2pqzhuv/lib64/libsp_4.a (found version "2.5.0")
-- Found OpenMP_Fortran: -qopenmp (found version "5.0") 
-- Found OpenMP: TRUE (found version "5.0") found components: Fortran 
-- Found sp: /scratch1/NCEPDEV/nems/role.epic/spack-stack/spack-stack-1.6.0/envs/gsi-addon-dev-rocky8/install/intel/2021.5.0/sp-2.5.0-2pqzhuv/lib64/libsp_4.a (found version "2.5.0")
-- Found ip: /scratch1/NCEPDEV/nems/role.epic/spack-stack/spack-stack-1.6.0/envs/gsi-addon-dev-rocky8/install/intel/2021.5.0/ip-4.3.0-ozyjvbg/lib64/libip_4.a (found version "4.2.0")
-- Found bacio: /scratch1/NCEPDEV/nems/role.epic/spack-stack/spack-stack-1.6.0/envs/gsi-addon-dev-rocky8/install/intel/2021.5.0/bacio-2.4.1-wqq7qmr/lib/libbacio_4.a (found version "2.4.1")
-- Found w3emc: /scratch1/NCEPDEV/nems/role.epic/spack-stack/spack-stack-1.6.0/envs/gsi-addon-dev-rocky8/install/intel/2021.5.0/w3emc-2.10.0-xer6twa/lib64/libw3emc_4.a (found version "2.10.0")
-- Found bufr: /scratch1/NCEPDEV/nems/role.epic/spack-stack/spack-stack-1.6.0/envs/gsi-addon-dev-rocky8/install/intel/2021.5.0/bufr-11.7.0-w62mmgj/lib64/libbufr_4.so (found version "11.7.0")
-- Found wrf_io: /scratch1/NCEPDEV/nems/role.epic/spack-stack/spack-stack-1.6.0/envs/gsi-addon-dev-rocky8/install/intel/2021.5.0/wrf-io-1.2.0-ujghbbx/lib/libwrf_io.a (found version "1.2.0")
-- Configuring done
-- Generating done
-- Build files have been written to: /scratch1/NCEPDEV/global/CI/3120/gfs/sorc/gsi_utils.fd/build
+ make -j 1 VERBOSE=NO
/scratch1/NCEPDEV/nems/role.epic/spack-stack/spack-stack-1.6.0/envs/gsi-addon-dev-rocky8/install/intel/2021.5.0/cmake-3.23.1-qjplcak/bin/cmake -S/scratch1/NCEPDEV/global/CI/3120/gfs/sorc/gsi_utils.fd -B/scratch1/NCEPDEV/global/CI/3120/gfs/sorc/gsi_utils.fd/build --check-build-system CMakeFiles/Makefile.cmake 0
/scratch1/NCEPDEV/nems/role.epic/spack-stack/spack-stack-1.6.0/envs/gsi-addon-dev-rocky8/install/intel/2021.5.0/cmake-3.23.1-qjplcak/bin/cmake -E cmake_progress_start /scratch1/NCEPDEV/global/CI/3120/gfs/sorc/gsi_utils.fd/build/CMakeFiles /scratch1/NCEPDEV/global/CI/3120/gfs/sorc/gsi_utils.fd/build//CMakeFiles/progress.marks
make  -f CMakeFiles/Makefile2 all
make[1]: Entering directory '/scratch1/NCEPDEV/global/CI/3120/gfs/sorc/gsi_utils.fd/build'
make  -f src/EnKF/gfs/src/adderrspec.fd/CMakeFiles/adderrspec.x.dir/build.make src/EnKF/gfs/src/adderrspec.fd/CMakeFiles/adderrspec.x.dir/depend
make[2]: Entering directory '/scratch1/NCEPDEV/global/CI/3120/gfs/sorc/gsi_utils.fd/build'
cd /scratch1/NCEPDEV/global/CI/3120/gfs/sorc/gsi_utils.fd/build && /scratch1/NCEPDEV/nems/role.epic/spack-stack/spack-stack-1.6.0/envs/gsi-addon-dev-rocky8/install/intel/2021.5.0/cmake-3.23.1-qjplcak/bin/cmake -E cmake_depends "Unix Makefiles" /scratch1/NCEPDEV/global/CI/3120/gfs/sorc/gsi_utils.fd /scratch1/NCEPDEV/global/CI/3120/gfs/sorc/gsi_utils.fd/src/EnKF/gfs/src/adderrspec.fd /scratch1/NCEPDEV/global/CI/3120/gfs/sorc/gsi_utils.fd/build /scratch1/NCEPDEV/global/CI/3120/gfs/sorc/gsi_utils.fd/build/src/EnKF/gfs/src/adderrspec.fd /scratch1/NCEPDEV/global/CI/3120/gfs/sorc/gsi_utils.fd/build/src/EnKF/gfs/src/adderrspec.fd/CMakeFiles/adderrspec.x.dir/DependInfo.cmake --color=
Dependee "/scratch1/NCEPDEV/global/CI/3120/gfs/sorc/gsi_utils.fd/build/src/EnKF/gfs/src/adderrspec.fd/CMakeFiles/adderrspec.x.dir/DependInfo.cmake" is newer than depender "/scratch1/NCEPDEV/global/CI/3120/gfs/sorc/gsi_utils.fd/build/src/EnKF/gfs/src/adderrspec.fd/CMakeFiles/adderrspec.x.dir/depend.internal".
Dependee "/scratch1/NCEPDEV/global/CI/3120/gfs/sorc/gsi_utils.fd/build/src/EnKF/gfs/src/adderrspec.fd/CMakeFiles/CMakeDirectoryInformation.cmake" is newer than depender "/scratch1/NCEPDEV/global/CI/3120/gfs/sorc/gsi_utils.fd/build/src/EnKF/gfs/src/adderrspec.fd/CMakeFiles/adderrspec.x.dir/depend.internal".
Scanning dependencies of target adderrspec.x
make[2]: Leaving directory '/scratch1/NCEPDEV/global/CI/3120/gfs/sorc/gsi_utils.fd/build'
make  -f src/EnKF/gfs/src/adderrspec.fd/CMakeFiles/adderrspec.x.dir/build.make src/EnKF/gfs/src/adderrspec.fd/CMakeFiles/adderrspec.x.dir/build
make[2]: Entering directory '/scratch1/NCEPDEV/global/CI/3120/gfs/sorc/gsi_utils.fd/build'
[  1%] Building Fortran object src/EnKF/gfs/src/adderrspec.fd/CMakeFiles/adderrspec.x.dir/adderrspec_nmcmeth_ncep_spec.f90.o
cd /scratch1/NCEPDEV/global/CI/3120/gfs/sorc/gsi_utils.fd/build/src/EnKF/gfs/src/adderrspec.fd && /apps/oneapi/compiler/2022.0.2/linux/bin/intel64/ifort -DNDEBUG -I/scratch1/NCEPDEV/nems/role.epic/spack-stack/spack-stack-1.6.0/envs/gsi-addon-dev-rocky8/install/intel/2021.5.0/netcdf-fortran-4.6.1-ifhqcwv/include -I/scratch1/NCEPDEV/nems/role.epic/spack-stack/spack-stack-1.6.0/envs/gsi-addon-dev-rocky8/install/intel/2021.5.0/netcdf-c-4.9.2-ejp7j3k/include -I/apps/oneapi/mpi/2021.5.1/include -I/scratch1/NCEPDEV/nems/role.epic/spack-stack/spack-stack-1.6.0/envs/gsi-addon-dev-rocky8/install/intel/2021.5.0/bacio-2.4.1-wqq7qmr/include_4 -I/scratch1/NCEPDEV/nems/role.epic/spack-stack/spack-stack-1.6.0/envs/gsi-addon-dev-rocky8/install/intel/2021.5.0/sigio-2.3.2-kupug57/include -I/scratch1/NCEPDEV/nems/role.epic/spack-stack/spack-stack-1.6.0/envs/gsi-addon-dev-rocky8/install/intel/2021.5.0/nemsio-2.5.4-gvup4la/include -I/scratch1/NCEPDEV/nems/role.epic/spack-stack/spack-stack-1.6.0/envs/gsi-addon-dev-rocky8/install/intel/2021.5.0/w3emc-2.10.0-xer6twa/include_d -xHOST -g -traceback -implicitnone -fp-model strict -convert big_endian -O3 -qopenmp -c /scratch1/NCEPDEV/global/CI/3120/gfs/sorc/gsi_utils.fd/src/EnKF/gfs/src/adderrspec.fd/adderrspec_nmcmeth_ncep_spec.f90 -o CMakeFiles/adderrspec.x.dir/adderrspec_nmcmeth_ncep_spec.f90.o
[  3%] Linking Fortran executable adderrspec.x
cd /scratch1/NCEPDEV/global/CI/3120/gfs/sorc/gsi_utils.fd/build/src/EnKF/gfs/src/adderrspec.fd && /scratch1/NCEPDEV/nems/role.epic/spack-stack/spack-stack-1.6.0/envs/gsi-addon-dev-rocky8/install/intel/2021.5.0/cmake-3.23.1-qjplcak/bin/cmake -E cmake_link_script CMakeFiles/adderrspec.x.dir/link.txt --verbose=NO
make[2]: Leaving directory '/scratch1/NCEPDEV/global/CI/3120/gfs/sorc/gsi_utils.fd/build'
[  3%] Built target adderrspec.x
make  -f src/EnKF/gfs/src/adjustps.fd/CMakeFiles/adjustps.x.dir/build.make src/EnKF/gfs/src/adjustps.fd/CMakeFiles/adjustps.x.dir/depend
make[2]: Entering directory '/scratch1/NCEPDEV/global/CI/3120/gfs/sorc/gsi_utils.fd/build'
cd /scratch1/NCEPDEV/global/CI/3120/gfs/sorc/gsi_utils.fd/build && /scratch1/NCEPDEV/nems/role.epic/spack-stack/spack-stack-1.6.0/envs/gsi-addon-dev-rocky8/install/intel/2021.5.0/cmake-3.23.1-qjplcak/bin/cmake -E cmake_depends "Unix Makefiles" /scratch1/NCEPDEV/global/CI/3120/gfs/sorc/gsi_utils.fd /scratch1/NCEPDEV/global/CI/3120/gfs/sorc/gsi_utils.fd/src/EnKF/gfs/src/adjustps.fd /scratch1/NCEPDEV/global/CI/3120/gfs/sorc/gsi_utils.fd/build /scratch1/NCEPDEV/global/CI/3120/gfs/sorc/gsi_utils.fd/build/src/EnKF/gfs/src/adjustps.fd /scratch1/NCEPDEV/global/CI/3120/gfs/sorc/gsi_utils.fd/build/src/EnKF/gfs/src/adjustps.fd/CMakeFiles/adjustps.x.dir/DependInfo.cmake --color=
Dependee "/scratch1/NCEPDEV/global/CI/3120/gfs/sorc/gsi_utils.fd/build/src/EnKF/gfs/src/adjustps.fd/CMakeFiles/adjustps.x.dir/DependInfo.cmake" is newer than depender "/scratch1/NCEPDEV/global/CI/3120/gfs/sorc/gsi_utils.fd/build/src/EnKF/gfs/src/adjustps.fd/CMakeFiles/adjustps.x.dir/depend.internal".
Dependee "/scratch1/NCEPDEV/global/CI/3120/gfs/sorc/gsi_utils.fd/build/src/EnKF/gfs/src/adjustps.fd/CMakeFiles/CMakeDirectoryInformation.cmake" is newer than depender "/scratch1/NCEPDEV/global/CI/3120/gfs/sorc/gsi_utils.fd/build/src/EnKF/gfs/src/adjustps.fd/CMakeFiles/adjustps.x.dir/depend.internal".
Scanning dependencies of target adjustps.x
make[2]: Leaving directory '/scratch1/NCEPDEV/global/CI/3120/gfs/sorc/gsi_utils.fd/build'
make  -f src/EnKF/gfs/src/adjustps.fd/CMakeFiles/adjustps.x.dir/build.make src/EnKF/gfs/src/adjustps.fd/CMakeFiles/adjustps.x.dir/build
make[2]: Entering directory '/scratch1/NCEPDEV/global/CI/3120/gfs/sorc/gsi_utils.fd/build'
[  4%] Building Fortran object src/EnKF/gfs/src/adjustps.fd/CMakeFiles/adjustps.x.dir/adjustps.f90.o
cd /scratch1/NCEPDEV/global/CI/3120/gfs/sorc/gsi_utils.fd/build/src/EnKF/gfs/src/adjustps.fd && /apps/oneapi/compiler/2022.0.2/linux/bin/intel64/ifort -DNDEBUG -I/scratch1/NCEPDEV/nems/role.epic/spack-stack/spack-stack-1.6.0/envs/gsi-addon-dev-rocky8/install/intel/2021.5.0/netcdf-fortran-4.6.1-ifhqcwv/include -I/scratch1/NCEPDEV/nems/role.epic/spack-stack/spack-stack-1.6.0/envs/gsi-addon-dev-rocky8/install/intel/2021.5.0/netcdf-c-4.9.2-ejp7j3k/include -I/apps/oneapi/mpi/2021.5.1/include -I/scratch1/NCEPDEV/nems/role.epic/spack-stack/spack-stack-1.6.0/envs/gsi-addon-dev-rocky8/install/intel/2021.5.0/bacio-2.4.1-wqq7qmr/include_4 -I/scratch1/NCEPDEV/nems/role.epic/spack-stack/spack-stack-1.6.0/envs/gsi-addon-dev-rocky8/install/intel/2021.5.0/nemsio-2.5.4-gvup4la/include -I/scratch1/NCEPDEV/nems/role.epic/spack-stack/spack-stack-1.6.0/envs/gsi-addon-dev-rocky8/install/intel/2021.5.0/w3emc-2.10.0-xer6twa/include_d -xHOST -g -traceback -implicitnone -fp-model strict -convert big_endian -O3 -qopenmp -c /scratch1/NCEPDEV/global/CI/3120/gfs/sorc/gsi_utils.fd/src/EnKF/gfs/src/adjustps.fd/adjustps.f90 -o CMakeFiles/adjustps.x.dir/adjustps.f90.o
[  6%] Linking Fortran executable adjustps.x
cd /scratch1/NCEPDEV/global/CI/3120/gfs/sorc/gsi_utils.fd/build/src/EnKF/gfs/src/adjustps.fd && /scratch1/NCEPDEV/nems/role.epic/spack-stack/spack-stack-1.6.0/envs/gsi-addon-dev-rocky8/install/intel/2021.5.0/cmake-3.23.1-qjplcak/bin/cmake -E cmake_link_script CMakeFiles/adjustps.x.dir/link.txt --verbose=NO
make[2]: Leaving directory '/scratch1/NCEPDEV/global/CI/3120/gfs/sorc/gsi_utils.fd/build'
[  6%] Built target adjustps.x
make  -f src/EnKF/gfs/src/calc_increment_ens.fd/CMakeFiles/calc_increment_ens.x.dir/build.make src/EnKF/gfs/src/calc_increment_ens.fd/CMakeFiles/calc_increment_ens.x.dir/depend
make[2]: Entering directory '/scratch1/NCEPDEV/global/CI/3120/gfs/sorc/gsi_utils.fd/build'
cd /scratch1/NCEPDEV/global/CI/3120/gfs/sorc/gsi_utils.fd/build && /scratch1/NCEPDEV/nems/role.epic/spack-stack/spack-stack-1.6.0/envs/gsi-addon-dev-rocky8/install/intel/2021.5.0/cmake-3.23.1-qjplcak/bin/cmake -E cmake_depends "Unix Makefiles" /scratch1/NCEPDEV/global/CI/3120/gfs/sorc/gsi_utils.fd /scratch1/NCEPDEV/global/CI/3120/gfs/sorc/gsi_utils.fd/src/EnKF/gfs/src/calc_increment_ens.fd /scratch1/NCEPDEV/global/CI/3120/gfs/sorc/gsi_utils.fd/build /scratch1/NCEPDEV/global/CI/3120/gfs/sorc/gsi_utils.fd/build/src/EnKF/gfs/src/calc_increment_ens.fd /scratch1/NCEPDEV/global/CI/3120/gfs/sorc/gsi_utils.fd/build/src/EnKF/gfs/src/calc_increment_ens.fd/CMakeFiles/calc_increment_ens.x.dir/DependInfo.cmake --color=
Dependee "/scratch1/NCEPDEV/global/CI/3120/gfs/sorc/gsi_utils.fd/build/src/EnKF/gfs/src/calc_increment_ens.fd/CMakeFiles/calc_increment_ens.x.dir/DependInfo.cmake" is newer than depender "/scratch1/NCEPDEV/global/CI/3120/gfs/sorc/gsi_utils.fd/build/src/EnKF/gfs/src/calc_increment_ens.fd/CMakeFiles/calc_increment_ens.x.dir/depend.internal".
Dependee "/scratch1/NCEPDEV/global/CI/3120/gfs/sorc/gsi_utils.fd/build/src/EnKF/gfs/src/calc_increment_ens.fd/CMakeFiles/CMakeDirectoryInformation.cmake" is newer than depender "/scratch1/NCEPDEV/global/CI/3120/gfs/sorc/gsi_utils.fd/build/src/EnKF/gfs/src/calc_increment_ens.fd/CMakeFiles/calc_increment_ens.x.dir/depend.internal".
Scanning dependencies of target calc_increment_ens.x
make[2]: Leaving directory '/scratch1/NCEPDEV/global/CI/3120/gfs/sorc/gsi_utils.fd/build'
make  -f src/EnKF/gfs/src/calc_increment_ens.fd/CMakeFiles/calc_increment_ens.x.dir/build.make src/EnKF/gfs/src/calc_increment_ens.fd/CMakeFiles/calc_increment_ens.x.dir/build
make[2]: Entering directory '/scratch1/NCEPDEV/global/CI/3120/gfs/sorc/gsi_utils.fd/build'
[  7%] Building Fortran object src/EnKF/gfs/src/calc_increment_ens.fd/CMakeFiles/calc_increment_ens.x.dir/kinds.f90.o
cd /scratch1/NCEPDEV/global/CI/3120/gfs/sorc/gsi_utils.fd/build/src/EnKF/gfs/src/calc_increment_ens.fd && /apps/oneapi/compiler/2022.0.2/linux/bin/intel64/ifort -DNDEBUG -D_REAL8_ -I/scratch1/NCEPDEV/nems/role.epic/spack-stack/spack-stack-1.6.0/envs/gsi-addon-dev-rocky8/install/intel/2021.5.0/netcdf-fortran-4.6.1-ifhqcwv/include -I/scratch1/NCEPDEV/nems/role.epic/spack-stack/spack-stack-1.6.0/envs/gsi-addon-dev-rocky8/install/intel/2021.5.0/netcdf-c-4.9.2-ejp7j3k/include -I/apps/oneapi/mpi/2021.5.1/include -I/scratch1/NCEPDEV/nems/role.epic/spack-stack/spack-stack-1.6.0/envs/gsi-addon-dev-rocky8/install/intel/2021.5.0/bacio-2.4.1-wqq7qmr/include_4 -I/scratch1/NCEPDEV/nems/role.epic/spack-stack/spack-stack-1.6.0/envs/gsi-addon-dev-rocky8/install/intel/2021.5.0/w3emc-2.10.0-xer6twa/include_d -I/scratch1/NCEPDEV/nems/role.epic/spack-stack/spack-stack-1.6.0/envs/gsi-addon-dev-rocky8/install/intel/2021.5.0/nemsio-2.5.4-gvup4la/include -xHOST -g -traceback -implicitnone -fp-model strict -convert big_endian -O3 -qopenmp -c /scratch1/NCEPDEV/global/CI/3120/gfs/sorc/gsi_utils.fd/src/EnKF/gfs/src/calc_increment_ens.fd/kinds.f90 -o CMakeFiles/calc_increment_ens.x.dir/kinds.f90.o
/scratch1/NCEPDEV/nems/role.epic/spack-stack/spack-stack-1.6.0/envs/gsi-addon-dev-rocky8/install/intel/2021.5.0/cmake-3.23.1-qjplcak/bin/cmake -E cmake_copy_f90_mod src/EnKF/gfs/src/calc_increment_ens.fd/kinds.mod src/EnKF/gfs/src/calc_increment_ens.fd/CMakeFiles/calc_increment_ens.x.dir/kinds.mod.stamp Intel
[  9%] Building Fortran object src/EnKF/gfs/src/calc_increment_ens.fd/CMakeFiles/calc_increment_ens.x.dir/constants.f90.o
cd /scratch1/NCEPDEV/global/CI/3120/gfs/sorc/gsi_utils.fd/build/src/EnKF/gfs/src/calc_increment_ens.fd && /apps/oneapi/compiler/2022.0.2/linux/bin/intel64/ifort -DNDEBUG -D_REAL8_ -I/scratch1/NCEPDEV/nems/role.epic/spack-stack/spack-stack-1.6.0/envs/gsi-addon-dev-rocky8/install/intel/2021.5.0/netcdf-fortran-4.6.1-ifhqcwv/include -I/scratch1/NCEPDEV/nems/role.epic/spack-stack/spack-stack-1.6.0/envs/gsi-addon-dev-rocky8/install/intel/2021.5.0/netcdf-c-4.9.2-ejp7j3k/include -I/apps/oneapi/mpi/2021.5.1/include -I/scratch1/NCEPDEV/nems/role.epic/spack-stack/spack-stack-1.6.0/envs/gsi-addon-dev-rocky8/install/intel/2021.5.0/bacio-2.4.1-wqq7qmr/include_4 -I/scratch1/NCEPDEV/nems/role.epic/spack-stack/spack-stack-1.6.0/envs/gsi-addon-dev-rocky8/install/intel/2021.5.0/w3emc-2.10.0-xer6twa/include_d -I/scratch1/NCEPDEV/nems/role.epic/spack-stack/spack-stack-1.6.0/envs/gsi-addon-dev-rocky8/install/intel/2021.5.0/nemsio-2.5.4-gvup4la/include -xHOST -g -traceback -implicitnone -fp-model strict -convert big_endian -O3 -qopenmp -c /scratch1/NCEPDEV/global/CI/3120/gfs/sorc/gsi_utils.fd/src/EnKF/gfs/src/calc_increment_ens.fd/constants.f90 -o CMakeFiles/calc_increment_ens.x.dir/constants.f90.o
/scratch1/NCEPDEV/nems/role.epic/spack-stack/spack-stack-1.6.0/envs/gsi-addon-dev-rocky8/install/intel/2021.5.0/cmake-3.23.1-qjplcak/bin/cmake -E cmake_copy_f90_mod src/EnKF/gfs/src/calc_increment_ens.fd/constants.mod src/EnKF/gfs/src/calc_increment_ens.fd/CMakeFiles/calc_increment_ens.x.dir/constants.mod.stamp Intel
[ 10%] Building Fortran object src/EnKF/gfs/src/calc_increment_ens.fd/CMakeFiles/calc_increment_ens.x.dir/namelist_def.f90.o
cd /scratch1/NCEPDEV/global/CI/3120/gfs/sorc/gsi_utils.fd/build/src/EnKF/gfs/src/calc_increment_ens.fd && /apps/oneapi/compiler/2022.0.2/linux/bin/intel64/ifort -DNDEBUG -D_REAL8_ -I/scratch1/NCEPDEV/nems/role.epic/spack-stack/spack-stack-1.6.0/envs/gsi-addon-dev-rocky8/install/intel/2021.5.0/netcdf-fortran-4.6.1-ifhqcwv/include -I/scratch1/NCEPDEV/nems/role.epic/spack-stack/spack-stack-1.6.0/envs/gsi-addon-dev-rocky8/install/intel/2021.5.0/netcdf-c-4.9.2-ejp7j3k/include -I/apps/oneapi/mpi/2021.5.1/include -I/scratch1/NCEPDEV/nems/role.epic/spack-stack/spack-stack-1.6.0/envs/gsi-addon-dev-rocky8/install/intel/2021.5.0/bacio-2.4.1-wqq7qmr/include_4 -I/scratch1/NCEPDEV/nems/role.epic/spack-stack/spack-stack-1.6.0/envs/gsi-addon-dev-rocky8/install/intel/2021.5.0/w3emc-2.10.0-xer6twa/include_d -I/scratch1/NCEPDEV/nems/role.epic/spack-stack/spack-stack-1.6.0/envs/gsi-addon-dev-rocky8/install/intel/2021.5.0/nemsio-2.5.4-gvup4la/include -xHOST -g -traceback -implicitnone -fp-model strict -convert big_endian -O3 -qopenmp -c /scratch1/NCEPDEV/global/CI/3120/gfs/sorc/gsi_utils.fd/src/EnKF/gfs/src/calc_increment_ens.fd/namelist_def.f90 -o CMakeFiles/calc_increment_ens.x.dir/namelist_def.f90.o
/scratch1/NCEPDEV/nems/role.epic/spack-stack/spack-stack-1.6.0/envs/gsi-addon-dev-rocky8/install/intel/2021.5.0/cmake-3.23.1-qjplcak/bin/cmake -E cmake_copy_f90_mod src/EnKF/gfs/src/calc_increment_ens.fd/namelist_def.mod src/EnKF/gfs/src/calc_increment_ens.fd/CMakeFiles/calc_increment_ens.x.dir/namelist_def.mod.stamp Intel
[ 12%] Building Fortran object src/EnKF/gfs/src/calc_increment_ens.fd/CMakeFiles/calc_increment_ens.x.dir/gfs_nems_interface.f90.o
cd /scratch1/NCEPDEV/global/CI/3120/gfs/sorc/gsi_utils.fd/build/src/EnKF/gfs/src/calc_increment_ens.fd && /apps/oneapi/compiler/2022.0.2/linux/bin/intel64/ifort -DNDEBUG -D_REAL8_ -I/scratch1/NCEPDEV/nems/role.epic/spack-stack/spack-stack-1.6.0/envs/gsi-addon-dev-rocky8/install/intel/2021.5.0/netcdf-fortran-4.6.1-ifhqcwv/include -I/scratch1/NCEPDEV/nems/role.epic/spack-stack/spack-stack-1.6.0/envs/gsi-addon-dev-rocky8/install/intel/2021.5.0/netcdf-c-4.9.2-ejp7j3k/include -I/apps/oneapi/mpi/2021.5.1/include -I/scratch1/NCEPDEV/nems/role.epic/spack-stack/spack-stack-1.6.0/envs/gsi-addon-dev-rocky8/install/intel/2021.5.0/bacio-2.4.1-wqq7qmr/include_4 -I/scratch1/NCEPDEV/nems/role.epic/spack-stack/spack-stack-1.6.0/envs/gsi-addon-dev-rocky8/install/intel/2021.5.0/w3emc-2.10.0-xer6twa/include_d -I/scratch1/NCEPDEV/nems/role.epic/spack-stack/spack-stack-1.6.0/envs/gsi-addon-dev-rocky8/install/intel/2021.5.0/nemsio-2.5.4-gvup4la/include -xHOST -g -traceback -implicitnone -fp-model strict -convert big_endian -O3 -qopenmp -c /scratch1/NCEPDEV/global/CI/3120/gfs/sorc/gsi_utils.fd/src/EnKF/gfs/src/calc_increment_ens.fd/gfs_nems_interface.f90 -o CMakeFiles/calc_increment_ens.x.dir/gfs_nems_interface.f90.o
/scratch1/NCEPDEV/nems/role.epic/spack-stack/spack-stack-1.6.0/envs/gsi-addon-dev-rocky8/install/intel/2021.5.0/cmake-3.23.1-qjplcak/bin/cmake -E cmake_copy_f90_mod src/EnKF/gfs/src/calc_increment_ens.fd/gfs_nems_interface.mod src/EnKF/gfs/src/calc_increment_ens.fd/CMakeFiles/calc_increment_ens.x.dir/gfs_nems_interface.mod.stamp Intel
[ 13%] Building Fortran object src/EnKF/gfs/src/calc_increment_ens.fd/CMakeFiles/calc_increment_ens.x.dir/variable_interface.f90.o
cd /scratch1/NCEPDEV/global/CI/3120/gfs/sorc/gsi_utils.fd/build/src/EnKF/gfs/src/calc_increment_ens.fd && /apps/oneapi/compiler/2022.0.2/linux/bin/intel64/ifort -DNDEBUG -D_REAL8_ -I/scratch1/NCEPDEV/nems/role.epic/spack-stack/spack-stack-1.6.0/envs/gsi-addon-dev-rocky8/install/intel/2021.5.0/netcdf-fortran-4.6.1-ifhqcwv/include -I/scratch1/NCEPDEV/nems/role.epic/spack-stack/spack-stack-1.6.0/envs/gsi-addon-dev-rocky8/install/intel/2021.5.0/netcdf-c-4.9.2-ejp7j3k/include -I/apps/oneapi/mpi/2021.5.1/include -I/scratch1/NCEPDEV/nems/role.epic/spack-stack/spack-stack-1.6.0/envs/gsi-addon-dev-rocky8/install/intel/2021.5.0/bacio-2.4.1-wqq7qmr/include_4 -I/scratch1/NCEPDEV/nems/role.epic/spack-stack/spack-stack-1.6.0/envs/gsi-addon-dev-rocky8/install/intel/2021.5.0/w3emc-2.10.0-xer6twa/include_d -I/scratch1/NCEPDEV/nems/role.epic/spack-stack/spack-stack-1.6.0/envs/gsi-addon-dev-rocky8/install/intel/2021.5.0/nemsio-2.5.4-gvup4la/include -xHOST -g -traceback -implicitnone -fp-model strict -convert big_endian -O3 -qopenmp -c /scratch1/NCEPDEV/global/CI/3120/gfs/sorc/gsi_utils.fd/src/EnKF/gfs/src/calc_increment_ens.fd/variable_interface.f90 -o CMakeFiles/calc_increment_ens.x.dir/variable_interface.f90.o
/scratch1/NCEPDEV/nems/role.epic/spack-stack/spack-stack-1.6.0/envs/gsi-addon-dev-rocky8/install/intel/2021.5.0/cmake-3.23.1-qjplcak/bin/cmake -E cmake_copy_f90_mod src/EnKF/gfs/src/calc_increment_ens.fd/variable_interface.mod src/EnKF/gfs/src/calc_increment_ens.fd/CMakeFiles/calc_increment_ens.x.dir/variable_interface.mod.stamp Intel
[ 15%] Building Fortran object src/EnKF/gfs/src/calc_increment_ens.fd/CMakeFiles/calc_increment_ens.x.dir/fv3_interface.f90.o
cd /scratch1/NCEPDEV/global/CI/3120/gfs/sorc/gsi_utils.fd/build/src/EnKF/gfs/src/calc_increment_ens.fd && /apps/oneapi/compiler/2022.0.2/linux/bin/intel64/ifort -DNDEBUG -D_REAL8_ -I/scratch1/NCEPDEV/nems/role.epic/spack-stack/spack-stack-1.6.0/envs/gsi-addon-dev-rocky8/install/intel/2021.5.0/netcdf-fortran-4.6.1-ifhqcwv/include -I/scratch1/NCEPDEV/nems/role.epic/spack-stack/spack-stack-1.6.0/envs/gsi-addon-dev-rocky8/install/intel/2021.5.0/netcdf-c-4.9.2-ejp7j3k/include -I/apps/oneapi/mpi/2021.5.1/include -I/scratch1/NCEPDEV/nems/role.epic/spack-stack/spack-stack-1.6.0/envs/gsi-addon-dev-rocky8/install/intel/2021.5.0/bacio-2.4.1-wqq7qmr/include_4 -I/scratch1/NCEPDEV/nems/role.epic/spack-stack/spack-stack-1.6.0/envs/gsi-addon-dev-rocky8/install/intel/2021.5.0/w3emc-2.10.0-xer6twa/include_d -I/scratch1/NCEPDEV/nems/role.epic/spack-stack/spack-stack-1.6.0/envs/gsi-addon-dev-rocky8/install/intel/2021.5.0/nemsio-2.5.4-gvup4la/include -xHOST -g -traceback -implicitnone -fp-model strict -convert big_endian -O3 -qopenmp -c /scratch1/NCEPDEV/global/CI/3120/gfs/sorc/gsi_utils.fd/src/EnKF/gfs/src/calc_increment_ens.fd/fv3_interface.f90 -o CMakeFiles/calc_increment_ens.x.dir/fv3_interface.f90.o
/scratch1/NCEPDEV/nems/role.epic/spack-stack/spack-stack-1.6.0/envs/gsi-addon-dev-rocky8/install/intel/2021.5.0/cmake-3.23.1-qjplcak/bin/cmake -E cmake_copy_f90_mod src/EnKF/gfs/src/calc_increment_ens.fd/fv3_interface.mod src/EnKF/gfs/src/calc_increment_ens.fd/CMakeFiles/calc_increment_ens.x.dir/fv3_interface.mod.stamp Intel
make[2]: fork: Resource temporarily unavailable
make[2]: Leaving directory '/scratch1/NCEPDEV/global/CI/3120/gfs/sorc/gsi_utils.fd/build'
make[1]: *** [CMakeFiles/Makefile2:531: src/EnKF/gfs/src/calc_increment_ens.fd/CMakeFiles/calc_increment_ens.x.dir/all] Error 2
make[1]: Leaving directory '/scratch1/NCEPDEV/global/CI/3120/gfs/sorc/gsi_utils.fd/build'
make: *** [Makefile:136: all] Error 2
