Begin stage_ic.sh at Fri 28 Feb 2025 06:10:21 PM UTC
+ stage_ic.sh[6]: . /gpfs/f6/drsa-precip3/proj-shared/global/CI/3389/global-workflow/ush/load_fv3gfs_modules.sh
++ load_fv3gfs_modules.sh[4]: [[ NO == \N\O ]]
++ load_fv3gfs_modules.sh[5]: echo 'Loading modules quietly...'
Loading modules quietly...
++ load_fv3gfs_modules.sh[6]: set +x
Running "module reset". Resetting modules to system default. The following $MODULEPATH directories have been removed: None

Lmod is automatically replacing "intel/2023.2.0" with "intel-classic/2023.2.0".


The following have been reloaded with a version change:
  1) cray-mpich/8.1.28 => cray-mpich/8.1.29


Currently Loaded Modules:
  1) craype-x86-genoa
  2) perftools-base/23.12.0
  3) xpmem/2.9.6-1.1_20240510205610__g087dc11fc19d
  4) cray-pmi/6.1.13
  5) CmrsEnv/default
  6) TimeZoneEDT/default
  7) DefApps/default
  8) cray-dsmml/0.2.2
  9) cray-libsci/24.07.0
 10) PrgEnv-intel/8.5.0
 11) intel-classic/2023.2.0
 12) craype/2.7.30
 13) stack-intel/2023.2.0
 14) libfabric/1.20.1
 15) craype-network-ofi
 16) cray-mpich/8.1.29
 17) stack-cray-mpich/8.1.29
 18) gettext/0.20.2
 19) libxcrypt/4.4.35
 20) zlib/1.2.13
 21) sqlite/3.43.2
 22) util-linux-uuid/2.38.1
 23) python/3.11.6
 24) libjpeg/2.1.0
 25) jasper/2.0.32
 26) libpng/1.6.37
 27) openjpeg/2.3.1
 28) eccodes/2.32.0
 29) fftw/3.3.10
 30) nghttp2/1.57.0
 31) curl/8.4.0
 32) proj/9.2.1
 33) udunits/2.2.28
 34) cdo/2.2.0
 35) pkg-config/0.29.2
 36) hdf5/1.14.0
 37) snappy/1.1.10
 38) zstd/1.5.2
 39) c-blosc/1.21.5
 40) netcdf-c/4.9.2
 41) netcdf-fortran/4.6.1
 42) perlbrew/5.38.2
 43) antlr/2.7.7
 44) gsl/2.7.1
 45) nco/5.0.6
 46) bacio/2.4.1
 47) w3emc/2.10.0
 48) prod_util/2.1.1
 49) g2/3.4.5
 50) sp/2.5.0
 51) ip/4.3.0
 52) grib-util/1.3.0
 53) g2tmpl/1.10.2
 54) gsi-ncdiag/1.1.2
 55) crtm-fix/2.4.0.1_emc
 56) git-lfs/2.11.0
 57) crtm/2.4.0.1
 58) openblas/0.3.24
 59) py-setuptools/63.4.3
 60) py-numpy/1.23.4
 61) bufr/11.7.0
 62) gmake/4.2.1
 63) wgrib2/2.0.8
 64) py-cftime/1.0.3.4
 65) py-netcdf4/1.5.8
 66) py-f90nml/1.4.3
 67) libyaml/0.2.5
 68) py-pyyaml/6.0
 69) py-markupsafe/2.1.3
 70) py-jinja2/3.1.2
 71) py-bottleneck/1.3.7
 72) py-numexpr/2.8.4
 73) py-et-xmlfile/1.0.1
 74) py-openpyxl/3.1.2
 75) py-pytz/2023.3
 76) py-pyxlsb/1.0.10
 77) py-xlrd/2.0.1
 78) py-xlsxwriter/3.1.7
 79) py-xlwt/1.3.0
 80) py-pandas/1.5.3
 81) py-six/1.16.0
 82) py-python-dateutil/2.8.2
 83) g2c/1.6.4
 84) netcdf-cxx4/4.3.1
 85) met/9.1.3
 86) metplus/3.1.1
 87) py-packaging/23.1
 88) py-xarray/2023.7.0
 89) prepobs/1.1.0
 90) fit2obs/1.1.4
 91) module_base.gaeac6

 

+ stage_ic.sh[7]: status=0
+ stage_ic.sh[8]: [[ 0 -ne 0 ]]
+ stage_ic.sh[10]: export job=stage_ic
+ stage_ic.sh[10]: job=stage_ic
+ stage_ic.sh[11]: export jobid=stage_ic.761909
+ stage_ic.sh[11]: jobid=stage_ic.761909
+ stage_ic.sh[14]: /gpfs/f6/drsa-precip3/proj-shared/global/CI/3389/global-workflow/jobs/JGLOBAL_STAGE_IC
Begin JGLOBAL_STAGE_IC at Fri 28 Feb 2025 06:10:24 PM UTC
+ JGLOBAL_STAGE_IC[4]: source /gpfs/f6/drsa-precip3/proj-shared/global/CI/3389/global-workflow/ush/jjob_header.sh -e stage_ic -c 'base stage_ic'
++ jjob_header.sh[43]: OPTIND=1
++ jjob_header.sh[44]: getopts c:e: option
++ jjob_header.sh[45]: case "${option}" in
++ jjob_header.sh[47]: env_job=stage_ic
++ jjob_header.sh[44]: getopts c:e: option
++ jjob_header.sh[45]: case "${option}" in
++ jjob_header.sh[46]: read -ra configs
++ jjob_header.sh[44]: getopts c:e: option
++ jjob_header.sh[58]: shift 4
++ jjob_header.sh[60]: [[ -z stage_ic ]]
++ jjob_header.sh[68]: export DATA=/gpfs/f6/bil-fire8/scratch/role.glopara/RUNDIRS/C48mx500_3DVarAOWCDA_7bcda9d6/gdas.2021032418/stage_ic.761909
++ jjob_header.sh[68]: DATA=/gpfs/f6/bil-fire8/scratch/role.glopara/RUNDIRS/C48mx500_3DVarAOWCDA_7bcda9d6/gdas.2021032418/stage_ic.761909
++ jjob_header.sh[69]: [[ YES == \Y\E\S ]]
++ jjob_header.sh[70]: rm -rf /gpfs/f6/bil-fire8/scratch/role.glopara/RUNDIRS/C48mx500_3DVarAOWCDA_7bcda9d6/gdas.2021032418/stage_ic.761909
++ jjob_header.sh[72]: mkdir -p /gpfs/f6/bil-fire8/scratch/role.glopara/RUNDIRS/C48mx500_3DVarAOWCDA_7bcda9d6/gdas.2021032418/stage_ic.761909
mkdir: cannot create directory â/gpfs/f6/bil-fire8/scratch/role.gloparaâ: Permission denied
+ jjob_header.sh[1]: postamble JGLOBAL_STAGE_IC 1740766224 1
+ preamble.sh[70]: set +x
End JGLOBAL_STAGE_IC at 18:10:24 with error code 1 (time elapsed: 00:00:00)
+ stage_ic.sh[1]: postamble stage_ic.sh 1740766221 1
+ preamble.sh[70]: set +x
End stage_ic.sh at 18:10:24 with error code 1 (time elapsed: 00:00:03)
