Begin wavepostpnt.sh at Fri Nov  8 01:47:25 UTC 2024
+ wavepostpnt.sh[6]: echo

+ wavepostpnt.sh[7]: echo '=============== START TO SOURCE FV3GFS WORKFLOW MODULES ==============='
=============== START TO SOURCE FV3GFS WORKFLOW MODULES ===============
+ wavepostpnt.sh[9]: . /work2/noaa/global/CI/HERCULES/2961/gfs/ush/load_ufswm_modules.sh
++ load_ufswm_modules.sh[4]: [[ NO == \N\O ]]
++ load_ufswm_modules.sh[5]: echo 'Loading modules quietly...'
Loading modules quietly...
++ load_ufswm_modules.sh[6]: set +x
Running "module reset". Resetting modules to system default. The following $MODULEPATH directories have been removed: None

Currently Loaded Modules:
  1) contrib/0.1                      25) git-lfs/3.1.2
  2) intel-oneapi-compilers/2023.1.0  26) crtm/2.4.0.1
  3) stack-intel/2021.9.0             27) g2/3.5.1
  4) intel-oneapi-mpi/2021.9.0        28) g2tmpl/1.13.0
  5) stack-intel-oneapi-mpi/2021.9.0  29) ip/4.3.0
  6) nghttp2/1.57.0                   30) sp/2.5.0
  7) curl/8.4.0                       31) w3emc/2.10.0
  8) cmake/3.23.1                     32) gftl/1.10.0
  9) libjpeg/2.1.0                    33) gftl-shared/1.6.1
 10) jasper/2.0.32                    34) fargparse/1.5.0
 11) zlib/1.2.13                      35) pigz/2.7
 12) libpng/1.6.37                    36) tar/1.34
 13) hdf5/1.14.0                      37) gettext/0.21.1
 14) snappy/1.1.10                    38) libxcrypt/4.4.35
 15) zstd/1.5.2                       39) sqlite/3.43.2
 16) c-blosc/1.21.5                   40) util-linux-uuid/2.38.1
 17) netcdf-c/4.9.2                   41) python/3.10.13
 18) netcdf-fortran/4.6.1             42) mapl/2.40.3-esmf-8.6.0
 19) parallel-netcdf/1.12.2           43) scotch/7.0.4
 20) parallelio/2.5.10                44) ufs_common
 21) esmf/8.6.0                       45) nccmp/1.9.0.1
 22) fms/2023.04                      46) ufs_hercules.intel
 23) bacio/2.4.1                      47) prod_util/2.1.1
 24) crtm-fix/2.4.0.1_emc             48) wgrib2/3.1.1

 

+ wavepostpnt.sh[10]: status=0
+ wavepostpnt.sh[11]: [[ 0 -ne 0 ]]
+ wavepostpnt.sh[13]: export job=wavepostpnt
+ wavepostpnt.sh[13]: job=wavepostpnt
+ wavepostpnt.sh[14]: export jobid=wavepostpnt.2634045
+ wavepostpnt.sh[14]: jobid=wavepostpnt.2634045
+ wavepostpnt.sh[17]: echo

+ wavepostpnt.sh[18]: echo '=============== START TO RUN WAVE_POST_PNT ==============='
=============== START TO RUN WAVE_POST_PNT ===============
+ wavepostpnt.sh[20]: /work2/noaa/global/CI/HERCULES/2961/gfs/jobs/JGLOBAL_WAVE_POST_PNT
Begin JGLOBAL_WAVE_POST_PNT at Fri Nov  8 01:47:27 UTC 2024
+ JGLOBAL_WAVE_POST_PNT[4]: source /work2/noaa/global/CI/HERCULES/2961/gfs/ush/jjob_header.sh -e wavepostpnt -c 'base wave wavepostsbs wavepostpnt'
++ jjob_header.sh[43]: OPTIND=1
++ jjob_header.sh[44]: getopts c:e: option
++ jjob_header.sh[45]: case "${option}" in
++ jjob_header.sh[47]: env_job=wavepostpnt
++ jjob_header.sh[44]: getopts c:e: option
++ jjob_header.sh[45]: case "${option}" in
++ jjob_header.sh[46]: read -ra configs
++ jjob_header.sh[44]: getopts c:e: option
++ jjob_header.sh[58]: shift 4
++ jjob_header.sh[60]: [[ -z wavepostpnt ]]
++ jjob_header.sh[68]: export DATA=/work/noaa/stmp/mterry/HERCULES/RUNDIRS/C48_S2SW_788dd8fb/gfs.2021032312/wavepostpnt.2634045
++ jjob_header.sh[68]: DATA=/work/noaa/stmp/mterry/HERCULES/RUNDIRS/C48_S2SW_788dd8fb/gfs.2021032312/wavepostpnt.2634045
++ jjob_header.sh[69]: [[ YES == \Y\E\S ]]
++ jjob_header.sh[70]: rm -rf /work/noaa/stmp/mterry/HERCULES/RUNDIRS/C48_S2SW_788dd8fb/gfs.2021032312/wavepostpnt.2634045
++ jjob_header.sh[72]: mkdir -p /work/noaa/stmp/mterry/HERCULES/RUNDIRS/C48_S2SW_788dd8fb/gfs.2021032312/wavepostpnt.2634045
++ jjob_header.sh[73]: cd /work/noaa/stmp/mterry/HERCULES/RUNDIRS/C48_S2SW_788dd8fb/gfs.2021032312/wavepostpnt.2634045
++ jjob_header.sh[79]: export cycle=t12z
++ jjob_header.sh[79]: cycle=t12z
++ jjob_header.sh[80]: setpdy.sh
sed: can't read /work2/noaa/global/CI/HERCULES/2961/RUNTESTS/COMROOT/date/t12z: No such file or directory
 completed cleanly
 completed cleanly
Source PDY script to export PDYm7, ..., PDY, ..., PDYp7 variables.
++ jjob_header.sh[81]: source ./PDY
+++ PDY[1]: export PDYm7=20210316
+++ PDY[1]: PDYm7=20210316
+++ PDY[2]: export PDYm6=20210317
+++ PDY[2]: PDYm6=20210317
+++ PDY[3]: export PDYm5=20210318
+++ PDY[3]: PDYm5=20210318
+++ PDY[4]: export PDYm4=20210319
+++ PDY[4]: PDYm4=20210319
+++ PDY[5]: export PDYm3=20210320
+++ PDY[5]: PDYm3=20210320
+++ PDY[6]: export PDYm2=20210321
+++ PDY[6]: PDYm2=20210321
+++ PDY[7]: export PDYm1=20210322
+++ PDY[7]: PDYm1=20210322
+++ PDY[8]: export PDY=20210323
+++ PDY[8]: PDY=20210323
+++ PDY[9]: export PDYp1=20210324
+++ PDY[9]: PDYp1=20210324
+++ PDY[10]: export PDYp2=20210325
+++ PDY[10]: PDYp2=20210325
+++ PDY[11]: export PDYp3=20210326
+++ PDY[11]: PDYp3=20210326
+++ PDY[12]: export PDYp4=20210327
+++ PDY[12]: PDYp4=20210327
+++ PDY[13]: export PDYp5=20210328
+++ PDY[13]: PDYp5=20210328
+++ PDY[14]: export PDYp6=20210329
+++ PDY[14]: PDYp6=20210329
+++ PDY[15]: export PDYp7=20210330
+++ PDY[15]: PDYp7=20210330
++ jjob_header.sh[87]: export pid=2634753
++ jjob_header.sh[87]: pid=2634753
++ jjob_header.sh[88]: export pgmout=OUTPUT.2634753
++ jjob_header.sh[88]: pgmout=OUTPUT.2634753
++ jjob_header.sh[89]: export pgmerr=errfile
++ jjob_header.sh[89]: pgmerr=errfile
++ jjob_header.sh[95]: export EXPDIR=/work2/noaa/global/CI/HERCULES/2961/RUNTESTS/EXPDIR/C48_S2SW_788dd8fb
++ jjob_header.sh[95]: EXPDIR=/work2/noaa/global/CI/HERCULES/2961/RUNTESTS/EXPDIR/C48_S2SW_788dd8fb
++ jjob_header.sh[96]: for config in "${configs[@]:-''}"
++ jjob_header.sh[97]: source /work2/noaa/global/CI/HERCULES/2961/RUNTESTS/EXPDIR/C48_S2SW_788dd8fb/config.base
+++ config.base[6]: echo 'BEGIN: config.base'
BEGIN: config.base
+++ config.base[9]: export machine=HERCULES
+++ config.base[9]: machine=HERCULES
+++ config.base[12]: export RUN_ENVIR=emc
+++ config.base[12]: RUN_ENVIR=emc
+++ config.base[15]: export ACCOUNT=nems
+++ config.base[15]: ACCOUNT=nems
+++ config.base[16]: export QUEUE=batch
+++ config.base[16]: QUEUE=batch
+++ config.base[17]: export QUEUE_SERVICE=batch
+++ config.base[17]: QUEUE_SERVICE=batch
+++ config.base[18]: export PARTITION_BATCH=hercules
+++ config.base[18]: PARTITION_BATCH=hercules
+++ config.base[19]: export PARTITION_SERVICE=service
+++ config.base[19]: PARTITION_SERVICE=service
+++ config.base[20]: export RESERVATION=
+++ config.base[20]: RESERVATION=
+++ config.base[21]: export CLUSTERS=
+++ config.base[21]: CLUSTERS=
+++ config.base[24]: export HPSS_PROJECT=emc-global
+++ config.base[24]: HPSS_PROJECT=emc-global
+++ config.base[27]: export HOMEgfs=/work2/noaa/global/CI/HERCULES/2961/gfs
+++ config.base[27]: HOMEgfs=/work2/noaa/global/CI/HERCULES/2961/gfs
+++ config.base[28]: export EXECgfs=/work2/noaa/global/CI/HERCULES/2961/gfs/exec
+++ config.base[28]: EXECgfs=/work2/noaa/global/CI/HERCULES/2961/gfs/exec
+++ config.base[29]: export FIXgfs=/work2/noaa/global/CI/HERCULES/2961/gfs/fix
+++ config.base[29]: FIXgfs=/work2/noaa/global/CI/HERCULES/2961/gfs/fix
+++ config.base[30]: export PARMgfs=/work2/noaa/global/CI/HERCULES/2961/gfs/parm
+++ config.base[30]: PARMgfs=/work2/noaa/global/CI/HERCULES/2961/gfs/parm
+++ config.base[31]: export SCRgfs=/work2/noaa/global/CI/HERCULES/2961/gfs/scripts
+++ config.base[31]: SCRgfs=/work2/noaa/global/CI/HERCULES/2961/gfs/scripts
+++ config.base[32]: export USHgfs=/work2/noaa/global/CI/HERCULES/2961/gfs/ush
+++ config.base[32]: USHgfs=/work2/noaa/global/CI/HERCULES/2961/gfs/ush
+++ config.base[34]: export FIXam=/work2/noaa/global/CI/HERCULES/2961/gfs/fix/am
+++ config.base[34]: FIXam=/work2/noaa/global/CI/HERCULES/2961/gfs/fix/am
+++ config.base[35]: export FIXaer=/work2/noaa/global/CI/HERCULES/2961/gfs/fix/aer
+++ config.base[35]: FIXaer=/work2/noaa/global/CI/HERCULES/2961/gfs/fix/aer
+++ config.base[36]: export FIXcpl=/work2/noaa/global/CI/HERCULES/2961/gfs/fix/cpl
+++ config.base[36]: FIXcpl=/work2/noaa/global/CI/HERCULES/2961/gfs/fix/cpl
+++ config.base[37]: export FIXlut=/work2/noaa/global/CI/HERCULES/2961/gfs/fix/lut
+++ config.base[37]: FIXlut=/work2/noaa/global/CI/HERCULES/2961/gfs/fix/lut
+++ config.base[38]: export FIXcice=/work2/noaa/global/CI/HERCULES/2961/gfs/fix/cice
+++ config.base[38]: FIXcice=/work2/noaa/global/CI/HERCULES/2961/gfs/fix/cice
+++ config.base[39]: export FIXmom=/work2/noaa/global/CI/HERCULES/2961/gfs/fix/mom6
+++ config.base[39]: FIXmom=/work2/noaa/global/CI/HERCULES/2961/gfs/fix/mom6
+++ config.base[40]: export FIXreg2grb2=/work2/noaa/global/CI/HERCULES/2961/gfs/fix/reg2grb2
+++ config.base[40]: FIXreg2grb2=/work2/noaa/global/CI/HERCULES/2961/gfs/fix/reg2grb2
+++ config.base[41]: export FIXgdas=/work2/noaa/global/CI/HERCULES/2961/gfs/fix/gdas
+++ config.base[41]: FIXgdas=/work2/noaa/global/CI/HERCULES/2961/gfs/fix/gdas
+++ config.base[46]: export PACKAGEROOT=/work/noaa/global/glopara/nwpara
+++ config.base[46]: PACKAGEROOT=/work/noaa/global/glopara/nwpara
+++ config.base[47]: export COMROOT=/work2/noaa/global/CI/HERCULES/2961/RUNTESTS/COMROOT
+++ config.base[47]: COMROOT=/work2/noaa/global/CI/HERCULES/2961/RUNTESTS/COMROOT
+++ config.base[48]: export COMINsyn=/work/noaa/global/glopara/com/gfs/prod/syndat
+++ config.base[48]: COMINsyn=/work/noaa/global/glopara/com/gfs/prod/syndat
+++ config.base[49]: export DMPDIR=/work/noaa/rstprod/dump
+++ config.base[49]: DMPDIR=/work/noaa/rstprod/dump
+++ config.base[53]: export COMINecmwf=/work/noaa/global/glopara/data/external_gempak/ecmwf
+++ config.base[53]: COMINecmwf=/work/noaa/global/glopara/data/external_gempak/ecmwf
+++ config.base[54]: export COMINnam=/work/noaa/global/glopara/data/external_gempak/nam
+++ config.base[54]: COMINnam=/work/noaa/global/glopara/data/external_gempak/nam
+++ config.base[55]: export COMINukmet=/work/noaa/global/glopara/data/external_gempak/ukmet
+++ config.base[55]: COMINukmet=/work/noaa/global/glopara/data/external_gempak/ukmet
+++ config.base[58]: export HOMEDIR=/work/noaa/global/mterry
+++ config.base[58]: HOMEDIR=/work/noaa/global/mterry
+++ config.base[59]: export STMP=/work/noaa/stmp/mterry/HERCULES
+++ config.base[59]: STMP=/work/noaa/stmp/mterry/HERCULES
+++ config.base[60]: export PTMP=/work/noaa/stmp/mterry/HERCULES
+++ config.base[60]: PTMP=/work/noaa/stmp/mterry/HERCULES
+++ config.base[61]: export NOSCRUB=/work/noaa/global/mterry
+++ config.base[61]: NOSCRUB=/work/noaa/global/mterry
+++ config.base[64]: export BASE_GIT=/work/noaa/global/glopara/git_rocky9
+++ config.base[64]: BASE_GIT=/work/noaa/global/glopara/git_rocky9
+++ config.base[67]: export BASE_DATA=/work/noaa/global/glopara/data
+++ config.base[67]: BASE_DATA=/work/noaa/global/glopara/data
+++ config.base[70]: export DO_GOES=NO
+++ config.base[70]: DO_GOES=NO
+++ config.base[71]: export DO_BUFRSND=NO
+++ config.base[71]: DO_BUFRSND=NO
+++ config.base[72]: export DO_GEMPAK=NO
+++ config.base[72]: DO_GEMPAK=NO
+++ config.base[73]: export DO_AWIPS=NO
+++ config.base[73]: DO_AWIPS=NO
+++ config.base[74]: export DO_NPOESS=NO
+++ config.base[74]: DO_NPOESS=NO
+++ config.base[75]: export DO_TRACKER=YES
+++ config.base[75]: DO_TRACKER=YES
+++ config.base[76]: export DO_GENESIS=YES
+++ config.base[76]: DO_GENESIS=YES
+++ config.base[77]: export DO_GENESIS_FSU=NO
+++ config.base[77]: DO_GENESIS_FSU=NO
+++ config.base[78]: export DO_VERFOZN=YES
+++ config.base[78]: DO_VERFOZN=YES
+++ config.base[79]: export DO_VERFRAD=YES
+++ config.base[79]: DO_VERFRAD=YES
+++ config.base[80]: export DO_VMINMON=YES
+++ config.base[80]: DO_VMINMON=YES
+++ config.base[81]: export DO_MOS=NO
+++ config.base[81]: DO_MOS=NO
+++ config.base[87]: export REALTIME=YES
+++ config.base[87]: REALTIME=YES
+++ config.base[90]: export MODE=forecast-only
+++ config.base[90]: MODE=forecast-only
+++ config.base[99]: export FIXgsi=/work2/noaa/global/CI/HERCULES/2961/gfs/fix/gsi
+++ config.base[99]: FIXgsi=/work2/noaa/global/CI/HERCULES/2961/gfs/fix/gsi
+++ config.base[100]: export HOMEpost=/work2/noaa/global/CI/HERCULES/2961/gfs
+++ config.base[100]: HOMEpost=/work2/noaa/global/CI/HERCULES/2961/gfs
+++ config.base[101]: export HOMEobsproc=/work/noaa/global/glopara/git_rocky9/obsproc/v
+++ config.base[101]: HOMEobsproc=/work/noaa/global/glopara/git_rocky9/obsproc/v
+++ config.base[104]: export 'NCP=/bin/cp -p'
+++ config.base[104]: NCP='/bin/cp -p'
+++ config.base[105]: export NMV=/bin/mv
+++ config.base[105]: NMV=/bin/mv
+++ config.base[106]: export 'NLN=/bin/ln -sf'
+++ config.base[106]: NLN='/bin/ln -sf'
+++ config.base[107]: export VERBOSE=YES
+++ config.base[107]: VERBOSE=YES
+++ config.base[108]: export KEEPDATA=NO
+++ config.base[108]: KEEPDATA=NO
+++ config.base[109]: export DEBUG_POSTSCRIPT=NO
+++ config.base[109]: DEBUG_POSTSCRIPT=NO
+++ config.base[110]: export CHGRP_RSTPROD=YES
+++ config.base[110]: CHGRP_RSTPROD=YES
+++ config.base[111]: export 'CHGRP_CMD=chgrp rstprod'
+++ config.base[111]: CHGRP_CMD='chgrp rstprod'
+++ config.base[112]: export NCDUMP=/work/noaa/epic/role-epic/spack-stack/hercules/spack-stack-1.6.0/envs/unified-env/install/intel/2021.9.0/netcdf-c-4.9.2-tslbcfy/bin/ncdump
+++ config.base[112]: NCDUMP=/work/noaa/epic/role-epic/spack-stack/hercules/spack-stack-1.6.0/envs/unified-env/install/intel/2021.9.0/netcdf-c-4.9.2-tslbcfy/bin/ncdump
+++ config.base[113]: export NCLEN=/work2/noaa/global/CI/HERCULES/2961/gfs/ush/getncdimlen
+++ config.base[113]: NCLEN=/work2/noaa/global/CI/HERCULES/2961/gfs/ush/getncdimlen
+++ config.base[116]: export BASE_ENV=/work2/noaa/global/CI/HERCULES/2961/gfs/env
+++ config.base[116]: BASE_ENV=/work2/noaa/global/CI/HERCULES/2961/gfs/env
+++ config.base[117]: export BASE_JOB=/work2/noaa/global/CI/HERCULES/2961/gfs/jobs/rocoto
+++ config.base[117]: BASE_JOB=/work2/noaa/global/CI/HERCULES/2961/gfs/jobs/rocoto
+++ config.base[120]: export SDATE=2021032312
+++ config.base[120]: SDATE=2021032312
+++ config.base[121]: export EDATE=2021032312
+++ config.base[121]: EDATE=2021032312
+++ config.base[122]: export EXP_WARM_START=.false.
+++ config.base[122]: EXP_WARM_START=.false.
+++ config.base[123]: export assim_freq=6
+++ config.base[123]: assim_freq=6
+++ config.base[124]: export PSLOT=C48_S2SW_788dd8fb
+++ config.base[124]: PSLOT=C48_S2SW_788dd8fb
+++ config.base[125]: export EXPDIR=/work2/noaa/global/CI/HERCULES/2961/RUNTESTS/EXPDIR/C48_S2SW_788dd8fb
+++ config.base[125]: EXPDIR=/work2/noaa/global/CI/HERCULES/2961/RUNTESTS/EXPDIR/C48_S2SW_788dd8fb
+++ config.base[126]: export ROTDIR=/work2/noaa/global/CI/HERCULES/2961/RUNTESTS/COMROOT/C48_S2SW_788dd8fb
+++ config.base[126]: ROTDIR=/work2/noaa/global/CI/HERCULES/2961/RUNTESTS/COMROOT/C48_S2SW_788dd8fb
+++ config.base[127]: export ROTDIR_DUMP=YES
+++ config.base[127]: ROTDIR_DUMP=YES
+++ config.base[128]: export DUMP_SUFFIX=
+++ config.base[128]: DUMP_SUFFIX=
+++ config.base[129]: [[ 2021032312 -ge 2019092100 ]]
+++ config.base[129]: [[ 2021032312 -le 2019110700 ]]
+++ config.base[132]: export ARCDIR=/work/noaa/global/mterry/archive/C48_S2SW_788dd8fb
+++ config.base[132]: ARCDIR=/work/noaa/global/mterry/archive/C48_S2SW_788dd8fb
+++ config.base[133]: export ATARDIR=/work/noaa/global/mterry/archive_rotdir/C48_S2SW_788dd8fb
+++ config.base[133]: ATARDIR=/work/noaa/global/mterry/archive_rotdir/C48_S2SW_788dd8fb
+++ config.base[136]: export envir=prod
+++ config.base[136]: envir=prod
+++ config.base[137]: export NET=gfs
+++ config.base[137]: NET=gfs
+++ config.base[138]: export RUN=gfs
+++ config.base[138]: RUN=gfs
+++ config.base[141]: source /work2/noaa/global/CI/HERCULES/2961/RUNTESTS/EXPDIR/C48_S2SW_788dd8fb/config.com
++++ config.com[4]: echo 'BEGIN: config.com'
BEGIN: config.com
++++ config.com[37]: [[ emc == \n\c\o ]]
++++ config.com[41]: COM_OBS_TMPL='${ROTDIR}/${RUN}.${YMD}/${HH}/obs'
++++ config.com[42]: COM_RTOFS_TMPL='${DMPDIR}'
++++ config.com[44]: declare -rx COM_OBS_TMPL COM_RTOFS_TMPL
++++ config.com[45]: declare -rx 'COM_OBSDMP_TMPL=${DMPDIR}/${DUMP}${DUMP_SUFFIX}.${YMD}/${HH}/atmos'
++++ config.com[47]: COM_BASE='${ROTDIR}/${RUN}.${YMD}/${HH}/${MEMDIR}'
++++ config.com[49]: declare -rx 'COM_TOP_TMPL=${ROTDIR}/${RUN}.${YMD}/${HH}'
++++ config.com[51]: declare -rx 'COM_CONF_TMPL=${ROTDIR}/${RUN}.${YMD}/${HH}/${MEMDIR}/conf'
++++ config.com[52]: declare -rx 'COM_OBS_JEDI=${ROTDIR}/${RUN}.${YMD}/${HH}/${MEMDIR}/obs_jedi'
++++ config.com[54]: declare -rx 'COM_ATMOS_INPUT_TMPL=${ROTDIR}/${RUN}.${YMD}/${HH}/${MEMDIR}/model/atmos/input'
++++ config.com[55]: declare -rx 'COM_ATMOS_RESTART_TMPL=${ROTDIR}/${RUN}.${YMD}/${HH}/${MEMDIR}/model/atmos/restart'
++++ config.com[56]: declare -rx 'COM_ATMOS_ANALYSIS_TMPL=${ROTDIR}/${RUN}.${YMD}/${HH}/${MEMDIR}/analysis/atmos'
++++ config.com[57]: declare -rx 'COM_SNOW_ANALYSIS_TMPL=${ROTDIR}/${RUN}.${YMD}/${HH}/${MEMDIR}/analysis/snow'
++++ config.com[58]: declare -rx 'COM_ATMOS_HISTORY_TMPL=${ROTDIR}/${RUN}.${YMD}/${HH}/${MEMDIR}/model/atmos/history'
++++ config.com[59]: declare -rx 'COM_ATMOS_MASTER_TMPL=${ROTDIR}/${RUN}.${YMD}/${HH}/${MEMDIR}/model/atmos/master'
++++ config.com[60]: declare -rx 'COM_ATMOS_GRIB_TMPL=${ROTDIR}/${RUN}.${YMD}/${HH}/${MEMDIR}/products/atmos/grib2'
++++ config.com[61]: declare -rx 'COM_ATMOS_GRIB_GRID_TMPL=${ROTDIR}/${RUN}.${YMD}/${HH}/${MEMDIR}/products/atmos/grib2/${GRID}'
++++ config.com[62]: declare -rx 'COM_ATMOS_BUFR_TMPL=${ROTDIR}/${RUN}.${YMD}/${HH}/${MEMDIR}/products/atmos/bufr'
++++ config.com[63]: declare -rx 'COM_ATMOS_GEMPAK_TMPL=${ROTDIR}/${RUN}.${YMD}/${HH}/${MEMDIR}/products/atmos/gempak/${GRID}'
++++ config.com[64]: declare -rx 'COM_ATMOS_GENESIS_TMPL=${ROTDIR}/${RUN}.${YMD}/${HH}/${MEMDIR}/products/atmos/cyclone/genesis_vital'
++++ config.com[65]: declare -rx 'COM_ATMOS_TRACK_TMPL=${ROTDIR}/${RUN}.${YMD}/${HH}/${MEMDIR}/products/atmos/cyclone/tracks'
++++ config.com[66]: declare -rx 'COM_ATMOS_GOES_TMPL=${ROTDIR}/${RUN}.${YMD}/${HH}/${MEMDIR}/products/atmos/goes_sim'
++++ config.com[67]: declare -rx 'COM_ATMOS_IMAGERY_TMPL=${ROTDIR}/${RUN}.${YMD}/${HH}/${MEMDIR}/products/atmos/imagery'
++++ config.com[68]: declare -rx 'COM_ATMOS_OZNMON_TMPL=${ROTDIR}/${RUN}.${YMD}/${HH}/${MEMDIR}/products/atmos/oznmon'
++++ config.com[69]: declare -rx 'COM_ATMOS_RADMON_TMPL=${ROTDIR}/${RUN}.${YMD}/${HH}/${MEMDIR}/products/atmos/radmon'
++++ config.com[70]: declare -rx 'COM_ATMOS_MINMON_TMPL=${ROTDIR}/${RUN}.${YMD}/${HH}/${MEMDIR}/products/atmos/minmon'
++++ config.com[71]: declare -rx 'COM_ATMOS_WMO_TMPL=${ROTDIR}/${RUN}.${YMD}/${HH}/${MEMDIR}/products/atmos/wmo'
++++ config.com[73]: declare -rx 'COM_WAVE_RESTART_TMPL=${ROTDIR}/${RUN}.${YMD}/${HH}/${MEMDIR}/model/wave/restart'
++++ config.com[74]: declare -rx 'COM_WAVE_PREP_TMPL=${ROTDIR}/${RUN}.${YMD}/${HH}/${MEMDIR}/model/wave/prep'
++++ config.com[75]: declare -rx 'COM_WAVE_HISTORY_TMPL=${ROTDIR}/${RUN}.${YMD}/${HH}/${MEMDIR}/model/wave/history'
++++ config.com[76]: declare -rx 'COM_WAVE_GRID_TMPL=${ROTDIR}/${RUN}.${YMD}/${HH}/${MEMDIR}/products/wave/gridded'
++++ config.com[77]: declare -rx 'COM_WAVE_STATION_TMPL=${ROTDIR}/${RUN}.${YMD}/${HH}/${MEMDIR}/products/wave/station'
++++ config.com[78]: declare -rx 'COM_WAVE_GEMPAK_TMPL=${ROTDIR}/${RUN}.${YMD}/${HH}/${MEMDIR}/products/wave/gempak'
++++ config.com[79]: declare -rx 'COM_WAVE_WMO_TMPL=${ROTDIR}/${RUN}.${YMD}/${HH}/${MEMDIR}/products/wave/wmo'
++++ config.com[81]: declare -rx 'COM_OCEAN_HISTORY_TMPL=${ROTDIR}/${RUN}.${YMD}/${HH}/${MEMDIR}/model/ocean/history'
++++ config.com[82]: declare -rx 'COM_OCEAN_RESTART_TMPL=${ROTDIR}/${RUN}.${YMD}/${HH}/${MEMDIR}/model/ocean/restart'
++++ config.com[83]: declare -rx 'COM_OCEAN_INPUT_TMPL=${ROTDIR}/${RUN}.${YMD}/${HH}/${MEMDIR}/model/ocean/input'
++++ config.com[84]: declare -rx 'COM_OCEAN_ANALYSIS_TMPL=${ROTDIR}/${RUN}.${YMD}/${HH}/${MEMDIR}/analysis/ocean'
++++ config.com[85]: declare -rx 'COM_OCEAN_LETKF_TMPL=${ROTDIR}/${RUN}.${YMD}/${HH}/${MEMDIR}/analysis/ocean/letkf'
++++ config.com[86]: declare -rx 'COM_OCEAN_BMATRIX_TMPL=${ROTDIR}/${RUN}.${YMD}/${HH}/${MEMDIR}/bmatrix/ocean'
++++ config.com[87]: declare -rx 'COM_OCEAN_NETCDF_TMPL=${ROTDIR}/${RUN}.${YMD}/${HH}/${MEMDIR}/products/ocean/netcdf'
++++ config.com[88]: declare -rx 'COM_OCEAN_GRIB_TMPL=${ROTDIR}/${RUN}.${YMD}/${HH}/${MEMDIR}/products/ocean/grib2'
++++ config.com[89]: declare -rx 'COM_OCEAN_GRIB_GRID_TMPL=${ROTDIR}/${RUN}.${YMD}/${HH}/${MEMDIR}/products/ocean/grib2/${GRID}'
++++ config.com[91]: declare -rx 'COM_ICE_ANALYSIS_TMPL=${ROTDIR}/${RUN}.${YMD}/${HH}/${MEMDIR}/analysis/ice'
++++ config.com[92]: declare -rx 'COM_ICE_LETKF_TMPL=${ROTDIR}/${RUN}.${YMD}/${HH}/${MEMDIR}/analysis/ice/letkf'
++++ config.com[93]: declare -rx 'COM_ICE_BMATRIX_TMPL=${ROTDIR}/${RUN}.${YMD}/${HH}/${MEMDIR}/bmatrix/ice'
++++ config.com[94]: declare -rx 'COM_ICE_INPUT_TMPL=${ROTDIR}/${RUN}.${YMD}/${HH}/${MEMDIR}/model/ice/input'
++++ config.com[95]: declare -rx 'COM_ICE_HISTORY_TMPL=${ROTDIR}/${RUN}.${YMD}/${HH}/${MEMDIR}/model/ice/history'
++++ config.com[96]: declare -rx 'COM_ICE_RESTART_TMPL=${ROTDIR}/${RUN}.${YMD}/${HH}/${MEMDIR}/model/ice/restart'
++++ config.com[97]: declare -rx 'COM_ICE_NETCDF_TMPL=${ROTDIR}/${RUN}.${YMD}/${HH}/${MEMDIR}/products/ice/netcdf'
++++ config.com[98]: declare -rx 'COM_ICE_GRIB_TMPL=${ROTDIR}/${RUN}.${YMD}/${HH}/${MEMDIR}/products/ice/grib2'
++++ config.com[99]: declare -rx 'COM_ICE_GRIB_GRID_TMPL=${ROTDIR}/${RUN}.${YMD}/${HH}/${MEMDIR}/products/ice/grib2/${GRID}'
++++ config.com[101]: declare -rx 'COM_CHEM_HISTORY_TMPL=${ROTDIR}/${RUN}.${YMD}/${HH}/${MEMDIR}/model/chem/history'
++++ config.com[102]: declare -rx 'COM_CHEM_ANALYSIS_TMPL=${ROTDIR}/${RUN}.${YMD}/${HH}/${MEMDIR}/analysis/chem'
++++ config.com[103]: declare -rx 'COM_CHEM_BMAT_TMPL=${ROTDIR}/${RUN}.${YMD}/${HH}/${MEMDIR}/analysis/chem/bmatrix'
++++ config.com[105]: declare -rx 'COM_MED_RESTART_TMPL=${ROTDIR}/${RUN}.${YMD}/${HH}/${MEMDIR}/model/med/restart'
+++ config.base[144]: export 'ERRSCRIPT=eval [[ $err = 0 ]]'
+++ config.base[144]: ERRSCRIPT='eval [[ $err = 0 ]]'
+++ config.base[145]: export LOGSCRIPT=
+++ config.base[145]: LOGSCRIPT=
+++ config.base[148]: export 'REDOUT=1>'
+++ config.base[148]: REDOUT='1>'
+++ config.base[149]: export 'REDERR=2>'
+++ config.base[149]: REDERR='2>'
+++ config.base[151]: export SENDECF=NO
+++ config.base[151]: SENDECF=NO
+++ config.base[152]: export SENDSDM=NO
+++ config.base[152]: SENDSDM=NO
+++ config.base[153]: export SENDDBN_NTC=NO
+++ config.base[153]: SENDDBN_NTC=NO
+++ config.base[154]: export SENDDBN=NO
+++ config.base[154]: SENDDBN=NO
+++ config.base[155]: export DBNROOT=/work/noaa/epic/role-epic/spack-stack/hercules/spack-stack-1.6.0/envs/unified-env/install/intel/2021.9.0/prod-util-2.1.1-ddlo2cq/fakedbn
+++ config.base[155]: DBNROOT=/work/noaa/epic/role-epic/spack-stack/hercules/spack-stack-1.6.0/envs/unified-env/install/intel/2021.9.0/prod-util-2.1.1-ddlo2cq/fakedbn
+++ config.base[158]: export APP=S2SW
+++ config.base[158]: APP=S2SW
+++ config.base[160]: shopt -s extglob
+++ config.base[162]: case "${RUN}" in
+++ config.base[169]: shopt -u extglob
+++ config.base[172]: export DO_ATM=YES
+++ config.base[172]: DO_ATM=YES
+++ config.base[173]: export DO_COUPLED=NO
+++ config.base[173]: DO_COUPLED=NO
+++ config.base[174]: export DO_WAVE=NO
+++ config.base[174]: DO_WAVE=NO
+++ config.base[175]: export DO_OCN=NO
+++ config.base[175]: DO_OCN=NO
+++ config.base[176]: export DO_ICE=NO
+++ config.base[176]: DO_ICE=NO
+++ config.base[177]: export DO_AERO=NO
+++ config.base[177]: DO_AERO=NO
+++ config.base[178]: export DO_PREP_OBS_AERO=NO
+++ config.base[178]: DO_PREP_OBS_AERO=NO
+++ config.base[179]: export AERO_FCST_RUN=
+++ config.base[179]: AERO_FCST_RUN=
+++ config.base[180]: export AERO_ANL_RUN=
+++ config.base[180]: AERO_ANL_RUN=
+++ config.base[181]: export WAVE_RUN=
+++ config.base[181]: WAVE_RUN=
+++ config.base[182]: export DOBNDPNT_WAVE=NO
+++ config.base[182]: DOBNDPNT_WAVE=NO
+++ config.base[183]: export DOIBP_WAV=NO
+++ config.base[183]: DOIBP_WAV=NO
+++ config.base[184]: export FRAC_GRID=.true.
+++ config.base[184]: FRAC_GRID=.true.
+++ config.base[185]: export DO_NEST=NO
+++ config.base[185]: DO_NEST=NO
+++ config.base[186]: [[ NO == \Y\E\S ]]
+++ config.base[192]: export ntiles=6
+++ config.base[192]: ntiles=6
+++ config.base[193]: export FIXugwd=/work2/noaa/global/CI/HERCULES/2961/gfs/fix/ugwd
+++ config.base[193]: FIXugwd=/work2/noaa/global/CI/HERCULES/2961/gfs/fix/ugwd
+++ config.base[194]: export FIXorog=/work2/noaa/global/CI/HERCULES/2961/gfs/fix/orog
+++ config.base[194]: FIXorog=/work2/noaa/global/CI/HERCULES/2961/gfs/fix/orog
+++ config.base[198]: export OPS_RES=C768
+++ config.base[198]: OPS_RES=C768
+++ config.base[201]: export LEVS=128
+++ config.base[201]: LEVS=128
+++ config.base[202]: export CASE=C48
+++ config.base[202]: CASE=C48
+++ config.base[203]: export CASE_ENS=@CASEENS@
+++ config.base[203]: CASE_ENS=@CASEENS@
+++ config.base[204]: export OCNRES=500
+++ config.base[204]: OCNRES=500
+++ config.base[205]: export ICERES=500
+++ config.base[205]: ICERES=500
+++ config.base[208]: case "${CASE}" in
+++ config.base[210]: export waveGRD=uglo_100km
+++ config.base[210]: waveGRD=uglo_100km
+++ config.base[227]: case "${APP}" in
+++ config.base[246]: export DO_COUPLED=YES
+++ config.base[246]: DO_COUPLED=YES
+++ config.base[247]: export DO_OCN=YES
+++ config.base[247]: DO_OCN=YES
+++ config.base[248]: export DO_ICE=YES
+++ config.base[248]: DO_ICE=YES
+++ config.base[250]: [[ S2SW =~ A$ ]]
+++ config.base[256]: [[ S2SW =~ ^S2SW ]]
+++ config.base[257]: export DO_WAVE=YES
+++ config.base[257]: DO_WAVE=YES
+++ config.base[258]: export WAVE_RUN=both
+++ config.base[258]: WAVE_RUN=both
+++ config.base[268]: [[ gfs =~ gdas ]]
+++ config.base[271]: [[ gfs =~ gfs ]]
+++ config.base[272]: export FHCYC=24
+++ config.base[272]: FHCYC=24
+++ config.base[276]: export FHMIN=0
+++ config.base[276]: FHMIN=0
+++ config.base[277]: export FHMAX=9
+++ config.base[277]: FHMAX=9
+++ config.base[278]: export FHOUT=3
+++ config.base[278]: FHOUT=3
+++ config.base[279]: export FHOUT_OCN=3
+++ config.base[279]: FHOUT_OCN=3
+++ config.base[280]: export FHOUT_ICE=3
+++ config.base[280]: FHOUT_ICE=3
+++ config.base[283]: export EUPD_CYC=gdas
+++ config.base[283]: EUPD_CYC=gdas
+++ config.base[286]: export INTERVAL_GFS=6
+++ config.base[286]: INTERVAL_GFS=6
+++ config.base[287]: export SDATE_GFS=2021032312
+++ config.base[287]: SDATE_GFS=2021032312
+++ config.base[290]: export FHMIN_GFS=0
+++ config.base[290]: FHMIN_GFS=0
+++ config.base[291]: export FHMAX_GFS=120
+++ config.base[291]: FHMAX_GFS=120
+++ config.base[293]: breakpnts=
+++ config.base[294]: export FCST_SEGMENTS=0,120
+++ config.base[294]: FCST_SEGMENTS=0,120
+++ config.base[295]: export FHOUT_GFS=3
+++ config.base[295]: FHOUT_GFS=3
+++ config.base[296]: export FHMAX_HF_GFS=0
+++ config.base[296]: FHMAX_HF_GFS=0
+++ config.base[297]: export FHOUT_HF_GFS=1
+++ config.base[297]: FHOUT_HF_GFS=1
+++ config.base[298]: export FHOUT_OCN_GFS=6
+++ config.base[298]: FHOUT_OCN_GFS=6
+++ config.base[299]: export FHOUT_ICE_GFS=6
+++ config.base[299]: FHOUT_ICE_GFS=6
+++ config.base[300]: export FHMIN_WAV=0
+++ config.base[300]: FHMIN_WAV=0
+++ config.base[301]: export FHOUT_WAV=3
+++ config.base[301]: FHOUT_WAV=3
+++ config.base[302]: export FHMAX_HF_WAV=120
+++ config.base[302]: FHMAX_HF_WAV=120
+++ config.base[303]: export FHOUT_HF_WAV=1
+++ config.base[303]: FHOUT_HF_WAV=1
+++ config.base[304]: export FHMAX_WAV=9
+++ config.base[304]: FHMAX_WAV=9
+++ config.base[305]: export FHMAX_WAV_GFS=120
+++ config.base[305]: FHMAX_WAV_GFS=120
+++ config.base[308]: export ILPOST=1
+++ config.base[308]: ILPOST=1
+++ config.base[309]: ((  FHMAX_HF_GFS < 120  ))
+++ config.base[310]: export ILPOST=3
+++ config.base[310]: ILPOST=3
+++ config.base[314]: export FHMAX_GOES=180
+++ config.base[314]: FHMAX_GOES=180
+++ config.base[315]: export FHOUT_GOES=3
+++ config.base[315]: FHOUT_GOES=3
+++ config.base[316]: ((  FHMAX_GOES > FHMAX_GFS  ))
+++ config.base[317]: export FHMAX_GOES=120
+++ config.base[317]: FHMAX_GOES=120
+++ config.base[321]: export restart_interval_gfs=12
+++ config.base[321]: restart_interval_gfs=12
+++ config.base[326]: export QUILTING=.true.
+++ config.base[326]: QUILTING=.true.
+++ config.base[327]: export OUTPUT_GRID=gaussian_grid
+++ config.base[327]: OUTPUT_GRID=gaussian_grid
+++ config.base[328]: export WRITE_DOPOST=.true.
+++ config.base[328]: WRITE_DOPOST=.true.
+++ config.base[329]: export WRITE_NSFLIP=.true.
+++ config.base[329]: WRITE_NSFLIP=.true.
+++ config.base[332]: export DOIAU=YES
+++ config.base[332]: DOIAU=YES
+++ config.base[333]: export IAUFHRS=3,6,9
+++ config.base[333]: IAUFHRS=3,6,9
+++ config.base[334]: export IAU_FHROT=3
+++ config.base[334]: IAU_FHROT=3
+++ config.base[335]: export IAU_DELTHRS=6
+++ config.base[335]: IAU_DELTHRS=6
+++ config.base[336]: export IAU_OFFSET=6
+++ config.base[336]: IAU_OFFSET=6
+++ config.base[337]: export DOIAU_ENKF=YES
+++ config.base[337]: DOIAU_ENKF=YES
+++ config.base[338]: export IAUFHRS_ENKF=3,6,9
+++ config.base[338]: IAUFHRS_ENKF=3,6,9
+++ config.base[339]: export IAU_DELTHRS_ENKF=6
+++ config.base[339]: IAU_DELTHRS_ENKF=6
+++ config.base[342]: export lobsdiag_forenkf=.true.
+++ config.base[342]: lobsdiag_forenkf=.true.
+++ config.base[350]: export imp_physics=8
+++ config.base[350]: imp_physics=8
+++ config.base[354]: export DO_JEDIATMVAR=NO
+++ config.base[354]: DO_JEDIATMVAR=NO
+++ config.base[355]: export DO_JEDIATMENS=NO
+++ config.base[355]: DO_JEDIATMENS=NO
+++ config.base[356]: export DO_JEDIOCNVAR=NO
+++ config.base[356]: DO_JEDIOCNVAR=NO
+++ config.base[357]: export DO_JEDISNOWDA=NO
+++ config.base[357]: DO_JEDISNOWDA=NO
+++ config.base[358]: export DO_MERGENSST=NO
+++ config.base[358]: DO_MERGENSST=NO
+++ config.base[361]: export DOHYBVAR=@DOHYBVAR@
+++ config.base[361]: DOHYBVAR=@DOHYBVAR@
+++ config.base[362]: export NMEM_ENS=0
+++ config.base[362]: NMEM_ENS=0
+++ config.base[363]: export SMOOTH_ENKF=NO
+++ config.base[363]: SMOOTH_ENKF=NO
+++ config.base[364]: export l4densvar=.true.
+++ config.base[364]: l4densvar=.true.
+++ config.base[365]: export lwrite4danl=.true.
+++ config.base[365]: lwrite4danl=.true.
+++ config.base[366]: export DO_CALC_INCREMENT=NO
+++ config.base[366]: DO_CALC_INCREMENT=NO
+++ config.base[369]: export NMEM_ENS_GFS=30
+++ config.base[369]: NMEM_ENS_GFS=30
+++ config.base[370]: export NMEM_ENS_GFS_OFFSET=20
+++ config.base[370]: NMEM_ENS_GFS_OFFSET=20
+++ config.base[371]: export DO_CALC_INCREMENT_ENKF_GFS=NO
+++ config.base[371]: DO_CALC_INCREMENT_ENKF_GFS=NO
+++ config.base[374]: [[ @DOHYBVAR@ = \Y\E\S ]]
+++ config.base[388]: [[ @DOHYBVAR@ == \N\O ]]
+++ config.base[396]: export ENKF_SPREAD=YES
+++ config.base[396]: ENKF_SPREAD=YES
+++ config.base[399]: [[ forecast-only = \c\y\c\l\e\d ]]
+++ config.base[399]: [[ YES = \N\O ]]
+++ config.base[399]: [[ forecast-only = \f\o\r\e\c\a\s\t\-\o\n\l\y ]]
+++ config.base[399]: [[ .false. = \.\f\a\l\s\e\. ]]
+++ config.base[400]: export IAU_OFFSET=0
+++ config.base[400]: IAU_OFFSET=0
+++ config.base[401]: export IAU_FHROT=0
+++ config.base[401]: IAU_FHROT=0
+++ config.base[402]: export IAUFHRS=6,
+++ config.base[402]: IAUFHRS=6,
+++ config.base[405]: [[ YES = \N\O ]]
+++ config.base[409]: [[ YES == \Y\E\S ]]
+++ config.base[410]: export restart_interval_enkfgdas=3
+++ config.base[410]: restart_interval_enkfgdas=3
+++ config.base[415]: export restart_interval_enkfgfs=3
+++ config.base[415]: restart_interval_enkfgfs=3
+++ config.base[417]: [[ YES == \Y\E\S ]]
+++ config.base[418]: export restart_interval_gdas=3
+++ config.base[418]: restart_interval_gdas=3
+++ config.base[423]: export GSI_SOILANAL=NO
+++ config.base[423]: GSI_SOILANAL=NO
+++ config.base[426]: export DONST=YES
+++ config.base[426]: DONST=YES
+++ config.base[427]: [[ YES = \Y\E\S ]]
+++ config.base[427]: export 'FNTSFA=        '
+++ config.base[427]: FNTSFA='        '
+++ config.base[430]: export nst_anl=.true.
+++ config.base[430]: nst_anl=.true.
+++ config.base[433]: export MAKE_NSSTBUFR=NO
+++ config.base[433]: MAKE_NSSTBUFR=NO
+++ config.base[436]: export MAKE_ACFTBUFR=NO
+++ config.base[436]: MAKE_ACFTBUFR=NO
+++ config.base[439]: export 'INCREMENTS_TO_ZERO='\''liq_wat_inc'\'','\''icmr_inc'\'','\''rwmr_inc'\'','\''snmr_inc'\'','\''grle_inc'\'''
+++ config.base[439]: INCREMENTS_TO_ZERO=''\''liq_wat_inc'\'','\''icmr_inc'\'','\''rwmr_inc'\'','\''snmr_inc'\'','\''grle_inc'\'''
+++ config.base[442]: export 'INCVARS_ZERO_STRAT='\''sphum_inc'\'','\''liq_wat_inc'\'','\''icmr_inc'\'','\''rwmr_inc'\'','\''snmr_inc'\'','\''grle_inc'\'''
+++ config.base[442]: INCVARS_ZERO_STRAT=''\''sphum_inc'\'','\''liq_wat_inc'\'','\''icmr_inc'\'','\''rwmr_inc'\'','\''snmr_inc'\'','\''grle_inc'\'''
+++ config.base[443]: export INCVARS_EFOLD=5
+++ config.base[443]: INCVARS_EFOLD=5
+++ config.base[448]: export netcdf_diag=.true.
+++ config.base[448]: netcdf_diag=.true.
+++ config.base[449]: export binary_diag=.false.
+++ config.base[449]: binary_diag=.false.
+++ config.base[452]: export DO_METP=YES
+++ config.base[452]: DO_METP=YES
+++ config.base[453]: export DO_FIT2OBS=YES
+++ config.base[453]: DO_FIT2OBS=YES
+++ config.base[454]: export DO_VRFY_OCEANDA=NO
+++ config.base[454]: DO_VRFY_OCEANDA=NO
+++ config.base[457]: export FHMAX_FITS=132
+++ config.base[457]: FHMAX_FITS=132
+++ config.base[458]: [[ 132 -gt 120 ]]
+++ config.base[458]: export FHMAX_FITS=120
+++ config.base[458]: FHMAX_FITS=120
+++ config.base[461]: export HPSSARCH=NO
+++ config.base[461]: HPSSARCH=NO
+++ config.base[462]: export LOCALARCH=NO
+++ config.base[462]: LOCALARCH=NO
+++ config.base[463]: [[ NO = \Y\E\S ]]
+++ config.base[467]: export ARCH_CYC=00
+++ config.base[467]: ARCH_CYC=00
+++ config.base[468]: export ARCH_WARMICFREQ=4
+++ config.base[468]: ARCH_WARMICFREQ=4
+++ config.base[469]: export ARCH_FCSTICFREQ=1
+++ config.base[469]: ARCH_FCSTICFREQ=1
+++ config.base[472]: [[ NO = \Y\E\S ]]
+++ config.base[480]: export REPLAY_ICS=NO
+++ config.base[480]: REPLAY_ICS=NO
+++ config.base[481]: export OFFSET_START_HOUR=0
+++ config.base[481]: OFFSET_START_HOUR=0
+++ config.base[484]: export NUM_SND_COLLECTIVES=9
+++ config.base[484]: NUM_SND_COLLECTIVES=9
+++ config.base[488]: [[ HERCULES =~ PW ]]
+++ config.base[497]: [[ HERCULES == \O\R\I\O\N ]]
+++ config.base[497]: [[ HERCULES == \H\E\R\C\U\L\E\S ]]
+++ config.base[498]: export DO_TRACKER=NO
+++ config.base[498]: DO_TRACKER=NO
+++ config.base[499]: export DO_GENESIS=NO
+++ config.base[499]: DO_GENESIS=NO
+++ config.base[502]: echo 'END: config.base'
END: config.base
++ jjob_header.sh[98]: status=0
++ jjob_header.sh[99]: ((  status != 0  ))
++ jjob_header.sh[96]: for config in "${configs[@]:-''}"
++ jjob_header.sh[97]: source /work2/noaa/global/CI/HERCULES/2961/RUNTESTS/EXPDIR/C48_S2SW_788dd8fb/config.wave
+++ config.wave[6]: echo 'BEGIN: config.wave'
BEGIN: config.wave
+++ config.wave[13]: export RUNwave=gfswave
+++ config.wave[13]: RUNwave=gfswave
+++ config.wave[16]: export RUNRSTwave=gdas
+++ config.wave[16]: RUNRSTwave=gdas
+++ config.wave[19]: export waveGRDN=1
+++ config.wave[19]: waveGRDN=1
+++ config.wave[20]: export waveGRDG=10
+++ config.wave[20]: waveGRDG=10
+++ config.wave[21]: export USE_WAV_RMP=NO
+++ config.wave[21]: USE_WAV_RMP=NO
+++ config.wave[22]: export waveMULTIGRID=.false.
+++ config.wave[22]: waveMULTIGRID=.false.
+++ config.wave[23]: export MESH_WAV=mesh.uglo_100km.nc
+++ config.wave[23]: MESH_WAV=mesh.uglo_100km.nc
+++ config.wave[24]: export 'waveesmfGRD= '
+++ config.wave[24]: waveesmfGRD=' '
+++ config.wave[27]: case "${waveGRD}" in
+++ config.wave[79]: export waveinterpGRD=glo_200
+++ config.wave[79]: waveinterpGRD=glo_200
+++ config.wave[80]: export wavepostGRD=
+++ config.wave[80]: wavepostGRD=
+++ config.wave[81]: export waveuoutpGRD=uglo_100km
+++ config.wave[81]: waveuoutpGRD=uglo_100km
+++ config.wave[96]: export WAVEWND_DID=
+++ config.wave[96]: WAVEWND_DID=
+++ config.wave[97]: export WAVEWND_FID=
+++ config.wave[97]: WAVEWND_FID=
+++ config.wave[100]: [[ gfs == \g\f\s ]]
+++ config.wave[101]: export FHMAX_WAV=120
+++ config.wave[101]: FHMAX_WAV=120
+++ config.wave[103]: export WAVHINDH=0
+++ config.wave[103]: WAVHINDH=0
+++ config.wave[104]: export FHMAX_WAV_IBP=180
+++ config.wave[104]: FHMAX_WAV_IBP=180
+++ config.wave[105]: ((  FHMAX_WAV < FHMAX_WAV_IBP  ))
+++ config.wave[105]: export FHMAX_WAV_IBP=120
+++ config.wave[105]: FHMAX_WAV_IBP=120
+++ config.wave[108]: export DTFLD_WAV=3600
+++ config.wave[108]: DTFLD_WAV=3600
+++ config.wave[109]: export DTPNT_WAV=3600
+++ config.wave[109]: DTPNT_WAV=3600
+++ config.wave[110]: export FHINCP_WAV=1
+++ config.wave[110]: FHINCP_WAV=1
+++ config.wave[113]: export 'OUTPARS_WAV=WND CUR ICE HS T01 T02 DIR FP DP PHS PTP PDIR CHA'
+++ config.wave[113]: OUTPARS_WAV='WND CUR ICE HS T01 T02 DIR FP DP PHS PTP PDIR CHA'
+++ config.wave[116]: [[ gfs == \g\d\a\s ]]
+++ config.wave[120]: ((  INTERVAL_GFS > 0  ))
+++ config.wave[121]: export WAVHCYC=6
+++ config.wave[121]: WAVHCYC=6
+++ config.wave[122]: export FHMAX_WAV_CUR=192
+++ config.wave[122]: FHMAX_WAV_CUR=192
+++ config.wave[130]: export RSTTYPE_WAV=T
+++ config.wave[130]: RSTTYPE_WAV=T
+++ config.wave[131]: [[ gfs != gfs ]]
+++ config.wave[136]: rst_dt_gfs=43200
+++ config.wave[137]: [[ 43200 -gt 0 ]]
+++ config.wave[138]: export DT_1_RST_WAV=0
+++ config.wave[138]: DT_1_RST_WAV=0
+++ config.wave[141]: export DT_2_RST_WAV=43200
+++ config.wave[141]: DT_2_RST_WAV=43200
+++ config.wave[147]: export RSTIOFF_WAV=0
+++ config.wave[147]: RSTIOFF_WAV=0
+++ config.wave[152]: export RUNMEM=-1
+++ config.wave[152]: RUNMEM=-1
+++ config.wave[155]: ((  RUNMEM == -1  ))
+++ config.wave[157]: export waveMEMB=
+++ config.wave[157]: waveMEMB=
+++ config.wave[164]: export WW3ATMINP=CPL
+++ config.wave[164]: WW3ATMINP=CPL
+++ config.wave[165]: [[ YES == \Y\E\S ]]
+++ config.wave[166]: export WW3ICEINP=CPL
+++ config.wave[166]: WW3ICEINP=CPL
+++ config.wave[167]: export WAVEICE_FID=
+++ config.wave[167]: WAVEICE_FID=
+++ config.wave[173]: export WAVECUR_DID=rtofs
+++ config.wave[173]: WAVECUR_DID=rtofs
+++ config.wave[174]: [[ YES == \Y\E\S ]]
+++ config.wave[175]: export WW3CURINP=CPL
+++ config.wave[175]: WW3CURINP=CPL
+++ config.wave[176]: export WAVECUR_FID=
+++ config.wave[176]: WAVECUR_FID=
+++ config.wave[183]: export WW3ATMIENS=F
+++ config.wave[183]: WW3ATMIENS=F
+++ config.wave[184]: export WW3ICEIENS=F
+++ config.wave[184]: WW3ICEIENS=F
+++ config.wave[185]: export WW3CURIENS=F
+++ config.wave[185]: WW3CURIENS=F
+++ config.wave[187]: export GOFILETYPE=1
+++ config.wave[187]: GOFILETYPE=1
+++ config.wave[188]: export POFILETYPE=1
+++ config.wave[188]: POFILETYPE=1
+++ config.wave[192]: export FUNIPNT=T
+++ config.wave[192]: FUNIPNT=T
+++ config.wave[194]: export IOSRV=1
+++ config.wave[194]: IOSRV=1
+++ config.wave[196]: export FPNTPROC=T
+++ config.wave[196]: FPNTPROC=T
+++ config.wave[198]: export FGRDPROC=F
+++ config.wave[198]: FGRDPROC=F
+++ config.wave[200]: export FLAGMASKCOMP=F
+++ config.wave[200]: FLAGMASKCOMP=F
+++ config.wave[202]: export FLAGMASKOUT=F
+++ config.wave[202]: FLAGMASKOUT=F
+++ config.wave[204]: echo 'END: config.wave'
END: config.wave
++ jjob_header.sh[98]: status=0
++ jjob_header.sh[99]: ((  status != 0  ))
++ jjob_header.sh[96]: for config in "${configs[@]:-''}"
++ jjob_header.sh[97]: source /work2/noaa/global/CI/HERCULES/2961/RUNTESTS/EXPDIR/C48_S2SW_788dd8fb/config.wavepostsbs
+++ config.wavepostsbs[6]: echo 'BEGIN: config.wavepostsbs'
BEGIN: config.wavepostsbs
+++ config.wavepostsbs[9]: source /work2/noaa/global/CI/HERCULES/2961/RUNTESTS/EXPDIR/C48_S2SW_788dd8fb/config.resources wavepostsbs
++++ config.resources[10]: ((  1 != 1  ))
++++ config.resources[34]: step=wavepostsbs
++++ config.resources[36]: echo 'BEGIN: config.resources'
BEGIN: config.resources
++++ config.resources[38]: case ${machine} in
++++ config.resources[61]: max_tasks_per_node=80
++++ config.resources[63]: mem_node_max=500GB
++++ config.resources[144]: export max_tasks_per_node
++++ config.resources[146]: case ${step} in
++++ config.resources[201]: walltime_gdas=00:20:00
++++ config.resources[202]: walltime_gfs=03:00:00
++++ config.resources[203]: ntasks=8
++++ config.resources[204]: threads_per_task=1
++++ config.resources[205]: tasks_per_node=80
++++ config.resources[206]: NTASKS=8
++++ config.resources[207]: memory_gdas=10GB
++++ config.resources[208]: memory_gfs=10GB
++++ config.resources[1424]: [[ -f /work2/noaa/global/CI/HERCULES/2961/RUNTESTS/EXPDIR/C48_S2SW_788dd8fb/config.resources.HERCULES ]]
++++ config.resources[1425]: source /work2/noaa/global/CI/HERCULES/2961/RUNTESTS/EXPDIR/C48_S2SW_788dd8fb/config.resources.HERCULES
+++++ config.resources.HERCULES[5]: case ${step} in
++++ config.resources[1429]: for resource_var in threads_per_task ntasks tasks_per_node NTASKS memory walltime
++++ config.resources[1430]: run_resource_var=threads_per_task_gfs
++++ config.resources[1431]: [[ -n '' ]]
++++ config.resources[1433]: [[ -n 0 ]]
++++ config.resources[1434]: export threads_per_task
++++ config.resources[1429]: for resource_var in threads_per_task ntasks tasks_per_node NTASKS memory walltime
++++ config.resources[1430]: run_resource_var=ntasks_gfs
++++ config.resources[1431]: [[ -n '' ]]
++++ config.resources[1433]: [[ -n 0 ]]
++++ config.resources[1434]: export ntasks
++++ config.resources[1429]: for resource_var in threads_per_task ntasks tasks_per_node NTASKS memory walltime
++++ config.resources[1430]: run_resource_var=tasks_per_node_gfs
++++ config.resources[1431]: [[ -n '' ]]
++++ config.resources[1433]: [[ -n 0 ]]
++++ config.resources[1434]: export tasks_per_node
++++ config.resources[1429]: for resource_var in threads_per_task ntasks tasks_per_node NTASKS memory walltime
++++ config.resources[1430]: run_resource_var=NTASKS_gfs
++++ config.resources[1431]: [[ -n '' ]]
++++ config.resources[1433]: [[ -n 0 ]]
++++ config.resources[1434]: export NTASKS
++++ config.resources[1429]: for resource_var in threads_per_task ntasks tasks_per_node NTASKS memory walltime
++++ config.resources[1430]: run_resource_var=memory_gfs
++++ config.resources[1431]: [[ -n 0 ]]
++++ config.resources[1432]: declare -x memory=10GB
++++ config.resources[1429]: for resource_var in threads_per_task ntasks tasks_per_node NTASKS memory walltime
++++ config.resources[1430]: run_resource_var=walltime_gfs
++++ config.resources[1431]: [[ -n 0 ]]
++++ config.resources[1432]: declare -x walltime=03:00:00
++++ config.resources[1438]: echo 'END: config.resources'
END: config.resources
+++ config.wavepostsbs[12]: export WAV_SUBGRBSRC=
+++ config.wavepostsbs[12]: WAV_SUBGRBSRC=
+++ config.wavepostsbs[13]: export WAV_SUBGRB=
+++ config.wavepostsbs[13]: WAV_SUBGRB=
+++ config.wavepostsbs[16]: export DOFLD_WAV=YES
+++ config.wavepostsbs[16]: DOFLD_WAV=YES
+++ config.wavepostsbs[17]: export DOPNT_WAV=YES
+++ config.wavepostsbs[17]: DOPNT_WAV=YES
+++ config.wavepostsbs[18]: export DOGRB_WAV=YES
+++ config.wavepostsbs[18]: DOGRB_WAV=YES
+++ config.wavepostsbs[19]: [[ -n glo_200 ]]
+++ config.wavepostsbs[20]: export DOGRI_WAV=YES
+++ config.wavepostsbs[20]: DOGRI_WAV=YES
+++ config.wavepostsbs[24]: export DOSPC_WAV=YES
+++ config.wavepostsbs[24]: DOSPC_WAV=YES
+++ config.wavepostsbs[25]: export DOBLL_WAV=YES
+++ config.wavepostsbs[25]: DOBLL_WAV=YES
+++ config.wavepostsbs[27]: echo 'END: config.wavepostsbs'
END: config.wavepostsbs
++ jjob_header.sh[98]: status=0
++ jjob_header.sh[99]: ((  status != 0  ))
++ jjob_header.sh[96]: for config in "${configs[@]:-''}"
++ jjob_header.sh[97]: source /work2/noaa/global/CI/HERCULES/2961/RUNTESTS/EXPDIR/C48_S2SW_788dd8fb/config.wavepostpnt
+++ config.wavepostpnt[6]: echo 'BEGIN: config.wavepostpnt'
BEGIN: config.wavepostpnt
+++ config.wavepostpnt[9]: source /work2/noaa/global/CI/HERCULES/2961/RUNTESTS/EXPDIR/C48_S2SW_788dd8fb/config.resources wavepostpnt
++++ config.resources[10]: ((  1 != 1  ))
++++ config.resources[34]: step=wavepostpnt
++++ config.resources[36]: echo 'BEGIN: config.resources'
BEGIN: config.resources
++++ config.resources[38]: case ${machine} in
++++ config.resources[61]: max_tasks_per_node=80
++++ config.resources[63]: mem_node_max=500GB
++++ config.resources[144]: export max_tasks_per_node
++++ config.resources[146]: case ${step} in
++++ config.resources[240]: walltime=04:00:00
++++ config.resources[241]: ntasks=200
++++ config.resources[242]: threads_per_task=1
++++ config.resources[243]: tasks_per_node=80
++++ config.resources[244]: export is_exclusive=True
++++ config.resources[244]: is_exclusive=True
++++ config.resources[245]: [[ 80 -gt 40 ]]
++++ config.resources[246]: tasks_per_node=40
++++ config.resources[247]: export is_exclusive=False
++++ config.resources[247]: is_exclusive=False
++++ config.resources[249]: NTASKS=200
++++ config.resources[1424]: [[ -f /work2/noaa/global/CI/HERCULES/2961/RUNTESTS/EXPDIR/C48_S2SW_788dd8fb/config.resources.HERCULES ]]
++++ config.resources[1425]: source /work2/noaa/global/CI/HERCULES/2961/RUNTESTS/EXPDIR/C48_S2SW_788dd8fb/config.resources.HERCULES
+++++ config.resources.HERCULES[5]: case ${step} in
++++ config.resources[1429]: for resource_var in threads_per_task ntasks tasks_per_node NTASKS memory walltime
++++ config.resources[1430]: run_resource_var=threads_per_task_gfs
++++ config.resources[1431]: [[ -n '' ]]
++++ config.resources[1433]: [[ -n 0 ]]
++++ config.resources[1434]: export threads_per_task
++++ config.resources[1429]: for resource_var in threads_per_task ntasks tasks_per_node NTASKS memory walltime
++++ config.resources[1430]: run_resource_var=ntasks_gfs
++++ config.resources[1431]: [[ -n '' ]]
++++ config.resources[1433]: [[ -n 0 ]]
++++ config.resources[1434]: export ntasks
++++ config.resources[1429]: for resource_var in threads_per_task ntasks tasks_per_node NTASKS memory walltime
++++ config.resources[1430]: run_resource_var=tasks_per_node_gfs
++++ config.resources[1431]: [[ -n '' ]]
++++ config.resources[1433]: [[ -n 0 ]]
++++ config.resources[1434]: export tasks_per_node
++++ config.resources[1429]: for resource_var in threads_per_task ntasks tasks_per_node NTASKS memory walltime
++++ config.resources[1430]: run_resource_var=NTASKS_gfs
++++ config.resources[1431]: [[ -n '' ]]
++++ config.resources[1433]: [[ -n 0 ]]
++++ config.resources[1434]: export NTASKS
++++ config.resources[1429]: for resource_var in threads_per_task ntasks tasks_per_node NTASKS memory walltime
++++ config.resources[1430]: run_resource_var=memory_gfs
++++ config.resources[1431]: [[ -n 0 ]]
++++ config.resources[1432]: declare -x memory=10GB
++++ config.resources[1429]: for resource_var in threads_per_task ntasks tasks_per_node NTASKS memory walltime
++++ config.resources[1430]: run_resource_var=walltime_gfs
++++ config.resources[1431]: [[ -n 0 ]]
++++ config.resources[1432]: declare -x walltime=03:00:00
++++ config.resources[1438]: echo 'END: config.resources'
END: config.resources
+++ config.wavepostpnt[11]: echo 'END: config.wavepostpnt'
END: config.wavepostpnt
++ jjob_header.sh[98]: status=0
++ jjob_header.sh[99]: ((  status != 0  ))
++ jjob_header.sh[109]: source /work2/noaa/global/CI/HERCULES/2961/gfs/env/HERCULES.env wavepostpnt
+++ HERCULES.env[3]: [[ 1 -ne 1 ]]
+++ HERCULES.env[10]: step=wavepostpnt
+++ HERCULES.env[12]: export 'launcher=srun -l --export=ALL --hint=nomultithread'
+++ HERCULES.env[12]: launcher='srun -l --export=ALL --hint=nomultithread'
+++ HERCULES.env[13]: export 'mpmd_opt=--multi-prog --output=mpmd.%j.%t.out'
+++ HERCULES.env[13]: mpmd_opt='--multi-prog --output=mpmd.%j.%t.out'
+++ HERCULES.env[16]: export MPI_BUFS_PER_PROC=2048
+++ HERCULES.env[16]: MPI_BUFS_PER_PROC=2048
+++ HERCULES.env[17]: export MPI_BUFS_PER_HOST=2048
+++ HERCULES.env[17]: MPI_BUFS_PER_HOST=2048
+++ HERCULES.env[18]: export MPI_GROUP_MAX=256
+++ HERCULES.env[18]: MPI_GROUP_MAX=256
+++ HERCULES.env[19]: export MPI_MEMMAP_OFF=1
+++ HERCULES.env[19]: MPI_MEMMAP_OFF=1
+++ HERCULES.env[20]: export MP_STDOUTMODE=ORDERED
+++ HERCULES.env[20]: MP_STDOUTMODE=ORDERED
+++ HERCULES.env[21]: export KMP_AFFINITY=scatter
+++ HERCULES.env[21]: KMP_AFFINITY=scatter
+++ HERCULES.env[22]: export OMP_STACKSIZE=2048000
+++ HERCULES.env[22]: OMP_STACKSIZE=2048000
+++ HERCULES.env[23]: export NTHSTACK=1024000000
+++ HERCULES.env[23]: NTHSTACK=1024000000
+++ HERCULES.env[25]: export I_MPI_EXTRA_FILESYSTEM=1
+++ HERCULES.env[25]: I_MPI_EXTRA_FILESYSTEM=1
+++ HERCULES.env[26]: export I_MPI_EXTRA_FILESYSTEM_LIST=lustre
+++ HERCULES.env[26]: I_MPI_EXTRA_FILESYSTEM_LIST=lustre
+++ HERCULES.env[28]: ulimit -s unlimited
+++ HERCULES.env[29]: ulimit -a
real-time non-blocking time  (microseconds, -R) unlimited
core file size              (blocks, -c) 0
data seg size               (kbytes, -d) unlimited
scheduling priority                 (-e) 0
file size                   (blocks, -f) unlimited
pending signals                     (-i) 2049808
max locked memory           (kbytes, -l) unlimited
max memory size             (kbytes, -m) 260096000
open files                          (-n) 131072
pipe size                (512 bytes, -p) 8
POSIX message queues         (bytes, -q) 819200
real-time priority                  (-r) 0
stack size                  (kbytes, -s) unlimited
cpu time                   (seconds, -t) unlimited
max user processes                  (-u) 1028698
virtual memory              (kbytes, -v) unlimited
file locks                          (-x) unlimited
+++ HERCULES.env[33]: [[ -n 200 ]]
+++ HERCULES.env[33]: [[ -n 80 ]]
+++ HERCULES.env[33]: [[ -n 40 ]]
+++ HERCULES.env[34]: max_threads_per_task=2
+++ HERCULES.env[35]: NTHREADSmax=1
+++ HERCULES.env[36]: NTHREADS1=1
+++ HERCULES.env[37]: [[ 1 -gt 2 ]]
+++ HERCULES.env[38]: [[ 1 -gt 2 ]]
+++ HERCULES.env[39]: APRUN_default='srun -l --export=ALL --hint=nomultithread -n 200'
+++ HERCULES.env[45]: case ${step} in
+++ HERCULES.env[63]: export CFP_MP=YES
+++ HERCULES.env[63]: CFP_MP=YES
+++ HERCULES.env[64]: [[ wavepostpnt = \w\a\v\e\p\r\e\p ]]
+++ HERCULES.env[65]: export 'wavempexec=srun -l --export=ALL --hint=nomultithread'
+++ HERCULES.env[65]: wavempexec='srun -l --export=ALL --hint=nomultithread'
+++ HERCULES.env[66]: export 'wave_mpmd=--multi-prog --output=mpmd.%j.%t.out'
+++ HERCULES.env[66]: wave_mpmd='--multi-prog --output=mpmd.%j.%t.out'
++ jjob_header.sh[110]: status=0
++ jjob_header.sh[111]: ((  status != 0  ))
+ JGLOBAL_WAVE_POST_PNT[7]: export errchk=err_chk
+ JGLOBAL_WAVE_POST_PNT[7]: errchk=err_chk
+ JGLOBAL_WAVE_POST_PNT[9]: export MP_PULSE=0
+ JGLOBAL_WAVE_POST_PNT[9]: MP_PULSE=0
+ JGLOBAL_WAVE_POST_PNT[12]: YMD=20210323
+ JGLOBAL_WAVE_POST_PNT[12]: HH=12
+ JGLOBAL_WAVE_POST_PNT[12]: declare_from_tmpl -rx COMIN_WAVE_PREP:COM_WAVE_PREP_TMPL COMIN_WAVE_HISTORY:COM_WAVE_HISTORY_TMPL COMOUT_WAVE_STATION:COM_WAVE_STATION_TMPL
+ bash_utils.sh[35]: [[ NO == \N\O ]]
+ bash_utils.sh[35]: set +x
declare_from_tmpl :: COMIN_WAVE_PREP=/work2/noaa/global/CI/HERCULES/2961/RUNTESTS/COMROOT/C48_S2SW_788dd8fb/gfs.20210323/12//model/wave/prep
declare_from_tmpl :: COMIN_WAVE_HISTORY=/work2/noaa/global/CI/HERCULES/2961/RUNTESTS/COMROOT/C48_S2SW_788dd8fb/gfs.20210323/12//model/wave/history
declare_from_tmpl :: COMOUT_WAVE_STATION=/work2/noaa/global/CI/HERCULES/2961/RUNTESTS/COMROOT/C48_S2SW_788dd8fb/gfs.20210323/12//products/wave/station
+ JGLOBAL_WAVE_POST_PNT[17]: [[ ! -d /work2/noaa/global/CI/HERCULES/2961/RUNTESTS/COMROOT/C48_S2SW_788dd8fb/gfs.20210323/12//products/wave/station ]]
+ JGLOBAL_WAVE_POST_PNT[17]: mkdir -p /work2/noaa/global/CI/HERCULES/2961/RUNTESTS/COMROOT/C48_S2SW_788dd8fb/gfs.20210323/12//products/wave/station
+ JGLOBAL_WAVE_POST_PNT[21]: membTAG=p
+ JGLOBAL_WAVE_POST_PNT[22]: '[' '' == 00 ']'
+ JGLOBAL_WAVE_POST_PNT[23]: export membTAG
+ JGLOBAL_WAVE_POST_PNT[24]: export WAV_MOD_TAG=gfswave
+ JGLOBAL_WAVE_POST_PNT[24]: WAV_MOD_TAG=gfswave
+ JGLOBAL_WAVE_POST_PNT[26]: export CFP_VERBOSE=1
+ JGLOBAL_WAVE_POST_PNT[26]: CFP_VERBOSE=1
+ JGLOBAL_WAVE_POST_PNT[28]: export FHMAX_WAV_PNT=120
+ JGLOBAL_WAVE_POST_PNT[28]: FHMAX_WAV_PNT=120
+ JGLOBAL_WAVE_POST_PNT[29]: export DOSPC_WAV=YES
+ JGLOBAL_WAVE_POST_PNT[29]: DOSPC_WAV=YES
+ JGLOBAL_WAVE_POST_PNT[30]: export DOBLL_WAV=YES
+ JGLOBAL_WAVE_POST_PNT[30]: DOBLL_WAV=YES
+ JGLOBAL_WAVE_POST_PNT[31]: export DOBNDPNT_WAV=NO
+ JGLOBAL_WAVE_POST_PNT[31]: DOBNDPNT_WAV=NO
+ JGLOBAL_WAVE_POST_PNT[35]: /work2/noaa/global/CI/HERCULES/2961/gfs/scripts/exgfs_wave_post_pnt.sh
Begin exgfs_wave_post_pnt.sh at Fri Nov  8 01:47:36 UTC 2024
+ exgfs_wave_post_pnt.sh[43]: cd /work/noaa/stmp/mterry/HERCULES/RUNDIRS/C48_S2SW_788dd8fb/gfs.2021032312/wavepostpnt.2634045
+ exgfs_wave_post_pnt.sh[47]: export WAV_MOD_TAG=gfswave
+ exgfs_wave_post_pnt.sh[47]: WAV_MOD_TAG=gfswave
++ exgfs_wave_post_pnt.sh[49]: hostname
+ exgfs_wave_post_pnt.sh[49]: echo 'HAS BEGUN on hercules-01-37'
HAS BEGUN on hercules-01-37
+ exgfs_wave_post_pnt.sh[50]: echo 'Starting WAVE PNT POSTPROCESSOR SCRIPT for gfswave'
Starting WAVE PNT POSTPROCESSOR SCRIPT for gfswave
+ exgfs_wave_post_pnt.sh[52]: set +x
 
                     *************************************
                     *** WAVE PNT POSTPROCESSOR SCRIPT ***
                     *************************************
 
Starting at : Thu Nov  7 19:47:36 CST 2024
-------------
 
+ exgfs_wave_post_pnt.sh[65]: '[' -z 200 ']'
+ exgfs_wave_post_pnt.sh[74]: waveuoutpGRD=uglo_100km
+ exgfs_wave_post_pnt.sh[79]: export STA_DIR=/work/noaa/stmp/mterry/HERCULES/RUNDIRS/C48_S2SW_788dd8fb/gfs.2021032312/wavepostpnt.2634045/station_ascii_files
+ exgfs_wave_post_pnt.sh[79]: STA_DIR=/work/noaa/stmp/mterry/HERCULES/RUNDIRS/C48_S2SW_788dd8fb/gfs.2021032312/wavepostpnt.2634045/station_ascii_files
+ exgfs_wave_post_pnt.sh[80]: '[' -d /work/noaa/stmp/mterry/HERCULES/RUNDIRS/C48_S2SW_788dd8fb/gfs.2021032312/wavepostpnt.2634045/station_ascii_files ']'
+ exgfs_wave_post_pnt.sh[84]: mkdir -p /work/noaa/stmp/mterry/HERCULES/RUNDIRS/C48_S2SW_788dd8fb/gfs.2021032312/wavepostpnt.2634045/station_ascii_files
+ exgfs_wave_post_pnt.sh[85]: mkdir -p /work/noaa/stmp/mterry/HERCULES/RUNDIRS/C48_S2SW_788dd8fb/gfs.2021032312/wavepostpnt.2634045/station_ascii_files/spec
+ exgfs_wave_post_pnt.sh[86]: mkdir -p /work/noaa/stmp/mterry/HERCULES/RUNDIRS/C48_S2SW_788dd8fb/gfs.2021032312/wavepostpnt.2634045/station_ascii_files/bull
+ exgfs_wave_post_pnt.sh[87]: mkdir -p /work/noaa/stmp/mterry/HERCULES/RUNDIRS/C48_S2SW_788dd8fb/gfs.2021032312/wavepostpnt.2634045/station_ascii_files/cbull
+ exgfs_wave_post_pnt.sh[88]: mkdir -p /work/noaa/stmp/mterry/HERCULES/RUNDIRS/C48_S2SW_788dd8fb/gfs.2021032312/wavepostpnt.2634045/station_ascii_files/specfhr
+ exgfs_wave_post_pnt.sh[89]: mkdir -p /work/noaa/stmp/mterry/HERCULES/RUNDIRS/C48_S2SW_788dd8fb/gfs.2021032312/wavepostpnt.2634045/station_ascii_files/bullfhr
+ exgfs_wave_post_pnt.sh[90]: mkdir -p /work/noaa/stmp/mterry/HERCULES/RUNDIRS/C48_S2SW_788dd8fb/gfs.2021032312/wavepostpnt.2634045/station_ascii_files/cbullfhr
+ exgfs_wave_post_pnt.sh[92]: set +x
 
Grid information  :
-------------------
   Output points : uglo_100km
 
+ exgfs_wave_post_pnt.sh[103]: exit_code=0
+ exgfs_wave_post_pnt.sh[105]: set +x
 
Preparing input files :
-----------------------
+ exgfs_wave_post_pnt.sh[115]: rm -f cmdfile
+ exgfs_wave_post_pnt.sh[116]: touch cmdfile
+ exgfs_wave_post_pnt.sh[117]: chmod 744 cmdfile
+ exgfs_wave_post_pnt.sh[119]: set_trace
+ preamble.sh[52]: [[ YES == \Y\E\S ]]
+ preamble.sh[53]: set -x
+ exgfs_wave_post_pnt.sh[122]: iloop=0
+ exgfs_wave_post_pnt.sh[123]: for grdID in ${waveuoutpGRD}
+ exgfs_wave_post_pnt.sh[124]: [[ -f /work2/noaa/global/CI/HERCULES/2961/RUNTESTS/COMROOT/C48_S2SW_788dd8fb/gfs.20210323/12//model/wave/prep/gfswave.mod_def.uglo_100km ]]
+ exgfs_wave_post_pnt.sh[134]: for grdID in $waveuoutpGRD
+ exgfs_wave_post_pnt.sh[136]: '[' '!' -f mod_def.uglo_100km ']'
+ exgfs_wave_post_pnt.sh[138]: set +x
 
*************************************************** 
 FATAL ERROR : NO MOD_DEF FILE mod_def.uglo_100km 
*************************************************** 
 
+ exgfs_wave_post_pnt.sh[145]: err=2
+ exgfs_wave_post_pnt.sh[145]: export err
+ exgfs_wave_post_pnt.sh[145]: err_chk

-------------------------------------------------------------
-- FATAL ERROR: Job wavepostpnt.2634045 failed RETURN CODE 2
-- ABNORMAL EXIT at Thu Nov  7 19:47:36 CST 2024 on hercules-01-37
-------------------------------------------------------------


Currently Loaded Modules:
  1) contrib/0.1                      25) git-lfs/3.1.2
  2) intel-oneapi-compilers/2023.1.0  26) crtm/2.4.0.1
  3) stack-intel/2021.9.0             27) g2/3.5.1
  4) intel-oneapi-mpi/2021.9.0        28) g2tmpl/1.13.0
  5) stack-intel-oneapi-mpi/2021.9.0  29) ip/4.3.0
  6) nghttp2/1.57.0                   30) sp/2.5.0
  7) curl/8.4.0                       31) w3emc/2.10.0
  8) cmake/3.23.1                     32) gftl/1.10.0
  9) libjpeg/2.1.0                    33) gftl-shared/1.6.1
 10) jasper/2.0.32                    34) fargparse/1.5.0
 11) zlib/1.2.13                      35) pigz/2.7
 12) libpng/1.6.37                    36) tar/1.34
 13) hdf5/1.14.0                      37) gettext/0.21.1
 14) snappy/1.1.10                    38) libxcrypt/4.4.35
 15) zstd/1.5.2                       39) sqlite/3.43.2
 16) c-blosc/1.21.5                   40) util-linux-uuid/2.38.1
 17) netcdf-c/4.9.2                   41) python/3.10.13
 18) netcdf-fortran/4.6.1             42) mapl/2.40.3-esmf-8.6.0
 19) parallel-netcdf/1.12.2           43) scotch/7.0.4
 20) parallelio/2.5.10                44) ufs_common
 21) esmf/8.6.0                       45) nccmp/1.9.0.1
 22) fms/2023.04                      46) ufs_hercules.intel
 23) bacio/2.4.1                      47) prod_util/2.1.1
 24) crtm-fix/2.4.0.1_emc             48) wgrib2/3.1.1

 


Job wavepostpnt.2634045 failed RETURN CODE 2
/work/noaa/stmp/mterry/HERCULES/RUNDIRS/C48_S2SW_788dd8fb/gfs.2021032312/wavepostpnt.2634045
total 5
-rw-r----- 1 mterry stmp    0 Nov  7 19:47 ncepdate
-rwxr----- 1 mterry stmp  328 Nov  7 19:47 PDY
drwxr-s--- 8 mterry stmp 4096 Nov  7 19:47 station_ascii_files
-rwxr--r-- 1 mterry stmp    0 Nov  7 19:47 cmdfile
cat: OUTPUT.2634753: No such file or directory
slurmstepd: error: *** JOB 3118051 ON hercules-01-37 CANCELLED AT 2024-11-07T19:47:37 ***
