+ source /scratch3/NCEPDEV/global/role.glopara/GFS_CI_CD/URSA/BUILDS/GITLAB/pr_cases_4328_5a190987_6509/global-workflow/dev/ush/load_modules.sh run
++ [[ hxB == *x* ]]
++ set_x=YES
++ [[ NO == \N\O ]]
++ echo 'Loading modules quietly...'
Loading modules quietly...
++ set +x
Running "module reset". Resetting modules to system default. The following $MODULEPATH directories have been removed: /scratch3/NCEPDEV/global/role.glopara/GFS_CI_CD/URSA/BUILDS/GITLAB/pr_cases_4328_5a190987_6509/global-workflow/modulefiles

Currently Loaded Modules:
  1) lmod                             40) esmf/8.8.0
  2) intel-oneapi-compilers/2024.2.1  41) antlr/2.7.7
  3) stack-oneapi/2024.2.1            42) gsl/2.8
  4) intel-oneapi-mpi/2021.13.1       43) nco/5.2.4
  5) stack-intel-oneapi-mpi/2021.13   44) bacio/2.4.1
  6) glibc/2.34                       45) w3emc/2.10.0
  7) intel-oneapi-runtime/2024.2.1    46) prod_util/2.1.1
  8) zlib/1.2.13                      47) g2/3.5.1
  9) pigz/2.8                         48) ip/5.1.0
 10) zstd/1.5.6                       49) grib-util/1.4.0
 11) tar/1.34                         50) g2tmpl/1.13.0
 12) gettext/0.22.5                   51) gsi-ncdiag/1.1.2
 13) sqlite/3.46.0                    52) crtm-fix/2.4.0.1_emc
 14) util-linux-uuid/2.40.2           53) git-lfs/3.5.1
 15) python/3.11.7                    54) crtm/2.4.0.1
 16) stack-python/3.11.7              55) bufr/12.1.0
 17) nghttp2/1.63.0                   56) py-f90nml/1.4.3
 18) curl/8.10.1                      57) py-certifi/2023.7.22
 19) cmake/3.27.9                     58) py-cftime/1.0.3.4
 20) libjpeg/2.1.0                    59) py-netcdf4/1.7.1.post2
 21) jasper/2.0.32                    60) libyaml/0.2.5
 22) libpng/1.6.37                    61) py-pyyaml/6.0.2
 23) openjpeg/2.3.1                   62) py-markupsafe/2.1.3
 24) eccodes/2.33.0                   63) py-jinja2/3.1.4
 25) intel-oneapi-mkl/2024.2.1        64) py-pytz/2023.3
 26) proj/9.4.1                       65) py-tzdata/2023.3
 27) udunits/2.2.28                   66) py-pandas/2.2.3
 28) cdo/2.4.4                        67) py-six/1.16.0
 29) hdf5/1.14.3                      68) py-python-dateutil/2.8.2
 30) snappy/1.2.1                     69) py-packaging/24.1
 31) c-blosc/1.21.5                   70) py-setuptools/69.2.0
 32) netcdf-c/4.9.2                   71) py-xarray/2024.7.0
 33) netcdf-fortran/4.6.1             72) gw_run.common
 34) parallel-netcdf/1.12.3           73) g2c/2.1.0
 35) parallelio/2.6.2                 74) wgrib2/3.6.0
 36) python-venv/1.0                  75) prepobs/1.1.3
 37) py-mpi4py/4.0.1                  76) fit2obs/1.1.10
 38) py-numpy/1.26.4                  77) imagemagick/7.1.1-29
 39) py-pip/23.1.2                    78) gw_run.ursa

 

++ [[ -d /scratch3/NCEPDEV/global/role.glopara/GFS_CI_CD/URSA/BUILDS/GITLAB/pr_cases_4328_5a190987_6509/global-workflow/sorc/wxflow/src ]]
++ PYTHONPATH=/scratch3/NCEPDEV/global/role.glopara/GFS_CI_CD/URSA/BUILDS/GITLAB/pr_cases_4328_5a190987_6509/global-workflow/sorc/wxflow/src:/contrib/spack-stack/spack-stack-1.9.2/envs/ue-oneapi-2024.2.1/install/oneapi/2024.2.1/py-xarray-2024.7.0-tg53kls/lib/python3.11/site-packages:/contrib/spack-stack/spack-stack-1.9.2/envs/ue-oneapi-2024.2.1/install/oneapi/2024.2.1/py-setuptools-69.2.0-cge4bsx/lib/python3.11/site-packages:/contrib/spack-stack/spack-stack-1.9.2/envs/ue-oneapi-2024.2.1/install/oneapi/2024.2.1/py-packaging-24.1-njbyh5r/lib/python3.11/site-packages:/contrib/spack-stack/spack-stack-1.9.2/envs/ue-oneapi-2024.2.1/install/oneapi/2024.2.1/py-python-dateutil-2.8.2-qlkqzyg/lib/python3.11/site-packages:/contrib/spack-stack/spack-stack-1.9.2/envs/ue-oneapi-2024.2.1/install/oneapi/2024.2.1/py-six-1.16.0-jkszz2g/lib/python3.11/site-packages:/contrib/spack-stack/spack-stack-1.9.2/envs/ue-oneapi-2024.2.1/install/oneapi/2024.2.1/py-pandas-2.2.3-uar3v7v/lib/python3.11/site-packages:/contrib/spack-stack/spack-stack-1.9.2/envs/ue-oneapi-2024.2.1/install/oneapi/2024.2.1/py-tzdata-2023.3-wsjtkwg/lib/python3.11/site-packages:/contrib/spack-stack/spack-stack-1.9.2/envs/ue-oneapi-2024.2.1/install/oneapi/2024.2.1/py-pytz-2023.3-cfh3tbl/lib/python3.11/site-packages:/contrib/spack-stack/spack-stack-1.9.2/envs/ue-oneapi-2024.2.1/install/oneapi/2024.2.1/py-jinja2-3.1.4-jhz55wn/lib/python3.11/site-packages:/contrib/spack-stack/spack-stack-1.9.2/envs/ue-oneapi-2024.2.1/install/oneapi/2024.2.1/py-markupsafe-2.1.3-cct5rgj/lib/python3.11/site-packages:/contrib/spack-stack/spack-stack-1.9.2/envs/ue-oneapi-2024.2.1/install/oneapi/2024.2.1/py-pyyaml-6.0.2-55i3htn/lib/python3.11/site-packages:/contrib/spack-stack/spack-stack-1.9.2/envs/ue-oneapi-2024.2.1/install/oneapi/2024.2.1/py-netcdf4-1.7.1.post2-chvc6ro/lib/python3.11/site-packages:/contrib/spack-stack/spack-stack-1.9.2/envs/ue-oneapi-2024.2.1/install/oneapi/2024.2.1/py-cftime-1.0.3.4-ljy6l3p/lib/python3.11/site-packages:/contrib/spack-stack/spack-stack-1.9.2/envs/ue-oneapi-2024.2.1/install/oneapi/2024.2.1/py-certifi-2023.7.22-5zcopi6/lib/python3.11/site-packages:/contrib/spack-stack/spack-stack-1.9.2/envs/ue-oneapi-2024.2.1/install/oneapi/2024.2.1/py-f90nml-1.4.3-7rmrgv7/lib/python3.11/site-packages:/contrib/spack-stack/spack-stack-1.9.2/envs/ue-oneapi-2024.2.1/install/oneapi/2024.2.1/bufr-12.1.0-dxfkpsz/lib64/python3.11/site-packages:/contrib/spack-stack/spack-stack-1.9.2/envs/ue-oneapi-2024.2.1/install/oneapi/2024.2.1/esmf-8.8.0-hdxt3lx/lib/python3.11/site-packages:/contrib/spack-stack/spack-stack-1.9.2/envs/ue-oneapi-2024.2.1/install/oneapi/2024.2.1/py-pip-23.1.2-sjeblpd/lib/python3.11/site-packages:/contrib/spack-stack/spack-stack-1.9.2/envs/ue-oneapi-2024.2.1/install/oneapi/2024.2.1/py-numpy-1.26.4-mqxp6yv/lib/python3.11/site-packages:/contrib/spack-stack/spack-stack-1.9.2/envs/ue-oneapi-2024.2.1/install/oneapi/2024.2.1/py-mpi4py-4.0.1-plc5ydd/lib/python3.11/site-packages:/contrib/spack-stack/spack-stack-1.9.2/envs/ue-oneapi-2024.2.1/install/oneapi/2024.2.1/python-venv-1.0-qgjgfzk/lib/python3.11/site-packages:/scratch3/NCEPDEV/global/role.glopara/GFS_CI_CD/URSA/BUILDS/GITLAB/pr_cases_4328_5a190987_6509/global-workflow/sorc/wxflow/src:/home/role.glopara/.local/lib/python3.11/site-packages
++ PYTHONPATH=/scratch3/NCEPDEV/global/role.glopara/GFS_CI_CD/URSA/BUILDS/GITLAB/pr_cases_4328_5a190987_6509/global-workflow/sorc/wxflow/src:/contrib/spack-stack/spack-stack-1.9.2/envs/ue-oneapi-2024.2.1/install/oneapi/2024.2.1/py-xarray-2024.7.0-tg53kls/lib/python3.11/site-packages:/contrib/spack-stack/spack-stack-1.9.2/envs/ue-oneapi-2024.2.1/install/oneapi/2024.2.1/py-setuptools-69.2.0-cge4bsx/lib/python3.11/site-packages:/contrib/spack-stack/spack-stack-1.9.2/envs/ue-oneapi-2024.2.1/install/oneapi/2024.2.1/py-packaging-24.1-njbyh5r/lib/python3.11/site-packages:/contrib/spack-stack/spack-stack-1.9.2/envs/ue-oneapi-2024.2.1/install/oneapi/2024.2.1/py-python-dateutil-2.8.2-qlkqzyg/lib/python3.11/site-packages:/contrib/spack-stack/spack-stack-1.9.2/envs/ue-oneapi-2024.2.1/install/oneapi/2024.2.1/py-six-1.16.0-jkszz2g/lib/python3.11/site-packages:/contrib/spack-stack/spack-stack-1.9.2/envs/ue-oneapi-2024.2.1/install/oneapi/2024.2.1/py-pandas-2.2.3-uar3v7v/lib/python3.11/site-packages:/contrib/spack-stack/spack-stack-1.9.2/envs/ue-oneapi-2024.2.1/install/oneapi/2024.2.1/py-tzdata-2023.3-wsjtkwg/lib/python3.11/site-packages:/contrib/spack-stack/spack-stack-1.9.2/envs/ue-oneapi-2024.2.1/install/oneapi/2024.2.1/py-pytz-2023.3-cfh3tbl/lib/python3.11/site-packages:/contrib/spack-stack/spack-stack-1.9.2/envs/ue-oneapi-2024.2.1/install/oneapi/2024.2.1/py-jinja2-3.1.4-jhz55wn/lib/python3.11/site-packages:/contrib/spack-stack/spack-stack-1.9.2/envs/ue-oneapi-2024.2.1/install/oneapi/2024.2.1/py-markupsafe-2.1.3-cct5rgj/lib/python3.11/site-packages:/contrib/spack-stack/spack-stack-1.9.2/envs/ue-oneapi-2024.2.1/install/oneapi/2024.2.1/py-pyyaml-6.0.2-55i3htn/lib/python3.11/site-packages:/contrib/spack-stack/spack-stack-1.9.2/envs/ue-oneapi-2024.2.1/install/oneapi/2024.2.1/py-netcdf4-1.7.1.post2-chvc6ro/lib/python3.11/site-packages:/contrib/spack-stack/spack-stack-1.9.2/envs/ue-oneapi-2024.2.1/install/oneapi/2024.2.1/py-cftime-1.0.3.4-ljy6l3p/lib/python3.11/site-packages:/contrib/spack-stack/spack-stack-1.9.2/envs/ue-oneapi-2024.2.1/install/oneapi/2024.2.1/py-certifi-2023.7.22-5zcopi6/lib/python3.11/site-packages:/contrib/spack-stack/spack-stack-1.9.2/envs/ue-oneapi-2024.2.1/install/oneapi/2024.2.1/py-f90nml-1.4.3-7rmrgv7/lib/python3.11/site-packages:/contrib/spack-stack/spack-stack-1.9.2/envs/ue-oneapi-2024.2.1/install/oneapi/2024.2.1/bufr-12.1.0-dxfkpsz/lib64/python3.11/site-packages:/contrib/spack-stack/spack-stack-1.9.2/envs/ue-oneapi-2024.2.1/install/oneapi/2024.2.1/esmf-8.8.0-hdxt3lx/lib/python3.11/site-packages:/contrib/spack-stack/spack-stack-1.9.2/envs/ue-oneapi-2024.2.1/install/oneapi/2024.2.1/py-pip-23.1.2-sjeblpd/lib/python3.11/site-packages:/contrib/spack-stack/spack-stack-1.9.2/envs/ue-oneapi-2024.2.1/install/oneapi/2024.2.1/py-numpy-1.26.4-mqxp6yv/lib/python3.11/site-packages:/contrib/spack-stack/spack-stack-1.9.2/envs/ue-oneapi-2024.2.1/install/oneapi/2024.2.1/py-mpi4py-4.0.1-plc5ydd/lib/python3.11/site-packages:/contrib/spack-stack/spack-stack-1.9.2/envs/ue-oneapi-2024.2.1/install/oneapi/2024.2.1/python-venv-1.0-qgjgfzk/lib/python3.11/site-packages:/scratch3/NCEPDEV/global/role.glopara/GFS_CI_CD/URSA/BUILDS/GITLAB/pr_cases_4328_5a190987_6509/global-workflow/sorc/wxflow/src:/home/role.glopara/.local/lib/python3.11/site-packages:/scratch3/NCEPDEV/global/role.glopara/GFS_CI_CD/URSA/BUILDS/GITLAB/pr_cases_4328_5a190987_6509/global-workflow/ush/python
++ export PYTHONPATH
++ ulimit -S -s unlimited
++ unset ulimit_s
++ [[ NO == \Y\E\S ]]
+ status=0
+ (( status != 0 ))
+ export job=atmos_products
+ job=atmos_products
+ IFS=', '
+ read -r -a fhr_list
+ export FORECAST_HOUR jobid
+ for FORECAST_HOUR in "${fhr_list[@]}"
++ printf %03d 0
+ fhr3=000
+ jobid=atmos_products_f000.60685
+ /scratch3/NCEPDEV/global/role.glopara/GFS_CI_CD/URSA/BUILDS/GITLAB/pr_cases_4328_5a190987_6509/global-workflow/dev/jobs/JGLOBAL_ATMOS_PRODUCTS
Begin /scratch3/NCEPDEV/global/role.glopara/GFS_CI_CD/URSA/BUILDS/GITLAB/pr_cases_4328_5a190987_6509/global-workflow/dev/jobs/JGLOBAL_ATMOS_PRODUCTS at 21:23:08
++ jjob_header.sh[46]OPTIND=1
++ jjob_header.sh[47]getopts c:e: option
++ jjob_header.sh[48]case "${option}" in
++ jjob_header.sh[50]env_job=atmos_products
++ jjob_header.sh[47]getopts c:e: option
++ jjob_header.sh[48]case "${option}" in
++ jjob_header.sh[49]read -ra configs
++ jjob_header.sh[47]getopts c:e: option
++ jjob_header.sh[61]shift 4
++ jjob_header.sh[63][[ -z atmos_products ]]
++ jjob_header.sh[71]export DATA=/scratch4/NCEPDEV/stmp/role.glopara/RUNDIRS/C96mx100_S2S_5a190987-6509/sfs.1994050100/atmos_products_f000.60685
++ jjob_header.sh[71]DATA=/scratch4/NCEPDEV/stmp/role.glopara/RUNDIRS/C96mx100_S2S_5a190987-6509/sfs.1994050100/atmos_products_f000.60685
++ jjob_header.sh[72][[ YES == \Y\E\S ]]
++ jjob_header.sh[73]rm -rf /scratch4/NCEPDEV/stmp/role.glopara/RUNDIRS/C96mx100_S2S_5a190987-6509/sfs.1994050100/atmos_products_f000.60685
++ jjob_header.sh[75]mkdir -p /scratch4/NCEPDEV/stmp/role.glopara/RUNDIRS/C96mx100_S2S_5a190987-6509/sfs.1994050100/atmos_products_f000.60685
++ jjob_header.sh[76]cd /scratch4/NCEPDEV/stmp/role.glopara/RUNDIRS/C96mx100_S2S_5a190987-6509/sfs.1994050100/atmos_products_f000.60685
++ jjob_header.sh[84]export pid=60918
++ jjob_header.sh[84]pid=60918
++ jjob_header.sh[85]export pgmout=OUTPUT.60918
++ jjob_header.sh[85]pgmout=OUTPUT.60918
++ jjob_header.sh[86]export pgmerr=errfile
++ jjob_header.sh[86]pgmerr=errfile
++ jjob_header.sh[89]export pgm=
++ jjob_header.sh[89]pgm=
++ jjob_header.sh[94]export cycle=t00z
++ jjob_header.sh[94]cycle=t00z
++ jjob_header.sh[95]setpdy.sh
+ setpdy.sh[20]'[' /scratch4/NCEPDEV/stmp/role.glopara/RUNDIRS/C96mx100_S2S_5a190987-6509/sfs.1994050100/atmos_products_f000.60685 == /home/role.glopara ']'
+ setpdy.sh[25][[ ! t00z =~ t??z ]]
+ setpdy.sh[30]case $# in
+ setpdy.sh[31]dates_before_PDY=7
+ setpdy.sh[32]dates_after_PDY=7
+ setpdy.sh[50]COMDATEROOT=/scratch3/NCEPDEV/global/role.glopara/GFS_CI_CD/URSA/BUILDS/GITLAB/pr_cases_4328_5a190987_6509/RUNTESTS/COMROOT
+ setpdy.sh[53]'[' -z 19940501 ']'
+ setpdy.sh[57]sed 's/[0-9]\{8\}/19940501/' /scratch3/NCEPDEV/global/role.glopara/GFS_CI_CD/URSA/BUILDS/GITLAB/pr_cases_4328_5a190987_6509/RUNTESTS/COMROOT/date/t00z
sed: can't read /scratch3/NCEPDEV/global/role.glopara/GFS_CI_CD/URSA/BUILDS/GITLAB/pr_cases_4328_5a190987_6509/RUNTESTS/COMROOT/date/t00z: No such file or directory
++ jjob_header.sh[95]true
++ jjob_header.sh[96]source ./PDY
/scratch3/NCEPDEV/global/role.glopara/GFS_CI_CD/URSA/BUILDS/GITLAB/pr_cases_4328_5a190987_6509/global-workflow/ush/jjob_header.sh: line 96: ./PDY: No such file or directory
++ jjob_header.sh[96]true
++ jjob_header.sh[101]export EXPDIR=/scratch3/NCEPDEV/global/role.glopara/GFS_CI_CD/URSA/BUILDS/GITLAB/pr_cases_4328_5a190987_6509/RUNTESTS/EXPDIR/C96mx100_S2S_5a190987-6509
++ jjob_header.sh[101]EXPDIR=/scratch3/NCEPDEV/global/role.glopara/GFS_CI_CD/URSA/BUILDS/GITLAB/pr_cases_4328_5a190987_6509/RUNTESTS/EXPDIR/C96mx100_S2S_5a190987-6509
++ jjob_header.sh[102]for config in "${configs[@]:-''}"
++ jjob_header.sh[103]source /scratch3/NCEPDEV/global/role.glopara/GFS_CI_CD/URSA/BUILDS/GITLAB/pr_cases_4328_5a190987_6509/RUNTESTS/EXPDIR/C96mx100_S2S_5a190987-6509/config.base
+++ config.base[6]echo 'BEGIN: config.base'
BEGIN: config.base
+++ config.base[9]export machine=URSA
+++ config.base[9]machine=URSA
+++ config.base[12]export RUN_ENVIR=emc
+++ config.base[12]RUN_ENVIR=emc
+++ config.base[15]export ACCOUNT=fv3-cpu
+++ config.base[15]ACCOUNT=fv3-cpu
+++ config.base[16]export QUEUE=batch
+++ config.base[16]QUEUE=batch
+++ config.base[17]export QUEUE_SERVICE=batch
+++ config.base[17]QUEUE_SERVICE=batch
+++ config.base[18]export QUEUE_DTN=batch
+++ config.base[18]QUEUE_DTN=batch
+++ config.base[19]export PARTITION_BATCH=u1-compute
+++ config.base[19]PARTITION_BATCH=u1-compute
+++ config.base[20]export PARTITION_SERVICE=u1-service
+++ config.base[20]PARTITION_SERVICE=u1-service
+++ config.base[21]export PARTITION_DTN=
+++ config.base[21]PARTITION_DTN=
+++ config.base[22]export RESERVATION=
+++ config.base[22]RESERVATION=
+++ config.base[23]export CLUSTERS=
+++ config.base[23]CLUSTERS=
+++ config.base[24]export CLUSTERS_SERVICE=
+++ config.base[24]CLUSTERS_SERVICE=
+++ config.base[25]export CLUSTERS_DTN=
+++ config.base[25]CLUSTERS_DTN=
+++ config.base[28]export HPSS_PROJECT=emc-global
+++ config.base[28]HPSS_PROJECT=emc-global
+++ config.base[31]export HOMEgfs=/scratch3/NCEPDEV/global/role.glopara/GFS_CI_CD/URSA/BUILDS/GITLAB/pr_cases_4328_5a190987_6509/global-workflow
+++ config.base[31]HOMEgfs=/scratch3/NCEPDEV/global/role.glopara/GFS_CI_CD/URSA/BUILDS/GITLAB/pr_cases_4328_5a190987_6509/global-workflow
+++ config.base[32]export EXECgfs=/scratch3/NCEPDEV/global/role.glopara/GFS_CI_CD/URSA/BUILDS/GITLAB/pr_cases_4328_5a190987_6509/global-workflow/exec
+++ config.base[32]EXECgfs=/scratch3/NCEPDEV/global/role.glopara/GFS_CI_CD/URSA/BUILDS/GITLAB/pr_cases_4328_5a190987_6509/global-workflow/exec
+++ config.base[33]export FIXgfs=/scratch3/NCEPDEV/global/role.glopara/GFS_CI_CD/URSA/BUILDS/GITLAB/pr_cases_4328_5a190987_6509/global-workflow/fix
+++ config.base[33]FIXgfs=/scratch3/NCEPDEV/global/role.glopara/GFS_CI_CD/URSA/BUILDS/GITLAB/pr_cases_4328_5a190987_6509/global-workflow/fix
+++ config.base[34]export PARMgfs=/scratch3/NCEPDEV/global/role.glopara/GFS_CI_CD/URSA/BUILDS/GITLAB/pr_cases_4328_5a190987_6509/global-workflow/parm
+++ config.base[34]PARMgfs=/scratch3/NCEPDEV/global/role.glopara/GFS_CI_CD/URSA/BUILDS/GITLAB/pr_cases_4328_5a190987_6509/global-workflow/parm
+++ config.base[35]export SCRgfs=/scratch3/NCEPDEV/global/role.glopara/GFS_CI_CD/URSA/BUILDS/GITLAB/pr_cases_4328_5a190987_6509/global-workflow/scripts
+++ config.base[35]SCRgfs=/scratch3/NCEPDEV/global/role.glopara/GFS_CI_CD/URSA/BUILDS/GITLAB/pr_cases_4328_5a190987_6509/global-workflow/scripts
+++ config.base[36]export USHgfs=/scratch3/NCEPDEV/global/role.glopara/GFS_CI_CD/URSA/BUILDS/GITLAB/pr_cases_4328_5a190987_6509/global-workflow/ush
+++ config.base[36]USHgfs=/scratch3/NCEPDEV/global/role.glopara/GFS_CI_CD/URSA/BUILDS/GITLAB/pr_cases_4328_5a190987_6509/global-workflow/ush
+++ config.base[37]export FIXorog=/scratch3/NCEPDEV/global/role.glopara/GFS_CI_CD/URSA/BUILDS/GITLAB/pr_cases_4328_5a190987_6509/global-workflow/fix/orog
+++ config.base[37]FIXorog=/scratch3/NCEPDEV/global/role.glopara/GFS_CI_CD/URSA/BUILDS/GITLAB/pr_cases_4328_5a190987_6509/global-workflow/fix/orog
+++ config.base[38]export FIXugwd=/scratch3/NCEPDEV/global/role.glopara/GFS_CI_CD/URSA/BUILDS/GITLAB/pr_cases_4328_5a190987_6509/global-workflow/fix/ugwd
+++ config.base[38]FIXugwd=/scratch3/NCEPDEV/global/role.glopara/GFS_CI_CD/URSA/BUILDS/GITLAB/pr_cases_4328_5a190987_6509/global-workflow/fix/ugwd
+++ config.base[43]export PACKAGEROOT=/scratch3/NCEPDEV/global/role.glopara/nwpara
+++ config.base[43]PACKAGEROOT=/scratch3/NCEPDEV/global/role.glopara/nwpara
+++ config.base[44]export COMROOT=/scratch3/NCEPDEV/global/role.glopara/GFS_CI_CD/URSA/BUILDS/GITLAB/pr_cases_4328_5a190987_6509/RUNTESTS/COMROOT
+++ config.base[44]COMROOT=/scratch3/NCEPDEV/global/role.glopara/GFS_CI_CD/URSA/BUILDS/GITLAB/pr_cases_4328_5a190987_6509/RUNTESTS/COMROOT
+++ config.base[45]export COMINsyn=/scratch3/NCEPDEV/global/role.glopara/com/gfs/prod/syndat
+++ config.base[45]COMINsyn=/scratch3/NCEPDEV/global/role.glopara/com/gfs/prod/syndat
+++ config.base[48]export HOMEDIR=/scratch3/NCEPDEV/global/role.glopara
+++ config.base[48]HOMEDIR=/scratch3/NCEPDEV/global/role.glopara
+++ config.base[49]export STMP=/scratch4/NCEPDEV/stmp/role.glopara
+++ config.base[49]STMP=/scratch4/NCEPDEV/stmp/role.glopara
+++ config.base[50]export PTMP=/scratch4/NCEPDEV/stmp/role.glopara
+++ config.base[50]PTMP=/scratch4/NCEPDEV/stmp/role.glopara
+++ config.base[51]export NOSCRUB=/scratch3/NCEPDEV/global/role.glopara
+++ config.base[51]NOSCRUB=/scratch3/NCEPDEV/global/role.glopara
+++ config.base[54]export BASE_GIT=/scratch3/NCEPDEV/global/role.glopara/git
+++ config.base[54]BASE_GIT=/scratch3/NCEPDEV/global/role.glopara/git
+++ config.base[57]export BASE_DATA=/scratch3/NCEPDEV/global/role.glopara/data
+++ config.base[57]BASE_DATA=/scratch3/NCEPDEV/global/role.glopara/data
+++ config.base[60]export DO_BUFRSND=NO
+++ config.base[60]DO_BUFRSND=NO
+++ config.base[61]export DO_GEMPAK=NO
+++ config.base[61]DO_GEMPAK=NO
+++ config.base[62]export DO_AWIPS=NO
+++ config.base[62]DO_AWIPS=NO
+++ config.base[65]export MODE=forecast-only
+++ config.base[65]MODE=forecast-only
+++ config.base[66]export DO_TEST_MODE=NO
+++ config.base[66]DO_TEST_MODE=NO
+++ config.base[75]export HOMEpost=/scratch3/NCEPDEV/global/role.glopara/GFS_CI_CD/URSA/BUILDS/GITLAB/pr_cases_4328_5a190987_6509/global-workflow
+++ config.base[75]HOMEpost=/scratch3/NCEPDEV/global/role.glopara/GFS_CI_CD/URSA/BUILDS/GITLAB/pr_cases_4328_5a190987_6509/global-workflow
+++ config.base[78]export NMV=/bin/mv
+++ config.base[78]NMV=/bin/mv
+++ config.base[79]export 'NLN=/bin/ln -sf'
+++ config.base[79]NLN='/bin/ln -sf'
+++ config.base[80]export VERBOSE=YES
+++ config.base[80]VERBOSE=YES
+++ config.base[81]export KEEPDATA=NO
+++ config.base[81]KEEPDATA=NO
+++ config.base[82]export DEBUG_POSTSCRIPT=NO
+++ config.base[82]DEBUG_POSTSCRIPT=NO
+++ config.base[83]export CHGRP_RSTPROD=YES
+++ config.base[83]CHGRP_RSTPROD=YES
+++ config.base[84]export 'CHGRP_CMD=chgrp rstprod'
+++ config.base[84]CHGRP_CMD='chgrp rstprod'
+++ config.base[85]export NCDUMP=/contrib/spack-stack/spack-stack-1.9.2/envs/ue-oneapi-2024.2.1/install/oneapi/2024.2.1/netcdf-c-4.9.2-idnwcbr/bin/ncdump
+++ config.base[85]NCDUMP=/contrib/spack-stack/spack-stack-1.9.2/envs/ue-oneapi-2024.2.1/install/oneapi/2024.2.1/netcdf-c-4.9.2-idnwcbr/bin/ncdump
+++ config.base[86]export NCLEN=/scratch3/NCEPDEV/global/role.glopara/GFS_CI_CD/URSA/BUILDS/GITLAB/pr_cases_4328_5a190987_6509/global-workflow/ush/getncdimlen
+++ config.base[86]NCLEN=/scratch3/NCEPDEV/global/role.glopara/GFS_CI_CD/URSA/BUILDS/GITLAB/pr_cases_4328_5a190987_6509/global-workflow/ush/getncdimlen
+++ config.base[89]export BASE_ENV=/scratch3/NCEPDEV/global/role.glopara/GFS_CI_CD/URSA/BUILDS/GITLAB/pr_cases_4328_5a190987_6509/global-workflow/env
+++ config.base[89]BASE_ENV=/scratch3/NCEPDEV/global/role.glopara/GFS_CI_CD/URSA/BUILDS/GITLAB/pr_cases_4328_5a190987_6509/global-workflow/env
+++ config.base[92]export SDATE=1994050100
+++ config.base[92]SDATE=1994050100
+++ config.base[93]export EDATE=1994050100
+++ config.base[93]EDATE=1994050100
+++ config.base[94]export EXP_WARM_START=.false.
+++ config.base[94]EXP_WARM_START=.false.
+++ config.base[95]export assim_freq=6
+++ config.base[95]assim_freq=6
+++ config.base[96]export PSLOT=C96mx100_S2S_5a190987-6509
+++ config.base[96]PSLOT=C96mx100_S2S_5a190987-6509
+++ config.base[97]export EXPDIR=/scratch3/NCEPDEV/global/role.glopara/GFS_CI_CD/URSA/BUILDS/GITLAB/pr_cases_4328_5a190987_6509/RUNTESTS/EXPDIR/C96mx100_S2S_5a190987-6509
+++ config.base[97]EXPDIR=/scratch3/NCEPDEV/global/role.glopara/GFS_CI_CD/URSA/BUILDS/GITLAB/pr_cases_4328_5a190987_6509/RUNTESTS/EXPDIR/C96mx100_S2S_5a190987-6509
+++ config.base[98]export ROTDIR=/scratch3/NCEPDEV/global/role.glopara/GFS_CI_CD/URSA/BUILDS/GITLAB/pr_cases_4328_5a190987_6509/RUNTESTS/COMROOT/C96mx100_S2S_5a190987-6509
+++ config.base[98]ROTDIR=/scratch3/NCEPDEV/global/role.glopara/GFS_CI_CD/URSA/BUILDS/GITLAB/pr_cases_4328_5a190987_6509/RUNTESTS/COMROOT/C96mx100_S2S_5a190987-6509
+++ config.base[100]export ARCDIR=/scratch3/NCEPDEV/global/role.glopara/archive/C96mx100_S2S_5a190987-6509
+++ config.base[100]ARCDIR=/scratch3/NCEPDEV/global/role.glopara/archive/C96mx100_S2S_5a190987-6509
+++ config.base[101]export ATARDIR=/NCEPDEV/emc-global/1year/role.glopara/URSA/scratch/C96mx100_S2S_5a190987-6509
+++ config.base[101]ATARDIR=/NCEPDEV/emc-global/1year/role.glopara/URSA/scratch/C96mx100_S2S_5a190987-6509
+++ config.base[104]export envir=prod
+++ config.base[104]envir=prod
+++ config.base[105]export NET=sfs
+++ config.base[105]NET=sfs
+++ config.base[106]export RUN=sfs
+++ config.base[106]RUN=sfs
+++ config.base[109]source /scratch3/NCEPDEV/global/role.glopara/GFS_CI_CD/URSA/BUILDS/GITLAB/pr_cases_4328_5a190987_6509/RUNTESTS/EXPDIR/C96mx100_S2S_5a190987-6509/config.com
++++ config.com[4]echo 'BEGIN: config.com'
BEGIN: config.com
++++ config.com[38][[ emc == \n\c\o ]]
++++ config.com[44]COM_OBSPROC_TMPL='${DMPDIR}/${RUN}${DUMP_SUFFIX}.${YMD}/${HH}/atmos'
++++ config.com[45]COM_OBSFORGE_TMPL='${IODADIR}/${RUN}${DUMP_SUFFIX}.${YMD}/${HH}'
++++ config.com[46]COM_RTOFS_TMPL='${DMPDIR}'
++++ config.com[47]COM_TCVITAL_TMPL='${DMPDIR}/${RUN}.${YMD}/${HH}/atmos'
++++ config.com[49]declare -rx 'COM_OBS_TMPL=${ROTDIR}/${RUN}.${YMD}/${HH}/obs'
++++ config.com[50]declare -rx COM_OBSPROC_TMPL COM_RTOFS_TMPL COM_OBSFORGE_TMPL
++++ config.com[52]COM_BASE='${ROTDIR}/${RUN}.${YMD}/${HH}/${MEMDIR}'
++++ config.com[54]declare -rx 'COM_TOP_TMPL=${ROTDIR}/${RUN}.${YMD}/${HH}'
++++ config.com[56]declare -rx 'COM_CONF_TMPL=${ROTDIR}/${RUN}.${YMD}/${HH}/${MEMDIR}/conf'
++++ config.com[58]declare -rx 'COM_ATMOS_INPUT_TMPL=${ROTDIR}/${RUN}.${YMD}/${HH}/${MEMDIR}/model/atmos/input'
++++ config.com[59]declare -rx 'COM_ATMOS_RESTART_TMPL=${ROTDIR}/${RUN}.${YMD}/${HH}/${MEMDIR}/model/atmos/restart'
++++ config.com[60]declare -rx 'COM_ATMOS_ANALYSIS_TMPL=${ROTDIR}/${RUN}.${YMD}/${HH}/${MEMDIR}/analysis/atmos'
++++ config.com[61]declare -rx 'COM_SNOW_ANALYSIS_TMPL=${ROTDIR}/${RUN}.${YMD}/${HH}/${MEMDIR}/analysis/snow'
++++ config.com[62]declare -rx 'COM_SNOW_ANLMON_TMPL=${ROTDIR}/${RUN}.${YMD}/${HH}/${MEMDIR}/products/snow/anlmon'
++++ config.com[63]declare -rx 'COM_ATMOS_HISTORY_TMPL=${ROTDIR}/${RUN}.${YMD}/${HH}/${MEMDIR}/model/atmos/history'
++++ config.com[64]declare -rx 'COM_ATMOS_MASTER_TMPL=${ROTDIR}/${RUN}.${YMD}/${HH}/${MEMDIR}/model/atmos/master'
++++ config.com[65]declare -rx 'COM_ATMOS_GRIB_TMPL=${ROTDIR}/${RUN}.${YMD}/${HH}/${MEMDIR}/products/atmos/grib2'
++++ config.com[66]declare -rx 'COM_ATMOS_GRIB_GRID_TMPL=${ROTDIR}/${RUN}.${YMD}/${HH}/${MEMDIR}/products/atmos/grib2/${GRID}'
++++ config.com[67]declare -rx 'COM_ATMOS_BUFR_TMPL=${ROTDIR}/${RUN}.${YMD}/${HH}/${MEMDIR}/products/atmos/bufr'
++++ config.com[68]declare -rx 'COM_ATMOS_GEMPAK_TMPL=${ROTDIR}/${RUN}.${YMD}/${HH}/${MEMDIR}/products/atmos/gempak/${GRID}'
++++ config.com[69]declare -rx 'COM_ATMOS_GENESIS_TMPL=${ROTDIR}/${RUN}.${YMD}/${HH}/${MEMDIR}/products/atmos/cyclone/genesis_vital'
++++ config.com[70]declare -rx 'COM_ATMOS_TRACK_TMPL=${ROTDIR}/${RUN}.${YMD}/${HH}/${MEMDIR}/products/atmos/cyclone/tracks'
++++ config.com[71]declare -rx 'COM_ATMOS_GOES_TMPL=${ROTDIR}/${RUN}.${YMD}/${HH}/${MEMDIR}/products/atmos/goes_sim'
++++ config.com[72]declare -rx 'COM_ATMOS_IMAGERY_TMPL=${ROTDIR}/${RUN}.${YMD}/${HH}/${MEMDIR}/products/atmos/imagery'
++++ config.com[73]declare -rx 'COM_ATMOS_OZNMON_TMPL=${ROTDIR}/${RUN}.${YMD}/${HH}/${MEMDIR}/products/atmos/oznmon'
++++ config.com[74]declare -rx 'COM_ATMOS_RADMON_TMPL=${ROTDIR}/${RUN}.${YMD}/${HH}/${MEMDIR}/products/atmos/radmon'
++++ config.com[75]declare -rx 'COM_ATMOS_MINMON_TMPL=${ROTDIR}/${RUN}.${YMD}/${HH}/${MEMDIR}/products/atmos/minmon'
++++ config.com[76]declare -rx 'COM_ATMOS_ANLMON_TMPL=${ROTDIR}/${RUN}.${YMD}/${HH}/${MEMDIR}/products/atmos/anlmon'
++++ config.com[77]declare -rx 'COM_ATMOS_WMO_TMPL=${ROTDIR}/${RUN}.${YMD}/${HH}/${MEMDIR}/products/atmos/wmo'
++++ config.com[79]declare -rx 'COM_WAVE_RESTART_TMPL=${ROTDIR}/${RUN}.${YMD}/${HH}/${MEMDIR}/model/wave/restart'
++++ config.com[80]declare -rx 'COM_WAVE_PREP_TMPL=${ROTDIR}/${RUN}.${YMD}/${HH}/${MEMDIR}/model/wave/prep'
++++ config.com[81]declare -rx 'COM_WAVE_HISTORY_TMPL=${ROTDIR}/${RUN}.${YMD}/${HH}/${MEMDIR}/model/wave/history'
++++ config.com[82]declare -rx 'COM_WAVE_GRID_TMPL=${ROTDIR}/${RUN}.${YMD}/${HH}/${MEMDIR}/products/wave/gridded'
++++ config.com[83]declare -rx 'COM_WAVE_GRID_RES_TMPL=${ROTDIR}/${RUN}.${YMD}/${HH}/${MEMDIR}/products/wave/gridded/${GRDRESNAME}'
++++ config.com[84]declare -rx 'COM_WAVE_STATION_TMPL=${ROTDIR}/${RUN}.${YMD}/${HH}/${MEMDIR}/products/wave/station'
++++ config.com[85]declare -rx 'COM_WAVE_GEMPAK_TMPL=${ROTDIR}/${RUN}.${YMD}/${HH}/${MEMDIR}/products/wave/gempak'
++++ config.com[86]declare -rx 'COM_WAVE_WMO_TMPL=${ROTDIR}/${RUN}.${YMD}/${HH}/${MEMDIR}/products/wave/wmo'
++++ config.com[88]declare -rx 'COM_OCEAN_HISTORY_TMPL=${ROTDIR}/${RUN}.${YMD}/${HH}/${MEMDIR}/model/ocean/history'
++++ config.com[89]declare -rx 'COM_OCEAN_RESTART_TMPL=${ROTDIR}/${RUN}.${YMD}/${HH}/${MEMDIR}/model/ocean/restart'
++++ config.com[90]declare -rx 'COM_OCEAN_INPUT_TMPL=${ROTDIR}/${RUN}.${YMD}/${HH}/${MEMDIR}/model/ocean/input'
++++ config.com[91]declare -rx 'COM_OCEAN_ANALYSIS_TMPL=${ROTDIR}/${RUN}.${YMD}/${HH}/${MEMDIR}/analysis/ocean'
++++ config.com[92]declare -rx 'COM_OCEAN_ANLMON_TMPL=${ROTDIR}/${RUN}.${YMD}/${HH}/${MEMDIR}/products/ocean/anlmon'
++++ config.com[93]declare -rx 'COM_OCEAN_LETKF_TMPL=${ROTDIR}/${RUN}.${YMD}/${HH}/${MEMDIR}/analysis/ocean/letkf'
++++ config.com[94]declare -rx 'COM_OCEAN_BMATRIX_TMPL=${ROTDIR}/${RUN}.${YMD}/${HH}/${MEMDIR}/bmatrix/ocean'
++++ config.com[95]declare -rx 'COM_OCEAN_NETCDF_TMPL=${ROTDIR}/${RUN}.${YMD}/${HH}/${MEMDIR}/products/ocean/netcdf'
++++ config.com[96]declare -rx 'COM_OCEAN_GRIB_TMPL=${ROTDIR}/${RUN}.${YMD}/${HH}/${MEMDIR}/products/ocean/grib2'
++++ config.com[97]declare -rx 'COM_OCEAN_GRIB_GRID_TMPL=${ROTDIR}/${RUN}.${YMD}/${HH}/${MEMDIR}/products/ocean/grib2/${GRID}'
++++ config.com[99]declare -rx 'COM_ICE_ANALYSIS_TMPL=${ROTDIR}/${RUN}.${YMD}/${HH}/${MEMDIR}/analysis/ice'
++++ config.com[100]declare -rx 'COM_ICE_LETKF_TMPL=${ROTDIR}/${RUN}.${YMD}/${HH}/${MEMDIR}/analysis/ice/letkf'
++++ config.com[101]declare -rx 'COM_ICE_ANLMON_TMPL=${ROTDIR}/${RUN}.${YMD}/${HH}/${MEMDIR}/products/ice/anlmon'
++++ config.com[102]declare -rx 'COM_ICE_BMATRIX_TMPL=${ROTDIR}/${RUN}.${YMD}/${HH}/${MEMDIR}/bmatrix/ice'
++++ config.com[103]declare -rx 'COM_ICE_INPUT_TMPL=${ROTDIR}/${RUN}.${YMD}/${HH}/${MEMDIR}/model/ice/input'
++++ config.com[104]declare -rx 'COM_ICE_HISTORY_TMPL=${ROTDIR}/${RUN}.${YMD}/${HH}/${MEMDIR}/model/ice/history'
++++ config.com[105]declare -rx 'COM_ICE_RESTART_TMPL=${ROTDIR}/${RUN}.${YMD}/${HH}/${MEMDIR}/model/ice/restart'
++++ config.com[106]declare -rx 'COM_ICE_NETCDF_TMPL=${ROTDIR}/${RUN}.${YMD}/${HH}/${MEMDIR}/products/ice/netcdf'
++++ config.com[107]declare -rx 'COM_ICE_GRIB_TMPL=${ROTDIR}/${RUN}.${YMD}/${HH}/${MEMDIR}/products/ice/grib2'
++++ config.com[108]declare -rx 'COM_ICE_GRIB_GRID_TMPL=${ROTDIR}/${RUN}.${YMD}/${HH}/${MEMDIR}/products/ice/grib2/${GRID}'
++++ config.com[110]declare -rx 'COM_CHEM_HISTORY_TMPL=${ROTDIR}/${RUN}.${YMD}/${HH}/${MEMDIR}/model/chem/history'
++++ config.com[111]declare -rx 'COM_CHEM_ANALYSIS_TMPL=${ROTDIR}/${RUN}.${YMD}/${HH}/${MEMDIR}/analysis/chem'
++++ config.com[112]declare -rx 'COM_CHEM_BMAT_TMPL=${ROTDIR}/${RUN}.${YMD}/${HH}/${MEMDIR}/analysis/chem/bmatrix'
++++ config.com[113]declare -rx 'COM_CHEM_ANLMON_TMPL=${ROTDIR}/${RUN}.${YMD}/${HH}/${MEMDIR}/products/chem/anlmon'
++++ config.com[114]declare -rx 'COM_CHEM_INPUT_TMPL=${ROTDIR}/${RUN}.${YMD}/${HH}/${MEMDIR}/model/chem/input'
++++ config.com[115]declare -rx 'COM_CHEM_RESTART_TMPL=${ROTDIR}/${RUN}.${YMD}/${HH}/${MEMDIR}/model/chem/restart'
++++ config.com[117]declare -rx 'COM_MED_RESTART_TMPL=${ROTDIR}/${RUN}.${YMD}/${HH}/${MEMDIR}/model/med/restart'
+++ config.base[111]export LOGSCRIPT=
+++ config.base[111]LOGSCRIPT=
+++ config.base[114]export SENDECF=NO
+++ config.base[114]SENDECF=NO
+++ config.base[115]export SENDSDM=NO
+++ config.base[115]SENDSDM=NO
+++ config.base[116]export SENDDBN_NTC=NO
+++ config.base[116]SENDDBN_NTC=NO
+++ config.base[117]export SENDDBN=NO
+++ config.base[117]SENDDBN=NO
+++ config.base[118]export DBNROOT=/contrib/spack-stack/spack-stack-1.9.2/envs/ue-oneapi-2024.2.1/install/oneapi/2024.2.1/prod-util-2.1.1-nj6lim7/fakedbn
+++ config.base[118]DBNROOT=/contrib/spack-stack/spack-stack-1.9.2/envs/ue-oneapi-2024.2.1/install/oneapi/2024.2.1/prod-util-2.1.1-nj6lim7/fakedbn
+++ config.base[119]export SENDAWIP=NO
+++ config.base[119]SENDAWIP=NO
+++ config.base[122]export APP=S2S
+++ config.base[122]APP=S2S
+++ config.base[125]export DO_ATM=YES
+++ config.base[125]DO_ATM=YES
+++ config.base[126]export DO_COUPLED=NO
+++ config.base[126]DO_COUPLED=NO
+++ config.base[127]export DO_WAVE=NO
+++ config.base[127]DO_WAVE=NO
+++ config.base[128]export DO_OCN=NO
+++ config.base[128]DO_OCN=NO
+++ config.base[129]export DO_ICE=NO
+++ config.base[129]DO_ICE=NO
+++ config.base[130]export DO_EXTRACTVARS=NO
+++ config.base[130]DO_EXTRACTVARS=NO
+++ config.base[131]export DO_AERO_FCST=NO
+++ config.base[131]DO_AERO_FCST=NO
+++ config.base[132]export DO_AERO_ANL=NO
+++ config.base[132]DO_AERO_ANL=NO
+++ config.base[133]export DOBNDPNT_WAVE=NO
+++ config.base[133]DOBNDPNT_WAVE=NO
+++ config.base[134]export FRAC_GRID=.true.
+++ config.base[134]FRAC_GRID=.true.
+++ config.base[135]export DO_NEST=NO
+++ config.base[135]DO_NEST=NO
+++ config.base[136][[ NO == \Y\E\S ]]
+++ config.base[140]export ntiles=6
+++ config.base[140]ntiles=6
+++ config.base[144]export OPS_RES=C768
+++ config.base[144]OPS_RES=C768
+++ config.base[147]export LEVS=128
+++ config.base[147]LEVS=128
+++ config.base[148]export CASE=C96
+++ config.base[148]CASE=C96
+++ config.base[149]export CASE_ENS=C96
+++ config.base[149]CASE_ENS=C96
+++ config.base[150]export CASE_HIST=C96
+++ config.base[150]CASE_HIST=C96
+++ config.base[151]export OCNRES=100
+++ config.base[151]OCNRES=100
+++ config.base[152]export ICERES=100
+++ config.base[152]ICERES=100
+++ config.base[154]case "${CASE}" in
+++ config.base[159]export waveGRD=glo_100
+++ config.base[159]waveGRD=glo_100
+++ config.base[173]case "${APP}" in
+++ config.base[189]export DO_COUPLED=YES
+++ config.base[189]DO_COUPLED=YES
+++ config.base[190]export DO_OCN=YES
+++ config.base[190]DO_OCN=YES
+++ config.base[191]export DO_ICE=YES
+++ config.base[191]DO_ICE=YES
+++ config.base[193][[ S2S =~ A$ ]]
+++ config.base[197][[ S2S =~ ^S2SW ]]
+++ config.base[208]export FHMIN=0
+++ config.base[208]FHMIN=0
+++ config.base[209]export FHMAX=9
+++ config.base[209]FHMAX=9
+++ config.base[210]export FHOUT=3
+++ config.base[210]FHOUT=3
+++ config.base[211]export FHOUT_OCN=3
+++ config.base[211]FHOUT_OCN=3
+++ config.base[212]export FHOUT_ICE=3
+++ config.base[212]FHOUT_ICE=3
+++ config.base[213]export FHOUT_AERO=3
+++ config.base[213]FHOUT_AERO=3
+++ config.base[216]export INTERVAL_GFS=6
+++ config.base[216]INTERVAL_GFS=6
+++ config.base[217]export SDATE_GFS=1994050100
+++ config.base[217]SDATE_GFS=1994050100
+++ config.base[219]export OFFSET_START_HOUR=0
+++ config.base[219]OFFSET_START_HOUR=0
+++ config.base[220]export USE_OCN_ENS_PERTURB_FILES=YES
+++ config.base[220]USE_OCN_ENS_PERTURB_FILES=YES
+++ config.base[221]export USE_ATM_ENS_PERTURB_FILES=YES
+++ config.base[221]USE_ATM_ENS_PERTURB_FILES=YES
+++ config.base[224]export FHMIN_GFS=0
+++ config.base[224]FHMIN_GFS=0
+++ config.base[225]export FHMAX_GFS=144
+++ config.base[225]FHMAX_GFS=144
+++ config.base[227]breakpnts=48,96
+++ config.base[228]export FCST_SEGMENTS=0,48,96,144
+++ config.base[228]FCST_SEGMENTS=0,48,96,144
+++ config.base[230]export FHOUT_GFS=24
+++ config.base[230]FHOUT_GFS=24
+++ config.base[231]export FHMAX_HF_GFS=0
+++ config.base[231]FHMAX_HF_GFS=0
+++ config.base[232]export FHOUT_HF_GFS=24
+++ config.base[232]FHOUT_HF_GFS=24
+++ config.base[233]export FHOUT_OCN_GFS=24
+++ config.base[233]FHOUT_OCN_GFS=24
+++ config.base[234]export FHOUT_ICE_GFS=24
+++ config.base[234]FHOUT_ICE_GFS=24
+++ config.base[235]export FHMIN_WAV=0
+++ config.base[235]FHMIN_WAV=0
+++ config.base[236]export FHOUT_WAV=3
+++ config.base[236]FHOUT_WAV=3
+++ config.base[237]export FHOUT_WAV_GFS=3
+++ config.base[237]FHOUT_WAV_GFS=3
+++ config.base[238]export FHMAX_HF_WAV=120
+++ config.base[238]FHMAX_HF_WAV=120
+++ config.base[239]export FHOUT_HF_WAV=1
+++ config.base[239]FHOUT_HF_WAV=1
+++ config.base[240]export FHMAX_WAV=144
+++ config.base[240]FHMAX_WAV=144
+++ config.base[241]export FHMAX_WAV_GFS=144
+++ config.base[241]FHMAX_WAV_GFS=144
+++ config.base[242]export FHMAX_HF_GFS=0
+++ config.base[242]FHMAX_HF_GFS=0
+++ config.base[243]export FHMAX_WAV_GFS=144
+++ config.base[243]FHMAX_WAV_GFS=144
+++ config.base[244]export FHMAX_HF_WAV=120
+++ config.base[244]FHMAX_HF_WAV=120
+++ config.base[245]export ILPOST=1
+++ config.base[245]ILPOST=1
+++ config.base[247]export FHMIN_ENKF=0
+++ config.base[247]FHMIN_ENKF=0
+++ config.base[248]export FHMAX_ENKF=144
+++ config.base[248]FHMAX_ENKF=144
+++ config.base[249]export FHOUT_ENKF=24
+++ config.base[249]FHOUT_ENKF=24
+++ config.base[250]export FHOUT_OCN=24
+++ config.base[250]FHOUT_OCN=24
+++ config.base[251]export FHOUT_ICE=24
+++ config.base[251]FHOUT_ICE=24
+++ config.base[254]export restart_interval_gfs=12
+++ config.base[254]restart_interval_gfs=12
+++ config.base[255]export restart_interval_enkfgfs=12
+++ config.base[255]restart_interval_enkfgfs=12
+++ config.base[260]export QUILTING=.true.
+++ config.base[260]QUILTING=.true.
+++ config.base[261]export OUTPUT_GRID=gaussian_grid
+++ config.base[261]OUTPUT_GRID=gaussian_grid
+++ config.base[262]export WRITE_DOPOST=.true.
+++ config.base[262]WRITE_DOPOST=.true.
+++ config.base[263]export WRITE_NSFLIP=.true.
+++ config.base[263]WRITE_NSFLIP=.true.
+++ config.base[266]export imp_physics=8
+++ config.base[266]imp_physics=8
+++ config.base[270]export DO_JEDIATMVAR=NO
+++ config.base[270]DO_JEDIATMVAR=NO
+++ config.base[271]export DO_JEDIATMENS=NO
+++ config.base[271]DO_JEDIATMENS=NO
+++ config.base[272]export DO_JEDIOCNVAR=NO
+++ config.base[272]DO_JEDIOCNVAR=NO
+++ config.base[273]export DO_JEDISNOWDA=NO
+++ config.base[273]DO_JEDISNOWDA=NO
+++ config.base[274]export DO_MERGENSST=NO
+++ config.base[274]DO_MERGENSST=NO
+++ config.base[275]export DO_STARTMEM_FROM_JEDIICE=NO
+++ config.base[275]DO_STARTMEM_FROM_JEDIICE=NO
+++ config.base[278]export NMEM_ENS=2
+++ config.base[278]NMEM_ENS=2
+++ config.base[282]export ENSMEM=002
+++ config.base[282]ENSMEM=002
+++ config.base[283]export MEMDIR=mem002
+++ config.base[283]MEMDIR=mem002
+++ config.base[286]((  ENSMEM == 0  ))
+++ config.base[289]export DO_CA=YES
+++ config.base[289]DO_CA=YES
+++ config.base[292]export DOIAU=NO
+++ config.base[292]DOIAU=NO
+++ config.base[295][[ .false. = \.\t\r\u\e\. ]]
+++ config.base[304]export DO_GSISOILDA=NO
+++ config.base[304]DO_GSISOILDA=NO
+++ config.base[305]export DO_LAND_IAU=.false.
+++ config.base[305]DO_LAND_IAU=.false.
+++ config.base[308]export DONST=YES
+++ config.base[308]DONST=YES
+++ config.base[309][[ YES = \Y\E\S ]]
+++ config.base[309]export 'FNTSFA=        '
+++ config.base[309]FNTSFA='        '
+++ config.base[312]export nst_anl=.true.
+++ config.base[312]nst_anl=.true.
+++ config.base[315]export DO_METP=NO
+++ config.base[315]DO_METP=NO
+++ config.base[316]export DO_FIT2OBS=NO
+++ config.base[316]DO_FIT2OBS=NO
+++ config.base[319]export DO_ARCHCOM=NO
+++ config.base[319]DO_ARCHCOM=NO
+++ config.base[320]export ARCHCOM_TO=hpss
+++ config.base[320]ARCHCOM_TO=hpss
+++ config.base[323]export NUM_SND_COLLECTIVES=9
+++ config.base[323]NUM_SND_COLLECTIVES=9
+++ config.base[325]echo 'END: config.base'
END: config.base
++ jjob_header.sh[103]true
++ jjob_header.sh[104]export err=0
++ jjob_header.sh[104]err=0
++ jjob_header.sh[105][[ 0 -ne 0 ]]
++ jjob_header.sh[102]for config in "${configs[@]:-''}"
++ jjob_header.sh[103]source /scratch3/NCEPDEV/global/role.glopara/GFS_CI_CD/URSA/BUILDS/GITLAB/pr_cases_4328_5a190987_6509/RUNTESTS/EXPDIR/C96mx100_S2S_5a190987-6509/config.atmos_products
+++ config.atmos_products[6]echo 'BEGIN: config.atmos_products'
BEGIN: config.atmos_products
+++ config.atmos_products[9]source /scratch3/NCEPDEV/global/role.glopara/GFS_CI_CD/URSA/BUILDS/GITLAB/pr_cases_4328_5a190987_6509/RUNTESTS/EXPDIR/C96mx100_S2S_5a190987-6509/config.resources atmos_products
++++ config.resources[8]((  1 != 1  ))
++++ config.resources[15]step=atmos_products
++++ config.resources[17]echo 'BEGIN: config.resources'
BEGIN: config.resources
++++ config.resources[19]case ${machine} in
++++ config.resources[22]max_tasks_per_node=192
++++ config.resources[43]export max_tasks_per_node
++++ config.resources[45]case ${step} in
++++ config.resources[219]export walltime=00:15:00
++++ config.resources[219]walltime=00:15:00
++++ config.resources[220]export ntasks=24
++++ config.resources[220]ntasks=24
++++ config.resources[221]export threads_per_task=1
++++ config.resources[221]threads_per_task=1
++++ config.resources[222]export tasks_per_node=24
++++ config.resources[222]tasks_per_node=24
++++ config.resources[223]export is_exclusive=True
++++ config.resources[223]is_exclusive=True
++++ config.resources[334][[ -f /scratch3/NCEPDEV/global/role.glopara/GFS_CI_CD/URSA/BUILDS/GITLAB/pr_cases_4328_5a190987_6509/RUNTESTS/EXPDIR/C96mx100_S2S_5a190987-6509/config.resources.URSA ]]
++++ config.resources[339]for resource_var in threads_per_task ntasks tasks_per_node NTASKS memory walltime
++++ config.resources[340]run_resource_var=threads_per_task_sfs
++++ config.resources[341][[ -n '' ]]
++++ config.resources[343][[ -n 0 ]]
++++ config.resources[344]export threads_per_task
++++ config.resources[339]for resource_var in threads_per_task ntasks tasks_per_node NTASKS memory walltime
++++ config.resources[340]run_resource_var=ntasks_sfs
++++ config.resources[341][[ -n '' ]]
++++ config.resources[343][[ -n 0 ]]
++++ config.resources[344]export ntasks
++++ config.resources[339]for resource_var in threads_per_task ntasks tasks_per_node NTASKS memory walltime
++++ config.resources[340]run_resource_var=tasks_per_node_sfs
++++ config.resources[341][[ -n '' ]]
++++ config.resources[343][[ -n 0 ]]
++++ config.resources[344]export tasks_per_node
++++ config.resources[339]for resource_var in threads_per_task ntasks tasks_per_node NTASKS memory walltime
++++ config.resources[340]run_resource_var=NTASKS_sfs
++++ config.resources[341][[ -n '' ]]
++++ config.resources[343][[ -n '' ]]
++++ config.resources[339]for resource_var in threads_per_task ntasks tasks_per_node NTASKS memory walltime
++++ config.resources[340]run_resource_var=memory_sfs
++++ config.resources[341][[ -n '' ]]
++++ config.resources[343][[ -n '' ]]
++++ config.resources[339]for resource_var in threads_per_task ntasks tasks_per_node NTASKS memory walltime
++++ config.resources[340]run_resource_var=walltime_sfs
++++ config.resources[341][[ -n '' ]]
++++ config.resources[343][[ -n 0 ]]
++++ config.resources[344]export walltime
++++ config.resources[348]echo 'END: config.resources'
END: config.resources
+++ config.atmos_products[12]export MAX_TASKS=25
+++ config.atmos_products[12]MAX_TASKS=25
+++ config.atmos_products[14][[ 0 == \0 ]]
+++ config.atmos_products[15]export FHOUT_PGBS=24
+++ config.atmos_products[15]FHOUT_PGBS=24
+++ config.atmos_products[19]export FLXGF=NO
+++ config.atmos_products[19]FLXGF=NO
+++ config.atmos_products[22]export downset=2
+++ config.atmos_products[22]downset=2
+++ config.atmos_products[23]export paramlista=/scratch3/NCEPDEV/global/role.glopara/GFS_CI_CD/URSA/BUILDS/GITLAB/pr_cases_4328_5a190987_6509/global-workflow/parm/product/sfs.0p25.fFFF.paramlist.a.txt
+++ config.atmos_products[23]paramlista=/scratch3/NCEPDEV/global/role.glopara/GFS_CI_CD/URSA/BUILDS/GITLAB/pr_cases_4328_5a190987_6509/global-workflow/parm/product/sfs.0p25.fFFF.paramlist.a.txt
+++ config.atmos_products[24]export paramlista_anl=/scratch3/NCEPDEV/global/role.glopara/GFS_CI_CD/URSA/BUILDS/GITLAB/pr_cases_4328_5a190987_6509/global-workflow/parm/product/sfs.0p25.anl.paramlist.a.txt
+++ config.atmos_products[24]paramlista_anl=/scratch3/NCEPDEV/global/role.glopara/GFS_CI_CD/URSA/BUILDS/GITLAB/pr_cases_4328_5a190987_6509/global-workflow/parm/product/sfs.0p25.anl.paramlist.a.txt
+++ config.atmos_products[25]export paramlista_f000=/scratch3/NCEPDEV/global/role.glopara/GFS_CI_CD/URSA/BUILDS/GITLAB/pr_cases_4328_5a190987_6509/global-workflow/parm/product/sfs.0p25.f000.paramlist.a.txt
+++ config.atmos_products[25]paramlista_f000=/scratch3/NCEPDEV/global/role.glopara/GFS_CI_CD/URSA/BUILDS/GITLAB/pr_cases_4328_5a190987_6509/global-workflow/parm/product/sfs.0p25.f000.paramlist.a.txt
+++ config.atmos_products[26]export paramlistb=/scratch3/NCEPDEV/global/role.glopara/GFS_CI_CD/URSA/BUILDS/GITLAB/pr_cases_4328_5a190987_6509/global-workflow/parm/product/sfs.0p25.fFFF.paramlist.b.txt
+++ config.atmos_products[26]paramlistb=/scratch3/NCEPDEV/global/role.glopara/GFS_CI_CD/URSA/BUILDS/GITLAB/pr_cases_4328_5a190987_6509/global-workflow/parm/product/sfs.0p25.fFFF.paramlist.b.txt
+++ config.atmos_products[28]echo 'END: config.atmos_products'
END: config.atmos_products
++ jjob_header.sh[103]true
++ jjob_header.sh[104]export err=0
++ jjob_header.sh[104]err=0
++ jjob_header.sh[105][[ 0 -ne 0 ]]
++ jjob_header.sh[113]source /scratch3/NCEPDEV/global/role.glopara/GFS_CI_CD/URSA/BUILDS/GITLAB/pr_cases_4328_5a190987_6509/global-workflow/env/URSA.env atmos_products
+++ URSA.env[3][[ 1 -ne 1 ]]
+++ URSA.env[10]step=atmos_products
+++ URSA.env[12]export 'launcher=srun -l --export=ALL --hint=nomultithread --distribution=block:block'
+++ URSA.env[12]launcher='srun -l --export=ALL --hint=nomultithread --distribution=block:block'
+++ URSA.env[13]export 'mpmd_opt=--multi-prog --output=mpmd.%j.%t.out'
+++ URSA.env[13]mpmd_opt='--multi-prog --output=mpmd.%j.%t.out'
+++ URSA.env[18]export OMP_STACKSIZE=2048000
+++ URSA.env[18]OMP_STACKSIZE=2048000
+++ URSA.env[19]export NTHSTACK=1024000000
+++ URSA.env[19]NTHSTACK=1024000000
+++ URSA.env[22][[ -n 6485853 ]]
+++ URSA.env[23]ulimit -s unlimited
+++ URSA.env[24]ulimit -a
real-time non-blocking time  (microseconds, -R) unlimited
core file size              (blocks, -c) 0
data seg size               (kbytes, -d) unlimited
scheduling priority                 (-e) 0
file size                   (blocks, -f) unlimited
pending signals                     (-i) 1542205
max locked memory           (kbytes, -l) unlimited
max memory size             (kbytes, -m) 385744896
open files                          (-n) 131072
pipe size                (512 bytes, -p) 8
POSIX message queues         (bytes, -q) 819200
real-time priority                  (-r) 0
stack size                  (kbytes, -s) unlimited
cpu time                   (seconds, -t) unlimited
max user processes                  (-u) 1542205
virtual memory              (kbytes, -v) unlimited
file locks                          (-x) unlimited
+++ URSA.env[29][[ -n 24 ]]
+++ URSA.env[29][[ -n 192 ]]
+++ URSA.env[29][[ -n 24 ]]
+++ URSA.env[30]max_threads_per_task=8
+++ URSA.env[31]NTHREADSmax=1
+++ URSA.env[32]NTHREADS1=1
+++ URSA.env[33][[ 1 -gt 8 ]]
+++ URSA.env[36][[ 1 -gt 8 ]]
+++ URSA.env[39]APRUN_default='srun -l --export=ALL --hint=nomultithread --distribution=block:block -n 24'
+++ URSA.env[45][[ atmos_products = \p\r\e\p ]]
+++ URSA.env[45][[ atmos_products = \p\r\e\p\b\u\f\r ]]
+++ URSA.env[52][[ atmos_products = \p\r\e\p\_\e\m\i\s\s\i\o\n\s ]]
+++ URSA.env[57][[ atmos_products = \w\a\v\e\i\n\i\t ]]
+++ URSA.env[57][[ atmos_products = \w\a\v\e\p\r\e\p ]]
+++ URSA.env[57][[ atmos_products = \w\a\v\e\p\o\s\t\s\b\s ]]
+++ URSA.env[57][[ atmos_products = \w\a\v\e\p\o\s\t\b\n\d\p\n\t ]]
+++ URSA.env[57][[ atmos_products = \w\a\v\e\p\o\s\t\b\n\d\p\n\t\b\l\l ]]
+++ URSA.env[57][[ atmos_products = \w\a\v\e\p\o\s\t\p\n\t ]]
+++ URSA.env[57][[ atmos_products = \w\a\v\e\_\s\t\a\t ]]
+++ URSA.env[57][[ atmos_products = \w\a\v\e\_\s\t\a\t\_\p\n\t ]]
+++ URSA.env[64][[ atmos_products = \a\t\m\a\n\l\v\a\r ]]
+++ URSA.env[69][[ atmos_products = \a\t\m\e\n\s\a\n\l\o\b\s ]]
+++ URSA.env[74][[ atmos_products = \a\t\m\e\n\s\a\n\l\s\o\l ]]
+++ URSA.env[79][[ atmos_products = \a\t\m\e\n\s\a\n\l\l\e\t\k\f ]]
+++ URSA.env[84][[ atmos_products = \a\t\m\e\n\s\a\n\l\f\v\3\i\n\c ]]
+++ URSA.env[89][[ atmos_products = \a\e\r\o\a\n\l\v\a\r ]]
+++ URSA.env[96][[ atmos_products = \a\e\r\o\a\n\l\g\e\n\b ]]
+++ URSA.env[101][[ atmos_products = \a\t\m\a\n\l\f\v\3\i\n\c ]]
+++ URSA.env[106][[ atmos_products = \a\n\l\s\t\a\t ]]
+++ URSA.env[111][[ atmos_products = \s\n\o\w\a\n\l ]]
+++ URSA.env[120][[ atmos_products = \e\s\n\o\w\a\n\l ]]
+++ URSA.env[129][[ atmos_products = \m\a\r\i\n\e\b\m\a\t ]]
+++ URSA.env[134][[ atmos_products = \m\a\r\i\n\e\a\n\l\v\a\r ]]
+++ URSA.env[139][[ atmos_products = \m\a\r\i\n\e\a\n\l\c\h\k\p\t ]]
+++ URSA.env[146][[ atmos_products = \m\a\r\i\n\e\a\n\l\e\c\e\n ]]
+++ URSA.env[151][[ atmos_products = \m\a\r\i\n\e\a\n\l\l\e\t\k\f ]]
+++ URSA.env[156][[ atmos_products = \e\c\e\n\_\f\v\3\j\e\d\i ]]
+++ URSA.env[162][[ atmos_products = \a\n\a\l\c\a\l\c\_\f\v\3\j\e\d\i ]]
+++ URSA.env[167][[ atmos_products = \a\n\a\l ]]
+++ URSA.env[167][[ atmos_products = \a\n\a\l\c\a\l\c ]]
+++ URSA.env[196][[ atmos_products = \a\n\a\l\d\i\a\g ]]
+++ URSA.env[196][[ atmos_products = \e\d\i\a\g ]]
+++ URSA.env[200][[ atmos_products = \o\f\f\l\i\n\e\a\n\l ]]
+++ URSA.env[214][[ atmos_products = \s\f\c\a\n\l ]]
+++ URSA.env[223][[ atmos_products = \e\o\b\s ]]
+++ URSA.env[235][[ atmos_products = \e\u\p\d ]]
+++ URSA.env[244][[ atmos_products = \f\c\s\t ]]
+++ URSA.env[244][[ atmos_products = \e\f\c\s ]]
+++ URSA.env[252][[ atmos_products = \u\p\p ]]
+++ URSA.env[257][[ atmos_products = \a\t\m\o\s\_\p\r\o\d\u\c\t\s ]]
+++ URSA.env[259]export USE_CFP=YES
+++ URSA.env[259]USE_CFP=YES
++ jjob_header.sh[113]true
++ jjob_header.sh[114]export err=0
++ jjob_header.sh[114]err=0
++ jjob_header.sh[115][[ 0 -ne 0 ]]
+ JGLOBAL_ATMOS_PRODUCTS[10]YMD=19940501
+ JGLOBAL_ATMOS_PRODUCTS[10]HH=00
+ JGLOBAL_ATMOS_PRODUCTS[10]declare_from_tmpl -rx COMIN_ATMOS_ANALYSIS:COM_ATMOS_ANALYSIS_TMPL COMIN_ATMOS_HISTORY:COM_ATMOS_HISTORY_TMPL COMIN_ATMOS_MASTER:COM_ATMOS_MASTER_TMPL
+ bash_utils.sh[39][[ NO == \N\O ]]
+ bash_utils.sh[39]set +x
declare_from_tmpl :: COMIN_ATMOS_ANALYSIS=/scratch3/NCEPDEV/global/role.glopara/GFS_CI_CD/URSA/BUILDS/GITLAB/pr_cases_4328_5a190987_6509/RUNTESTS/COMROOT/C96mx100_S2S_5a190987-6509/sfs.19940501/00/mem002/analysis/atmos
declare_from_tmpl :: COMIN_ATMOS_HISTORY=/scratch3/NCEPDEV/global/role.glopara/GFS_CI_CD/URSA/BUILDS/GITLAB/pr_cases_4328_5a190987_6509/RUNTESTS/COMROOT/C96mx100_S2S_5a190987-6509/sfs.19940501/00/mem002/model/atmos/history
declare_from_tmpl :: COMIN_ATMOS_MASTER=/scratch3/NCEPDEV/global/role.glopara/GFS_CI_CD/URSA/BUILDS/GITLAB/pr_cases_4328_5a190987_6509/RUNTESTS/COMROOT/C96mx100_S2S_5a190987-6509/sfs.19940501/00/mem002/model/atmos/master
+ JGLOBAL_ATMOS_PRODUCTS[15]for grid in '0p25' '0p50' '1p00'
+ JGLOBAL_ATMOS_PRODUCTS[16]prod_dir=COMOUT_ATMOS_GRIB_0p25
+ JGLOBAL_ATMOS_PRODUCTS[17]GRID=0p25
+ JGLOBAL_ATMOS_PRODUCTS[17]YMD=19940501
+ JGLOBAL_ATMOS_PRODUCTS[17]HH=00
+ JGLOBAL_ATMOS_PRODUCTS[17]declare_from_tmpl -rx COMOUT_ATMOS_GRIB_0p25:COM_ATMOS_GRIB_GRID_TMPL
+ bash_utils.sh[39][[ NO == \N\O ]]
+ bash_utils.sh[39]set +x
declare_from_tmpl :: COMOUT_ATMOS_GRIB_0p25=/scratch3/NCEPDEV/global/role.glopara/GFS_CI_CD/URSA/BUILDS/GITLAB/pr_cases_4328_5a190987_6509/RUNTESTS/COMROOT/C96mx100_S2S_5a190987-6509/sfs.19940501/00/mem002/products/atmos/grib2/0p25
+ JGLOBAL_ATMOS_PRODUCTS[18]mkdir -m 775 -p /scratch3/NCEPDEV/global/role.glopara/GFS_CI_CD/URSA/BUILDS/GITLAB/pr_cases_4328_5a190987_6509/RUNTESTS/COMROOT/C96mx100_S2S_5a190987-6509/sfs.19940501/00/mem002/products/atmos/grib2/0p25
+ JGLOBAL_ATMOS_PRODUCTS[15]for grid in '0p25' '0p50' '1p00'
+ JGLOBAL_ATMOS_PRODUCTS[16]prod_dir=COMOUT_ATMOS_GRIB_0p50
+ JGLOBAL_ATMOS_PRODUCTS[17]GRID=0p50
+ JGLOBAL_ATMOS_PRODUCTS[17]YMD=19940501
+ JGLOBAL_ATMOS_PRODUCTS[17]HH=00
+ JGLOBAL_ATMOS_PRODUCTS[17]declare_from_tmpl -rx COMOUT_ATMOS_GRIB_0p50:COM_ATMOS_GRIB_GRID_TMPL
+ bash_utils.sh[39][[ NO == \N\O ]]
+ bash_utils.sh[39]set +x
declare_from_tmpl :: COMOUT_ATMOS_GRIB_0p50=/scratch3/NCEPDEV/global/role.glopara/GFS_CI_CD/URSA/BUILDS/GITLAB/pr_cases_4328_5a190987_6509/RUNTESTS/COMROOT/C96mx100_S2S_5a190987-6509/sfs.19940501/00/mem002/products/atmos/grib2/0p50
+ JGLOBAL_ATMOS_PRODUCTS[18]mkdir -m 775 -p /scratch3/NCEPDEV/global/role.glopara/GFS_CI_CD/URSA/BUILDS/GITLAB/pr_cases_4328_5a190987_6509/RUNTESTS/COMROOT/C96mx100_S2S_5a190987-6509/sfs.19940501/00/mem002/products/atmos/grib2/0p50
+ JGLOBAL_ATMOS_PRODUCTS[15]for grid in '0p25' '0p50' '1p00'
+ JGLOBAL_ATMOS_PRODUCTS[16]prod_dir=COMOUT_ATMOS_GRIB_1p00
+ JGLOBAL_ATMOS_PRODUCTS[17]GRID=1p00
+ JGLOBAL_ATMOS_PRODUCTS[17]YMD=19940501
+ JGLOBAL_ATMOS_PRODUCTS[17]HH=00
+ JGLOBAL_ATMOS_PRODUCTS[17]declare_from_tmpl -rx COMOUT_ATMOS_GRIB_1p00:COM_ATMOS_GRIB_GRID_TMPL
+ bash_utils.sh[39][[ NO == \N\O ]]
+ bash_utils.sh[39]set +x
declare_from_tmpl :: COMOUT_ATMOS_GRIB_1p00=/scratch3/NCEPDEV/global/role.glopara/GFS_CI_CD/URSA/BUILDS/GITLAB/pr_cases_4328_5a190987_6509/RUNTESTS/COMROOT/C96mx100_S2S_5a190987-6509/sfs.19940501/00/mem002/products/atmos/grib2/1p00
+ JGLOBAL_ATMOS_PRODUCTS[18]mkdir -m 775 -p /scratch3/NCEPDEV/global/role.glopara/GFS_CI_CD/URSA/BUILDS/GITLAB/pr_cases_4328_5a190987_6509/RUNTESTS/COMROOT/C96mx100_S2S_5a190987-6509/sfs.19940501/00/mem002/products/atmos/grib2/1p00
+ JGLOBAL_ATMOS_PRODUCTS[22]export PREFIX=sfs.t00z.
+ JGLOBAL_ATMOS_PRODUCTS[22]PREFIX=sfs.t00z.
+ JGLOBAL_ATMOS_PRODUCTS[26]/scratch3/NCEPDEV/global/role.glopara/GFS_CI_CD/URSA/BUILDS/GITLAB/pr_cases_4328_5a190987_6509/global-workflow/scripts/exglobal_atmos_products.sh
+ bash[8]'[' -z '' ']'
+ bash[9]case "$-" in
+ bash[12]__lmod_vx=x
+ bash[16]'[' -n x ']'
+ bash[16]set +x
Shell debugging temporarily silenced: export LMOD_SH_DBG_ON=1 for this output (/apps/lmod/lmod/init/bash)
Shell debugging restarted
+ bash[197]unset __lmod_vx
+ exglobal_atmos_products.sh[3]cd /scratch4/NCEPDEV/stmp/role.glopara/RUNDIRS/C96mx100_S2S_5a190987-6509/sfs.1994050100/atmos_products_f000.60685
+ exglobal_atmos_products.sh[7][[ 0 -le 0 ]]
+ exglobal_atmos_products.sh[8][[ 0 -lt 0 ]]
+ exglobal_atmos_products.sh[15][[ 0 -eq 0 ]]
++ exglobal_atmos_products.sh[16]printf f%03d 0
+ exglobal_atmos_products.sh[16]fhr3=f000
+ exglobal_atmos_products.sh[18]paramlista=/scratch3/NCEPDEV/global/role.glopara/GFS_CI_CD/URSA/BUILDS/GITLAB/pr_cases_4328_5a190987_6509/global-workflow/parm/product/sfs.0p25.f000.paramlist.a.txt
/scratch3/NCEPDEV/global/role.glopara/GFS_CI_CD/URSA/BUILDS/GITLAB/pr_cases_4328_5a190987_6509/global-workflow/scripts/exglobal_atmos_products.sh: line 20: paramlistb_f000: unbound variable
+ JGLOBAL_ATMOS_PRODUCTS[27]export err=1
+ JGLOBAL_ATMOS_PRODUCTS[27]err=1
+ JGLOBAL_ATMOS_PRODUCTS[28][[ 1 -ne 0 ]]
+ JGLOBAL_ATMOS_PRODUCTS[29]err_exit
+ preamble.sh[117]set +eux

    -------------------------------------------------------------
    -- FATAL ERROR: Job atmos_products_f000.60685 failed RETURN CODE 1
    -- ABNORMAL EXIT at Thu Dec 18 21:23:13 UTC 2025 on u02c02
    -------------------------------------------------------------
    

Currently Loaded Modules:
  1) lmod                             40) esmf/8.8.0
  2) intel-oneapi-compilers/2024.2.1  41) antlr/2.7.7
  3) stack-oneapi/2024.2.1            42) gsl/2.8
  4) intel-oneapi-mpi/2021.13.1       43) nco/5.2.4
  5) stack-intel-oneapi-mpi/2021.13   44) bacio/2.4.1
  6) glibc/2.34                       45) w3emc/2.10.0
  7) intel-oneapi-runtime/2024.2.1    46) prod_util/2.1.1
  8) zlib/1.2.13                      47) g2/3.5.1
  9) pigz/2.8                         48) ip/5.1.0
 10) zstd/1.5.6                       49) grib-util/1.4.0
 11) tar/1.34                         50) g2tmpl/1.13.0
 12) gettext/0.22.5                   51) gsi-ncdiag/1.1.2
 13) sqlite/3.46.0                    52) crtm-fix/2.4.0.1_emc
 14) util-linux-uuid/2.40.2           53) git-lfs/3.5.1
 15) python/3.11.7                    54) crtm/2.4.0.1
 16) stack-python/3.11.7              55) bufr/12.1.0
 17) nghttp2/1.63.0                   56) py-f90nml/1.4.3
 18) curl/8.10.1                      57) py-certifi/2023.7.22
 19) cmake/3.27.9                     58) py-cftime/1.0.3.4
 20) libjpeg/2.1.0                    59) py-netcdf4/1.7.1.post2
 21) jasper/2.0.32                    60) libyaml/0.2.5
 22) libpng/1.6.37                    61) py-pyyaml/6.0.2
 23) openjpeg/2.3.1                   62) py-markupsafe/2.1.3
 24) eccodes/2.33.0                   63) py-jinja2/3.1.4
 25) intel-oneapi-mkl/2024.2.1        64) py-pytz/2023.3
 26) proj/9.4.1                       65) py-tzdata/2023.3
 27) udunits/2.2.28                   66) py-pandas/2.2.3
 28) cdo/2.4.4                        67) py-six/1.16.0
 29) hdf5/1.14.3                      68) py-python-dateutil/2.8.2
 30) snappy/1.2.1                     69) py-packaging/24.1
 31) c-blosc/1.21.5                   70) py-setuptools/69.2.0
 32) netcdf-c/4.9.2                   71) py-xarray/2024.7.0
 33) netcdf-fortran/4.6.1             72) gw_run.common
 34) parallel-netcdf/1.12.3           73) g2c/2.1.0
 35) parallelio/2.6.2                 74) wgrib2/3.6.0
 36) python-venv/1.0                  75) prepobs/1.1.3
 37) py-mpi4py/4.0.1                  76) fit2obs/1.1.10
 38) py-numpy/1.26.4                  77) imagemagick/7.1.1-29
 39) py-pip/23.1.2                    78) gw_run.ursa

 


Job atmos_products_f000.60685 failed RETURN CODE 1
/scratch4/NCEPDEV/stmp/role.glopara/RUNDIRS/C96mx100_S2S_5a190987-6509/sfs.1994050100/atmos_products_f000.60685
total 0
-rw-rw-r--+ 1 role.glopara stmp 0 Dec 18 21:23 ncepdate
cat: OUTPUT.60918: No such file or directory
slurmstepd: error: *** JOB 6485853 ON u02c02 CANCELLED AT 2025-12-18T21:23:14 ***
