2025-07-28 14:48:24 -0500 :: hercules-login-1.hpc.msstate.edu :: Submitting gdas_stage_ic
2025-07-28 14:48:24 -0500 :: hercules-login-1.hpc.msstate.edu :: Submission status of gdas_stage_ic is pending at druby://130.18.14.151:37759
2025-07-28 14:48:34 -0500 :: hercules-login-1.hpc.msstate.edu :: Submission status of previously pending gdas_stage_ic is success, jobid=5950263
2025-07-28 14:48:34 -0500 :: hercules-login-1.hpc.msstate.edu :: Task gdas_stage_ic, jobid=5950263, in state RUNNING (RUNNING)
2025-07-28 14:54:37 -0500 :: hercules-login-1.hpc.msstate.edu :: Task gdas_stage_ic, jobid=5950263, in state SUCCEEDED (COMPLETED), ran for 38.0 seconds, exit status=0, try=1 (of 2)
2025-07-28 14:54:37 -0500 :: hercules-login-1.hpc.msstate.edu :: Submitting gdas_fcst_seg0
2025-07-28 14:54:37 -0500 :: hercules-login-1.hpc.msstate.edu :: Submission status of gdas_fcst_seg0 is pending at druby://130.18.14.151:38819
2025-07-28 15:00:40 -0500 :: hercules-login-1.hpc.msstate.edu :: Submission status of previously pending gdas_fcst_seg0 is success, jobid=5950285
2025-07-28 15:00:40 -0500 :: hercules-login-1.hpc.msstate.edu :: Task gdas_fcst_seg0, jobid=5950285, in state QUEUED (PENDING)
2025-07-28 15:06:42 -0500 :: hercules-login-1.hpc.msstate.edu :: Task gdas_fcst_seg0, jobid=5950285, in state RUNNING (RUNNING)
2025-07-28 15:12:45 -0500 :: hercules-login-1.hpc.msstate.edu :: Task gdas_fcst_seg0, jobid=5950285, in state SUCCEEDED (COMPLETED), ran for 344.0 seconds, exit status=0, try=1 (of 2)
2025-07-28 15:12:45 -0500 :: hercules-login-1.hpc.msstate.edu :: Submitting gdas_atmos_prod_f000
2025-07-28 15:12:45 -0500 :: hercules-login-1.hpc.msstate.edu :: Submitting gdas_atmos_prod_f003
2025-07-28 15:12:45 -0500 :: hercules-login-1.hpc.msstate.edu :: Submitting gdas_atmos_prod_f006
2025-07-28 15:12:45 -0500 :: hercules-login-1.hpc.msstate.edu :: Submitting gdas_atmos_prod_f009
2025-07-28 15:12:45 -0500 :: hercules-login-1.hpc.msstate.edu :: Submission of gdas_atmos_prod_f000 succeeded, jobid=5950359
2025-07-28 15:12:45 -0500 :: hercules-login-1.hpc.msstate.edu :: Submission of gdas_atmos_prod_f003 succeeded, jobid=5950360
2025-07-28 15:12:45 -0500 :: hercules-login-1.hpc.msstate.edu :: Submission of gdas_atmos_prod_f006 succeeded, jobid=5950361
2025-07-28 15:12:45 -0500 :: hercules-login-1.hpc.msstate.edu :: Submission of gdas_atmos_prod_f009 succeeded, jobid=5950362
2025-07-28 15:18:48 -0500 :: hercules-login-1.hpc.msstate.edu :: Task gdas_atmos_prod_f000, jobid=5950359, in state QUEUED (PENDING)
2025-07-28 15:18:48 -0500 :: hercules-login-1.hpc.msstate.edu :: Task gdas_atmos_prod_f003, jobid=5950360, in state QUEUED (PENDING)
2025-07-28 15:18:48 -0500 :: hercules-login-1.hpc.msstate.edu :: Task gdas_atmos_prod_f006, jobid=5950361, in state QUEUED (PENDING)
2025-07-28 15:18:48 -0500 :: hercules-login-1.hpc.msstate.edu :: Task gdas_atmos_prod_f009, jobid=5950362, in state QUEUED (PENDING)
2025-07-28 15:24:50 -0500 :: hercules-login-1.hpc.msstate.edu :: Task gdas_atmos_prod_f000, jobid=5950359, in state QUEUED (PENDING)
2025-07-28 15:24:50 -0500 :: hercules-login-1.hpc.msstate.edu :: Task gdas_atmos_prod_f003, jobid=5950360, in state QUEUED (PENDING)
2025-07-28 15:24:50 -0500 :: hercules-login-1.hpc.msstate.edu :: Task gdas_atmos_prod_f006, jobid=5950361, in state QUEUED (PENDING)
2025-07-28 15:24:50 -0500 :: hercules-login-1.hpc.msstate.edu :: Task gdas_atmos_prod_f009, jobid=5950362, in state QUEUED (PENDING)
2025-07-28 15:30:53 -0500 :: hercules-login-1.hpc.msstate.edu :: Task gdas_atmos_prod_f000, jobid=5950359, in state QUEUED (PENDING)
2025-07-28 15:30:53 -0500 :: hercules-login-1.hpc.msstate.edu :: Task gdas_atmos_prod_f003, jobid=5950360, in state QUEUED (PENDING)
2025-07-28 15:30:53 -0500 :: hercules-login-1.hpc.msstate.edu :: Task gdas_atmos_prod_f006, jobid=5950361, in state QUEUED (PENDING)
2025-07-28 15:30:53 -0500 :: hercules-login-1.hpc.msstate.edu :: Task gdas_atmos_prod_f009, jobid=5950362, in state QUEUED (PENDING)
2025-07-28 15:36:56 -0500 :: hercules-login-1.hpc.msstate.edu :: Task gdas_atmos_prod_f000, jobid=5950359, in state QUEUED (PENDING)
2025-07-28 15:36:56 -0500 :: hercules-login-1.hpc.msstate.edu :: Task gdas_atmos_prod_f003, jobid=5950360, in state QUEUED (PENDING)
2025-07-28 15:36:56 -0500 :: hercules-login-1.hpc.msstate.edu :: Task gdas_atmos_prod_f006, jobid=5950361, in state QUEUED (PENDING)
2025-07-28 15:36:56 -0500 :: hercules-login-1.hpc.msstate.edu :: Task gdas_atmos_prod_f009, jobid=5950362, in state QUEUED (PENDING)
2025-07-28 15:42:58 -0500 :: hercules-login-1.hpc.msstate.edu :: Task gdas_atmos_prod_f000, jobid=5950359, in state SUCCEEDED (COMPLETED), ran for 63.0 seconds, exit status=0, try=1 (of 2)
2025-07-28 15:42:58 -0500 :: hercules-login-1.hpc.msstate.edu :: Task gdas_atmos_prod_f003, jobid=5950360, in state SUCCEEDED (COMPLETED), ran for 66.0 seconds, exit status=0, try=1 (of 2)
2025-07-28 15:42:58 -0500 :: hercules-login-1.hpc.msstate.edu :: Task gdas_atmos_prod_f006, jobid=5950361, in state SUCCEEDED (COMPLETED), ran for 67.0 seconds, exit status=0, try=1 (of 2)
2025-07-28 15:42:58 -0500 :: hercules-login-1.hpc.msstate.edu :: Task gdas_atmos_prod_f009, jobid=5950362, in state QUEUED (PENDING)
2025-07-28 15:49:01 -0500 :: hercules-login-1.hpc.msstate.edu :: Task gdas_atmos_prod_f009, jobid=5950362, in state SUCCEEDED (COMPLETED), ran for 66.0 seconds, exit status=0, try=1 (of 2)
2025-07-28 15:49:01 -0500 :: hercules-login-1.hpc.msstate.edu :: This cycle is complete: Success
