2025-07-29 01:30:36 -0500 :: hercules-login-1.hpc.msstate.edu :: Submitting gfs_prepoceanobs
2025-07-29 01:30:36 -0500 :: hercules-login-1.hpc.msstate.edu :: Submitting gdas_prepoceanobs
2025-07-29 01:30:36 -0500 :: hercules-login-1.hpc.msstate.edu :: Submission of gfs_prepoceanobs succeeded, jobid=5952788
2025-07-29 01:30:36 -0500 :: hercules-login-1.hpc.msstate.edu :: Submission of gdas_prepoceanobs succeeded, jobid=5952789
2025-07-29 01:36:39 -0500 :: hercules-login-1.hpc.msstate.edu :: Task gfs_prepoceanobs, jobid=5952788, in state RUNNING (RUNNING)
2025-07-29 01:36:39 -0500 :: hercules-login-1.hpc.msstate.edu :: Task gdas_prepoceanobs, jobid=5952789, in state RUNNING (RUNNING)
2025-07-29 01:36:39 -0500 :: hercules-login-1.hpc.msstate.edu :: Submitting gfs_prep
2025-07-29 01:36:39 -0500 :: hercules-login-1.hpc.msstate.edu :: Submitting gdas_prep
2025-07-29 01:36:39 -0500 :: hercules-login-1.hpc.msstate.edu :: Submission of gfs_prep succeeded, jobid=5952803
2025-07-29 01:36:39 -0500 :: hercules-login-1.hpc.msstate.edu :: Submission of gdas_prep succeeded, jobid=5952804
2025-07-29 01:42:43 -0500 :: hercules-login-1.hpc.msstate.edu :: Task gfs_prep, jobid=5952803, in state SUCCEEDED (COMPLETED), ran for 135.0 seconds, exit status=0, try=1 (of 2)
2025-07-29 01:42:43 -0500 :: hercules-login-1.hpc.msstate.edu :: Task gfs_prepoceanobs, jobid=5952788, in state SUCCEEDED (COMPLETED), ran for 212.0 seconds, exit status=0, try=1 (of 2)
2025-07-29 01:42:43 -0500 :: hercules-login-1.hpc.msstate.edu :: Task gdas_prep, jobid=5952804, in state SUCCEEDED (COMPLETED), ran for 141.0 seconds, exit status=0, try=1 (of 2)
2025-07-29 01:42:43 -0500 :: hercules-login-1.hpc.msstate.edu :: Task gdas_prepoceanobs, jobid=5952789, in state SUCCEEDED (COMPLETED), ran for 213.0 seconds, exit status=0, try=1 (of 2)
2025-07-29 01:42:43 -0500 :: hercules-login-1.hpc.msstate.edu :: Submitting gfs_marinebmatinit
2025-07-29 01:42:43 -0500 :: hercules-login-1.hpc.msstate.edu :: Submitting gfs_snowanl
2025-07-29 01:42:43 -0500 :: hercules-login-1.hpc.msstate.edu :: Submitting gfs_waveinit
2025-07-29 01:42:43 -0500 :: hercules-login-1.hpc.msstate.edu :: Submitting gdas_marinebmatinit
2025-07-29 01:42:43 -0500 :: hercules-login-1.hpc.msstate.edu :: Submitting gdas_snowanl
2025-07-29 01:42:43 -0500 :: hercules-login-1.hpc.msstate.edu :: Submitting gdas_waveinit
2025-07-29 01:42:43 -0500 :: hercules-login-1.hpc.msstate.edu :: Submission of gfs_marinebmatinit succeeded, jobid=5952832
2025-07-29 01:42:43 -0500 :: hercules-login-1.hpc.msstate.edu :: Submission of gfs_snowanl succeeded, jobid=5952833
2025-07-29 01:42:43 -0500 :: hercules-login-1.hpc.msstate.edu :: Submission of gfs_waveinit succeeded, jobid=5952834
2025-07-29 01:42:43 -0500 :: hercules-login-1.hpc.msstate.edu :: Submission of gdas_marinebmatinit succeeded, jobid=5952835
2025-07-29 01:42:43 -0500 :: hercules-login-1.hpc.msstate.edu :: Submission of gdas_snowanl succeeded, jobid=5952836
2025-07-29 01:42:43 -0500 :: hercules-login-1.hpc.msstate.edu :: Submission of gdas_waveinit succeeded, jobid=5952837
2025-07-29 01:48:47 -0500 :: hercules-login-1.hpc.msstate.edu :: Task gfs_marinebmatinit, jobid=5952832, in state SUCCEEDED (COMPLETED), ran for 32.0 seconds, exit status=0, try=1 (of 2)
2025-07-29 01:48:47 -0500 :: hercules-login-1.hpc.msstate.edu :: Task gfs_snowanl, jobid=5952833, in state SUCCEEDED (COMPLETED), ran for 90.0 seconds, exit status=0, try=1 (of 2)
2025-07-29 01:48:47 -0500 :: hercules-login-1.hpc.msstate.edu :: Task gfs_waveinit, jobid=5952834, in state SUCCEEDED (COMPLETED), ran for 36.0 seconds, exit status=0, try=1 (of 2)
2025-07-29 01:48:47 -0500 :: hercules-login-1.hpc.msstate.edu :: Task gdas_marinebmatinit, jobid=5952835, in state SUCCEEDED (COMPLETED), ran for 32.0 seconds, exit status=0, try=1 (of 2)
2025-07-29 01:48:47 -0500 :: hercules-login-1.hpc.msstate.edu :: Task gdas_snowanl, jobid=5952836, in state SUCCEEDED (COMPLETED), ran for 90.0 seconds, exit status=0, try=1 (of 2)
2025-07-29 01:48:47 -0500 :: hercules-login-1.hpc.msstate.edu :: Task gdas_waveinit, jobid=5952837, in state SUCCEEDED (COMPLETED), ran for 36.0 seconds, exit status=0, try=1 (of 2)
2025-07-29 01:48:47 -0500 :: hercules-login-1.hpc.msstate.edu :: Submitting gfs_anal
2025-07-29 01:48:47 -0500 :: hercules-login-1.hpc.msstate.edu :: Submitting gfs_marinebmat
2025-07-29 01:48:47 -0500 :: hercules-login-1.hpc.msstate.edu :: Submitting gfs_ocnanalecen
2025-07-29 01:48:47 -0500 :: hercules-login-1.hpc.msstate.edu :: Submitting enkfgfs_eobs
2025-07-29 01:48:47 -0500 :: hercules-login-1.hpc.msstate.edu :: Submitting enkfgfs_esnowanl
2025-07-29 01:48:47 -0500 :: hercules-login-1.hpc.msstate.edu :: Submitting gdas_anal
2025-07-29 01:48:47 -0500 :: hercules-login-1.hpc.msstate.edu :: Submitting gdas_marinebmat
2025-07-29 01:48:47 -0500 :: hercules-login-1.hpc.msstate.edu :: Submitting gdas_ocnanalecen
2025-07-29 01:48:47 -0500 :: hercules-login-1.hpc.msstate.edu :: Submitting enkfgdas_eobs
2025-07-29 01:48:47 -0500 :: hercules-login-1.hpc.msstate.edu :: Submitting enkfgdas_esnowanl
2025-07-29 01:48:47 -0500 :: hercules-login-1.hpc.msstate.edu :: Submission of gfs_anal succeeded, jobid=5952866
2025-07-29 01:48:47 -0500 :: hercules-login-1.hpc.msstate.edu :: Submission of gfs_marinebmat succeeded, jobid=5952867
2025-07-29 01:48:47 -0500 :: hercules-login-1.hpc.msstate.edu :: Submission of gfs_ocnanalecen succeeded, jobid=5952868
2025-07-29 01:48:47 -0500 :: hercules-login-1.hpc.msstate.edu :: Submission of enkfgfs_eobs succeeded, jobid=5952869
2025-07-29 01:48:47 -0500 :: hercules-login-1.hpc.msstate.edu :: Submission of enkfgfs_esnowanl succeeded, jobid=5952870
2025-07-29 01:48:47 -0500 :: hercules-login-1.hpc.msstate.edu :: Submission of gdas_anal succeeded, jobid=5952871
2025-07-29 01:48:47 -0500 :: hercules-login-1.hpc.msstate.edu :: Submission of gdas_marinebmat succeeded, jobid=5952872
2025-07-29 01:48:47 -0500 :: hercules-login-1.hpc.msstate.edu :: Submission of gdas_ocnanalecen succeeded, jobid=5952873
2025-07-29 01:48:47 -0500 :: hercules-login-1.hpc.msstate.edu :: Submission of enkfgdas_eobs succeeded, jobid=5952874
2025-07-29 01:48:47 -0500 :: hercules-login-1.hpc.msstate.edu :: Submission of enkfgdas_esnowanl succeeded, jobid=5952875
2025-07-29 01:54:51 -0500 :: hercules-login-1.hpc.msstate.edu :: Task gfs_anal, jobid=5952866, in state RUNNING (RUNNING)
2025-07-29 01:54:51 -0500 :: hercules-login-1.hpc.msstate.edu :: Task gfs_marinebmat, jobid=5952867, in state SUCCEEDED (COMPLETED), ran for 57.0 seconds, exit status=0, try=1 (of 2)
2025-07-29 01:54:51 -0500 :: hercules-login-1.hpc.msstate.edu :: Task gfs_ocnanalecen, jobid=5952868, in state SUCCEEDED (COMPLETED), ran for 56.0 seconds, exit status=0, try=1 (of 2)
2025-07-29 01:54:51 -0500 :: hercules-login-1.hpc.msstate.edu :: Task enkfgfs_eobs, jobid=5952869, in state RUNNING (RUNNING)
2025-07-29 01:54:51 -0500 :: hercules-login-1.hpc.msstate.edu :: Task enkfgfs_esnowanl, jobid=5952870, in state SUCCEEDED (COMPLETED), ran for 69.0 seconds, exit status=0, try=1 (of 2)
2025-07-29 01:54:51 -0500 :: hercules-login-1.hpc.msstate.edu :: Task gdas_anal, jobid=5952871, in state RUNNING (RUNNING)
2025-07-29 01:54:51 -0500 :: hercules-login-1.hpc.msstate.edu :: Task gdas_marinebmat, jobid=5952872, in state SUCCEEDED (COMPLETED), ran for 57.0 seconds, exit status=0, try=1 (of 2)
2025-07-29 01:54:51 -0500 :: hercules-login-1.hpc.msstate.edu :: Task gdas_ocnanalecen, jobid=5952873, in state SUCCEEDED (COMPLETED), ran for 56.0 seconds, exit status=0, try=1 (of 2)
2025-07-29 01:54:51 -0500 :: hercules-login-1.hpc.msstate.edu :: Task enkfgdas_eobs, jobid=5952874, in state RUNNING (RUNNING)
2025-07-29 01:54:51 -0500 :: hercules-login-1.hpc.msstate.edu :: Task enkfgdas_esnowanl, jobid=5952875, in state SUCCEEDED (COMPLETED), ran for 69.0 seconds, exit status=0, try=1 (of 2)
2025-07-29 01:54:51 -0500 :: hercules-login-1.hpc.msstate.edu :: Submitting gfs_marineanlinit
2025-07-29 01:54:51 -0500 :: hercules-login-1.hpc.msstate.edu :: Submitting gdas_marineanlinit
2025-07-29 01:54:51 -0500 :: hercules-login-1.hpc.msstate.edu :: Submission of gfs_marineanlinit succeeded, jobid=5952904
2025-07-29 01:54:51 -0500 :: hercules-login-1.hpc.msstate.edu :: Submission of gdas_marineanlinit succeeded, jobid=5952905
2025-07-29 02:00:54 -0500 :: hercules-login-1.hpc.msstate.edu :: Task gfs_anal, jobid=5952866, in state SUCCEEDED (COMPLETED), ran for 522.0 seconds, exit status=0, try=1 (of 2)
2025-07-29 02:00:54 -0500 :: hercules-login-1.hpc.msstate.edu :: Task gfs_marineanlinit, jobid=5952904, in state SUCCEEDED (COMPLETED), ran for 33.0 seconds, exit status=0, try=1 (of 2)
2025-07-29 02:00:54 -0500 :: hercules-login-1.hpc.msstate.edu :: Task enkfgfs_eobs, jobid=5952869, in state SUCCEEDED (COMPLETED), ran for 360.0 seconds, exit status=0, try=1 (of 2)
2025-07-29 02:00:54 -0500 :: hercules-login-1.hpc.msstate.edu :: Task gdas_anal, jobid=5952871, in state RUNNING (RUNNING)
2025-07-29 02:00:54 -0500 :: hercules-login-1.hpc.msstate.edu :: Task gdas_marineanlinit, jobid=5952905, in state SUCCEEDED (COMPLETED), ran for 33.0 seconds, exit status=0, try=1 (of 2)
2025-07-29 02:00:54 -0500 :: hercules-login-1.hpc.msstate.edu :: Task enkfgdas_eobs, jobid=5952874, in state SUCCEEDED (COMPLETED), ran for 418.0 seconds, exit status=0, try=1 (of 2)
2025-07-29 02:00:54 -0500 :: hercules-login-1.hpc.msstate.edu :: Submitting gfs_marineanlvar
2025-07-29 02:00:54 -0500 :: hercules-login-1.hpc.msstate.edu :: Submitting gfs_sfcanl
2025-07-29 02:00:54 -0500 :: hercules-login-1.hpc.msstate.edu :: Submitting gfs_vminmon
2025-07-29 02:00:54 -0500 :: hercules-login-1.hpc.msstate.edu :: Submitting enkfgfs_ediag
2025-07-29 02:00:54 -0500 :: hercules-login-1.hpc.msstate.edu :: Submitting gdas_marineanlvar
2025-07-29 02:00:54 -0500 :: hercules-login-1.hpc.msstate.edu :: Submitting enkfgdas_ediag
2025-07-29 02:00:54 -0500 :: hercules-login-1.hpc.msstate.edu :: Submission of gfs_marineanlvar succeeded, jobid=5952939
2025-07-29 02:00:54 -0500 :: hercules-login-1.hpc.msstate.edu :: Submission of gfs_sfcanl succeeded, jobid=5952940
2025-07-29 02:00:54 -0500 :: hercules-login-1.hpc.msstate.edu :: Submission of gfs_vminmon succeeded, jobid=5952941
2025-07-29 02:00:54 -0500 :: hercules-login-1.hpc.msstate.edu :: Submission of enkfgfs_ediag succeeded, jobid=5952942
2025-07-29 02:00:54 -0500 :: hercules-login-1.hpc.msstate.edu :: Submission of gdas_marineanlvar succeeded, jobid=5952943
2025-07-29 02:00:55 -0500 :: hercules-login-1.hpc.msstate.edu :: Submission of enkfgdas_ediag succeeded, jobid=5952944
2025-07-29 02:06:58 -0500 :: hercules-login-1.hpc.msstate.edu :: Task gfs_marineanlvar, jobid=5952939, in state SUCCEEDED (COMPLETED), ran for 45.0 seconds, exit status=0, try=1 (of 2)
2025-07-29 02:06:58 -0500 :: hercules-login-1.hpc.msstate.edu :: Task gfs_sfcanl, jobid=5952940, in state SUCCEEDED (COMPLETED), ran for 46.0 seconds, exit status=0, try=1 (of 2)
2025-07-29 02:06:58 -0500 :: hercules-login-1.hpc.msstate.edu :: Task gfs_vminmon, jobid=5952941, in state SUCCEEDED (COMPLETED), ran for 18.0 seconds, exit status=0, try=1 (of 2)
2025-07-29 02:06:58 -0500 :: hercules-login-1.hpc.msstate.edu :: Task enkfgfs_ediag, jobid=5952942, in state SUCCEEDED (COMPLETED), ran for 122.0 seconds, exit status=0, try=1 (of 2)
2025-07-29 02:06:58 -0500 :: hercules-login-1.hpc.msstate.edu :: Task gdas_anal, jobid=5952871, in state SUCCEEDED (COMPLETED), ran for 859.0 seconds, exit status=0, try=1 (of 2)
2025-07-29 02:06:58 -0500 :: hercules-login-1.hpc.msstate.edu :: Task gdas_marineanlvar, jobid=5952943, in state SUCCEEDED (COMPLETED), ran for 41.0 seconds, exit status=0, try=1 (of 2)
2025-07-29 02:06:58 -0500 :: hercules-login-1.hpc.msstate.edu :: Task enkfgdas_ediag, jobid=5952944, in state RUNNING (RUNNING)
2025-07-29 02:06:58 -0500 :: hercules-login-1.hpc.msstate.edu :: Submitting gfs_analcalc
2025-07-29 02:06:58 -0500 :: hercules-login-1.hpc.msstate.edu :: Submitting gfs_marineanlchkpt
2025-07-29 02:06:58 -0500 :: hercules-login-1.hpc.msstate.edu :: Submitting enkfgfs_eupd
2025-07-29 02:06:58 -0500 :: hercules-login-1.hpc.msstate.edu :: Submitting gdas_marineanlchkpt
2025-07-29 02:06:58 -0500 :: hercules-login-1.hpc.msstate.edu :: Submitting gdas_analdiag
2025-07-29 02:06:58 -0500 :: hercules-login-1.hpc.msstate.edu :: Submitting gdas_vminmon
2025-07-29 02:06:58 -0500 :: hercules-login-1.hpc.msstate.edu :: Submission of gfs_analcalc succeeded, jobid=5953002
2025-07-29 02:06:58 -0500 :: hercules-login-1.hpc.msstate.edu :: Submission of gfs_marineanlchkpt succeeded, jobid=5953003
2025-07-29 02:06:58 -0500 :: hercules-login-1.hpc.msstate.edu :: Submission of enkfgfs_eupd succeeded, jobid=5953004
2025-07-29 02:06:58 -0500 :: hercules-login-1.hpc.msstate.edu :: Submission of gdas_marineanlchkpt succeeded, jobid=5953005
2025-07-29 02:06:58 -0500 :: hercules-login-1.hpc.msstate.edu :: Submission of gdas_analdiag succeeded, jobid=5953006
2025-07-29 02:06:58 -0500 :: hercules-login-1.hpc.msstate.edu :: Submission of gdas_vminmon succeeded, jobid=5953007
2025-07-29 02:13:01 -0500 :: hercules-login-1.hpc.msstate.edu :: Task gfs_analcalc, jobid=5953002, in state SUCCEEDED (COMPLETED), ran for 61.0 seconds, exit status=0, try=1 (of 2)
2025-07-29 02:13:01 -0500 :: hercules-login-1.hpc.msstate.edu :: Task gfs_marineanlchkpt, jobid=5953003, in state SUCCEEDED (COMPLETED), ran for 50.0 seconds, exit status=0, try=1 (of 2)
2025-07-29 02:13:01 -0500 :: hercules-login-1.hpc.msstate.edu :: Task enkfgfs_eupd, jobid=5953004, in state SUCCEEDED (COMPLETED), ran for 125.0 seconds, exit status=0, try=1 (of 2)
2025-07-29 02:13:01 -0500 :: hercules-login-1.hpc.msstate.edu :: Task gdas_marineanlchkpt, jobid=5953005, in state SUCCEEDED (COMPLETED), ran for 50.0 seconds, exit status=0, try=1 (of 2)
2025-07-29 02:13:01 -0500 :: hercules-login-1.hpc.msstate.edu :: Task gdas_analdiag, jobid=5953006, in state SUCCEEDED (COMPLETED), ran for 122.0 seconds, exit status=0, try=1 (of 2)
2025-07-29 02:13:01 -0500 :: hercules-login-1.hpc.msstate.edu :: Task gdas_vminmon, jobid=5953007, in state SUCCEEDED (COMPLETED), ran for 16.0 seconds, exit status=0, try=1 (of 2)
2025-07-29 02:13:01 -0500 :: hercules-login-1.hpc.msstate.edu :: Task enkfgdas_ediag, jobid=5952944, in state SUCCEEDED (COMPLETED), ran for 149.0 seconds, exit status=0, try=1 (of 2)
2025-07-29 02:13:01 -0500 :: hercules-login-1.hpc.msstate.edu :: Submitting gfs_marineanlfinal
2025-07-29 02:13:01 -0500 :: hercules-login-1.hpc.msstate.edu :: Submitting gfs_atmanlupp
2025-07-29 02:13:01 -0500 :: hercules-login-1.hpc.msstate.edu :: Submitting enkfgfs_ecen000
2025-07-29 02:13:01 -0500 :: hercules-login-1.hpc.msstate.edu :: Submitting enkfgfs_ecen001
2025-07-29 02:13:01 -0500 :: hercules-login-1.hpc.msstate.edu :: Submitting enkfgfs_ecen002
2025-07-29 02:13:01 -0500 :: hercules-login-1.hpc.msstate.edu :: Submitting enkfgfs_esfc
2025-07-29 02:13:01 -0500 :: hercules-login-1.hpc.msstate.edu :: Submitting gdas_marineanlfinal
2025-07-29 02:13:01 -0500 :: hercules-login-1.hpc.msstate.edu :: Submitting gdas_verfozn
2025-07-29 02:13:01 -0500 :: hercules-login-1.hpc.msstate.edu :: Submitting gdas_verfrad
2025-07-29 02:13:01 -0500 :: hercules-login-1.hpc.msstate.edu :: Submitting enkfgdas_eupd
2025-07-29 02:13:01 -0500 :: hercules-login-1.hpc.msstate.edu :: Submission of gfs_marineanlfinal succeeded, jobid=5953073
2025-07-29 02:13:01 -0500 :: hercules-login-1.hpc.msstate.edu :: Submission of gfs_atmanlupp succeeded, jobid=5953074
2025-07-29 02:13:01 -0500 :: hercules-login-1.hpc.msstate.edu :: Submission of enkfgfs_ecen000 succeeded, jobid=5953075
2025-07-29 02:13:01 -0500 :: hercules-login-1.hpc.msstate.edu :: Submission of enkfgfs_ecen001 succeeded, jobid=5953076
2025-07-29 02:13:01 -0500 :: hercules-login-1.hpc.msstate.edu :: Submission of enkfgfs_ecen002 succeeded, jobid=5953077
2025-07-29 02:13:01 -0500 :: hercules-login-1.hpc.msstate.edu :: Submission of enkfgfs_esfc succeeded, jobid=5953078
2025-07-29 02:13:01 -0500 :: hercules-login-1.hpc.msstate.edu :: Submission of gdas_marineanlfinal succeeded, jobid=5953079
2025-07-29 02:13:01 -0500 :: hercules-login-1.hpc.msstate.edu :: Submission of gdas_verfozn succeeded, jobid=5953080
2025-07-29 02:13:01 -0500 :: hercules-login-1.hpc.msstate.edu :: Submission of gdas_verfrad succeeded, jobid=5953081
2025-07-29 02:13:01 -0500 :: hercules-login-1.hpc.msstate.edu :: Submission of enkfgdas_eupd succeeded, jobid=5953082
2025-07-29 02:19:05 -0500 :: hercules-login-1.hpc.msstate.edu :: Task gfs_marineanlfinal, jobid=5953073, in state SUCCEEDED (COMPLETED), ran for 33.0 seconds, exit status=0, try=1 (of 2)
2025-07-29 02:19:05 -0500 :: hercules-login-1.hpc.msstate.edu :: Task gfs_atmanlupp, jobid=5953074, in state SUCCEEDED (COMPLETED), ran for 45.0 seconds, exit status=0, try=1 (of 2)
2025-07-29 02:19:05 -0500 :: hercules-login-1.hpc.msstate.edu :: Task enkfgfs_ecen000, jobid=5953075, in state SUCCEEDED (COMPLETED), ran for 36.0 seconds, exit status=0, try=1 (of 2)
2025-07-29 02:19:05 -0500 :: hercules-login-1.hpc.msstate.edu :: Task enkfgfs_ecen001, jobid=5953076, in state SUCCEEDED (COMPLETED), ran for 38.0 seconds, exit status=0, try=1 (of 2)
2025-07-29 02:19:05 -0500 :: hercules-login-1.hpc.msstate.edu :: Task enkfgfs_ecen002, jobid=5953077, in state SUCCEEDED (COMPLETED), ran for 40.0 seconds, exit status=0, try=1 (of 2)
2025-07-29 02:19:05 -0500 :: hercules-login-1.hpc.msstate.edu :: Task enkfgfs_esfc, jobid=5953078, in state SUCCEEDED (COMPLETED), ran for 122.0 seconds, exit status=0, try=1 (of 2)
2025-07-29 02:19:05 -0500 :: hercules-login-1.hpc.msstate.edu :: Task gdas_marineanlfinal, jobid=5953079, in state SUCCEEDED (COMPLETED), ran for 34.0 seconds, exit status=0, try=1 (of 2)
2025-07-29 02:19:05 -0500 :: hercules-login-1.hpc.msstate.edu :: Task gdas_verfozn, jobid=5953080, in state SUCCEEDED (COMPLETED), ran for 70.0 seconds, exit status=0, try=1 (of 2)
2025-07-29 02:19:05 -0500 :: hercules-login-1.hpc.msstate.edu :: Task gdas_verfrad, jobid=5953081, in state RUNNING (RUNNING)
2025-07-29 02:19:05 -0500 :: hercules-login-1.hpc.msstate.edu :: Task enkfgdas_eupd, jobid=5953082, in state SUCCEEDED (COMPLETED), ran for 140.0 seconds, exit status=0, try=1 (of 2)
2025-07-29 02:19:05 -0500 :: hercules-login-1.hpc.msstate.edu :: Submitting gfs_atmanlprod
2025-07-29 02:19:05 -0500 :: hercules-login-1.hpc.msstate.edu :: Submitting gfs_fcst_seg0
2025-07-29 02:19:05 -0500 :: hercules-login-1.hpc.msstate.edu :: Submitting gfs_anlstat
2025-07-29 02:19:05 -0500 :: hercules-login-1.hpc.msstate.edu :: Submitting enkfgfs_earc_vrfy
2025-07-29 02:19:05 -0500 :: hercules-login-1.hpc.msstate.edu :: Submitting gdas_sfcanl
2025-07-29 02:19:05 -0500 :: hercules-login-1.hpc.msstate.edu :: Submitting gdas_anlstat
2025-07-29 02:19:05 -0500 :: hercules-login-1.hpc.msstate.edu :: Submission of gfs_atmanlprod succeeded, jobid=5953114
2025-07-29 02:19:05 -0500 :: hercules-login-1.hpc.msstate.edu :: Submission of gfs_fcst_seg0 succeeded, jobid=5953115
2025-07-29 02:19:05 -0500 :: hercules-login-1.hpc.msstate.edu :: Submission of gfs_anlstat succeeded, jobid=5953116
2025-07-29 02:19:05 -0500 :: hercules-login-1.hpc.msstate.edu :: Submission of enkfgfs_earc_vrfy succeeded, jobid=5953117
2025-07-29 02:19:05 -0500 :: hercules-login-1.hpc.msstate.edu :: Submission of gdas_sfcanl succeeded, jobid=5953118
2025-07-29 02:19:05 -0500 :: hercules-login-1.hpc.msstate.edu :: Submission of gdas_anlstat succeeded, jobid=5953119
2025-07-29 02:25:09 -0500 :: hercules-login-1.hpc.msstate.edu :: Task gfs_atmanlprod, jobid=5953114, in state SUCCEEDED (COMPLETED), ran for 104.0 seconds, exit status=0, try=1 (of 2)
2025-07-29 02:25:09 -0500 :: hercules-login-1.hpc.msstate.edu :: Task gfs_fcst_seg0, jobid=5953115, in state RUNNING (RUNNING)
2025-07-29 02:25:09 -0500 :: hercules-login-1.hpc.msstate.edu :: Task gfs_anlstat, jobid=5953116, in state SUCCEEDED (COMPLETED), ran for 42.0 seconds, exit status=0, try=1 (of 2)
2025-07-29 02:25:09 -0500 :: hercules-login-1.hpc.msstate.edu :: Task enkfgfs_earc_vrfy, jobid=5953117, in state SUCCEEDED (COMPLETED), ran for 15.0 seconds, exit status=0, try=1 (of 2)
2025-07-29 02:25:09 -0500 :: hercules-login-1.hpc.msstate.edu :: Task gdas_sfcanl, jobid=5953118, in state SUCCEEDED (COMPLETED), ran for 55.0 seconds, exit status=0, try=1 (of 2)
2025-07-29 02:25:09 -0500 :: hercules-login-1.hpc.msstate.edu :: Task gdas_verfrad, jobid=5953081, in state RUNNING (RUNNING)
2025-07-29 02:25:09 -0500 :: hercules-login-1.hpc.msstate.edu :: Task gdas_anlstat, jobid=5953119, in state SUCCEEDED (COMPLETED), ran for 42.0 seconds, exit status=0, try=1 (of 2)
2025-07-29 02:25:09 -0500 :: hercules-login-1.hpc.msstate.edu :: Submitting gfs_wavepostsbs_f000-f002
2025-07-29 02:25:09 -0500 :: hercules-login-1.hpc.msstate.edu :: Submitting enkfgfs_cleanup
2025-07-29 02:25:09 -0500 :: hercules-login-1.hpc.msstate.edu :: Submitting gdas_analcalc
2025-07-29 02:25:09 -0500 :: hercules-login-1.hpc.msstate.edu :: Submitting gdas_fcst_seg0
2025-07-29 02:25:09 -0500 :: hercules-login-1.hpc.msstate.edu :: Submission of gfs_wavepostsbs_f000-f002 succeeded, jobid=5953160
2025-07-29 02:25:09 -0500 :: hercules-login-1.hpc.msstate.edu :: Submission of enkfgfs_cleanup succeeded, jobid=5953161
2025-07-29 02:25:09 -0500 :: hercules-login-1.hpc.msstate.edu :: Submission of gdas_analcalc succeeded, jobid=5953162
2025-07-29 02:25:09 -0500 :: hercules-login-1.hpc.msstate.edu :: Submission of gdas_fcst_seg0 succeeded, jobid=5953163
2025-07-29 02:31:12 -0500 :: hercules-login-1.hpc.msstate.edu :: Task gfs_fcst_seg0, jobid=5953115, in state RUNNING (RUNNING)
2025-07-29 02:31:12 -0500 :: hercules-login-1.hpc.msstate.edu :: Task gfs_wavepostsbs_f000-f002, jobid=5953160, in state SUCCEEDED (COMPLETED), ran for 63.0 seconds, exit status=0, try=1 (of 2)
2025-07-29 02:31:12 -0500 :: hercules-login-1.hpc.msstate.edu :: Task enkfgfs_cleanup, jobid=5953161, in state SUCCEEDED (COMPLETED), ran for 21.0 seconds, exit status=0, try=1 (of 2)
2025-07-29 02:31:12 -0500 :: hercules-login-1.hpc.msstate.edu :: Task gdas_analcalc, jobid=5953162, in state SUCCEEDED (COMPLETED), ran for 52.0 seconds, exit status=0, try=1 (of 2)
2025-07-29 02:31:12 -0500 :: hercules-login-1.hpc.msstate.edu :: Task gdas_fcst_seg0, jobid=5953163, in state RUNNING (RUNNING)
2025-07-29 02:31:12 -0500 :: hercules-login-1.hpc.msstate.edu :: Task gdas_verfrad, jobid=5953081, in state SUCCEEDED (COMPLETED), ran for 836.0 seconds, exit status=0, try=1 (of 2)
2025-07-29 02:31:12 -0500 :: hercules-login-1.hpc.msstate.edu :: Submitting gfs_ice_prod_f006
2025-07-29 02:31:12 -0500 :: hercules-login-1.hpc.msstate.edu :: Submitting gfs_ice_prod_f012
2025-07-29 02:31:12 -0500 :: hercules-login-1.hpc.msstate.edu :: Submitting gfs_atmos_prod_f000-f002
2025-07-29 02:31:12 -0500 :: hercules-login-1.hpc.msstate.edu :: Submitting gfs_atmos_prod_f003-f005
2025-07-29 02:31:12 -0500 :: hercules-login-1.hpc.msstate.edu :: Submitting gfs_atmos_prod_f006-f008
2025-07-29 02:31:12 -0500 :: hercules-login-1.hpc.msstate.edu :: Submitting gfs_atmos_prod_f009-f011
2025-07-29 02:31:12 -0500 :: hercules-login-1.hpc.msstate.edu :: Submitting gfs_wavepostsbs_f003-f005
2025-07-29 02:31:12 -0500 :: hercules-login-1.hpc.msstate.edu :: Submitting gfs_wavepostsbs_f006-f008
2025-07-29 02:31:12 -0500 :: hercules-login-1.hpc.msstate.edu :: Submitting gfs_wavepostsbs_f009-f011
2025-07-29 02:31:12 -0500 :: hercules-login-1.hpc.msstate.edu :: Submitting gfs_wavepostsbs_f012-f014
2025-07-29 02:31:12 -0500 :: hercules-login-1.hpc.msstate.edu :: Submitting gfs_wavepostsbs_f015-f017
2025-07-29 02:31:12 -0500 :: hercules-login-1.hpc.msstate.edu :: Submitting enkfgdas_ecen000
2025-07-29 02:31:12 -0500 :: hercules-login-1.hpc.msstate.edu :: Submitting enkfgdas_ecen001
2025-07-29 02:31:12 -0500 :: hercules-login-1.hpc.msstate.edu :: Submitting enkfgdas_ecen002
2025-07-29 02:31:12 -0500 :: hercules-login-1.hpc.msstate.edu :: Submitting enkfgdas_esfc
2025-07-29 02:31:12 -0500 :: hercules-login-1.hpc.msstate.edu :: Submission of gfs_ice_prod_f006 succeeded, jobid=5953196
2025-07-29 02:31:12 -0500 :: hercules-login-1.hpc.msstate.edu :: Submission of gfs_ice_prod_f012 succeeded, jobid=5953197
2025-07-29 02:31:12 -0500 :: hercules-login-1.hpc.msstate.edu :: Submission of gfs_atmos_prod_f000-f002 succeeded, jobid=5953198
2025-07-29 02:31:12 -0500 :: hercules-login-1.hpc.msstate.edu :: Submission of gfs_atmos_prod_f003-f005 succeeded, jobid=5953199
2025-07-29 02:31:12 -0500 :: hercules-login-1.hpc.msstate.edu :: Submission of gfs_atmos_prod_f006-f008 succeeded, jobid=5953200
2025-07-29 02:31:12 -0500 :: hercules-login-1.hpc.msstate.edu :: Submission of gfs_atmos_prod_f009-f011 succeeded, jobid=5953201
2025-07-29 02:31:12 -0500 :: hercules-login-1.hpc.msstate.edu :: Submission of gfs_wavepostsbs_f003-f005 succeeded, jobid=5953202
2025-07-29 02:31:12 -0500 :: hercules-login-1.hpc.msstate.edu :: Submission of gfs_wavepostsbs_f006-f008 succeeded, jobid=5953203
2025-07-29 02:31:12 -0500 :: hercules-login-1.hpc.msstate.edu :: Submission of gfs_wavepostsbs_f009-f011 succeeded, jobid=5953204
2025-07-29 02:31:12 -0500 :: hercules-login-1.hpc.msstate.edu :: Submission of gfs_wavepostsbs_f012-f014 succeeded, jobid=5953205
2025-07-29 02:31:12 -0500 :: hercules-login-1.hpc.msstate.edu :: Submission of gfs_wavepostsbs_f015-f017 succeeded, jobid=5953206
2025-07-29 02:31:12 -0500 :: hercules-login-1.hpc.msstate.edu :: Submission of enkfgdas_ecen000 succeeded, jobid=5953207
2025-07-29 02:31:12 -0500 :: hercules-login-1.hpc.msstate.edu :: Submission of enkfgdas_ecen001 succeeded, jobid=5953208
2025-07-29 02:31:12 -0500 :: hercules-login-1.hpc.msstate.edu :: Submission of enkfgdas_ecen002 succeeded, jobid=5953209
2025-07-29 02:31:12 -0500 :: hercules-login-1.hpc.msstate.edu :: Submission of enkfgdas_esfc succeeded, jobid=5953210
2025-07-29 02:37:15 -0500 :: hercules-login-1.hpc.msstate.edu :: Task gfs_fcst_seg0, jobid=5953115, in state RUNNING (RUNNING)
2025-07-29 02:37:15 -0500 :: hercules-login-1.hpc.msstate.edu :: Task gfs_ice_prod_f006, jobid=5953196, in state SUCCEEDED (COMPLETED), ran for 39.0 seconds, exit status=0, try=1 (of 2)
2025-07-29 02:37:15 -0500 :: hercules-login-1.hpc.msstate.edu :: Task gfs_ice_prod_f012, jobid=5953197, in state SUCCEEDED (COMPLETED), ran for 39.0 seconds, exit status=0, try=1 (of 2)
2025-07-29 02:37:15 -0500 :: hercules-login-1.hpc.msstate.edu :: Task gfs_atmos_prod_f000-f002, jobid=5953198, in state RUNNING (RUNNING)
2025-07-29 02:37:15 -0500 :: hercules-login-1.hpc.msstate.edu :: Task gfs_atmos_prod_f003-f005, jobid=5953199, in state RUNNING (RUNNING)
2025-07-29 02:37:15 -0500 :: hercules-login-1.hpc.msstate.edu :: Task gfs_atmos_prod_f006-f008, jobid=5953200, in state RUNNING (RUNNING)
2025-07-29 02:37:15 -0500 :: hercules-login-1.hpc.msstate.edu :: Task gfs_atmos_prod_f009-f011, jobid=5953201, in state RUNNING (RUNNING)
2025-07-29 02:37:15 -0500 :: hercules-login-1.hpc.msstate.edu :: Task gfs_wavepostsbs_f003-f005, jobid=5953202, in state SUCCEEDED (COMPLETED), ran for 73.0 seconds, exit status=0, try=1 (of 2)
2025-07-29 02:37:15 -0500 :: hercules-login-1.hpc.msstate.edu :: Task gfs_wavepostsbs_f006-f008, jobid=5953203, in state SUCCEEDED (COMPLETED), ran for 72.0 seconds, exit status=0, try=1 (of 2)
2025-07-29 02:37:16 -0500 :: hercules-login-1.hpc.msstate.edu :: Task gfs_wavepostsbs_f009-f011, jobid=5953204, in state SUCCEEDED (COMPLETED), ran for 73.0 seconds, exit status=0, try=1 (of 2)
2025-07-29 02:37:16 -0500 :: hercules-login-1.hpc.msstate.edu :: Task gfs_wavepostsbs_f012-f014, jobid=5953205, in state SUCCEEDED (COMPLETED), ran for 73.0 seconds, exit status=0, try=1 (of 2)
2025-07-29 02:37:16 -0500 :: hercules-login-1.hpc.msstate.edu :: Task gfs_wavepostsbs_f015-f017, jobid=5953206, in state SUCCEEDED (COMPLETED), ran for 74.0 seconds, exit status=0, try=1 (of 2)
2025-07-29 02:37:16 -0500 :: hercules-login-1.hpc.msstate.edu :: Task gdas_fcst_seg0, jobid=5953163, in state RUNNING (RUNNING)
2025-07-29 02:37:16 -0500 :: hercules-login-1.hpc.msstate.edu :: Task enkfgdas_ecen000, jobid=5953207, in state SUCCEEDED (COMPLETED), ran for 34.0 seconds, exit status=0, try=1 (of 2)
2025-07-29 02:37:16 -0500 :: hercules-login-1.hpc.msstate.edu :: Task enkfgdas_ecen001, jobid=5953208, in state SUCCEEDED (COMPLETED), ran for 39.0 seconds, exit status=0, try=1 (of 2)
2025-07-29 02:37:16 -0500 :: hercules-login-1.hpc.msstate.edu :: Task enkfgdas_ecen002, jobid=5953209, in state SUCCEEDED (COMPLETED), ran for 39.0 seconds, exit status=0, try=1 (of 2)
2025-07-29 02:37:16 -0500 :: hercules-login-1.hpc.msstate.edu :: Task enkfgdas_esfc, jobid=5953210, in state RUNNING (RUNNING)
2025-07-29 02:37:16 -0500 :: hercules-login-1.hpc.msstate.edu :: Submitting gfs_ocean_prod_f006
2025-07-29 02:37:16 -0500 :: hercules-login-1.hpc.msstate.edu :: Submitting gfs_ocean_prod_f012
2025-07-29 02:37:16 -0500 :: hercules-login-1.hpc.msstate.edu :: Submitting gfs_ice_prod_f018
2025-07-29 02:37:16 -0500 :: hercules-login-1.hpc.msstate.edu :: Submitting gfs_ice_prod_f024
2025-07-29 02:37:16 -0500 :: hercules-login-1.hpc.msstate.edu :: Submitting gfs_atmos_prod_f012-f014
2025-07-29 02:37:16 -0500 :: hercules-login-1.hpc.msstate.edu :: Submitting gfs_atmos_prod_f015-f017
2025-07-29 02:37:16 -0500 :: hercules-login-1.hpc.msstate.edu :: Submitting gfs_atmos_prod_f018-f020
2025-07-29 02:37:16 -0500 :: hercules-login-1.hpc.msstate.edu :: Submitting gfs_atmos_prod_f021-f023
2025-07-29 02:37:16 -0500 :: hercules-login-1.hpc.msstate.edu :: Submitting gfs_atmos_prod_f024-f026
2025-07-29 02:37:16 -0500 :: hercules-login-1.hpc.msstate.edu :: Submitting gfs_wavepostsbs_f018-f020
2025-07-29 02:37:16 -0500 :: hercules-login-1.hpc.msstate.edu :: Submitting gfs_wavepostsbs_f021-f023
2025-07-29 02:37:16 -0500 :: hercules-login-1.hpc.msstate.edu :: Submitting gfs_wavepostsbs_f024-f026
2025-07-29 02:37:16 -0500 :: hercules-login-1.hpc.msstate.edu :: Submitting gfs_wavepostsbs_f027-f029
2025-07-29 02:37:16 -0500 :: hercules-login-1.hpc.msstate.edu :: Submitting gfs_wavepostsbs_f030-f032
2025-07-29 02:37:16 -0500 :: hercules-login-1.hpc.msstate.edu :: Submitting gdas_atmanlupp
2025-07-29 02:37:16 -0500 :: hercules-login-1.hpc.msstate.edu :: Submitting gdas_atmos_prod_f000
2025-07-29 02:37:16 -0500 :: hercules-login-1.hpc.msstate.edu :: Submitting gdas_atmos_prod_f001
2025-07-29 02:37:16 -0500 :: hercules-login-1.hpc.msstate.edu :: Submitting gdas_atmos_prod_f002
2025-07-29 02:37:16 -0500 :: hercules-login-1.hpc.msstate.edu :: Cannot submit gdas_atmos_prod_f003, because maximum global task throttle of 25 will be violated.
2025-07-29 02:37:16 -0500 :: hercules-login-1.hpc.msstate.edu :: Cannot submit gdas_atmos_prod_f004, because maximum global task throttle of 25 will be violated.
2025-07-29 02:37:16 -0500 :: hercules-login-1.hpc.msstate.edu :: Cannot submit gdas_wavepostsbs_f000, because maximum global task throttle of 25 will be violated.
2025-07-29 02:37:16 -0500 :: hercules-login-1.hpc.msstate.edu :: Cannot submit gdas_wavepostsbs_f001, because maximum global task throttle of 25 will be violated.
2025-07-29 02:37:16 -0500 :: hercules-login-1.hpc.msstate.edu :: Cannot submit gdas_wavepostsbs_f002, because maximum global task throttle of 25 will be violated.
2025-07-29 02:37:16 -0500 :: hercules-login-1.hpc.msstate.edu :: Cannot submit gdas_wavepostsbs_f003, because maximum global task throttle of 25 will be violated.
2025-07-29 02:37:16 -0500 :: hercules-login-1.hpc.msstate.edu :: Cannot submit gdas_wavepostsbs_f004, because maximum global task throttle of 25 will be violated.
2025-07-29 02:37:16 -0500 :: hercules-login-1.hpc.msstate.edu :: Cannot submit gdas_wavepostsbs_f005, because maximum global task throttle of 25 will be violated.
2025-07-29 02:37:16 -0500 :: hercules-login-1.hpc.msstate.edu :: Cannot submit gdas_wavepostsbs_f006, because maximum global task throttle of 25 will be violated.
2025-07-29 02:37:16 -0500 :: hercules-login-1.hpc.msstate.edu :: Cannot submit gdas_wavepostsbs_f007, because maximum global task throttle of 25 will be violated.
2025-07-29 02:37:16 -0500 :: hercules-login-1.hpc.msstate.edu :: Cannot submit gdas_wavepostsbs_f008, because maximum global task throttle of 25 will be violated.
2025-07-29 02:37:16 -0500 :: hercules-login-1.hpc.msstate.edu :: Cannot submit gdas_wavepostsbs_f009, because maximum global task throttle of 25 will be violated.
2025-07-29 02:37:16 -0500 :: hercules-login-1.hpc.msstate.edu :: Cannot submit gdas_wavepostbndpnt, because maximum global task throttle of 25 will be violated.
2025-07-29 02:37:16 -0500 :: hercules-login-1.hpc.msstate.edu :: Cannot submit gdas_wavepostbndpntbll, because maximum global task throttle of 25 will be violated.
2025-07-29 02:37:16 -0500 :: hercules-login-1.hpc.msstate.edu :: Submission of gfs_ocean_prod_f006 succeeded, jobid=5953219
2025-07-29 02:37:16 -0500 :: hercules-login-1.hpc.msstate.edu :: Submission of gfs_ocean_prod_f012 succeeded, jobid=5953220
2025-07-29 02:37:16 -0500 :: hercules-login-1.hpc.msstate.edu :: Submission of gfs_ice_prod_f018 succeeded, jobid=5953221
2025-07-29 02:37:16 -0500 :: hercules-login-1.hpc.msstate.edu :: Submission of gfs_ice_prod_f024 succeeded, jobid=5953222
2025-07-29 02:37:16 -0500 :: hercules-login-1.hpc.msstate.edu :: Submission of gfs_atmos_prod_f012-f014 succeeded, jobid=5953223
2025-07-29 02:37:16 -0500 :: hercules-login-1.hpc.msstate.edu :: Submission of gfs_atmos_prod_f015-f017 succeeded, jobid=5953224
2025-07-29 02:37:16 -0500 :: hercules-login-1.hpc.msstate.edu :: Submission of gfs_atmos_prod_f018-f020 succeeded, jobid=5953225
2025-07-29 02:37:16 -0500 :: hercules-login-1.hpc.msstate.edu :: Submission of gfs_atmos_prod_f021-f023 succeeded, jobid=5953226
2025-07-29 02:37:16 -0500 :: hercules-login-1.hpc.msstate.edu :: Submission of gfs_atmos_prod_f024-f026 succeeded, jobid=5953227
2025-07-29 02:37:16 -0500 :: hercules-login-1.hpc.msstate.edu :: Submission of gfs_wavepostsbs_f018-f020 succeeded, jobid=5953228
2025-07-29 02:37:16 -0500 :: hercules-login-1.hpc.msstate.edu :: Submission of gfs_wavepostsbs_f021-f023 succeeded, jobid=5953229
2025-07-29 02:37:16 -0500 :: hercules-login-1.hpc.msstate.edu :: Submission of gfs_wavepostsbs_f024-f026 succeeded, jobid=5953230
2025-07-29 02:37:16 -0500 :: hercules-login-1.hpc.msstate.edu :: Submission of gfs_wavepostsbs_f027-f029 succeeded, jobid=5953231
2025-07-29 02:37:16 -0500 :: hercules-login-1.hpc.msstate.edu :: Submission of gfs_wavepostsbs_f030-f032 succeeded, jobid=5953232
2025-07-29 02:37:16 -0500 :: hercules-login-1.hpc.msstate.edu :: Submission of gdas_atmanlupp succeeded, jobid=5953233
2025-07-29 02:37:16 -0500 :: hercules-login-1.hpc.msstate.edu :: Submission of gdas_atmos_prod_f000 succeeded, jobid=5953234
2025-07-29 02:37:16 -0500 :: hercules-login-1.hpc.msstate.edu :: Submission of gdas_atmos_prod_f001 succeeded, jobid=5953235
2025-07-29 02:37:16 -0500 :: hercules-login-1.hpc.msstate.edu :: Submission of gdas_atmos_prod_f002 succeeded, jobid=5953236
2025-07-29 02:43:20 -0500 :: hercules-login-1.hpc.msstate.edu :: Task gfs_fcst_seg0, jobid=5953115, in state RUNNING (RUNNING)
2025-07-29 02:43:20 -0500 :: hercules-login-1.hpc.msstate.edu :: Task gfs_ocean_prod_f006, jobid=5953219, in state SUCCEEDED (COMPLETED), ran for 18.0 seconds, exit status=0, try=1 (of 2)
2025-07-29 02:43:20 -0500 :: hercules-login-1.hpc.msstate.edu :: Task gfs_ocean_prod_f012, jobid=5953220, in state SUCCEEDED (COMPLETED), ran for 19.0 seconds, exit status=0, try=1 (of 2)
2025-07-29 02:43:20 -0500 :: hercules-login-1.hpc.msstate.edu :: Task gfs_ice_prod_f018, jobid=5953221, in state SUCCEEDED (COMPLETED), ran for 19.0 seconds, exit status=0, try=1 (of 2)
2025-07-29 02:43:20 -0500 :: hercules-login-1.hpc.msstate.edu :: Task gfs_ice_prod_f024, jobid=5953222, in state SUCCEEDED (COMPLETED), ran for 19.0 seconds, exit status=0, try=1 (of 2)
2025-07-29 02:43:20 -0500 :: hercules-login-1.hpc.msstate.edu :: Task gfs_atmos_prod_f000-f002, jobid=5953198, in state SUCCEEDED (COMPLETED), ran for 271.0 seconds, exit status=0, try=1 (of 2)
2025-07-29 02:43:20 -0500 :: hercules-login-1.hpc.msstate.edu :: Task gfs_atmos_prod_f003-f005, jobid=5953199, in state SUCCEEDED (COMPLETED), ran for 265.0 seconds, exit status=0, try=1 (of 2)
2025-07-29 02:43:20 -0500 :: hercules-login-1.hpc.msstate.edu :: Task gfs_atmos_prod_f006-f008, jobid=5953200, in state SUCCEEDED (COMPLETED), ran for 272.0 seconds, exit status=0, try=1 (of 2)
2025-07-29 02:43:20 -0500 :: hercules-login-1.hpc.msstate.edu :: Task gfs_atmos_prod_f009-f011, jobid=5953201, in state SUCCEEDED (COMPLETED), ran for 274.0 seconds, exit status=0, try=1 (of 2)
2025-07-29 02:43:20 -0500 :: hercules-login-1.hpc.msstate.edu :: Task gfs_atmos_prod_f012-f014, jobid=5953223, in state RUNNING (RUNNING)
2025-07-29 02:43:20 -0500 :: hercules-login-1.hpc.msstate.edu :: Task gfs_atmos_prod_f015-f017, jobid=5953224, in state RUNNING (RUNNING)
2025-07-29 02:43:20 -0500 :: hercules-login-1.hpc.msstate.edu :: Task gfs_atmos_prod_f018-f020, jobid=5953225, in state RUNNING (RUNNING)
2025-07-29 02:43:20 -0500 :: hercules-login-1.hpc.msstate.edu :: Task gfs_atmos_prod_f021-f023, jobid=5953226, in state RUNNING (RUNNING)
2025-07-29 02:43:20 -0500 :: hercules-login-1.hpc.msstate.edu :: Task gfs_atmos_prod_f024-f026, jobid=5953227, in state RUNNING (RUNNING)
2025-07-29 02:43:20 -0500 :: hercules-login-1.hpc.msstate.edu :: Task gfs_wavepostsbs_f018-f020, jobid=5953228, in state SUCCEEDED (COMPLETED), ran for 72.0 seconds, exit status=0, try=1 (of 2)
2025-07-29 02:43:20 -0500 :: hercules-login-1.hpc.msstate.edu :: Task gfs_wavepostsbs_f021-f023, jobid=5953229, in state SUCCEEDED (COMPLETED), ran for 72.0 seconds, exit status=0, try=1 (of 2)
2025-07-29 02:43:20 -0500 :: hercules-login-1.hpc.msstate.edu :: Task gfs_wavepostsbs_f024-f026, jobid=5953230, in state SUCCEEDED (COMPLETED), ran for 71.0 seconds, exit status=0, try=1 (of 2)
2025-07-29 02:43:20 -0500 :: hercules-login-1.hpc.msstate.edu :: Task gfs_wavepostsbs_f027-f029, jobid=5953231, in state SUCCEEDED (COMPLETED), ran for 72.0 seconds, exit status=0, try=1 (of 2)
2025-07-29 02:43:20 -0500 :: hercules-login-1.hpc.msstate.edu :: Task gfs_wavepostsbs_f030-f032, jobid=5953232, in state SUCCEEDED (COMPLETED), ran for 73.0 seconds, exit status=0, try=1 (of 2)
2025-07-29 02:43:20 -0500 :: hercules-login-1.hpc.msstate.edu :: Task gdas_atmanlupp, jobid=5953233, in state SUCCEEDED (COMPLETED), ran for 27.0 seconds, exit status=0, try=1 (of 2)
2025-07-29 02:43:20 -0500 :: hercules-login-1.hpc.msstate.edu :: Task gdas_fcst_seg0, jobid=5953163, in state SUCCEEDED (COMPLETED), ran for 475.0 seconds, exit status=0, try=1 (of 2)
2025-07-29 02:43:20 -0500 :: hercules-login-1.hpc.msstate.edu :: Task gdas_atmos_prod_f000, jobid=5953234, in state SUCCEEDED (COMPLETED), ran for 65.0 seconds, exit status=0, try=1 (of 2)
2025-07-29 02:43:20 -0500 :: hercules-login-1.hpc.msstate.edu :: Task gdas_atmos_prod_f001, jobid=5953235, in state SUCCEEDED (COMPLETED), ran for 66.0 seconds, exit status=0, try=1 (of 2)
2025-07-29 02:43:20 -0500 :: hercules-login-1.hpc.msstate.edu :: Task gdas_atmos_prod_f002, jobid=5953236, in state SUCCEEDED (COMPLETED), ran for 66.0 seconds, exit status=0, try=1 (of 2)
2025-07-29 02:43:20 -0500 :: hercules-login-1.hpc.msstate.edu :: Task enkfgdas_esfc, jobid=5953210, in state SUCCEEDED (COMPLETED), ran for 143.0 seconds, exit status=0, try=1 (of 2)
2025-07-29 02:43:20 -0500 :: hercules-login-1.hpc.msstate.edu :: Submitting gfs_ocean_prod_f018
2025-07-29 02:43:20 -0500 :: hercules-login-1.hpc.msstate.edu :: Submitting gfs_ocean_prod_f024
2025-07-29 02:43:20 -0500 :: hercules-login-1.hpc.msstate.edu :: Submitting gfs_ice_prod_f030
2025-07-29 02:43:20 -0500 :: hercules-login-1.hpc.msstate.edu :: Submitting gfs_ice_prod_f036
2025-07-29 02:43:20 -0500 :: hercules-login-1.hpc.msstate.edu :: Submitting gfs_atmos_prod_f027-f029
2025-07-29 02:43:20 -0500 :: hercules-login-1.hpc.msstate.edu :: Submitting gfs_atmos_prod_f030-f032
2025-07-29 02:43:20 -0500 :: hercules-login-1.hpc.msstate.edu :: Submitting gfs_atmos_prod_f033-f035
2025-07-29 02:43:20 -0500 :: hercules-login-1.hpc.msstate.edu :: Submitting gfs_atmos_prod_f036-f038
2025-07-29 02:43:20 -0500 :: hercules-login-1.hpc.msstate.edu :: Submitting gfs_wavepostsbs_f033-f035
2025-07-29 02:43:20 -0500 :: hercules-login-1.hpc.msstate.edu :: Submitting gfs_wavepostsbs_f036-f038
2025-07-29 02:43:20 -0500 :: hercules-login-1.hpc.msstate.edu :: Submitting gfs_wavepostsbs_f039-f041
2025-07-29 02:43:20 -0500 :: hercules-login-1.hpc.msstate.edu :: Submitting gfs_wavepostsbs_f042-f044
2025-07-29 02:43:20 -0500 :: hercules-login-1.hpc.msstate.edu :: Submitting gdas_atmanlprod
2025-07-29 02:43:20 -0500 :: hercules-login-1.hpc.msstate.edu :: Submitting gdas_atmos_prod_f003
2025-07-29 02:43:20 -0500 :: hercules-login-1.hpc.msstate.edu :: Submitting gdas_atmos_prod_f004
2025-07-29 02:43:20 -0500 :: hercules-login-1.hpc.msstate.edu :: Submitting gdas_atmos_prod_f005
2025-07-29 02:43:20 -0500 :: hercules-login-1.hpc.msstate.edu :: Submitting gdas_atmos_prod_f006
2025-07-29 02:43:20 -0500 :: hercules-login-1.hpc.msstate.edu :: Submitting gdas_atmos_prod_f007
2025-07-29 02:43:20 -0500 :: hercules-login-1.hpc.msstate.edu :: Submitting gdas_atmos_prod_f008
2025-07-29 02:43:20 -0500 :: hercules-login-1.hpc.msstate.edu :: Cannot submit gdas_atmos_prod_f009, because maximum global task throttle of 25 will be violated.
2025-07-29 02:43:20 -0500 :: hercules-login-1.hpc.msstate.edu :: Cannot submit gdas_wavepostsbs_f000, because maximum global task throttle of 25 will be violated.
2025-07-29 02:43:20 -0500 :: hercules-login-1.hpc.msstate.edu :: Cannot submit gdas_wavepostsbs_f001, because maximum global task throttle of 25 will be violated.
2025-07-29 02:43:20 -0500 :: hercules-login-1.hpc.msstate.edu :: Cannot submit gdas_wavepostsbs_f002, because maximum global task throttle of 25 will be violated.
2025-07-29 02:43:20 -0500 :: hercules-login-1.hpc.msstate.edu :: Cannot submit gdas_wavepostsbs_f003, because maximum global task throttle of 25 will be violated.
2025-07-29 02:43:20 -0500 :: hercules-login-1.hpc.msstate.edu :: Cannot submit gdas_wavepostsbs_f004, because maximum global task throttle of 25 will be violated.
2025-07-29 02:43:20 -0500 :: hercules-login-1.hpc.msstate.edu :: Cannot submit gdas_wavepostsbs_f005, because maximum global task throttle of 25 will be violated.
2025-07-29 02:43:20 -0500 :: hercules-login-1.hpc.msstate.edu :: Cannot submit gdas_wavepostsbs_f006, because maximum global task throttle of 25 will be violated.
2025-07-29 02:43:20 -0500 :: hercules-login-1.hpc.msstate.edu :: Cannot submit gdas_wavepostsbs_f007, because maximum global task throttle of 25 will be violated.
2025-07-29 02:43:20 -0500 :: hercules-login-1.hpc.msstate.edu :: Cannot submit gdas_wavepostsbs_f008, because maximum global task throttle of 25 will be violated.
2025-07-29 02:43:20 -0500 :: hercules-login-1.hpc.msstate.edu :: Cannot submit gdas_wavepostsbs_f009, because maximum global task throttle of 25 will be violated.
2025-07-29 02:43:20 -0500 :: hercules-login-1.hpc.msstate.edu :: Cannot submit gdas_wavepostbndpnt, because maximum global task throttle of 25 will be violated.
2025-07-29 02:43:20 -0500 :: hercules-login-1.hpc.msstate.edu :: Cannot submit gdas_wavepostbndpntbll, because maximum global task throttle of 25 will be violated.
2025-07-29 02:43:20 -0500 :: hercules-login-1.hpc.msstate.edu :: Cannot submit gdas_wavepostpnt, because maximum global task throttle of 25 will be violated.
2025-07-29 02:43:20 -0500 :: hercules-login-1.hpc.msstate.edu :: Cannot submit enkfgdas_fcst_mem001, because maximum global task throttle of 25 will be violated.
2025-07-29 02:43:20 -0500 :: hercules-login-1.hpc.msstate.edu :: Cannot submit enkfgdas_fcst_mem002, because maximum global task throttle of 25 will be violated.
2025-07-29 02:43:20 -0500 :: hercules-login-1.hpc.msstate.edu :: Submission of gfs_ocean_prod_f018 succeeded, jobid=5953257
2025-07-29 02:43:20 -0500 :: hercules-login-1.hpc.msstate.edu :: Submission of gfs_ocean_prod_f024 succeeded, jobid=5953258
2025-07-29 02:43:20 -0500 :: hercules-login-1.hpc.msstate.edu :: Submission of gfs_ice_prod_f030 succeeded, jobid=5953259
2025-07-29 02:43:20 -0500 :: hercules-login-1.hpc.msstate.edu :: Submission of gfs_ice_prod_f036 succeeded, jobid=5953260
2025-07-29 02:43:20 -0500 :: hercules-login-1.hpc.msstate.edu :: Submission of gfs_atmos_prod_f027-f029 succeeded, jobid=5953261
2025-07-29 02:43:20 -0500 :: hercules-login-1.hpc.msstate.edu :: Submission of gfs_atmos_prod_f030-f032 succeeded, jobid=5953262
2025-07-29 02:43:20 -0500 :: hercules-login-1.hpc.msstate.edu :: Submission of gfs_atmos_prod_f033-f035 succeeded, jobid=5953263
2025-07-29 02:43:20 -0500 :: hercules-login-1.hpc.msstate.edu :: Submission of gfs_atmos_prod_f036-f038 succeeded, jobid=5953264
2025-07-29 02:43:20 -0500 :: hercules-login-1.hpc.msstate.edu :: Submission of gfs_wavepostsbs_f033-f035 succeeded, jobid=5953265
2025-07-29 02:43:20 -0500 :: hercules-login-1.hpc.msstate.edu :: Submission of gfs_wavepostsbs_f036-f038 succeeded, jobid=5953266
2025-07-29 02:43:20 -0500 :: hercules-login-1.hpc.msstate.edu :: Submission of gfs_wavepostsbs_f039-f041 succeeded, jobid=5953267
2025-07-29 02:43:20 -0500 :: hercules-login-1.hpc.msstate.edu :: Submission of gfs_wavepostsbs_f042-f044 succeeded, jobid=5953268
2025-07-29 02:43:20 -0500 :: hercules-login-1.hpc.msstate.edu :: Submission of gdas_atmanlprod succeeded, jobid=5953269
2025-07-29 02:43:20 -0500 :: hercules-login-1.hpc.msstate.edu :: Submission of gdas_atmos_prod_f003 succeeded, jobid=5953270
2025-07-29 02:43:20 -0500 :: hercules-login-1.hpc.msstate.edu :: Submission of gdas_atmos_prod_f004 succeeded, jobid=5953271
2025-07-29 02:43:20 -0500 :: hercules-login-1.hpc.msstate.edu :: Submission of gdas_atmos_prod_f005 succeeded, jobid=5953272
2025-07-29 02:43:20 -0500 :: hercules-login-1.hpc.msstate.edu :: Submission of gdas_atmos_prod_f006 succeeded, jobid=5953273
2025-07-29 02:43:20 -0500 :: hercules-login-1.hpc.msstate.edu :: Submission of gdas_atmos_prod_f007 succeeded, jobid=5953274
2025-07-29 02:43:20 -0500 :: hercules-login-1.hpc.msstate.edu :: Submission of gdas_atmos_prod_f008 succeeded, jobid=5953275
