2025-07-28 14:48:24 -0500 :: hercules-login-1.hpc.msstate.edu :: Submitting gdas_stage_ic
2025-07-28 14:48:24 -0500 :: hercules-login-1.hpc.msstate.edu :: Submitting enkfgdas_stage_ic
2025-07-28 14:48:24 -0500 :: hercules-login-1.hpc.msstate.edu :: Submission status of gdas_stage_ic is pending at druby://130.18.14.151:45363
2025-07-28 14:48:24 -0500 :: hercules-login-1.hpc.msstate.edu :: Submission status of enkfgdas_stage_ic is pending at druby://130.18.14.151:45363
2025-07-28 14:48:34 -0500 :: hercules-login-1.hpc.msstate.edu :: Submission status of previously pending gdas_stage_ic is success, jobid=5950264
2025-07-28 14:48:34 -0500 :: hercules-login-1.hpc.msstate.edu :: Submission status of previously pending enkfgdas_stage_ic is success, jobid=5950266
2025-07-28 14:48:34 -0500 :: hercules-login-1.hpc.msstate.edu :: Task gdas_stage_ic, jobid=5950264, in state RUNNING (RUNNING)
2025-07-28 14:48:34 -0500 :: hercules-login-1.hpc.msstate.edu :: Task enkfgdas_stage_ic, jobid=5950266, in state RUNNING (RUNNING)
2025-07-28 14:54:37 -0500 :: hercules-login-1.hpc.msstate.edu :: Task gdas_stage_ic, jobid=5950264, in state SUCCEEDED (COMPLETED), ran for 39.0 seconds, exit status=0, try=1 (of 2)
2025-07-28 14:54:37 -0500 :: hercules-login-1.hpc.msstate.edu :: Task enkfgdas_stage_ic, jobid=5950266, in state SUCCEEDED (COMPLETED), ran for 18.0 seconds, exit status=0, try=1 (of 2)
2025-07-28 14:54:37 -0500 :: hercules-login-1.hpc.msstate.edu :: Submitting gdas_fcst_seg0
2025-07-28 14:54:37 -0500 :: hercules-login-1.hpc.msstate.edu :: Submitting enkfgdas_fcst_mem001
2025-07-28 14:54:37 -0500 :: hercules-login-1.hpc.msstate.edu :: Submitting enkfgdas_fcst_mem002
2025-07-28 14:54:37 -0500 :: hercules-login-1.hpc.msstate.edu :: Submission of gdas_fcst_seg0 succeeded, jobid=5950282
2025-07-28 14:54:37 -0500 :: hercules-login-1.hpc.msstate.edu :: Submission of enkfgdas_fcst_mem001 succeeded, jobid=5950283
2025-07-28 14:54:37 -0500 :: hercules-login-1.hpc.msstate.edu :: Submission status of enkfgdas_fcst_mem002 is pending at druby://130.18.14.151:36939
2025-07-28 15:00:40 -0500 :: hercules-login-1.hpc.msstate.edu :: Submission status of previously pending enkfgdas_fcst_mem002 is success, jobid=5950284
2025-07-28 15:00:40 -0500 :: hercules-login-1.hpc.msstate.edu :: Task gdas_fcst_seg0, jobid=5950282, in state RUNNING (RUNNING)
2025-07-28 15:00:40 -0500 :: hercules-login-1.hpc.msstate.edu :: Task enkfgdas_fcst_mem001, jobid=5950283, in state QUEUED (PENDING)
2025-07-28 15:00:40 -0500 :: hercules-login-1.hpc.msstate.edu :: Task enkfgdas_fcst_mem002, jobid=5950284, in state QUEUED (PENDING)
2025-07-28 15:06:42 -0500 :: hercules-login-1.hpc.msstate.edu :: Task gdas_fcst_seg0, jobid=5950282, in state SUCCEEDED (COMPLETED), ran for 316.0 seconds, exit status=0, try=1 (of 2)
2025-07-28 15:06:42 -0500 :: hercules-login-1.hpc.msstate.edu :: Task enkfgdas_fcst_mem001, jobid=5950283, in state RUNNING (RUNNING)
2025-07-28 15:06:42 -0500 :: hercules-login-1.hpc.msstate.edu :: Task enkfgdas_fcst_mem002, jobid=5950284, in state RUNNING (RUNNING)
2025-07-28 15:06:42 -0500 :: hercules-login-1.hpc.msstate.edu :: Submitting gdas_atmos_prod_f000
2025-07-28 15:06:42 -0500 :: hercules-login-1.hpc.msstate.edu :: Submitting gdas_atmos_prod_f001
2025-07-28 15:06:42 -0500 :: hercules-login-1.hpc.msstate.edu :: Submitting gdas_atmos_prod_f002
2025-07-28 15:06:42 -0500 :: hercules-login-1.hpc.msstate.edu :: Submitting gdas_atmos_prod_f003
2025-07-28 15:06:42 -0500 :: hercules-login-1.hpc.msstate.edu :: Submitting gdas_atmos_prod_f004
2025-07-28 15:06:42 -0500 :: hercules-login-1.hpc.msstate.edu :: Submitting gdas_atmos_prod_f005
2025-07-28 15:06:42 -0500 :: hercules-login-1.hpc.msstate.edu :: Submitting gdas_atmos_prod_f006
2025-07-28 15:06:42 -0500 :: hercules-login-1.hpc.msstate.edu :: Submitting gdas_atmos_prod_f007
2025-07-28 15:06:42 -0500 :: hercules-login-1.hpc.msstate.edu :: Submitting gdas_atmos_prod_f008
2025-07-28 15:06:42 -0500 :: hercules-login-1.hpc.msstate.edu :: Submitting gdas_atmos_prod_f009
2025-07-28 15:06:42 -0500 :: hercules-login-1.hpc.msstate.edu :: Submission of gdas_atmos_prod_f000 succeeded, jobid=5950316
2025-07-28 15:06:42 -0500 :: hercules-login-1.hpc.msstate.edu :: Submission of gdas_atmos_prod_f001 succeeded, jobid=5950317
2025-07-28 15:06:42 -0500 :: hercules-login-1.hpc.msstate.edu :: Submission of gdas_atmos_prod_f002 succeeded, jobid=5950318
2025-07-28 15:06:42 -0500 :: hercules-login-1.hpc.msstate.edu :: Submission of gdas_atmos_prod_f003 succeeded, jobid=5950319
2025-07-28 15:06:42 -0500 :: hercules-login-1.hpc.msstate.edu :: Submission of gdas_atmos_prod_f004 succeeded, jobid=5950320
2025-07-28 15:06:42 -0500 :: hercules-login-1.hpc.msstate.edu :: Submission of gdas_atmos_prod_f005 succeeded, jobid=5950321
2025-07-28 15:06:42 -0500 :: hercules-login-1.hpc.msstate.edu :: Submission of gdas_atmos_prod_f006 succeeded, jobid=5950322
2025-07-28 15:06:42 -0500 :: hercules-login-1.hpc.msstate.edu :: Submission of gdas_atmos_prod_f007 succeeded, jobid=5950323
2025-07-28 15:06:42 -0500 :: hercules-login-1.hpc.msstate.edu :: Submission of gdas_atmos_prod_f008 succeeded, jobid=5950324
2025-07-28 15:06:42 -0500 :: hercules-login-1.hpc.msstate.edu :: Submission of gdas_atmos_prod_f009 succeeded, jobid=5950325
2025-07-28 15:12:45 -0500 :: hercules-login-1.hpc.msstate.edu :: Task gdas_atmos_prod_f000, jobid=5950316, in state QUEUED (PENDING)
2025-07-28 15:12:45 -0500 :: hercules-login-1.hpc.msstate.edu :: Task gdas_atmos_prod_f001, jobid=5950317, in state QUEUED (PENDING)
2025-07-28 15:12:45 -0500 :: hercules-login-1.hpc.msstate.edu :: Task gdas_atmos_prod_f002, jobid=5950318, in state QUEUED (PENDING)
2025-07-28 15:12:45 -0500 :: hercules-login-1.hpc.msstate.edu :: Task gdas_atmos_prod_f003, jobid=5950319, in state QUEUED (PENDING)
2025-07-28 15:12:45 -0500 :: hercules-login-1.hpc.msstate.edu :: Task gdas_atmos_prod_f004, jobid=5950320, in state QUEUED (PENDING)
2025-07-28 15:12:45 -0500 :: hercules-login-1.hpc.msstate.edu :: Task gdas_atmos_prod_f005, jobid=5950321, in state QUEUED (PENDING)
2025-07-28 15:12:45 -0500 :: hercules-login-1.hpc.msstate.edu :: Task gdas_atmos_prod_f006, jobid=5950322, in state QUEUED (PENDING)
2025-07-28 15:12:45 -0500 :: hercules-login-1.hpc.msstate.edu :: Task gdas_atmos_prod_f007, jobid=5950323, in state QUEUED (PENDING)
2025-07-28 15:12:45 -0500 :: hercules-login-1.hpc.msstate.edu :: Task gdas_atmos_prod_f008, jobid=5950324, in state QUEUED (PENDING)
2025-07-28 15:12:45 -0500 :: hercules-login-1.hpc.msstate.edu :: Task gdas_atmos_prod_f009, jobid=5950325, in state QUEUED (PENDING)
2025-07-28 15:12:45 -0500 :: hercules-login-1.hpc.msstate.edu :: Task enkfgdas_fcst_mem001, jobid=5950283, in state SUCCEEDED (COMPLETED), ran for 322.0 seconds, exit status=0, try=1 (of 2)
2025-07-28 15:12:45 -0500 :: hercules-login-1.hpc.msstate.edu :: Task enkfgdas_fcst_mem002, jobid=5950284, in state SUCCEEDED (COMPLETED), ran for 289.0 seconds, exit status=0, try=1 (of 2)
2025-07-28 15:12:45 -0500 :: hercules-login-1.hpc.msstate.edu :: Submitting enkfgdas_echgres
2025-07-28 15:12:45 -0500 :: hercules-login-1.hpc.msstate.edu :: Submitting enkfgdas_epos000
2025-07-28 15:12:45 -0500 :: hercules-login-1.hpc.msstate.edu :: Submitting enkfgdas_epos001
2025-07-28 15:12:45 -0500 :: hercules-login-1.hpc.msstate.edu :: Submitting enkfgdas_epos002
2025-07-28 15:12:45 -0500 :: hercules-login-1.hpc.msstate.edu :: Submitting enkfgdas_epos003
2025-07-28 15:12:45 -0500 :: hercules-login-1.hpc.msstate.edu :: Submitting enkfgdas_epos004
2025-07-28 15:12:45 -0500 :: hercules-login-1.hpc.msstate.edu :: Submitting enkfgdas_epos005
2025-07-28 15:12:45 -0500 :: hercules-login-1.hpc.msstate.edu :: Submitting enkfgdas_epos006
2025-07-28 15:12:45 -0500 :: hercules-login-1.hpc.msstate.edu :: Submission of enkfgdas_echgres succeeded, jobid=5950363
2025-07-28 15:12:45 -0500 :: hercules-login-1.hpc.msstate.edu :: Submission of enkfgdas_epos000 succeeded, jobid=5950364
2025-07-28 15:12:45 -0500 :: hercules-login-1.hpc.msstate.edu :: Submission of enkfgdas_epos001 succeeded, jobid=5950365
2025-07-28 15:12:45 -0500 :: hercules-login-1.hpc.msstate.edu :: Submission of enkfgdas_epos002 succeeded, jobid=5950366
2025-07-28 15:12:45 -0500 :: hercules-login-1.hpc.msstate.edu :: Submission of enkfgdas_epos003 succeeded, jobid=5950367
2025-07-28 15:12:45 -0500 :: hercules-login-1.hpc.msstate.edu :: Submission of enkfgdas_epos004 succeeded, jobid=5950368
2025-07-28 15:12:45 -0500 :: hercules-login-1.hpc.msstate.edu :: Submission of enkfgdas_epos005 succeeded, jobid=5950369
2025-07-28 15:12:45 -0500 :: hercules-login-1.hpc.msstate.edu :: Submission of enkfgdas_epos006 succeeded, jobid=5950370
2025-07-28 15:18:48 -0500 :: hercules-login-1.hpc.msstate.edu :: Task gdas_atmos_prod_f000, jobid=5950316, in state SUCCEEDED (COMPLETED), ran for 63.0 seconds, exit status=0, try=1 (of 2)
2025-07-28 15:18:48 -0500 :: hercules-login-1.hpc.msstate.edu :: Task gdas_atmos_prod_f001, jobid=5950317, in state SUCCEEDED (COMPLETED), ran for 67.0 seconds, exit status=0, try=1 (of 2)
2025-07-28 15:18:48 -0500 :: hercules-login-1.hpc.msstate.edu :: Task gdas_atmos_prod_f002, jobid=5950318, in state SUCCEEDED (COMPLETED), ran for 66.0 seconds, exit status=0, try=1 (of 2)
2025-07-28 15:18:48 -0500 :: hercules-login-1.hpc.msstate.edu :: Task gdas_atmos_prod_f003, jobid=5950319, in state SUCCEEDED (COMPLETED), ran for 58.0 seconds, exit status=0, try=1 (of 2)
2025-07-28 15:18:48 -0500 :: hercules-login-1.hpc.msstate.edu :: Task gdas_atmos_prod_f004, jobid=5950320, in state SUCCEEDED (COMPLETED), ran for 61.0 seconds, exit status=0, try=1 (of 2)
2025-07-28 15:18:48 -0500 :: hercules-login-1.hpc.msstate.edu :: Task gdas_atmos_prod_f005, jobid=5950321, in state SUCCEEDED (COMPLETED), ran for 58.0 seconds, exit status=0, try=1 (of 2)
2025-07-28 15:18:48 -0500 :: hercules-login-1.hpc.msstate.edu :: Task gdas_atmos_prod_f006, jobid=5950322, in state SUCCEEDED (COMPLETED), ran for 58.0 seconds, exit status=0, try=1 (of 2)
2025-07-28 15:18:48 -0500 :: hercules-login-1.hpc.msstate.edu :: Task gdas_atmos_prod_f007, jobid=5950323, in state SUCCEEDED (COMPLETED), ran for 57.0 seconds, exit status=0, try=1 (of 2)
2025-07-28 15:18:48 -0500 :: hercules-login-1.hpc.msstate.edu :: Task gdas_atmos_prod_f008, jobid=5950324, in state RUNNING (RUNNING)
2025-07-28 15:18:48 -0500 :: hercules-login-1.hpc.msstate.edu :: Task gdas_atmos_prod_f009, jobid=5950325, in state RUNNING (RUNNING)
2025-07-28 15:18:48 -0500 :: hercules-login-1.hpc.msstate.edu :: Task enkfgdas_echgres, jobid=5950363, in state SUCCEEDED (COMPLETED), ran for 31.0 seconds, exit status=0, try=1 (of 2)
2025-07-28 15:18:48 -0500 :: hercules-login-1.hpc.msstate.edu :: Task enkfgdas_epos000, jobid=5950364, in state QUEUED (PENDING)
2025-07-28 15:18:48 -0500 :: hercules-login-1.hpc.msstate.edu :: Task enkfgdas_epos001, jobid=5950365, in state QUEUED (PENDING)
2025-07-28 15:18:48 -0500 :: hercules-login-1.hpc.msstate.edu :: Task enkfgdas_epos002, jobid=5950366, in state QUEUED (PENDING)
2025-07-28 15:18:48 -0500 :: hercules-login-1.hpc.msstate.edu :: Task enkfgdas_epos003, jobid=5950367, in state QUEUED (PENDING)
2025-07-28 15:18:48 -0500 :: hercules-login-1.hpc.msstate.edu :: Task enkfgdas_epos004, jobid=5950368, in state QUEUED (PENDING)
2025-07-28 15:18:48 -0500 :: hercules-login-1.hpc.msstate.edu :: Task enkfgdas_epos005, jobid=5950369, in state QUEUED (PENDING)
2025-07-28 15:18:48 -0500 :: hercules-login-1.hpc.msstate.edu :: Task enkfgdas_epos006, jobid=5950370, in state QUEUED (PENDING)
2025-07-28 15:24:51 -0500 :: hercules-login-1.hpc.msstate.edu :: Task gdas_atmos_prod_f008, jobid=5950324, in state SUCCEEDED (COMPLETED), ran for 67.0 seconds, exit status=0, try=1 (of 2)
2025-07-28 15:24:51 -0500 :: hercules-login-1.hpc.msstate.edu :: Task gdas_atmos_prod_f009, jobid=5950325, in state SUCCEEDED (COMPLETED), ran for 64.0 seconds, exit status=0, try=1 (of 2)
2025-07-28 15:24:51 -0500 :: hercules-login-1.hpc.msstate.edu :: Task enkfgdas_epos000, jobid=5950364, in state QUEUED (PENDING)
2025-07-28 15:24:51 -0500 :: hercules-login-1.hpc.msstate.edu :: Task enkfgdas_epos001, jobid=5950365, in state QUEUED (PENDING)
2025-07-28 15:24:51 -0500 :: hercules-login-1.hpc.msstate.edu :: Task enkfgdas_epos002, jobid=5950366, in state QUEUED (PENDING)
2025-07-28 15:24:51 -0500 :: hercules-login-1.hpc.msstate.edu :: Task enkfgdas_epos003, jobid=5950367, in state QUEUED (PENDING)
2025-07-28 15:24:51 -0500 :: hercules-login-1.hpc.msstate.edu :: Task enkfgdas_epos004, jobid=5950368, in state QUEUED (PENDING)
2025-07-28 15:24:51 -0500 :: hercules-login-1.hpc.msstate.edu :: Task enkfgdas_epos005, jobid=5950369, in state QUEUED (PENDING)
2025-07-28 15:24:51 -0500 :: hercules-login-1.hpc.msstate.edu :: Task enkfgdas_epos006, jobid=5950370, in state QUEUED (PENDING)
2025-07-28 15:30:53 -0500 :: hercules-login-1.hpc.msstate.edu :: Task enkfgdas_epos000, jobid=5950364, in state QUEUED (PENDING)
2025-07-28 15:30:53 -0500 :: hercules-login-1.hpc.msstate.edu :: Task enkfgdas_epos001, jobid=5950365, in state QUEUED (PENDING)
2025-07-28 15:30:53 -0500 :: hercules-login-1.hpc.msstate.edu :: Task enkfgdas_epos002, jobid=5950366, in state QUEUED (PENDING)
2025-07-28 15:30:53 -0500 :: hercules-login-1.hpc.msstate.edu :: Task enkfgdas_epos003, jobid=5950367, in state QUEUED (PENDING)
2025-07-28 15:30:53 -0500 :: hercules-login-1.hpc.msstate.edu :: Task enkfgdas_epos004, jobid=5950368, in state QUEUED (PENDING)
2025-07-28 15:30:53 -0500 :: hercules-login-1.hpc.msstate.edu :: Task enkfgdas_epos005, jobid=5950369, in state QUEUED (PENDING)
2025-07-28 15:30:53 -0500 :: hercules-login-1.hpc.msstate.edu :: Task enkfgdas_epos006, jobid=5950370, in state QUEUED (PENDING)
2025-07-28 15:36:56 -0500 :: hercules-login-1.hpc.msstate.edu :: Task enkfgdas_epos000, jobid=5950364, in state QUEUED (PENDING)
2025-07-28 15:36:56 -0500 :: hercules-login-1.hpc.msstate.edu :: Task enkfgdas_epos001, jobid=5950365, in state QUEUED (PENDING)
2025-07-28 15:36:56 -0500 :: hercules-login-1.hpc.msstate.edu :: Task enkfgdas_epos002, jobid=5950366, in state QUEUED (PENDING)
2025-07-28 15:36:56 -0500 :: hercules-login-1.hpc.msstate.edu :: Task enkfgdas_epos003, jobid=5950367, in state QUEUED (PENDING)
2025-07-28 15:36:56 -0500 :: hercules-login-1.hpc.msstate.edu :: Task enkfgdas_epos004, jobid=5950368, in state QUEUED (PENDING)
2025-07-28 15:36:56 -0500 :: hercules-login-1.hpc.msstate.edu :: Task enkfgdas_epos005, jobid=5950369, in state QUEUED (PENDING)
2025-07-28 15:36:56 -0500 :: hercules-login-1.hpc.msstate.edu :: Task enkfgdas_epos006, jobid=5950370, in state QUEUED (PENDING)
2025-07-28 15:42:58 -0500 :: hercules-login-1.hpc.msstate.edu :: Task enkfgdas_epos000, jobid=5950364, in state QUEUED (PENDING)
2025-07-28 15:42:58 -0500 :: hercules-login-1.hpc.msstate.edu :: Task enkfgdas_epos001, jobid=5950365, in state QUEUED (PENDING)
2025-07-28 15:42:58 -0500 :: hercules-login-1.hpc.msstate.edu :: Task enkfgdas_epos002, jobid=5950366, in state QUEUED (PENDING)
2025-07-28 15:42:58 -0500 :: hercules-login-1.hpc.msstate.edu :: Task enkfgdas_epos003, jobid=5950367, in state QUEUED (PENDING)
2025-07-28 15:42:58 -0500 :: hercules-login-1.hpc.msstate.edu :: Task enkfgdas_epos004, jobid=5950368, in state QUEUED (PENDING)
2025-07-28 15:42:58 -0500 :: hercules-login-1.hpc.msstate.edu :: Task enkfgdas_epos005, jobid=5950369, in state QUEUED (PENDING)
2025-07-28 15:42:58 -0500 :: hercules-login-1.hpc.msstate.edu :: Task enkfgdas_epos006, jobid=5950370, in state QUEUED (PENDING)
2025-07-28 15:49:01 -0500 :: hercules-login-1.hpc.msstate.edu :: Task enkfgdas_epos000, jobid=5950364, in state SUCCEEDED (COMPLETED), ran for 40.0 seconds, exit status=0, try=1 (of 2)
2025-07-28 15:49:01 -0500 :: hercules-login-1.hpc.msstate.edu :: Task enkfgdas_epos001, jobid=5950365, in state SUCCEEDED (COMPLETED), ran for 40.0 seconds, exit status=0, try=1 (of 2)
2025-07-28 15:49:01 -0500 :: hercules-login-1.hpc.msstate.edu :: Task enkfgdas_epos002, jobid=5950366, in state SUCCEEDED (COMPLETED), ran for 37.0 seconds, exit status=0, try=1 (of 2)
2025-07-28 15:49:01 -0500 :: hercules-login-1.hpc.msstate.edu :: Task enkfgdas_epos003, jobid=5950367, in state QUEUED (PENDING)
2025-07-28 15:49:01 -0500 :: hercules-login-1.hpc.msstate.edu :: Task enkfgdas_epos004, jobid=5950368, in state QUEUED (PENDING)
2025-07-28 15:49:01 -0500 :: hercules-login-1.hpc.msstate.edu :: Task enkfgdas_epos005, jobid=5950369, in state QUEUED (PENDING)
2025-07-28 15:49:01 -0500 :: hercules-login-1.hpc.msstate.edu :: Task enkfgdas_epos006, jobid=5950370, in state QUEUED (PENDING)
2025-07-28 15:55:04 -0500 :: hercules-login-1.hpc.msstate.edu :: Task enkfgdas_epos003, jobid=5950367, in state QUEUED (PENDING)
2025-07-28 15:55:04 -0500 :: hercules-login-1.hpc.msstate.edu :: Task enkfgdas_epos004, jobid=5950368, in state QUEUED (PENDING)
2025-07-28 15:55:04 -0500 :: hercules-login-1.hpc.msstate.edu :: Task enkfgdas_epos005, jobid=5950369, in state QUEUED (PENDING)
2025-07-28 15:55:04 -0500 :: hercules-login-1.hpc.msstate.edu :: Task enkfgdas_epos006, jobid=5950370, in state QUEUED (PENDING)
2025-07-28 16:01:06 -0500 :: hercules-login-1.hpc.msstate.edu :: Task enkfgdas_epos003, jobid=5950367, in state QUEUED (PENDING)
2025-07-28 16:01:06 -0500 :: hercules-login-1.hpc.msstate.edu :: Task enkfgdas_epos004, jobid=5950368, in state QUEUED (PENDING)
2025-07-28 16:01:06 -0500 :: hercules-login-1.hpc.msstate.edu :: Task enkfgdas_epos005, jobid=5950369, in state QUEUED (PENDING)
2025-07-28 16:01:06 -0500 :: hercules-login-1.hpc.msstate.edu :: Task enkfgdas_epos006, jobid=5950370, in state QUEUED (PENDING)
2025-07-28 16:07:09 -0500 :: hercules-login-1.hpc.msstate.edu :: Task enkfgdas_epos003, jobid=5950367, in state QUEUED (PENDING)
2025-07-28 16:07:09 -0500 :: hercules-login-1.hpc.msstate.edu :: Task enkfgdas_epos004, jobid=5950368, in state QUEUED (PENDING)
2025-07-28 16:07:09 -0500 :: hercules-login-1.hpc.msstate.edu :: Task enkfgdas_epos005, jobid=5950369, in state QUEUED (PENDING)
2025-07-28 16:07:09 -0500 :: hercules-login-1.hpc.msstate.edu :: Task enkfgdas_epos006, jobid=5950370, in state QUEUED (PENDING)
2025-07-28 16:13:11 -0500 :: hercules-login-1.hpc.msstate.edu :: Task enkfgdas_epos003, jobid=5950367, in state QUEUED (PENDING)
2025-07-28 16:13:11 -0500 :: hercules-login-1.hpc.msstate.edu :: Task enkfgdas_epos004, jobid=5950368, in state QUEUED (PENDING)
2025-07-28 16:13:11 -0500 :: hercules-login-1.hpc.msstate.edu :: Task enkfgdas_epos005, jobid=5950369, in state QUEUED (PENDING)
2025-07-28 16:13:11 -0500 :: hercules-login-1.hpc.msstate.edu :: Task enkfgdas_epos006, jobid=5950370, in state QUEUED (PENDING)
2025-07-28 16:19:14 -0500 :: hercules-login-1.hpc.msstate.edu :: Task enkfgdas_epos003, jobid=5950367, in state QUEUED (PENDING)
2025-07-28 16:19:14 -0500 :: hercules-login-1.hpc.msstate.edu :: Task enkfgdas_epos004, jobid=5950368, in state QUEUED (PENDING)
2025-07-28 16:19:14 -0500 :: hercules-login-1.hpc.msstate.edu :: Task enkfgdas_epos005, jobid=5950369, in state QUEUED (PENDING)
2025-07-28 16:19:14 -0500 :: hercules-login-1.hpc.msstate.edu :: Task enkfgdas_epos006, jobid=5950370, in state QUEUED (PENDING)
2025-07-28 16:25:16 -0500 :: hercules-login-1.hpc.msstate.edu :: Task enkfgdas_epos003, jobid=5950367, in state QUEUED (PENDING)
2025-07-28 16:25:16 -0500 :: hercules-login-1.hpc.msstate.edu :: Task enkfgdas_epos004, jobid=5950368, in state QUEUED (PENDING)
2025-07-28 16:25:16 -0500 :: hercules-login-1.hpc.msstate.edu :: Task enkfgdas_epos005, jobid=5950369, in state QUEUED (PENDING)
2025-07-28 16:25:16 -0500 :: hercules-login-1.hpc.msstate.edu :: Task enkfgdas_epos006, jobid=5950370, in state QUEUED (PENDING)
2025-07-28 16:31:19 -0500 :: hercules-login-1.hpc.msstate.edu :: Task enkfgdas_epos003, jobid=5950367, in state SUCCEEDED (COMPLETED), ran for 37.0 seconds, exit status=0, try=1 (of 2)
2025-07-28 16:31:19 -0500 :: hercules-login-1.hpc.msstate.edu :: Task enkfgdas_epos004, jobid=5950368, in state SUCCEEDED (COMPLETED), ran for 37.0 seconds, exit status=0, try=1 (of 2)
2025-07-28 16:31:19 -0500 :: hercules-login-1.hpc.msstate.edu :: Task enkfgdas_epos005, jobid=5950369, in state SUCCEEDED (COMPLETED), ran for 38.0 seconds, exit status=0, try=1 (of 2)
2025-07-28 16:31:19 -0500 :: hercules-login-1.hpc.msstate.edu :: Task enkfgdas_epos006, jobid=5950370, in state SUCCEEDED (COMPLETED), ran for 39.0 seconds, exit status=0, try=1 (of 2)
2025-07-28 16:31:19 -0500 :: hercules-login-1.hpc.msstate.edu :: This cycle is complete: Success
