2025-07-28 14:48:24 -0500 :: hercules-login-1.hpc.msstate.edu :: Submitting gdas_waveinit
2025-07-28 14:48:24 -0500 :: hercules-login-1.hpc.msstate.edu :: Submitting gdas_stage_ic
2025-07-28 14:48:24 -0500 :: hercules-login-1.hpc.msstate.edu :: Submission of gdas_waveinit succeeded, jobid=5950274
2025-07-28 14:48:24 -0500 :: hercules-login-1.hpc.msstate.edu :: Submission of gdas_stage_ic succeeded, jobid=5950275
2025-07-28 14:48:35 -0500 :: hercules-login-1.hpc.msstate.edu :: Task gdas_waveinit, jobid=5950274, in state QUEUED (PENDING)
2025-07-28 14:48:35 -0500 :: hercules-login-1.hpc.msstate.edu :: Task gdas_stage_ic, jobid=5950275, in state RUNNING (RUNNING)
2025-07-28 14:54:38 -0500 :: hercules-login-1.hpc.msstate.edu :: Task gdas_waveinit, jobid=5950274, in state QUEUED (PENDING)
2025-07-28 14:54:38 -0500 :: hercules-login-1.hpc.msstate.edu :: Task gdas_stage_ic, jobid=5950275, in state SUCCEEDED (COMPLETED), ran for 39.0 seconds, exit status=0, try=1 (of 2)
2025-07-28 14:54:38 -0500 :: hercules-login-1.hpc.msstate.edu :: Submitting gdas_fcst_seg0
2025-07-28 14:54:38 -0500 :: hercules-login-1.hpc.msstate.edu :: Submission of gdas_fcst_seg0 succeeded, jobid=5950293
2025-07-28 15:00:41 -0500 :: hercules-login-1.hpc.msstate.edu :: Task gdas_waveinit, jobid=5950274, in state SUCCEEDED (COMPLETED), ran for 36.0 seconds, exit status=0, try=1 (of 2)
2025-07-28 15:00:41 -0500 :: hercules-login-1.hpc.msstate.edu :: Task gdas_fcst_seg0, jobid=5950293, in state QUEUED (PENDING)
2025-07-28 15:06:44 -0500 :: hercules-login-1.hpc.msstate.edu :: Task gdas_fcst_seg0, jobid=5950293, in state RUNNING (RUNNING)
2025-07-28 15:12:47 -0500 :: hercules-login-1.hpc.msstate.edu :: Task gdas_fcst_seg0, jobid=5950293, in state SUCCEEDED (COMPLETED), ran for 266.0 seconds, exit status=0, try=1 (of 2)
2025-07-28 15:12:47 -0500 :: hercules-login-1.hpc.msstate.edu :: Submitting gdas_atmos_prod_f000
2025-07-28 15:12:47 -0500 :: hercules-login-1.hpc.msstate.edu :: Submitting gdas_atmos_prod_f003
2025-07-28 15:12:47 -0500 :: hercules-login-1.hpc.msstate.edu :: Submitting gdas_atmos_prod_f006
2025-07-28 15:12:47 -0500 :: hercules-login-1.hpc.msstate.edu :: Submitting gdas_atmos_prod_f009
2025-07-28 15:12:47 -0500 :: hercules-login-1.hpc.msstate.edu :: Submission of gdas_atmos_prod_f000 succeeded, jobid=5950383
2025-07-28 15:12:47 -0500 :: hercules-login-1.hpc.msstate.edu :: Submission of gdas_atmos_prod_f003 succeeded, jobid=5950384
2025-07-28 15:12:47 -0500 :: hercules-login-1.hpc.msstate.edu :: Submission of gdas_atmos_prod_f006 succeeded, jobid=5950385
2025-07-28 15:12:47 -0500 :: hercules-login-1.hpc.msstate.edu :: Submission of gdas_atmos_prod_f009 succeeded, jobid=5950386
2025-07-28 15:18:50 -0500 :: hercules-login-1.hpc.msstate.edu :: Task gdas_atmos_prod_f000, jobid=5950383, in state QUEUED (PENDING)
2025-07-28 15:18:50 -0500 :: hercules-login-1.hpc.msstate.edu :: Task gdas_atmos_prod_f003, jobid=5950384, in state QUEUED (PENDING)
2025-07-28 15:18:50 -0500 :: hercules-login-1.hpc.msstate.edu :: Task gdas_atmos_prod_f006, jobid=5950385, in state QUEUED (PENDING)
2025-07-28 15:18:50 -0500 :: hercules-login-1.hpc.msstate.edu :: Task gdas_atmos_prod_f009, jobid=5950386, in state QUEUED (PENDING)
2025-07-28 15:24:53 -0500 :: hercules-login-1.hpc.msstate.edu :: Task gdas_atmos_prod_f000, jobid=5950383, in state QUEUED (PENDING)
2025-07-28 15:24:53 -0500 :: hercules-login-1.hpc.msstate.edu :: Task gdas_atmos_prod_f003, jobid=5950384, in state QUEUED (PENDING)
2025-07-28 15:24:53 -0500 :: hercules-login-1.hpc.msstate.edu :: Task gdas_atmos_prod_f006, jobid=5950385, in state QUEUED (PENDING)
2025-07-28 15:24:53 -0500 :: hercules-login-1.hpc.msstate.edu :: Task gdas_atmos_prod_f009, jobid=5950386, in state QUEUED (PENDING)
2025-07-28 15:30:56 -0500 :: hercules-login-1.hpc.msstate.edu :: Task gdas_atmos_prod_f000, jobid=5950383, in state QUEUED (PENDING)
2025-07-28 15:30:56 -0500 :: hercules-login-1.hpc.msstate.edu :: Task gdas_atmos_prod_f003, jobid=5950384, in state QUEUED (PENDING)
2025-07-28 15:30:56 -0500 :: hercules-login-1.hpc.msstate.edu :: Task gdas_atmos_prod_f006, jobid=5950385, in state QUEUED (PENDING)
2025-07-28 15:30:56 -0500 :: hercules-login-1.hpc.msstate.edu :: Task gdas_atmos_prod_f009, jobid=5950386, in state QUEUED (PENDING)
2025-07-28 15:36:59 -0500 :: hercules-login-1.hpc.msstate.edu :: Task gdas_atmos_prod_f000, jobid=5950383, in state QUEUED (PENDING)
2025-07-28 15:36:59 -0500 :: hercules-login-1.hpc.msstate.edu :: Task gdas_atmos_prod_f003, jobid=5950384, in state QUEUED (PENDING)
2025-07-28 15:36:59 -0500 :: hercules-login-1.hpc.msstate.edu :: Task gdas_atmos_prod_f006, jobid=5950385, in state QUEUED (PENDING)
2025-07-28 15:36:59 -0500 :: hercules-login-1.hpc.msstate.edu :: Task gdas_atmos_prod_f009, jobid=5950386, in state QUEUED (PENDING)
2025-07-28 15:43:02 -0500 :: hercules-login-1.hpc.msstate.edu :: Task gdas_atmos_prod_f000, jobid=5950383, in state QUEUED (PENDING)
2025-07-28 15:43:02 -0500 :: hercules-login-1.hpc.msstate.edu :: Task gdas_atmos_prod_f003, jobid=5950384, in state QUEUED (PENDING)
2025-07-28 15:43:02 -0500 :: hercules-login-1.hpc.msstate.edu :: Task gdas_atmos_prod_f006, jobid=5950385, in state QUEUED (PENDING)
2025-07-28 15:43:02 -0500 :: hercules-login-1.hpc.msstate.edu :: Task gdas_atmos_prod_f009, jobid=5950386, in state QUEUED (PENDING)
2025-07-28 15:49:05 -0500 :: hercules-login-1.hpc.msstate.edu :: Task gdas_atmos_prod_f000, jobid=5950383, in state QUEUED (PENDING)
2025-07-28 15:49:05 -0500 :: hercules-login-1.hpc.msstate.edu :: Task gdas_atmos_prod_f003, jobid=5950384, in state QUEUED (PENDING)
2025-07-28 15:49:05 -0500 :: hercules-login-1.hpc.msstate.edu :: Task gdas_atmos_prod_f006, jobid=5950385, in state QUEUED (PENDING)
2025-07-28 15:49:05 -0500 :: hercules-login-1.hpc.msstate.edu :: Task gdas_atmos_prod_f009, jobid=5950386, in state QUEUED (PENDING)
2025-07-28 15:55:08 -0500 :: hercules-login-1.hpc.msstate.edu :: Task gdas_atmos_prod_f000, jobid=5950383, in state QUEUED (PENDING)
2025-07-28 15:55:08 -0500 :: hercules-login-1.hpc.msstate.edu :: Task gdas_atmos_prod_f003, jobid=5950384, in state QUEUED (PENDING)
2025-07-28 15:55:08 -0500 :: hercules-login-1.hpc.msstate.edu :: Task gdas_atmos_prod_f006, jobid=5950385, in state QUEUED (PENDING)
2025-07-28 15:55:08 -0500 :: hercules-login-1.hpc.msstate.edu :: Task gdas_atmos_prod_f009, jobid=5950386, in state QUEUED (PENDING)
2025-07-28 16:01:11 -0500 :: hercules-login-1.hpc.msstate.edu :: Task gdas_atmos_prod_f000, jobid=5950383, in state QUEUED (PENDING)
2025-07-28 16:01:11 -0500 :: hercules-login-1.hpc.msstate.edu :: Task gdas_atmos_prod_f003, jobid=5950384, in state QUEUED (PENDING)
2025-07-28 16:01:11 -0500 :: hercules-login-1.hpc.msstate.edu :: Task gdas_atmos_prod_f006, jobid=5950385, in state QUEUED (PENDING)
2025-07-28 16:01:11 -0500 :: hercules-login-1.hpc.msstate.edu :: Task gdas_atmos_prod_f009, jobid=5950386, in state QUEUED (PENDING)
2025-07-28 16:07:14 -0500 :: hercules-login-1.hpc.msstate.edu :: Task gdas_atmos_prod_f000, jobid=5950383, in state QUEUED (PENDING)
2025-07-28 16:07:14 -0500 :: hercules-login-1.hpc.msstate.edu :: Task gdas_atmos_prod_f003, jobid=5950384, in state QUEUED (PENDING)
2025-07-28 16:07:14 -0500 :: hercules-login-1.hpc.msstate.edu :: Task gdas_atmos_prod_f006, jobid=5950385, in state QUEUED (PENDING)
2025-07-28 16:07:14 -0500 :: hercules-login-1.hpc.msstate.edu :: Task gdas_atmos_prod_f009, jobid=5950386, in state QUEUED (PENDING)
2025-07-28 16:13:17 -0500 :: hercules-login-1.hpc.msstate.edu :: Task gdas_atmos_prod_f000, jobid=5950383, in state QUEUED (PENDING)
2025-07-28 16:13:17 -0500 :: hercules-login-1.hpc.msstate.edu :: Task gdas_atmos_prod_f003, jobid=5950384, in state QUEUED (PENDING)
2025-07-28 16:13:17 -0500 :: hercules-login-1.hpc.msstate.edu :: Task gdas_atmos_prod_f006, jobid=5950385, in state QUEUED (PENDING)
2025-07-28 16:13:17 -0500 :: hercules-login-1.hpc.msstate.edu :: Task gdas_atmos_prod_f009, jobid=5950386, in state QUEUED (PENDING)
2025-07-28 16:19:20 -0500 :: hercules-login-1.hpc.msstate.edu :: Task gdas_atmos_prod_f000, jobid=5950383, in state QUEUED (PENDING)
2025-07-28 16:19:20 -0500 :: hercules-login-1.hpc.msstate.edu :: Task gdas_atmos_prod_f003, jobid=5950384, in state QUEUED (PENDING)
2025-07-28 16:19:20 -0500 :: hercules-login-1.hpc.msstate.edu :: Task gdas_atmos_prod_f006, jobid=5950385, in state QUEUED (PENDING)
2025-07-28 16:19:20 -0500 :: hercules-login-1.hpc.msstate.edu :: Task gdas_atmos_prod_f009, jobid=5950386, in state QUEUED (PENDING)
2025-07-28 16:25:23 -0500 :: hercules-login-1.hpc.msstate.edu :: Task gdas_atmos_prod_f000, jobid=5950383, in state QUEUED (PENDING)
2025-07-28 16:25:23 -0500 :: hercules-login-1.hpc.msstate.edu :: Task gdas_atmos_prod_f003, jobid=5950384, in state QUEUED (PENDING)
2025-07-28 16:25:23 -0500 :: hercules-login-1.hpc.msstate.edu :: Task gdas_atmos_prod_f006, jobid=5950385, in state QUEUED (PENDING)
2025-07-28 16:25:23 -0500 :: hercules-login-1.hpc.msstate.edu :: Task gdas_atmos_prod_f009, jobid=5950386, in state QUEUED (PENDING)
2025-07-28 16:31:26 -0500 :: hercules-login-1.hpc.msstate.edu :: Task gdas_atmos_prod_f000, jobid=5950383, in state QUEUED (PENDING)
2025-07-28 16:31:26 -0500 :: hercules-login-1.hpc.msstate.edu :: Task gdas_atmos_prod_f003, jobid=5950384, in state QUEUED (PENDING)
2025-07-28 16:31:26 -0500 :: hercules-login-1.hpc.msstate.edu :: Task gdas_atmos_prod_f006, jobid=5950385, in state QUEUED (PENDING)
2025-07-28 16:31:26 -0500 :: hercules-login-1.hpc.msstate.edu :: Task gdas_atmos_prod_f009, jobid=5950386, in state QUEUED (PENDING)
2025-07-28 16:37:29 -0500 :: hercules-login-1.hpc.msstate.edu :: Task gdas_atmos_prod_f000, jobid=5950383, in state QUEUED (PENDING)
2025-07-28 16:37:29 -0500 :: hercules-login-1.hpc.msstate.edu :: Task gdas_atmos_prod_f003, jobid=5950384, in state QUEUED (PENDING)
2025-07-28 16:37:29 -0500 :: hercules-login-1.hpc.msstate.edu :: Task gdas_atmos_prod_f006, jobid=5950385, in state QUEUED (PENDING)
2025-07-28 16:37:29 -0500 :: hercules-login-1.hpc.msstate.edu :: Task gdas_atmos_prod_f009, jobid=5950386, in state QUEUED (PENDING)
2025-07-28 16:43:32 -0500 :: hercules-login-1.hpc.msstate.edu :: Task gdas_atmos_prod_f000, jobid=5950383, in state QUEUED (PENDING)
2025-07-28 16:43:32 -0500 :: hercules-login-1.hpc.msstate.edu :: Task gdas_atmos_prod_f003, jobid=5950384, in state QUEUED (PENDING)
2025-07-28 16:43:32 -0500 :: hercules-login-1.hpc.msstate.edu :: Task gdas_atmos_prod_f006, jobid=5950385, in state QUEUED (PENDING)
2025-07-28 16:43:32 -0500 :: hercules-login-1.hpc.msstate.edu :: Task gdas_atmos_prod_f009, jobid=5950386, in state QUEUED (PENDING)
2025-07-28 16:49:35 -0500 :: hercules-login-1.hpc.msstate.edu :: Task gdas_atmos_prod_f000, jobid=5950383, in state QUEUED (PENDING)
2025-07-28 16:49:35 -0500 :: hercules-login-1.hpc.msstate.edu :: Task gdas_atmos_prod_f003, jobid=5950384, in state QUEUED (PENDING)
2025-07-28 16:49:35 -0500 :: hercules-login-1.hpc.msstate.edu :: Task gdas_atmos_prod_f006, jobid=5950385, in state QUEUED (PENDING)
2025-07-28 16:49:35 -0500 :: hercules-login-1.hpc.msstate.edu :: Task gdas_atmos_prod_f009, jobid=5950386, in state QUEUED (PENDING)
2025-07-28 16:55:38 -0500 :: hercules-login-1.hpc.msstate.edu :: Task gdas_atmos_prod_f000, jobid=5950383, in state QUEUED (PENDING)
2025-07-28 16:55:38 -0500 :: hercules-login-1.hpc.msstate.edu :: Task gdas_atmos_prod_f003, jobid=5950384, in state QUEUED (PENDING)
2025-07-28 16:55:38 -0500 :: hercules-login-1.hpc.msstate.edu :: Task gdas_atmos_prod_f006, jobid=5950385, in state QUEUED (PENDING)
2025-07-28 16:55:38 -0500 :: hercules-login-1.hpc.msstate.edu :: Task gdas_atmos_prod_f009, jobid=5950386, in state QUEUED (PENDING)
2025-07-28 17:01:41 -0500 :: hercules-login-1.hpc.msstate.edu :: Task gdas_atmos_prod_f000, jobid=5950383, in state QUEUED (PENDING)
2025-07-28 17:01:41 -0500 :: hercules-login-1.hpc.msstate.edu :: Task gdas_atmos_prod_f003, jobid=5950384, in state QUEUED (PENDING)
2025-07-28 17:01:41 -0500 :: hercules-login-1.hpc.msstate.edu :: Task gdas_atmos_prod_f006, jobid=5950385, in state QUEUED (PENDING)
2025-07-28 17:01:41 -0500 :: hercules-login-1.hpc.msstate.edu :: Task gdas_atmos_prod_f009, jobid=5950386, in state QUEUED (PENDING)
2025-07-28 17:07:44 -0500 :: hercules-login-1.hpc.msstate.edu :: Task gdas_atmos_prod_f000, jobid=5950383, in state QUEUED (PENDING)
2025-07-28 17:07:44 -0500 :: hercules-login-1.hpc.msstate.edu :: Task gdas_atmos_prod_f003, jobid=5950384, in state QUEUED (PENDING)
2025-07-28 17:07:44 -0500 :: hercules-login-1.hpc.msstate.edu :: Task gdas_atmos_prod_f006, jobid=5950385, in state QUEUED (PENDING)
2025-07-28 17:07:44 -0500 :: hercules-login-1.hpc.msstate.edu :: Task gdas_atmos_prod_f009, jobid=5950386, in state QUEUED (PENDING)
2025-07-28 17:13:47 -0500 :: hercules-login-1.hpc.msstate.edu :: Task gdas_atmos_prod_f000, jobid=5950383, in state QUEUED (PENDING)
2025-07-28 17:13:47 -0500 :: hercules-login-1.hpc.msstate.edu :: Task gdas_atmos_prod_f003, jobid=5950384, in state QUEUED (PENDING)
2025-07-28 17:13:47 -0500 :: hercules-login-1.hpc.msstate.edu :: Task gdas_atmos_prod_f006, jobid=5950385, in state QUEUED (PENDING)
2025-07-28 17:13:47 -0500 :: hercules-login-1.hpc.msstate.edu :: Task gdas_atmos_prod_f009, jobid=5950386, in state QUEUED (PENDING)
2025-07-28 17:19:50 -0500 :: hercules-login-1.hpc.msstate.edu :: Task gdas_atmos_prod_f000, jobid=5950383, in state QUEUED (PENDING)
2025-07-28 17:19:50 -0500 :: hercules-login-1.hpc.msstate.edu :: Task gdas_atmos_prod_f003, jobid=5950384, in state QUEUED (PENDING)
2025-07-28 17:19:50 -0500 :: hercules-login-1.hpc.msstate.edu :: Task gdas_atmos_prod_f006, jobid=5950385, in state QUEUED (PENDING)
2025-07-28 17:19:50 -0500 :: hercules-login-1.hpc.msstate.edu :: Task gdas_atmos_prod_f009, jobid=5950386, in state QUEUED (PENDING)
2025-07-28 17:25:53 -0500 :: hercules-login-1.hpc.msstate.edu :: Task gdas_atmos_prod_f000, jobid=5950383, in state QUEUED (PENDING)
2025-07-28 17:25:53 -0500 :: hercules-login-1.hpc.msstate.edu :: Task gdas_atmos_prod_f003, jobid=5950384, in state QUEUED (PENDING)
2025-07-28 17:25:53 -0500 :: hercules-login-1.hpc.msstate.edu :: Task gdas_atmos_prod_f006, jobid=5950385, in state QUEUED (PENDING)
2025-07-28 17:25:53 -0500 :: hercules-login-1.hpc.msstate.edu :: Task gdas_atmos_prod_f009, jobid=5950386, in state QUEUED (PENDING)
2025-07-28 17:31:56 -0500 :: hercules-login-1.hpc.msstate.edu :: Task gdas_atmos_prod_f000, jobid=5950383, in state QUEUED (PENDING)
2025-07-28 17:31:56 -0500 :: hercules-login-1.hpc.msstate.edu :: Task gdas_atmos_prod_f003, jobid=5950384, in state QUEUED (PENDING)
2025-07-28 17:31:56 -0500 :: hercules-login-1.hpc.msstate.edu :: Task gdas_atmos_prod_f006, jobid=5950385, in state QUEUED (PENDING)
2025-07-28 17:31:56 -0500 :: hercules-login-1.hpc.msstate.edu :: Task gdas_atmos_prod_f009, jobid=5950386, in state QUEUED (PENDING)
2025-07-28 17:37:59 -0500 :: hercules-login-1.hpc.msstate.edu :: Task gdas_atmos_prod_f000, jobid=5950383, in state QUEUED (PENDING)
2025-07-28 17:37:59 -0500 :: hercules-login-1.hpc.msstate.edu :: Task gdas_atmos_prod_f003, jobid=5950384, in state QUEUED (PENDING)
2025-07-28 17:37:59 -0500 :: hercules-login-1.hpc.msstate.edu :: Task gdas_atmos_prod_f006, jobid=5950385, in state QUEUED (PENDING)
2025-07-28 17:37:59 -0500 :: hercules-login-1.hpc.msstate.edu :: Task gdas_atmos_prod_f009, jobid=5950386, in state QUEUED (PENDING)
2025-07-28 17:44:02 -0500 :: hercules-login-1.hpc.msstate.edu :: Task gdas_atmos_prod_f000, jobid=5950383, in state QUEUED (PENDING)
2025-07-28 17:44:02 -0500 :: hercules-login-1.hpc.msstate.edu :: Task gdas_atmos_prod_f003, jobid=5950384, in state QUEUED (PENDING)
2025-07-28 17:44:02 -0500 :: hercules-login-1.hpc.msstate.edu :: Task gdas_atmos_prod_f006, jobid=5950385, in state QUEUED (PENDING)
2025-07-28 17:44:02 -0500 :: hercules-login-1.hpc.msstate.edu :: Task gdas_atmos_prod_f009, jobid=5950386, in state QUEUED (PENDING)
2025-07-28 17:50:05 -0500 :: hercules-login-1.hpc.msstate.edu :: Task gdas_atmos_prod_f000, jobid=5950383, in state QUEUED (PENDING)
2025-07-28 17:50:05 -0500 :: hercules-login-1.hpc.msstate.edu :: Task gdas_atmos_prod_f003, jobid=5950384, in state QUEUED (PENDING)
2025-07-28 17:50:05 -0500 :: hercules-login-1.hpc.msstate.edu :: Task gdas_atmos_prod_f006, jobid=5950385, in state QUEUED (PENDING)
2025-07-28 17:50:05 -0500 :: hercules-login-1.hpc.msstate.edu :: Task gdas_atmos_prod_f009, jobid=5950386, in state QUEUED (PENDING)
2025-07-28 17:56:08 -0500 :: hercules-login-1.hpc.msstate.edu :: Task gdas_atmos_prod_f000, jobid=5950383, in state SUCCEEDED (COMPLETED), ran for 65.0 seconds, exit status=0, try=1 (of 2)
2025-07-28 17:56:08 -0500 :: hercules-login-1.hpc.msstate.edu :: Task gdas_atmos_prod_f003, jobid=5950384, in state QUEUED (PENDING)
2025-07-28 17:56:08 -0500 :: hercules-login-1.hpc.msstate.edu :: Task gdas_atmos_prod_f006, jobid=5950385, in state QUEUED (PENDING)
2025-07-28 17:56:08 -0500 :: hercules-login-1.hpc.msstate.edu :: Task gdas_atmos_prod_f009, jobid=5950386, in state QUEUED (PENDING)
2025-07-28 18:02:11 -0500 :: hercules-login-1.hpc.msstate.edu :: Task gdas_atmos_prod_f003, jobid=5950384, in state QUEUED (PENDING)
2025-07-28 18:02:11 -0500 :: hercules-login-1.hpc.msstate.edu :: Task gdas_atmos_prod_f006, jobid=5950385, in state QUEUED (PENDING)
2025-07-28 18:02:11 -0500 :: hercules-login-1.hpc.msstate.edu :: Task gdas_atmos_prod_f009, jobid=5950386, in state QUEUED (PENDING)
2025-07-28 18:08:14 -0500 :: hercules-login-1.hpc.msstate.edu :: Task gdas_atmos_prod_f003, jobid=5950384, in state QUEUED (PENDING)
2025-07-28 18:08:14 -0500 :: hercules-login-1.hpc.msstate.edu :: Task gdas_atmos_prod_f006, jobid=5950385, in state QUEUED (PENDING)
2025-07-28 18:08:14 -0500 :: hercules-login-1.hpc.msstate.edu :: Task gdas_atmos_prod_f009, jobid=5950386, in state QUEUED (PENDING)
2025-07-28 18:14:17 -0500 :: hercules-login-1.hpc.msstate.edu :: Task gdas_atmos_prod_f003, jobid=5950384, in state SUCCEEDED (COMPLETED), ran for 66.0 seconds, exit status=0, try=1 (of 2)
2025-07-28 18:14:17 -0500 :: hercules-login-1.hpc.msstate.edu :: Task gdas_atmos_prod_f006, jobid=5950385, in state QUEUED (PENDING)
2025-07-28 18:14:17 -0500 :: hercules-login-1.hpc.msstate.edu :: Task gdas_atmos_prod_f009, jobid=5950386, in state QUEUED (PENDING)
2025-07-28 18:20:20 -0500 :: hercules-login-1.hpc.msstate.edu :: Task gdas_atmos_prod_f006, jobid=5950385, in state QUEUED (PENDING)
2025-07-28 18:20:20 -0500 :: hercules-login-1.hpc.msstate.edu :: Task gdas_atmos_prod_f009, jobid=5950386, in state QUEUED (PENDING)
2025-07-28 18:26:23 -0500 :: hercules-login-1.hpc.msstate.edu :: Task gdas_atmos_prod_f006, jobid=5950385, in state QUEUED (PENDING)
2025-07-28 18:26:23 -0500 :: hercules-login-1.hpc.msstate.edu :: Task gdas_atmos_prod_f009, jobid=5950386, in state QUEUED (PENDING)
2025-07-28 18:32:26 -0500 :: hercules-login-1.hpc.msstate.edu :: Task gdas_atmos_prod_f006, jobid=5950385, in state QUEUED (PENDING)
2025-07-28 18:32:26 -0500 :: hercules-login-1.hpc.msstate.edu :: Task gdas_atmos_prod_f009, jobid=5950386, in state QUEUED (PENDING)
2025-07-28 18:38:29 -0500 :: hercules-login-1.hpc.msstate.edu :: Task gdas_atmos_prod_f006, jobid=5950385, in state SUCCEEDED (COMPLETED), ran for 66.0 seconds, exit status=0, try=1 (of 2)
2025-07-28 18:38:29 -0500 :: hercules-login-1.hpc.msstate.edu :: Task gdas_atmos_prod_f009, jobid=5950386, in state SUCCEEDED (COMPLETED), ran for 67.0 seconds, exit status=0, try=1 (of 2)
2025-07-28 18:38:29 -0500 :: hercules-login-1.hpc.msstate.edu :: This cycle is complete: Success
