2025-07-28 14:48:24 -0500 :: hercules-login-1.hpc.msstate.edu :: Submitting gdas_stage_ic
2025-07-28 14:48:24 -0500 :: hercules-login-1.hpc.msstate.edu :: Submitting enkfgdas_stage_ic
2025-07-28 14:48:24 -0500 :: hercules-login-1.hpc.msstate.edu :: Submission of gdas_stage_ic succeeded, jobid=5950269
2025-07-28 14:48:24 -0500 :: hercules-login-1.hpc.msstate.edu :: Submission of enkfgdas_stage_ic succeeded, jobid=5950270
2025-07-28 14:48:35 -0500 :: hercules-login-1.hpc.msstate.edu :: Task gdas_stage_ic, jobid=5950269, in state RUNNING (RUNNING)
2025-07-28 14:48:35 -0500 :: hercules-login-1.hpc.msstate.edu :: Task enkfgdas_stage_ic, jobid=5950270, in state RUNNING (RUNNING)
2025-07-28 14:54:37 -0500 :: hercules-login-1.hpc.msstate.edu :: Task gdas_stage_ic, jobid=5950269, in state SUCCEEDED (COMPLETED), ran for 38.0 seconds, exit status=0, try=1 (of 2)
2025-07-28 14:54:37 -0500 :: hercules-login-1.hpc.msstate.edu :: Task enkfgdas_stage_ic, jobid=5950270, in state SUCCEEDED (COMPLETED), ran for 39.0 seconds, exit status=0, try=1 (of 2)
2025-07-28 14:54:37 -0500 :: hercules-login-1.hpc.msstate.edu :: Submitting gdas_fcst_seg0
2025-07-28 14:54:37 -0500 :: hercules-login-1.hpc.msstate.edu :: Submitting enkfgdas_fcst_mem001
2025-07-28 14:54:37 -0500 :: hercules-login-1.hpc.msstate.edu :: Submitting enkfgdas_fcst_mem002
2025-07-28 14:54:37 -0500 :: hercules-login-1.hpc.msstate.edu :: Submission of gdas_fcst_seg0 succeeded, jobid=5950289
2025-07-28 14:54:37 -0500 :: hercules-login-1.hpc.msstate.edu :: Submission of enkfgdas_fcst_mem001 succeeded, jobid=5950290
2025-07-28 14:54:37 -0500 :: hercules-login-1.hpc.msstate.edu :: Submission of enkfgdas_fcst_mem002 succeeded, jobid=5950291
2025-07-28 15:00:40 -0500 :: hercules-login-1.hpc.msstate.edu :: Task gdas_fcst_seg0, jobid=5950289, in state QUEUED (PENDING)
2025-07-28 15:00:40 -0500 :: hercules-login-1.hpc.msstate.edu :: Task enkfgdas_fcst_mem001, jobid=5950290, in state QUEUED (PENDING)
2025-07-28 15:00:40 -0500 :: hercules-login-1.hpc.msstate.edu :: Task enkfgdas_fcst_mem002, jobid=5950291, in state QUEUED (PENDING)
2025-07-28 15:06:43 -0500 :: hercules-login-1.hpc.msstate.edu :: Task gdas_fcst_seg0, jobid=5950289, in state RUNNING (RUNNING)
2025-07-28 15:06:43 -0500 :: hercules-login-1.hpc.msstate.edu :: Task enkfgdas_fcst_mem001, jobid=5950290, in state SUCCEEDED (COMPLETED), ran for 212.0 seconds, exit status=0, try=1 (of 2)
2025-07-28 15:06:43 -0500 :: hercules-login-1.hpc.msstate.edu :: Task enkfgdas_fcst_mem002, jobid=5950291, in state SUCCEEDED (COMPLETED), ran for 212.0 seconds, exit status=0, try=1 (of 2)
2025-07-28 15:06:43 -0500 :: hercules-login-1.hpc.msstate.edu :: Submitting enkfgdas_epos000
2025-07-28 15:06:43 -0500 :: hercules-login-1.hpc.msstate.edu :: Submitting enkfgdas_epos001
2025-07-28 15:06:43 -0500 :: hercules-login-1.hpc.msstate.edu :: Submitting enkfgdas_epos002
2025-07-28 15:06:43 -0500 :: hercules-login-1.hpc.msstate.edu :: Submitting enkfgdas_epos003
2025-07-28 15:06:43 -0500 :: hercules-login-1.hpc.msstate.edu :: Submitting enkfgdas_epos004
2025-07-28 15:06:43 -0500 :: hercules-login-1.hpc.msstate.edu :: Submitting enkfgdas_epos005
2025-07-28 15:06:43 -0500 :: hercules-login-1.hpc.msstate.edu :: Submitting enkfgdas_epos006
2025-07-28 15:06:43 -0500 :: hercules-login-1.hpc.msstate.edu :: Submission of enkfgdas_epos000 succeeded, jobid=5950327
2025-07-28 15:06:43 -0500 :: hercules-login-1.hpc.msstate.edu :: Submission of enkfgdas_epos001 succeeded, jobid=5950328
2025-07-28 15:06:43 -0500 :: hercules-login-1.hpc.msstate.edu :: Submission of enkfgdas_epos002 succeeded, jobid=5950329
2025-07-28 15:06:43 -0500 :: hercules-login-1.hpc.msstate.edu :: Submission of enkfgdas_epos003 succeeded, jobid=5950330
2025-07-28 15:06:43 -0500 :: hercules-login-1.hpc.msstate.edu :: Submission of enkfgdas_epos004 succeeded, jobid=5950331
2025-07-28 15:06:43 -0500 :: hercules-login-1.hpc.msstate.edu :: Submission of enkfgdas_epos005 succeeded, jobid=5950332
2025-07-28 15:06:43 -0500 :: hercules-login-1.hpc.msstate.edu :: Submission of enkfgdas_epos006 succeeded, jobid=5950333
2025-07-28 15:12:46 -0500 :: hercules-login-1.hpc.msstate.edu :: Task gdas_fcst_seg0, jobid=5950289, in state SUCCEEDED (COMPLETED), ran for 348.0 seconds, exit status=0, try=1 (of 2)
2025-07-28 15:12:46 -0500 :: hercules-login-1.hpc.msstate.edu :: Task enkfgdas_epos000, jobid=5950327, in state SUCCEEDED (COMPLETED), ran for 32.0 seconds, exit status=0, try=1 (of 2)
2025-07-28 15:12:46 -0500 :: hercules-login-1.hpc.msstate.edu :: Task enkfgdas_epos001, jobid=5950328, in state SUCCEEDED (COMPLETED), ran for 32.0 seconds, exit status=0, try=1 (of 2)
2025-07-28 15:12:46 -0500 :: hercules-login-1.hpc.msstate.edu :: Task enkfgdas_epos002, jobid=5950329, in state QUEUED (PENDING)
2025-07-28 15:12:46 -0500 :: hercules-login-1.hpc.msstate.edu :: Task enkfgdas_epos003, jobid=5950330, in state QUEUED (PENDING)
2025-07-28 15:12:46 -0500 :: hercules-login-1.hpc.msstate.edu :: Task enkfgdas_epos004, jobid=5950331, in state QUEUED (PENDING)
2025-07-28 15:12:46 -0500 :: hercules-login-1.hpc.msstate.edu :: Task enkfgdas_epos005, jobid=5950332, in state QUEUED (PENDING)
2025-07-28 15:12:46 -0500 :: hercules-login-1.hpc.msstate.edu :: Task enkfgdas_epos006, jobid=5950333, in state QUEUED (PENDING)
2025-07-28 15:12:46 -0500 :: hercules-login-1.hpc.msstate.edu :: Submitting gdas_atmos_prod_f000
2025-07-28 15:12:46 -0500 :: hercules-login-1.hpc.msstate.edu :: Submitting gdas_atmos_prod_f001
2025-07-28 15:12:46 -0500 :: hercules-login-1.hpc.msstate.edu :: Submitting gdas_atmos_prod_f002
2025-07-28 15:12:46 -0500 :: hercules-login-1.hpc.msstate.edu :: Submitting gdas_atmos_prod_f003
2025-07-28 15:12:46 -0500 :: hercules-login-1.hpc.msstate.edu :: Submitting gdas_atmos_prod_f004
2025-07-28 15:12:46 -0500 :: hercules-login-1.hpc.msstate.edu :: Submitting gdas_atmos_prod_f005
2025-07-28 15:12:46 -0500 :: hercules-login-1.hpc.msstate.edu :: Submitting gdas_atmos_prod_f006
2025-07-28 15:12:46 -0500 :: hercules-login-1.hpc.msstate.edu :: Submitting gdas_atmos_prod_f007
2025-07-28 15:12:46 -0500 :: hercules-login-1.hpc.msstate.edu :: Submitting gdas_atmos_prod_f008
2025-07-28 15:12:46 -0500 :: hercules-login-1.hpc.msstate.edu :: Submitting gdas_atmos_prod_f009
2025-07-28 15:12:46 -0500 :: hercules-login-1.hpc.msstate.edu :: Submitting enkfgdas_echgres
2025-07-28 15:12:46 -0500 :: hercules-login-1.hpc.msstate.edu :: Submission of gdas_atmos_prod_f000 succeeded, jobid=5950372
2025-07-28 15:12:46 -0500 :: hercules-login-1.hpc.msstate.edu :: Submission of gdas_atmos_prod_f001 succeeded, jobid=5950373
2025-07-28 15:12:46 -0500 :: hercules-login-1.hpc.msstate.edu :: Submission of gdas_atmos_prod_f002 succeeded, jobid=5950374
2025-07-28 15:12:46 -0500 :: hercules-login-1.hpc.msstate.edu :: Submission of gdas_atmos_prod_f003 succeeded, jobid=5950375
2025-07-28 15:12:46 -0500 :: hercules-login-1.hpc.msstate.edu :: Submission of gdas_atmos_prod_f004 succeeded, jobid=5950376
2025-07-28 15:12:46 -0500 :: hercules-login-1.hpc.msstate.edu :: Submission of gdas_atmos_prod_f005 succeeded, jobid=5950377
2025-07-28 15:12:46 -0500 :: hercules-login-1.hpc.msstate.edu :: Submission of gdas_atmos_prod_f006 succeeded, jobid=5950378
2025-07-28 15:12:46 -0500 :: hercules-login-1.hpc.msstate.edu :: Submission of gdas_atmos_prod_f007 succeeded, jobid=5950379
2025-07-28 15:12:46 -0500 :: hercules-login-1.hpc.msstate.edu :: Submission of gdas_atmos_prod_f008 succeeded, jobid=5950380
2025-07-28 15:12:46 -0500 :: hercules-login-1.hpc.msstate.edu :: Submission of gdas_atmos_prod_f009 succeeded, jobid=5950381
2025-07-28 15:12:46 -0500 :: hercules-login-1.hpc.msstate.edu :: Submission of enkfgdas_echgres succeeded, jobid=5950382
2025-07-28 15:18:49 -0500 :: hercules-login-1.hpc.msstate.edu :: Task gdas_atmos_prod_f000, jobid=5950372, in state QUEUED (PENDING)
2025-07-28 15:18:49 -0500 :: hercules-login-1.hpc.msstate.edu :: Task gdas_atmos_prod_f001, jobid=5950373, in state QUEUED (PENDING)
2025-07-28 15:18:49 -0500 :: hercules-login-1.hpc.msstate.edu :: Task gdas_atmos_prod_f002, jobid=5950374, in state QUEUED (PENDING)
2025-07-28 15:18:49 -0500 :: hercules-login-1.hpc.msstate.edu :: Task gdas_atmos_prod_f003, jobid=5950375, in state QUEUED (PENDING)
2025-07-28 15:18:49 -0500 :: hercules-login-1.hpc.msstate.edu :: Task gdas_atmos_prod_f004, jobid=5950376, in state QUEUED (PENDING)
2025-07-28 15:18:49 -0500 :: hercules-login-1.hpc.msstate.edu :: Task gdas_atmos_prod_f005, jobid=5950377, in state QUEUED (PENDING)
2025-07-28 15:18:49 -0500 :: hercules-login-1.hpc.msstate.edu :: Task gdas_atmos_prod_f006, jobid=5950378, in state QUEUED (PENDING)
2025-07-28 15:18:49 -0500 :: hercules-login-1.hpc.msstate.edu :: Task gdas_atmos_prod_f007, jobid=5950379, in state QUEUED (PENDING)
2025-07-28 15:18:49 -0500 :: hercules-login-1.hpc.msstate.edu :: Task gdas_atmos_prod_f008, jobid=5950380, in state QUEUED (PENDING)
2025-07-28 15:18:49 -0500 :: hercules-login-1.hpc.msstate.edu :: Task gdas_atmos_prod_f009, jobid=5950381, in state QUEUED (PENDING)
2025-07-28 15:18:49 -0500 :: hercules-login-1.hpc.msstate.edu :: Task enkfgdas_echgres, jobid=5950382, in state QUEUED (PENDING)
2025-07-28 15:18:49 -0500 :: hercules-login-1.hpc.msstate.edu :: Task enkfgdas_epos002, jobid=5950329, in state SUCCEEDED (COMPLETED), ran for 37.0 seconds, exit status=0, try=1 (of 2)
2025-07-28 15:18:49 -0500 :: hercules-login-1.hpc.msstate.edu :: Task enkfgdas_epos003, jobid=5950330, in state SUCCEEDED (COMPLETED), ran for 36.0 seconds, exit status=0, try=1 (of 2)
2025-07-28 15:18:49 -0500 :: hercules-login-1.hpc.msstate.edu :: Task enkfgdas_epos004, jobid=5950331, in state SUCCEEDED (COMPLETED), ran for 32.0 seconds, exit status=0, try=1 (of 2)
2025-07-28 15:18:49 -0500 :: hercules-login-1.hpc.msstate.edu :: Task enkfgdas_epos005, jobid=5950332, in state SUCCEEDED (COMPLETED), ran for 32.0 seconds, exit status=0, try=1 (of 2)
2025-07-28 15:18:49 -0500 :: hercules-login-1.hpc.msstate.edu :: Task enkfgdas_epos006, jobid=5950333, in state QUEUED (PENDING)
2025-07-28 15:24:51 -0500 :: hercules-login-1.hpc.msstate.edu :: Task gdas_atmos_prod_f000, jobid=5950372, in state QUEUED (PENDING)
2025-07-28 15:24:51 -0500 :: hercules-login-1.hpc.msstate.edu :: Task gdas_atmos_prod_f001, jobid=5950373, in state QUEUED (PENDING)
2025-07-28 15:24:51 -0500 :: hercules-login-1.hpc.msstate.edu :: Task gdas_atmos_prod_f002, jobid=5950374, in state QUEUED (PENDING)
2025-07-28 15:24:51 -0500 :: hercules-login-1.hpc.msstate.edu :: Task gdas_atmos_prod_f003, jobid=5950375, in state QUEUED (PENDING)
2025-07-28 15:24:51 -0500 :: hercules-login-1.hpc.msstate.edu :: Task gdas_atmos_prod_f004, jobid=5950376, in state QUEUED (PENDING)
2025-07-28 15:24:51 -0500 :: hercules-login-1.hpc.msstate.edu :: Task gdas_atmos_prod_f005, jobid=5950377, in state QUEUED (PENDING)
2025-07-28 15:24:51 -0500 :: hercules-login-1.hpc.msstate.edu :: Task gdas_atmos_prod_f006, jobid=5950378, in state QUEUED (PENDING)
2025-07-28 15:24:51 -0500 :: hercules-login-1.hpc.msstate.edu :: Task gdas_atmos_prod_f007, jobid=5950379, in state QUEUED (PENDING)
2025-07-28 15:24:51 -0500 :: hercules-login-1.hpc.msstate.edu :: Task gdas_atmos_prod_f008, jobid=5950380, in state QUEUED (PENDING)
2025-07-28 15:24:51 -0500 :: hercules-login-1.hpc.msstate.edu :: Task gdas_atmos_prod_f009, jobid=5950381, in state QUEUED (PENDING)
2025-07-28 15:24:51 -0500 :: hercules-login-1.hpc.msstate.edu :: Task enkfgdas_echgres, jobid=5950382, in state QUEUED (PENDING)
2025-07-28 15:24:51 -0500 :: hercules-login-1.hpc.msstate.edu :: Task enkfgdas_epos006, jobid=5950333, in state SUCCEEDED (COMPLETED), ran for 40.0 seconds, exit status=0, try=1 (of 2)
2025-07-28 15:30:54 -0500 :: hercules-login-1.hpc.msstate.edu :: Task gdas_atmos_prod_f000, jobid=5950372, in state QUEUED (PENDING)
2025-07-28 15:30:54 -0500 :: hercules-login-1.hpc.msstate.edu :: Task gdas_atmos_prod_f001, jobid=5950373, in state QUEUED (PENDING)
2025-07-28 15:30:54 -0500 :: hercules-login-1.hpc.msstate.edu :: Task gdas_atmos_prod_f002, jobid=5950374, in state QUEUED (PENDING)
2025-07-28 15:30:54 -0500 :: hercules-login-1.hpc.msstate.edu :: Task gdas_atmos_prod_f003, jobid=5950375, in state QUEUED (PENDING)
2025-07-28 15:30:54 -0500 :: hercules-login-1.hpc.msstate.edu :: Task gdas_atmos_prod_f004, jobid=5950376, in state QUEUED (PENDING)
2025-07-28 15:30:54 -0500 :: hercules-login-1.hpc.msstate.edu :: Task gdas_atmos_prod_f005, jobid=5950377, in state QUEUED (PENDING)
2025-07-28 15:30:54 -0500 :: hercules-login-1.hpc.msstate.edu :: Task gdas_atmos_prod_f006, jobid=5950378, in state QUEUED (PENDING)
2025-07-28 15:30:54 -0500 :: hercules-login-1.hpc.msstate.edu :: Task gdas_atmos_prod_f007, jobid=5950379, in state QUEUED (PENDING)
2025-07-28 15:30:54 -0500 :: hercules-login-1.hpc.msstate.edu :: Task gdas_atmos_prod_f008, jobid=5950380, in state QUEUED (PENDING)
2025-07-28 15:30:54 -0500 :: hercules-login-1.hpc.msstate.edu :: Task gdas_atmos_prod_f009, jobid=5950381, in state QUEUED (PENDING)
2025-07-28 15:30:54 -0500 :: hercules-login-1.hpc.msstate.edu :: Task enkfgdas_echgres, jobid=5950382, in state QUEUED (PENDING)
2025-07-28 15:36:57 -0500 :: hercules-login-1.hpc.msstate.edu :: Task gdas_atmos_prod_f000, jobid=5950372, in state QUEUED (PENDING)
2025-07-28 15:36:57 -0500 :: hercules-login-1.hpc.msstate.edu :: Task gdas_atmos_prod_f001, jobid=5950373, in state QUEUED (PENDING)
2025-07-28 15:36:57 -0500 :: hercules-login-1.hpc.msstate.edu :: Task gdas_atmos_prod_f002, jobid=5950374, in state QUEUED (PENDING)
2025-07-28 15:36:57 -0500 :: hercules-login-1.hpc.msstate.edu :: Task gdas_atmos_prod_f003, jobid=5950375, in state QUEUED (PENDING)
2025-07-28 15:36:57 -0500 :: hercules-login-1.hpc.msstate.edu :: Task gdas_atmos_prod_f004, jobid=5950376, in state QUEUED (PENDING)
2025-07-28 15:36:57 -0500 :: hercules-login-1.hpc.msstate.edu :: Task gdas_atmos_prod_f005, jobid=5950377, in state QUEUED (PENDING)
2025-07-28 15:36:57 -0500 :: hercules-login-1.hpc.msstate.edu :: Task gdas_atmos_prod_f006, jobid=5950378, in state QUEUED (PENDING)
2025-07-28 15:36:57 -0500 :: hercules-login-1.hpc.msstate.edu :: Task gdas_atmos_prod_f007, jobid=5950379, in state QUEUED (PENDING)
2025-07-28 15:36:57 -0500 :: hercules-login-1.hpc.msstate.edu :: Task gdas_atmos_prod_f008, jobid=5950380, in state QUEUED (PENDING)
2025-07-28 15:36:57 -0500 :: hercules-login-1.hpc.msstate.edu :: Task gdas_atmos_prod_f009, jobid=5950381, in state QUEUED (PENDING)
2025-07-28 15:36:57 -0500 :: hercules-login-1.hpc.msstate.edu :: Task enkfgdas_echgres, jobid=5950382, in state QUEUED (PENDING)
2025-07-28 15:42:59 -0500 :: hercules-login-1.hpc.msstate.edu :: Task gdas_atmos_prod_f000, jobid=5950372, in state QUEUED (PENDING)
2025-07-28 15:42:59 -0500 :: hercules-login-1.hpc.msstate.edu :: Task gdas_atmos_prod_f001, jobid=5950373, in state QUEUED (PENDING)
2025-07-28 15:42:59 -0500 :: hercules-login-1.hpc.msstate.edu :: Task gdas_atmos_prod_f002, jobid=5950374, in state QUEUED (PENDING)
2025-07-28 15:42:59 -0500 :: hercules-login-1.hpc.msstate.edu :: Task gdas_atmos_prod_f003, jobid=5950375, in state QUEUED (PENDING)
2025-07-28 15:42:59 -0500 :: hercules-login-1.hpc.msstate.edu :: Task gdas_atmos_prod_f004, jobid=5950376, in state QUEUED (PENDING)
2025-07-28 15:42:59 -0500 :: hercules-login-1.hpc.msstate.edu :: Task gdas_atmos_prod_f005, jobid=5950377, in state QUEUED (PENDING)
2025-07-28 15:42:59 -0500 :: hercules-login-1.hpc.msstate.edu :: Task gdas_atmos_prod_f006, jobid=5950378, in state QUEUED (PENDING)
2025-07-28 15:42:59 -0500 :: hercules-login-1.hpc.msstate.edu :: Task gdas_atmos_prod_f007, jobid=5950379, in state QUEUED (PENDING)
2025-07-28 15:42:59 -0500 :: hercules-login-1.hpc.msstate.edu :: Task gdas_atmos_prod_f008, jobid=5950380, in state QUEUED (PENDING)
2025-07-28 15:42:59 -0500 :: hercules-login-1.hpc.msstate.edu :: Task gdas_atmos_prod_f009, jobid=5950381, in state QUEUED (PENDING)
2025-07-28 15:42:59 -0500 :: hercules-login-1.hpc.msstate.edu :: Task enkfgdas_echgres, jobid=5950382, in state QUEUED (PENDING)
2025-07-28 15:49:02 -0500 :: hercules-login-1.hpc.msstate.edu :: Task gdas_atmos_prod_f000, jobid=5950372, in state QUEUED (PENDING)
2025-07-28 15:49:02 -0500 :: hercules-login-1.hpc.msstate.edu :: Task gdas_atmos_prod_f001, jobid=5950373, in state QUEUED (PENDING)
2025-07-28 15:49:02 -0500 :: hercules-login-1.hpc.msstate.edu :: Task gdas_atmos_prod_f002, jobid=5950374, in state QUEUED (PENDING)
2025-07-28 15:49:02 -0500 :: hercules-login-1.hpc.msstate.edu :: Task gdas_atmos_prod_f003, jobid=5950375, in state QUEUED (PENDING)
2025-07-28 15:49:02 -0500 :: hercules-login-1.hpc.msstate.edu :: Task gdas_atmos_prod_f004, jobid=5950376, in state QUEUED (PENDING)
2025-07-28 15:49:02 -0500 :: hercules-login-1.hpc.msstate.edu :: Task gdas_atmos_prod_f005, jobid=5950377, in state QUEUED (PENDING)
2025-07-28 15:49:02 -0500 :: hercules-login-1.hpc.msstate.edu :: Task gdas_atmos_prod_f006, jobid=5950378, in state QUEUED (PENDING)
2025-07-28 15:49:02 -0500 :: hercules-login-1.hpc.msstate.edu :: Task gdas_atmos_prod_f007, jobid=5950379, in state QUEUED (PENDING)
2025-07-28 15:49:02 -0500 :: hercules-login-1.hpc.msstate.edu :: Task gdas_atmos_prod_f008, jobid=5950380, in state QUEUED (PENDING)
2025-07-28 15:49:02 -0500 :: hercules-login-1.hpc.msstate.edu :: Task gdas_atmos_prod_f009, jobid=5950381, in state QUEUED (PENDING)
2025-07-28 15:49:02 -0500 :: hercules-login-1.hpc.msstate.edu :: Task enkfgdas_echgres, jobid=5950382, in state QUEUED (PENDING)
2025-07-28 15:55:05 -0500 :: hercules-login-1.hpc.msstate.edu :: Task gdas_atmos_prod_f000, jobid=5950372, in state QUEUED (PENDING)
2025-07-28 15:55:05 -0500 :: hercules-login-1.hpc.msstate.edu :: Task gdas_atmos_prod_f001, jobid=5950373, in state QUEUED (PENDING)
2025-07-28 15:55:05 -0500 :: hercules-login-1.hpc.msstate.edu :: Task gdas_atmos_prod_f002, jobid=5950374, in state QUEUED (PENDING)
2025-07-28 15:55:05 -0500 :: hercules-login-1.hpc.msstate.edu :: Task gdas_atmos_prod_f003, jobid=5950375, in state QUEUED (PENDING)
2025-07-28 15:55:05 -0500 :: hercules-login-1.hpc.msstate.edu :: Task gdas_atmos_prod_f004, jobid=5950376, in state QUEUED (PENDING)
2025-07-28 15:55:05 -0500 :: hercules-login-1.hpc.msstate.edu :: Task gdas_atmos_prod_f005, jobid=5950377, in state QUEUED (PENDING)
2025-07-28 15:55:05 -0500 :: hercules-login-1.hpc.msstate.edu :: Task gdas_atmos_prod_f006, jobid=5950378, in state QUEUED (PENDING)
2025-07-28 15:55:05 -0500 :: hercules-login-1.hpc.msstate.edu :: Task gdas_atmos_prod_f007, jobid=5950379, in state QUEUED (PENDING)
2025-07-28 15:55:05 -0500 :: hercules-login-1.hpc.msstate.edu :: Task gdas_atmos_prod_f008, jobid=5950380, in state QUEUED (PENDING)
2025-07-28 15:55:05 -0500 :: hercules-login-1.hpc.msstate.edu :: Task gdas_atmos_prod_f009, jobid=5950381, in state QUEUED (PENDING)
2025-07-28 15:55:05 -0500 :: hercules-login-1.hpc.msstate.edu :: Task enkfgdas_echgres, jobid=5950382, in state QUEUED (PENDING)
2025-07-28 16:01:07 -0500 :: hercules-login-1.hpc.msstate.edu :: Task gdas_atmos_prod_f000, jobid=5950372, in state QUEUED (PENDING)
2025-07-28 16:01:07 -0500 :: hercules-login-1.hpc.msstate.edu :: Task gdas_atmos_prod_f001, jobid=5950373, in state QUEUED (PENDING)
2025-07-28 16:01:07 -0500 :: hercules-login-1.hpc.msstate.edu :: Task gdas_atmos_prod_f002, jobid=5950374, in state QUEUED (PENDING)
2025-07-28 16:01:07 -0500 :: hercules-login-1.hpc.msstate.edu :: Task gdas_atmos_prod_f003, jobid=5950375, in state QUEUED (PENDING)
2025-07-28 16:01:07 -0500 :: hercules-login-1.hpc.msstate.edu :: Task gdas_atmos_prod_f004, jobid=5950376, in state QUEUED (PENDING)
2025-07-28 16:01:07 -0500 :: hercules-login-1.hpc.msstate.edu :: Task gdas_atmos_prod_f005, jobid=5950377, in state QUEUED (PENDING)
2025-07-28 16:01:07 -0500 :: hercules-login-1.hpc.msstate.edu :: Task gdas_atmos_prod_f006, jobid=5950378, in state QUEUED (PENDING)
2025-07-28 16:01:07 -0500 :: hercules-login-1.hpc.msstate.edu :: Task gdas_atmos_prod_f007, jobid=5950379, in state QUEUED (PENDING)
2025-07-28 16:01:07 -0500 :: hercules-login-1.hpc.msstate.edu :: Task gdas_atmos_prod_f008, jobid=5950380, in state QUEUED (PENDING)
2025-07-28 16:01:07 -0500 :: hercules-login-1.hpc.msstate.edu :: Task gdas_atmos_prod_f009, jobid=5950381, in state QUEUED (PENDING)
2025-07-28 16:01:07 -0500 :: hercules-login-1.hpc.msstate.edu :: Task enkfgdas_echgres, jobid=5950382, in state QUEUED (PENDING)
2025-07-28 16:07:10 -0500 :: hercules-login-1.hpc.msstate.edu :: Task gdas_atmos_prod_f000, jobid=5950372, in state QUEUED (PENDING)
2025-07-28 16:07:10 -0500 :: hercules-login-1.hpc.msstate.edu :: Task gdas_atmos_prod_f001, jobid=5950373, in state QUEUED (PENDING)
2025-07-28 16:07:10 -0500 :: hercules-login-1.hpc.msstate.edu :: Task gdas_atmos_prod_f002, jobid=5950374, in state QUEUED (PENDING)
2025-07-28 16:07:10 -0500 :: hercules-login-1.hpc.msstate.edu :: Task gdas_atmos_prod_f003, jobid=5950375, in state QUEUED (PENDING)
2025-07-28 16:07:10 -0500 :: hercules-login-1.hpc.msstate.edu :: Task gdas_atmos_prod_f004, jobid=5950376, in state QUEUED (PENDING)
2025-07-28 16:07:10 -0500 :: hercules-login-1.hpc.msstate.edu :: Task gdas_atmos_prod_f005, jobid=5950377, in state QUEUED (PENDING)
2025-07-28 16:07:10 -0500 :: hercules-login-1.hpc.msstate.edu :: Task gdas_atmos_prod_f006, jobid=5950378, in state QUEUED (PENDING)
2025-07-28 16:07:10 -0500 :: hercules-login-1.hpc.msstate.edu :: Task gdas_atmos_prod_f007, jobid=5950379, in state QUEUED (PENDING)
2025-07-28 16:07:10 -0500 :: hercules-login-1.hpc.msstate.edu :: Task gdas_atmos_prod_f008, jobid=5950380, in state QUEUED (PENDING)
2025-07-28 16:07:10 -0500 :: hercules-login-1.hpc.msstate.edu :: Task gdas_atmos_prod_f009, jobid=5950381, in state QUEUED (PENDING)
2025-07-28 16:07:10 -0500 :: hercules-login-1.hpc.msstate.edu :: Task enkfgdas_echgres, jobid=5950382, in state QUEUED (PENDING)
2025-07-28 16:13:13 -0500 :: hercules-login-1.hpc.msstate.edu :: Task gdas_atmos_prod_f000, jobid=5950372, in state QUEUED (PENDING)
2025-07-28 16:13:13 -0500 :: hercules-login-1.hpc.msstate.edu :: Task gdas_atmos_prod_f001, jobid=5950373, in state QUEUED (PENDING)
2025-07-28 16:13:13 -0500 :: hercules-login-1.hpc.msstate.edu :: Task gdas_atmos_prod_f002, jobid=5950374, in state QUEUED (PENDING)
2025-07-28 16:13:13 -0500 :: hercules-login-1.hpc.msstate.edu :: Task gdas_atmos_prod_f003, jobid=5950375, in state QUEUED (PENDING)
2025-07-28 16:13:13 -0500 :: hercules-login-1.hpc.msstate.edu :: Task gdas_atmos_prod_f004, jobid=5950376, in state QUEUED (PENDING)
2025-07-28 16:13:13 -0500 :: hercules-login-1.hpc.msstate.edu :: Task gdas_atmos_prod_f005, jobid=5950377, in state QUEUED (PENDING)
2025-07-28 16:13:13 -0500 :: hercules-login-1.hpc.msstate.edu :: Task gdas_atmos_prod_f006, jobid=5950378, in state QUEUED (PENDING)
2025-07-28 16:13:13 -0500 :: hercules-login-1.hpc.msstate.edu :: Task gdas_atmos_prod_f007, jobid=5950379, in state QUEUED (PENDING)
2025-07-28 16:13:13 -0500 :: hercules-login-1.hpc.msstate.edu :: Task gdas_atmos_prod_f008, jobid=5950380, in state QUEUED (PENDING)
2025-07-28 16:13:13 -0500 :: hercules-login-1.hpc.msstate.edu :: Task gdas_atmos_prod_f009, jobid=5950381, in state QUEUED (PENDING)
2025-07-28 16:13:13 -0500 :: hercules-login-1.hpc.msstate.edu :: Task enkfgdas_echgres, jobid=5950382, in state QUEUED (PENDING)
2025-07-28 16:19:15 -0500 :: hercules-login-1.hpc.msstate.edu :: Task gdas_atmos_prod_f000, jobid=5950372, in state QUEUED (PENDING)
2025-07-28 16:19:15 -0500 :: hercules-login-1.hpc.msstate.edu :: Task gdas_atmos_prod_f001, jobid=5950373, in state QUEUED (PENDING)
2025-07-28 16:19:15 -0500 :: hercules-login-1.hpc.msstate.edu :: Task gdas_atmos_prod_f002, jobid=5950374, in state QUEUED (PENDING)
2025-07-28 16:19:15 -0500 :: hercules-login-1.hpc.msstate.edu :: Task gdas_atmos_prod_f003, jobid=5950375, in state QUEUED (PENDING)
2025-07-28 16:19:15 -0500 :: hercules-login-1.hpc.msstate.edu :: Task gdas_atmos_prod_f004, jobid=5950376, in state QUEUED (PENDING)
2025-07-28 16:19:15 -0500 :: hercules-login-1.hpc.msstate.edu :: Task gdas_atmos_prod_f005, jobid=5950377, in state QUEUED (PENDING)
2025-07-28 16:19:15 -0500 :: hercules-login-1.hpc.msstate.edu :: Task gdas_atmos_prod_f006, jobid=5950378, in state QUEUED (PENDING)
2025-07-28 16:19:16 -0500 :: hercules-login-1.hpc.msstate.edu :: Task gdas_atmos_prod_f007, jobid=5950379, in state QUEUED (PENDING)
2025-07-28 16:19:16 -0500 :: hercules-login-1.hpc.msstate.edu :: Task gdas_atmos_prod_f008, jobid=5950380, in state QUEUED (PENDING)
2025-07-28 16:19:16 -0500 :: hercules-login-1.hpc.msstate.edu :: Task gdas_atmos_prod_f009, jobid=5950381, in state QUEUED (PENDING)
2025-07-28 16:19:16 -0500 :: hercules-login-1.hpc.msstate.edu :: Task enkfgdas_echgres, jobid=5950382, in state QUEUED (PENDING)
2025-07-28 16:25:18 -0500 :: hercules-login-1.hpc.msstate.edu :: Task gdas_atmos_prod_f000, jobid=5950372, in state QUEUED (PENDING)
2025-07-28 16:25:18 -0500 :: hercules-login-1.hpc.msstate.edu :: Task gdas_atmos_prod_f001, jobid=5950373, in state QUEUED (PENDING)
2025-07-28 16:25:18 -0500 :: hercules-login-1.hpc.msstate.edu :: Task gdas_atmos_prod_f002, jobid=5950374, in state QUEUED (PENDING)
2025-07-28 16:25:18 -0500 :: hercules-login-1.hpc.msstate.edu :: Task gdas_atmos_prod_f003, jobid=5950375, in state QUEUED (PENDING)
2025-07-28 16:25:18 -0500 :: hercules-login-1.hpc.msstate.edu :: Task gdas_atmos_prod_f004, jobid=5950376, in state QUEUED (PENDING)
2025-07-28 16:25:18 -0500 :: hercules-login-1.hpc.msstate.edu :: Task gdas_atmos_prod_f005, jobid=5950377, in state QUEUED (PENDING)
2025-07-28 16:25:18 -0500 :: hercules-login-1.hpc.msstate.edu :: Task gdas_atmos_prod_f006, jobid=5950378, in state QUEUED (PENDING)
2025-07-28 16:25:18 -0500 :: hercules-login-1.hpc.msstate.edu :: Task gdas_atmos_prod_f007, jobid=5950379, in state QUEUED (PENDING)
2025-07-28 16:25:18 -0500 :: hercules-login-1.hpc.msstate.edu :: Task gdas_atmos_prod_f008, jobid=5950380, in state QUEUED (PENDING)
2025-07-28 16:25:18 -0500 :: hercules-login-1.hpc.msstate.edu :: Task gdas_atmos_prod_f009, jobid=5950381, in state QUEUED (PENDING)
2025-07-28 16:25:18 -0500 :: hercules-login-1.hpc.msstate.edu :: Task enkfgdas_echgres, jobid=5950382, in state QUEUED (PENDING)
2025-07-28 16:31:21 -0500 :: hercules-login-1.hpc.msstate.edu :: Task gdas_atmos_prod_f000, jobid=5950372, in state SUCCEEDED (COMPLETED), ran for 66.0 seconds, exit status=0, try=1 (of 2)
2025-07-28 16:31:21 -0500 :: hercules-login-1.hpc.msstate.edu :: Task gdas_atmos_prod_f001, jobid=5950373, in state SUCCEEDED (COMPLETED), ran for 67.0 seconds, exit status=0, try=1 (of 2)
2025-07-28 16:31:21 -0500 :: hercules-login-1.hpc.msstate.edu :: Task gdas_atmos_prod_f002, jobid=5950374, in state SUCCEEDED (COMPLETED), ran for 68.0 seconds, exit status=0, try=1 (of 2)
2025-07-28 16:31:21 -0500 :: hercules-login-1.hpc.msstate.edu :: Task gdas_atmos_prod_f003, jobid=5950375, in state SUCCEEDED (COMPLETED), ran for 69.0 seconds, exit status=0, try=1 (of 2)
2025-07-28 16:31:21 -0500 :: hercules-login-1.hpc.msstate.edu :: Task gdas_atmos_prod_f004, jobid=5950376, in state SUCCEEDED (COMPLETED), ran for 69.0 seconds, exit status=0, try=1 (of 2)
2025-07-28 16:31:21 -0500 :: hercules-login-1.hpc.msstate.edu :: Task gdas_atmos_prod_f005, jobid=5950377, in state QUEUED (PENDING)
2025-07-28 16:31:21 -0500 :: hercules-login-1.hpc.msstate.edu :: Task gdas_atmos_prod_f006, jobid=5950378, in state QUEUED (PENDING)
2025-07-28 16:31:21 -0500 :: hercules-login-1.hpc.msstate.edu :: Task gdas_atmos_prod_f007, jobid=5950379, in state QUEUED (PENDING)
2025-07-28 16:31:21 -0500 :: hercules-login-1.hpc.msstate.edu :: Task gdas_atmos_prod_f008, jobid=5950380, in state QUEUED (PENDING)
2025-07-28 16:31:21 -0500 :: hercules-login-1.hpc.msstate.edu :: Task gdas_atmos_prod_f009, jobid=5950381, in state QUEUED (PENDING)
2025-07-28 16:31:21 -0500 :: hercules-login-1.hpc.msstate.edu :: Task enkfgdas_echgres, jobid=5950382, in state QUEUED (PENDING)
2025-07-28 16:37:23 -0500 :: hercules-login-1.hpc.msstate.edu :: Task gdas_atmos_prod_f005, jobid=5950377, in state QUEUED (PENDING)
2025-07-28 16:37:23 -0500 :: hercules-login-1.hpc.msstate.edu :: Task gdas_atmos_prod_f006, jobid=5950378, in state QUEUED (PENDING)
2025-07-28 16:37:23 -0500 :: hercules-login-1.hpc.msstate.edu :: Task gdas_atmos_prod_f007, jobid=5950379, in state QUEUED (PENDING)
2025-07-28 16:37:23 -0500 :: hercules-login-1.hpc.msstate.edu :: Task gdas_atmos_prod_f008, jobid=5950380, in state QUEUED (PENDING)
2025-07-28 16:37:23 -0500 :: hercules-login-1.hpc.msstate.edu :: Task gdas_atmos_prod_f009, jobid=5950381, in state QUEUED (PENDING)
2025-07-28 16:37:23 -0500 :: hercules-login-1.hpc.msstate.edu :: Task enkfgdas_echgres, jobid=5950382, in state SUCCEEDED (COMPLETED), ran for 31.0 seconds, exit status=0, try=1 (of 2)
2025-07-28 16:43:26 -0500 :: hercules-login-1.hpc.msstate.edu :: Task gdas_atmos_prod_f005, jobid=5950377, in state RUNNING (RUNNING)
2025-07-28 16:43:26 -0500 :: hercules-login-1.hpc.msstate.edu :: Task gdas_atmos_prod_f006, jobid=5950378, in state QUEUED (PENDING)
2025-07-28 16:43:26 -0500 :: hercules-login-1.hpc.msstate.edu :: Task gdas_atmos_prod_f007, jobid=5950379, in state QUEUED (PENDING)
2025-07-28 16:43:26 -0500 :: hercules-login-1.hpc.msstate.edu :: Task gdas_atmos_prod_f008, jobid=5950380, in state QUEUED (PENDING)
2025-07-28 16:43:26 -0500 :: hercules-login-1.hpc.msstate.edu :: Task gdas_atmos_prod_f009, jobid=5950381, in state QUEUED (PENDING)
2025-07-28 16:49:29 -0500 :: hercules-login-1.hpc.msstate.edu :: Task gdas_atmos_prod_f005, jobid=5950377, in state SUCCEEDED (COMPLETED), ran for 67.0 seconds, exit status=0, try=1 (of 2)
2025-07-28 16:49:29 -0500 :: hercules-login-1.hpc.msstate.edu :: Task gdas_atmos_prod_f006, jobid=5950378, in state QUEUED (PENDING)
2025-07-28 16:49:29 -0500 :: hercules-login-1.hpc.msstate.edu :: Task gdas_atmos_prod_f007, jobid=5950379, in state QUEUED (PENDING)
2025-07-28 16:49:29 -0500 :: hercules-login-1.hpc.msstate.edu :: Task gdas_atmos_prod_f008, jobid=5950380, in state QUEUED (PENDING)
2025-07-28 16:49:29 -0500 :: hercules-login-1.hpc.msstate.edu :: Task gdas_atmos_prod_f009, jobid=5950381, in state QUEUED (PENDING)
2025-07-28 16:55:31 -0500 :: hercules-login-1.hpc.msstate.edu :: Task gdas_atmos_prod_f006, jobid=5950378, in state QUEUED (PENDING)
2025-07-28 16:55:31 -0500 :: hercules-login-1.hpc.msstate.edu :: Task gdas_atmos_prod_f007, jobid=5950379, in state QUEUED (PENDING)
2025-07-28 16:55:31 -0500 :: hercules-login-1.hpc.msstate.edu :: Task gdas_atmos_prod_f008, jobid=5950380, in state QUEUED (PENDING)
2025-07-28 16:55:31 -0500 :: hercules-login-1.hpc.msstate.edu :: Task gdas_atmos_prod_f009, jobid=5950381, in state QUEUED (PENDING)
2025-07-28 17:01:34 -0500 :: hercules-login-1.hpc.msstate.edu :: Task gdas_atmos_prod_f006, jobid=5950378, in state SUCCEEDED (COMPLETED), ran for 67.0 seconds, exit status=0, try=1 (of 2)
2025-07-28 17:01:34 -0500 :: hercules-login-1.hpc.msstate.edu :: Task gdas_atmos_prod_f007, jobid=5950379, in state QUEUED (PENDING)
2025-07-28 17:01:34 -0500 :: hercules-login-1.hpc.msstate.edu :: Task gdas_atmos_prod_f008, jobid=5950380, in state QUEUED (PENDING)
2025-07-28 17:01:34 -0500 :: hercules-login-1.hpc.msstate.edu :: Task gdas_atmos_prod_f009, jobid=5950381, in state QUEUED (PENDING)
2025-07-28 17:07:37 -0500 :: hercules-login-1.hpc.msstate.edu :: Task gdas_atmos_prod_f007, jobid=5950379, in state SUCCEEDED (COMPLETED), ran for 69.0 seconds, exit status=0, try=1 (of 2)
2025-07-28 17:07:37 -0500 :: hercules-login-1.hpc.msstate.edu :: Task gdas_atmos_prod_f008, jobid=5950380, in state SUCCEEDED (COMPLETED), ran for 68.0 seconds, exit status=0, try=1 (of 2)
2025-07-28 17:07:37 -0500 :: hercules-login-1.hpc.msstate.edu :: Task gdas_atmos_prod_f009, jobid=5950381, in state QUEUED (PENDING)
2025-07-28 17:13:39 -0500 :: hercules-login-1.hpc.msstate.edu :: Task gdas_atmos_prod_f009, jobid=5950381, in state QUEUED (PENDING)
2025-07-28 17:19:42 -0500 :: hercules-login-1.hpc.msstate.edu :: Task gdas_atmos_prod_f009, jobid=5950381, in state QUEUED (PENDING)
2025-07-28 17:25:44 -0500 :: hercules-login-1.hpc.msstate.edu :: Task gdas_atmos_prod_f009, jobid=5950381, in state QUEUED (PENDING)
2025-07-28 17:31:47 -0500 :: hercules-login-1.hpc.msstate.edu :: Task gdas_atmos_prod_f009, jobid=5950381, in state QUEUED (PENDING)
2025-07-28 17:37:50 -0500 :: hercules-login-1.hpc.msstate.edu :: Task gdas_atmos_prod_f009, jobid=5950381, in state QUEUED (PENDING)
2025-07-28 17:43:52 -0500 :: hercules-login-1.hpc.msstate.edu :: Task gdas_atmos_prod_f009, jobid=5950381, in state QUEUED (PENDING)
2025-07-28 17:49:55 -0500 :: hercules-login-1.hpc.msstate.edu :: Task gdas_atmos_prod_f009, jobid=5950381, in state QUEUED (PENDING)
2025-07-28 17:55:57 -0500 :: hercules-login-1.hpc.msstate.edu :: Task gdas_atmos_prod_f009, jobid=5950381, in state SUCCEEDED (COMPLETED), ran for 69.0 seconds, exit status=0, try=1 (of 2)
2025-07-28 17:55:57 -0500 :: hercules-login-1.hpc.msstate.edu :: This cycle is complete: Success
