2025-07-28 14:49:35,427 - INFO     - root        : [START] USER_THREAD_COUNT: mterry has 33/1028698 threads (0.0% utilization)
2025-07-28 14:49:36,200 - INFO     - root        : [ROCOTO_SUCCESS_ATTEMPT_1] USER_THREAD_COUNT: mterry has 56/1028698 threads (0.01% utilization)
2025-07-28 14:49:36,200 - INFO     - root        : Rocoto call successful on attempt 1: call_time=0.71s, total_time=0.71s
2025-07-28 14:49:36,941 - INFO     - root        : [ROCOTO_SUCCESS_ATTEMPT_1] USER_THREAD_COUNT: mterry has 34/1028698 threads (0.0% utilization)
2025-07-28 14:49:36,941 - INFO     - root        : Rocoto call successful on attempt 1: call_time=0.68s, total_time=0.68s
2025-07-28 14:49:36,999 - INFO     - root        : [END] USER_THREAD_COUNT: mterry has 49/1028698 threads (0.0% utilization)
2025-07-28 14:55:38,243 - INFO     - root        : [START] USER_THREAD_COUNT: mterry has 102/1028698 threads (0.01% utilization)
2025-07-28 14:55:39,016 - INFO     - root        : [ROCOTO_SUCCESS_ATTEMPT_1] USER_THREAD_COUNT: mterry has 95/1028698 threads (0.01% utilization)
2025-07-28 14:55:39,017 - INFO     - root        : Rocoto call successful on attempt 1: call_time=0.71s, total_time=0.71s
2025-07-28 14:55:39,810 - INFO     - root        : [ROCOTO_SUCCESS_ATTEMPT_1] USER_THREAD_COUNT: mterry has 79/1028698 threads (0.01% utilization)
2025-07-28 14:55:39,810 - INFO     - root        : Rocoto call successful on attempt 1: call_time=0.74s, total_time=0.74s
2025-07-28 14:55:39,867 - INFO     - root        : [END] USER_THREAD_COUNT: mterry has 78/1028698 threads (0.01% utilization)
2025-07-28 15:01:41,108 - INFO     - root        : [START] USER_THREAD_COUNT: mterry has 50/1028698 threads (0.0% utilization)
2025-07-28 15:01:41,931 - INFO     - root        : [ROCOTO_SUCCESS_ATTEMPT_1] USER_THREAD_COUNT: mterry has 33/1028698 threads (0.0% utilization)
2025-07-28 15:01:41,931 - INFO     - root        : Rocoto call successful on attempt 1: call_time=0.76s, total_time=0.76s
2025-07-28 15:01:42,670 - INFO     - root        : [ROCOTO_SUCCESS_ATTEMPT_1] USER_THREAD_COUNT: mterry has 32/1028698 threads (0.0% utilization)
2025-07-28 15:01:42,671 - INFO     - root        : Rocoto call successful on attempt 1: call_time=0.68s, total_time=0.68s
2025-07-28 15:01:42,726 - INFO     - root        : [END] USER_THREAD_COUNT: mterry has 37/1028698 threads (0.0% utilization)
2025-07-28 15:07:43,935 - INFO     - root        : [START] USER_THREAD_COUNT: mterry has 41/1028698 threads (0.0% utilization)
2025-07-28 15:07:44,712 - INFO     - root        : [ROCOTO_SUCCESS_ATTEMPT_1] USER_THREAD_COUNT: mterry has 30/1028698 threads (0.0% utilization)
2025-07-28 15:07:44,712 - INFO     - root        : Rocoto call successful on attempt 1: call_time=0.71s, total_time=0.71s
2025-07-28 15:07:45,470 - INFO     - root        : [ROCOTO_SUCCESS_ATTEMPT_1] USER_THREAD_COUNT: mterry has 58/1028698 threads (0.01% utilization)
2025-07-28 15:07:45,470 - INFO     - root        : Rocoto call successful on attempt 1: call_time=0.69s, total_time=0.69s
2025-07-28 15:07:45,529 - INFO     - root        : [END] USER_THREAD_COUNT: mterry has 58/1028698 threads (0.01% utilization)
2025-07-28 15:13:46,748 - INFO     - root        : [START] USER_THREAD_COUNT: mterry has 35/1028698 threads (0.0% utilization)
2025-07-28 15:13:47,516 - INFO     - root        : [ROCOTO_SUCCESS_ATTEMPT_1] USER_THREAD_COUNT: mterry has 29/1028698 threads (0.0% utilization)
2025-07-28 15:13:47,516 - INFO     - root        : Rocoto call successful on attempt 1: call_time=0.71s, total_time=0.71s
2025-07-28 15:13:48,255 - INFO     - root        : [ROCOTO_SUCCESS_ATTEMPT_1] USER_THREAD_COUNT: mterry has 40/1028698 threads (0.0% utilization)
2025-07-28 15:13:48,255 - INFO     - root        : Rocoto call successful on attempt 1: call_time=0.68s, total_time=0.68s
2025-07-28 15:13:48,311 - INFO     - root        : [END] USER_THREAD_COUNT: mterry has 40/1028698 threads (0.0% utilization)
2025-07-28 15:19:49,495 - INFO     - root        : [START] USER_THREAD_COUNT: mterry has 37/1028698 threads (0.0% utilization)
2025-07-28 15:19:50,260 - INFO     - root        : [ROCOTO_SUCCESS_ATTEMPT_1] USER_THREAD_COUNT: mterry has 29/1028698 threads (0.0% utilization)
2025-07-28 15:19:50,261 - INFO     - root        : Rocoto call successful on attempt 1: call_time=0.71s, total_time=0.71s
2025-07-28 15:19:50,996 - INFO     - root        : [ROCOTO_SUCCESS_ATTEMPT_1] USER_THREAD_COUNT: mterry has 31/1028698 threads (0.0% utilization)
2025-07-28 15:19:50,997 - INFO     - root        : Rocoto call successful on attempt 1: call_time=0.68s, total_time=0.68s
2025-07-28 15:19:51,052 - INFO     - root        : [END] USER_THREAD_COUNT: mterry has 31/1028698 threads (0.0% utilization)
2025-07-28 15:25:52,265 - INFO     - root        : [START] USER_THREAD_COUNT: mterry has 49/1028698 threads (0.0% utilization)
2025-07-28 15:25:53,048 - INFO     - root        : [ROCOTO_SUCCESS_ATTEMPT_1] USER_THREAD_COUNT: mterry has 42/1028698 threads (0.0% utilization)
2025-07-28 15:25:53,049 - INFO     - root        : Rocoto call successful on attempt 1: call_time=0.72s, total_time=0.72s
2025-07-28 15:25:53,803 - INFO     - root        : [ROCOTO_SUCCESS_ATTEMPT_1] USER_THREAD_COUNT: mterry has 42/1028698 threads (0.0% utilization)
2025-07-28 15:25:53,803 - INFO     - root        : Rocoto call successful on attempt 1: call_time=0.70s, total_time=0.70s
2025-07-28 15:25:53,861 - INFO     - root        : [END] USER_THREAD_COUNT: mterry has 42/1028698 threads (0.0% utilization)
2025-07-28 15:31:55,047 - INFO     - root        : [START] USER_THREAD_COUNT: mterry has 95/1028698 threads (0.01% utilization)
2025-07-28 15:31:55,809 - INFO     - root        : [ROCOTO_SUCCESS_ATTEMPT_1] USER_THREAD_COUNT: mterry has 55/1028698 threads (0.01% utilization)
2025-07-28 15:31:55,809 - INFO     - root        : Rocoto call successful on attempt 1: call_time=0.70s, total_time=0.70s
2025-07-28 15:31:56,541 - INFO     - root        : [ROCOTO_SUCCESS_ATTEMPT_1] USER_THREAD_COUNT: mterry has 54/1028698 threads (0.01% utilization)
2025-07-28 15:31:56,541 - INFO     - root        : Rocoto call successful on attempt 1: call_time=0.68s, total_time=0.68s
2025-07-28 15:31:56,597 - INFO     - root        : [END] USER_THREAD_COUNT: mterry has 54/1028698 threads (0.01% utilization)
2025-07-28 15:37:57,781 - INFO     - root        : [START] USER_THREAD_COUNT: mterry has 44/1028698 threads (0.0% utilization)
2025-07-28 15:37:58,707 - INFO     - root        : [ROCOTO_SUCCESS_ATTEMPT_1] USER_THREAD_COUNT: mterry has 38/1028698 threads (0.0% utilization)
2025-07-28 15:37:58,707 - INFO     - root        : Rocoto call successful on attempt 1: call_time=0.87s, total_time=0.87s
2025-07-28 15:37:59,435 - INFO     - root        : [ROCOTO_SUCCESS_ATTEMPT_1] USER_THREAD_COUNT: mterry has 28/1028698 threads (0.0% utilization)
2025-07-28 15:37:59,435 - INFO     - root        : Rocoto call successful on attempt 1: call_time=0.67s, total_time=0.67s
2025-07-28 15:37:59,489 - INFO     - root        : [END] USER_THREAD_COUNT: mterry has 28/1028698 threads (0.0% utilization)
2025-07-28 15:44:00,670 - INFO     - root        : [START] USER_THREAD_COUNT: mterry has 38/1028698 threads (0.0% utilization)
2025-07-28 15:44:01,424 - INFO     - root        : [ROCOTO_SUCCESS_ATTEMPT_1] USER_THREAD_COUNT: mterry has 38/1028698 threads (0.0% utilization)
2025-07-28 15:44:01,424 - INFO     - root        : Rocoto call successful on attempt 1: call_time=0.69s, total_time=0.69s
2025-07-28 15:44:02,179 - INFO     - root        : [ROCOTO_SUCCESS_ATTEMPT_1] USER_THREAD_COUNT: mterry has 28/1028698 threads (0.0% utilization)
2025-07-28 15:44:02,179 - INFO     - root        : Rocoto call successful on attempt 1: call_time=0.69s, total_time=0.69s
2025-07-28 15:44:02,237 - INFO     - root        : [END] USER_THREAD_COUNT: mterry has 28/1028698 threads (0.0% utilization)
2025-07-28 15:50:03,439 - INFO     - root        : [START] USER_THREAD_COUNT: mterry has 64/1028698 threads (0.01% utilization)
2025-07-28 15:50:04,200 - INFO     - root        : [ROCOTO_SUCCESS_ATTEMPT_1] USER_THREAD_COUNT: mterry has 63/1028698 threads (0.01% utilization)
2025-07-28 15:50:04,200 - INFO     - root        : Rocoto call successful on attempt 1: call_time=0.70s, total_time=0.70s
2025-07-28 15:50:04,931 - INFO     - root        : [ROCOTO_SUCCESS_ATTEMPT_1] USER_THREAD_COUNT: mterry has 54/1028698 threads (0.01% utilization)
2025-07-28 15:50:04,931 - INFO     - root        : Rocoto call successful on attempt 1: call_time=0.67s, total_time=0.67s
2025-07-28 15:50:04,986 - INFO     - root        : [END] USER_THREAD_COUNT: mterry has 54/1028698 threads (0.01% utilization)
2025-07-28 15:56:06,196 - INFO     - root        : [START] USER_THREAD_COUNT: mterry has 43/1028698 threads (0.0% utilization)
2025-07-28 15:56:06,956 - INFO     - root        : [ROCOTO_SUCCESS_ATTEMPT_1] USER_THREAD_COUNT: mterry has 43/1028698 threads (0.0% utilization)
2025-07-28 15:56:06,956 - INFO     - root        : Rocoto call successful on attempt 1: call_time=0.70s, total_time=0.70s
2025-07-28 15:56:07,710 - INFO     - root        : [ROCOTO_SUCCESS_ATTEMPT_1] USER_THREAD_COUNT: mterry has 28/1028698 threads (0.0% utilization)
2025-07-28 15:56:07,710 - INFO     - root        : Rocoto call successful on attempt 1: call_time=0.67s, total_time=0.67s
2025-07-28 15:56:07,766 - INFO     - root        : [END] USER_THREAD_COUNT: mterry has 28/1028698 threads (0.0% utilization)
2025-07-28 16:02:08,954 - INFO     - root        : [START] USER_THREAD_COUNT: mterry has 42/1028698 threads (0.0% utilization)
2025-07-28 16:02:09,714 - INFO     - root        : [ROCOTO_SUCCESS_ATTEMPT_1] USER_THREAD_COUNT: mterry has 42/1028698 threads (0.0% utilization)
2025-07-28 16:02:09,714 - INFO     - root        : Rocoto call successful on attempt 1: call_time=0.70s, total_time=0.70s
2025-07-28 16:02:10,451 - INFO     - root        : [ROCOTO_SUCCESS_ATTEMPT_1] USER_THREAD_COUNT: mterry has 41/1028698 threads (0.0% utilization)
2025-07-28 16:02:10,451 - INFO     - root        : Rocoto call successful on attempt 1: call_time=0.68s, total_time=0.68s
2025-07-28 16:02:10,507 - INFO     - root        : [END] USER_THREAD_COUNT: mterry has 41/1028698 threads (0.0% utilization)
2025-07-28 16:08:11,699 - INFO     - root        : [START] USER_THREAD_COUNT: mterry has 29/1028698 threads (0.0% utilization)
2025-07-28 16:08:12,455 - INFO     - root        : [ROCOTO_SUCCESS_ATTEMPT_1] USER_THREAD_COUNT: mterry has 29/1028698 threads (0.0% utilization)
2025-07-28 16:08:12,455 - INFO     - root        : Rocoto call successful on attempt 1: call_time=0.70s, total_time=0.70s
2025-07-28 16:08:13,188 - INFO     - root        : [ROCOTO_SUCCESS_ATTEMPT_1] USER_THREAD_COUNT: mterry has 28/1028698 threads (0.0% utilization)
2025-07-28 16:08:13,188 - INFO     - root        : Rocoto call successful on attempt 1: call_time=0.67s, total_time=0.67s
2025-07-28 16:08:13,244 - INFO     - root        : [END] USER_THREAD_COUNT: mterry has 28/1028698 threads (0.0% utilization)
2025-07-28 16:14:14,999 - INFO     - root        : [START] USER_THREAD_COUNT: mterry has 43/1028698 threads (0.0% utilization)
2025-07-28 16:14:15,765 - INFO     - root        : [ROCOTO_SUCCESS_ATTEMPT_1] USER_THREAD_COUNT: mterry has 28/1028698 threads (0.0% utilization)
2025-07-28 16:14:15,766 - INFO     - root        : Rocoto call successful on attempt 1: call_time=0.71s, total_time=0.71s
2025-07-28 16:14:16,511 - INFO     - root        : [ROCOTO_SUCCESS_ATTEMPT_1] USER_THREAD_COUNT: mterry has 28/1028698 threads (0.0% utilization)
2025-07-28 16:14:16,512 - INFO     - root        : Rocoto call successful on attempt 1: call_time=0.69s, total_time=0.69s
2025-07-28 16:14:16,567 - INFO     - root        : [END] USER_THREAD_COUNT: mterry has 28/1028698 threads (0.0% utilization)
2025-07-28 16:20:17,762 - INFO     - root        : [START] USER_THREAD_COUNT: mterry has 28/1028698 threads (0.0% utilization)
2025-07-28 16:20:18,516 - INFO     - root        : [ROCOTO_SUCCESS_ATTEMPT_1] USER_THREAD_COUNT: mterry has 28/1028698 threads (0.0% utilization)
2025-07-28 16:20:18,516 - INFO     - root        : Rocoto call successful on attempt 1: call_time=0.69s, total_time=0.69s
2025-07-28 16:20:19,247 - INFO     - root        : [ROCOTO_SUCCESS_ATTEMPT_1] USER_THREAD_COUNT: mterry has 28/1028698 threads (0.0% utilization)
2025-07-28 16:20:19,247 - INFO     - root        : Rocoto call successful on attempt 1: call_time=0.67s, total_time=0.67s
2025-07-28 16:20:19,300 - INFO     - root        : [END] USER_THREAD_COUNT: mterry has 28/1028698 threads (0.0% utilization)
2025-07-28 16:26:20,491 - INFO     - root        : [START] USER_THREAD_COUNT: mterry has 28/1028698 threads (0.0% utilization)
2025-07-28 16:26:21,241 - INFO     - root        : [ROCOTO_SUCCESS_ATTEMPT_1] USER_THREAD_COUNT: mterry has 28/1028698 threads (0.0% utilization)
2025-07-28 16:26:21,241 - INFO     - root        : Rocoto call successful on attempt 1: call_time=0.69s, total_time=0.69s
2025-07-28 16:26:21,969 - INFO     - root        : [ROCOTO_SUCCESS_ATTEMPT_1] USER_THREAD_COUNT: mterry has 28/1028698 threads (0.0% utilization)
2025-07-28 16:26:21,969 - INFO     - root        : Rocoto call successful on attempt 1: call_time=0.67s, total_time=0.67s
2025-07-28 16:26:22,021 - INFO     - root        : [END] USER_THREAD_COUNT: mterry has 28/1028698 threads (0.0% utilization)
2025-07-28 16:32:23,308 - INFO     - root        : [START] USER_THREAD_COUNT: mterry has 41/1028698 threads (0.0% utilization)
2025-07-28 16:32:24,064 - INFO     - root        : [ROCOTO_SUCCESS_ATTEMPT_1] USER_THREAD_COUNT: mterry has 41/1028698 threads (0.0% utilization)
2025-07-28 16:32:24,064 - INFO     - root        : Rocoto call successful on attempt 1: call_time=0.70s, total_time=0.70s
2025-07-28 16:32:24,791 - INFO     - root        : [ROCOTO_SUCCESS_ATTEMPT_1] USER_THREAD_COUNT: mterry has 41/1028698 threads (0.0% utilization)
2025-07-28 16:32:24,791 - INFO     - root        : Rocoto call successful on attempt 1: call_time=0.67s, total_time=0.67s
2025-07-28 16:32:24,844 - INFO     - root        : [END] USER_THREAD_COUNT: mterry has 41/1028698 threads (0.0% utilization)
2025-07-28 16:38:26,052 - INFO     - root        : [START] USER_THREAD_COUNT: mterry has 28/1028698 threads (0.0% utilization)
2025-07-28 16:38:26,815 - INFO     - root        : [ROCOTO_SUCCESS_ATTEMPT_1] USER_THREAD_COUNT: mterry has 28/1028698 threads (0.0% utilization)
2025-07-28 16:38:26,816 - INFO     - root        : Rocoto call successful on attempt 1: call_time=0.71s, total_time=0.71s
2025-07-28 16:38:27,540 - INFO     - root        : [ROCOTO_SUCCESS_ATTEMPT_1] USER_THREAD_COUNT: mterry has 28/1028698 threads (0.0% utilization)
2025-07-28 16:38:27,540 - INFO     - root        : Rocoto call successful on attempt 1: call_time=0.67s, total_time=0.67s
2025-07-28 16:38:27,592 - INFO     - root        : [END] USER_THREAD_COUNT: mterry has 28/1028698 threads (0.0% utilization)
2025-07-28 16:44:28,786 - INFO     - root        : [START] USER_THREAD_COUNT: mterry has 28/1028698 threads (0.0% utilization)
2025-07-28 16:44:29,539 - INFO     - root        : [ROCOTO_SUCCESS_ATTEMPT_1] USER_THREAD_COUNT: mterry has 28/1028698 threads (0.0% utilization)
2025-07-28 16:44:29,539 - INFO     - root        : Rocoto call successful on attempt 1: call_time=0.70s, total_time=0.70s
2025-07-28 16:44:30,268 - INFO     - root        : [ROCOTO_SUCCESS_ATTEMPT_1] USER_THREAD_COUNT: mterry has 28/1028698 threads (0.0% utilization)
2025-07-28 16:44:30,268 - INFO     - root        : Rocoto call successful on attempt 1: call_time=0.67s, total_time=0.67s
2025-07-28 16:44:30,320 - INFO     - root        : [END] USER_THREAD_COUNT: mterry has 28/1028698 threads (0.0% utilization)
2025-07-28 16:50:31,510 - INFO     - root        : [START] USER_THREAD_COUNT: mterry has 28/1028698 threads (0.0% utilization)
2025-07-28 16:50:32,266 - INFO     - root        : [ROCOTO_SUCCESS_ATTEMPT_1] USER_THREAD_COUNT: mterry has 28/1028698 threads (0.0% utilization)
2025-07-28 16:50:32,266 - INFO     - root        : Rocoto call successful on attempt 1: call_time=0.70s, total_time=0.70s
2025-07-28 16:50:32,999 - INFO     - root        : [ROCOTO_SUCCESS_ATTEMPT_1] USER_THREAD_COUNT: mterry has 28/1028698 threads (0.0% utilization)
2025-07-28 16:50:32,999 - INFO     - root        : Rocoto call successful on attempt 1: call_time=0.68s, total_time=0.68s
2025-07-28 16:50:33,051 - INFO     - root        : [END] USER_THREAD_COUNT: mterry has 28/1028698 threads (0.0% utilization)
2025-07-28 16:56:34,255 - INFO     - root        : [START] USER_THREAD_COUNT: mterry has 28/1028698 threads (0.0% utilization)
2025-07-28 16:56:35,006 - INFO     - root        : [ROCOTO_SUCCESS_ATTEMPT_1] USER_THREAD_COUNT: mterry has 28/1028698 threads (0.0% utilization)
2025-07-28 16:56:35,006 - INFO     - root        : Rocoto call successful on attempt 1: call_time=0.69s, total_time=0.69s
2025-07-28 16:56:35,736 - INFO     - root        : [ROCOTO_SUCCESS_ATTEMPT_1] USER_THREAD_COUNT: mterry has 28/1028698 threads (0.0% utilization)
2025-07-28 16:56:35,736 - INFO     - root        : Rocoto call successful on attempt 1: call_time=0.68s, total_time=0.68s
2025-07-28 16:56:35,788 - INFO     - root        : [END] USER_THREAD_COUNT: mterry has 28/1028698 threads (0.0% utilization)
2025-07-28 17:02:36,981 - INFO     - root        : [START] USER_THREAD_COUNT: mterry has 28/1028698 threads (0.0% utilization)
2025-07-28 17:02:37,735 - INFO     - root        : [ROCOTO_SUCCESS_ATTEMPT_1] USER_THREAD_COUNT: mterry has 28/1028698 threads (0.0% utilization)
2025-07-28 17:02:37,735 - INFO     - root        : Rocoto call successful on attempt 1: call_time=0.69s, total_time=0.69s
2025-07-28 17:02:38,466 - INFO     - root        : [ROCOTO_SUCCESS_ATTEMPT_1] USER_THREAD_COUNT: mterry has 28/1028698 threads (0.0% utilization)
2025-07-28 17:02:38,467 - INFO     - root        : Rocoto call successful on attempt 1: call_time=0.68s, total_time=0.68s
2025-07-28 17:02:38,519 - INFO     - root        : [END] USER_THREAD_COUNT: mterry has 28/1028698 threads (0.0% utilization)
2025-07-28 17:08:39,721 - INFO     - root        : [START] USER_THREAD_COUNT: mterry has 28/1028698 threads (0.0% utilization)
2025-07-28 17:08:40,473 - INFO     - root        : [ROCOTO_SUCCESS_ATTEMPT_1] USER_THREAD_COUNT: mterry has 28/1028698 threads (0.0% utilization)
2025-07-28 17:08:40,473 - INFO     - root        : Rocoto call successful on attempt 1: call_time=0.69s, total_time=0.69s
2025-07-28 17:08:41,200 - INFO     - root        : [ROCOTO_SUCCESS_ATTEMPT_1] USER_THREAD_COUNT: mterry has 28/1028698 threads (0.0% utilization)
2025-07-28 17:08:41,200 - INFO     - root        : Rocoto call successful on attempt 1: call_time=0.67s, total_time=0.67s
2025-07-28 17:08:41,253 - INFO     - root        : [END] USER_THREAD_COUNT: mterry has 28/1028698 threads (0.0% utilization)
2025-07-28 17:14:42,501 - INFO     - root        : [START] USER_THREAD_COUNT: mterry has 28/1028698 threads (0.0% utilization)
2025-07-28 17:14:43,254 - INFO     - root        : [ROCOTO_SUCCESS_ATTEMPT_1] USER_THREAD_COUNT: mterry has 28/1028698 threads (0.0% utilization)
2025-07-28 17:14:43,254 - INFO     - root        : Rocoto call successful on attempt 1: call_time=0.70s, total_time=0.70s
2025-07-28 17:14:43,985 - INFO     - root        : [ROCOTO_SUCCESS_ATTEMPT_1] USER_THREAD_COUNT: mterry has 28/1028698 threads (0.0% utilization)
2025-07-28 17:14:43,985 - INFO     - root        : Rocoto call successful on attempt 1: call_time=0.68s, total_time=0.68s
2025-07-28 17:14:44,037 - INFO     - root        : [END] USER_THREAD_COUNT: mterry has 28/1028698 threads (0.0% utilization)
2025-07-28 17:20:45,231 - INFO     - root        : [START] USER_THREAD_COUNT: mterry has 28/1028698 threads (0.0% utilization)
2025-07-28 17:20:45,983 - INFO     - root        : [ROCOTO_SUCCESS_ATTEMPT_1] USER_THREAD_COUNT: mterry has 28/1028698 threads (0.0% utilization)
2025-07-28 17:20:45,983 - INFO     - root        : Rocoto call successful on attempt 1: call_time=0.69s, total_time=0.69s
2025-07-28 17:20:46,712 - INFO     - root        : [ROCOTO_SUCCESS_ATTEMPT_1] USER_THREAD_COUNT: mterry has 28/1028698 threads (0.0% utilization)
2025-07-28 17:20:46,712 - INFO     - root        : Rocoto call successful on attempt 1: call_time=0.67s, total_time=0.67s
2025-07-28 17:20:46,765 - INFO     - root        : [END] USER_THREAD_COUNT: mterry has 28/1028698 threads (0.0% utilization)
2025-07-28 17:26:47,954 - INFO     - root        : [START] USER_THREAD_COUNT: mterry has 28/1028698 threads (0.0% utilization)
2025-07-28 17:26:48,710 - INFO     - root        : [ROCOTO_SUCCESS_ATTEMPT_1] USER_THREAD_COUNT: mterry has 28/1028698 threads (0.0% utilization)
2025-07-28 17:26:48,710 - INFO     - root        : Rocoto call successful on attempt 1: call_time=0.70s, total_time=0.70s
2025-07-28 17:26:49,439 - INFO     - root        : [ROCOTO_SUCCESS_ATTEMPT_1] USER_THREAD_COUNT: mterry has 28/1028698 threads (0.0% utilization)
2025-07-28 17:26:49,440 - INFO     - root        : Rocoto call successful on attempt 1: call_time=0.67s, total_time=0.67s
2025-07-28 17:26:49,491 - INFO     - root        : [END] USER_THREAD_COUNT: mterry has 28/1028698 threads (0.0% utilization)
2025-07-28 17:32:50,670 - INFO     - root        : [START] USER_THREAD_COUNT: mterry has 28/1028698 threads (0.0% utilization)
2025-07-28 17:32:51,446 - INFO     - root        : [ROCOTO_SUCCESS_ATTEMPT_1] USER_THREAD_COUNT: mterry has 28/1028698 threads (0.0% utilization)
2025-07-28 17:32:51,447 - INFO     - root        : Rocoto call successful on attempt 1: call_time=0.72s, total_time=0.72s
2025-07-28 17:32:52,177 - INFO     - root        : [ROCOTO_SUCCESS_ATTEMPT_1] USER_THREAD_COUNT: mterry has 28/1028698 threads (0.0% utilization)
2025-07-28 17:32:52,178 - INFO     - root        : Rocoto call successful on attempt 1: call_time=0.67s, total_time=0.67s
2025-07-28 17:32:52,231 - INFO     - root        : [END] USER_THREAD_COUNT: mterry has 28/1028698 threads (0.0% utilization)
2025-07-28 17:38:53,457 - INFO     - root        : [START] USER_THREAD_COUNT: mterry has 28/1028698 threads (0.0% utilization)
2025-07-28 17:38:54,214 - INFO     - root        : [ROCOTO_SUCCESS_ATTEMPT_1] USER_THREAD_COUNT: mterry has 28/1028698 threads (0.0% utilization)
2025-07-28 17:38:54,214 - INFO     - root        : Rocoto call successful on attempt 1: call_time=0.70s, total_time=0.70s
2025-07-28 17:38:54,942 - INFO     - root        : [ROCOTO_SUCCESS_ATTEMPT_1] USER_THREAD_COUNT: mterry has 28/1028698 threads (0.0% utilization)
2025-07-28 17:38:54,942 - INFO     - root        : Rocoto call successful on attempt 1: call_time=0.67s, total_time=0.67s
2025-07-28 17:38:54,994 - INFO     - root        : [END] USER_THREAD_COUNT: mterry has 28/1028698 threads (0.0% utilization)
2025-07-28 17:44:56,169 - INFO     - root        : [START] USER_THREAD_COUNT: mterry has 28/1028698 threads (0.0% utilization)
2025-07-28 17:44:56,918 - INFO     - root        : [ROCOTO_SUCCESS_ATTEMPT_1] USER_THREAD_COUNT: mterry has 28/1028698 threads (0.0% utilization)
2025-07-28 17:44:56,918 - INFO     - root        : Rocoto call successful on attempt 1: call_time=0.69s, total_time=0.69s
2025-07-28 17:44:57,644 - INFO     - root        : [ROCOTO_SUCCESS_ATTEMPT_1] USER_THREAD_COUNT: mterry has 28/1028698 threads (0.0% utilization)
2025-07-28 17:44:57,644 - INFO     - root        : Rocoto call successful on attempt 1: call_time=0.67s, total_time=0.67s
2025-07-28 17:44:57,695 - INFO     - root        : [END] USER_THREAD_COUNT: mterry has 28/1028698 threads (0.0% utilization)
2025-07-28 17:50:58,881 - INFO     - root        : [START] USER_THREAD_COUNT: mterry has 28/1028698 threads (0.0% utilization)
2025-07-28 17:50:59,633 - INFO     - root        : [ROCOTO_SUCCESS_ATTEMPT_1] USER_THREAD_COUNT: mterry has 28/1028698 threads (0.0% utilization)
2025-07-28 17:50:59,633 - INFO     - root        : Rocoto call successful on attempt 1: call_time=0.69s, total_time=0.69s
2025-07-28 17:51:00,367 - INFO     - root        : [ROCOTO_SUCCESS_ATTEMPT_1] USER_THREAD_COUNT: mterry has 28/1028698 threads (0.0% utilization)
2025-07-28 17:51:00,367 - INFO     - root        : Rocoto call successful on attempt 1: call_time=0.68s, total_time=0.68s
2025-07-28 17:51:00,419 - INFO     - root        : [END] USER_THREAD_COUNT: mterry has 28/1028698 threads (0.0% utilization)
2025-07-28 17:57:01,599 - INFO     - root        : [START] USER_THREAD_COUNT: mterry has 40/1028698 threads (0.0% utilization)
2025-07-28 17:57:02,360 - INFO     - root        : [ROCOTO_SUCCESS_ATTEMPT_1] USER_THREAD_COUNT: mterry has 40/1028698 threads (0.0% utilization)
2025-07-28 17:57:02,360 - INFO     - root        : Rocoto call successful on attempt 1: call_time=0.70s, total_time=0.70s
2025-07-28 17:57:03,122 - INFO     - root        : [ROCOTO_SUCCESS_ATTEMPT_1] USER_THREAD_COUNT: mterry has 40/1028698 threads (0.0% utilization)
2025-07-28 17:57:03,122 - INFO     - root        : Rocoto call successful on attempt 1: call_time=0.71s, total_time=0.71s
2025-07-28 17:57:03,176 - INFO     - root        : [END] USER_THREAD_COUNT: mterry has 40/1028698 threads (0.0% utilization)
2025-07-28 18:03:04,359 - INFO     - root        : [START] USER_THREAD_COUNT: mterry has 27/1028698 threads (0.0% utilization)
2025-07-28 18:03:05,111 - INFO     - root        : [ROCOTO_SUCCESS_ATTEMPT_1] USER_THREAD_COUNT: mterry has 27/1028698 threads (0.0% utilization)
2025-07-28 18:03:05,111 - INFO     - root        : Rocoto call successful on attempt 1: call_time=0.69s, total_time=0.69s
2025-07-28 18:03:05,834 - INFO     - root        : [ROCOTO_SUCCESS_ATTEMPT_1] USER_THREAD_COUNT: mterry has 27/1028698 threads (0.0% utilization)
2025-07-28 18:03:05,834 - INFO     - root        : Rocoto call successful on attempt 1: call_time=0.67s, total_time=0.67s
2025-07-28 18:03:05,886 - INFO     - root        : [END] USER_THREAD_COUNT: mterry has 27/1028698 threads (0.0% utilization)
2025-07-28 18:09:07,083 - INFO     - root        : [START] USER_THREAD_COUNT: mterry has 27/1028698 threads (0.0% utilization)
2025-07-28 18:09:07,838 - INFO     - root        : [ROCOTO_SUCCESS_ATTEMPT_1] USER_THREAD_COUNT: mterry has 27/1028698 threads (0.0% utilization)
2025-07-28 18:09:07,838 - INFO     - root        : Rocoto call successful on attempt 1: call_time=0.70s, total_time=0.70s
2025-07-28 18:09:08,564 - INFO     - root        : [ROCOTO_SUCCESS_ATTEMPT_1] USER_THREAD_COUNT: mterry has 27/1028698 threads (0.0% utilization)
2025-07-28 18:09:08,564 - INFO     - root        : Rocoto call successful on attempt 1: call_time=0.67s, total_time=0.67s
2025-07-28 18:09:08,616 - INFO     - root        : [END] USER_THREAD_COUNT: mterry has 27/1028698 threads (0.0% utilization)
2025-07-28 18:15:09,809 - INFO     - root        : [START] USER_THREAD_COUNT: mterry has 27/1028698 threads (0.0% utilization)
2025-07-28 18:15:10,566 - INFO     - root        : [ROCOTO_SUCCESS_ATTEMPT_1] USER_THREAD_COUNT: mterry has 27/1028698 threads (0.0% utilization)
2025-07-28 18:15:10,566 - INFO     - root        : Rocoto call successful on attempt 1: call_time=0.70s, total_time=0.70s
2025-07-28 18:15:11,298 - INFO     - root        : [ROCOTO_SUCCESS_ATTEMPT_1] USER_THREAD_COUNT: mterry has 27/1028698 threads (0.0% utilization)
2025-07-28 18:15:11,298 - INFO     - root        : Rocoto call successful on attempt 1: call_time=0.67s, total_time=0.67s
2025-07-28 18:15:11,351 - INFO     - root        : [END] USER_THREAD_COUNT: mterry has 27/1028698 threads (0.0% utilization)
2025-07-28 18:21:12,530 - INFO     - root        : [START] USER_THREAD_COUNT: mterry has 27/1028698 threads (0.0% utilization)
2025-07-28 18:21:13,280 - INFO     - root        : [ROCOTO_SUCCESS_ATTEMPT_1] USER_THREAD_COUNT: mterry has 27/1028698 threads (0.0% utilization)
2025-07-28 18:21:13,280 - INFO     - root        : Rocoto call successful on attempt 1: call_time=0.69s, total_time=0.69s
2025-07-28 18:21:14,014 - INFO     - root        : [ROCOTO_SUCCESS_ATTEMPT_1] USER_THREAD_COUNT: mterry has 27/1028698 threads (0.0% utilization)
2025-07-28 18:21:14,014 - INFO     - root        : Rocoto call successful on attempt 1: call_time=0.68s, total_time=0.68s
2025-07-28 18:21:14,065 - INFO     - root        : [END] USER_THREAD_COUNT: mterry has 27/1028698 threads (0.0% utilization)
2025-07-28 18:27:15,240 - INFO     - root        : [START] USER_THREAD_COUNT: mterry has 27/1028698 threads (0.0% utilization)
2025-07-28 18:27:15,996 - INFO     - root        : [ROCOTO_SUCCESS_ATTEMPT_1] USER_THREAD_COUNT: mterry has 27/1028698 threads (0.0% utilization)
2025-07-28 18:27:15,996 - INFO     - root        : Rocoto call successful on attempt 1: call_time=0.70s, total_time=0.70s
2025-07-28 18:27:16,723 - INFO     - root        : [ROCOTO_SUCCESS_ATTEMPT_1] USER_THREAD_COUNT: mterry has 27/1028698 threads (0.0% utilization)
2025-07-28 18:27:16,723 - INFO     - root        : Rocoto call successful on attempt 1: call_time=0.67s, total_time=0.67s
2025-07-28 18:27:16,774 - INFO     - root        : [END] USER_THREAD_COUNT: mterry has 27/1028698 threads (0.0% utilization)
2025-07-28 18:33:17,955 - INFO     - root        : [START] USER_THREAD_COUNT: mterry has 27/1028698 threads (0.0% utilization)
2025-07-28 18:33:18,712 - INFO     - root        : [ROCOTO_SUCCESS_ATTEMPT_1] USER_THREAD_COUNT: mterry has 27/1028698 threads (0.0% utilization)
2025-07-28 18:33:18,713 - INFO     - root        : Rocoto call successful on attempt 1: call_time=0.70s, total_time=0.70s
2025-07-28 18:33:19,441 - INFO     - root        : [ROCOTO_SUCCESS_ATTEMPT_1] USER_THREAD_COUNT: mterry has 27/1028698 threads (0.0% utilization)
2025-07-28 18:33:19,441 - INFO     - root        : Rocoto call successful on attempt 1: call_time=0.67s, total_time=0.67s
2025-07-28 18:33:19,493 - INFO     - root        : [END] USER_THREAD_COUNT: mterry has 27/1028698 threads (0.0% utilization)
2025-07-28 18:39:21,023 - INFO     - root        : [START] USER_THREAD_COUNT: mterry has 40/1028698 threads (0.0% utilization)
2025-07-28 18:39:21,781 - INFO     - root        : [ROCOTO_SUCCESS_ATTEMPT_1] USER_THREAD_COUNT: mterry has 40/1028698 threads (0.0% utilization)
2025-07-28 18:39:21,781 - INFO     - root        : Rocoto call successful on attempt 1: call_time=0.70s, total_time=0.70s
2025-07-28 18:39:22,508 - INFO     - root        : [ROCOTO_SUCCESS_ATTEMPT_1] USER_THREAD_COUNT: mterry has 40/1028698 threads (0.0% utilization)
2025-07-28 18:39:22,508 - INFO     - root        : Rocoto call successful on attempt 1: call_time=0.67s, total_time=0.67s
2025-07-28 18:39:22,561 - INFO     - root        : [END] USER_THREAD_COUNT: mterry has 40/1028698 threads (0.0% utilization)
2025-07-28 18:45:23,743 - INFO     - root        : [START] USER_THREAD_COUNT: mterry has 27/1028698 threads (0.0% utilization)
2025-07-28 18:45:24,493 - INFO     - root        : [ROCOTO_SUCCESS_ATTEMPT_1] USER_THREAD_COUNT: mterry has 27/1028698 threads (0.0% utilization)
2025-07-28 18:45:24,493 - INFO     - root        : Rocoto call successful on attempt 1: call_time=0.69s, total_time=0.69s
2025-07-28 18:45:25,222 - INFO     - root        : [ROCOTO_SUCCESS_ATTEMPT_1] USER_THREAD_COUNT: mterry has 27/1028698 threads (0.0% utilization)
2025-07-28 18:45:25,222 - INFO     - root        : Rocoto call successful on attempt 1: call_time=0.67s, total_time=0.67s
2025-07-28 18:45:25,274 - INFO     - root        : [END] USER_THREAD_COUNT: mterry has 27/1028698 threads (0.0% utilization)
2025-07-28 18:51:26,455 - INFO     - root        : [START] USER_THREAD_COUNT: mterry has 27/1028698 threads (0.0% utilization)
2025-07-28 18:51:27,208 - INFO     - root        : [ROCOTO_SUCCESS_ATTEMPT_1] USER_THREAD_COUNT: mterry has 27/1028698 threads (0.0% utilization)
2025-07-28 18:51:27,208 - INFO     - root        : Rocoto call successful on attempt 1: call_time=0.70s, total_time=0.70s
2025-07-28 18:51:27,934 - INFO     - root        : [ROCOTO_SUCCESS_ATTEMPT_1] USER_THREAD_COUNT: mterry has 27/1028698 threads (0.0% utilization)
2025-07-28 18:51:27,934 - INFO     - root        : Rocoto call successful on attempt 1: call_time=0.67s, total_time=0.67s
2025-07-28 18:51:27,985 - INFO     - root        : [END] USER_THREAD_COUNT: mterry has 27/1028698 threads (0.0% utilization)
2025-07-28 18:57:29,253 - INFO     - root        : [START] USER_THREAD_COUNT: mterry has 27/1028698 threads (0.0% utilization)
2025-07-28 18:57:35,015 - INFO     - root        : [ROCOTO_SUCCESS_ATTEMPT_1] USER_THREAD_COUNT: mterry has 27/1028698 threads (0.0% utilization)
2025-07-28 18:57:35,015 - INFO     - root        : Rocoto call successful on attempt 1: call_time=5.70s, total_time=5.70s
2025-07-28 18:57:35,745 - INFO     - root        : [ROCOTO_SUCCESS_ATTEMPT_1] USER_THREAD_COUNT: mterry has 27/1028698 threads (0.0% utilization)
2025-07-28 18:57:35,745 - INFO     - root        : Rocoto call successful on attempt 1: call_time=0.68s, total_time=0.68s
2025-07-28 18:57:35,796 - INFO     - root        : [END] USER_THREAD_COUNT: mterry has 27/1028698 threads (0.0% utilization)
2025-07-28 19:03:37,353 - INFO     - root        : [START] USER_THREAD_COUNT: mterry has 40/1028698 threads (0.0% utilization)
2025-07-28 19:03:38,127 - INFO     - root        : [ROCOTO_SUCCESS_ATTEMPT_1] USER_THREAD_COUNT: mterry has 40/1028698 threads (0.0% utilization)
2025-07-28 19:03:38,127 - INFO     - root        : Rocoto call successful on attempt 1: call_time=0.72s, total_time=0.72s
2025-07-28 19:03:38,854 - INFO     - root        : [ROCOTO_SUCCESS_ATTEMPT_1] USER_THREAD_COUNT: mterry has 40/1028698 threads (0.0% utilization)
2025-07-28 19:03:38,854 - INFO     - root        : Rocoto call successful on attempt 1: call_time=0.67s, total_time=0.67s
2025-07-28 19:03:38,906 - INFO     - root        : [END] USER_THREAD_COUNT: mterry has 40/1028698 threads (0.0% utilization)
2025-07-28 19:09:40,529 - INFO     - root        : [START] USER_THREAD_COUNT: mterry has 40/1028698 threads (0.0% utilization)
2025-07-28 19:09:41,289 - INFO     - root        : [ROCOTO_SUCCESS_ATTEMPT_1] USER_THREAD_COUNT: mterry has 40/1028698 threads (0.0% utilization)
2025-07-28 19:09:41,289 - INFO     - root        : Rocoto call successful on attempt 1: call_time=0.70s, total_time=0.70s
2025-07-28 19:09:42,022 - INFO     - root        : [ROCOTO_SUCCESS_ATTEMPT_1] USER_THREAD_COUNT: mterry has 40/1028698 threads (0.0% utilization)
2025-07-28 19:09:42,022 - INFO     - root        : Rocoto call successful on attempt 1: call_time=0.68s, total_time=0.68s
2025-07-28 19:09:42,074 - INFO     - root        : [END] USER_THREAD_COUNT: mterry has 40/1028698 threads (0.0% utilization)
2025-07-28 19:15:43,493 - INFO     - root        : [START] USER_THREAD_COUNT: mterry has 27/1028698 threads (0.0% utilization)
2025-07-28 19:15:44,247 - INFO     - root        : [ROCOTO_SUCCESS_ATTEMPT_1] USER_THREAD_COUNT: mterry has 27/1028698 threads (0.0% utilization)
2025-07-28 19:15:44,247 - INFO     - root        : Rocoto call successful on attempt 1: call_time=0.70s, total_time=0.70s
2025-07-28 19:15:44,977 - INFO     - root        : [ROCOTO_SUCCESS_ATTEMPT_1] USER_THREAD_COUNT: mterry has 27/1028698 threads (0.0% utilization)
2025-07-28 19:15:44,977 - INFO     - root        : Rocoto call successful on attempt 1: call_time=0.67s, total_time=0.67s
2025-07-28 19:15:45,030 - INFO     - root        : [END] USER_THREAD_COUNT: mterry has 27/1028698 threads (0.0% utilization)
2025-07-28 19:21:46,404 - INFO     - root        : [START] USER_THREAD_COUNT: mterry has 54/1028698 threads (0.01% utilization)
2025-07-28 19:21:47,155 - INFO     - root        : [ROCOTO_SUCCESS_ATTEMPT_1] USER_THREAD_COUNT: mterry has 54/1028698 threads (0.01% utilization)
2025-07-28 19:21:47,155 - INFO     - root        : Rocoto call successful on attempt 1: call_time=0.69s, total_time=0.69s
2025-07-28 19:21:47,883 - INFO     - root        : [ROCOTO_SUCCESS_ATTEMPT_1] USER_THREAD_COUNT: mterry has 54/1028698 threads (0.01% utilization)
2025-07-28 19:21:47,883 - INFO     - root        : Rocoto call successful on attempt 1: call_time=0.67s, total_time=0.67s
2025-07-28 19:21:47,936 - INFO     - root        : [END] USER_THREAD_COUNT: mterry has 54/1028698 threads (0.01% utilization)
2025-07-28 19:27:54,241 - INFO     - root        : [START] USER_THREAD_COUNT: mterry has 54/1028698 threads (0.01% utilization)
2025-07-28 19:27:54,998 - INFO     - root        : [ROCOTO_SUCCESS_ATTEMPT_1] USER_THREAD_COUNT: mterry has 55/1028698 threads (0.01% utilization)
2025-07-28 19:27:54,998 - INFO     - root        : Rocoto call successful on attempt 1: call_time=0.70s, total_time=0.70s
2025-07-28 19:27:55,728 - INFO     - root        : [ROCOTO_SUCCESS_ATTEMPT_1] USER_THREAD_COUNT: mterry has 69/1028698 threads (0.01% utilization)
2025-07-28 19:27:55,728 - INFO     - root        : Rocoto call successful on attempt 1: call_time=0.67s, total_time=0.67s
2025-07-28 19:27:55,781 - INFO     - root        : [END] USER_THREAD_COUNT: mterry has 69/1028698 threads (0.01% utilization)
2025-07-28 19:33:57,052 - INFO     - root        : [START] USER_THREAD_COUNT: mterry has 28/1028698 threads (0.0% utilization)
2025-07-28 19:33:57,805 - INFO     - root        : [ROCOTO_SUCCESS_ATTEMPT_1] USER_THREAD_COUNT: mterry has 28/1028698 threads (0.0% utilization)
2025-07-28 19:33:57,805 - INFO     - root        : Rocoto call successful on attempt 1: call_time=0.69s, total_time=0.69s
2025-07-28 19:33:58,535 - INFO     - root        : [ROCOTO_SUCCESS_ATTEMPT_1] USER_THREAD_COUNT: mterry has 43/1028698 threads (0.0% utilization)
2025-07-28 19:33:58,535 - INFO     - root        : Rocoto call successful on attempt 1: call_time=0.68s, total_time=0.68s
2025-07-28 19:33:58,588 - INFO     - root        : [END] USER_THREAD_COUNT: mterry has 43/1028698 threads (0.0% utilization)
2025-07-28 19:39:59,865 - INFO     - root        : [START] USER_THREAD_COUNT: mterry has 41/1028698 threads (0.0% utilization)
2025-07-28 19:40:00,626 - INFO     - root        : [ROCOTO_SUCCESS_ATTEMPT_1] USER_THREAD_COUNT: mterry has 41/1028698 threads (0.0% utilization)
2025-07-28 19:40:00,626 - INFO     - root        : Rocoto call successful on attempt 1: call_time=0.70s, total_time=0.70s
2025-07-28 19:40:01,358 - INFO     - root        : [ROCOTO_SUCCESS_ATTEMPT_1] USER_THREAD_COUNT: mterry has 51/1028698 threads (0.0% utilization)
2025-07-28 19:40:01,358 - INFO     - root        : Rocoto call successful on attempt 1: call_time=0.68s, total_time=0.68s
2025-07-28 19:40:01,413 - INFO     - root        : [END] USER_THREAD_COUNT: mterry has 51/1028698 threads (0.0% utilization)
2025-07-28 19:46:03,023 - INFO     - root        : [START] USER_THREAD_COUNT: mterry has 41/1028698 threads (0.0% utilization)
2025-07-28 19:46:03,779 - INFO     - root        : [ROCOTO_SUCCESS_ATTEMPT_1] USER_THREAD_COUNT: mterry has 41/1028698 threads (0.0% utilization)
2025-07-28 19:46:03,780 - INFO     - root        : Rocoto call successful on attempt 1: call_time=0.70s, total_time=0.70s
2025-07-28 19:46:04,517 - INFO     - root        : [ROCOTO_SUCCESS_ATTEMPT_1] USER_THREAD_COUNT: mterry has 51/1028698 threads (0.0% utilization)
2025-07-28 19:46:04,517 - INFO     - root        : Rocoto call successful on attempt 1: call_time=0.68s, total_time=0.68s
2025-07-28 19:46:04,571 - INFO     - root        : [END] USER_THREAD_COUNT: mterry has 56/1028698 threads (0.01% utilization)
2025-07-28 19:52:06,297 - INFO     - root        : [START] USER_THREAD_COUNT: mterry has 39/1028698 threads (0.0% utilization)
2025-07-28 19:52:07,064 - INFO     - root        : [ROCOTO_SUCCESS_ATTEMPT_1] USER_THREAD_COUNT: mterry has 42/1028698 threads (0.0% utilization)
2025-07-28 19:52:07,064 - INFO     - root        : Rocoto call successful on attempt 1: call_time=0.71s, total_time=0.71s
2025-07-28 19:52:07,838 - INFO     - root        : [ROCOTO_SUCCESS_ATTEMPT_1] USER_THREAD_COUNT: mterry has 39/1028698 threads (0.0% utilization)
2025-07-28 19:52:07,838 - INFO     - root        : Rocoto call successful on attempt 1: call_time=0.72s, total_time=0.72s
2025-07-28 19:52:07,891 - INFO     - root        : [END] USER_THREAD_COUNT: mterry has 39/1028698 threads (0.0% utilization)
2025-07-28 19:58:09,176 - INFO     - root        : [START] USER_THREAD_COUNT: mterry has 39/1028698 threads (0.0% utilization)
2025-07-28 19:58:09,971 - INFO     - root        : [ROCOTO_SUCCESS_ATTEMPT_1] USER_THREAD_COUNT: mterry has 39/1028698 threads (0.0% utilization)
2025-07-28 19:58:09,971 - INFO     - root        : Rocoto call successful on attempt 1: call_time=0.74s, total_time=0.74s
2025-07-28 19:58:10,748 - INFO     - root        : [ROCOTO_SUCCESS_ATTEMPT_1] USER_THREAD_COUNT: mterry has 54/1028698 threads (0.01% utilization)
2025-07-28 19:58:10,748 - INFO     - root        : Rocoto call successful on attempt 1: call_time=0.72s, total_time=0.72s
2025-07-28 19:58:10,800 - INFO     - root        : [END] USER_THREAD_COUNT: mterry has 54/1028698 threads (0.01% utilization)
2025-07-28 20:04:12,098 - INFO     - root        : [START] USER_THREAD_COUNT: mterry has 26/1028698 threads (0.0% utilization)
2025-07-28 20:04:12,854 - INFO     - root        : [ROCOTO_SUCCESS_ATTEMPT_1] USER_THREAD_COUNT: mterry has 25/1028698 threads (0.0% utilization)
2025-07-28 20:04:12,854 - INFO     - root        : Rocoto call successful on attempt 1: call_time=0.70s, total_time=0.70s
2025-07-28 20:04:13,584 - INFO     - root        : [ROCOTO_SUCCESS_ATTEMPT_1] USER_THREAD_COUNT: mterry has 36/1028698 threads (0.0% utilization)
2025-07-28 20:04:13,584 - INFO     - root        : Rocoto call successful on attempt 1: call_time=0.67s, total_time=0.67s
2025-07-28 20:04:13,637 - INFO     - root        : [END] USER_THREAD_COUNT: mterry has 41/1028698 threads (0.0% utilization)
2025-07-28 20:10:14,932 - INFO     - root        : [START] USER_THREAD_COUNT: mterry has 26/1028698 threads (0.0% utilization)
2025-07-28 20:10:15,690 - INFO     - root        : [ROCOTO_SUCCESS_ATTEMPT_1] USER_THREAD_COUNT: mterry has 26/1028698 threads (0.0% utilization)
2025-07-28 20:10:15,690 - INFO     - root        : Rocoto call successful on attempt 1: call_time=0.70s, total_time=0.70s
2025-07-28 20:10:16,428 - INFO     - root        : [ROCOTO_SUCCESS_ATTEMPT_1] USER_THREAD_COUNT: mterry has 28/1028698 threads (0.0% utilization)
2025-07-28 20:10:16,428 - INFO     - root        : Rocoto call successful on attempt 1: call_time=0.68s, total_time=0.68s
2025-07-28 20:10:16,482 - INFO     - root        : [END] USER_THREAD_COUNT: mterry has 36/1028698 threads (0.0% utilization)
2025-07-28 20:16:22,754 - INFO     - root        : [START] USER_THREAD_COUNT: mterry has 26/1028698 threads (0.0% utilization)
2025-07-28 20:16:23,505 - INFO     - root        : [ROCOTO_SUCCESS_ATTEMPT_1] USER_THREAD_COUNT: mterry has 41/1028698 threads (0.0% utilization)
2025-07-28 20:16:23,505 - INFO     - root        : Rocoto call successful on attempt 1: call_time=0.69s, total_time=0.69s
2025-07-28 20:16:24,234 - INFO     - root        : [ROCOTO_SUCCESS_ATTEMPT_1] USER_THREAD_COUNT: mterry has 41/1028698 threads (0.0% utilization)
2025-07-28 20:16:24,234 - INFO     - root        : Rocoto call successful on attempt 1: call_time=0.68s, total_time=0.68s
2025-07-28 20:16:24,288 - INFO     - root        : [END] USER_THREAD_COUNT: mterry has 41/1028698 threads (0.0% utilization)
2025-07-28 20:22:25,571 - INFO     - root        : [START] USER_THREAD_COUNT: mterry has 26/1028698 threads (0.0% utilization)
2025-07-28 20:22:26,327 - INFO     - root        : [ROCOTO_SUCCESS_ATTEMPT_1] USER_THREAD_COUNT: mterry has 36/1028698 threads (0.0% utilization)
2025-07-28 20:22:26,327 - INFO     - root        : Rocoto call successful on attempt 1: call_time=0.70s, total_time=0.70s
2025-07-28 20:22:27,059 - INFO     - root        : [ROCOTO_SUCCESS_ATTEMPT_1] USER_THREAD_COUNT: mterry has 36/1028698 threads (0.0% utilization)
2025-07-28 20:22:27,060 - INFO     - root        : Rocoto call successful on attempt 1: call_time=0.68s, total_time=0.68s
2025-07-28 20:22:27,113 - INFO     - root        : [END] USER_THREAD_COUNT: mterry has 36/1028698 threads (0.0% utilization)
2025-07-28 20:28:28,376 - INFO     - root        : [START] USER_THREAD_COUNT: mterry has 65/1028698 threads (0.01% utilization)
2025-07-28 20:28:29,131 - INFO     - root        : [ROCOTO_SUCCESS_ATTEMPT_1] USER_THREAD_COUNT: mterry has 66/1028698 threads (0.01% utilization)
2025-07-28 20:28:29,131 - INFO     - root        : Rocoto call successful on attempt 1: call_time=0.70s, total_time=0.70s
2025-07-28 20:28:29,861 - INFO     - root        : [ROCOTO_SUCCESS_ATTEMPT_1] USER_THREAD_COUNT: mterry has 66/1028698 threads (0.01% utilization)
2025-07-28 20:28:29,861 - INFO     - root        : Rocoto call successful on attempt 1: call_time=0.67s, total_time=0.67s
2025-07-28 20:28:29,914 - INFO     - root        : [END] USER_THREAD_COUNT: mterry has 66/1028698 threads (0.01% utilization)
2025-07-28 20:34:31,203 - INFO     - root        : [START] USER_THREAD_COUNT: mterry has 39/1028698 threads (0.0% utilization)
2025-07-28 20:34:31,957 - INFO     - root        : [ROCOTO_SUCCESS_ATTEMPT_1] USER_THREAD_COUNT: mterry has 40/1028698 threads (0.0% utilization)
2025-07-28 20:34:31,958 - INFO     - root        : Rocoto call successful on attempt 1: call_time=0.70s, total_time=0.70s
2025-07-28 20:34:32,685 - INFO     - root        : [ROCOTO_SUCCESS_ATTEMPT_1] USER_THREAD_COUNT: mterry has 54/1028698 threads (0.01% utilization)
2025-07-28 20:34:32,685 - INFO     - root        : Rocoto call successful on attempt 1: call_time=0.67s, total_time=0.67s
2025-07-28 20:34:32,741 - INFO     - root        : [END] USER_THREAD_COUNT: mterry has 40/1028698 threads (0.0% utilization)
2025-07-28 20:40:34,003 - INFO     - root        : [START] USER_THREAD_COUNT: mterry has 39/1028698 threads (0.0% utilization)
2025-07-28 20:40:34,761 - INFO     - root        : [ROCOTO_SUCCESS_ATTEMPT_1] USER_THREAD_COUNT: mterry has 39/1028698 threads (0.0% utilization)
2025-07-28 20:40:34,761 - INFO     - root        : Rocoto call successful on attempt 1: call_time=0.70s, total_time=0.70s
2025-07-28 20:40:35,506 - INFO     - root        : [ROCOTO_SUCCESS_ATTEMPT_1] USER_THREAD_COUNT: mterry has 41/1028698 threads (0.0% utilization)
2025-07-28 20:40:35,506 - INFO     - root        : Rocoto call successful on attempt 1: call_time=0.69s, total_time=0.69s
2025-07-28 20:40:35,562 - INFO     - root        : [END] USER_THREAD_COUNT: mterry has 49/1028698 threads (0.0% utilization)
2025-07-28 20:46:36,911 - INFO     - root        : [START] USER_THREAD_COUNT: mterry has 26/1028698 threads (0.0% utilization)
2025-07-28 20:46:37,680 - INFO     - root        : [ROCOTO_SUCCESS_ATTEMPT_1] USER_THREAD_COUNT: mterry has 26/1028698 threads (0.0% utilization)
2025-07-28 20:46:37,680 - INFO     - root        : Rocoto call successful on attempt 1: call_time=0.71s, total_time=0.71s
2025-07-28 20:46:38,411 - INFO     - root        : [ROCOTO_SUCCESS_ATTEMPT_1] USER_THREAD_COUNT: mterry has 27/1028698 threads (0.0% utilization)
2025-07-28 20:46:38,412 - INFO     - root        : Rocoto call successful on attempt 1: call_time=0.68s, total_time=0.68s
2025-07-28 20:46:38,465 - INFO     - root        : [END] USER_THREAD_COUNT: mterry has 28/1028698 threads (0.0% utilization)
2025-07-28 20:52:39,757 - INFO     - root        : [START] USER_THREAD_COUNT: mterry has 26/1028698 threads (0.0% utilization)
2025-07-28 20:52:40,509 - INFO     - root        : [ROCOTO_SUCCESS_ATTEMPT_1] USER_THREAD_COUNT: mterry has 26/1028698 threads (0.0% utilization)
2025-07-28 20:52:40,509 - INFO     - root        : Rocoto call successful on attempt 1: call_time=0.69s, total_time=0.69s
2025-07-28 20:52:41,236 - INFO     - root        : [ROCOTO_SUCCESS_ATTEMPT_1] USER_THREAD_COUNT: mterry has 27/1028698 threads (0.0% utilization)
2025-07-28 20:52:41,236 - INFO     - root        : Rocoto call successful on attempt 1: call_time=0.67s, total_time=0.67s
2025-07-28 20:52:41,289 - INFO     - root        : [END] USER_THREAD_COUNT: mterry has 29/1028698 threads (0.0% utilization)
2025-07-28 20:58:42,570 - INFO     - root        : [START] USER_THREAD_COUNT: mterry has 26/1028698 threads (0.0% utilization)
2025-07-28 20:58:43,322 - INFO     - root        : [ROCOTO_SUCCESS_ATTEMPT_1] USER_THREAD_COUNT: mterry has 26/1028698 threads (0.0% utilization)
2025-07-28 20:58:43,322 - INFO     - root        : Rocoto call successful on attempt 1: call_time=0.70s, total_time=0.70s
2025-07-28 20:58:44,049 - INFO     - root        : [ROCOTO_SUCCESS_ATTEMPT_1] USER_THREAD_COUNT: mterry has 26/1028698 threads (0.0% utilization)
2025-07-28 20:58:44,049 - INFO     - root        : Rocoto call successful on attempt 1: call_time=0.67s, total_time=0.67s
2025-07-28 20:58:44,101 - INFO     - root        : [END] USER_THREAD_COUNT: mterry has 26/1028698 threads (0.0% utilization)
2025-07-28 21:04:45,470 - INFO     - root        : [START] USER_THREAD_COUNT: mterry has 26/1028698 threads (0.0% utilization)
2025-07-28 21:04:46,230 - INFO     - root        : [ROCOTO_SUCCESS_ATTEMPT_1] USER_THREAD_COUNT: mterry has 26/1028698 threads (0.0% utilization)
2025-07-28 21:04:46,230 - INFO     - root        : Rocoto call successful on attempt 1: call_time=0.70s, total_time=0.70s
2025-07-28 21:04:46,964 - INFO     - root        : [ROCOTO_SUCCESS_ATTEMPT_1] USER_THREAD_COUNT: mterry has 26/1028698 threads (0.0% utilization)
2025-07-28 21:04:46,964 - INFO     - root        : Rocoto call successful on attempt 1: call_time=0.68s, total_time=0.68s
2025-07-28 21:04:47,018 - INFO     - root        : [END] USER_THREAD_COUNT: mterry has 26/1028698 threads (0.0% utilization)
2025-07-28 21:10:48,452 - INFO     - root        : [START] USER_THREAD_COUNT: mterry has 26/1028698 threads (0.0% utilization)
2025-07-28 21:10:49,204 - INFO     - root        : [ROCOTO_SUCCESS_ATTEMPT_1] USER_THREAD_COUNT: mterry has 26/1028698 threads (0.0% utilization)
2025-07-28 21:10:49,204 - INFO     - root        : Rocoto call successful on attempt 1: call_time=0.69s, total_time=0.69s
2025-07-28 21:10:49,930 - INFO     - root        : [ROCOTO_SUCCESS_ATTEMPT_1] USER_THREAD_COUNT: mterry has 26/1028698 threads (0.0% utilization)
2025-07-28 21:10:49,930 - INFO     - root        : Rocoto call successful on attempt 1: call_time=0.67s, total_time=0.67s
2025-07-28 21:10:49,982 - INFO     - root        : [END] USER_THREAD_COUNT: mterry has 26/1028698 threads (0.0% utilization)
2025-07-28 21:16:51,262 - INFO     - root        : [START] USER_THREAD_COUNT: mterry has 39/1028698 threads (0.0% utilization)
2025-07-28 21:16:52,015 - INFO     - root        : [ROCOTO_SUCCESS_ATTEMPT_1] USER_THREAD_COUNT: mterry has 39/1028698 threads (0.0% utilization)
2025-07-28 21:16:52,015 - INFO     - root        : Rocoto call successful on attempt 1: call_time=0.70s, total_time=0.70s
2025-07-28 21:16:52,741 - INFO     - root        : [ROCOTO_SUCCESS_ATTEMPT_1] USER_THREAD_COUNT: mterry has 39/1028698 threads (0.0% utilization)
2025-07-28 21:16:52,741 - INFO     - root        : Rocoto call successful on attempt 1: call_time=0.67s, total_time=0.67s
2025-07-28 21:16:52,794 - INFO     - root        : [END] USER_THREAD_COUNT: mterry has 39/1028698 threads (0.0% utilization)
2025-07-28 21:22:54,274 - INFO     - root        : [START] USER_THREAD_COUNT: mterry has 52/1028698 threads (0.01% utilization)
2025-07-28 21:22:55,032 - INFO     - root        : [ROCOTO_SUCCESS_ATTEMPT_1] USER_THREAD_COUNT: mterry has 52/1028698 threads (0.01% utilization)
2025-07-28 21:22:55,032 - INFO     - root        : Rocoto call successful on attempt 1: call_time=0.70s, total_time=0.70s
2025-07-28 21:22:55,760 - INFO     - root        : [ROCOTO_SUCCESS_ATTEMPT_1] USER_THREAD_COUNT: mterry has 52/1028698 threads (0.01% utilization)
2025-07-28 21:22:55,760 - INFO     - root        : Rocoto call successful on attempt 1: call_time=0.67s, total_time=0.67s
2025-07-28 21:22:55,813 - INFO     - root        : [END] USER_THREAD_COUNT: mterry has 52/1028698 threads (0.01% utilization)
2025-07-28 21:28:57,279 - INFO     - root        : [START] USER_THREAD_COUNT: mterry has 65/1028698 threads (0.01% utilization)
2025-07-28 21:28:58,033 - INFO     - root        : [ROCOTO_SUCCESS_ATTEMPT_1] USER_THREAD_COUNT: mterry has 65/1028698 threads (0.01% utilization)
2025-07-28 21:28:58,033 - INFO     - root        : Rocoto call successful on attempt 1: call_time=0.70s, total_time=0.70s
2025-07-28 21:28:58,759 - INFO     - root        : [ROCOTO_SUCCESS_ATTEMPT_1] USER_THREAD_COUNT: mterry has 65/1028698 threads (0.01% utilization)
2025-07-28 21:28:58,759 - INFO     - root        : Rocoto call successful on attempt 1: call_time=0.67s, total_time=0.67s
2025-07-28 21:28:58,811 - INFO     - root        : [END] USER_THREAD_COUNT: mterry has 65/1028698 threads (0.01% utilization)
2025-07-28 21:35:00,552 - INFO     - root        : [START] USER_THREAD_COUNT: mterry has 78/1028698 threads (0.01% utilization)
2025-07-28 21:35:01,306 - INFO     - root        : [ROCOTO_SUCCESS_ATTEMPT_1] USER_THREAD_COUNT: mterry has 78/1028698 threads (0.01% utilization)
2025-07-28 21:35:01,306 - INFO     - root        : Rocoto call successful on attempt 1: call_time=0.70s, total_time=0.70s
2025-07-28 21:35:02,052 - INFO     - root        : [ROCOTO_SUCCESS_ATTEMPT_1] USER_THREAD_COUNT: mterry has 78/1028698 threads (0.01% utilization)
2025-07-28 21:35:02,052 - INFO     - root        : Rocoto call successful on attempt 1: call_time=0.68s, total_time=0.68s
2025-07-28 21:35:02,117 - INFO     - root        : [END] USER_THREAD_COUNT: mterry has 78/1028698 threads (0.01% utilization)
2025-07-28 21:41:03,834 - INFO     - root        : [START] USER_THREAD_COUNT: mterry has 39/1028698 threads (0.0% utilization)
2025-07-28 21:41:04,601 - INFO     - root        : [ROCOTO_SUCCESS_ATTEMPT_1] USER_THREAD_COUNT: mterry has 39/1028698 threads (0.0% utilization)
2025-07-28 21:41:04,601 - INFO     - root        : Rocoto call successful on attempt 1: call_time=0.71s, total_time=0.71s
2025-07-28 21:41:05,365 - INFO     - root        : [ROCOTO_SUCCESS_ATTEMPT_1] USER_THREAD_COUNT: mterry has 39/1028698 threads (0.0% utilization)
2025-07-28 21:41:05,365 - INFO     - root        : Rocoto call successful on attempt 1: call_time=0.71s, total_time=0.71s
2025-07-28 21:41:05,417 - INFO     - root        : [END] USER_THREAD_COUNT: mterry has 39/1028698 threads (0.0% utilization)
2025-07-28 21:47:06,715 - INFO     - root        : [START] USER_THREAD_COUNT: mterry has 26/1028698 threads (0.0% utilization)
2025-07-28 21:47:07,465 - INFO     - root        : [ROCOTO_SUCCESS_ATTEMPT_1] USER_THREAD_COUNT: mterry has 26/1028698 threads (0.0% utilization)
2025-07-28 21:47:07,465 - INFO     - root        : Rocoto call successful on attempt 1: call_time=0.69s, total_time=0.69s
2025-07-28 21:47:08,189 - INFO     - root        : [ROCOTO_SUCCESS_ATTEMPT_1] USER_THREAD_COUNT: mterry has 26/1028698 threads (0.0% utilization)
2025-07-28 21:47:08,189 - INFO     - root        : Rocoto call successful on attempt 1: call_time=0.67s, total_time=0.67s
2025-07-28 21:47:08,241 - INFO     - root        : [END] USER_THREAD_COUNT: mterry has 26/1028698 threads (0.0% utilization)
2025-07-28 21:53:09,600 - INFO     - root        : [START] USER_THREAD_COUNT: mterry has 52/1028698 threads (0.01% utilization)
2025-07-28 21:53:10,359 - INFO     - root        : [ROCOTO_SUCCESS_ATTEMPT_1] USER_THREAD_COUNT: mterry has 52/1028698 threads (0.01% utilization)
2025-07-28 21:53:10,359 - INFO     - root        : Rocoto call successful on attempt 1: call_time=0.70s, total_time=0.70s
2025-07-28 21:53:11,087 - INFO     - root        : [ROCOTO_SUCCESS_ATTEMPT_1] USER_THREAD_COUNT: mterry has 52/1028698 threads (0.01% utilization)
2025-07-28 21:53:11,087 - INFO     - root        : Rocoto call successful on attempt 1: call_time=0.67s, total_time=0.67s
2025-07-28 21:53:11,139 - INFO     - root        : [END] USER_THREAD_COUNT: mterry has 52/1028698 threads (0.01% utilization)
2025-07-28 21:59:12,345 - INFO     - root        : [START] USER_THREAD_COUNT: mterry has 53/1028698 threads (0.01% utilization)
2025-07-28 21:59:13,106 - INFO     - root        : [ROCOTO_SUCCESS_ATTEMPT_1] USER_THREAD_COUNT: mterry has 52/1028698 threads (0.01% utilization)
2025-07-28 21:59:13,106 - INFO     - root        : Rocoto call successful on attempt 1: call_time=0.70s, total_time=0.70s
2025-07-28 21:59:13,837 - INFO     - root        : [ROCOTO_SUCCESS_ATTEMPT_1] USER_THREAD_COUNT: mterry has 52/1028698 threads (0.01% utilization)
2025-07-28 21:59:13,837 - INFO     - root        : Rocoto call successful on attempt 1: call_time=0.68s, total_time=0.68s
2025-07-28 21:59:13,889 - INFO     - root        : [END] USER_THREAD_COUNT: mterry has 52/1028698 threads (0.01% utilization)
2025-07-28 22:05:15,075 - INFO     - root        : [START] USER_THREAD_COUNT: mterry has 41/1028698 threads (0.0% utilization)
2025-07-28 22:05:15,838 - INFO     - root        : [ROCOTO_SUCCESS_ATTEMPT_1] USER_THREAD_COUNT: mterry has 26/1028698 threads (0.0% utilization)
2025-07-28 22:05:15,839 - INFO     - root        : Rocoto call successful on attempt 1: call_time=0.71s, total_time=0.71s
2025-07-28 22:05:16,568 - INFO     - root        : [ROCOTO_SUCCESS_ATTEMPT_1] USER_THREAD_COUNT: mterry has 26/1028698 threads (0.0% utilization)
2025-07-28 22:05:16,568 - INFO     - root        : Rocoto call successful on attempt 1: call_time=0.67s, total_time=0.67s
2025-07-28 22:05:16,624 - INFO     - root        : [END] USER_THREAD_COUNT: mterry has 26/1028698 threads (0.0% utilization)
2025-07-28 22:11:17,877 - INFO     - root        : [START] USER_THREAD_COUNT: mterry has 55/1028698 threads (0.01% utilization)
2025-07-28 22:11:18,631 - INFO     - root        : [ROCOTO_SUCCESS_ATTEMPT_1] USER_THREAD_COUNT: mterry has 52/1028698 threads (0.01% utilization)
2025-07-28 22:11:18,631 - INFO     - root        : Rocoto call successful on attempt 1: call_time=0.70s, total_time=0.70s
2025-07-28 22:11:19,365 - INFO     - root        : [ROCOTO_SUCCESS_ATTEMPT_1] USER_THREAD_COUNT: mterry has 52/1028698 threads (0.01% utilization)
2025-07-28 22:11:19,365 - INFO     - root        : Rocoto call successful on attempt 1: call_time=0.68s, total_time=0.68s
2025-07-28 22:11:19,417 - INFO     - root        : [END] USER_THREAD_COUNT: mterry has 52/1028698 threads (0.01% utilization)
2025-07-28 22:17:20,609 - INFO     - root        : [START] USER_THREAD_COUNT: mterry has 66/1028698 threads (0.01% utilization)
2025-07-28 22:17:21,363 - INFO     - root        : [ROCOTO_SUCCESS_ATTEMPT_1] USER_THREAD_COUNT: mterry has 65/1028698 threads (0.01% utilization)
2025-07-28 22:17:21,363 - INFO     - root        : Rocoto call successful on attempt 1: call_time=0.70s, total_time=0.70s
2025-07-28 22:17:22,088 - INFO     - root        : [ROCOTO_SUCCESS_ATTEMPT_1] USER_THREAD_COUNT: mterry has 65/1028698 threads (0.01% utilization)
2025-07-28 22:17:22,088 - INFO     - root        : Rocoto call successful on attempt 1: call_time=0.67s, total_time=0.67s
2025-07-28 22:17:22,140 - INFO     - root        : [END] USER_THREAD_COUNT: mterry has 65/1028698 threads (0.01% utilization)
2025-07-28 22:23:23,494 - INFO     - root        : [START] USER_THREAD_COUNT: mterry has 53/1028698 threads (0.01% utilization)
2025-07-28 22:23:24,247 - INFO     - root        : [ROCOTO_SUCCESS_ATTEMPT_1] USER_THREAD_COUNT: mterry has 52/1028698 threads (0.01% utilization)
2025-07-28 22:23:24,247 - INFO     - root        : Rocoto call successful on attempt 1: call_time=0.69s, total_time=0.69s
2025-07-28 22:23:24,988 - INFO     - root        : [ROCOTO_SUCCESS_ATTEMPT_1] USER_THREAD_COUNT: mterry has 52/1028698 threads (0.01% utilization)
2025-07-28 22:23:24,989 - INFO     - root        : Rocoto call successful on attempt 1: call_time=0.69s, total_time=0.69s
2025-07-28 22:23:25,040 - INFO     - root        : [END] USER_THREAD_COUNT: mterry has 52/1028698 threads (0.01% utilization)
