+ . /work2/noaa/global/role-global/GFS_CI_CD/HERCULES/CI/3551/global-workflow/ush/load_fv3gfs_modules.sh
++ [[ hxB == *x* ]]
++ set_x=YES
++ [[ NO == \N\O ]]
++ echo 'Loading modules quietly...'
Loading modules quietly...
++ set +x
Running "module reset". Resetting modules to system default. The following $MODULEPATH directories have been removed: /work2/noaa/global/role-global/GFS_CI_CD/HERCULES/CI/3551/global-workflow/modulefiles

Currently Loaded Modules:
  1) contrib/0.1                      42) g2tmpl/1.10.2
  2) intel-oneapi-compilers/2023.1.0  43) gsi-ncdiag/1.1.2
  3) stack-intel/2021.9.0             44) crtm-fix/2.4.0.1_emc
  4) intel-oneapi-mpi/2021.9.0        45) git-lfs/3.1.2
  5) stack-intel-oneapi-mpi/2021.9.0  46) crtm/2.4.0.1
  6) intel-oneapi-mkl/2023.1.0        47) openblas/0.3.24
  7) zlib/1.2.13                      48) py-setuptools/63.4.3
  8) pigz/2.7                         49) py-numpy/1.23.4
  9) zstd/1.5.2                       50) bufr/11.7.0
 10) tar/1.34                         51) gmake/4.2.1
 11) gettext/0.21.1                   52) wgrib2/2.0.8
 12) libxcrypt/4.4.35                 53) py-f90nml/1.4.3
 13) sqlite/3.43.2                    54) py-cftime/1.0.3.4
 14) util-linux-uuid/2.38.1           55) py-netcdf4/1.5.8
 15) python/3.11.6                    56) libyaml/0.2.5
 16) libjpeg/2.1.0                    57) py-pyyaml/6.0
 17) jasper/2.0.32                    58) py-markupsafe/2.1.3
 18) libpng/1.6.37                    59) py-jinja2/3.1.2
 19) openjpeg/2.3.1                   60) py-bottleneck/1.3.7
 20) eccodes/2.32.0                   61) py-numexpr/2.8.4
 21) fftw/3.3.10                      62) py-et-xmlfile/1.0.1
 22) nghttp2/1.57.0                   63) py-openpyxl/3.1.2
 23) curl/8.4.0                       64) py-pytz/2023.3
 24) proj/9.2.1                       65) py-pyxlsb/1.0.10
 25) udunits/2.2.28                   66) py-xlrd/2.0.1
 26) cdo/2.2.0                        67) py-xlsxwriter/3.1.7
 27) hdf5/1.14.0                      68) py-xlwt/1.3.0
 28) snappy/1.1.10                    69) py-pandas/1.5.3
 29) c-blosc/1.21.5                   70) py-six/1.16.0
 30) netcdf-c/4.9.2                   71) py-python-dateutil/2.8.2
 31) netcdf-fortran/4.6.1             72) g2c/1.6.4
 32) antlr/2.7.7                      73) netcdf-cxx4/4.3.1
 33) gsl/2.7.1                        74) met/9.1.3
 34) nco/5.0.6                        75) metplus/3.1.1
 35) bacio/2.4.1                      76) py-packaging/23.1
 36) w3emc/2.10.0                     77) py-xarray/2023.7.0
 37) prod_util/2.1.1                  78) prepobs/1.1.0
 38) g2/3.4.5                         79) fit2obs/1.1.5
 39) sp/2.5.0                         80) globus-cli/3.27
 40) ip/4.3.0                         81) module_base.hercules
 41) grib-util/1.3.0

 

++ wxflowPATH=/work2/noaa/global/role-global/GFS_CI_CD/HERCULES/CI/3551/global-workflow/ush/python
++ PYTHONPATH=/apps/other/globus-cli-3.27:/work/noaa/epic/role-epic/spack-stack/hercules/spack-stack-1.6.0/envs/gsi-addon-env/install/intel/2021.9.0/py-xarray-2023.7.0-x743hx4/lib/python3.11/site-packages:/work/noaa/epic/role-epic/spack-stack/hercules/spack-stack-1.6.0/envs/gsi-addon-env/install/intel/2021.9.0/py-packaging-23.1-cvb54w6/lib/python3.11/site-packages:/work/noaa/epic/role-epic/spack-stack/hercules/spack-stack-1.6.0/envs/gsi-addon-env/install/intel/2021.9.0/py-python-dateutil-2.8.2-crskgyy/lib/python3.11/site-packages:/work/noaa/epic/role-epic/spack-stack/hercules/spack-stack-1.6.0/envs/gsi-addon-env/install/intel/2021.9.0/py-six-1.16.0-dtjcn7o/lib/python3.11/site-packages:/work/noaa/epic/role-epic/spack-stack/hercules/spack-stack-1.6.0/envs/gsi-addon-env/install/intel/2021.9.0/py-pandas-1.5.3-7tjsvkw/lib/python3.11/site-packages:/work/noaa/epic/role-epic/spack-stack/hercules/spack-stack-1.6.0/envs/gsi-addon-env/install/intel/2021.9.0/py-xlwt-1.3.0-ghvbw56/lib/python3.11/site-packages:/work/noaa/epic/role-epic/spack-stack/hercules/spack-stack-1.6.0/envs/gsi-addon-env/install/intel/2021.9.0/py-xlsxwriter-3.1.7-rqogaok/lib/python3.11/site-packages:/work/noaa/epic/role-epic/spack-stack/hercules/spack-stack-1.6.0/envs/gsi-addon-env/install/intel/2021.9.0/py-xlrd-2.0.1-g52jf7f/lib/python3.11/site-packages:/work/noaa/epic/role-epic/spack-stack/hercules/spack-stack-1.6.0/envs/gsi-addon-env/install/intel/2021.9.0/py-pyxlsb-1.0.10-ow7w6ge/lib/python3.11/site-packages:/work/noaa/epic/role-epic/spack-stack/hercules/spack-stack-1.6.0/envs/gsi-addon-env/install/intel/2021.9.0/py-pytz-2023.3-kmu3i3s/lib/python3.11/site-packages:/work/noaa/epic/role-epic/spack-stack/hercules/spack-stack-1.6.0/envs/gsi-addon-env/install/intel/2021.9.0/py-openpyxl-3.1.2-vfourqe/lib/python3.11/site-packages:/work/noaa/epic/role-epic/spack-stack/hercules/spack-stack-1.6.0/envs/gsi-addon-env/install/intel/2021.9.0/py-et-xmlfile-1.0.1-7wze7yq/lib/python3.11/site-packages:/work/noaa/epic/role-epic/spack-stack/hercules/spack-stack-1.6.0/envs/gsi-addon-env/install/intel/2021.9.0/py-numexpr-2.8.4-nobvkrq/lib/python3.11/site-packages:/work/noaa/epic/role-epic/spack-stack/hercules/spack-stack-1.6.0/envs/gsi-addon-env/install/intel/2021.9.0/py-bottleneck-1.3.7-ftw2r3a/lib/python3.11/site-packages:/work/noaa/epic/role-epic/spack-stack/hercules/spack-stack-1.6.0/envs/gsi-addon-env/install/intel/2021.9.0/py-jinja2-3.1.2-eoja5pj/lib/python3.11/site-packages:/work/noaa/epic/role-epic/spack-stack/hercules/spack-stack-1.6.0/envs/gsi-addon-env/install/intel/2021.9.0/py-markupsafe-2.1.3-v6xcnb7/lib/python3.11/site-packages:/work/noaa/epic/role-epic/spack-stack/hercules/spack-stack-1.6.0/envs/gsi-addon-env/install/intel/2021.9.0/py-pyyaml-6.0-t2st4x2/lib/python3.11/site-packages:/work/noaa/epic/role-epic/spack-stack/hercules/spack-stack-1.6.0/envs/gsi-addon-env/install/intel/2021.9.0/py-netcdf4-1.5.8-bgfhv5i/lib/python3.11/site-packages:/work/noaa/epic/role-epic/spack-stack/hercules/spack-stack-1.6.0/envs/gsi-addon-env/install/intel/2021.9.0/py-cftime-1.0.3.4-ienmq3i/lib/python3.11/site-packages:/work/noaa/epic/role-epic/spack-stack/hercules/spack-stack-1.6.0/envs/gsi-addon-env/install/intel/2021.9.0/py-f90nml-1.4.3-3ib7u6z/lib/python3.11/site-packages:/work/noaa/epic/role-epic/spack-stack/hercules/spack-stack-1.6.0/envs/gsi-addon-env/install/intel/2021.9.0/bufr-11.7.0-7qdgt6m/lib64/python3.11/site-packages:/work/noaa/epic/role-epic/spack-stack/hercules/spack-stack-1.6.0/envs/gsi-addon-env/install/intel/2021.9.0/bufr-11.7.0-7qdgt6m/lib/python3.11/site-packages:/work/noaa/epic/role-epic/spack-stack/hercules/spack-stack-1.6.0/envs/gsi-addon-env/install/intel/2021.9.0/py-numpy-1.23.4-ftta6ne/lib/python3.11/site-packages:/work/noaa/epic/role-epic/spack-stack/hercules/spack-stack-1.6.0/envs/gsi-addon-env/install/intel/2021.9.0/py-setuptools-63.4.3-5extjhr/lib/python3.11/site-packages:/work2/noaa/global/role-global/GFS_CI_CD/HERCULES/CI/3551/global-workflow/ush:/work2/noaa/global/role-global/GFS_CI_CD/HERCULES/CI/3551/global-workflow/ush/python
++ export PYTHONPATH
++ ulimit -S -s 16384
++ unset ulimit_s
+ echo 'Forcing a status fail to test log file output in CI'
Forcing a status fail to test log file output in CI
+ status=-1
+ ((  status != 0  ))
+ exit -1
