2025-09-04 14:33:24,081 - INFO     - root        : [START] USER_THREAD_COUNT: role-global has 67/767903 threads (0.01% utilization)
2025-09-04 14:33:26,072 - INFO     - root        : [ROCOTO_SUCCESS_ATTEMPT_1] USER_THREAD_COUNT: role-global has 85/767903 threads (0.01% utilization)
2025-09-04 14:33:26,072 - INFO     - root        : Rocoto call successful on attempt 1: call_time=1.91s, total_time=1.91s
2025-09-04 14:33:27,936 - INFO     - root        : [ROCOTO_SUCCESS_ATTEMPT_1] USER_THREAD_COUNT: role-global has 52/767903 threads (0.01% utilization)
2025-09-04 14:33:27,937 - INFO     - root        : Rocoto call successful on attempt 1: call_time=1.79s, total_time=1.79s
2025-09-04 14:33:28,005 - INFO     - root        : [END] USER_THREAD_COUNT: role-global has 52/767903 threads (0.01% utilization)
2025-09-04 14:39:32,236 - INFO     - root        : [START] USER_THREAD_COUNT: role-global has 120/767903 threads (0.02% utilization)
2025-09-04 14:39:34,203 - INFO     - root        : [ROCOTO_SUCCESS_ATTEMPT_1] USER_THREAD_COUNT: role-global has 104/767903 threads (0.01% utilization)
2025-09-04 14:39:34,204 - INFO     - root        : Rocoto call successful on attempt 1: call_time=1.89s, total_time=1.89s
2025-09-04 14:39:36,065 - INFO     - root        : [ROCOTO_SUCCESS_ATTEMPT_1] USER_THREAD_COUNT: role-global has 91/767903 threads (0.01% utilization)
2025-09-04 14:39:36,065 - INFO     - root        : Rocoto call successful on attempt 1: call_time=1.78s, total_time=1.78s
2025-09-04 14:39:36,133 - INFO     - root        : [END] USER_THREAD_COUNT: role-global has 91/767903 threads (0.01% utilization)
2025-09-04 14:45:39,193 - INFO     - root        : [START] USER_THREAD_COUNT: role-global has 78/767903 threads (0.01% utilization)
2025-09-04 14:45:41,168 - INFO     - root        : [ROCOTO_SUCCESS_ATTEMPT_1] USER_THREAD_COUNT: role-global has 68/767903 threads (0.01% utilization)
2025-09-04 14:45:41,168 - INFO     - root        : Rocoto call successful on attempt 1: call_time=1.90s, total_time=1.90s
2025-09-04 14:45:43,015 - INFO     - root        : [ROCOTO_SUCCESS_ATTEMPT_1] USER_THREAD_COUNT: role-global has 52/767903 threads (0.01% utilization)
2025-09-04 14:45:43,016 - INFO     - root        : Rocoto call successful on attempt 1: call_time=1.77s, total_time=1.77s
2025-09-04 14:45:43,090 - INFO     - root        : [END] USER_THREAD_COUNT: role-global has 52/767903 threads (0.01% utilization)
2025-09-04 14:51:46,928 - INFO     - root        : [START] USER_THREAD_COUNT: role-global has 68/767903 threads (0.01% utilization)
2025-09-04 14:51:48,894 - INFO     - root        : [ROCOTO_SUCCESS_ATTEMPT_1] USER_THREAD_COUNT: role-global has 65/767903 threads (0.01% utilization)
2025-09-04 14:51:48,894 - INFO     - root        : Rocoto call successful on attempt 1: call_time=1.89s, total_time=1.89s
2025-09-04 14:51:50,762 - INFO     - root        : [ROCOTO_SUCCESS_ATTEMPT_1] USER_THREAD_COUNT: role-global has 65/767903 threads (0.01% utilization)
2025-09-04 14:51:50,762 - INFO     - root        : Rocoto call successful on attempt 1: call_time=1.79s, total_time=1.79s
2025-09-04 14:51:50,836 - INFO     - root        : [END] USER_THREAD_COUNT: role-global has 65/767903 threads (0.01% utilization)
2025-09-04 14:57:54,227 - INFO     - root        : [START] USER_THREAD_COUNT: role-global has 55/767903 threads (0.01% utilization)
2025-09-04 14:57:56,175 - INFO     - root        : [ROCOTO_SUCCESS_ATTEMPT_1] USER_THREAD_COUNT: role-global has 52/767903 threads (0.01% utilization)
2025-09-04 14:57:56,175 - INFO     - root        : Rocoto call successful on attempt 1: call_time=1.88s, total_time=1.88s
2025-09-04 14:57:58,019 - INFO     - root        : [ROCOTO_SUCCESS_ATTEMPT_1] USER_THREAD_COUNT: role-global has 52/767903 threads (0.01% utilization)
2025-09-04 14:57:58,019 - INFO     - root        : Rocoto call successful on attempt 1: call_time=1.77s, total_time=1.77s
2025-09-04 14:57:58,091 - INFO     - root        : [END] USER_THREAD_COUNT: role-global has 52/767903 threads (0.01% utilization)
2025-09-04 15:04:01,103 - INFO     - root        : [START] USER_THREAD_COUNT: role-global has 76/767903 threads (0.01% utilization)
2025-09-04 15:04:03,135 - INFO     - root        : [ROCOTO_SUCCESS_ATTEMPT_1] USER_THREAD_COUNT: role-global has 65/767903 threads (0.01% utilization)
2025-09-04 15:04:03,135 - INFO     - root        : Rocoto call successful on attempt 1: call_time=1.95s, total_time=1.95s
2025-09-04 15:04:05,007 - INFO     - root        : [ROCOTO_SUCCESS_ATTEMPT_1] USER_THREAD_COUNT: role-global has 65/767903 threads (0.01% utilization)
2025-09-04 15:04:05,008 - INFO     - root        : Rocoto call successful on attempt 1: call_time=1.80s, total_time=1.80s
2025-09-04 15:04:05,098 - INFO     - root        : [END] USER_THREAD_COUNT: role-global has 65/767903 threads (0.01% utilization)
2025-09-04 15:10:08,361 - INFO     - root        : [START] USER_THREAD_COUNT: role-global has 65/767903 threads (0.01% utilization)
2025-09-04 15:10:10,373 - INFO     - root        : [ROCOTO_SUCCESS_ATTEMPT_1] USER_THREAD_COUNT: role-global has 65/767903 threads (0.01% utilization)
2025-09-04 15:10:10,373 - INFO     - root        : Rocoto call successful on attempt 1: call_time=1.92s, total_time=1.92s
2025-09-04 15:10:12,347 - INFO     - root        : [ROCOTO_SUCCESS_ATTEMPT_1] USER_THREAD_COUNT: role-global has 65/767903 threads (0.01% utilization)
2025-09-04 15:10:12,347 - INFO     - root        : Rocoto call successful on attempt 1: call_time=1.89s, total_time=1.89s
2025-09-04 15:10:12,435 - INFO     - root        : [END] USER_THREAD_COUNT: role-global has 65/767903 threads (0.01% utilization)
2025-09-04 15:16:15,658 - INFO     - root        : [START] USER_THREAD_COUNT: role-global has 85/767903 threads (0.01% utilization)
2025-09-04 15:16:17,644 - INFO     - root        : [ROCOTO_SUCCESS_ATTEMPT_1] USER_THREAD_COUNT: role-global has 78/767903 threads (0.01% utilization)
2025-09-04 15:16:17,644 - INFO     - root        : Rocoto call successful on attempt 1: call_time=1.91s, total_time=1.91s
2025-09-04 15:16:19,547 - INFO     - root        : [ROCOTO_SUCCESS_ATTEMPT_1] USER_THREAD_COUNT: role-global has 78/767903 threads (0.01% utilization)
2025-09-04 15:16:19,547 - INFO     - root        : Rocoto call successful on attempt 1: call_time=1.83s, total_time=1.83s
2025-09-04 15:16:19,626 - INFO     - root        : [END] USER_THREAD_COUNT: role-global has 78/767903 threads (0.01% utilization)
2025-09-04 15:22:22,805 - INFO     - root        : [START] USER_THREAD_COUNT: role-global has 81/767903 threads (0.01% utilization)
2025-09-04 15:22:24,748 - INFO     - root        : [ROCOTO_SUCCESS_ATTEMPT_1] USER_THREAD_COUNT: role-global has 65/767903 threads (0.01% utilization)
2025-09-04 15:22:24,748 - INFO     - root        : Rocoto call successful on attempt 1: call_time=1.87s, total_time=1.87s
2025-09-04 15:22:26,611 - INFO     - root        : [ROCOTO_SUCCESS_ATTEMPT_1] USER_THREAD_COUNT: role-global has 65/767903 threads (0.01% utilization)
2025-09-04 15:22:26,611 - INFO     - root        : Rocoto call successful on attempt 1: call_time=1.79s, total_time=1.79s
2025-09-04 15:22:26,683 - INFO     - root        : [END] USER_THREAD_COUNT: role-global has 65/767903 threads (0.01% utilization)
2025-09-04 15:28:29,999 - INFO     - root        : [START] USER_THREAD_COUNT: role-global has 98/767903 threads (0.01% utilization)
2025-09-04 15:28:31,959 - INFO     - root        : [ROCOTO_SUCCESS_ATTEMPT_1] USER_THREAD_COUNT: role-global has 98/767903 threads (0.01% utilization)
2025-09-04 15:28:31,960 - INFO     - root        : Rocoto call successful on attempt 1: call_time=1.89s, total_time=1.89s
2025-09-04 15:28:33,814 - INFO     - root        : [ROCOTO_SUCCESS_ATTEMPT_1] USER_THREAD_COUNT: role-global has 91/767903 threads (0.01% utilization)
2025-09-04 15:28:33,814 - INFO     - root        : Rocoto call successful on attempt 1: call_time=1.78s, total_time=1.78s
2025-09-04 15:28:33,881 - INFO     - root        : [END] USER_THREAD_COUNT: role-global has 91/767903 threads (0.01% utilization)
2025-09-04 15:34:37,022 - INFO     - root        : [START] USER_THREAD_COUNT: role-global has 91/767903 threads (0.01% utilization)
2025-09-04 15:34:39,004 - INFO     - root        : [ROCOTO_SUCCESS_ATTEMPT_1] USER_THREAD_COUNT: role-global has 80/767903 threads (0.01% utilization)
2025-09-04 15:34:39,004 - INFO     - root        : Rocoto call successful on attempt 1: call_time=1.91s, total_time=1.91s
2025-09-04 15:34:40,852 - INFO     - root        : [ROCOTO_SUCCESS_ATTEMPT_1] USER_THREAD_COUNT: role-global has 78/767903 threads (0.01% utilization)
2025-09-04 15:34:40,852 - INFO     - root        : Rocoto call successful on attempt 1: call_time=1.77s, total_time=1.77s
2025-09-04 15:34:40,926 - INFO     - root        : [END] USER_THREAD_COUNT: role-global has 78/767903 threads (0.01% utilization)
2025-09-04 15:40:43,823 - INFO     - root        : [START] USER_THREAD_COUNT: role-global has 69/767903 threads (0.01% utilization)
2025-09-04 15:40:45,781 - INFO     - root        : [ROCOTO_SUCCESS_ATTEMPT_1] USER_THREAD_COUNT: role-global has 53/767903 threads (0.01% utilization)
2025-09-04 15:40:45,781 - INFO     - root        : Rocoto call successful on attempt 1: call_time=1.88s, total_time=1.88s
2025-09-04 15:40:47,644 - INFO     - root        : [ROCOTO_SUCCESS_ATTEMPT_1] USER_THREAD_COUNT: role-global has 53/767903 threads (0.01% utilization)
2025-09-04 15:40:47,644 - INFO     - root        : Rocoto call successful on attempt 1: call_time=1.79s, total_time=1.79s
2025-09-04 15:40:47,710 - INFO     - root        : [END] USER_THREAD_COUNT: role-global has 53/767903 threads (0.01% utilization)
2025-09-04 15:46:51,691 - INFO     - root        : [START] USER_THREAD_COUNT: role-global has 79/767903 threads (0.01% utilization)
2025-09-04 15:46:53,655 - INFO     - root        : [ROCOTO_SUCCESS_ATTEMPT_1] USER_THREAD_COUNT: role-global has 79/767903 threads (0.01% utilization)
2025-09-04 15:46:53,655 - INFO     - root        : Rocoto call successful on attempt 1: call_time=1.89s, total_time=1.89s
2025-09-04 15:46:55,517 - INFO     - root        : [ROCOTO_SUCCESS_ATTEMPT_1] USER_THREAD_COUNT: role-global has 79/767903 threads (0.01% utilization)
2025-09-04 15:46:55,517 - INFO     - root        : Rocoto call successful on attempt 1: call_time=1.79s, total_time=1.79s
2025-09-04 15:46:55,588 - INFO     - root        : [END] USER_THREAD_COUNT: role-global has 79/767903 threads (0.01% utilization)
2025-09-04 15:52:59,665 - INFO     - root        : [START] USER_THREAD_COUNT: role-global has 92/767903 threads (0.01% utilization)
2025-09-04 15:53:01,625 - INFO     - root        : [ROCOTO_SUCCESS_ATTEMPT_1] USER_THREAD_COUNT: role-global has 92/767903 threads (0.01% utilization)
2025-09-04 15:53:01,625 - INFO     - root        : Rocoto call successful on attempt 1: call_time=1.89s, total_time=1.89s
2025-09-04 15:53:03,485 - INFO     - root        : [ROCOTO_SUCCESS_ATTEMPT_1] USER_THREAD_COUNT: role-global has 92/767903 threads (0.01% utilization)
2025-09-04 15:53:03,486 - INFO     - root        : Rocoto call successful on attempt 1: call_time=1.79s, total_time=1.79s
2025-09-04 15:53:03,554 - INFO     - root        : [END] USER_THREAD_COUNT: role-global has 92/767903 threads (0.01% utilization)
2025-09-04 15:59:06,960 - INFO     - root        : [START] USER_THREAD_COUNT: role-global has 75/767903 threads (0.01% utilization)
2025-09-04 15:59:08,950 - INFO     - root        : [ROCOTO_SUCCESS_ATTEMPT_1] USER_THREAD_COUNT: role-global has 75/767903 threads (0.01% utilization)
2025-09-04 15:59:08,950 - INFO     - root        : Rocoto call successful on attempt 1: call_time=1.91s, total_time=1.91s
2025-09-04 15:59:10,784 - INFO     - root        : [ROCOTO_SUCCESS_ATTEMPT_1] USER_THREAD_COUNT: role-global has 75/767903 threads (0.01% utilization)
2025-09-04 15:59:10,784 - INFO     - root        : Rocoto call successful on attempt 1: call_time=1.76s, total_time=1.76s
2025-09-04 15:59:10,850 - INFO     - root        : [END] USER_THREAD_COUNT: role-global has 75/767903 threads (0.01% utilization)
2025-09-04 16:12:16,648 - INFO     - root        : [START] USER_THREAD_COUNT: role-global has 93/767903 threads (0.01% utilization)
2025-09-04 16:12:18,697 - INFO     - root        : [ROCOTO_SUCCESS_ATTEMPT_1] USER_THREAD_COUNT: role-global has 108/767903 threads (0.01% utilization)
2025-09-04 16:12:18,697 - INFO     - root        : Rocoto call successful on attempt 1: call_time=1.97s, total_time=1.97s
2025-09-04 16:12:20,607 - INFO     - root        : [ROCOTO_SUCCESS_ATTEMPT_1] USER_THREAD_COUNT: role-global has 98/767903 threads (0.01% utilization)
2025-09-04 16:12:20,607 - INFO     - root        : Rocoto call successful on attempt 1: call_time=1.83s, total_time=1.83s
2025-09-04 16:12:20,687 - INFO     - root        : [END] USER_THREAD_COUNT: role-global has 106/767903 threads (0.01% utilization)
2025-09-04 16:19:08,790 - INFO     - root        : [START] USER_THREAD_COUNT: role-global has 67/767903 threads (0.01% utilization)
2025-09-04 16:19:10,792 - INFO     - root        : [ROCOTO_SUCCESS_ATTEMPT_1] USER_THREAD_COUNT: role-global has 67/767903 threads (0.01% utilization)
2025-09-04 16:19:10,792 - INFO     - root        : Rocoto call successful on attempt 1: call_time=1.92s, total_time=1.92s
2025-09-04 16:19:12,677 - INFO     - root        : [ROCOTO_SUCCESS_ATTEMPT_1] USER_THREAD_COUNT: role-global has 67/767903 threads (0.01% utilization)
2025-09-04 16:19:12,678 - INFO     - root        : Rocoto call successful on attempt 1: call_time=1.81s, total_time=1.81s
2025-09-04 16:19:12,752 - INFO     - root        : [END] USER_THREAD_COUNT: role-global has 67/767903 threads (0.01% utilization)
2025-09-04 16:25:16,331 - INFO     - root        : [START] USER_THREAD_COUNT: role-global has 67/767903 threads (0.01% utilization)
2025-09-04 16:25:18,313 - INFO     - root        : [ROCOTO_SUCCESS_ATTEMPT_1] USER_THREAD_COUNT: role-global has 67/767903 threads (0.01% utilization)
2025-09-04 16:25:18,313 - INFO     - root        : Rocoto call successful on attempt 1: call_time=1.90s, total_time=1.90s
2025-09-04 16:25:20,158 - INFO     - root        : [ROCOTO_SUCCESS_ATTEMPT_1] USER_THREAD_COUNT: role-global has 67/767903 threads (0.01% utilization)
2025-09-04 16:25:20,158 - INFO     - root        : Rocoto call successful on attempt 1: call_time=1.77s, total_time=1.77s
2025-09-04 16:25:20,232 - INFO     - root        : [END] USER_THREAD_COUNT: role-global has 67/767903 threads (0.01% utilization)
2025-09-04 16:31:24,255 - INFO     - root        : [START] USER_THREAD_COUNT: role-global has 80/767903 threads (0.01% utilization)
2025-09-04 16:31:26,241 - INFO     - root        : [ROCOTO_SUCCESS_ATTEMPT_1] USER_THREAD_COUNT: role-global has 80/767903 threads (0.01% utilization)
2025-09-04 16:31:26,242 - INFO     - root        : Rocoto call successful on attempt 1: call_time=1.91s, total_time=1.91s
2025-09-04 16:31:28,093 - INFO     - root        : [ROCOTO_SUCCESS_ATTEMPT_1] USER_THREAD_COUNT: role-global has 80/767903 threads (0.01% utilization)
2025-09-04 16:31:28,093 - INFO     - root        : Rocoto call successful on attempt 1: call_time=1.77s, total_time=1.77s
2025-09-04 16:31:28,169 - INFO     - root        : [END] USER_THREAD_COUNT: role-global has 80/767903 threads (0.01% utilization)
2025-09-04 16:37:31,765 - INFO     - root        : [START] USER_THREAD_COUNT: role-global has 80/767903 threads (0.01% utilization)
2025-09-04 16:37:33,762 - INFO     - root        : [ROCOTO_SUCCESS_ATTEMPT_1] USER_THREAD_COUNT: role-global has 80/767903 threads (0.01% utilization)
2025-09-04 16:37:33,762 - INFO     - root        : Rocoto call successful on attempt 1: call_time=1.92s, total_time=1.92s
2025-09-04 16:37:35,620 - INFO     - root        : [ROCOTO_SUCCESS_ATTEMPT_1] USER_THREAD_COUNT: role-global has 80/767903 threads (0.01% utilization)
2025-09-04 16:37:35,620 - INFO     - root        : Rocoto call successful on attempt 1: call_time=1.78s, total_time=1.78s
2025-09-04 16:37:35,694 - INFO     - root        : [END] USER_THREAD_COUNT: role-global has 80/767903 threads (0.01% utilization)
2025-09-04 16:43:39,252 - INFO     - root        : [START] USER_THREAD_COUNT: role-global has 81/767903 threads (0.01% utilization)
2025-09-04 16:43:41,233 - INFO     - root        : [ROCOTO_SUCCESS_ATTEMPT_1] USER_THREAD_COUNT: role-global has 81/767903 threads (0.01% utilization)
2025-09-04 16:43:41,233 - INFO     - root        : Rocoto call successful on attempt 1: call_time=1.90s, total_time=1.90s
2025-09-04 16:43:43,095 - INFO     - root        : [ROCOTO_SUCCESS_ATTEMPT_1] USER_THREAD_COUNT: role-global has 81/767903 threads (0.01% utilization)
2025-09-04 16:43:43,095 - INFO     - root        : Rocoto call successful on attempt 1: call_time=1.78s, total_time=1.78s
2025-09-04 16:43:43,169 - INFO     - root        : [END] USER_THREAD_COUNT: role-global has 81/767903 threads (0.01% utilization)
2025-09-04 16:49:47,382 - INFO     - root        : [START] USER_THREAD_COUNT: role-global has 38/767903 threads (0.0% utilization)
2025-09-04 16:49:49,351 - INFO     - root        : [ROCOTO_SUCCESS_ATTEMPT_1] USER_THREAD_COUNT: role-global has 38/767903 threads (0.0% utilization)
2025-09-04 16:49:49,351 - INFO     - root        : Rocoto call successful on attempt 1: call_time=1.90s, total_time=1.90s
2025-09-04 16:49:51,203 - INFO     - root        : [ROCOTO_SUCCESS_ATTEMPT_1] USER_THREAD_COUNT: role-global has 38/767903 threads (0.0% utilization)
2025-09-04 16:49:51,203 - INFO     - root        : Rocoto call successful on attempt 1: call_time=1.78s, total_time=1.78s
2025-09-04 16:49:51,275 - INFO     - root        : [END] USER_THREAD_COUNT: role-global has 38/767903 threads (0.0% utilization)
2025-09-04 16:55:55,354 - INFO     - root        : [START] USER_THREAD_COUNT: role-global has 38/767903 threads (0.0% utilization)
2025-09-04 16:55:57,337 - INFO     - root        : [ROCOTO_SUCCESS_ATTEMPT_1] USER_THREAD_COUNT: role-global has 38/767903 threads (0.0% utilization)
2025-09-04 16:55:57,337 - INFO     - root        : Rocoto call successful on attempt 1: call_time=1.91s, total_time=1.91s
2025-09-04 16:55:59,206 - INFO     - root        : [ROCOTO_SUCCESS_ATTEMPT_1] USER_THREAD_COUNT: role-global has 38/767903 threads (0.0% utilization)
2025-09-04 16:55:59,207 - INFO     - root        : Rocoto call successful on attempt 1: call_time=1.79s, total_time=1.79s
2025-09-04 16:55:59,278 - INFO     - root        : [END] USER_THREAD_COUNT: role-global has 38/767903 threads (0.0% utilization)
2025-09-04 17:02:04,018 - INFO     - root        : [START] USER_THREAD_COUNT: role-global has 50/767903 threads (0.01% utilization)
2025-09-04 17:02:05,983 - INFO     - root        : [ROCOTO_SUCCESS_ATTEMPT_1] USER_THREAD_COUNT: role-global has 50/767903 threads (0.01% utilization)
2025-09-04 17:02:05,983 - INFO     - root        : Rocoto call successful on attempt 1: call_time=1.89s, total_time=1.89s
2025-09-04 17:02:07,838 - INFO     - root        : [ROCOTO_SUCCESS_ATTEMPT_1] USER_THREAD_COUNT: role-global has 50/767903 threads (0.01% utilization)
2025-09-04 17:02:07,838 - INFO     - root        : Rocoto call successful on attempt 1: call_time=1.78s, total_time=1.78s
2025-09-04 17:02:07,911 - INFO     - root        : [END] USER_THREAD_COUNT: role-global has 50/767903 threads (0.01% utilization)
2025-09-04 17:08:10,610 - INFO     - root        : [START] USER_THREAD_COUNT: role-global has 63/767903 threads (0.01% utilization)
2025-09-04 17:08:12,576 - INFO     - root        : [ROCOTO_SUCCESS_ATTEMPT_1] USER_THREAD_COUNT: role-global has 63/767903 threads (0.01% utilization)
2025-09-04 17:08:12,576 - INFO     - root        : Rocoto call successful on attempt 1: call_time=1.90s, total_time=1.90s
2025-09-04 17:08:14,455 - INFO     - root        : [ROCOTO_SUCCESS_ATTEMPT_1] USER_THREAD_COUNT: role-global has 63/767903 threads (0.01% utilization)
2025-09-04 17:08:14,455 - INFO     - root        : Rocoto call successful on attempt 1: call_time=1.81s, total_time=1.81s
2025-09-04 17:08:14,531 - INFO     - root        : [END] USER_THREAD_COUNT: role-global has 63/767903 threads (0.01% utilization)
2025-09-04 17:14:17,242 - INFO     - root        : [START] USER_THREAD_COUNT: role-global has 50/767903 threads (0.01% utilization)
2025-09-04 17:14:19,225 - INFO     - root        : [ROCOTO_SUCCESS_ATTEMPT_1] USER_THREAD_COUNT: role-global has 50/767903 threads (0.01% utilization)
2025-09-04 17:14:19,226 - INFO     - root        : Rocoto call successful on attempt 1: call_time=1.91s, total_time=1.91s
2025-09-04 17:14:21,062 - INFO     - root        : [ROCOTO_SUCCESS_ATTEMPT_1] USER_THREAD_COUNT: role-global has 50/767903 threads (0.01% utilization)
2025-09-04 17:14:21,062 - INFO     - root        : Rocoto call successful on attempt 1: call_time=1.77s, total_time=1.77s
2025-09-04 17:14:21,126 - INFO     - root        : [END] USER_THREAD_COUNT: role-global has 50/767903 threads (0.01% utilization)
2025-09-04 17:20:24,569 - INFO     - root        : [START] USER_THREAD_COUNT: role-global has 63/767903 threads (0.01% utilization)
2025-09-04 17:20:26,552 - INFO     - root        : [ROCOTO_SUCCESS_ATTEMPT_1] USER_THREAD_COUNT: role-global has 63/767903 threads (0.01% utilization)
2025-09-04 17:20:26,553 - INFO     - root        : Rocoto call successful on attempt 1: call_time=1.91s, total_time=1.91s
2025-09-04 17:20:28,388 - INFO     - root        : [ROCOTO_SUCCESS_ATTEMPT_1] USER_THREAD_COUNT: role-global has 63/767903 threads (0.01% utilization)
2025-09-04 17:20:28,389 - INFO     - root        : Rocoto call successful on attempt 1: call_time=1.77s, total_time=1.77s
2025-09-04 17:20:28,462 - INFO     - root        : [END] USER_THREAD_COUNT: role-global has 63/767903 threads (0.01% utilization)
2025-09-04 17:26:32,541 - INFO     - root        : [START] USER_THREAD_COUNT: role-global has 37/767903 threads (0.0% utilization)
2025-09-04 17:26:34,523 - INFO     - root        : [ROCOTO_SUCCESS_ATTEMPT_1] USER_THREAD_COUNT: role-global has 37/767903 threads (0.0% utilization)
2025-09-04 17:26:34,523 - INFO     - root        : Rocoto call successful on attempt 1: call_time=1.91s, total_time=1.91s
2025-09-04 17:26:36,364 - INFO     - root        : [ROCOTO_SUCCESS_ATTEMPT_1] USER_THREAD_COUNT: role-global has 37/767903 threads (0.0% utilization)
2025-09-04 17:26:36,364 - INFO     - root        : Rocoto call successful on attempt 1: call_time=1.77s, total_time=1.77s
2025-09-04 17:26:36,435 - INFO     - root        : [END] USER_THREAD_COUNT: role-global has 37/767903 threads (0.0% utilization)
2025-09-04 17:32:40,612 - INFO     - root        : [START] USER_THREAD_COUNT: role-global has 63/767903 threads (0.01% utilization)
2025-09-04 17:32:42,583 - INFO     - root        : [ROCOTO_SUCCESS_ATTEMPT_1] USER_THREAD_COUNT: role-global has 63/767903 threads (0.01% utilization)
2025-09-04 17:32:42,584 - INFO     - root        : Rocoto call successful on attempt 1: call_time=1.90s, total_time=1.90s
2025-09-04 17:32:44,399 - INFO     - root        : [ROCOTO_SUCCESS_ATTEMPT_1] USER_THREAD_COUNT: role-global has 63/767903 threads (0.01% utilization)
2025-09-04 17:32:44,399 - INFO     - root        : Rocoto call successful on attempt 1: call_time=1.74s, total_time=1.74s
2025-09-04 17:32:44,464 - INFO     - root        : [END] USER_THREAD_COUNT: role-global has 63/767903 threads (0.01% utilization)
2025-09-04 17:38:48,990 - INFO     - root        : [START] USER_THREAD_COUNT: role-global has 63/767903 threads (0.01% utilization)
2025-09-04 17:38:50,959 - INFO     - root        : [ROCOTO_SUCCESS_ATTEMPT_1] USER_THREAD_COUNT: role-global has 63/767903 threads (0.01% utilization)
2025-09-04 17:38:50,959 - INFO     - root        : Rocoto call successful on attempt 1: call_time=1.90s, total_time=1.90s
2025-09-04 17:38:52,803 - INFO     - root        : [ROCOTO_SUCCESS_ATTEMPT_1] USER_THREAD_COUNT: role-global has 63/767903 threads (0.01% utilization)
2025-09-04 17:38:52,803 - INFO     - root        : Rocoto call successful on attempt 1: call_time=1.77s, total_time=1.77s
2025-09-04 17:38:52,875 - INFO     - root        : [END] USER_THREAD_COUNT: role-global has 63/767903 threads (0.01% utilization)
2025-09-04 17:44:56,573 - INFO     - root        : [START] USER_THREAD_COUNT: role-global has 63/767903 threads (0.01% utilization)
2025-09-04 17:44:58,568 - INFO     - root        : [ROCOTO_SUCCESS_ATTEMPT_1] USER_THREAD_COUNT: role-global has 63/767903 threads (0.01% utilization)
2025-09-04 17:44:58,568 - INFO     - root        : Rocoto call successful on attempt 1: call_time=1.93s, total_time=1.93s
2025-09-04 17:45:00,423 - INFO     - root        : [ROCOTO_SUCCESS_ATTEMPT_1] USER_THREAD_COUNT: role-global has 63/767903 threads (0.01% utilization)
2025-09-04 17:45:00,424 - INFO     - root        : Rocoto call successful on attempt 1: call_time=1.78s, total_time=1.78s
2025-09-04 17:45:00,496 - INFO     - root        : [END] USER_THREAD_COUNT: role-global has 63/767903 threads (0.01% utilization)
2025-09-04 17:51:04,460 - INFO     - root        : [START] USER_THREAD_COUNT: role-global has 76/767903 threads (0.01% utilization)
2025-09-04 17:51:06,451 - INFO     - root        : [ROCOTO_SUCCESS_ATTEMPT_1] USER_THREAD_COUNT: role-global has 76/767903 threads (0.01% utilization)
2025-09-04 17:51:06,451 - INFO     - root        : Rocoto call successful on attempt 1: call_time=1.91s, total_time=1.91s
2025-09-04 17:51:08,281 - INFO     - root        : [ROCOTO_SUCCESS_ATTEMPT_1] USER_THREAD_COUNT: role-global has 76/767903 threads (0.01% utilization)
2025-09-04 17:51:08,281 - INFO     - root        : Rocoto call successful on attempt 1: call_time=1.75s, total_time=1.75s
2025-09-04 17:51:08,357 - INFO     - root        : [END] USER_THREAD_COUNT: role-global has 76/767903 threads (0.01% utilization)
2025-09-04 17:57:11,168 - INFO     - root        : [START] USER_THREAD_COUNT: role-global has 42/767903 threads (0.01% utilization)
2025-09-04 17:57:13,147 - INFO     - root        : [ROCOTO_SUCCESS_ATTEMPT_1] USER_THREAD_COUNT: role-global has 42/767903 threads (0.01% utilization)
2025-09-04 17:57:13,147 - INFO     - root        : Rocoto call successful on attempt 1: call_time=1.90s, total_time=1.90s
2025-09-04 17:57:14,989 - INFO     - root        : [ROCOTO_SUCCESS_ATTEMPT_1] USER_THREAD_COUNT: role-global has 42/767903 threads (0.01% utilization)
2025-09-04 17:57:14,989 - INFO     - root        : Rocoto call successful on attempt 1: call_time=1.77s, total_time=1.77s
2025-09-04 17:57:15,053 - INFO     - root        : [END] USER_THREAD_COUNT: role-global has 42/767903 threads (0.01% utilization)
2025-09-04 18:03:17,783 - INFO     - root        : [START] USER_THREAD_COUNT: role-global has 29/767903 threads (0.0% utilization)
2025-09-04 18:03:19,778 - INFO     - root        : [ROCOTO_SUCCESS_ATTEMPT_1] USER_THREAD_COUNT: role-global has 29/767903 threads (0.0% utilization)
2025-09-04 18:03:19,778 - INFO     - root        : Rocoto call successful on attempt 1: call_time=1.92s, total_time=1.92s
2025-09-04 18:03:21,625 - INFO     - root        : [ROCOTO_SUCCESS_ATTEMPT_1] USER_THREAD_COUNT: role-global has 29/767903 threads (0.0% utilization)
2025-09-04 18:03:21,625 - INFO     - root        : Rocoto call successful on attempt 1: call_time=1.78s, total_time=1.78s
2025-09-04 18:03:21,696 - INFO     - root        : [END] USER_THREAD_COUNT: role-global has 29/767903 threads (0.0% utilization)
2025-09-04 18:09:24,440 - INFO     - root        : [START] USER_THREAD_COUNT: role-global has 29/767903 threads (0.0% utilization)
2025-09-04 18:09:26,443 - INFO     - root        : [ROCOTO_SUCCESS_ATTEMPT_1] USER_THREAD_COUNT: role-global has 29/767903 threads (0.0% utilization)
2025-09-04 18:09:26,443 - INFO     - root        : Rocoto call successful on attempt 1: call_time=1.93s, total_time=1.93s
2025-09-04 18:09:28,299 - INFO     - root        : [ROCOTO_SUCCESS_ATTEMPT_1] USER_THREAD_COUNT: role-global has 29/767903 threads (0.0% utilization)
2025-09-04 18:09:28,300 - INFO     - root        : Rocoto call successful on attempt 1: call_time=1.78s, total_time=1.78s
2025-09-04 18:09:28,369 - INFO     - root        : [END] USER_THREAD_COUNT: role-global has 29/767903 threads (0.0% utilization)
2025-09-04 18:15:31,068 - INFO     - root        : [START] USER_THREAD_COUNT: role-global has 29/767903 threads (0.0% utilization)
2025-09-04 18:15:33,067 - INFO     - root        : [ROCOTO_SUCCESS_ATTEMPT_1] USER_THREAD_COUNT: role-global has 29/767903 threads (0.0% utilization)
2025-09-04 18:15:33,067 - INFO     - root        : Rocoto call successful on attempt 1: call_time=1.93s, total_time=1.93s
2025-09-04 18:15:34,912 - INFO     - root        : [ROCOTO_SUCCESS_ATTEMPT_1] USER_THREAD_COUNT: role-global has 29/767903 threads (0.0% utilization)
2025-09-04 18:15:34,912 - INFO     - root        : Rocoto call successful on attempt 1: call_time=1.77s, total_time=1.77s
2025-09-04 18:15:34,983 - INFO     - root        : [END] USER_THREAD_COUNT: role-global has 29/767903 threads (0.0% utilization)
2025-09-04 18:21:37,901 - INFO     - root        : [START] USER_THREAD_COUNT: role-global has 29/767903 threads (0.0% utilization)
2025-09-04 18:21:39,891 - INFO     - root        : [ROCOTO_SUCCESS_ATTEMPT_1] USER_THREAD_COUNT: role-global has 29/767903 threads (0.0% utilization)
2025-09-04 18:21:39,891 - INFO     - root        : Rocoto call successful on attempt 1: call_time=1.92s, total_time=1.92s
2025-09-04 18:21:41,722 - INFO     - root        : [ROCOTO_SUCCESS_ATTEMPT_1] USER_THREAD_COUNT: role-global has 29/767903 threads (0.0% utilization)
2025-09-04 18:21:41,722 - INFO     - root        : Rocoto call successful on attempt 1: call_time=1.76s, total_time=1.76s
2025-09-04 18:21:41,792 - INFO     - root        : [END] USER_THREAD_COUNT: role-global has 29/767903 threads (0.0% utilization)
2025-09-04 18:27:44,611 - INFO     - root        : [START] USER_THREAD_COUNT: role-global has 29/767903 threads (0.0% utilization)
2025-09-04 18:27:46,599 - INFO     - root        : [ROCOTO_SUCCESS_ATTEMPT_1] USER_THREAD_COUNT: role-global has 29/767903 threads (0.0% utilization)
2025-09-04 18:27:46,599 - INFO     - root        : Rocoto call successful on attempt 1: call_time=1.92s, total_time=1.92s
2025-09-04 18:27:48,452 - INFO     - root        : [ROCOTO_SUCCESS_ATTEMPT_1] USER_THREAD_COUNT: role-global has 29/767903 threads (0.0% utilization)
2025-09-04 18:27:48,452 - INFO     - root        : Rocoto call successful on attempt 1: call_time=1.78s, total_time=1.78s
2025-09-04 18:27:48,514 - INFO     - root        : [END] USER_THREAD_COUNT: role-global has 29/767903 threads (0.0% utilization)
2025-09-04 18:33:51,339 - INFO     - root        : [START] USER_THREAD_COUNT: role-global has 29/767903 threads (0.0% utilization)
2025-09-04 18:33:53,334 - INFO     - root        : [ROCOTO_SUCCESS_ATTEMPT_1] USER_THREAD_COUNT: role-global has 29/767903 threads (0.0% utilization)
2025-09-04 18:33:53,334 - INFO     - root        : Rocoto call successful on attempt 1: call_time=1.92s, total_time=1.92s
2025-09-04 18:33:55,183 - INFO     - root        : [ROCOTO_SUCCESS_ATTEMPT_1] USER_THREAD_COUNT: role-global has 29/767903 threads (0.0% utilization)
2025-09-04 18:33:55,183 - INFO     - root        : Rocoto call successful on attempt 1: call_time=1.77s, total_time=1.77s
2025-09-04 18:33:55,246 - INFO     - root        : [END] USER_THREAD_COUNT: role-global has 29/767903 threads (0.0% utilization)
2025-09-04 18:39:58,498 - INFO     - root        : [START] USER_THREAD_COUNT: role-global has 29/767903 threads (0.0% utilization)
2025-09-04 18:40:00,477 - INFO     - root        : [ROCOTO_SUCCESS_ATTEMPT_1] USER_THREAD_COUNT: role-global has 29/767903 threads (0.0% utilization)
2025-09-04 18:40:00,477 - INFO     - root        : Rocoto call successful on attempt 1: call_time=1.91s, total_time=1.91s
2025-09-04 18:40:02,377 - INFO     - root        : [ROCOTO_SUCCESS_ATTEMPT_1] USER_THREAD_COUNT: role-global has 29/767903 threads (0.0% utilization)
2025-09-04 18:40:02,377 - INFO     - root        : Rocoto call successful on attempt 1: call_time=1.82s, total_time=1.82s
2025-09-04 18:40:02,470 - INFO     - root        : [END] USER_THREAD_COUNT: role-global has 29/767903 threads (0.0% utilization)
2025-09-04 18:46:05,643 - INFO     - root        : [START] USER_THREAD_COUNT: role-global has 29/767903 threads (0.0% utilization)
2025-09-04 18:46:07,633 - INFO     - root        : [ROCOTO_SUCCESS_ATTEMPT_1] USER_THREAD_COUNT: role-global has 29/767903 threads (0.0% utilization)
2025-09-04 18:46:07,633 - INFO     - root        : Rocoto call successful on attempt 1: call_time=1.92s, total_time=1.92s
2025-09-04 18:46:09,496 - INFO     - root        : [ROCOTO_SUCCESS_ATTEMPT_1] USER_THREAD_COUNT: role-global has 29/767903 threads (0.0% utilization)
2025-09-04 18:46:09,496 - INFO     - root        : Rocoto call successful on attempt 1: call_time=1.79s, total_time=1.79s
2025-09-04 18:46:09,567 - INFO     - root        : [END] USER_THREAD_COUNT: role-global has 29/767903 threads (0.0% utilization)
2025-09-04 18:52:12,339 - INFO     - root        : [START] USER_THREAD_COUNT: role-global has 29/767903 threads (0.0% utilization)
2025-09-04 18:52:14,333 - INFO     - root        : [ROCOTO_SUCCESS_ATTEMPT_1] USER_THREAD_COUNT: role-global has 29/767903 threads (0.0% utilization)
2025-09-04 18:52:14,333 - INFO     - root        : Rocoto call successful on attempt 1: call_time=1.92s, total_time=1.92s
2025-09-04 18:52:16,227 - INFO     - root        : [ROCOTO_SUCCESS_ATTEMPT_1] USER_THREAD_COUNT: role-global has 29/767903 threads (0.0% utilization)
2025-09-04 18:52:16,227 - INFO     - root        : Rocoto call successful on attempt 1: call_time=1.82s, total_time=1.82s
2025-09-04 18:52:16,299 - INFO     - root        : [END] USER_THREAD_COUNT: role-global has 29/767903 threads (0.0% utilization)
2025-09-04 18:58:19,047 - INFO     - root        : [START] USER_THREAD_COUNT: role-global has 29/767903 threads (0.0% utilization)
2025-09-04 18:58:21,038 - INFO     - root        : [ROCOTO_SUCCESS_ATTEMPT_1] USER_THREAD_COUNT: role-global has 29/767903 threads (0.0% utilization)
2025-09-04 18:58:21,038 - INFO     - root        : Rocoto call successful on attempt 1: call_time=1.92s, total_time=1.92s
2025-09-04 18:58:22,883 - INFO     - root        : [ROCOTO_SUCCESS_ATTEMPT_1] USER_THREAD_COUNT: role-global has 29/767903 threads (0.0% utilization)
2025-09-04 18:58:22,884 - INFO     - root        : Rocoto call successful on attempt 1: call_time=1.78s, total_time=1.78s
2025-09-04 18:58:22,953 - INFO     - root        : [END] USER_THREAD_COUNT: role-global has 29/767903 threads (0.0% utilization)
2025-09-04 19:04:25,607 - INFO     - root        : [START] USER_THREAD_COUNT: role-global has 29/767903 threads (0.0% utilization)
2025-09-04 19:04:27,576 - INFO     - root        : [ROCOTO_SUCCESS_ATTEMPT_1] USER_THREAD_COUNT: role-global has 29/767903 threads (0.0% utilization)
2025-09-04 19:04:27,576 - INFO     - root        : Rocoto call successful on attempt 1: call_time=1.90s, total_time=1.90s
2025-09-04 19:04:29,425 - INFO     - root        : [ROCOTO_SUCCESS_ATTEMPT_1] USER_THREAD_COUNT: role-global has 29/767903 threads (0.0% utilization)
2025-09-04 19:04:29,425 - INFO     - root        : Rocoto call successful on attempt 1: call_time=1.77s, total_time=1.77s
2025-09-04 19:04:29,489 - INFO     - root        : [END] USER_THREAD_COUNT: role-global has 29/767903 threads (0.0% utilization)
2025-09-04 19:10:32,159 - INFO     - root        : [START] USER_THREAD_COUNT: role-global has 29/767903 threads (0.0% utilization)
2025-09-04 19:10:34,109 - INFO     - root        : [ROCOTO_SUCCESS_ATTEMPT_1] USER_THREAD_COUNT: role-global has 29/767903 threads (0.0% utilization)
2025-09-04 19:10:34,109 - INFO     - root        : Rocoto call successful on attempt 1: call_time=1.88s, total_time=1.88s
2025-09-04 19:10:35,964 - INFO     - root        : [ROCOTO_SUCCESS_ATTEMPT_1] USER_THREAD_COUNT: role-global has 29/767903 threads (0.0% utilization)
2025-09-04 19:10:35,964 - INFO     - root        : Rocoto call successful on attempt 1: call_time=1.78s, total_time=1.78s
2025-09-04 19:10:36,035 - INFO     - root        : [END] USER_THREAD_COUNT: role-global has 29/767903 threads (0.0% utilization)
2025-09-04 19:16:41,018 - INFO     - root        : [START] USER_THREAD_COUNT: role-global has 29/767903 threads (0.0% utilization)
2025-09-04 19:16:43,000 - INFO     - root        : [ROCOTO_SUCCESS_ATTEMPT_1] USER_THREAD_COUNT: role-global has 29/767903 threads (0.0% utilization)
2025-09-04 19:16:43,000 - INFO     - root        : Rocoto call successful on attempt 1: call_time=1.91s, total_time=1.91s
2025-09-04 19:16:44,857 - INFO     - root        : [ROCOTO_SUCCESS_ATTEMPT_1] USER_THREAD_COUNT: role-global has 29/767903 threads (0.0% utilization)
2025-09-04 19:16:44,857 - INFO     - root        : Rocoto call successful on attempt 1: call_time=1.79s, total_time=1.79s
2025-09-04 19:16:44,928 - INFO     - root        : [END] USER_THREAD_COUNT: role-global has 29/767903 threads (0.0% utilization)
2025-09-04 19:22:48,592 - INFO     - root        : [START] USER_THREAD_COUNT: role-global has 29/767903 threads (0.0% utilization)
2025-09-04 19:22:50,581 - INFO     - root        : [ROCOTO_SUCCESS_ATTEMPT_1] USER_THREAD_COUNT: role-global has 29/767903 threads (0.0% utilization)
2025-09-04 19:22:50,581 - INFO     - root        : Rocoto call successful on attempt 1: call_time=1.92s, total_time=1.92s
2025-09-04 19:22:52,432 - INFO     - root        : [ROCOTO_SUCCESS_ATTEMPT_1] USER_THREAD_COUNT: role-global has 29/767903 threads (0.0% utilization)
2025-09-04 19:22:52,432 - INFO     - root        : Rocoto call successful on attempt 1: call_time=1.78s, total_time=1.78s
2025-09-04 19:22:52,498 - INFO     - root        : [END] USER_THREAD_COUNT: role-global has 29/767903 threads (0.0% utilization)
2025-09-04 19:28:56,007 - INFO     - root        : [START] USER_THREAD_COUNT: role-global has 29/767903 threads (0.0% utilization)
2025-09-04 19:28:57,994 - INFO     - root        : [ROCOTO_SUCCESS_ATTEMPT_1] USER_THREAD_COUNT: role-global has 29/767903 threads (0.0% utilization)
2025-09-04 19:28:57,994 - INFO     - root        : Rocoto call successful on attempt 1: call_time=1.91s, total_time=1.91s
2025-09-04 19:28:59,841 - INFO     - root        : [ROCOTO_SUCCESS_ATTEMPT_1] USER_THREAD_COUNT: role-global has 29/767903 threads (0.0% utilization)
2025-09-04 19:28:59,841 - INFO     - root        : Rocoto call successful on attempt 1: call_time=1.77s, total_time=1.77s
2025-09-04 19:28:59,910 - INFO     - root        : [END] USER_THREAD_COUNT: role-global has 29/767903 threads (0.0% utilization)
2025-09-04 19:35:02,663 - INFO     - root        : [START] USER_THREAD_COUNT: role-global has 29/767903 threads (0.0% utilization)
2025-09-04 19:35:04,779 - INFO     - root        : [ROCOTO_SUCCESS_ATTEMPT_1] USER_THREAD_COUNT: role-global has 29/767903 threads (0.0% utilization)
2025-09-04 19:35:04,779 - INFO     - root        : Rocoto call successful on attempt 1: call_time=2.03s, total_time=2.03s
2025-09-04 19:35:06,702 - INFO     - root        : [ROCOTO_SUCCESS_ATTEMPT_1] USER_THREAD_COUNT: role-global has 29/767903 threads (0.0% utilization)
2025-09-04 19:35:06,702 - INFO     - root        : Rocoto call successful on attempt 1: call_time=1.85s, total_time=1.85s
2025-09-04 19:35:06,772 - INFO     - root        : [END] USER_THREAD_COUNT: role-global has 29/767903 threads (0.0% utilization)
2025-09-04 19:41:09,542 - INFO     - root        : [START] USER_THREAD_COUNT: role-global has 29/767903 threads (0.0% utilization)
2025-09-04 19:41:11,532 - INFO     - root        : [ROCOTO_SUCCESS_ATTEMPT_1] USER_THREAD_COUNT: role-global has 29/767903 threads (0.0% utilization)
2025-09-04 19:41:11,532 - INFO     - root        : Rocoto call successful on attempt 1: call_time=1.92s, total_time=1.92s
2025-09-04 19:41:13,349 - INFO     - root        : [ROCOTO_SUCCESS_ATTEMPT_1] USER_THREAD_COUNT: role-global has 29/767903 threads (0.0% utilization)
2025-09-04 19:41:13,349 - INFO     - root        : Rocoto call successful on attempt 1: call_time=1.75s, total_time=1.75s
2025-09-04 19:41:13,422 - INFO     - root        : [END] USER_THREAD_COUNT: role-global has 29/767903 threads (0.0% utilization)
2025-09-04 19:47:16,123 - INFO     - root        : [START] USER_THREAD_COUNT: role-global has 29/767903 threads (0.0% utilization)
2025-09-04 19:47:18,121 - INFO     - root        : [ROCOTO_SUCCESS_ATTEMPT_1] USER_THREAD_COUNT: role-global has 29/767903 threads (0.0% utilization)
2025-09-04 19:47:18,121 - INFO     - root        : Rocoto call successful on attempt 1: call_time=1.93s, total_time=1.93s
2025-09-04 19:47:19,975 - INFO     - root        : [ROCOTO_SUCCESS_ATTEMPT_1] USER_THREAD_COUNT: role-global has 29/767903 threads (0.0% utilization)
2025-09-04 19:47:19,975 - INFO     - root        : Rocoto call successful on attempt 1: call_time=1.78s, total_time=1.78s
2025-09-04 19:47:20,044 - INFO     - root        : [END] USER_THREAD_COUNT: role-global has 29/767903 threads (0.0% utilization)
2025-09-04 19:53:22,703 - INFO     - root        : [START] USER_THREAD_COUNT: role-global has 29/767903 threads (0.0% utilization)
2025-09-04 19:53:24,700 - INFO     - root        : [ROCOTO_SUCCESS_ATTEMPT_1] USER_THREAD_COUNT: role-global has 29/767903 threads (0.0% utilization)
2025-09-04 19:53:24,700 - INFO     - root        : Rocoto call successful on attempt 1: call_time=1.93s, total_time=1.93s
2025-09-04 19:53:26,542 - INFO     - root        : [ROCOTO_SUCCESS_ATTEMPT_1] USER_THREAD_COUNT: role-global has 29/767903 threads (0.0% utilization)
2025-09-04 19:53:26,542 - INFO     - root        : Rocoto call successful on attempt 1: call_time=1.77s, total_time=1.77s
2025-09-04 19:53:26,612 - INFO     - root        : [END] USER_THREAD_COUNT: role-global has 29/767903 threads (0.0% utilization)
2025-09-04 19:59:29,360 - INFO     - root        : [START] USER_THREAD_COUNT: role-global has 29/767903 threads (0.0% utilization)
2025-09-04 19:59:31,334 - INFO     - root        : [ROCOTO_SUCCESS_ATTEMPT_1] USER_THREAD_COUNT: role-global has 29/767903 threads (0.0% utilization)
2025-09-04 19:59:31,334 - INFO     - root        : Rocoto call successful on attempt 1: call_time=1.90s, total_time=1.90s
2025-09-04 19:59:33,177 - INFO     - root        : [ROCOTO_SUCCESS_ATTEMPT_1] USER_THREAD_COUNT: role-global has 29/767903 threads (0.0% utilization)
2025-09-04 19:59:33,177 - INFO     - root        : Rocoto call successful on attempt 1: call_time=1.77s, total_time=1.77s
2025-09-04 19:59:33,246 - INFO     - root        : [END] USER_THREAD_COUNT: role-global has 29/767903 threads (0.0% utilization)
2025-09-04 20:05:35,973 - INFO     - root        : [START] USER_THREAD_COUNT: role-global has 29/767903 threads (0.0% utilization)
2025-09-04 20:05:37,967 - INFO     - root        : [ROCOTO_SUCCESS_ATTEMPT_1] USER_THREAD_COUNT: role-global has 29/767903 threads (0.0% utilization)
2025-09-04 20:05:37,968 - INFO     - root        : Rocoto call successful on attempt 1: call_time=1.92s, total_time=1.92s
2025-09-04 20:05:39,806 - INFO     - root        : [ROCOTO_SUCCESS_ATTEMPT_1] USER_THREAD_COUNT: role-global has 29/767903 threads (0.0% utilization)
2025-09-04 20:05:39,806 - INFO     - root        : Rocoto call successful on attempt 1: call_time=1.77s, total_time=1.77s
2025-09-04 20:05:39,877 - INFO     - root        : [END] USER_THREAD_COUNT: role-global has 29/767903 threads (0.0% utilization)
2025-09-04 20:11:43,189 - INFO     - root        : [START] USER_THREAD_COUNT: role-global has 29/767903 threads (0.0% utilization)
2025-09-04 20:11:45,211 - INFO     - root        : [ROCOTO_SUCCESS_ATTEMPT_1] USER_THREAD_COUNT: role-global has 29/767903 threads (0.0% utilization)
2025-09-04 20:11:45,211 - INFO     - root        : Rocoto call successful on attempt 1: call_time=1.95s, total_time=1.95s
2025-09-04 20:11:47,050 - INFO     - root        : [ROCOTO_SUCCESS_ATTEMPT_1] USER_THREAD_COUNT: role-global has 29/767903 threads (0.0% utilization)
2025-09-04 20:11:47,050 - INFO     - root        : Rocoto call successful on attempt 1: call_time=1.77s, total_time=1.77s
2025-09-04 20:11:47,120 - INFO     - root        : [END] USER_THREAD_COUNT: role-global has 29/767903 threads (0.0% utilization)
2025-09-04 20:17:49,851 - INFO     - root        : [START] USER_THREAD_COUNT: role-global has 29/767903 threads (0.0% utilization)
2025-09-04 20:17:51,829 - INFO     - root        : [ROCOTO_SUCCESS_ATTEMPT_1] USER_THREAD_COUNT: role-global has 29/767903 threads (0.0% utilization)
2025-09-04 20:17:51,829 - INFO     - root        : Rocoto call successful on attempt 1: call_time=1.90s, total_time=1.90s
2025-09-04 20:17:53,678 - INFO     - root        : [ROCOTO_SUCCESS_ATTEMPT_1] USER_THREAD_COUNT: role-global has 29/767903 threads (0.0% utilization)
2025-09-04 20:17:53,678 - INFO     - root        : Rocoto call successful on attempt 1: call_time=1.78s, total_time=1.78s
2025-09-04 20:17:53,741 - INFO     - root        : [END] USER_THREAD_COUNT: role-global has 29/767903 threads (0.0% utilization)
2025-09-04 20:23:57,757 - INFO     - root        : [START] USER_THREAD_COUNT: role-global has 29/767903 threads (0.0% utilization)
2025-09-04 20:23:59,729 - INFO     - root        : [ROCOTO_SUCCESS_ATTEMPT_1] USER_THREAD_COUNT: role-global has 29/767903 threads (0.0% utilization)
2025-09-04 20:23:59,729 - INFO     - root        : Rocoto call successful on attempt 1: call_time=1.90s, total_time=1.90s
2025-09-04 20:24:01,561 - INFO     - root        : [ROCOTO_SUCCESS_ATTEMPT_1] USER_THREAD_COUNT: role-global has 29/767903 threads (0.0% utilization)
2025-09-04 20:24:01,562 - INFO     - root        : Rocoto call successful on attempt 1: call_time=1.76s, total_time=1.76s
2025-09-04 20:24:01,631 - INFO     - root        : [END] USER_THREAD_COUNT: role-global has 29/767903 threads (0.0% utilization)
2025-09-04 20:30:04,367 - INFO     - root        : [START] USER_THREAD_COUNT: role-global has 29/767903 threads (0.0% utilization)
2025-09-04 20:30:06,476 - INFO     - root        : [ROCOTO_SUCCESS_ATTEMPT_1] USER_THREAD_COUNT: role-global has 29/767903 threads (0.0% utilization)
2025-09-04 20:30:06,477 - INFO     - root        : Rocoto call successful on attempt 1: call_time=2.02s, total_time=2.02s
2025-09-04 20:30:08,466 - INFO     - root        : [ROCOTO_SUCCESS_ATTEMPT_1] USER_THREAD_COUNT: role-global has 29/767903 threads (0.0% utilization)
2025-09-04 20:30:08,466 - INFO     - root        : Rocoto call successful on attempt 1: call_time=1.90s, total_time=1.90s
2025-09-04 20:30:08,544 - INFO     - root        : [END] USER_THREAD_COUNT: role-global has 29/767903 threads (0.0% utilization)
2025-09-04 20:36:11,232 - INFO     - root        : [START] USER_THREAD_COUNT: role-global has 29/767903 threads (0.0% utilization)
2025-09-04 20:36:13,230 - INFO     - root        : [ROCOTO_SUCCESS_ATTEMPT_1] USER_THREAD_COUNT: role-global has 29/767903 threads (0.0% utilization)
2025-09-04 20:36:13,230 - INFO     - root        : Rocoto call successful on attempt 1: call_time=1.92s, total_time=1.92s
2025-09-04 20:36:15,131 - INFO     - root        : [ROCOTO_SUCCESS_ATTEMPT_1] USER_THREAD_COUNT: role-global has 29/767903 threads (0.0% utilization)
2025-09-04 20:36:15,131 - INFO     - root        : Rocoto call successful on attempt 1: call_time=1.82s, total_time=1.82s
2025-09-04 20:36:15,207 - INFO     - root        : [END] USER_THREAD_COUNT: role-global has 29/767903 threads (0.0% utilization)
2025-09-04 20:42:17,946 - INFO     - root        : [START] USER_THREAD_COUNT: role-global has 29/767903 threads (0.0% utilization)
2025-09-04 20:42:19,944 - INFO     - root        : [ROCOTO_SUCCESS_ATTEMPT_1] USER_THREAD_COUNT: role-global has 29/767903 threads (0.0% utilization)
2025-09-04 20:42:19,944 - INFO     - root        : Rocoto call successful on attempt 1: call_time=1.93s, total_time=1.93s
2025-09-04 20:42:21,794 - INFO     - root        : [ROCOTO_SUCCESS_ATTEMPT_1] USER_THREAD_COUNT: role-global has 29/767903 threads (0.0% utilization)
2025-09-04 20:42:21,795 - INFO     - root        : Rocoto call successful on attempt 1: call_time=1.78s, total_time=1.78s
2025-09-04 20:42:21,866 - INFO     - root        : [END] USER_THREAD_COUNT: role-global has 29/767903 threads (0.0% utilization)
2025-09-04 20:48:24,522 - INFO     - root        : [START] USER_THREAD_COUNT: role-global has 29/767903 threads (0.0% utilization)
2025-09-04 20:48:26,503 - INFO     - root        : [ROCOTO_SUCCESS_ATTEMPT_1] USER_THREAD_COUNT: role-global has 29/767903 threads (0.0% utilization)
2025-09-04 20:48:26,503 - INFO     - root        : Rocoto call successful on attempt 1: call_time=1.91s, total_time=1.91s
2025-09-04 20:48:28,362 - INFO     - root        : [ROCOTO_SUCCESS_ATTEMPT_1] USER_THREAD_COUNT: role-global has 29/767903 threads (0.0% utilization)
2025-09-04 20:48:28,362 - INFO     - root        : Rocoto call successful on attempt 1: call_time=1.78s, total_time=1.78s
2025-09-04 20:48:28,434 - INFO     - root        : [END] USER_THREAD_COUNT: role-global has 29/767903 threads (0.0% utilization)
2025-09-04 20:54:31,106 - INFO     - root        : [START] USER_THREAD_COUNT: role-global has 29/767903 threads (0.0% utilization)
2025-09-04 20:54:33,087 - INFO     - root        : [ROCOTO_SUCCESS_ATTEMPT_1] USER_THREAD_COUNT: role-global has 29/767903 threads (0.0% utilization)
2025-09-04 20:54:33,087 - INFO     - root        : Rocoto call successful on attempt 1: call_time=1.91s, total_time=1.91s
2025-09-04 20:54:34,928 - INFO     - root        : [ROCOTO_SUCCESS_ATTEMPT_1] USER_THREAD_COUNT: role-global has 29/767903 threads (0.0% utilization)
2025-09-04 20:54:34,928 - INFO     - root        : Rocoto call successful on attempt 1: call_time=1.77s, total_time=1.77s
2025-09-04 20:54:34,991 - INFO     - root        : [END] USER_THREAD_COUNT: role-global has 29/767903 threads (0.0% utilization)
2025-09-04 21:00:37,663 - INFO     - root        : [START] USER_THREAD_COUNT: role-global has 29/767903 threads (0.0% utilization)
2025-09-04 21:00:39,651 - INFO     - root        : [ROCOTO_SUCCESS_ATTEMPT_1] USER_THREAD_COUNT: role-global has 29/767903 threads (0.0% utilization)
2025-09-04 21:00:39,651 - INFO     - root        : Rocoto call successful on attempt 1: call_time=1.92s, total_time=1.92s
2025-09-04 21:00:41,518 - INFO     - root        : [ROCOTO_SUCCESS_ATTEMPT_1] USER_THREAD_COUNT: role-global has 29/767903 threads (0.0% utilization)
2025-09-04 21:00:41,518 - INFO     - root        : Rocoto call successful on attempt 1: call_time=1.79s, total_time=1.79s
2025-09-04 21:00:41,585 - INFO     - root        : [END] USER_THREAD_COUNT: role-global has 29/767903 threads (0.0% utilization)
2025-09-04 21:06:44,320 - INFO     - root        : [START] USER_THREAD_COUNT: role-global has 29/767903 threads (0.0% utilization)
2025-09-04 21:06:46,294 - INFO     - root        : [ROCOTO_SUCCESS_ATTEMPT_1] USER_THREAD_COUNT: role-global has 29/767903 threads (0.0% utilization)
2025-09-04 21:06:46,295 - INFO     - root        : Rocoto call successful on attempt 1: call_time=1.91s, total_time=1.91s
2025-09-04 21:06:48,150 - INFO     - root        : [ROCOTO_SUCCESS_ATTEMPT_1] USER_THREAD_COUNT: role-global has 29/767903 threads (0.0% utilization)
2025-09-04 21:06:48,150 - INFO     - root        : Rocoto call successful on attempt 1: call_time=1.78s, total_time=1.78s
2025-09-04 21:06:48,218 - INFO     - root        : [END] USER_THREAD_COUNT: role-global has 29/767903 threads (0.0% utilization)
2025-09-04 21:12:50,885 - INFO     - root        : [START] USER_THREAD_COUNT: role-global has 29/767903 threads (0.0% utilization)
2025-09-04 21:12:52,870 - INFO     - root        : [ROCOTO_SUCCESS_ATTEMPT_1] USER_THREAD_COUNT: role-global has 29/767903 threads (0.0% utilization)
2025-09-04 21:12:52,870 - INFO     - root        : Rocoto call successful on attempt 1: call_time=1.92s, total_time=1.92s
2025-09-04 21:12:54,734 - INFO     - root        : [ROCOTO_SUCCESS_ATTEMPT_1] USER_THREAD_COUNT: role-global has 29/767903 threads (0.0% utilization)
2025-09-04 21:12:54,734 - INFO     - root        : Rocoto call successful on attempt 1: call_time=1.79s, total_time=1.79s
2025-09-04 21:12:54,804 - INFO     - root        : [END] USER_THREAD_COUNT: role-global has 29/767903 threads (0.0% utilization)
2025-09-04 21:18:57,444 - INFO     - root        : [START] USER_THREAD_COUNT: role-global has 29/767903 threads (0.0% utilization)
2025-09-04 21:18:59,421 - INFO     - root        : [ROCOTO_SUCCESS_ATTEMPT_1] USER_THREAD_COUNT: role-global has 29/767903 threads (0.0% utilization)
2025-09-04 21:18:59,422 - INFO     - root        : Rocoto call successful on attempt 1: call_time=1.91s, total_time=1.91s
2025-09-04 21:19:01,272 - INFO     - root        : [ROCOTO_SUCCESS_ATTEMPT_1] USER_THREAD_COUNT: role-global has 29/767903 threads (0.0% utilization)
2025-09-04 21:19:01,272 - INFO     - root        : Rocoto call successful on attempt 1: call_time=1.77s, total_time=1.77s
2025-09-04 21:19:01,337 - INFO     - root        : [END] USER_THREAD_COUNT: role-global has 29/767903 threads (0.0% utilization)
2025-09-04 21:25:04,069 - INFO     - root        : [START] USER_THREAD_COUNT: role-global has 29/767903 threads (0.0% utilization)
2025-09-04 21:25:06,168 - INFO     - root        : [ROCOTO_SUCCESS_ATTEMPT_1] USER_THREAD_COUNT: role-global has 29/767903 threads (0.0% utilization)
2025-09-04 21:25:06,169 - INFO     - root        : Rocoto call successful on attempt 1: call_time=2.02s, total_time=2.02s
2025-09-04 21:25:08,066 - INFO     - root        : [ROCOTO_SUCCESS_ATTEMPT_1] USER_THREAD_COUNT: role-global has 29/767903 threads (0.0% utilization)
2025-09-04 21:25:08,066 - INFO     - root        : Rocoto call successful on attempt 1: call_time=1.81s, total_time=1.81s
2025-09-04 21:25:08,144 - INFO     - root        : [END] USER_THREAD_COUNT: role-global has 29/767903 threads (0.0% utilization)
2025-09-04 21:31:11,010 - INFO     - root        : [START] USER_THREAD_COUNT: role-global has 29/767903 threads (0.0% utilization)
2025-09-04 21:31:12,991 - INFO     - root        : [ROCOTO_SUCCESS_ATTEMPT_1] USER_THREAD_COUNT: role-global has 29/767903 threads (0.0% utilization)
2025-09-04 21:31:12,991 - INFO     - root        : Rocoto call successful on attempt 1: call_time=1.91s, total_time=1.91s
2025-09-04 21:31:14,865 - INFO     - root        : [ROCOTO_SUCCESS_ATTEMPT_1] USER_THREAD_COUNT: role-global has 29/767903 threads (0.0% utilization)
2025-09-04 21:31:14,865 - INFO     - root        : Rocoto call successful on attempt 1: call_time=1.80s, total_time=1.80s
2025-09-04 21:31:14,936 - INFO     - root        : [END] USER_THREAD_COUNT: role-global has 29/767903 threads (0.0% utilization)
2025-09-04 21:37:17,608 - INFO     - root        : [START] USER_THREAD_COUNT: role-global has 29/767903 threads (0.0% utilization)
2025-09-04 21:37:19,602 - INFO     - root        : [ROCOTO_SUCCESS_ATTEMPT_1] USER_THREAD_COUNT: role-global has 29/767903 threads (0.0% utilization)
2025-09-04 21:37:19,602 - INFO     - root        : Rocoto call successful on attempt 1: call_time=1.92s, total_time=1.92s
2025-09-04 21:37:21,450 - INFO     - root        : [ROCOTO_SUCCESS_ATTEMPT_1] USER_THREAD_COUNT: role-global has 29/767903 threads (0.0% utilization)
2025-09-04 21:37:21,450 - INFO     - root        : Rocoto call successful on attempt 1: call_time=1.77s, total_time=1.77s
2025-09-04 21:37:21,521 - INFO     - root        : [END] USER_THREAD_COUNT: role-global has 29/767903 threads (0.0% utilization)
2025-09-04 21:43:24,233 - INFO     - root        : [START] USER_THREAD_COUNT: role-global has 29/767903 threads (0.0% utilization)
2025-09-04 21:43:26,254 - INFO     - root        : [ROCOTO_SUCCESS_ATTEMPT_1] USER_THREAD_COUNT: role-global has 29/767903 threads (0.0% utilization)
2025-09-04 21:43:26,254 - INFO     - root        : Rocoto call successful on attempt 1: call_time=1.95s, total_time=1.95s
2025-09-04 21:43:28,106 - INFO     - root        : [ROCOTO_SUCCESS_ATTEMPT_1] USER_THREAD_COUNT: role-global has 29/767903 threads (0.0% utilization)
2025-09-04 21:43:28,106 - INFO     - root        : Rocoto call successful on attempt 1: call_time=1.78s, total_time=1.78s
2025-09-04 21:43:28,179 - INFO     - root        : [END] USER_THREAD_COUNT: role-global has 29/767903 threads (0.0% utilization)
2025-09-04 21:49:30,924 - INFO     - root        : [START] USER_THREAD_COUNT: role-global has 29/767903 threads (0.0% utilization)
2025-09-04 21:49:32,910 - INFO     - root        : [ROCOTO_SUCCESS_ATTEMPT_1] USER_THREAD_COUNT: role-global has 29/767903 threads (0.0% utilization)
2025-09-04 21:49:32,910 - INFO     - root        : Rocoto call successful on attempt 1: call_time=1.92s, total_time=1.92s
2025-09-04 21:49:34,777 - INFO     - root        : [ROCOTO_SUCCESS_ATTEMPT_1] USER_THREAD_COUNT: role-global has 29/767903 threads (0.0% utilization)
2025-09-04 21:49:34,777 - INFO     - root        : Rocoto call successful on attempt 1: call_time=1.79s, total_time=1.79s
2025-09-04 21:49:34,848 - INFO     - root        : [END] USER_THREAD_COUNT: role-global has 29/767903 threads (0.0% utilization)
2025-09-04 21:55:37,563 - INFO     - root        : [START] USER_THREAD_COUNT: role-global has 29/767903 threads (0.0% utilization)
2025-09-04 21:55:39,543 - INFO     - root        : [ROCOTO_SUCCESS_ATTEMPT_1] USER_THREAD_COUNT: role-global has 29/767903 threads (0.0% utilization)
2025-09-04 21:55:39,543 - INFO     - root        : Rocoto call successful on attempt 1: call_time=1.91s, total_time=1.91s
2025-09-04 21:55:41,396 - INFO     - root        : [ROCOTO_SUCCESS_ATTEMPT_1] USER_THREAD_COUNT: role-global has 29/767903 threads (0.0% utilization)
2025-09-04 21:55:41,397 - INFO     - root        : Rocoto call successful on attempt 1: call_time=1.79s, total_time=1.79s
2025-09-04 21:55:41,467 - INFO     - root        : [END] USER_THREAD_COUNT: role-global has 29/767903 threads (0.0% utilization)
2025-09-04 22:01:44,080 - INFO     - root        : [START] USER_THREAD_COUNT: role-global has 29/767903 threads (0.0% utilization)
2025-09-04 22:01:46,055 - INFO     - root        : [ROCOTO_SUCCESS_ATTEMPT_1] USER_THREAD_COUNT: role-global has 29/767903 threads (0.0% utilization)
2025-09-04 22:01:46,055 - INFO     - root        : Rocoto call successful on attempt 1: call_time=1.90s, total_time=1.90s
2025-09-04 22:01:47,910 - INFO     - root        : [ROCOTO_SUCCESS_ATTEMPT_1] USER_THREAD_COUNT: role-global has 29/767903 threads (0.0% utilization)
2025-09-04 22:01:47,910 - INFO     - root        : Rocoto call successful on attempt 1: call_time=1.78s, total_time=1.78s
2025-09-04 22:01:47,980 - INFO     - root        : [END] USER_THREAD_COUNT: role-global has 29/767903 threads (0.0% utilization)
2025-09-04 22:07:50,715 - INFO     - root        : [START] USER_THREAD_COUNT: role-global has 29/767903 threads (0.0% utilization)
2025-09-04 22:07:52,723 - INFO     - root        : [ROCOTO_SUCCESS_ATTEMPT_1] USER_THREAD_COUNT: role-global has 29/767903 threads (0.0% utilization)
2025-09-04 22:07:52,723 - INFO     - root        : Rocoto call successful on attempt 1: call_time=1.94s, total_time=1.94s
2025-09-04 22:07:54,600 - INFO     - root        : [ROCOTO_SUCCESS_ATTEMPT_1] USER_THREAD_COUNT: role-global has 29/767903 threads (0.0% utilization)
2025-09-04 22:07:54,600 - INFO     - root        : Rocoto call successful on attempt 1: call_time=1.80s, total_time=1.80s
2025-09-04 22:07:54,672 - INFO     - root        : [END] USER_THREAD_COUNT: role-global has 29/767903 threads (0.0% utilization)
2025-09-04 22:14:03,049 - INFO     - root        : [START] USER_THREAD_COUNT: role-global has 29/767903 threads (0.0% utilization)
2025-09-04 22:14:05,045 - INFO     - root        : [ROCOTO_SUCCESS_ATTEMPT_1] USER_THREAD_COUNT: role-global has 29/767903 threads (0.0% utilization)
2025-09-04 22:14:05,045 - INFO     - root        : Rocoto call successful on attempt 1: call_time=1.92s, total_time=1.92s
2025-09-04 22:14:06,898 - INFO     - root        : [ROCOTO_SUCCESS_ATTEMPT_1] USER_THREAD_COUNT: role-global has 29/767903 threads (0.0% utilization)
2025-09-04 22:14:06,898 - INFO     - root        : Rocoto call successful on attempt 1: call_time=1.78s, total_time=1.78s
2025-09-04 22:14:06,968 - INFO     - root        : [END] USER_THREAD_COUNT: role-global has 29/767903 threads (0.0% utilization)
2025-09-04 22:20:09,632 - INFO     - root        : [START] USER_THREAD_COUNT: role-global has 29/767903 threads (0.0% utilization)
2025-09-04 22:20:11,697 - INFO     - root        : [ROCOTO_SUCCESS_ATTEMPT_1] USER_THREAD_COUNT: role-global has 29/767903 threads (0.0% utilization)
2025-09-04 22:20:11,698 - INFO     - root        : Rocoto call successful on attempt 1: call_time=1.97s, total_time=1.97s
2025-09-04 22:20:13,706 - INFO     - root        : [ROCOTO_SUCCESS_ATTEMPT_1] USER_THREAD_COUNT: role-global has 29/767903 threads (0.0% utilization)
2025-09-04 22:20:13,706 - INFO     - root        : Rocoto call successful on attempt 1: call_time=1.92s, total_time=1.92s
2025-09-04 22:20:13,794 - INFO     - root        : [END] USER_THREAD_COUNT: role-global has 29/767903 threads (0.0% utilization)
2025-09-04 22:26:16,499 - INFO     - root        : [START] USER_THREAD_COUNT: role-global has 29/767903 threads (0.0% utilization)
2025-09-04 22:26:18,485 - INFO     - root        : [ROCOTO_SUCCESS_ATTEMPT_1] USER_THREAD_COUNT: role-global has 29/767903 threads (0.0% utilization)
2025-09-04 22:26:18,485 - INFO     - root        : Rocoto call successful on attempt 1: call_time=1.91s, total_time=1.91s
2025-09-04 22:26:20,316 - INFO     - root        : [ROCOTO_SUCCESS_ATTEMPT_1] USER_THREAD_COUNT: role-global has 29/767903 threads (0.0% utilization)
2025-09-04 22:26:20,316 - INFO     - root        : Rocoto call successful on attempt 1: call_time=1.76s, total_time=1.76s
2025-09-04 22:26:20,386 - INFO     - root        : [END] USER_THREAD_COUNT: role-global has 29/767903 threads (0.0% utilization)
2025-09-05 09:16:38,270 - INFO     - root        : [START] USER_THREAD_COUNT: role-global has 29/767903 threads (0.0% utilization)
2025-09-05 09:16:40,265 - INFO     - root        : [ROCOTO_SUCCESS_ATTEMPT_1] USER_THREAD_COUNT: role-global has 29/767903 threads (0.0% utilization)
2025-09-05 09:16:40,265 - INFO     - root        : Rocoto call successful on attempt 1: call_time=1.92s, total_time=1.92s
2025-09-05 09:16:42,123 - INFO     - root        : [ROCOTO_SUCCESS_ATTEMPT_1] USER_THREAD_COUNT: role-global has 29/767903 threads (0.0% utilization)
2025-09-05 09:16:42,124 - INFO     - root        : Rocoto call successful on attempt 1: call_time=1.78s, total_time=1.78s
2025-09-05 09:16:42,195 - INFO     - root        : [END] USER_THREAD_COUNT: role-global has 29/767903 threads (0.0% utilization)
2025-09-05 09:22:45,635 - INFO     - root        : [START] USER_THREAD_COUNT: role-global has 29/767903 threads (0.0% utilization)
2025-09-05 09:22:47,619 - INFO     - root        : [ROCOTO_SUCCESS_ATTEMPT_1] USER_THREAD_COUNT: role-global has 29/767903 threads (0.0% utilization)
2025-09-05 09:22:47,619 - INFO     - root        : Rocoto call successful on attempt 1: call_time=1.91s, total_time=1.91s
2025-09-05 09:22:49,480 - INFO     - root        : [ROCOTO_SUCCESS_ATTEMPT_1] USER_THREAD_COUNT: role-global has 29/767903 threads (0.0% utilization)
2025-09-05 09:22:49,480 - INFO     - root        : Rocoto call successful on attempt 1: call_time=1.79s, total_time=1.79s
2025-09-05 09:22:49,543 - INFO     - root        : [END] USER_THREAD_COUNT: role-global has 29/767903 threads (0.0% utilization)
2025-09-05 09:28:52,207 - INFO     - root        : [START] USER_THREAD_COUNT: role-global has 29/767903 threads (0.0% utilization)
2025-09-05 09:28:54,206 - INFO     - root        : [ROCOTO_SUCCESS_ATTEMPT_1] USER_THREAD_COUNT: role-global has 29/767903 threads (0.0% utilization)
2025-09-05 09:28:54,206 - INFO     - root        : Rocoto call successful on attempt 1: call_time=1.93s, total_time=1.93s
2025-09-05 09:28:56,057 - INFO     - root        : [ROCOTO_SUCCESS_ATTEMPT_1] USER_THREAD_COUNT: role-global has 29/767903 threads (0.0% utilization)
2025-09-05 09:28:56,057 - INFO     - root        : Rocoto call successful on attempt 1: call_time=1.78s, total_time=1.78s
2025-09-05 09:28:56,128 - INFO     - root        : [END] USER_THREAD_COUNT: role-global has 29/767903 threads (0.0% utilization)
2025-09-05 09:34:58,869 - INFO     - root        : [START] USER_THREAD_COUNT: role-global has 29/767903 threads (0.0% utilization)
2025-09-05 09:35:00,852 - INFO     - root        : [ROCOTO_SUCCESS_ATTEMPT_1] USER_THREAD_COUNT: role-global has 29/767903 threads (0.0% utilization)
2025-09-05 09:35:00,852 - INFO     - root        : Rocoto call successful on attempt 1: call_time=1.91s, total_time=1.91s
2025-09-05 09:35:02,844 - INFO     - root        : [ROCOTO_SUCCESS_ATTEMPT_1] USER_THREAD_COUNT: role-global has 29/767903 threads (0.0% utilization)
2025-09-05 09:35:02,844 - INFO     - root        : Rocoto call successful on attempt 1: call_time=1.90s, total_time=1.90s
2025-09-05 09:35:02,934 - INFO     - root        : [END] USER_THREAD_COUNT: role-global has 29/767903 threads (0.0% utilization)
2025-09-05 09:41:05,997 - INFO     - root        : [START] USER_THREAD_COUNT: role-global has 29/767903 threads (0.0% utilization)
2025-09-05 09:41:08,023 - INFO     - root        : [ROCOTO_SUCCESS_ATTEMPT_1] USER_THREAD_COUNT: role-global has 29/767903 threads (0.0% utilization)
2025-09-05 09:41:08,023 - INFO     - root        : Rocoto call successful on attempt 1: call_time=1.95s, total_time=1.95s
2025-09-05 09:41:09,890 - INFO     - root        : [ROCOTO_SUCCESS_ATTEMPT_1] USER_THREAD_COUNT: role-global has 29/767903 threads (0.0% utilization)
2025-09-05 09:41:09,891 - INFO     - root        : Rocoto call successful on attempt 1: call_time=1.80s, total_time=1.80s
2025-09-05 09:41:09,966 - INFO     - root        : [END] USER_THREAD_COUNT: role-global has 29/767903 threads (0.0% utilization)
2025-09-05 09:47:12,731 - INFO     - root        : [START] USER_THREAD_COUNT: role-global has 29/767903 threads (0.0% utilization)
2025-09-05 09:47:14,704 - INFO     - root        : [ROCOTO_SUCCESS_ATTEMPT_1] USER_THREAD_COUNT: role-global has 29/767903 threads (0.0% utilization)
2025-09-05 09:47:14,704 - INFO     - root        : Rocoto call successful on attempt 1: call_time=1.90s, total_time=1.90s
2025-09-05 09:47:16,569 - INFO     - root        : [ROCOTO_SUCCESS_ATTEMPT_1] USER_THREAD_COUNT: role-global has 29/767903 threads (0.0% utilization)
2025-09-05 09:47:16,569 - INFO     - root        : Rocoto call successful on attempt 1: call_time=1.79s, total_time=1.79s
2025-09-05 09:47:16,633 - INFO     - root        : [END] USER_THREAD_COUNT: role-global has 29/767903 threads (0.0% utilization)
2025-09-05 09:53:19,355 - INFO     - root        : [START] USER_THREAD_COUNT: role-global has 29/767903 threads (0.0% utilization)
2025-09-05 09:53:21,335 - INFO     - root        : [ROCOTO_SUCCESS_ATTEMPT_1] USER_THREAD_COUNT: role-global has 29/767903 threads (0.0% utilization)
2025-09-05 09:53:21,335 - INFO     - root        : Rocoto call successful on attempt 1: call_time=1.91s, total_time=1.91s
2025-09-05 09:53:23,255 - INFO     - root        : [ROCOTO_SUCCESS_ATTEMPT_1] USER_THREAD_COUNT: role-global has 29/767903 threads (0.0% utilization)
2025-09-05 09:53:23,255 - INFO     - root        : Rocoto call successful on attempt 1: call_time=1.85s, total_time=1.85s
2025-09-05 09:53:23,327 - INFO     - root        : [END] USER_THREAD_COUNT: role-global has 29/767903 threads (0.0% utilization)
2025-09-05 09:59:26,140 - INFO     - root        : [START] USER_THREAD_COUNT: role-global has 29/767903 threads (0.0% utilization)
2025-09-05 09:59:28,143 - INFO     - root        : [ROCOTO_SUCCESS_ATTEMPT_1] USER_THREAD_COUNT: role-global has 29/767903 threads (0.0% utilization)
2025-09-05 09:59:28,143 - INFO     - root        : Rocoto call successful on attempt 1: call_time=1.93s, total_time=1.93s
2025-09-05 09:59:29,990 - INFO     - root        : [ROCOTO_SUCCESS_ATTEMPT_1] USER_THREAD_COUNT: role-global has 29/767903 threads (0.0% utilization)
2025-09-05 09:59:29,990 - INFO     - root        : Rocoto call successful on attempt 1: call_time=1.78s, total_time=1.78s
2025-09-05 09:59:30,062 - INFO     - root        : [END] USER_THREAD_COUNT: role-global has 29/767903 threads (0.0% utilization)
2025-09-05 10:05:32,736 - INFO     - root        : [START] USER_THREAD_COUNT: role-global has 29/767903 threads (0.0% utilization)
2025-09-05 10:05:34,721 - INFO     - root        : [ROCOTO_SUCCESS_ATTEMPT_1] USER_THREAD_COUNT: role-global has 29/767903 threads (0.0% utilization)
2025-09-05 10:05:34,721 - INFO     - root        : Rocoto call successful on attempt 1: call_time=1.91s, total_time=1.91s
2025-09-05 10:05:36,544 - INFO     - root        : [ROCOTO_SUCCESS_ATTEMPT_1] USER_THREAD_COUNT: role-global has 29/767903 threads (0.0% utilization)
2025-09-05 10:05:36,545 - INFO     - root        : Rocoto call successful on attempt 1: call_time=1.75s, total_time=1.75s
2025-09-05 10:05:36,616 - INFO     - root        : [END] USER_THREAD_COUNT: role-global has 29/767903 threads (0.0% utilization)
2025-09-05 10:11:39,554 - INFO     - root        : [START] USER_THREAD_COUNT: role-global has 29/767903 threads (0.0% utilization)
2025-09-05 10:11:41,532 - INFO     - root        : [ROCOTO_SUCCESS_ATTEMPT_1] USER_THREAD_COUNT: role-global has 29/767903 threads (0.0% utilization)
2025-09-05 10:11:41,532 - INFO     - root        : Rocoto call successful on attempt 1: call_time=1.90s, total_time=1.90s
2025-09-05 10:11:43,374 - INFO     - root        : [ROCOTO_SUCCESS_ATTEMPT_1] USER_THREAD_COUNT: role-global has 29/767903 threads (0.0% utilization)
2025-09-05 10:11:43,374 - INFO     - root        : Rocoto call successful on attempt 1: call_time=1.77s, total_time=1.77s
2025-09-05 10:11:43,444 - INFO     - root        : [END] USER_THREAD_COUNT: role-global has 29/767903 threads (0.0% utilization)
2025-09-05 10:17:46,155 - INFO     - root        : [START] USER_THREAD_COUNT: role-global has 29/767903 threads (0.0% utilization)
2025-09-05 10:17:48,145 - INFO     - root        : [ROCOTO_SUCCESS_ATTEMPT_1] USER_THREAD_COUNT: role-global has 29/767903 threads (0.0% utilization)
2025-09-05 10:17:48,145 - INFO     - root        : Rocoto call successful on attempt 1: call_time=1.92s, total_time=1.92s
2025-09-05 10:17:49,978 - INFO     - root        : [ROCOTO_SUCCESS_ATTEMPT_1] USER_THREAD_COUNT: role-global has 29/767903 threads (0.0% utilization)
2025-09-05 10:17:49,979 - INFO     - root        : Rocoto call successful on attempt 1: call_time=1.76s, total_time=1.76s
2025-09-05 10:17:50,047 - INFO     - root        : [END] USER_THREAD_COUNT: role-global has 29/767903 threads (0.0% utilization)
2025-09-05 10:23:53,086 - INFO     - root        : [START] USER_THREAD_COUNT: role-global has 29/767903 threads (0.0% utilization)
2025-09-05 10:23:55,081 - INFO     - root        : [ROCOTO_SUCCESS_ATTEMPT_1] USER_THREAD_COUNT: role-global has 29/767903 threads (0.0% utilization)
2025-09-05 10:23:55,081 - INFO     - root        : Rocoto call successful on attempt 1: call_time=1.92s, total_time=1.92s
2025-09-05 10:23:56,940 - INFO     - root        : [ROCOTO_SUCCESS_ATTEMPT_1] USER_THREAD_COUNT: role-global has 29/767903 threads (0.0% utilization)
2025-09-05 10:23:56,940 - INFO     - root        : Rocoto call successful on attempt 1: call_time=1.78s, total_time=1.78s
2025-09-05 10:23:57,011 - INFO     - root        : [END] USER_THREAD_COUNT: role-global has 29/767903 threads (0.0% utilization)
2025-09-05 10:29:59,740 - INFO     - root        : [START] USER_THREAD_COUNT: role-global has 29/767903 threads (0.0% utilization)
2025-09-05 10:30:01,738 - INFO     - root        : [ROCOTO_SUCCESS_ATTEMPT_1] USER_THREAD_COUNT: role-global has 29/767903 threads (0.0% utilization)
2025-09-05 10:30:01,738 - INFO     - root        : Rocoto call successful on attempt 1: call_time=1.92s, total_time=1.92s
2025-09-05 10:30:03,773 - INFO     - root        : [ROCOTO_SUCCESS_ATTEMPT_1] USER_THREAD_COUNT: role-global has 29/767903 threads (0.0% utilization)
2025-09-05 10:30:03,773 - INFO     - root        : Rocoto call successful on attempt 1: call_time=1.93s, total_time=1.93s
2025-09-05 10:30:03,862 - INFO     - root        : [END] USER_THREAD_COUNT: role-global has 29/767903 threads (0.0% utilization)
2025-09-05 10:36:06,896 - INFO     - root        : [START] USER_THREAD_COUNT: role-global has 29/767903 threads (0.0% utilization)
2025-09-05 10:36:08,887 - INFO     - root        : [ROCOTO_SUCCESS_ATTEMPT_1] USER_THREAD_COUNT: role-global has 29/767903 threads (0.0% utilization)
2025-09-05 10:36:08,887 - INFO     - root        : Rocoto call successful on attempt 1: call_time=1.91s, total_time=1.91s
2025-09-05 10:36:10,774 - INFO     - root        : [ROCOTO_SUCCESS_ATTEMPT_1] USER_THREAD_COUNT: role-global has 29/767903 threads (0.0% utilization)
2025-09-05 10:36:10,774 - INFO     - root        : Rocoto call successful on attempt 1: call_time=1.81s, total_time=1.81s
2025-09-05 10:36:10,847 - INFO     - root        : [END] USER_THREAD_COUNT: role-global has 29/767903 threads (0.0% utilization)
2025-09-05 10:42:13,533 - INFO     - root        : [START] USER_THREAD_COUNT: role-global has 29/767903 threads (0.0% utilization)
2025-09-05 10:42:15,520 - INFO     - root        : [ROCOTO_SUCCESS_ATTEMPT_1] USER_THREAD_COUNT: role-global has 29/767903 threads (0.0% utilization)
2025-09-05 10:42:15,520 - INFO     - root        : Rocoto call successful on attempt 1: call_time=1.91s, total_time=1.91s
2025-09-05 10:42:17,362 - INFO     - root        : [ROCOTO_SUCCESS_ATTEMPT_1] USER_THREAD_COUNT: role-global has 29/767903 threads (0.0% utilization)
2025-09-05 10:42:17,362 - INFO     - root        : Rocoto call successful on attempt 1: call_time=1.77s, total_time=1.77s
2025-09-05 10:42:17,433 - INFO     - root        : [END] USER_THREAD_COUNT: role-global has 29/767903 threads (0.0% utilization)
2025-09-05 10:48:20,330 - INFO     - root        : [START] USER_THREAD_COUNT: role-global has 29/767903 threads (0.0% utilization)
2025-09-05 10:48:22,323 - INFO     - root        : [ROCOTO_SUCCESS_ATTEMPT_1] USER_THREAD_COUNT: role-global has 29/767903 threads (0.0% utilization)
2025-09-05 10:48:22,323 - INFO     - root        : Rocoto call successful on attempt 1: call_time=1.92s, total_time=1.92s
2025-09-05 10:48:24,180 - INFO     - root        : [ROCOTO_SUCCESS_ATTEMPT_1] USER_THREAD_COUNT: role-global has 29/767903 threads (0.0% utilization)
2025-09-05 10:48:24,180 - INFO     - root        : Rocoto call successful on attempt 1: call_time=1.78s, total_time=1.78s
2025-09-05 10:48:24,255 - INFO     - root        : [END] USER_THREAD_COUNT: role-global has 29/767903 threads (0.0% utilization)
2025-09-05 10:54:27,285 - INFO     - root        : [START] USER_THREAD_COUNT: role-global has 29/767903 threads (0.0% utilization)
2025-09-05 10:54:29,257 - INFO     - root        : [ROCOTO_SUCCESS_ATTEMPT_1] USER_THREAD_COUNT: role-global has 29/767903 threads (0.0% utilization)
2025-09-05 10:54:29,258 - INFO     - root        : Rocoto call successful on attempt 1: call_time=1.91s, total_time=1.91s
2025-09-05 10:54:31,109 - INFO     - root        : [ROCOTO_SUCCESS_ATTEMPT_1] USER_THREAD_COUNT: role-global has 29/767903 threads (0.0% utilization)
2025-09-05 10:54:31,109 - INFO     - root        : Rocoto call successful on attempt 1: call_time=1.78s, total_time=1.78s
2025-09-05 10:54:31,174 - INFO     - root        : [END] USER_THREAD_COUNT: role-global has 29/767903 threads (0.0% utilization)
2025-09-05 11:00:33,916 - INFO     - root        : [START] USER_THREAD_COUNT: role-global has 29/767903 threads (0.0% utilization)
2025-09-05 11:00:35,909 - INFO     - root        : [ROCOTO_SUCCESS_ATTEMPT_1] USER_THREAD_COUNT: role-global has 29/767903 threads (0.0% utilization)
2025-09-05 11:00:35,909 - INFO     - root        : Rocoto call successful on attempt 1: call_time=1.92s, total_time=1.92s
2025-09-05 11:00:37,775 - INFO     - root        : [ROCOTO_SUCCESS_ATTEMPT_1] USER_THREAD_COUNT: role-global has 29/767903 threads (0.0% utilization)
2025-09-05 11:00:37,775 - INFO     - root        : Rocoto call successful on attempt 1: call_time=1.79s, total_time=1.79s
2025-09-05 11:00:37,847 - INFO     - root        : [END] USER_THREAD_COUNT: role-global has 29/767903 threads (0.0% utilization)
2025-09-05 11:06:40,590 - INFO     - root        : [START] USER_THREAD_COUNT: role-global has 29/767903 threads (0.0% utilization)
2025-09-05 11:06:42,569 - INFO     - root        : [ROCOTO_SUCCESS_ATTEMPT_1] USER_THREAD_COUNT: role-global has 29/767903 threads (0.0% utilization)
2025-09-05 11:06:42,569 - INFO     - root        : Rocoto call successful on attempt 1: call_time=1.91s, total_time=1.91s
2025-09-05 11:06:44,403 - INFO     - root        : [ROCOTO_SUCCESS_ATTEMPT_1] USER_THREAD_COUNT: role-global has 29/767903 threads (0.0% utilization)
2025-09-05 11:06:44,403 - INFO     - root        : Rocoto call successful on attempt 1: call_time=1.77s, total_time=1.77s
2025-09-05 11:06:44,467 - INFO     - root        : [END] USER_THREAD_COUNT: role-global has 29/767903 threads (0.0% utilization)
2025-09-05 11:12:47,255 - INFO     - root        : [START] USER_THREAD_COUNT: role-global has 29/767903 threads (0.0% utilization)
2025-09-05 11:12:49,221 - INFO     - root        : [ROCOTO_SUCCESS_ATTEMPT_1] USER_THREAD_COUNT: role-global has 29/767903 threads (0.0% utilization)
2025-09-05 11:12:49,221 - INFO     - root        : Rocoto call successful on attempt 1: call_time=1.89s, total_time=1.89s
2025-09-05 11:12:51,078 - INFO     - root        : [ROCOTO_SUCCESS_ATTEMPT_1] USER_THREAD_COUNT: role-global has 29/767903 threads (0.0% utilization)
2025-09-05 11:12:51,078 - INFO     - root        : Rocoto call successful on attempt 1: call_time=1.78s, total_time=1.78s
2025-09-05 11:12:51,142 - INFO     - root        : [END] USER_THREAD_COUNT: role-global has 29/767903 threads (0.0% utilization)
2025-09-05 11:18:53,863 - INFO     - root        : [START] USER_THREAD_COUNT: role-global has 29/767903 threads (0.0% utilization)
2025-09-05 11:18:55,841 - INFO     - root        : [ROCOTO_SUCCESS_ATTEMPT_1] USER_THREAD_COUNT: role-global has 29/767903 threads (0.0% utilization)
2025-09-05 11:18:55,841 - INFO     - root        : Rocoto call successful on attempt 1: call_time=1.90s, total_time=1.90s
2025-09-05 11:18:57,692 - INFO     - root        : [ROCOTO_SUCCESS_ATTEMPT_1] USER_THREAD_COUNT: role-global has 29/767903 threads (0.0% utilization)
2025-09-05 11:18:57,692 - INFO     - root        : Rocoto call successful on attempt 1: call_time=1.78s, total_time=1.78s
2025-09-05 11:18:57,763 - INFO     - root        : [END] USER_THREAD_COUNT: role-global has 29/767903 threads (0.0% utilization)
