+ OPTIND=1
+ _opts='-f '
+ getopts :j:dv option
+ case "${option}" in
+ BUILD_JOBS=1
+ getopts :j:dv option
+ shift 2
+ BUILD_JOBS=1
+ WORKFLOW_BUILD=ON
+ ./gdas.cd/build.sh -f -f
Building GDASApp on hercules
-------------------------------------------------------------------------------
The following dependent module(s) are not currently loaded: py-numpy/1.22.3 (required by: bufr/12.0.1), python/3.10.13 (required by: boost/1.84.0, bufr/12.0.1, fckit/0.11.0, atlas/0.36.0, py-pybind11/2.11.0)
-------------------------------------------------------------------------------

Currently Loaded Modules:
  1) intel-oneapi-compilers/2023.1.0  34) openblas/0.3.24
  2) stack-intel/2021.9.0             35) eckit/1.24.5
  3) intel-oneapi-mpi/2021.9.0        36) fftw/3.3.10
  4) stack-intel-oneapi-mpi/2021.9.0  37) fckit/0.11.0
  5) zlib-ng/2.1.5                    38) fiat/1.2.0
  6) cmake/3.23.1                     39) ectrans/1.2.0
  7) nghttp2/1.57.0                   40) fms/2023.04
  8) curl/8.4.0                       41) esmf/8.6.1
  9) zlib/1.2.13                      42) qhull/2020.2
 10) git/2.31.1                       43) atlas/0.36.0
 11) hdf5/1.14.3                      44) sp/2.5.0
 12) parallel-netcdf/1.12.3           45) gsl-lite/0.37.0
 13) snappy/1.1.10                    46) libjpeg/2.1.0
 14) zstd/1.5.2                       47) krb5/1.20.1
 15) c-blosc/1.21.5                   48) libtirpc/1.3.3
 16) netcdf-c/4.9.2                   49) hdf/4.2.15
 17) nccmp/1.9.0.1                    50) jedi-cmake/1.4.0
 18) netcdf-fortran/4.6.1             51) libpng/1.6.37
 19) antlr/2.7.7                      52) libxt/1.3.0
 20) gsl/2.7.1                        53) libxmu/1.1.4
 21) nco/5.1.6                        54) libxpm/3.5.17
 22) parallelio/2.6.2                 55) libxaw/1.0.15
 23) wget/1.21.1                      56) udunits/2.2.28
 24) pigz/2.8                         57) ncview/2.1.9
 25) tar/1.34                         58) netcdf-cxx4/4.3.1
 26) gettext/0.21.1                   59) py-pybind11/2.11.0
 27) boost/1.84.0                     60) contrib/0.1
 28) bufr/12.0.1                      61) noaatools/3.1
 29) git-lfs/3.1.2                    62) rocoto/1.3.7
 30) ecbuild/3.7.2                    63) hpc/1.2.0
 31) openjpeg/2.3.1                   64) miniconda3/4.6.14
 32) eccodes/2.33.0                   65) gdasapp/1.0.0
 33) eigen/3.4.0                      66) GDAS/hercules.intel

 

Configuring ...
+ cmake -DMPIEXEC_EXECUTABLE=/opt/slurm/bin/srun -DMPIEXEC_NUMPROC_FLAG=-n -DBUILD_GSIBEC=ON -DCLONE_JCSDADATA=NO -DMACHINE=hercules -DWORKFLOW_TESTS=ON /work2/noaa/global/CI/HERCULES/3301/global-workflow/sorc/gdas.cd/bundle
-- The C compiler identification is Intel 2021.9.0.20230302
-- The CXX compiler identification is Intel 2021.9.0.20230302
-- The Fortran compiler identification is Intel 2021.9.0.20230302
-- Detecting C compiler ABI info
-- Detecting C compiler ABI info - done
-- Check for working C compiler: /apps/spack-managed/oneapi-2023.1.0/intel-oneapi-mpi-2021.9.0-a66eaipzsnyrdgaqzxmqmqz64qzvhkse/mpi/2021.9.0/bin/mpiicc - skipped
-- Detecting C compile features
-- Detecting C compile features - done
-- Detecting CXX compiler ABI info
-- Detecting CXX compiler ABI info - done
-- Check for working CXX compiler: /apps/spack-managed/oneapi-2023.1.0/intel-oneapi-mpi-2021.9.0-a66eaipzsnyrdgaqzxmqmqz64qzvhkse/mpi/2021.9.0/bin/mpiicpc - skipped
-- Detecting CXX compile features
-- Detecting CXX compile features - done
-- Detecting Fortran compiler ABI info
-- Detecting Fortran compiler ABI info - done
-- Check for working Fortran compiler: /apps/spack-managed/oneapi-2023.1.0/intel-oneapi-mpi-2021.9.0-a66eaipzsnyrdgaqzxmqmqz64qzvhkse/mpi/2021.9.0/bin/mpiifort - skipped
-- ecbuild   3.7.2	/work/noaa/epic/role-epic/spack-stack/hercules/spack-stack-1.7.0/envs/ue-intel/install/intel/2021.9.0/ecbuild-3.7.2-ljy2rx3/share/ecbuild/cmake
-- cmake     3.23.1	/work/noaa/epic/role-epic/spack-stack/hercules/spack-stack-1.7.0/envs/ue-intel/install/intel/2021.9.0/cmake-3.23.1-yyb5rbv/bin/cmake
-- ---------------------------------------------------------
-- Found Git: /usr/bin/git (found version "2.31.1") 
-- Looking for sys/types.h
-- Looking for sys/types.h - found
-- Looking for stdint.h
-- Looking for stdint.h - found
-- Looking for stddef.h
-- Looking for stddef.h - found
-- Check size of void*
-- Check size of void* - done
-- Check size of off_t
-- Check size of off_t - done
-- ---------------------------------------------------------
-- ---------------------------------------------------------
-- [GDAS-bundle] (1.0.0)
-- Feature TESTS enabled
-- Found Python3: /work2/noaa/da/python/opt/core/miniconda3/4.6.14/envs/gdasapp/bin/python3.7 (found version "3.7.12") found components: Interpreter 
-- Feature TESTS enabled
-- ---------------------------------------------------------
-- Adding bundle project jedicmake
-- ---------------------------------------------------------
-- Skipping bundle project eckit
-- ---------------------------------------------------------
-- Skipping bundle project fckit
-- ---------------------------------------------------------
-- Skipping bundle project atlas
-- ---------------------------------------------------------
-- Adding bundle project crtm
-- ---------------------------------------------------------
-- [crtm] (2.4.1)
-- Feature TESTS enabled
-- Found OpenMP_Fortran: -qopenmp (found version "5.0") 
-- Found OpenMP: TRUE (found version "5.0") found components: Fortran 
-- Found NetCDF: /work/noaa/epic/role-epic/spack-stack/hercules/spack-stack-1.7.0/envs/ue-intel/install/intel/2021.9.0/netcdf-fortran-4.6.1-gahkfxw/include (found version "4.9.2") found components: Fortran 
-- FindNetCDF defines targets:
--   - NetCDF::NetCDF_Fortran [/work/noaa/epic/role-epic/spack-stack/hercules/spack-stack-1.7.0/envs/ue-intel/install/intel/2021.9.0/netcdf-fortran-4.6.1-gahkfxw/lib/libnetcdff.so]
-- ---------------------------------------------------------
-- [CRTM_Tests] (1.0.1)
-- Feature TESTS enabled
-- use LOCAL_PATH_JEDI_TESTFILES: /work2/noaa/global/CI/HERCULES/3301/global-workflow/sorc/gdas.cd/bundle/fix
Using existing local fix directory instead of downloading.
-- Hostname: hercules-01-07
-- Host FQDN: hercules-01-07.hpc.msstate.edu
-- The lsb_release command cannot be found. Using defaults.
-- Git Branch (set CDASH_OVERRIDE_GIT_BRANCH to force): GIT_BRANCH_UNSPECIFIED
-- System ID: Linux_5.14.0-162.23.1.el9_1.x86_64_#1 SMP PREEMPT_DYNAMIC Tue Apr 11 19:09:37 UTC 2023
-- Compilers: Intel_2021.9.0.20230302
-- Build: GIT_BRANCH_UNSPECIFIED;Linux_5.14.0-162.23.1.el9_1.x86_64_#1 SMP PREEMPT_DYNAMIC Tue Apr 11 19:09:37 UTC 2023_conda;Intel_2021.9.0.20230302;RelWithDebInfo
-- Site: hercules-01-07.hpc.msstate.edu
-- ---------------------------------------------------------
-- Adding bundle project gsibec
-- Found ecbuild: /work/noaa/epic/role-epic/spack-stack/hercules/spack-stack-1.7.0/envs/ue-intel/install/intel/2021.9.0/ecbuild-3.7.2-ljy2rx3/share/ecbuild/cmake (found suitable version "3.7.2", minimum required is "3.3.2") 
-- ---------------------------------------------------------
-- [gsibec] (1.2.1)
-- Feature TESTS enabled
-- Could NOT find MKL (missing: MKL_LIBRARIES MKL_INCLUDE_DIRS) 
-- Looking for Fortran sgemm
-- Looking for Fortran sgemm - not found
-- Looking for pthread.h
-- Looking for pthread.h - found
-- Performing Test CMAKE_HAVE_LIBC_PTHREAD
-- Performing Test CMAKE_HAVE_LIBC_PTHREAD - Success
-- Found Threads: TRUE  
-- Looking for Fortran sgemm
-- Looking for Fortran sgemm - found
-- Found BLAS: /work/noaa/epic/role-epic/spack-stack/hercules/spack-stack-1.7.0/envs/ue-intel/install/intel/2021.9.0/openblas-0.3.24-wriiq4z/lib/libopenblas.so  
-- Looking for Fortran cheev
-- Looking for Fortran cheev - found
-- Found LAPACK: /work/noaa/epic/role-epic/spack-stack/hercules/spack-stack-1.7.0/envs/ue-intel/install/intel/2021.9.0/openblas-0.3.24-wriiq4z/lib/libopenblas.so;-lm;-ldl  
-- Found MPI_Fortran: /apps/spack-managed/oneapi-2023.1.0/intel-oneapi-mpi-2021.9.0-a66eaipzsnyrdgaqzxmqmqz64qzvhkse/mpi/2021.9.0/bin/mpiifort (found version "3.1") 
-- Found MPI: TRUE (found version "3.1") found components: Fortran 
-- Found MPI_C: /apps/spack-managed/oneapi-2023.1.0/intel-oneapi-mpi-2021.9.0-a66eaipzsnyrdgaqzxmqmqz64qzvhkse/mpi/2021.9.0/bin/mpiicc (found version "3.1") 
-- Found MPI_CXX: /apps/spack-managed/oneapi-2023.1.0/intel-oneapi-mpi-2021.9.0-a66eaipzsnyrdgaqzxmqmqz64qzvhkse/mpi/2021.9.0/bin/mpiicpc (found version "3.1") 
-- Found MPI: TRUE (found version "3.1")  
-- Found NetCDF: /work/noaa/epic/role-epic/spack-stack/hercules/spack-stack-1.7.0/envs/ue-intel/install/intel/2021.9.0/netcdf-c-4.9.2-slfn4ud/include;/work/noaa/epic/role-epic/spack-stack/hercules/spack-stack-1.7.0/envs/ue-intel/install/intel/2021.9.0/netcdf-fortran-4.6.1-gahkfxw/include (found version "4.9.2") found components: Fortran 
-- FindNetCDF defines targets:
--   - NetCDF_VERSION [4.9.2]
--   - NetCDF_PARALLEL [TRUE]
--   - NetCDF_C_CONFIG_EXECUTABLE [/work/noaa/epic/role-epic/spack-stack/hercules/spack-stack-1.7.0/envs/ue-intel/install/intel/2021.9.0/netcdf-c-4.9.2-slfn4ud/bin/nc-config]
--   - NetCDF::NetCDF_C [SHARED] [Root: /work/noaa/epic/role-epic/spack-stack/hercules/spack-stack-1.7.0/envs/ue-intel/install/intel/2021.9.0/netcdf-c-4.9.2-slfn4ud] Lib: /work/noaa/epic/role-epic/spack-stack/hercules/spack-stack-1.7.0/envs/ue-intel/install/intel/2021.9.0/netcdf-c-4.9.2-slfn4ud/lib/libnetcdf.so 
--   - NetCDF_Fortran_CONFIG_EXECUTABLE [/work/noaa/epic/role-epic/spack-stack/hercules/spack-stack-1.7.0/envs/ue-intel/install/intel/2021.9.0/netcdf-fortran-4.6.1-gahkfxw/bin/nf-config]
--   - NetCDF::NetCDF_Fortran [SHARED] [Root: /work/noaa/epic/role-epic/spack-stack/hercules/spack-stack-1.7.0/envs/ue-intel/install/intel/2021.9.0/netcdf-fortran-4.6.1-gahkfxw] Lib: /work/noaa/epic/role-epic/spack-stack/hercules/spack-stack-1.7.0/envs/ue-intel/install/intel/2021.9.0/netcdf-fortran-4.6.1-gahkfxw/lib/libnetcdff.so 
-- Found sp: /work/noaa/epic/role-epic/spack-stack/hercules/spack-stack-1.7.0/envs/ue-intel/install/intel/2021.9.0/sp-2.5.0-vrk25sn/lib64/libsp_4.a (found version "2.5.0")
-- ---------------------------------------------------------
-- Adding bundle project gsw
-- ---------------------------------------------------------
-- [gsw] (3.0.8)
-- Feature TESTS enabled
-- ---------------------------------------------------------
-- Adding bundle project bufr-query
-- ---------------------------------------------------------
-- [bufr_query] (2.8.0)
-- Feature TESTS enabled
-- Found NetCDF: /work/noaa/epic/role-epic/spack-stack/hercules/spack-stack-1.7.0/envs/ue-intel/install/intel/2021.9.0/netcdf-cxx4-4.3.1-7y6our7/include (found version "4.9.2") found components: CXX 
-- FindNetCDF defines targets:
--   - NetCDF::NetCDF_CXX [/work/noaa/epic/role-epic/spack-stack/hercules/spack-stack-1.7.0/envs/ue-intel/install/intel/2021.9.0/netcdf-cxx4-4.3.1-7y6our7/lib/libnetcdf_c++4.so]
-- Found bufr: /work/noaa/epic/role-epic/spack-stack/hercules/spack-stack-1.7.0/envs/ue-intel/install/intel/2021.9.0/bufr-12.0.1-h7wq5ai/lib64/libbufr_4.so (found version "12.0.1")
-- Found Python3: /work2/noaa/da/python/opt/core/miniconda3/4.6.14/envs/gdasapp/bin/python3.7 (found version "3.7.12") found components: Interpreter Development Development.Module Development.Embed 
-- Performing Test HAS_INTEL_IPO
-- Performing Test HAS_INTEL_IPO - Success
-- Downloading: /work2/noaa/global/CI/HERCULES/3301/global-workflow/sorc/gdas.cd/build/bufr-query/test/bufr_query-0.0.1.tgz
slurmstepd: error: *** JOB 4440838 ON hercules-01-07 CANCELLED AT 2025-02-05T08:18:52 DUE TO TIME LIMIT ***
