+ OPTIND=1
+ _opts='-f '
+ getopts :j:dv option
+ case "${option}" in
+ BUILD_JOBS=40
+ getopts :j:dv option
+ shift 2
+ BUILD_JOBS=40
+ WORKFLOW_BUILD=ON
+ ./gdas.cd/build.sh -f -f
Start ... Tue Apr  8 13:59:32 CDT 2025
Building GDASApp on hercules
-------------------------------------------------------------------------------
The following dependent module(s) are not currently loaded: py-numpy/1.22.3 (required by: bufr/12.0.1), python/3.10.13 (required by: boost/1.84.0, bufr/12.0.1, fckit/0.11.0, atlas/0.36.0, py-pybind11/2.11.0)
-------------------------------------------------------------------------------

Currently Loaded Modules:
  1) intel-oneapi-compilers/2023.1.0  36) fftw/3.3.10
  2) stack-intel/2021.9.0             37) fckit/0.11.0
  3) intel-oneapi-mpi/2021.9.0        38) fiat/1.2.0
  4) stack-intel-oneapi-mpi/2021.9.0  39) ectrans/1.2.0
  5) zlib-ng/2.1.5                    40) fms/2023.04
  6) cmake/3.23.1                     41) esmf/8.6.1
  7) nghttp2/1.57.0                   42) qhull/2020.2
  8) curl/8.4.0                       43) atlas/0.36.0
  9) zlib/1.2.13                      44) sp/2.5.0
 10) git/2.31.1                       45) gsl-lite/0.37.0
 11) hdf5/1.14.3                      46) libjpeg/2.1.0
 12) parallel-netcdf/1.12.3           47) krb5/1.20.1
 13) snappy/1.1.10                    48) libtirpc/1.3.3
 14) zstd/1.5.2                       49) hdf/4.2.15
 15) c-blosc/1.21.5                   50) jedi-cmake/1.4.0
 16) netcdf-c/4.9.2                   51) libpng/1.6.37
 17) nccmp/1.9.0.1                    52) libxt/1.3.0
 18) netcdf-fortran/4.6.1             53) libxmu/1.1.4
 19) antlr/2.7.7                      54) libxpm/3.5.17
 20) gsl/2.7.1                        55) libxaw/1.0.15
 21) nco/5.1.6                        56) udunits/2.2.28
 22) parallelio/2.6.2                 57) ncview/2.1.9
 23) wget/1.21.1                      58) netcdf-cxx4/4.3.1
 24) pigz/2.8                         59) py-pybind11/2.11.0
 25) tar/1.34                         60) contrib/0.1
 26) gettext/0.21.1                   61) noaatools/3.1
 27) boost/1.84.0                     62) rocoto/1.3.7
 28) bufr/12.0.1                      63) bacio/2.4.1
 29) git-lfs/3.1.2                    64) w3emc/2.10.0
 30) ecbuild/3.7.2                    65) prod_util/2.1.1
 31) openjpeg/2.3.1                   66) hpc/1.2.0
 32) eccodes/2.33.0                   67) miniconda3/4.6.14
 33) eigen/3.4.0                      68) gdasapp/1.0.0
 34) openblas/0.3.24                  69) GDAS/hercules.intel
 35) eckit/1.24.5

 

Configuring ... Tue Apr  8 13:59:45 CDT 2025
+ cmake -DMPIEXEC_EXECUTABLE=/opt/slurm/bin/srun -DMPIEXEC_NUMPROC_FLAG=-n -DBUILD_GSIBEC=ON -DCLONE_JCSDADATA=NO -DMACHINE=hercules -DWORKFLOW_TESTS=ON /work2/noaa/global/role-global/GFS_CI_CD/HERCULES/CI/3557/global-workflow/sorc/gdas.cd/bundle
-- The C compiler identification is Intel 2021.9.0.20230302
-- The CXX compiler identification is Intel 2021.9.0.20230302
-- The Fortran compiler identification is Intel 2021.9.0.20230302
-- Detecting C compiler ABI info
-- Detecting C compiler ABI info - done
-- Check for working C compiler: /apps/spack-managed/oneapi-2023.1.0/intel-oneapi-mpi-2021.9.0-a66eaipzsnyrdgaqzxmqmqz64qzvhkse/mpi/2021.9.0/bin/mpiicc - skipped
-- Detecting C compile features
-- Detecting C compile features - done
-- Detecting CXX compiler ABI info
-- Detecting CXX compiler ABI info - done
-- Check for working CXX compiler: /apps/spack-managed/oneapi-2023.1.0/intel-oneapi-mpi-2021.9.0-a66eaipzsnyrdgaqzxmqmqz64qzvhkse/mpi/2021.9.0/bin/mpiicpc - skipped
-- Detecting CXX compile features
-- Detecting CXX compile features - done
-- Detecting Fortran compiler ABI info
-- Detecting Fortran compiler ABI info - done
-- Check for working Fortran compiler: /apps/spack-managed/oneapi-2023.1.0/intel-oneapi-mpi-2021.9.0-a66eaipzsnyrdgaqzxmqmqz64qzvhkse/mpi/2021.9.0/bin/mpiifort - skipped
-- ecbuild   3.7.2	/work/noaa/epic/role-epic/spack-stack/hercules/spack-stack-1.7.0/envs/ue-intel/install/intel/2021.9.0/ecbuild-3.7.2-ljy2rx3/share/ecbuild/cmake
-- cmake     3.23.1	/work/noaa/epic/role-epic/spack-stack/hercules/spack-stack-1.7.0/envs/ue-intel/install/intel/2021.9.0/cmake-3.23.1-yyb5rbv/bin/cmake
-- ---------------------------------------------------------
-- Found Git: /usr/bin/git (found version "2.31.1") 
-- Looking for sys/types.h
-- Looking for sys/types.h - found
-- Looking for stdint.h
-- Looking for stdint.h - found
-- Looking for stddef.h
-- Looking for stddef.h - found
-- Check size of void*
-- Check size of void* - done
-- Check size of off_t
-- Check size of off_t - done
-- ---------------------------------------------------------
-- ---------------------------------------------------------
-- [GDAS-bundle] (1.0.0)
-- Feature TESTS enabled
-- Found Python3: /work2/noaa/da/python/opt/core/miniconda3/4.6.14/envs/gdasapp/bin/python3.7 (found version "3.7.12") found components: Interpreter 
-- Feature TESTS enabled
-- ---------------------------------------------------------
-- Adding bundle project jedicmake
-- ---------------------------------------------------------
-- Skipping bundle project eckit
-- ---------------------------------------------------------
-- Skipping bundle project fckit
-- ---------------------------------------------------------
-- Skipping bundle project atlas
-- ---------------------------------------------------------
-- Adding bundle project crtm
-- ---------------------------------------------------------
-- [crtm] (2.4.1)
-- Feature TESTS enabled
-- Found OpenMP_Fortran: -qopenmp (found version "5.0") 
-- Found OpenMP: TRUE (found version "5.0") found components: Fortran 
-- Found NetCDF: /work/noaa/epic/role-epic/spack-stack/hercules/spack-stack-1.7.0/envs/ue-intel/install/intel/2021.9.0/netcdf-fortran-4.6.1-gahkfxw/include (found version "4.9.2") found components: Fortran 
-- FindNetCDF defines targets:
--   - NetCDF::NetCDF_Fortran [/work/noaa/epic/role-epic/spack-stack/hercules/spack-stack-1.7.0/envs/ue-intel/install/intel/2021.9.0/netcdf-fortran-4.6.1-gahkfxw/lib/libnetcdff.so]
-- ---------------------------------------------------------
-- [CRTM_Tests] (1.0.1)
-- Feature TESTS enabled
-- use LOCAL_PATH_JEDI_TESTFILES: /work2/noaa/global/role-global/GFS_CI_CD/HERCULES/CI/3557/global-workflow/sorc/gdas.cd/bundle/fix
Using existing local fix directory instead of downloading.
-- Hostname: hercules-01-29
-- Host FQDN: hercules-01-29.hpc.msstate.edu
-- The lsb_release command cannot be found. Using defaults.
-- Git Branch (set CDASH_OVERRIDE_GIT_BRANCH to force): GIT_BRANCH_UNSPECIFIED
-- System ID: Linux_5.14.0-162.23.1.el9_1.x86_64_#1 SMP PREEMPT_DYNAMIC Tue Apr 11 19:09:37 UTC 2023
-- Compilers: Intel_2021.9.0.20230302
-- Build: GIT_BRANCH_UNSPECIFIED;Linux_5.14.0-162.23.1.el9_1.x86_64_#1 SMP PREEMPT_DYNAMIC Tue Apr 11 19:09:37 UTC 2023_conda;Intel_2021.9.0.20230302;RelWithDebInfo
-- Site: hercules-01-29.hpc.msstate.edu
-- ---------------------------------------------------------
-- Adding bundle project gsibec
-- Found ecbuild: /work/noaa/epic/role-epic/spack-stack/hercules/spack-stack-1.7.0/envs/ue-intel/install/intel/2021.9.0/ecbuild-3.7.2-ljy2rx3/share/ecbuild/cmake (found suitable version "3.7.2", minimum required is "3.3.2") 
-- ---------------------------------------------------------
-- [gsibec] (1.2.1)
-- Feature TESTS enabled
-- Could NOT find MKL (missing: MKL_LIBRARIES MKL_INCLUDE_DIRS) 
-- Looking for Fortran sgemm
-- Looking for Fortran sgemm - not found
-- Looking for pthread.h
-- Looking for pthread.h - found
-- Performing Test CMAKE_HAVE_LIBC_PTHREAD
-- Performing Test CMAKE_HAVE_LIBC_PTHREAD - Success
-- Found Threads: TRUE  
-- Looking for Fortran sgemm
-- Looking for Fortran sgemm - found
-- Found BLAS: /work/noaa/epic/role-epic/spack-stack/hercules/spack-stack-1.7.0/envs/ue-intel/install/intel/2021.9.0/openblas-0.3.24-wriiq4z/lib/libopenblas.so  
-- Looking for Fortran cheev
-- Looking for Fortran cheev - found
-- Found LAPACK: /work/noaa/epic/role-epic/spack-stack/hercules/spack-stack-1.7.0/envs/ue-intel/install/intel/2021.9.0/openblas-0.3.24-wriiq4z/lib/libopenblas.so;-lm;-ldl  
-- Found MPI_Fortran: /apps/spack-managed/oneapi-2023.1.0/intel-oneapi-mpi-2021.9.0-a66eaipzsnyrdgaqzxmqmqz64qzvhkse/mpi/2021.9.0/bin/mpiifort (found version "3.1") 
-- Found MPI: TRUE (found version "3.1") found components: Fortran 
-- Found MPI_C: /apps/spack-managed/oneapi-2023.1.0/intel-oneapi-mpi-2021.9.0-a66eaipzsnyrdgaqzxmqmqz64qzvhkse/mpi/2021.9.0/bin/mpiicc (found version "3.1") 
-- Found MPI_CXX: /apps/spack-managed/oneapi-2023.1.0/intel-oneapi-mpi-2021.9.0-a66eaipzsnyrdgaqzxmqmqz64qzvhkse/mpi/2021.9.0/bin/mpiicpc (found version "3.1") 
-- Found MPI: TRUE (found version "3.1")  
-- Found NetCDF: /work/noaa/epic/role-epic/spack-stack/hercules/spack-stack-1.7.0/envs/ue-intel/install/intel/2021.9.0/netcdf-c-4.9.2-slfn4ud/include;/work/noaa/epic/role-epic/spack-stack/hercules/spack-stack-1.7.0/envs/ue-intel/install/intel/2021.9.0/netcdf-fortran-4.6.1-gahkfxw/include (found version "4.9.2") found components: Fortran 
-- FindNetCDF defines targets:
--   - NetCDF_VERSION [4.9.2]
--   - NetCDF_PARALLEL [TRUE]
--   - NetCDF_C_CONFIG_EXECUTABLE [/work/noaa/epic/role-epic/spack-stack/hercules/spack-stack-1.7.0/envs/ue-intel/install/intel/2021.9.0/netcdf-c-4.9.2-slfn4ud/bin/nc-config]
--   - NetCDF::NetCDF_C [SHARED] [Root: /work/noaa/epic/role-epic/spack-stack/hercules/spack-stack-1.7.0/envs/ue-intel/install/intel/2021.9.0/netcdf-c-4.9.2-slfn4ud] Lib: /work/noaa/epic/role-epic/spack-stack/hercules/spack-stack-1.7.0/envs/ue-intel/install/intel/2021.9.0/netcdf-c-4.9.2-slfn4ud/lib/libnetcdf.so 
--   - NetCDF_Fortran_CONFIG_EXECUTABLE [/work/noaa/epic/role-epic/spack-stack/hercules/spack-stack-1.7.0/envs/ue-intel/install/intel/2021.9.0/netcdf-fortran-4.6.1-gahkfxw/bin/nf-config]
--   - NetCDF::NetCDF_Fortran [SHARED] [Root: /work/noaa/epic/role-epic/spack-stack/hercules/spack-stack-1.7.0/envs/ue-intel/install/intel/2021.9.0/netcdf-fortran-4.6.1-gahkfxw] Lib: /work/noaa/epic/role-epic/spack-stack/hercules/spack-stack-1.7.0/envs/ue-intel/install/intel/2021.9.0/netcdf-fortran-4.6.1-gahkfxw/lib/libnetcdff.so 
-- Found sp: /work/noaa/epic/role-epic/spack-stack/hercules/spack-stack-1.7.0/envs/ue-intel/install/intel/2021.9.0/sp-2.5.0-vrk25sn/lib64/libsp_4.a (found version "2.5.0")
-- ---------------------------------------------------------
-- Adding bundle project gsw
-- ---------------------------------------------------------
-- [gsw] (3.0.8)
-- Feature TESTS enabled
-- ---------------------------------------------------------
-- Adding bundle project bufr-query
-- ---------------------------------------------------------
-- [bufr_query] (2.8.0)
-- Feature TESTS enabled
-- Found NetCDF: /work/noaa/epic/role-epic/spack-stack/hercules/spack-stack-1.7.0/envs/ue-intel/install/intel/2021.9.0/netcdf-cxx4-4.3.1-7y6our7/include (found version "4.9.2") found components: CXX 
-- FindNetCDF defines targets:
--   - NetCDF::NetCDF_CXX [/work/noaa/epic/role-epic/spack-stack/hercules/spack-stack-1.7.0/envs/ue-intel/install/intel/2021.9.0/netcdf-cxx4-4.3.1-7y6our7/lib/libnetcdf_c++4.so]
-- Found bufr: /work/noaa/epic/role-epic/spack-stack/hercules/spack-stack-1.7.0/envs/ue-intel/install/intel/2021.9.0/bufr-12.0.1-h7wq5ai/lib64/libbufr_4.so (found version "12.0.1")
-- Found Python3: /work2/noaa/da/python/opt/core/miniconda3/4.6.14/envs/gdasapp/bin/python3.7 (found version "3.7.12") found components: Interpreter Development Development.Module Development.Embed 
-- Performing Test HAS_INTEL_IPO
-- Performing Test HAS_INTEL_IPO - Success
-- Downloading: /work2/noaa/global/role-global/GFS_CI_CD/HERCULES/CI/3557/global-workflow/sorc/gdas.cd/build/bufr-query/test/bufr_query-0.0.1.tgz
-- Could not download test files, not building tests
-- ---------------------------------------------------------
-- Adding bundle project oops
-- ---------------------------------------------------------
-- [oops] (1.10.0)
-- Feature TESTS enabled
-- Could NOT find MKL (missing: MKL_LIBRARIES MKL_INCLUDE_DIRS) 
-- Found OpenMP_CXX: -qopenmp (found version "5.0") 
-- Found OpenMP: TRUE (found version "5.0") found components: CXX Fortran 
-- Found MPI: TRUE (found version "3.1") found components: C CXX Fortran 
-- Found MPI: TRUE (found version "3.1")  
-- Found NetCDF: /work/noaa/epic/role-epic/spack-stack/hercules/spack-stack-1.7.0/envs/ue-intel/install/intel/2021.9.0/netcdf-c-4.9.2-slfn4ud/include;/work/noaa/epic/role-epic/spack-stack/hercules/spack-stack-1.7.0/envs/ue-intel/install/intel/2021.9.0/netcdf-fortran-4.6.1-gahkfxw/include (found version "4.9.2") found components: C Fortran 
-- FindNetCDF defines targets:
--   - NetCDF_VERSION [4.9.2]
--   - NetCDF_PARALLEL [TRUE]
--   - NetCDF_C_CONFIG_EXECUTABLE [/work/noaa/epic/role-epic/spack-stack/hercules/spack-stack-1.7.0/envs/ue-intel/install/intel/2021.9.0/netcdf-c-4.9.2-slfn4ud/bin/nc-config]
--   - NetCDF::NetCDF_C [SHARED] [Root: /work/noaa/epic/role-epic/spack-stack/hercules/spack-stack-1.7.0/envs/ue-intel/install/intel/2021.9.0/netcdf-c-4.9.2-slfn4ud] Lib: /work/noaa/epic/role-epic/spack-stack/hercules/spack-stack-1.7.0/envs/ue-intel/install/intel/2021.9.0/netcdf-c-4.9.2-slfn4ud/lib/libnetcdf.so 
--   - NetCDF_Fortran_CONFIG_EXECUTABLE [/work/noaa/epic/role-epic/spack-stack/hercules/spack-stack-1.7.0/envs/ue-intel/install/intel/2021.9.0/netcdf-fortran-4.6.1-gahkfxw/bin/nf-config]
--   - NetCDF::NetCDF_Fortran [SHARED] [Root: /work/noaa/epic/role-epic/spack-stack/hercules/spack-stack-1.7.0/envs/ue-intel/install/intel/2021.9.0/netcdf-fortran-4.6.1-gahkfxw] Lib: /work/noaa/epic/role-epic/spack-stack/hercules/spack-stack-1.7.0/envs/ue-intel/install/intel/2021.9.0/netcdf-fortran-4.6.1-gahkfxw/lib/libnetcdff.so 
-- Found Boost: /work/noaa/epic/role-epic/spack-stack/hercules/spack-stack-1.7.0/envs/ue-intel/install/intel/2021.9.0/boost-1.84.0-g2mqoy7/lib/cmake/Boost-1.84.0/BoostConfig.cmake (found suitable version "1.84.0", minimum required is "1.64.0")  
-- Found OpenMP_CXX: -qopenmp (found version "5.0") 
-- Found OpenMP: TRUE (found version "5.0") found components: CXX 
-- Found addr2line at /usr/bin/addr2line.
-- Performing Test OOPS_STACKTRACE_AVAILABLE_addr2line
-- Performing Test OOPS_STACKTRACE_AVAILABLE_addr2line - Failed
-- Performing Test OOPS_STACKTRACE_AVAILABLE_addr2line_nognus
-- Performing Test OOPS_STACKTRACE_AVAILABLE_addr2line_nognus - Failed
-- Performing Test OOPS_STACKTRACE_AVAILABLE_addr2line_gnus
-- Performing Test OOPS_STACKTRACE_AVAILABLE_addr2line_gnus - Failed
-- Performing Test OOPS_STACKTRACE_AVAILABLE_default
-- Performing Test OOPS_STACKTRACE_AVAILABLE_default - Success
-- Using this provider for stacktraces: default.
CMake Warning at oops/src/CMakeLists.txt:825 (message):
  Atlas version is 0.36.0.  Some interpolation features are not supported.
  Use 0.38.0 or greater to enable these features and the following tests:
  test_generic_atlas_global_interpolator;test_generic_atlas_global_interpolator_parallel


-- ---------------------------------------------------------
-- Adding bundle project vader
-- ---------------------------------------------------------
-- [vader] (1.7.0)
-- Feature TESTS enabled
-- VADER variables
--   - ENABLE_VADER_DOC: OFF
-- Found MPI: TRUE (found version "3.1") found components: C Fortran 
-- Found OpenMP_CXX: -qopenmp (found version "5.0") 
-- Found OpenMP: TRUE (found version "5.0") found components: CXX Fortran 
-- Found MPI: TRUE (found version "3.1") found components: CXX Fortran 
-- Found OpenMP_CXX: -qopenmp (found version "5.0") 
-- Found OpenMP: TRUE (found version "5.0") found components: CXX 
-- Found MPI: TRUE (found version "3.1")  
-- Found NetCDF: /work/noaa/epic/role-epic/spack-stack/hercules/spack-stack-1.7.0/envs/ue-intel/install/intel/2021.9.0/netcdf-c-4.9.2-slfn4ud/include;/work/noaa/epic/role-epic/spack-stack/hercules/spack-stack-1.7.0/envs/ue-intel/install/intel/2021.9.0/netcdf-fortran-4.6.1-gahkfxw/include (found version "4.9.2") found components: C Fortran 
-- FindNetCDF defines targets:
--   - NetCDF_VERSION [4.9.2]
--   - NetCDF_PARALLEL [TRUE]
--   - NetCDF_C_CONFIG_EXECUTABLE [/work/noaa/epic/role-epic/spack-stack/hercules/spack-stack-1.7.0/envs/ue-intel/install/intel/2021.9.0/netcdf-c-4.9.2-slfn4ud/bin/nc-config]
--   - NetCDF::NetCDF_C [SHARED] [Root: /work/noaa/epic/role-epic/spack-stack/hercules/spack-stack-1.7.0/envs/ue-intel/install/intel/2021.9.0/netcdf-c-4.9.2-slfn4ud] Lib: /work/noaa/epic/role-epic/spack-stack/hercules/spack-stack-1.7.0/envs/ue-intel/install/intel/2021.9.0/netcdf-c-4.9.2-slfn4ud/lib/libnetcdf.so 
--   - NetCDF_Fortran_CONFIG_EXECUTABLE [/work/noaa/epic/role-epic/spack-stack/hercules/spack-stack-1.7.0/envs/ue-intel/install/intel/2021.9.0/netcdf-fortran-4.6.1-gahkfxw/bin/nf-config]
--   - NetCDF::NetCDF_Fortran [SHARED] [Root: /work/noaa/epic/role-epic/spack-stack/hercules/spack-stack-1.7.0/envs/ue-intel/install/intel/2021.9.0/netcdf-fortran-4.6.1-gahkfxw] Lib: /work/noaa/epic/role-epic/spack-stack/hercules/spack-stack-1.7.0/envs/ue-intel/install/intel/2021.9.0/netcdf-fortran-4.6.1-gahkfxw/lib/libnetcdff.so 
-- GSW FOUND; Including Marine Recipes gsw (3.0.8)
-- ---------------------------------------------------------
-- Adding bundle project saber
-- ---------------------------------------------------------
-- [saber] (1.10.0)
-- Feature TESTS enabled
-- Found OpenMP_CXX: -qopenmp (found version "5.0") 
-- Found OpenMP: TRUE (found version "5.0") found components: CXX Fortran 
-- Found MPI: TRUE (found version "3.1") found components: Fortran 
-- Found MPI: TRUE (found version "3.1")  
-- Found NetCDF: /work/noaa/epic/role-epic/spack-stack/hercules/spack-stack-1.7.0/envs/ue-intel/install/intel/2021.9.0/netcdf-c-4.9.2-slfn4ud/include;/work/noaa/epic/role-epic/spack-stack/hercules/spack-stack-1.7.0/envs/ue-intel/install/intel/2021.9.0/netcdf-fortran-4.6.1-gahkfxw/include (found version "4.9.2") found components: C Fortran 
-- FindNetCDF defines targets:
--   - NetCDF_VERSION [4.9.2]
--   - NetCDF_PARALLEL [TRUE]
--   - NetCDF_C_CONFIG_EXECUTABLE [/work/noaa/epic/role-epic/spack-stack/hercules/spack-stack-1.7.0/envs/ue-intel/install/intel/2021.9.0/netcdf-c-4.9.2-slfn4ud/bin/nc-config]
--   - NetCDF::NetCDF_C [SHARED] [Root: /work/noaa/epic/role-epic/spack-stack/hercules/spack-stack-1.7.0/envs/ue-intel/install/intel/2021.9.0/netcdf-c-4.9.2-slfn4ud] Lib: /work/noaa/epic/role-epic/spack-stack/hercules/spack-stack-1.7.0/envs/ue-intel/install/intel/2021.9.0/netcdf-c-4.9.2-slfn4ud/lib/libnetcdf.so 
--   - NetCDF_Fortran_CONFIG_EXECUTABLE [/work/noaa/epic/role-epic/spack-stack/hercules/spack-stack-1.7.0/envs/ue-intel/install/intel/2021.9.0/netcdf-fortran-4.6.1-gahkfxw/bin/nf-config]
--   - NetCDF::NetCDF_Fortran [SHARED] [Root: /work/noaa/epic/role-epic/spack-stack/hercules/spack-stack-1.7.0/envs/ue-intel/install/intel/2021.9.0/netcdf-fortran-4.6.1-gahkfxw] Lib: /work/noaa/epic/role-epic/spack-stack/hercules/spack-stack-1.7.0/envs/ue-intel/install/intel/2021.9.0/netcdf-fortran-4.6.1-gahkfxw/lib/libnetcdff.so 
-- Found OpenMP_CXX: -qopenmp (found version "5.0") 
-- Found OpenMP: TRUE (found version "5.0") found components: CXX 
-- Could NOT find MKL (missing: MKL_LIBRARIES MKL_INCLUDE_DIRS) 
-- Found Boost: /work/noaa/epic/role-epic/spack-stack/hercules/spack-stack-1.7.0/envs/ue-intel/install/intel/2021.9.0/boost-1.84.0-g2mqoy7/lib/cmake/Boost-1.84.0/BoostConfig.cmake (found version "1.84.0")  
-- Could NOT find MKL (missing: MKL_LIBRARIES MKL_INCLUDE_DIRS) 
-- Found PkgConfig: /usr/bin/pkg-config (found version "1.7.3") 
-- Found sp: /work/noaa/epic/role-epic/spack-stack/hercules/spack-stack-1.7.0/envs/ue-intel/install/intel/2021.9.0/sp-2.5.0-vrk25sn/lib64/libsp_4.a (found version "2.5.0")
-- SABER block GSI is enabled
-- SABER block FastLAM spectral layer is enabled
-- SABER block SPECTRALB is enabled
-- SABER instrumentation is not enabled
-- Offline code coverage is not enabled
-- Setup QUENCH data links
-- SABER-QUENCH tests activated:
--   - TIER 1 base
--   - TIER 1 FastLAM-specific
--   - TIER 1 FastLAM-specific - FFTW
--   - TIER 1 GSI-GEOS-specific
--   - TIER 1 GSI-GFS-specific
--   - TIER 1 SPECTRALB-specific
--   - TIER 1 VADER-specific
-- Setup SABER directories and links
CMake Warning at saber/test/CMakeLists.txt:151 (message):
  Atlas version is 0.36.0.  Some interpolation features are not supported.
  Use 0.38.0 or greater to enable these features and the following test:
  dirac_interpolation_2


CMake Warning at saber/test/CMakeLists.txt:151 (message):
  Atlas version is 0.36.0.  Some interpolation features are not supported.
  Use 0.38.0 or greater to enable these features and the following test:
  dirac_interpolation_3


-- Tests parallel configuration: MPI: 1 / OMP: 1
-- Tests parallel configuration: MPI: 2 / OMP: 1
-- Tests parallel configuration: MPI: 4 / OMP: 1
-- SABER documentation is not enabled
-- ---------------------------------------------------------
-- Adding bundle project ioda
-- ---------------------------------------------------------
-- [ioda] (2.9.0)
-- Feature TESTS enabled
-- Found OpenMP_C: -qopenmp (found version "5.0") 
-- Found OpenMP_CXX: -qopenmp (found version "5.0") 
-- Found OpenMP: TRUE (found version "5.0") found components: C CXX Fortran 
-- Found HDF5: hdf5-shared (found version "1.14.3") found components: C HL 
-- Found OpenMP_CXX: -qopenmp (found version "5.0") 
-- Found OpenMP: TRUE (found version "5.0") found components: CXX 
-- Found udunits: /work/noaa/epic/role-epic/spack-stack/hercules/spack-stack-1.7.0/envs/ue-intel/install/intel/2021.9.0/udunits-2.2.28-qi4rrwa/lib/libudunits2.so (Required is at least version "2.2.0") 
-- Found Boost: /work/noaa/epic/role-epic/spack-stack/hercules/spack-stack-1.7.0/envs/ue-intel/install/intel/2021.9.0/boost-1.84.0-g2mqoy7/lib/cmake/Boost-1.84.0/BoostConfig.cmake (found suitable version "1.84.0", minimum required is "1.64.0")  
-- Found bufr: /work/noaa/epic/role-epic/spack-stack/hercules/spack-stack-1.7.0/envs/ue-intel/install/intel/2021.9.0/bufr-12.0.1-h7wq5ai/lib64/libbufr_4.so (found version "12.0.1")
-- IODA required NetCDF components: C;Fortran;CXX
-- Found NetCDF: /work/noaa/epic/role-epic/spack-stack/hercules/spack-stack-1.7.0/envs/ue-intel/install/intel/2021.9.0/netcdf-c-4.9.2-slfn4ud/include;/work/noaa/epic/role-epic/spack-stack/hercules/spack-stack-1.7.0/envs/ue-intel/install/intel/2021.9.0/netcdf-fortran-4.6.1-gahkfxw/include;/work/noaa/epic/role-epic/spack-stack/hercules/spack-stack-1.7.0/envs/ue-intel/install/intel/2021.9.0/netcdf-cxx4-4.3.1-7y6our7/include (found version "4.9.2") found components: C Fortran CXX 
-- FindNetCDF defines targets:
--   - NetCDF_VERSION [4.9.2]
--   - NetCDF_PARALLEL [TRUE]
--   - NetCDF_C_CONFIG_EXECUTABLE [/work/noaa/epic/role-epic/spack-stack/hercules/spack-stack-1.7.0/envs/ue-intel/install/intel/2021.9.0/netcdf-c-4.9.2-slfn4ud/bin/nc-config]
--   - NetCDF::NetCDF_C [SHARED] [Root: /work/noaa/epic/role-epic/spack-stack/hercules/spack-stack-1.7.0/envs/ue-intel/install/intel/2021.9.0/netcdf-c-4.9.2-slfn4ud] Lib: /work/noaa/epic/role-epic/spack-stack/hercules/spack-stack-1.7.0/envs/ue-intel/install/intel/2021.9.0/netcdf-c-4.9.2-slfn4ud/lib/libnetcdf.so 
--   - NetCDF_Fortran_CONFIG_EXECUTABLE [/work/noaa/epic/role-epic/spack-stack/hercules/spack-stack-1.7.0/envs/ue-intel/install/intel/2021.9.0/netcdf-fortran-4.6.1-gahkfxw/bin/nf-config]
--   - NetCDF::NetCDF_Fortran [SHARED] [Root: /work/noaa/epic/role-epic/spack-stack/hercules/spack-stack-1.7.0/envs/ue-intel/install/intel/2021.9.0/netcdf-fortran-4.6.1-gahkfxw] Lib: /work/noaa/epic/role-epic/spack-stack/hercules/spack-stack-1.7.0/envs/ue-intel/install/intel/2021.9.0/netcdf-fortran-4.6.1-gahkfxw/lib/libnetcdff.so 
--   - NetCDF_CXX_CONFIG_EXECUTABLE [/work/noaa/epic/role-epic/spack-stack/hercules/spack-stack-1.7.0/envs/ue-intel/install/intel/2021.9.0/netcdf-cxx4-4.3.1-7y6our7/bin/ncxx4-config]
--   - NetCDF::NetCDF_CXX [SHARED] [Root: /work/noaa/epic/role-epic/spack-stack/hercules/spack-stack-1.7.0/envs/ue-intel/install/intel/2021.9.0/netcdf-cxx4-4.3.1-7y6our7] Lib: /work/noaa/epic/role-epic/spack-stack/hercules/spack-stack-1.7.0/envs/ue-intel/install/intel/2021.9.0/netcdf-cxx4-4.3.1-7y6our7/lib/libnetcdf_c++4.so 
-- Installing: /work2/noaa/global/role-global/GFS_CI_CD/HERCULES/CI/3557/global-workflow/sorc/gdas.cd/build/ioda/share/test/testinput//iodatest_odb_abiclr.yaml
-- Installing: /work2/noaa/global/role-global/GFS_CI_CD/HERCULES/CI/3557/global-workflow/sorc/gdas.cd/build/ioda/share/test/testinput//iodatest_odb_ahiclr.yaml
-- Installing: /work2/noaa/global/role-global/GFS_CI_CD/HERCULES/CI/3557/global-workflow/sorc/gdas.cd/build/ioda/share/test/testinput//iodatest_odb_aircraft.yaml
-- Installing: /work2/noaa/global/role-global/GFS_CI_CD/HERCULES/CI/3557/global-workflow/sorc/gdas.cd/build/ioda/share/test/testinput//iodatest_odb_aircraft_write.yaml
-- Installing: /work2/noaa/global/role-global/GFS_CI_CD/HERCULES/CI/3557/global-workflow/sorc/gdas.cd/build/ioda/share/test/testinput//iodatest_odb_airs.yaml
-- Installing: /work2/noaa/global/role-global/GFS_CI_CD/HERCULES/CI/3557/global-workflow/sorc/gdas.cd/build/ioda/share/test/testinput//iodatest_odb_altimeter.yaml
-- Installing: /work2/noaa/global/role-global/GFS_CI_CD/HERCULES/CI/3557/global-workflow/sorc/gdas.cd/build/ioda/share/test/testinput//iodatest_odb_amsr.yaml
-- Installing: /work2/noaa/global/role-global/GFS_CI_CD/HERCULES/CI/3557/global-workflow/sorc/gdas.cd/build/ioda/share/test/testinput//iodatest_odb_amsub.yaml
-- Installing: /work2/noaa/global/role-global/GFS_CI_CD/HERCULES/CI/3557/global-workflow/sorc/gdas.cd/build/ioda/share/test/testinput//iodatest_odb_ascatsm.yaml
-- Installing: /work2/noaa/global/role-global/GFS_CI_CD/HERCULES/CI/3557/global-workflow/sorc/gdas.cd/build/ioda/share/test/testinput//iodatest_odb_aod.yaml
-- Installing: /work2/noaa/global/role-global/GFS_CI_CD/HERCULES/CI/3557/global-workflow/sorc/gdas.cd/build/ioda/share/test/testinput//iodatest_odb_aod_write.yaml
-- Installing: /work2/noaa/global/role-global/GFS_CI_CD/HERCULES/CI/3557/global-workflow/sorc/gdas.cd/build/ioda/share/test/testinput//iodatest_odb_aod_write_testdatasets.yaml
-- Installing: /work2/noaa/global/role-global/GFS_CI_CD/HERCULES/CI/3557/global-workflow/sorc/gdas.cd/build/ioda/share/test/testinput//iodatest_odb_atms.yaml
-- Installing: /work2/noaa/global/role-global/GFS_CI_CD/HERCULES/CI/3557/global-workflow/sorc/gdas.cd/build/ioda/share/test/testinput//iodatest_odb_atms_write.yaml
-- Installing: /work2/noaa/global/role-global/GFS_CI_CD/HERCULES/CI/3557/global-workflow/sorc/gdas.cd/build/ioda/share/test/testinput//iodatest_odb_atovs.yaml
-- Installing: /work2/noaa/global/role-global/GFS_CI_CD/HERCULES/CI/3557/global-workflow/sorc/gdas.cd/build/ioda/share/test/testinput//iodatest_odb_atovs_write.yaml
-- Installing: /work2/noaa/global/role-global/GFS_CI_CD/HERCULES/CI/3557/global-workflow/sorc/gdas.cd/build/ioda/share/test/testinput//iodatest_odb_cris.yaml
-- Installing: /work2/noaa/global/role-global/GFS_CI_CD/HERCULES/CI/3557/global-workflow/sorc/gdas.cd/build/ioda/share/test/testinput//iodatest_odb_crisfsr.yaml
-- Installing: /work2/noaa/global/role-global/GFS_CI_CD/HERCULES/CI/3557/global-workflow/sorc/gdas.cd/build/ioda/share/test/testinput//iodatest_odb_fciasr.yaml
-- Installing: /work2/noaa/global/role-global/GFS_CI_CD/HERCULES/CI/3557/global-workflow/sorc/gdas.cd/build/ioda/share/test/testinput//iodatest_odb_fciclr.yaml
-- Installing: /work2/noaa/global/role-global/GFS_CI_CD/HERCULES/CI/3557/global-workflow/sorc/gdas.cd/build/ioda/share/test/testinput//iodatest_odb_geocloud.yaml
-- Installing: /work2/noaa/global/role-global/GFS_CI_CD/HERCULES/CI/3557/global-workflow/sorc/gdas.cd/build/ioda/share/test/testinput//iodatest_odb_gmihigh.yaml
-- Installing: /work2/noaa/global/role-global/GFS_CI_CD/HERCULES/CI/3557/global-workflow/sorc/gdas.cd/build/ioda/share/test/testinput//iodatest_odb_gmihigh_write.yaml
-- Installing: /work2/noaa/global/role-global/GFS_CI_CD/HERCULES/CI/3557/global-workflow/sorc/gdas.cd/build/ioda/share/test/testinput//iodatest_odb_gmilow.yaml
-- Installing: /work2/noaa/global/role-global/GFS_CI_CD/HERCULES/CI/3557/global-workflow/sorc/gdas.cd/build/ioda/share/test/testinput//iodatest_odb_gnssro.yaml
-- Installing: /work2/noaa/global/role-global/GFS_CI_CD/HERCULES/CI/3557/global-workflow/sorc/gdas.cd/build/ioda/share/test/testinput//iodatest_odb_gnssro_profile_100.yaml
-- Installing: /work2/noaa/global/role-global/GFS_CI_CD/HERCULES/CI/3557/global-workflow/sorc/gdas.cd/build/ioda/share/test/testinput//iodatest_odb_gnssro_profile_333.yaml
-- Installing: /work2/noaa/global/role-global/GFS_CI_CD/HERCULES/CI/3557/global-workflow/sorc/gdas.cd/build/ioda/share/test/testinput//iodatest_odb_groundgps.yaml
-- Installing: /work2/noaa/global/role-global/GFS_CI_CD/HERCULES/CI/3557/global-workflow/sorc/gdas.cd/build/ioda/share/test/testinput//iodatest_odb_hirasfsr.yaml
-- Installing: /work2/noaa/global/role-global/GFS_CI_CD/HERCULES/CI/3557/global-workflow/sorc/gdas.cd/build/ioda/share/test/testinput//iodatest_odb_hloswind.yaml
-- Installing: /work2/noaa/global/role-global/GFS_CI_CD/HERCULES/CI/3557/global-workflow/sorc/gdas.cd/build/ioda/share/test/testinput//iodatest_odb_iasi.yaml
-- Installing: /work2/noaa/global/role-global/GFS_CI_CD/HERCULES/CI/3557/global-workflow/sorc/gdas.cd/build/ioda/share/test/testinput//iodatest_odb_iasi_write.yaml
-- Installing: /work2/noaa/global/role-global/GFS_CI_CD/HERCULES/CI/3557/global-workflow/sorc/gdas.cd/build/ioda/share/test/testinput//iodatest_odb_mtgirs.yaml
-- Installing: /work2/noaa/global/role-global/GFS_CI_CD/HERCULES/CI/3557/global-workflow/sorc/gdas.cd/build/ioda/share/test/testinput//iodatest_odb_mwri.yaml
-- Installing: /work2/noaa/global/role-global/GFS_CI_CD/HERCULES/CI/3557/global-workflow/sorc/gdas.cd/build/ioda/share/test/testinput//iodatest_odb_mwsfy3.yaml
-- Installing: /work2/noaa/global/role-global/GFS_CI_CD/HERCULES/CI/3557/global-workflow/sorc/gdas.cd/build/ioda/share/test/testinput//iodatest_odb_oceancolour.yaml
-- Installing: /work2/noaa/global/role-global/GFS_CI_CD/HERCULES/CI/3557/global-workflow/sorc/gdas.cd/build/ioda/share/test/testinput//iodatest_odb_oceansound.yaml
-- Installing: /work2/noaa/global/role-global/GFS_CI_CD/HERCULES/CI/3557/global-workflow/sorc/gdas.cd/build/ioda/share/test/testinput//iodatest_odb_oceansound_truncate_profiles.yaml
-- Installing: /work2/noaa/global/role-global/GFS_CI_CD/HERCULES/CI/3557/global-workflow/sorc/gdas.cd/build/ioda/share/test/testinput//iodatest_odb_radar_doppler_wind.yaml
-- Installing: /work2/noaa/global/role-global/GFS_CI_CD/HERCULES/CI/3557/global-workflow/sorc/gdas.cd/build/ioda/share/test/testinput//iodatest_odb_radar_reflectivity.yaml
-- Installing: /work2/noaa/global/role-global/GFS_CI_CD/HERCULES/CI/3557/global-workflow/sorc/gdas.cd/build/ioda/share/test/testinput//iodatest_odb_satsst.yaml
-- Installing: /work2/noaa/global/role-global/GFS_CI_CD/HERCULES/CI/3557/global-workflow/sorc/gdas.cd/build/ioda/share/test/testinput//iodatest_odb_sattcwv.yaml
-- Installing: /work2/noaa/global/role-global/GFS_CI_CD/HERCULES/CI/3557/global-workflow/sorc/gdas.cd/build/ioda/share/test/testinput//iodatest_odb_satwind.yaml
-- Installing: /work2/noaa/global/role-global/GFS_CI_CD/HERCULES/CI/3557/global-workflow/sorc/gdas.cd/build/ioda/share/test/testinput//iodatest_odb_scatwind.yaml
-- Installing: /work2/noaa/global/role-global/GFS_CI_CD/HERCULES/CI/3557/global-workflow/sorc/gdas.cd/build/ioda/share/test/testinput//iodatest_odb_scatwindchosen_write.yaml
-- Installing: /work2/noaa/global/role-global/GFS_CI_CD/HERCULES/CI/3557/global-workflow/sorc/gdas.cd/build/ioda/share/test/testinput//iodatest_odb_seaice.yaml
-- Installing: /work2/noaa/global/role-global/GFS_CI_CD/HERCULES/CI/3557/global-workflow/sorc/gdas.cd/build/ioda/share/test/testinput//iodatest_odb_seviriasr.yaml
-- Installing: /work2/noaa/global/role-global/GFS_CI_CD/HERCULES/CI/3557/global-workflow/sorc/gdas.cd/build/ioda/share/test/testinput//iodatest_odb_seviriclr.yaml
-- Installing: /work2/noaa/global/role-global/GFS_CI_CD/HERCULES/CI/3557/global-workflow/sorc/gdas.cd/build/ioda/share/test/testinput//iodatest_odb_sonde.yaml
-- Installing: /work2/noaa/global/role-global/GFS_CI_CD/HERCULES/CI/3557/global-workflow/sorc/gdas.cd/build/ioda/share/test/testinput//iodatest_odb_sonde_history.yaml
-- Installing: /work2/noaa/global/role-global/GFS_CI_CD/HERCULES/CI/3557/global-workflow/sorc/gdas.cd/build/ioda/share/test/testinput//iodatest_odb_sonde_mixed.yaml
-- Installing: /work2/noaa/global/role-global/GFS_CI_CD/HERCULES/CI/3557/global-workflow/sorc/gdas.cd/build/ioda/share/test/testinput//iodatest_odb_sonde_time_displacement.yaml
-- Installing: /work2/noaa/global/role-global/GFS_CI_CD/HERCULES/CI/3557/global-workflow/sorc/gdas.cd/build/ioda/share/test/testinput//iodatest_odb_sonde_truncate_profiles.yaml
-- Installing: /work2/noaa/global/role-global/GFS_CI_CD/HERCULES/CI/3557/global-workflow/sorc/gdas.cd/build/ioda/share/test/testinput//iodatest_odb_sonde_write.yaml
-- Installing: /work2/noaa/global/role-global/GFS_CI_CD/HERCULES/CI/3557/global-workflow/sorc/gdas.cd/build/ioda/share/test/testinput//iodatest_odb_sonde_write_mixed.yaml
-- Installing: /work2/noaa/global/role-global/GFS_CI_CD/HERCULES/CI/3557/global-workflow/sorc/gdas.cd/build/ioda/share/test/testinput//iodatest_odb_ssmis.yaml
-- Installing: /work2/noaa/global/role-global/GFS_CI_CD/HERCULES/CI/3557/global-workflow/sorc/gdas.cd/build/ioda/share/test/testinput//iodatest_odb_stationsnow.yaml
-- Installing: /work2/noaa/global/role-global/GFS_CI_CD/HERCULES/CI/3557/global-workflow/sorc/gdas.cd/build/ioda/share/test/testinput//iodatest_odb_surface.yaml
-- Installing: /work2/noaa/global/role-global/GFS_CI_CD/HERCULES/CI/3557/global-workflow/sorc/gdas.cd/build/ioda/share/test/testinput//iodatest_odb_surfacecloud.yaml
-- Installing: /work2/noaa/global/role-global/GFS_CI_CD/HERCULES/CI/3557/global-workflow/sorc/gdas.cd/build/ioda/share/test/testinput//iodatest_odb_surfacesst.yaml
-- Installing: /work2/noaa/global/role-global/GFS_CI_CD/HERCULES/CI/3557/global-workflow/sorc/gdas.cd/build/ioda/share/test/testinput//odb_default_name_map.yaml
-- Installing: /work2/noaa/global/role-global/GFS_CI_CD/HERCULES/CI/3557/global-workflow/sorc/gdas.cd/build/ioda/share/test/testinput//odb_aircraft_name_map.yaml
-- Installing: /work2/noaa/global/role-global/GFS_CI_CD/HERCULES/CI/3557/global-workflow/sorc/gdas.cd/build/ioda/share/test/testinput//odb_amsr_name_map.yaml
-- Installing: /work2/noaa/global/role-global/GFS_CI_CD/HERCULES/CI/3557/global-workflow/sorc/gdas.cd/build/ioda/share/test/testinput//odb_gnssro_name_map.yaml
-- Installing: /work2/noaa/global/role-global/GFS_CI_CD/HERCULES/CI/3557/global-workflow/sorc/gdas.cd/build/ioda/share/test/testinput//odb_gnssro_profile_name_map.yaml
-- Installing: /work2/noaa/global/role-global/GFS_CI_CD/HERCULES/CI/3557/global-workflow/sorc/gdas.cd/build/ioda/share/test/testinput//odb_oceansound_name_map.yaml
-- Installing: /work2/noaa/global/role-global/GFS_CI_CD/HERCULES/CI/3557/global-workflow/sorc/gdas.cd/build/ioda/share/test/testinput//odb_radiance_name_map.yaml
-- Installing: /work2/noaa/global/role-global/GFS_CI_CD/HERCULES/CI/3557/global-workflow/sorc/gdas.cd/build/ioda/share/test/testinput//odb_sonde_name_map.yaml
-- Installing: /work2/noaa/global/role-global/GFS_CI_CD/HERCULES/CI/3557/global-workflow/sorc/gdas.cd/build/ioda/share/test/testinput//odb_surface_name_map.yaml
-- Installing: /work2/noaa/global/role-global/GFS_CI_CD/HERCULES/CI/3557/global-workflow/sorc/gdas.cd/build/ioda/share/test/testinput//odb_surfacesst_name_map.yaml
-- Installing: /work2/noaa/global/role-global/GFS_CI_CD/HERCULES/CI/3557/global-workflow/sorc/gdas.cd/build/ioda/share/test/testinput//validation//ObsSpace.yaml
-- Use test data from ioda-data repository
-- ---------------------------------------------------------
-- Adding bundle project ufo
-- ---------------------------------------------------------
-- [ufo] (1.10.0)
-- Feature TESTS enabled
-- Found MPI: TRUE (found version "3.1") found components: C CXX Fortran 
-- Found Boost: /work/noaa/epic/role-epic/spack-stack/hercules/spack-stack-1.7.0/envs/ue-intel/install/intel/2021.9.0/boost-1.84.0-g2mqoy7/lib/cmake/Boost-1.84.0/BoostConfig.cmake (found version "1.84.0")  
-- Found MPI: TRUE (found version "3.1")  
-- Found NetCDF: /work/noaa/epic/role-epic/spack-stack/hercules/spack-stack-1.7.0/envs/ue-intel/install/intel/2021.9.0/netcdf-c-4.9.2-slfn4ud/include;/work/noaa/epic/role-epic/spack-stack/hercules/spack-stack-1.7.0/envs/ue-intel/install/intel/2021.9.0/netcdf-fortran-4.6.1-gahkfxw/include;/work/noaa/epic/role-epic/spack-stack/hercules/spack-stack-1.7.0/envs/ue-intel/install/intel/2021.9.0/netcdf-cxx4-4.3.1-7y6our7/include (found version "4.9.2") found components: C Fortran 
-- FindNetCDF defines targets:
--   - NetCDF_VERSION [4.9.2]
--   - NetCDF_PARALLEL [TRUE]
--   - NetCDF_C_CONFIG_EXECUTABLE [/work/noaa/epic/role-epic/spack-stack/hercules/spack-stack-1.7.0/envs/ue-intel/install/intel/2021.9.0/netcdf-c-4.9.2-slfn4ud/bin/nc-config]
--   - NetCDF::NetCDF_C [SHARED] [Root: /work/noaa/epic/role-epic/spack-stack/hercules/spack-stack-1.7.0/envs/ue-intel/install/intel/2021.9.0/netcdf-c-4.9.2-slfn4ud] Lib: /work/noaa/epic/role-epic/spack-stack/hercules/spack-stack-1.7.0/envs/ue-intel/install/intel/2021.9.0/netcdf-c-4.9.2-slfn4ud/lib/libnetcdf.so 
--   - NetCDF_Fortran_CONFIG_EXECUTABLE [/work/noaa/epic/role-epic/spack-stack/hercules/spack-stack-1.7.0/envs/ue-intel/install/intel/2021.9.0/netcdf-fortran-4.6.1-gahkfxw/bin/nf-config]
--   - NetCDF::NetCDF_Fortran [SHARED] [Root: /work/noaa/epic/role-epic/spack-stack/hercules/spack-stack-1.7.0/envs/ue-intel/install/intel/2021.9.0/netcdf-fortran-4.6.1-gahkfxw] Lib: /work/noaa/epic/role-epic/spack-stack/hercules/spack-stack-1.7.0/envs/ue-intel/install/intel/2021.9.0/netcdf-fortran-4.6.1-gahkfxw/lib/libnetcdff.so 
-- Found OpenMP_CXX: -qopenmp (found version "5.0") 
-- Found OpenMP: TRUE (found version "5.0") found components: CXX Fortran 
-- Found OpenMP_CXX: -qopenmp (found version "5.0") 
-- Found OpenMP: TRUE (found version "5.0") found components: CXX 
-- Found OpenMP_CXX: -qopenmp (found version "5.0") 
-- Found OpenMP_Fortran: -qopenmp (found version "5.0") 
-- Found OpenMP: TRUE (found version "5.0") found components: C CXX Fortran 
-- Found OpenMP_Fortran: -qopenmp (found version "5.0") 
-- Found OpenMP: TRUE (found version "5.0") found components: Fortran 
-- CRTM FOUND; Including CRTM Observation Operator (2.4.1)
-- RTTOV NOT FOUND; Excluding RTTOV Radiance Observation Operator
-- GSW FOUND; Including Marine Observation Operators (3.0.8)
-- ROPP NOT FOUND: Excluding GNSSRO Bending angle ROPP Operators
-- GEOS-AERO NOT FOUND: Excluding AOD operator from GEOS
-- OASIM NOT FOUND: Excluding Ocean Atmosphere Spectral Irradiance Model
-- Skipping download of test data from https://bin.ssec.wisc.edu/pub/s4/CRTM/file/crtm_coefficients_2.4.1_skylab_4.0.tar.gz since it already exists
-- Use test data from ufo-data repository
-- Running ufo tests for tiers up to and including tier 1
-- Installing: /work2/noaa/global/role-global/GFS_CI_CD/HERCULES/CI/3557/global-workflow/sorc/gdas.cd/build/ufo/resources/auxillary
-- Installing: /work2/noaa/global/role-global/GFS_CI_CD/HERCULES/CI/3557/global-workflow/sorc/gdas.cd/build/ufo/resources/auxillary/IASI_EmisEigenVec.dat
-- Installing: /work2/noaa/global/role-global/GFS_CI_CD/HERCULES/CI/3557/global-workflow/sorc/gdas.cd/build/ufo/resources/auxillary/IASI_EmisEigenVec_v2.dat
-- Installing: /work2/noaa/global/role-global/GFS_CI_CD/HERCULES/CI/3557/global-workflow/sorc/gdas.cd/build/ufo/resources/bmatrix
-- Installing: /work2/noaa/global/role-global/GFS_CI_CD/HERCULES/CI/3557/global-workflow/sorc/gdas.cd/build/ufo/resources/bmatrix/gnssro
-- Installing: /work2/noaa/global/role-global/GFS_CI_CD/HERCULES/CI/3557/global-workflow/sorc/gdas.cd/build/ufo/resources/bmatrix/gnssro/gnssro_bmatrix.txt
-- Installing: /work2/noaa/global/role-global/GFS_CI_CD/HERCULES/CI/3557/global-workflow/sorc/gdas.cd/build/ufo/resources/bmatrix/rttov
-- Installing: /work2/noaa/global/role-global/GFS_CI_CD/HERCULES/CI/3557/global-workflow/sorc/gdas.cd/build/ufo/resources/bmatrix/rttov/atovs_bmatrix_70_test.dat
-- Installing: /work2/noaa/global/role-global/GFS_CI_CD/HERCULES/CI/3557/global-workflow/sorc/gdas.cd/build/ufo/resources/bmatrix/rttov/gmihigh_bmatrix_70_test.dat
-- Installing: /work2/noaa/global/role-global/GFS_CI_CD/HERCULES/CI/3557/global-workflow/sorc/gdas.cd/build/ufo/resources/bmatrix/rttov/amsr_bmatrix_70_test.dat
-- Installing: /work2/noaa/global/role-global/GFS_CI_CD/HERCULES/CI/3557/global-workflow/sorc/gdas.cd/build/ufo/resources/bmatrix/rttov/ssmis_bmatrix_70_test.dat
-- Installing: /work2/noaa/global/role-global/GFS_CI_CD/HERCULES/CI/3557/global-workflow/sorc/gdas.cd/build/ufo/resources/bmatrix/rttov/iasi_bmatrix_70_test.dat
-- Installing: /work2/noaa/global/role-global/GFS_CI_CD/HERCULES/CI/3557/global-workflow/sorc/gdas.cd/build/ufo/resources/bmatrix/rttov/atms_bmatrix_70_test.dat
-- Installing: /work2/noaa/global/role-global/GFS_CI_CD/HERCULES/CI/3557/global-workflow/sorc/gdas.cd/build/ufo/resources/namemap
-- Installing: /work2/noaa/global/role-global/GFS_CI_CD/HERCULES/CI/3557/global-workflow/sorc/gdas.cd/build/ufo/resources/namemap/bayesian_name_map.yaml
-- Installing: /work2/noaa/global/role-global/GFS_CI_CD/HERCULES/CI/3557/global-workflow/sorc/gdas.cd/build/ufo/resources/namemap/test_name_map.yaml
-- Installing: /work2/noaa/global/role-global/GFS_CI_CD/HERCULES/CI/3557/global-workflow/sorc/gdas.cd/build/ufo/resources/rmatrix
-- Installing: /work2/noaa/global/role-global/GFS_CI_CD/HERCULES/CI/3557/global-workflow/sorc/gdas.cd/build/ufo/resources/rmatrix/gnssro
-- Installing: /work2/noaa/global/role-global/GFS_CI_CD/HERCULES/CI/3557/global-workflow/sorc/gdas.cd/build/ufo/resources/rmatrix/gnssro/gnssro_ba_rmatrix_latitude.nl
-- Installing: /work2/noaa/global/role-global/GFS_CI_CD/HERCULES/CI/3557/global-workflow/sorc/gdas.cd/build/ufo/resources/rmatrix/gnssro/gnssro_ba_rmatrix_latitude.nc4
-- Installing: /work2/noaa/global/role-global/GFS_CI_CD/HERCULES/CI/3557/global-workflow/sorc/gdas.cd/build/ufo/resources/rmatrix/gnssro/gnssro_ba_rmatrix.nl
-- Installing: /work2/noaa/global/role-global/GFS_CI_CD/HERCULES/CI/3557/global-workflow/sorc/gdas.cd/build/ufo/resources/rmatrix/gnssro/gnssro_ba_rmatrix_avtemp.nl
-- Installing: /work2/noaa/global/role-global/GFS_CI_CD/HERCULES/CI/3557/global-workflow/sorc/gdas.cd/build/ufo/resources/rmatrix/rttov
-- Installing: /work2/noaa/global/role-global/GFS_CI_CD/HERCULES/CI/3557/global-workflow/sorc/gdas.cd/build/ufo/resources/rmatrix/rttov/amsr_gcomw1_rmatrix_test.nc4
-- Installing: /work2/noaa/global/role-global/GFS_CI_CD/HERCULES/CI/3557/global-workflow/sorc/gdas.cd/build/ufo/resources/rmatrix/rttov/iasi_metopb_rmatrix_test.nc4
-- Installing: /work2/noaa/global/role-global/GFS_CI_CD/HERCULES/CI/3557/global-workflow/sorc/gdas.cd/build/ufo/resources/rmatrix/rttov/gmihigh_gpm_rmatrix_test.nc4
-- Installing: /work2/noaa/global/role-global/GFS_CI_CD/HERCULES/CI/3557/global-workflow/sorc/gdas.cd/build/ufo/resources/rmatrix/rttov/atovs_metopb_rmatrix_test.nc4
-- Installing: /work2/noaa/global/role-global/GFS_CI_CD/HERCULES/CI/3557/global-workflow/sorc/gdas.cd/build/ufo/resources/rmatrix/rttov/ssmis_dmspf17_rmatrix_test.nc4
-- Installing: /work2/noaa/global/role-global/GFS_CI_CD/HERCULES/CI/3557/global-workflow/sorc/gdas.cd/build/ufo/resources/rmatrix/rttov/atms_noaa_20_rmatrix_test.nc4
WARNWE ARE USING fv3-interface.cmake
-- ---------------------------------------------------------
-- Adding bundle project fv3
-- Setting build type to 'RelWithDebInfo'.
-- Found OpenMP_CXX: -qopenmp (found version "5.0") 
-- Found OpenMP_Fortran: -qopenmp (found version "5.0") 
-- Found OpenMP: TRUE (found version "5.0")  
-- Found NetCDF: /work/noaa/epic/role-epic/spack-stack/hercules/spack-stack-1.7.0/envs/ue-intel/install/intel/2021.9.0/netcdf-c-4.9.2-slfn4ud/include (found version "4.9.2") found components: C Fortran 
-- FindNetCDF defines targets:
--   - NetCDF::NetCDF_C [/work/noaa/epic/role-epic/spack-stack/hercules/spack-stack-1.7.0/envs/ue-intel/install/intel/2021.9.0/netcdf-c-4.9.2-slfn4ud/lib/libnetcdf.so]
--   - NetCDF::NetCDF_Fortran [/work/noaa/epic/role-epic/spack-stack/hercules/spack-stack-1.7.0/envs/ue-intel/install/intel/2021.9.0/netcdf-fortran-4.6.1-gahkfxw/lib/libnetcdff.so]
-- Found MPI: TRUE (found version "3.1") found components: Fortran 
-- Found OpenMP_Fortran: -qopenmp (found version "5.0") 
-- Found OpenMP: TRUE (found version "5.0") found components: Fortran 
-- FindNetCDF defines targets:
--   - NetCDF::NetCDF_C [/work/noaa/epic/role-epic/spack-stack/hercules/spack-stack-1.7.0/envs/ue-intel/install/intel/2021.9.0/netcdf-c-4.9.2-slfn4ud/lib/libnetcdf.so]
--   - NetCDF::NetCDF_Fortran [/work/noaa/epic/role-epic/spack-stack/hercules/spack-stack-1.7.0/envs/ue-intel/install/intel/2021.9.0/netcdf-fortran-4.6.1-gahkfxw/lib/libnetcdff.so]
-- Found FMS: "/work/noaa/epic/role-epic/spack-stack/hercules/spack-stack-1.7.0/envs/ue-intel/install/intel/2021.9.0/fms-2023.04-cega3dt" (Version: "2023.4.0")
-- FMS targets:
--   - FMS::fms_r8 [Lib: /work/noaa/epic/role-epic/spack-stack/hercules/spack-stack-1.7.0/envs/ue-intel/install/intel/2021.9.0/fms-2023.04-cega3dt/lib/libfms_r8.a]
-- ---------------------------------------------------------
-- Adding bundle project femps
CMake Warning (dev) at femps/CMakeLists.txt:7 (find_package):
  Policy CMP0074 is not set: find_package uses <PackageName>_ROOT variables.
  Run "cmake --help-policy CMP0074" for policy details.  Use the cmake_policy
  command to set the policy and suppress this warning.

  Environment variable ecbuild_ROOT is set to:

    /work/noaa/epic/role-epic/spack-stack/hercules/spack-stack-1.7.0/envs/ue-intel/install/intel/2021.9.0/ecbuild-3.7.2-ljy2rx3

  For compatibility, CMake is ignoring the variable.
This warning is for project developers.  Use -Wno-dev to suppress it.

-- Found ecbuild: /work/noaa/epic/role-epic/spack-stack/hercules/spack-stack-1.7.0/envs/ue-intel/install/intel/2021.9.0/ecbuild-3.7.2-ljy2rx3/share/ecbuild/cmake (found suitable version "3.7.2", minimum required is "3.6") 
-- ---------------------------------------------------------
-- [femps] (1.3.0)
-- Feature TESTS enabled
-- Feature TESTS enabled
-- Found MPI: TRUE (found version "3.1")  
-- Found NetCDF: /work/noaa/epic/role-epic/spack-stack/hercules/spack-stack-1.7.0/envs/ue-intel/install/intel/2021.9.0/netcdf-c-4.9.2-slfn4ud/include;/work/noaa/epic/role-epic/spack-stack/hercules/spack-stack-1.7.0/envs/ue-intel/install/intel/2021.9.0/netcdf-fortran-4.6.1-gahkfxw/include;/work/noaa/epic/role-epic/spack-stack/hercules/spack-stack-1.7.0/envs/ue-intel/install/intel/2021.9.0/netcdf-cxx4-4.3.1-7y6our7/include (found version "4.9.2") found components: Fortran 
-- FindNetCDF defines targets:
--   - NetCDF_VERSION [4.9.2]
--   - NetCDF_PARALLEL [TRUE]
--   - NetCDF_C_CONFIG_EXECUTABLE [/work/noaa/epic/role-epic/spack-stack/hercules/spack-stack-1.7.0/envs/ue-intel/install/intel/2021.9.0/netcdf-c-4.9.2-slfn4ud/bin/nc-config]
--   - NetCDF::NetCDF_C [SHARED] [Root: /work/noaa/epic/role-epic/spack-stack/hercules/spack-stack-1.7.0/envs/ue-intel/install/intel/2021.9.0/netcdf-c-4.9.2-slfn4ud] Lib: /work/noaa/epic/role-epic/spack-stack/hercules/spack-stack-1.7.0/envs/ue-intel/install/intel/2021.9.0/netcdf-c-4.9.2-slfn4ud/lib/libnetcdf.so 
--   - NetCDF_Fortran_CONFIG_EXECUTABLE [/work/noaa/epic/role-epic/spack-stack/hercules/spack-stack-1.7.0/envs/ue-intel/install/intel/2021.9.0/netcdf-fortran-4.6.1-gahkfxw/bin/nf-config]
--   - NetCDF::NetCDF_Fortran [SHARED] [Root: /work/noaa/epic/role-epic/spack-stack/hercules/spack-stack-1.7.0/envs/ue-intel/install/intel/2021.9.0/netcdf-fortran-4.6.1-gahkfxw] Lib: /work/noaa/epic/role-epic/spack-stack/hercules/spack-stack-1.7.0/envs/ue-intel/install/intel/2021.9.0/netcdf-fortran-4.6.1-gahkfxw/lib/libnetcdff.so 
-- ---------------------------------------------------------
-- Adding bundle project fv3-jedi-lm
CMake Warning (dev) at fv3-jedi-lm/CMakeLists.txt:18 (find_package):
  Policy CMP0074 is not set: find_package uses <PackageName>_ROOT variables.
  Run "cmake --help-policy CMP0074" for policy details.  Use the cmake_policy
  command to set the policy and suppress this warning.

  Environment variable ecbuild_ROOT is set to:

    /work/noaa/epic/role-epic/spack-stack/hercules/spack-stack-1.7.0/envs/ue-intel/install/intel/2021.9.0/ecbuild-3.7.2-ljy2rx3

  For compatibility, CMake is ignoring the variable.
This warning is for project developers.  Use -Wno-dev to suppress it.

-- ---------------------------------------------------------
-- [fv3jedilm] (1.5.0)
-- Feature TESTS enabled
-- Could NOT find MKL (missing: MKL_LIBRARIES MKL_INCLUDE_DIRS) 
-- Found OpenMP_Fortran: -qopenmp (found version "5.0") 
-- Found OpenMP: TRUE (found version "5.0") found components: C Fortran 
-- Found MPI: TRUE (found version "3.1") found components: Fortran 
-- fv3jedilm FOUND MPI
-- Found package MPI required for feature MPI
-- Feature MPI enabled
-- Found MPI: TRUE (found version "3.1")  
-- Found NetCDF: /work/noaa/epic/role-epic/spack-stack/hercules/spack-stack-1.7.0/envs/ue-intel/install/intel/2021.9.0/netcdf-c-4.9.2-slfn4ud/include;/work/noaa/epic/role-epic/spack-stack/hercules/spack-stack-1.7.0/envs/ue-intel/install/intel/2021.9.0/netcdf-fortran-4.6.1-gahkfxw/include;/work/noaa/epic/role-epic/spack-stack/hercules/spack-stack-1.7.0/envs/ue-intel/install/intel/2021.9.0/netcdf-cxx4-4.3.1-7y6our7/include (found version "4.9.2") found components: Fortran 
-- FindNetCDF defines targets:
--   - NetCDF_VERSION [4.9.2]
--   - NetCDF_PARALLEL [TRUE]
--   - NetCDF_C_CONFIG_EXECUTABLE [/work/noaa/epic/role-epic/spack-stack/hercules/spack-stack-1.7.0/envs/ue-intel/install/intel/2021.9.0/netcdf-c-4.9.2-slfn4ud/bin/nc-config]
--   - NetCDF::NetCDF_C [SHARED] [Root: /work/noaa/epic/role-epic/spack-stack/hercules/spack-stack-1.7.0/envs/ue-intel/install/intel/2021.9.0/netcdf-c-4.9.2-slfn4ud] Lib: /work/noaa/epic/role-epic/spack-stack/hercules/spack-stack-1.7.0/envs/ue-intel/install/intel/2021.9.0/netcdf-c-4.9.2-slfn4ud/lib/libnetcdf.so 
--   - NetCDF_Fortran_CONFIG_EXECUTABLE [/work/noaa/epic/role-epic/spack-stack/hercules/spack-stack-1.7.0/envs/ue-intel/install/intel/2021.9.0/netcdf-fortran-4.6.1-gahkfxw/bin/nf-config]
--   - NetCDF::NetCDF_Fortran [SHARED] [Root: /work/noaa/epic/role-epic/spack-stack/hercules/spack-stack-1.7.0/envs/ue-intel/install/intel/2021.9.0/netcdf-fortran-4.6.1-gahkfxw] Lib: /work/noaa/epic/role-epic/spack-stack/hercules/spack-stack-1.7.0/envs/ue-intel/install/intel/2021.9.0/netcdf-fortran-4.6.1-gahkfxw/lib/libnetcdff.so 
-- Found MPI: TRUE (found version "3.1") found components: Fortran 
-- Found OpenMP_Fortran: -qopenmp (found version "5.0") 
-- Found OpenMP: TRUE (found version "5.0") found components: Fortran 
-- Found MPI: TRUE (found version "3.1")  
-- Found FMS: "/work/noaa/epic/role-epic/spack-stack/hercules/spack-stack-1.7.0/envs/ue-intel/install/intel/2021.9.0/fms-2023.04-cega3dt" (Version: "2023.4.0")
-- FMS targets:
--   - FMS::fms_r4 [Lib: /work/noaa/epic/role-epic/spack-stack/hercules/spack-stack-1.7.0/envs/ue-intel/install/intel/2021.9.0/fms-2023.04-cega3dt/lib/libfms_r4.a]
--   - FMS::fms_r8 [Lib: /work/noaa/epic/role-epic/spack-stack/hercules/spack-stack-1.7.0/envs/ue-intel/install/intel/2021.9.0/fms-2023.04-cega3dt/lib/libfms_r8.a]
-- ---------------------------------------------------------
-- Adding bundle project fv3-jedi
CMake Warning (dev) at fv3-jedi/CMakeLists.txt:20 (find_package):
  Policy CMP0074 is not set: find_package uses <PackageName>_ROOT variables.
  Run "cmake --help-policy CMP0074" for policy details.  Use the cmake_policy
  command to set the policy and suppress this warning.

  Environment variable ecbuild_ROOT is set to:

    /work/noaa/epic/role-epic/spack-stack/hercules/spack-stack-1.7.0/envs/ue-intel/install/intel/2021.9.0/ecbuild-3.7.2-ljy2rx3

  For compatibility, CMake is ignoring the variable.
This warning is for project developers.  Use -Wno-dev to suppress it.

-- ---------------------------------------------------------
-- [fv3jedi] (1.9.0)
-- Feature TESTS enabled
-- Found NetCDF: /work/noaa/epic/role-epic/spack-stack/hercules/spack-stack-1.7.0/envs/ue-intel/install/intel/2021.9.0/netcdf-c-4.9.2-slfn4ud/include;/work/noaa/epic/role-epic/spack-stack/hercules/spack-stack-1.7.0/envs/ue-intel/install/intel/2021.9.0/netcdf-fortran-4.6.1-gahkfxw/include;/work/noaa/epic/role-epic/spack-stack/hercules/spack-stack-1.7.0/envs/ue-intel/install/intel/2021.9.0/netcdf-cxx4-4.3.1-7y6our7/include (found version "4.9.2") found components: C Fortran 
-- FindNetCDF defines targets:
--   - NetCDF_VERSION [4.9.2]
--   - NetCDF_PARALLEL [TRUE]
--   - NetCDF_C_CONFIG_EXECUTABLE [/work/noaa/epic/role-epic/spack-stack/hercules/spack-stack-1.7.0/envs/ue-intel/install/intel/2021.9.0/netcdf-c-4.9.2-slfn4ud/bin/nc-config]
--   - NetCDF::NetCDF_C [SHARED] [Root: /work/noaa/epic/role-epic/spack-stack/hercules/spack-stack-1.7.0/envs/ue-intel/install/intel/2021.9.0/netcdf-c-4.9.2-slfn4ud] Lib: /work/noaa/epic/role-epic/spack-stack/hercules/spack-stack-1.7.0/envs/ue-intel/install/intel/2021.9.0/netcdf-c-4.9.2-slfn4ud/lib/libnetcdf.so 
--   - NetCDF_Fortran_CONFIG_EXECUTABLE [/work/noaa/epic/role-epic/spack-stack/hercules/spack-stack-1.7.0/envs/ue-intel/install/intel/2021.9.0/netcdf-fortran-4.6.1-gahkfxw/bin/nf-config]
--   - NetCDF::NetCDF_Fortran [SHARED] [Root: /work/noaa/epic/role-epic/spack-stack/hercules/spack-stack-1.7.0/envs/ue-intel/install/intel/2021.9.0/netcdf-fortran-4.6.1-gahkfxw] Lib: /work/noaa/epic/role-epic/spack-stack/hercules/spack-stack-1.7.0/envs/ue-intel/install/intel/2021.9.0/netcdf-fortran-4.6.1-gahkfxw/lib/libnetcdff.so 
-- Found OpenMP: TRUE (found version "5.0") found components: CXX 
-- Found OpenMP_CXX: -qopenmp (found version "5.0") 
-- Found OpenMP_Fortran: -qopenmp (found version "5.0") 
-- Found OpenMP: TRUE (found version "5.0") found components: CXX Fortran 
-- Found OpenMP_Fortran: -qopenmp (found version "5.0") 
-- Found OpenMP: TRUE (found version "5.0") found components: Fortran 
-- Could NOT find MKL (missing: MKL_LIBRARIES MKL_INCLUDE_DIRS) 
-- FFTW targets:
--     FFTW::fftw3 (double precision)  [/work/noaa/epic/role-epic/spack-stack/hercules/spack-stack-1.7.0/envs/ue-intel/install/intel/2021.9.0/fftw-3.3.10-wiwuujf/lib/libfftw3.so]
-- Found FFTW: /work/noaa/epic/role-epic/spack-stack/hercules/spack-stack-1.7.0/envs/ue-intel/install/intel/2021.9.0/fftw-3.3.10-wiwuujf/include  found components: double 
-- Found sp: /work/noaa/epic/role-epic/spack-stack/hercules/spack-stack-1.7.0/envs/ue-intel/install/intel/2021.9.0/sp-2.5.0-vrk25sn/lib64/libsp_4.a (found version "2.5.0")
-- Found OpenMP_Fortran: -qopenmp (found version "5.0") 
-- FV3-SABER block GSI is enabled
-- Found sp: /work/noaa/epic/role-epic/spack-stack/hercules/spack-stack-1.7.0/envs/ue-intel/install/intel/2021.9.0/sp-2.5.0-vrk25sn/lib64/libsp_4.a (found version "2.5.0")
-- Found OpenMP_CXX: -qopenmp (found version "5.0") 
-- Found OpenMP_Fortran: -qopenmp (found version "5.0") 
-- Found OpenMP: TRUE (found version "5.0") found components: C CXX Fortran 
-- Found OpenMP_Fortran: -qopenmp (found version "5.0") 
-- Found OpenMP: TRUE (found version "5.0") found components: Fortran 
-- Found MPI: TRUE (found version "3.1") found components: CXX Fortran 
-- Found MPI: TRUE (found version "3.1") found components: Fortran 
-- Found OpenMP_Fortran: -qopenmp (found version "5.0") 
-- Found MPI: TRUE (found version "3.1")  
-- Found FMS: "/work/noaa/epic/role-epic/spack-stack/hercules/spack-stack-1.7.0/envs/ue-intel/install/intel/2021.9.0/fms-2023.04-cega3dt" (Version: "2023.4.0")
-- FMS targets:
--   - FMS::fms_r4 [Lib: /work/noaa/epic/role-epic/spack-stack/hercules/spack-stack-1.7.0/envs/ue-intel/install/intel/2021.9.0/fms-2023.04-cega3dt/lib/libfms_r4.a]
--   - FMS::fms_r8 [Lib: /work/noaa/epic/role-epic/spack-stack/hercules/spack-stack-1.7.0/envs/ue-intel/install/intel/2021.9.0/fms-2023.04-cega3dt/lib/libfms_r8.a]
-- Use crtm test data provided by ufo in /work2/noaa/global/role-global/GFS_CI_CD/HERCULES/CI/3557/global-workflow/sorc/gdas.cd/bundle/test-data-release/crtm/2.4.1_skylab_4.0/
-- Use test data from fv3-jedi-data repository
-- Running fv3jedi tests for tiers up to and including tier 1
-- ---------------------------------------------------------
-- Adding bundle project soca
-- Found ecbuild: /work/noaa/epic/role-epic/spack-stack/hercules/spack-stack-1.7.0/envs/ue-intel/install/intel/2021.9.0/ecbuild-3.7.2-ljy2rx3/share/ecbuild/cmake (found suitable version "3.7.2", minimum required is "3.3.2") 
-- ---------------------------------------------------------
-- [soca] (1.8.0)
-- Feature TESTS enabled
-- Found NetCDF: /work/noaa/epic/role-epic/spack-stack/hercules/spack-stack-1.7.0/envs/ue-intel/install/intel/2021.9.0/netcdf-fortran-4.6.1-gahkfxw/include (found version "4.9.2") found components: Fortran C 
-- FindNetCDF defines targets:
--   - NetCDF::NetCDF_Fortran [/work/noaa/epic/role-epic/spack-stack/hercules/spack-stack-1.7.0/envs/ue-intel/install/intel/2021.9.0/netcdf-fortran-4.6.1-gahkfxw/lib/libnetcdff.so]
--   - NetCDF::NetCDF_C [/work/noaa/epic/role-epic/spack-stack/hercules/spack-stack-1.7.0/envs/ue-intel/install/intel/2021.9.0/netcdf-c-4.9.2-slfn4ud/lib/libnetcdf.so]
-- Found OpenMP_CXX: -qopenmp (found version "5.0") 
-- Found OpenMP: TRUE (found version "5.0") found components: CXX 
-- Found OpenMP_CXX: -qopenmp (found version "5.0") 
-- Found OpenMP_Fortran: -qopenmp (found version "5.0") 
-- Found OpenMP: TRUE (found version "5.0") found components: CXX Fortran 
-- Found MPI: TRUE (found version "3.1") found components: CXX Fortran 
-- Found OpenMP_Fortran: -qopenmp (found version "5.0") 
-- Found OpenMP: TRUE (found version "5.0") found components: Fortran 
-- Could NOT find MKL (missing: MKL_LIBRARIES MKL_INCLUDE_DIRS) 
-- FFTW targets:
--     FFTW::fftw3 (double precision)  [/work/noaa/epic/role-epic/spack-stack/hercules/spack-stack-1.7.0/envs/ue-intel/install/intel/2021.9.0/fftw-3.3.10-wiwuujf/lib/libfftw3.so]
-- Found sp: /work/noaa/epic/role-epic/spack-stack/hercules/spack-stack-1.7.0/envs/ue-intel/install/intel/2021.9.0/sp-2.5.0-vrk25sn/lib64/libsp_4.a (found version "2.5.0")
-- Found OpenMP_CXX: -qopenmp (found version "5.0") 
-- Found OpenMP_Fortran: -qopenmp (found version "5.0") 
-- Found OpenMP: TRUE (found version "5.0") found components: C CXX Fortran 
-- Found MPI: TRUE (found version "3.1")  
-- Found NetCDF: /work/noaa/epic/role-epic/spack-stack/hercules/spack-stack-1.7.0/envs/ue-intel/install/intel/2021.9.0/netcdf-c-4.9.2-slfn4ud/include;/work/noaa/epic/role-epic/spack-stack/hercules/spack-stack-1.7.0/envs/ue-intel/install/intel/2021.9.0/netcdf-fortran-4.6.1-gahkfxw/include;/work/noaa/epic/role-epic/spack-stack/hercules/spack-stack-1.7.0/envs/ue-intel/install/intel/2021.9.0/netcdf-cxx4-4.3.1-7y6our7/include (found version "4.9.2")  
-- FindNetCDF defines targets:
--   - NetCDF_VERSION [4.9.2]
--   - NetCDF_PARALLEL [TRUE]
--   - NetCDF_C_CONFIG_EXECUTABLE [/work/noaa/epic/role-epic/spack-stack/hercules/spack-stack-1.7.0/envs/ue-intel/install/intel/2021.9.0/netcdf-c-4.9.2-slfn4ud/bin/nc-config]
--   - NetCDF::NetCDF_C [SHARED] [Root: /work/noaa/epic/role-epic/spack-stack/hercules/spack-stack-1.7.0/envs/ue-intel/install/intel/2021.9.0/netcdf-c-4.9.2-slfn4ud] Lib: /work/noaa/epic/role-epic/spack-stack/hercules/spack-stack-1.7.0/envs/ue-intel/install/intel/2021.9.0/netcdf-c-4.9.2-slfn4ud/lib/libnetcdf.so 
-- Found OpenMP_Fortran: -qopenmp (found version "5.0") 
-- Found OpenMP: TRUE (found version "5.0") found components: Fortran 
-- Found MPI: TRUE (found version "3.1") found components: Fortran 
-- Found OpenMP_Fortran: -qopenmp (found version "5.0") 
-- Found MPI: TRUE (found version "3.1")  
-- Found NetCDF: /work/noaa/epic/role-epic/spack-stack/hercules/spack-stack-1.7.0/envs/ue-intel/install/intel/2021.9.0/netcdf-c-4.9.2-slfn4ud/include;/work/noaa/epic/role-epic/spack-stack/hercules/spack-stack-1.7.0/envs/ue-intel/install/intel/2021.9.0/netcdf-fortran-4.6.1-gahkfxw/include;/work/noaa/epic/role-epic/spack-stack/hercules/spack-stack-1.7.0/envs/ue-intel/install/intel/2021.9.0/netcdf-cxx4-4.3.1-7y6our7/include (found version "4.9.2") found components: C Fortran 
-- FindNetCDF defines targets:
--   - NetCDF_VERSION [4.9.2]
--   - NetCDF_PARALLEL [TRUE]
--   - NetCDF_Fortran_CONFIG_EXECUTABLE [/work/noaa/epic/role-epic/spack-stack/hercules/spack-stack-1.7.0/envs/ue-intel/install/intel/2021.9.0/netcdf-fortran-4.6.1-gahkfxw/bin/nf-config]
--   - NetCDF::NetCDF_Fortran [SHARED] [Root: /work/noaa/epic/role-epic/spack-stack/hercules/spack-stack-1.7.0/envs/ue-intel/install/intel/2021.9.0/netcdf-fortran-4.6.1-gahkfxw] Lib: /work/noaa/epic/role-epic/spack-stack/hercules/spack-stack-1.7.0/envs/ue-intel/install/intel/2021.9.0/netcdf-fortran-4.6.1-gahkfxw/lib/libnetcdff.so 
-- Found FMS: "/work/noaa/epic/role-epic/spack-stack/hercules/spack-stack-1.7.0/envs/ue-intel/install/intel/2021.9.0/fms-2023.04-cega3dt" (Version: "2023.4.0")
-- FMS targets:
--   - FMS::fms_r4 [Lib: /work/noaa/epic/role-epic/spack-stack/hercules/spack-stack-1.7.0/envs/ue-intel/install/intel/2021.9.0/fms-2023.04-cega3dt/lib/libfms_r4.a]
-- Found OpenMP_C: -qopenmp (found version "5.0") 
-- Found OpenMP_Fortran: -qopenmp (found version "5.0") 
-- Found OpenMP: TRUE (found version "5.0") found components: C Fortran 
Building MOM6 standalone executable
-- ---------------------------------------------------------
-- Adding bundle project gdas-utils
-- Found NetCDF: /work/noaa/epic/role-epic/spack-stack/hercules/spack-stack-1.7.0/envs/ue-intel/install/intel/2021.9.0/netcdf-cxx4-4.3.1-7y6our7/include (found version "4.9.2") found components: CXX 
-- FindNetCDF defines targets:
--   - NetCDF::NetCDF_CXX [/work/noaa/epic/role-epic/spack-stack/hercules/spack-stack-1.7.0/envs/ue-intel/install/intel/2021.9.0/netcdf-cxx4-4.3.1-7y6our7/lib/libnetcdf_c++4.so]
-- Found OpenMP_CXX: -qopenmp (found version "5.0") 
-- Found OpenMP_Fortran: -qopenmp (found version "5.0") 
-- Found OpenMP: TRUE (found version "5.0") found components: CXX Fortran 
-- Found MPI: TRUE (found version "3.1") found components: CXX Fortran 
-- Found OpenMP_CXX: -qopenmp (found version "5.0") 
-- Found OpenMP: TRUE (found version "5.0") found components: CXX 
-- Found OpenMP_CXX: -qopenmp (found version "5.0") 
Found RTOFS files; generating tests
-- ---------------------------------------------------------
-- Adding bundle project da-utils
-- Found NetCDF: /work/noaa/epic/role-epic/spack-stack/hercules/spack-stack-1.7.0/envs/ue-intel/install/intel/2021.9.0/netcdf-cxx4-4.3.1-7y6our7/include (found version "4.9.2") found components: CXX Fortran 
-- FindNetCDF defines targets:
--   - NetCDF::NetCDF_CXX [/work/noaa/epic/role-epic/spack-stack/hercules/spack-stack-1.7.0/envs/ue-intel/install/intel/2021.9.0/netcdf-cxx4-4.3.1-7y6our7/lib/libnetcdf_c++4.so]
--   - NetCDF::NetCDF_Fortran [/work/noaa/epic/role-epic/spack-stack/hercules/spack-stack-1.7.0/envs/ue-intel/install/intel/2021.9.0/netcdf-fortran-4.6.1-gahkfxw/lib/libnetcdff.so]
-- Found OpenMP_CXX: -qopenmp (found version "5.0") 
-- Found OpenMP: TRUE (found version "5.0") found components: CXX Fortran 
-- Found OpenMP_CXX: -qopenmp (found version "5.0") 
-- Found OpenMP: TRUE (found version "5.0") found components: CXX 
-- Found MPI: TRUE (found version "3.1") found components: Fortran 
-- Building tools that link to OOPS/JEDI
-- Found ESMF: /work/noaa/epic/role-epic/spack-stack/hercules/spack-stack-1.7.0/envs/ue-intel/install/intel/2021.9.0/esmf-8.6.1-45zyvvo/lib/libesmf.a (found suitable version "8.6.1", minimum required is "8.0.0") 
-- ---------------------------------------------------------
-- Adding bundle project iodaconv
-- Found ecbuild: /work/noaa/epic/role-epic/spack-stack/hercules/spack-stack-1.7.0/envs/ue-intel/install/intel/2021.9.0/ecbuild-3.7.2-ljy2rx3/share/ecbuild/cmake (found suitable version "3.7.2", minimum required is "3") 
-- ---------------------------------------------------------
-- [iodaconv] (0.0.1)
-- Feature TESTS enabled
-- Found: eccodes
-- Found MPI: TRUE (found version "3.1")  
-- Found OpenMP_C: -qopenmp (found version "5.0") 
-- Found OpenMP_CXX: -qopenmp (found version "5.0") 
-- Found OpenMP_Fortran: -qopenmp (found version "5.0") 
-- Found OpenMP: TRUE (found version "5.0") found components: C CXX Fortran 
-- Found bufr: /work/noaa/epic/role-epic/spack-stack/hercules/spack-stack-1.7.0/envs/ue-intel/install/intel/2021.9.0/bufr-12.0.1-h7wq5ai/lib64/libbufr_4.so (found version "12.0.1")
-- Found: bufr
-- Found: NetCDF::NetCDF_Fortran
-- Enabled Component: gnssro
-- Found: nceplib bufr
-- Found: eckit
-- Found: oops
-- Found: ioda
-- Found: bufr
-- Enabled Component: bufr
-- Found: eckit
-- Found: bufr
-- Found: pybind11
-- Found: gsl-lite
-- Enabled Component: bufr python
-- Enabled Component: gsi bias converter
-- Enabled Component: obserror converter
-- Found: bufr
-- Found: NetCDF::NetCDF_Fortran
-- Enabled Component: pbfortran
-- ---------------------------------------------------------
-- Adding bundle project land-imsproc
-- Found ecbuild: /work/noaa/epic/role-epic/spack-stack/hercules/spack-stack-1.7.0/envs/ue-intel/install/intel/2021.9.0/ecbuild-3.7.2-ljy2rx3/share/ecbuild/cmake (found suitable version "3.7.2", minimum required is "3.3.2") 
-- ---------------------------------------------------------
-- [imsproc] (2022.10)
-- Feature TESTS enabled
-- Found OpenMP_Fortran: -qopenmp (found version "5.0") 
-- Found OpenMP: TRUE (found version "5.0") found components: C Fortran 
-- Found MPI: TRUE (found version "3.1") found components: C Fortran 
-- Found NetCDF: /work/noaa/epic/role-epic/spack-stack/hercules/spack-stack-1.7.0/envs/ue-intel/install/intel/2021.9.0/netcdf-fortran-4.6.1-gahkfxw/include (found version "4.9.2") found components: Fortran 
-- FindNetCDF defines targets:
--   - NetCDF::NetCDF_Fortran [/work/noaa/epic/role-epic/spack-stack/hercules/spack-stack-1.7.0/envs/ue-intel/install/intel/2021.9.0/netcdf-fortran-4.6.1-gahkfxw/lib/libnetcdff.so]
-- ---------------------------------------------------------
-- Adding bundle project land-jediincr
-- ---------------------------------------------------------
-- [jediincr] (2022.10)
-- Feature TESTS enabled
-- FindNetCDF defines targets:
--   - NetCDF::NetCDF_Fortran [/work/noaa/epic/role-epic/spack-stack/hercules/spack-stack-1.7.0/envs/ue-intel/install/intel/2021.9.0/netcdf-fortran-4.6.1-gahkfxw/lib/libnetcdff.so]
-- ---------------------------------------------------------
-- Adding bundle project gdas
-- ---------------------------------------------------------
-- [GDASApp] (1.0.0)
-- Feature TESTS enabled
-- Found Python3: /work2/noaa/da/python/opt/core/miniconda3/4.6.14/envs/gdasapp/bin/python3.7 (found version "3.7.12") found components: Interpreter 
Traceback (most recent call last):
  File "/work2/noaa/global/role-global/GFS_CI_CD/HERCULES/CI/3557/global-workflow/sorc/gdas.cd/bundle/gdas/test/gw-ci/get_cycles.py", line 38, in <module>
    main()
  File "/work2/noaa/global/role-global/GFS_CI_CD/HERCULES/CI/3557/global-workflow/sorc/gdas.cd/bundle/gdas/test/gw-ci/get_cycles.py", line 32, in main
    idate_value = read_idate_from_yaml(args.yaml_file)
  File "/work2/noaa/global/role-global/GFS_CI_CD/HERCULES/CI/3557/global-workflow/sorc/gdas.cd/bundle/gdas/test/gw-ci/get_cycles.py", line 8, in read_idate_from_yaml
    with open(file_path, 'r') as file:
FileNotFoundError: [Errno 2] No such file or directory: '/work2/noaa/global/role-global/GFS_CI_CD/HERCULES/CI/3557/global-workflow/sorc/gdas.cd/bundle/../../../ci/cases/pr/C96C48_hybatmDA.yaml'
CMake Error at gdas/test/gw-ci/CMakeLists.txt:224 (string):
  string sub-command REPLACE requires at least four arguments.
Call Stack (most recent call first):
  gdas/test/gw-ci/CMakeLists.txt:283 (add_cycling_tests)


Traceback (most recent call last):
  File "/work2/noaa/global/role-global/GFS_CI_CD/HERCULES/CI/3557/global-workflow/sorc/gdas.cd/bundle/gdas/test/gw-ci/get_cycles.py", line 38, in <module>
    main()
  File "/work2/noaa/global/role-global/GFS_CI_CD/HERCULES/CI/3557/global-workflow/sorc/gdas.cd/bundle/gdas/test/gw-ci/get_cycles.py", line 32, in main
    idate_value = read_idate_from_yaml(args.yaml_file)
  File "/work2/noaa/global/role-global/GFS_CI_CD/HERCULES/CI/3557/global-workflow/sorc/gdas.cd/bundle/gdas/test/gw-ci/get_cycles.py", line 8, in read_idate_from_yaml
    with open(file_path, 'r') as file:
FileNotFoundError: [Errno 2] No such file or directory: '/work2/noaa/global/role-global/GFS_CI_CD/HERCULES/CI/3557/global-workflow/sorc/gdas.cd/bundle/../../../ci/cases/pr/C96C48_ufs_hybatmDA.yaml'
CMake Error at gdas/test/gw-ci/CMakeLists.txt:224 (string):
  string sub-command REPLACE requires at least four arguments.
Call Stack (most recent call first):
  gdas/test/gw-ci/CMakeLists.txt:317 (add_cycling_tests)


Traceback (most recent call last):
  File "/work2/noaa/global/role-global/GFS_CI_CD/HERCULES/CI/3557/global-workflow/sorc/gdas.cd/bundle/gdas/test/gw-ci/get_cycles.py", line 38, in <module>
    main()
  File "/work2/noaa/global/role-global/GFS_CI_CD/HERCULES/CI/3557/global-workflow/sorc/gdas.cd/bundle/gdas/test/gw-ci/get_cycles.py", line 32, in main
    idate_value = read_idate_from_yaml(args.yaml_file)
  File "/work2/noaa/global/role-global/GFS_CI_CD/HERCULES/CI/3557/global-workflow/sorc/gdas.cd/bundle/gdas/test/gw-ci/get_cycles.py", line 8, in read_idate_from_yaml
    with open(file_path, 'r') as file:
FileNotFoundError: [Errno 2] No such file or directory: '/work2/noaa/global/role-global/GFS_CI_CD/HERCULES/CI/3557/global-workflow/sorc/gdas.cd/bundle/../../../ci/cases/pr/C96C48_hybatmaerosnowDA.yaml'
CMake Error at gdas/test/gw-ci/CMakeLists.txt:224 (string):
  string sub-command REPLACE requires at least four arguments.
Call Stack (most recent call first):
  gdas/test/gw-ci/CMakeLists.txt:352 (add_cycling_tests)


Traceback (most recent call last):
  File "/work2/noaa/global/role-global/GFS_CI_CD/HERCULES/CI/3557/global-workflow/sorc/gdas.cd/bundle/gdas/test/gw-ci/get_cycles.py", line 38, in <module>
    main()
  File "/work2/noaa/global/role-global/GFS_CI_CD/HERCULES/CI/3557/global-workflow/sorc/gdas.cd/bundle/gdas/test/gw-ci/get_cycles.py", line 32, in main
    idate_value = read_idate_from_yaml(args.yaml_file)
  File "/work2/noaa/global/role-global/GFS_CI_CD/HERCULES/CI/3557/global-workflow/sorc/gdas.cd/bundle/gdas/test/gw-ci/get_cycles.py", line 8, in read_idate_from_yaml
    with open(file_path, 'r') as file:
FileNotFoundError: [Errno 2] No such file or directory: '/work2/noaa/global/role-global/GFS_CI_CD/HERCULES/CI/3557/global-workflow/sorc/gdas.cd/bundle/../../../ci/cases/pr/C48mx500_3DVarAOWCDA.yaml'
CMake Error at gdas/test/gw-ci/CMakeLists.txt:224 (string):
  string sub-command REPLACE requires at least four arguments.
Call Stack (most recent call first):
  gdas/test/gw-ci/CMakeLists.txt:377 (add_cycling_tests)


Traceback (most recent call last):
  File "/work2/noaa/global/role-global/GFS_CI_CD/HERCULES/CI/3557/global-workflow/sorc/gdas.cd/bundle/gdas/test/gw-ci/get_cycles.py", line 38, in <module>
    main()
  File "/work2/noaa/global/role-global/GFS_CI_CD/HERCULES/CI/3557/global-workflow/sorc/gdas.cd/bundle/gdas/test/gw-ci/get_cycles.py", line 32, in main
    idate_value = read_idate_from_yaml(args.yaml_file)
  File "/work2/noaa/global/role-global/GFS_CI_CD/HERCULES/CI/3557/global-workflow/sorc/gdas.cd/bundle/gdas/test/gw-ci/get_cycles.py", line 8, in read_idate_from_yaml
    with open(file_path, 'r') as file:
FileNotFoundError: [Errno 2] No such file or directory: '/work2/noaa/global/role-global/GFS_CI_CD/HERCULES/CI/3557/global-workflow/sorc/gdas.cd/bundle/../../../ci/cases/pr/C48mx500_hybAOWCDA.yaml'
CMake Error at gdas/test/gw-ci/CMakeLists.txt:224 (string):
  string sub-command REPLACE requires at least four arguments.
Call Stack (most recent call first):
  gdas/test/gw-ci/CMakeLists.txt:401 (add_cycling_tests)


failed to create symbolic link '/work2/noaa/global/role-global/GFS_CI_CD/HERCULES/CI/3557/global-workflow/sorc/gdas.cd/build/gdas/test/marine/testinput' because existing path cannot be removed: Is a directory
failed to create symbolic link '/work2/noaa/global/role-global/GFS_CI_CD/HERCULES/CI/3557/global-workflow/sorc/gdas.cd/build/gdas/test/marine/testinput' because existing path cannot be removed: Is a directory
failed to create symbolic link '/work2/noaa/global/role-global/GFS_CI_CD/HERCULES/CI/3557/global-workflow/sorc/gdas.cd/build/gdas/test/marine/testinput' because existing path cannot be removed: Is a directory
failed to create symbolic link '/work2/noaa/global/role-global/GFS_CI_CD/HERCULES/CI/3557/global-workflow/sorc/gdas.cd/build/gdas/test/marine/testinput' because existing path cannot be removed: Is a directory
-- Found Python: /work2/noaa/da/python/opt/core/miniconda3/4.6.14/envs/gdasapp/bin/python3.7 (found version "3.7.12") found components: Interpreter 
CMake Warning at gdas/test/marine/CMakeLists.txt:95 (message):
  BUFR test file directory not found -- bufr to ioda tests not generated.


-- ---------------------------------------------------------
-- Bundle GDAS-bundle
-- ---------------------------------------------------------
-- ---------------------------------------------------------
-- Build summary
-- ---------------------------------------------------------
-- system : [hercules-01-29] [Linux-5.14.0-162.23.1.el9_1.x86_64] [linux.64]
-- processor        : [x86_64]
-- endiness         : Little Endian -- IEEE []
-- build type       : [RelWithDebInfo]
-- timestamp        : [20250408135958]
-- install prefix   : [/usr/local]
--   bin dir        : [/usr/local/bin]
--   lib dir        : [/usr/local/lib64]
--   include dir    : [/usr/local/include]
--   data dir       : [/usr/local/share/GDAS-bundle]
--   cmake dir      : [/usr/local/lib64/cmake/GDAS-bundle]
-- ---------------------------------------------------------
-- C -- Intel 2021.9.0.20230302
--     compiler   : /apps/spack-managed/oneapi-2023.1.0/intel-oneapi-mpi-2021.9.0-a66eaipzsnyrdgaqzxmqmqz64qzvhkse/mpi/2021.9.0/bin/mpiicc
--     flags      : -diag-disable=10441 -O2 -g -DNDEBUG  
--     link flags : 
-- CXX -- Intel 2021.9.0.20230302
--     compiler   : /apps/spack-managed/oneapi-2023.1.0/intel-oneapi-mpi-2021.9.0-a66eaipzsnyrdgaqzxmqmqz64qzvhkse/mpi/2021.9.0/bin/mpiicpc
--     flags      : -diag-disable=10441 -O2 -g -DNDEBUG  
--     link flags : 
-- Fortran -- Intel 2021.9.0.20230302
--     compiler   : /apps/spack-managed/oneapi-2023.1.0/intel-oneapi-mpi-2021.9.0-a66eaipzsnyrdgaqzxmqmqz64qzvhkse/mpi/2021.9.0/bin/mpiifort
--     flags      : -diag-disable=10448 -O2 -g -DNDEBUG -heap-arrays 32  
--     link flags : 
-- linker : /usr/bin/ld
-- ar     : /usr/bin/ar
-- ranlib : /usr/bin/ranlib
-- link flags
--     executable [    -Wl,--disable-new-dtags ]
--     shared lib [ -Wl,--disable-new-dtags ]
--     static lib [ -Wl,--disable-new-dtags ]
-- install rpath  : $ORIGIN/../lib64 /work2/noaa/global/role-global/GFS_CI_CD/HERCULES/CI/3557/global-workflow/sorc/gdas.cd/build/fv3
-- common definitions: 
-- ---------------------------------------------------------
-- Feature summary
-- ---------------------------------------------------------
-- The following features have been enabled:

 * TESTS, GDAS-bundle: Enable the unit tests, GDAS-bundle: Enable the unit tests, crtm: Enable the unit tests, CRTM_Tests: Enable the unit tests, gsibec: Enable the unit tests, gsw: Enable the unit tests, bufr_query: Enable the unit tests, oops: Enable the unit tests, vader: Enable the unit tests, saber: Enable the unit tests, ioda: Enable the unit tests, ufo: Enable the unit tests, femps: Enable the unit tests, femps: Enable the unit tests, fv3jedilm: Enable the unit tests, fv3jedi: Enable the unit tests, soca: Enable the unit tests, iodaconv: Enable the unit tests, imsproc: Enable the unit tests, jediincr: Enable the unit tests, GDASApp: Enable the unit tests
 * Python, Build Python bindings using pybind11
 * MPI, fv3jedilm: Support for MPI distributed parallelism

-- The following OPTIONAL packages have been found:

 * bufr_query
 * pybind11
 * PkgConfig
 * Git
 * Perl

-- The following REQUIRED packages have been found:

 * femps (required version >= 1.3.0)
 * FMS (required version >= 2023.04)
 * fv3jedilm (required version >= 1.5.0)
 * gsw
 * vader (required version >= 1.7.0)
 * FFTW
 * gsibec
 * sp
 * saber (required version >= 1.10.0)
 * crtm
 * ufo (required version >= 1.10.0)
 * fms (required version >= 2023.3.0)
 * ESMF (required version >= 8.0.0)
 * jedicmake
 * BLAS
 * LAPACK
 * boost_headers (required version == 1.84.0)
 * Boost
 * eckit
 * fckit
 * Eigen3
 * atlas
 * oops
 * eccodes
 * gsl-lite
 * Threads
 * HDF5
 * udunits (required version >= 2.2.0)
 * ioda
 * bufr (required version >= 12.0.1)
 * OpenMP
 * MPI, fv3jedilm: Support for MPI distributed parallelism
 * NetCDF
 * ecbuild (required version >= 3.5)
 * Python3
 * fv3jedi
 * soca
 * Python, Build Python bindings using pybind11

-- The following OPTIONAL packages have not been found:

 * nlohmann_json
 * nlohmann_json_schema_validator
 * odc (required version >= 1.4.6)
 * rttov (required version >= 12.1.0)
 * geos-aero
 * oasim
 * ropp-ufo
 * MKL
 * cartopy

-- Configuring incomplete, errors occurred!
See also "/work2/noaa/global/role-global/GFS_CI_CD/HERCULES/CI/3557/global-workflow/sorc/gdas.cd/build/CMakeFiles/CMakeOutput.log".
See also "/work2/noaa/global/role-global/GFS_CI_CD/HERCULES/CI/3557/global-workflow/sorc/gdas.cd/build/CMakeFiles/CMakeError.log".
