+ source /gpfs/f6/drsa-precip3/world-shared/global/CI/GITLAB/pr_cases_4763_93d59168_97043/global-workflow/dev/ush/load_modules.sh gsi
++ [[ hxB == *x* ]]
++ set_x=YES
++ [[ NO == \N\O ]]
++ echo 'Loading modules quietly...'
Loading modules quietly...
++ set +x
Running "module reset". Resetting modules to system default. The following $MODULEPATH directories have been removed: /gpfs/f6/drsa-precip3/world-shared/global/CI/GITLAB/pr_cases_4763_93d59168_97043/global-workflow/modulefiles

The following have been reloaded with a version change:
  1) PrgEnv-intel/8.5.0 => PrgEnv-intel/8.6.0
  2) craype/2.7.30 => craype/2.7.34
  3) libfabric/1.20.1 => libfabric/1.22.0

INFO: gw_gsi.gaeac6 module not available, falling back to gw_run.gaeac6

Lmod is automatically replacing "intel/2025.2" with "intel-classic/2023.2.0".


The following have been reloaded with a version change:
  1) PrgEnv-intel/8.6.0 => PrgEnv-intel/8.5.0
  2) cray-mpich/8.1.32 => cray-mpich/8.1.30
  3) craype/2.7.34 => craype/2.7.30


Currently Loaded Modules:
  1) craype-x86-genoa                45) python-venv/1.0
  2) perftools-base/25.03.0          46) py-mpi4py/4.0.1
  3) xpmem/2.11.5-1.3_g73ade43320bc  47) openblas/0.3.24
  4) cray-pmi/6.1.15                 48) py-numpy/1.26.4
  5) CmrsEnv/default                 49) py-pip/23.1.2
  6) TimeZoneEDT/default             50) esmf/8.8.0
  7) Core/24.11                      51) antlr/2.7.7
  8) DefApps                         52) gsl/2.8
  9) cray-dsmml/0.3.1                53) nco/5.2.4
 10) PrgEnv-intel/8.5.0              54) bacio/2.4.1
 11) intel-classic/2023.2.0          55) w3emc/2.10.0
 12) craype/2.7.30                   56) prod_util/2.1.1
 13) stack-intel/2023.2.0            57) g2/3.5.1
 14) libfabric/1.22.0                58) ip/5.1.0
 15) craype-network-ofi              59) grib-util/1.4.0
 16) cray-mpich/8.1.30               60) g2tmpl/1.13.0
 17) stack-cray-mpich/8.1.30         61) gsi-ncdiag/1.1.2
 18) gettext/0.20.2                  62) crtm-fix/2.4.0.1_emc
 19) glibc/2.31                      63) git-lfs/2.11.0
 20) zlib/1.2.13                     64) crtm/2.4.0.1
 21) sqlite/3.46.0                   65) bufr/12.1.0
 22) util-linux-uuid/2.40.2          66) py-f90nml/1.4.3
 23) python/3.11.7                   67) py-certifi/2023.7.22
 24) stack-python/3.11.7             68) py-cftime/1.0.3.4
 25) cmake/3.27.9                    69) py-netcdf4/1.7.1.post2
 26) libjpeg/2.1.0                   70) libyaml/0.2.5
 27) jasper/2.0.32                   71) py-pyyaml/6.0.2
 28) libpng/1.6.37                   72) py-markupsafe/2.1.3
 29) openjpeg/2.3.1                  73) py-jinja2/3.1.4
 30) eccodes/2.33.0                  74) py-pytz/2023.3
 31) fftw/3.3.10                     75) py-tzdata/2023.3
 32) nghttp2/1.63.0                  76) py-pandas/2.2.3
 33) curl/8.10.1                     77) py-six/1.16.0
 34) proj/9.4.1                      78) py-python-dateutil/2.8.2
 35) udunits/2.2.28                  79) py-packaging/24.1
 36) cdo/2.3.0                       80) py-setuptools/69.2.0
 37) hdf5/1.14.3                     81) py-xarray/2024.7.0
 38) snappy/1.2.1                    82) gw_run.common
 39) zstd/1.5.6                      83) perlbrew/5.38.2
 40) c-blosc/1.21.5                  84) prepobs/1.1.3
 41) netcdf-c/4.9.2                  85) fit2obs/1.1.10
 42) netcdf-fortran/4.6.1            86) hsi/9.3
 43) parallel-netcdf/1.12.3          87) gw_run.gaeac6
 44) parallelio/2.6.2

 

++ [[ -d /gpfs/f6/drsa-precip3/world-shared/global/CI/GITLAB/pr_cases_4763_93d59168_97043/global-workflow/sorc/wxflow/src ]]
++ PYTHONPATH=/gpfs/f6/drsa-precip3/world-shared/global/CI/GITLAB/pr_cases_4763_93d59168_97043/global-workflow/sorc/wxflow/src:/autofs/ncrc-svm1_proj/epic/spack-stack/c6/spack-stack-1.9.2/envs/ue-intel-2023.2.0/install/intel/2023.2.0/py-xarray-2024.7.0-v7pxjmr/lib/python3.11/site-packages:/autofs/ncrc-svm1_proj/epic/spack-stack/c6/spack-stack-1.9.2/envs/ue-intel-2023.2.0/install/intel/2023.2.0/py-setuptools-69.2.0-q5x6352/lib/python3.11/site-packages:/autofs/ncrc-svm1_proj/epic/spack-stack/c6/spack-stack-1.9.2/envs/ue-intel-2023.2.0/install/intel/2023.2.0/py-packaging-24.1-acctrjw/lib/python3.11/site-packages:/autofs/ncrc-svm1_proj/epic/spack-stack/c6/spack-stack-1.9.2/envs/ue-intel-2023.2.0/install/intel/2023.2.0/py-python-dateutil-2.8.2-adj27qi/lib/python3.11/site-packages:/autofs/ncrc-svm1_proj/epic/spack-stack/c6/spack-stack-1.9.2/envs/ue-intel-2023.2.0/install/intel/2023.2.0/py-six-1.16.0-t2uhjfg/lib/python3.11/site-packages:/autofs/ncrc-svm1_proj/epic/spack-stack/c6/spack-stack-1.9.2/envs/ue-intel-2023.2.0/install/intel/2023.2.0/py-pandas-2.2.3-4bngjxo/lib/python3.11/site-packages:/autofs/ncrc-svm1_proj/epic/spack-stack/c6/spack-stack-1.9.2/envs/ue-intel-2023.2.0/install/intel/2023.2.0/py-tzdata-2023.3-t2nvl22/lib/python3.11/site-packages:/autofs/ncrc-svm1_proj/epic/spack-stack/c6/spack-stack-1.9.2/envs/ue-intel-2023.2.0/install/intel/2023.2.0/py-pytz-2023.3-wutyxsa/lib/python3.11/site-packages:/autofs/ncrc-svm1_proj/epic/spack-stack/c6/spack-stack-1.9.2/envs/ue-intel-2023.2.0/install/intel/2023.2.0/py-jinja2-3.1.4-pvwvqnp/lib/python3.11/site-packages:/autofs/ncrc-svm1_proj/epic/spack-stack/c6/spack-stack-1.9.2/envs/ue-intel-2023.2.0/install/intel/2023.2.0/py-markupsafe-2.1.3-3mredvv/lib/python3.11/site-packages:/autofs/ncrc-svm1_proj/epic/spack-stack/c6/spack-stack-1.9.2/envs/ue-intel-2023.2.0/install/intel/2023.2.0/py-pyyaml-6.0.2-4bqqjxa/lib/python3.11/site-packages:/autofs/ncrc-svm1_proj/epic/spack-stack/c6/spack-stack-1.9.2/envs/ue-intel-2023.2.0/install/intel/2023.2.0/py-netcdf4-1.7.1.post2-c25ja2t/lib/python3.11/site-packages:/autofs/ncrc-svm1_proj/epic/spack-stack/c6/spack-stack-1.9.2/envs/ue-intel-2023.2.0/install/intel/2023.2.0/py-cftime-1.0.3.4-t5euxp3/lib/python3.11/site-packages:/autofs/ncrc-svm1_proj/epic/spack-stack/c6/spack-stack-1.9.2/envs/ue-intel-2023.2.0/install/intel/2023.2.0/py-certifi-2023.7.22-5i3gpxz/lib/python3.11/site-packages:/autofs/ncrc-svm1_proj/epic/spack-stack/c6/spack-stack-1.9.2/envs/ue-intel-2023.2.0/install/intel/2023.2.0/py-f90nml-1.4.3-egb7j6f/lib/python3.11/site-packages:/autofs/ncrc-svm1_proj/epic/spack-stack/c6/spack-stack-1.9.2/envs/ue-intel-2023.2.0/install/intel/2023.2.0/bufr-12.1.0-3p4a2dt/lib64/python3.11/site-packages:/autofs/ncrc-svm1_proj/epic/spack-stack/c6/spack-stack-1.9.2/envs/ue-intel-2023.2.0/install/intel/2023.2.0/esmf-8.8.0-yzvp7jx/lib/python3.11/site-packages:/autofs/ncrc-svm1_proj/epic/spack-stack/c6/spack-stack-1.9.2/envs/ue-intel-2023.2.0/install/intel/2023.2.0/py-pip-23.1.2-nlzr4dk/lib/python3.11/site-packages:/autofs/ncrc-svm1_proj/epic/spack-stack/c6/spack-stack-1.9.2/envs/ue-intel-2023.2.0/install/intel/2023.2.0/py-numpy-1.26.4-oqfay67/lib/python3.11/site-packages:/autofs/ncrc-svm1_proj/epic/spack-stack/c6/spack-stack-1.9.2/envs/ue-intel-2023.2.0/install/intel/2023.2.0/py-mpi4py-4.0.1-xqxmfsx/lib/python3.11/site-packages:/autofs/ncrc-svm1_proj/epic/spack-stack/c6/spack-stack-1.9.2/envs/ue-intel-2023.2.0/install/intel/2023.2.0/python-venv-1.0-7sbmn7s/lib/python3.11/site-packages:/gpfs/f6/drsa-precip3/world-shared/global/CI/GITLAB/pr_cases_4763_93d59168_97043/global-workflow/sorc/wxflow/src:/ncrc/home1/role.glopara/.local/lib/python3.11/site-packages
++ PYTHONPATH=/gpfs/f6/drsa-precip3/world-shared/global/CI/GITLAB/pr_cases_4763_93d59168_97043/global-workflow/sorc/wxflow/src:/autofs/ncrc-svm1_proj/epic/spack-stack/c6/spack-stack-1.9.2/envs/ue-intel-2023.2.0/install/intel/2023.2.0/py-xarray-2024.7.0-v7pxjmr/lib/python3.11/site-packages:/autofs/ncrc-svm1_proj/epic/spack-stack/c6/spack-stack-1.9.2/envs/ue-intel-2023.2.0/install/intel/2023.2.0/py-setuptools-69.2.0-q5x6352/lib/python3.11/site-packages:/autofs/ncrc-svm1_proj/epic/spack-stack/c6/spack-stack-1.9.2/envs/ue-intel-2023.2.0/install/intel/2023.2.0/py-packaging-24.1-acctrjw/lib/python3.11/site-packages:/autofs/ncrc-svm1_proj/epic/spack-stack/c6/spack-stack-1.9.2/envs/ue-intel-2023.2.0/install/intel/2023.2.0/py-python-dateutil-2.8.2-adj27qi/lib/python3.11/site-packages:/autofs/ncrc-svm1_proj/epic/spack-stack/c6/spack-stack-1.9.2/envs/ue-intel-2023.2.0/install/intel/2023.2.0/py-six-1.16.0-t2uhjfg/lib/python3.11/site-packages:/autofs/ncrc-svm1_proj/epic/spack-stack/c6/spack-stack-1.9.2/envs/ue-intel-2023.2.0/install/intel/2023.2.0/py-pandas-2.2.3-4bngjxo/lib/python3.11/site-packages:/autofs/ncrc-svm1_proj/epic/spack-stack/c6/spack-stack-1.9.2/envs/ue-intel-2023.2.0/install/intel/2023.2.0/py-tzdata-2023.3-t2nvl22/lib/python3.11/site-packages:/autofs/ncrc-svm1_proj/epic/spack-stack/c6/spack-stack-1.9.2/envs/ue-intel-2023.2.0/install/intel/2023.2.0/py-pytz-2023.3-wutyxsa/lib/python3.11/site-packages:/autofs/ncrc-svm1_proj/epic/spack-stack/c6/spack-stack-1.9.2/envs/ue-intel-2023.2.0/install/intel/2023.2.0/py-jinja2-3.1.4-pvwvqnp/lib/python3.11/site-packages:/autofs/ncrc-svm1_proj/epic/spack-stack/c6/spack-stack-1.9.2/envs/ue-intel-2023.2.0/install/intel/2023.2.0/py-markupsafe-2.1.3-3mredvv/lib/python3.11/site-packages:/autofs/ncrc-svm1_proj/epic/spack-stack/c6/spack-stack-1.9.2/envs/ue-intel-2023.2.0/install/intel/2023.2.0/py-pyyaml-6.0.2-4bqqjxa/lib/python3.11/site-packages:/autofs/ncrc-svm1_proj/epic/spack-stack/c6/spack-stack-1.9.2/envs/ue-intel-2023.2.0/install/intel/2023.2.0/py-netcdf4-1.7.1.post2-c25ja2t/lib/python3.11/site-packages:/autofs/ncrc-svm1_proj/epic/spack-stack/c6/spack-stack-1.9.2/envs/ue-intel-2023.2.0/install/intel/2023.2.0/py-cftime-1.0.3.4-t5euxp3/lib/python3.11/site-packages:/autofs/ncrc-svm1_proj/epic/spack-stack/c6/spack-stack-1.9.2/envs/ue-intel-2023.2.0/install/intel/2023.2.0/py-certifi-2023.7.22-5i3gpxz/lib/python3.11/site-packages:/autofs/ncrc-svm1_proj/epic/spack-stack/c6/spack-stack-1.9.2/envs/ue-intel-2023.2.0/install/intel/2023.2.0/py-f90nml-1.4.3-egb7j6f/lib/python3.11/site-packages:/autofs/ncrc-svm1_proj/epic/spack-stack/c6/spack-stack-1.9.2/envs/ue-intel-2023.2.0/install/intel/2023.2.0/bufr-12.1.0-3p4a2dt/lib64/python3.11/site-packages:/autofs/ncrc-svm1_proj/epic/spack-stack/c6/spack-stack-1.9.2/envs/ue-intel-2023.2.0/install/intel/2023.2.0/esmf-8.8.0-yzvp7jx/lib/python3.11/site-packages:/autofs/ncrc-svm1_proj/epic/spack-stack/c6/spack-stack-1.9.2/envs/ue-intel-2023.2.0/install/intel/2023.2.0/py-pip-23.1.2-nlzr4dk/lib/python3.11/site-packages:/autofs/ncrc-svm1_proj/epic/spack-stack/c6/spack-stack-1.9.2/envs/ue-intel-2023.2.0/install/intel/2023.2.0/py-numpy-1.26.4-oqfay67/lib/python3.11/site-packages:/autofs/ncrc-svm1_proj/epic/spack-stack/c6/spack-stack-1.9.2/envs/ue-intel-2023.2.0/install/intel/2023.2.0/py-mpi4py-4.0.1-xqxmfsx/lib/python3.11/site-packages:/autofs/ncrc-svm1_proj/epic/spack-stack/c6/spack-stack-1.9.2/envs/ue-intel-2023.2.0/install/intel/2023.2.0/python-venv-1.0-7sbmn7s/lib/python3.11/site-packages:/gpfs/f6/drsa-precip3/world-shared/global/CI/GITLAB/pr_cases_4763_93d59168_97043/global-workflow/sorc/wxflow/src:/ncrc/home1/role.glopara/.local/lib/python3.11/site-packages:/gpfs/f6/drsa-precip3/world-shared/global/CI/GITLAB/pr_cases_4763_93d59168_97043/global-workflow/ush/python
++ export PYTHONPATH
++ ulimit -S -s 1048576
++ unset ulimit_s
++ [[ NO == \Y\E\S ]]
+ status=0
+ [[ 0 -ne 0 ]]
+ export job=epos
+ job=epos
+ export jobid=epos.862529
+ jobid=epos.862529
++ echo f006
++ sed -e 's/_/ /g; s/f/ /g; s/,/ /g'
+ fhrlst=' 006'
+ for fhr in ${fhrlst}
+ export FHMIN_EPOS=006
+ FHMIN_EPOS=006
+ export FHMAX_EPOS=006
+ FHMAX_EPOS=006
+ export FHOUT_EPOS=006
+ FHOUT_EPOS=006
+ /gpfs/f6/drsa-precip3/world-shared/global/CI/GITLAB/pr_cases_4763_93d59168_97043/global-workflow/dev/jobs/JENKFGDAS_ENS_POST
/gpfs/f6/drsa-precip3/world-shared/global/CI/GITLAB/pr_cases_4763_93d59168_97043/global-workflow/dev/job_cards/rocoto/epos.sh: line 26: /gpfs/f6/drsa-precip3/world-shared/global/CI/GITLAB/pr_cases_4763_93d59168_97043/global-workflow/dev/jobs/JENKFGDAS_ENS_POST: No such file or directory
+ status=127
+ [[ 127 -ne 0 ]]
+ exit 127
