+ source /gpfs/f6/drsa-precip3/world-shared/global/CI/GITLAB/pr_cases_4564_24f56a5c_9221/global-workflow/dev/ush/load_modules.sh run
++ [[ hxB == *x* ]]
++ set_x=YES
++ [[ NO == \N\O ]]
++ echo 'Loading modules quietly...'
Loading modules quietly...
++ set +x
Running "module reset". Resetting modules to system default. The following $MODULEPATH directories have been removed: None
Lmod has detected the following error: These module(s) or extension(s) exist
but cannot be loaded as requested: "xpmem"
   Try: "module spider xpmem" to see how to load the module(s).




Lmod is automatically replacing "intel/2025.2" with "intel-classic/2023.2.0".

Lmod has detected the following error: Cannot load module
"stack-intel/2023.2.0" without these module(s) loaded:
   libfabric/1.20.1

While processing the following module(s):
    Module fullname       Module Filename
    ---------------       ---------------
    stack-intel/2023.2.0  /ncrc/proj/epic/spack-stack/c6/spack-stack-1.9.2/envs/ue-intel-2023.2.0/install/modulefiles/Core/stack-intel/2023.2.0.lua
    gw_run.common         /gpfs/f6/drsa-precip3/world-shared/global/CI/GITLAB/pr_cases_4564_24f56a5c_9221/global-workflow/modulefiles/gw_run.common.lua
    gw_run.gaeac6         /gpfs/f6/drsa-precip3/world-shared/global/CI/GITLAB/pr_cases_4564_24f56a5c_9221/global-workflow/modulefiles/gw_run.gaeac6.lua

FATAL ERROR: Failed to load gw_run.gaeac6
