+ . /gpfs/f6/drsa-precip3/world-shared/global/CI/3642/global-workflow/ush/load_fv3gfs_modules.sh
++ [[ hxB == *x* ]]
++ set_x=YES
++ [[ NO == \N\O ]]
++ echo 'Loading modules quietly...'
Loading modules quietly...
++ set +x
Running "module reset". Resetting modules to system default. The following $MODULEPATH directories have been removed: /gpfs/f6/drsa-precip3/world-shared/global/CI/3642/global-workflow/modulefiles

Lmod is automatically replacing "intel/2023.2.0" with "intel-classic/2023.2.0".


The following have been reloaded with a version change:
  1) cray-mpich/8.1.28 => cray-mpich/8.1.29


Currently Loaded Modules:
  1) craype-x86-genoa
  2) perftools-base/23.12.0
  3) xpmem/2.9.6-1.1_20240510205610__g087dc11fc19d
  4) cray-pmi/6.1.13
  5) CmrsEnv/default
  6) TimeZoneEDT/default
  7) DefApps/default
  8) cray-dsmml/0.2.2
  9) cray-libsci/24.07.0
 10) PrgEnv-intel/8.5.0
 11) intel-classic/2023.2.0
 12) craype/2.7.30
 13) stack-intel/2023.2.0
 14) libfabric/1.20.1
 15) craype-network-ofi
 16) cray-mpich/8.1.29
 17) stack-cray-mpich/8.1.29
 18) gettext/0.20.2
 19) libxcrypt/4.4.35
 20) zlib/1.2.13
 21) sqlite/3.43.2
 22) util-linux-uuid/2.38.1
 23) python/3.11.6
 24) libjpeg/2.1.0
 25) jasper/2.0.32
 26) libpng/1.6.37
 27) openjpeg/2.3.1
 28) eccodes/2.32.0
 29) fftw/3.3.10
 30) nghttp2/1.57.0
 31) curl/8.4.0
 32) proj/9.2.1
 33) udunits/2.2.28
 34) cdo/2.2.0
 35) pkg-config/0.29.2
 36) hdf5/1.14.0
 37) snappy/1.1.10
 38) zstd/1.5.2
 39) c-blosc/1.21.5
 40) netcdf-c/4.9.2
 41) netcdf-fortran/4.6.1
 42) parallel-netcdf/1.12.2
 43) parallelio/2.5.10
 44) esmf/8.6.0
 45) perlbrew/5.38.2
 46) antlr/2.7.7
 47) gsl/2.7.1
 48) nco/5.0.6
 49) bacio/2.4.1
 50) w3emc/2.10.0
 51) prod_util/2.1.1
 52) g2/3.4.5
 53) sp/2.5.0
 54) ip/4.3.0
 55) grib-util/1.3.0
 56) g2tmpl/1.13.0
 57) gsi-ncdiag/1.1.2
 58) crtm-fix/2.4.0.1_emc
 59) git-lfs/2.11.0
 60) crtm/2.4.0.1
 61) openblas/0.3.24
 62) py-setuptools/63.4.3
 63) py-numpy/1.23.4
 64) bufr/11.7.0
 65) gmake/4.2.1
 66) wgrib2/2.0.8
 67) py-cftime/1.0.3.4
 68) py-netcdf4/1.5.8
 69) py-f90nml/1.4.3
 70) libyaml/0.2.5
 71) py-pyyaml/6.0
 72) py-markupsafe/2.1.3
 73) py-jinja2/3.1.2
 74) py-bottleneck/1.3.7
 75) py-numexpr/2.8.4
 76) py-et-xmlfile/1.0.1
 77) py-openpyxl/3.1.2
 78) py-pytz/2023.3
 79) py-pyxlsb/1.0.10
 80) py-xlrd/2.0.1
 81) py-xlsxwriter/3.1.7
 82) py-xlwt/1.3.0
 83) py-pandas/1.5.3
 84) py-six/1.16.0
 85) py-python-dateutil/2.8.2
 86) g2c/1.8.0
 87) netcdf-cxx4/4.3.1
 88) met/9.1.3
 89) metplus/3.1.1
 90) py-packaging/23.1
 91) py-xarray/2023.7.0
 92) prepobs/1.1.0
 93) fit2obs/1.1.7
 94) hsi/9.3
 95) module_base.gaeac6

 

++ wxflowPATH=/gpfs/f6/drsa-precip3/world-shared/global/CI/3642/global-workflow/ush/python
++ PYTHONPATH=/autofs/ncrc-svm1_proj/epic/spack-stack/c6/spack-stack-1.6.0/envs/gsi-addon-dev-fms-2024.01/install/intel/2023.2.0/py-xarray-2023.7.0-ozoxbgs/lib/python3.11/site-packages:/autofs/ncrc-svm1_proj/epic/spack-stack/c6/spack-stack-1.6.0/envs/gsi-addon-dev-fms-2024.01/install/intel/2023.2.0/py-packaging-23.1-sep32z3/lib/python3.11/site-packages:/autofs/ncrc-svm1_proj/epic/spack-stack/c6/spack-stack-1.6.0/envs/gsi-addon-dev-fms-2024.01/install/intel/2023.2.0/py-python-dateutil-2.8.2-bxlqjfj/lib/python3.11/site-packages:/autofs/ncrc-svm1_proj/epic/spack-stack/c6/spack-stack-1.6.0/envs/gsi-addon-dev-fms-2024.01/install/intel/2023.2.0/py-six-1.16.0-j3lczkg/lib/python3.11/site-packages:/autofs/ncrc-svm1_proj/epic/spack-stack/c6/spack-stack-1.6.0/envs/gsi-addon-dev-fms-2024.01/install/intel/2023.2.0/py-pandas-1.5.3-wyb2e7x/lib/python3.11/site-packages:/autofs/ncrc-svm1_proj/epic/spack-stack/c6/spack-stack-1.6.0/envs/gsi-addon-dev-fms-2024.01/install/intel/2023.2.0/py-xlwt-1.3.0-tzgvwhp/lib/python3.11/site-packages:/autofs/ncrc-svm1_proj/epic/spack-stack/c6/spack-stack-1.6.0/envs/gsi-addon-dev-fms-2024.01/install/intel/2023.2.0/py-xlsxwriter-3.1.7-vsx375z/lib/python3.11/site-packages:/autofs/ncrc-svm1_proj/epic/spack-stack/c6/spack-stack-1.6.0/envs/gsi-addon-dev-fms-2024.01/install/intel/2023.2.0/py-xlrd-2.0.1-7f7n55b/lib/python3.11/site-packages:/autofs/ncrc-svm1_proj/epic/spack-stack/c6/spack-stack-1.6.0/envs/gsi-addon-dev-fms-2024.01/install/intel/2023.2.0/py-pyxlsb-1.0.10-yf2yish/lib/python3.11/site-packages:/autofs/ncrc-svm1_proj/epic/spack-stack/c6/spack-stack-1.6.0/envs/gsi-addon-dev-fms-2024.01/install/intel/2023.2.0/py-pytz-2023.3-wbjoep3/lib/python3.11/site-packages:/autofs/ncrc-svm1_proj/epic/spack-stack/c6/spack-stack-1.6.0/envs/gsi-addon-dev-fms-2024.01/install/intel/2023.2.0/py-openpyxl-3.1.2-3g7ehn2/lib/python3.11/site-packages:/autofs/ncrc-svm1_proj/epic/spack-stack/c6/spack-stack-1.6.0/envs/gsi-addon-dev-fms-2024.01/install/intel/2023.2.0/py-et-xmlfile-1.0.1-iprhnfe/lib/python3.11/site-packages:/autofs/ncrc-svm1_proj/epic/spack-stack/c6/spack-stack-1.6.0/envs/gsi-addon-dev-fms-2024.01/install/intel/2023.2.0/py-numexpr-2.8.4-svc4zzb/lib/python3.11/site-packages:/autofs/ncrc-svm1_proj/epic/spack-stack/c6/spack-stack-1.6.0/envs/gsi-addon-dev-fms-2024.01/install/intel/2023.2.0/py-bottleneck-1.3.7-w3cslfi/lib/python3.11/site-packages:/autofs/ncrc-svm1_proj/epic/spack-stack/c6/spack-stack-1.6.0/envs/gsi-addon-dev-fms-2024.01/install/intel/2023.2.0/py-jinja2-3.1.2-dziq6px/lib/python3.11/site-packages:/autofs/ncrc-svm1_proj/epic/spack-stack/c6/spack-stack-1.6.0/envs/gsi-addon-dev-fms-2024.01/install/intel/2023.2.0/py-markupsafe-2.1.3-izecrid/lib/python3.11/site-packages:/autofs/ncrc-svm1_proj/epic/spack-stack/c6/spack-stack-1.6.0/envs/gsi-addon-dev-fms-2024.01/install/intel/2023.2.0/py-pyyaml-6.0-g3ruzyd/lib/python3.11/site-packages:/autofs/ncrc-svm1_proj/epic/spack-stack/c6/spack-stack-1.6.0/envs/gsi-addon-dev-fms-2024.01/install/intel/2023.2.0/py-f90nml-1.4.3-sqdas3d/lib/python3.11/site-packages:/autofs/ncrc-svm1_proj/epic/spack-stack/c6/spack-stack-1.6.0/envs/gsi-addon-dev-fms-2024.01/install/intel/2023.2.0/py-netcdf4-1.5.8-444i5pm/lib/python3.11/site-packages:/autofs/ncrc-svm1_proj/epic/spack-stack/c6/spack-stack-1.6.0/envs/gsi-addon-dev-fms-2024.01/install/intel/2023.2.0/py-cftime-1.0.3.4-dgtglhq/lib/python3.11/site-packages:/autofs/ncrc-svm1_proj/epic/spack-stack/c6/spack-stack-1.6.0/envs/gsi-addon-dev-fms-2024.01/install/intel/2023.2.0/bufr-11.7.0-2pzpov2/lib64/python3.11/site-packages:/autofs/ncrc-svm1_proj/epic/spack-stack/c6/spack-stack-1.6.0/envs/gsi-addon-dev-fms-2024.01/install/intel/2023.2.0/bufr-11.7.0-2pzpov2/lib/python3.11/site-packages:/autofs/ncrc-svm1_proj/epic/spack-stack/c6/spack-stack-1.6.0/envs/gsi-addon-dev-fms-2024.01/install/intel/2023.2.0/py-numpy-1.23.4-ir4kiqb/lib/python3.11/site-packages:/autofs/ncrc-svm1_proj/epic/spack-stack/c6/spack-stack-1.6.0/envs/gsi-addon-dev-fms-2024.01/install/intel/2023.2.0/py-setuptools-63.4.3-qi6dp6j/lib/python3.11/site-packages:/gpfs/f6/drsa-precip3/world-shared/global/CI/3642/global-workflow/ush:/gpfs/f6/drsa-precip3/world-shared/global/CI/3642/global-workflow/ush/python
++ export PYTHONPATH
++ ulimit -S -s 1048576
++ unset ulimit_s
+ status=0
+ ((  status != 0  ))
+ export job=atmos_products
+ job=atmos_products
+ IFS=', '
+ read -r -a fhr_list
+ export FORECAST_HOUR jobid
+ for FORECAST_HOUR in "${fhr_list[@]}"
++ printf %03d 12
+ fhr3=012
+ jobid=atmos_products_f012.316990
+ /gpfs/f6/drsa-precip3/world-shared/global/CI/3642/global-workflow/jobs/JGLOBAL_ATMOS_PRODUCTS
Begin /gpfs/f6/drsa-precip3/world-shared/global/CI/3642/global-workflow/jobs/JGLOBAL_ATMOS_PRODUCTS at Thu 22 May 2025 07:26:36 PM UTC
++ jjob_header.sh[46]OPTIND=1
++ jjob_header.sh[47]getopts c:e: option
++ jjob_header.sh[48]case "${option}" in
++ jjob_header.sh[50]env_job=atmos_products
++ jjob_header.sh[47]getopts c:e: option
++ jjob_header.sh[48]case "${option}" in
++ jjob_header.sh[49]read -ra configs
++ jjob_header.sh[47]getopts c:e: option
++ jjob_header.sh[61]shift 4
++ jjob_header.sh[63][[ -z atmos_products ]]
++ jjob_header.sh[71]export DATA=/gpfs/f6/drsa-precip3/scratch/role.glopara/RUNDIRS/C48_S2SWA_gefs_308f9070/gefs.2021032312/atmos_products_f012.316990
++ jjob_header.sh[71]DATA=/gpfs/f6/drsa-precip3/scratch/role.glopara/RUNDIRS/C48_S2SWA_gefs_308f9070/gefs.2021032312/atmos_products_f012.316990
++ jjob_header.sh[72][[ YES == \Y\E\S ]]
++ jjob_header.sh[73]rm -rf /gpfs/f6/drsa-precip3/scratch/role.glopara/RUNDIRS/C48_S2SWA_gefs_308f9070/gefs.2021032312/atmos_products_f012.316990
++ jjob_header.sh[75]mkdir -p /gpfs/f6/drsa-precip3/scratch/role.glopara/RUNDIRS/C48_S2SWA_gefs_308f9070/gefs.2021032312/atmos_products_f012.316990
++ jjob_header.sh[76]cd /gpfs/f6/drsa-precip3/scratch/role.glopara/RUNDIRS/C48_S2SWA_gefs_308f9070/gefs.2021032312/atmos_products_f012.316990
++ jjob_header.sh[85]export pid=317039
++ jjob_header.sh[85]pid=317039
++ jjob_header.sh[86]export pgmout=OUTPUT.317039
++ jjob_header.sh[86]pgmout=OUTPUT.317039
++ jjob_header.sh[87]export pgmerr=errfile
++ jjob_header.sh[87]pgmerr=errfile
++ jjob_header.sh[90]export pgm=
++ jjob_header.sh[90]pgm=
++ jjob_header.sh[96]export cycle=t12z
++ jjob_header.sh[96]cycle=t12z
++ jjob_header.sh[97]setpdy.sh
+ setpdy.sh[20]'[' /gpfs/f6/drsa-precip3/scratch/role.glopara/RUNDIRS/C48_S2SWA_gefs_308f9070/gefs.2021032312/atmos_products_f012.316990 == /ncrc/home1/role.glopara ']'
+ setpdy.sh[25][[ ! t12z =~ t??z ]]
+ setpdy.sh[30]case $# in
+ setpdy.sh[31]dates_before_PDY=7
+ setpdy.sh[32]dates_after_PDY=7
+ setpdy.sh[50]COMDATEROOT=/gpfs/f6/drsa-precip3/world-shared/global/CI/3642/RUNTESTS/COMROOT
+ setpdy.sh[53]'[' -z 20210323 ']'
+ setpdy.sh[57]sed 's/[0-9]\{8\}/20210323/' /gpfs/f6/drsa-precip3/world-shared/global/CI/3642/RUNTESTS/COMROOT/date/t12z
sed: can't read /gpfs/f6/drsa-precip3/world-shared/global/CI/3642/RUNTESTS/COMROOT/date/t12z: No such file or directory
++ jjob_header.sh[97]true
++ jjob_header.sh[98]source ./PDY
/gpfs/f6/drsa-precip3/world-shared/global/CI/3642/global-workflow/ush/jjob_header.sh: line 98: ./PDY: No such file or directory
++ jjob_header.sh[98]true
++ jjob_header.sh[104]export EXPDIR=/gpfs/f6/drsa-precip3/world-shared/global/CI/3642/RUNTESTS/EXPDIR/C48_S2SWA_gefs_308f9070
++ jjob_header.sh[104]EXPDIR=/gpfs/f6/drsa-precip3/world-shared/global/CI/3642/RUNTESTS/EXPDIR/C48_S2SWA_gefs_308f9070
++ jjob_header.sh[105]for config in "${configs[@]:-''}"
++ jjob_header.sh[106]source /gpfs/f6/drsa-precip3/world-shared/global/CI/3642/RUNTESTS/EXPDIR/C48_S2SWA_gefs_308f9070/config.base
+++ config.base[6]echo 'BEGIN: config.base'
BEGIN: config.base
+++ config.base[9]export machine=GAEAC6
+++ config.base[9]machine=GAEAC6
+++ config.base[12]export RUN_ENVIR=emc
+++ config.base[12]RUN_ENVIR=emc
+++ config.base[15]export ACCOUNT=drsa-precip3
+++ config.base[15]ACCOUNT=drsa-precip3
+++ config.base[16]export QUEUE=normal
+++ config.base[16]QUEUE=normal
+++ config.base[17]export QUEUE_SERVICE=normal
+++ config.base[17]QUEUE_SERVICE=normal
+++ config.base[18]export QUEUE_DTN=hpss
+++ config.base[18]QUEUE_DTN=hpss
+++ config.base[19]export PARTITION_BATCH=batch
+++ config.base[19]PARTITION_BATCH=batch
+++ config.base[20]export PARTITION_SERVICE=batch
+++ config.base[20]PARTITION_SERVICE=batch
+++ config.base[21]export PARTITION_DTN=dtn_f5_f6
+++ config.base[21]PARTITION_DTN=dtn_f5_f6
+++ config.base[22]export RESERVATION=
+++ config.base[22]RESERVATION=
+++ config.base[23]export CLUSTERS=c6
+++ config.base[23]CLUSTERS=c6
+++ config.base[24]export CLUSTERS_SERVICE=c6
+++ config.base[24]CLUSTERS_SERVICE=c6
+++ config.base[25]export CLUSTERS_DTN=es
+++ config.base[25]CLUSTERS_DTN=es
+++ config.base[28]export HPSS_PROJECT=emc-global
+++ config.base[28]HPSS_PROJECT=emc-global
+++ config.base[31]export HOMEgfs=/gpfs/f6/drsa-precip3/world-shared/global/CI/3642/global-workflow
+++ config.base[31]HOMEgfs=/gpfs/f6/drsa-precip3/world-shared/global/CI/3642/global-workflow
+++ config.base[32]export EXECgfs=/gpfs/f6/drsa-precip3/world-shared/global/CI/3642/global-workflow/exec
+++ config.base[32]EXECgfs=/gpfs/f6/drsa-precip3/world-shared/global/CI/3642/global-workflow/exec
+++ config.base[33]export FIXgfs=/gpfs/f6/drsa-precip3/world-shared/global/CI/3642/global-workflow/fix
+++ config.base[33]FIXgfs=/gpfs/f6/drsa-precip3/world-shared/global/CI/3642/global-workflow/fix
+++ config.base[34]export PARMgfs=/gpfs/f6/drsa-precip3/world-shared/global/CI/3642/global-workflow/parm
+++ config.base[34]PARMgfs=/gpfs/f6/drsa-precip3/world-shared/global/CI/3642/global-workflow/parm
+++ config.base[35]export SCRgfs=/gpfs/f6/drsa-precip3/world-shared/global/CI/3642/global-workflow/scripts
+++ config.base[35]SCRgfs=/gpfs/f6/drsa-precip3/world-shared/global/CI/3642/global-workflow/scripts
+++ config.base[36]export USHgfs=/gpfs/f6/drsa-precip3/world-shared/global/CI/3642/global-workflow/ush
+++ config.base[36]USHgfs=/gpfs/f6/drsa-precip3/world-shared/global/CI/3642/global-workflow/ush
+++ config.base[37]export FIXorog=/gpfs/f6/drsa-precip3/world-shared/global/CI/3642/global-workflow/fix/orog
+++ config.base[37]FIXorog=/gpfs/f6/drsa-precip3/world-shared/global/CI/3642/global-workflow/fix/orog
+++ config.base[38]export FIXugwd=/gpfs/f6/drsa-precip3/world-shared/global/CI/3642/global-workflow/fix/ugwd
+++ config.base[38]FIXugwd=/gpfs/f6/drsa-precip3/world-shared/global/CI/3642/global-workflow/fix/ugwd
+++ config.base[43]export PACKAGEROOT=/gpfs/f6/drsa-precip3/world-shared/role.glopara/nwpara
+++ config.base[43]PACKAGEROOT=/gpfs/f6/drsa-precip3/world-shared/role.glopara/nwpara
+++ config.base[44]export COMROOT=/gpfs/f6/drsa-precip3/world-shared/global/CI/3642/RUNTESTS/COMROOT
+++ config.base[44]COMROOT=/gpfs/f6/drsa-precip3/world-shared/global/CI/3642/RUNTESTS/COMROOT
+++ config.base[45]export COMINsyn=/gpfs/f6/drsa-precip3/world-shared/role.glopara/com/syndat
+++ config.base[45]COMINsyn=/gpfs/f6/drsa-precip3/world-shared/role.glopara/com/syndat
+++ config.base[48]export HOMEDIR=/gpfs/f6/drsa-precip3/scratch/role.glopara
+++ config.base[48]HOMEDIR=/gpfs/f6/drsa-precip3/scratch/role.glopara
+++ config.base[49]export STMP=/gpfs/f6/drsa-precip3/scratch/role.glopara
+++ config.base[49]STMP=/gpfs/f6/drsa-precip3/scratch/role.glopara
+++ config.base[50]export PTMP=/gpfs/f6/drsa-precip3/scratch/role.glopara
+++ config.base[50]PTMP=/gpfs/f6/drsa-precip3/scratch/role.glopara
+++ config.base[51]export NOSCRUB=/gpfs/f6/drsa-precip3/scratch/role.glopara
+++ config.base[51]NOSCRUB=/gpfs/f6/drsa-precip3/scratch/role.glopara
+++ config.base[54]export BASE_GIT=/gpfs/f6/drsa-precip3/world-shared/role.glopara/git
+++ config.base[54]BASE_GIT=/gpfs/f6/drsa-precip3/world-shared/role.glopara/git
+++ config.base[57]export BASE_DATA=/gpfs/f6/drsa-precip3/world-shared/role.glopara/data
+++ config.base[57]BASE_DATA=/gpfs/f6/drsa-precip3/world-shared/role.glopara/data
+++ config.base[60]export DO_BUFRSND=NO
+++ config.base[60]DO_BUFRSND=NO
+++ config.base[61]export DO_GEMPAK=NO
+++ config.base[61]DO_GEMPAK=NO
+++ config.base[62]export DO_AWIPS=NO
+++ config.base[62]DO_AWIPS=NO
+++ config.base[65]export MODE=forecast-only
+++ config.base[65]MODE=forecast-only
+++ config.base[66]export DO_TEST_MODE=NO
+++ config.base[66]DO_TEST_MODE=NO
+++ config.base[75]export HOMEpost=/gpfs/f6/drsa-precip3/world-shared/global/CI/3642/global-workflow
+++ config.base[75]HOMEpost=/gpfs/f6/drsa-precip3/world-shared/global/CI/3642/global-workflow
+++ config.base[78]export NMV=/bin/mv
+++ config.base[78]NMV=/bin/mv
+++ config.base[79]export 'NLN=/bin/ln -sf'
+++ config.base[79]NLN='/bin/ln -sf'
+++ config.base[80]export VERBOSE=YES
+++ config.base[80]VERBOSE=YES
+++ config.base[81]export KEEPDATA=NO
+++ config.base[81]KEEPDATA=NO
+++ config.base[82]export DEBUG_POSTSCRIPT=NO
+++ config.base[82]DEBUG_POSTSCRIPT=NO
+++ config.base[83]export CHGRP_RSTPROD=NO
+++ config.base[83]CHGRP_RSTPROD=NO
+++ config.base[84]export 'CHGRP_CMD=chgrp rstprod'
+++ config.base[84]CHGRP_CMD='chgrp rstprod'
+++ config.base[85]export NCDUMP=/autofs/ncrc-svm1_proj/epic/spack-stack/c6/spack-stack-1.6.0/envs/unified-env/install/intel/2023.2.0/netcdf-c-4.9.2-ltruqgg/bin/ncdump
+++ config.base[85]NCDUMP=/autofs/ncrc-svm1_proj/epic/spack-stack/c6/spack-stack-1.6.0/envs/unified-env/install/intel/2023.2.0/netcdf-c-4.9.2-ltruqgg/bin/ncdump
+++ config.base[86]export NCLEN=/gpfs/f6/drsa-precip3/world-shared/global/CI/3642/global-workflow/ush/getncdimlen
+++ config.base[86]NCLEN=/gpfs/f6/drsa-precip3/world-shared/global/CI/3642/global-workflow/ush/getncdimlen
+++ config.base[89]export BASE_ENV=/gpfs/f6/drsa-precip3/world-shared/global/CI/3642/global-workflow/env
+++ config.base[89]BASE_ENV=/gpfs/f6/drsa-precip3/world-shared/global/CI/3642/global-workflow/env
+++ config.base[92]export SDATE=2021032312
+++ config.base[92]SDATE=2021032312
+++ config.base[93]export EDATE=2021032312
+++ config.base[93]EDATE=2021032312
+++ config.base[94]export EXP_WARM_START=.false.
+++ config.base[94]EXP_WARM_START=.false.
+++ config.base[95]export assim_freq=6
+++ config.base[95]assim_freq=6
+++ config.base[96]export PSLOT=C48_S2SWA_gefs_308f9070
+++ config.base[96]PSLOT=C48_S2SWA_gefs_308f9070
+++ config.base[97]export EXPDIR=/gpfs/f6/drsa-precip3/world-shared/global/CI/3642/RUNTESTS/EXPDIR/C48_S2SWA_gefs_308f9070
+++ config.base[97]EXPDIR=/gpfs/f6/drsa-precip3/world-shared/global/CI/3642/RUNTESTS/EXPDIR/C48_S2SWA_gefs_308f9070
+++ config.base[98]export ROTDIR=/gpfs/f6/drsa-precip3/world-shared/global/CI/3642/RUNTESTS/COMROOT/C48_S2SWA_gefs_308f9070
+++ config.base[98]ROTDIR=/gpfs/f6/drsa-precip3/world-shared/global/CI/3642/RUNTESTS/COMROOT/C48_S2SWA_gefs_308f9070
+++ config.base[100]export ARCDIR=/gpfs/f6/drsa-precip3/scratch/role.glopara/archive/C48_S2SWA_gefs_308f9070
+++ config.base[100]ARCDIR=/gpfs/f6/drsa-precip3/scratch/role.glopara/archive/C48_S2SWA_gefs_308f9070
+++ config.base[101]export ATARDIR=/NCEPDEV/emc-global/1year/role.glopara/GAEAC6/scratch/C48_S2SWA_gefs_308f9070
+++ config.base[101]ATARDIR=/NCEPDEV/emc-global/1year/role.glopara/GAEAC6/scratch/C48_S2SWA_gefs_308f9070
+++ config.base[102]export 'FETCHDIR={{ FETCHDIR }}'
+++ config.base[102]FETCHDIR='{{ FETCHDIR }}'
+++ config.base[105]export envir=prod
+++ config.base[105]envir=prod
+++ config.base[106]export NET=gefs
+++ config.base[106]NET=gefs
+++ config.base[107]export RUN=gefs
+++ config.base[107]RUN=gefs
+++ config.base[110]source /gpfs/f6/drsa-precip3/world-shared/global/CI/3642/RUNTESTS/EXPDIR/C48_S2SWA_gefs_308f9070/config.com
++++ config.com[4]echo 'BEGIN: config.com'
BEGIN: config.com
++++ config.com[38][[ emc == \n\c\o ]]
++++ config.com[43]COM_OBSPROC_TMPL='${DMPDIR}/${RUN}${DUMP_SUFFIX}.${YMD}/${HH}/atmos'
++++ config.com[44]COM_RTOFS_TMPL='${DMPDIR}'
++++ config.com[45]COM_TCVITAL_TMPL='${DMPDIR}/${RUN}.${YMD}/${HH}/atmos'
++++ config.com[47]declare -rx 'COM_OBS_TMPL=${ROTDIR}/${RUN}.${YMD}/${HH}/obs'
++++ config.com[48]declare -rx COM_OBSPROC_TMPL COM_RTOFS_TMPL
++++ config.com[50]COM_BASE='${ROTDIR}/${RUN}.${YMD}/${HH}/${MEMDIR}'
++++ config.com[52]declare -rx 'COM_TOP_TMPL=${ROTDIR}/${RUN}.${YMD}/${HH}'
++++ config.com[54]declare -rx 'COM_CONF_TMPL=${ROTDIR}/${RUN}.${YMD}/${HH}/${MEMDIR}/conf'
++++ config.com[55]declare -rx 'COM_OBS_JEDI=${ROTDIR}/${RUN}.${YMD}/${HH}/${MEMDIR}/obs_jedi'
++++ config.com[57]declare -rx 'COM_ATMOS_INPUT_TMPL=${ROTDIR}/${RUN}.${YMD}/${HH}/${MEMDIR}/model/atmos/input'
++++ config.com[58]declare -rx 'COM_ATMOS_RESTART_TMPL=${ROTDIR}/${RUN}.${YMD}/${HH}/${MEMDIR}/model/atmos/restart'
++++ config.com[59]declare -rx 'COM_ATMOS_ANALYSIS_TMPL=${ROTDIR}/${RUN}.${YMD}/${HH}/${MEMDIR}/analysis/atmos'
++++ config.com[60]declare -rx 'COM_SNOW_ANALYSIS_TMPL=${ROTDIR}/${RUN}.${YMD}/${HH}/${MEMDIR}/analysis/snow'
++++ config.com[61]declare -rx 'COM_SNOW_ANLMON_TMPL=${ROTDIR}/${RUN}.${YMD}/${HH}/${MEMDIR}/products/snow/anlmon'
++++ config.com[62]declare -rx 'COM_ATMOS_HISTORY_TMPL=${ROTDIR}/${RUN}.${YMD}/${HH}/${MEMDIR}/model/atmos/history'
++++ config.com[63]declare -rx 'COM_ATMOS_MASTER_TMPL=${ROTDIR}/${RUN}.${YMD}/${HH}/${MEMDIR}/model/atmos/master'
++++ config.com[64]declare -rx 'COM_ATMOS_GRIB_TMPL=${ROTDIR}/${RUN}.${YMD}/${HH}/${MEMDIR}/products/atmos/grib2'
++++ config.com[65]declare -rx 'COM_ATMOS_GRIB_GRID_TMPL=${ROTDIR}/${RUN}.${YMD}/${HH}/${MEMDIR}/products/atmos/grib2/${GRID}'
++++ config.com[66]declare -rx 'COM_ATMOS_BUFR_TMPL=${ROTDIR}/${RUN}.${YMD}/${HH}/${MEMDIR}/products/atmos/bufr'
++++ config.com[67]declare -rx 'COM_ATMOS_GEMPAK_TMPL=${ROTDIR}/${RUN}.${YMD}/${HH}/${MEMDIR}/products/atmos/gempak/${GRID}'
++++ config.com[68]declare -rx 'COM_ATMOS_GENESIS_TMPL=${ROTDIR}/${RUN}.${YMD}/${HH}/${MEMDIR}/products/atmos/cyclone/genesis_vital'
++++ config.com[69]declare -rx 'COM_ATMOS_TRACK_TMPL=${ROTDIR}/${RUN}.${YMD}/${HH}/${MEMDIR}/products/atmos/cyclone/tracks'
++++ config.com[70]declare -rx 'COM_ATMOS_GOES_TMPL=${ROTDIR}/${RUN}.${YMD}/${HH}/${MEMDIR}/products/atmos/goes_sim'
++++ config.com[71]declare -rx 'COM_ATMOS_IMAGERY_TMPL=${ROTDIR}/${RUN}.${YMD}/${HH}/${MEMDIR}/products/atmos/imagery'
++++ config.com[72]declare -rx 'COM_ATMOS_OZNMON_TMPL=${ROTDIR}/${RUN}.${YMD}/${HH}/${MEMDIR}/products/atmos/oznmon'
++++ config.com[73]declare -rx 'COM_ATMOS_RADMON_TMPL=${ROTDIR}/${RUN}.${YMD}/${HH}/${MEMDIR}/products/atmos/radmon'
++++ config.com[74]declare -rx 'COM_ATMOS_MINMON_TMPL=${ROTDIR}/${RUN}.${YMD}/${HH}/${MEMDIR}/products/atmos/minmon'
++++ config.com[75]declare -rx 'COM_ATMOS_ANLMON_TMPL=${ROTDIR}/${RUN}.${YMD}/${HH}/${MEMDIR}/products/atmos/anlmon'
++++ config.com[76]declare -rx 'COM_ATMOS_WMO_TMPL=${ROTDIR}/${RUN}.${YMD}/${HH}/${MEMDIR}/products/atmos/wmo'
++++ config.com[78]declare -rx 'COM_WAVE_RESTART_TMPL=${ROTDIR}/${RUN}.${YMD}/${HH}/${MEMDIR}/model/wave/restart'
++++ config.com[79]declare -rx 'COM_WAVE_PREP_TMPL=${ROTDIR}/${RUN}.${YMD}/${HH}/${MEMDIR}/model/wave/prep'
++++ config.com[80]declare -rx 'COM_WAVE_HISTORY_TMPL=${ROTDIR}/${RUN}.${YMD}/${HH}/${MEMDIR}/model/wave/history'
++++ config.com[81]declare -rx 'COM_WAVE_GRID_TMPL=${ROTDIR}/${RUN}.${YMD}/${HH}/${MEMDIR}/products/wave/gridded'
++++ config.com[82]declare -rx 'COM_WAVE_GRID_RES_TMPL=${ROTDIR}/${RUN}.${YMD}/${HH}/${MEMDIR}/products/wave/gridded/${GRDRESNAME}'
++++ config.com[83]declare -rx 'COM_WAVE_STATION_TMPL=${ROTDIR}/${RUN}.${YMD}/${HH}/${MEMDIR}/products/wave/station'
++++ config.com[84]declare -rx 'COM_WAVE_GEMPAK_TMPL=${ROTDIR}/${RUN}.${YMD}/${HH}/${MEMDIR}/products/wave/gempak'
++++ config.com[85]declare -rx 'COM_WAVE_WMO_TMPL=${ROTDIR}/${RUN}.${YMD}/${HH}/${MEMDIR}/products/wave/wmo'
++++ config.com[87]declare -rx 'COM_OCEAN_HISTORY_TMPL=${ROTDIR}/${RUN}.${YMD}/${HH}/${MEMDIR}/model/ocean/history'
++++ config.com[88]declare -rx 'COM_OCEAN_RESTART_TMPL=${ROTDIR}/${RUN}.${YMD}/${HH}/${MEMDIR}/model/ocean/restart'
++++ config.com[89]declare -rx 'COM_OCEAN_INPUT_TMPL=${ROTDIR}/${RUN}.${YMD}/${HH}/${MEMDIR}/model/ocean/input'
++++ config.com[90]declare -rx 'COM_OCEAN_ANALYSIS_TMPL=${ROTDIR}/${RUN}.${YMD}/${HH}/${MEMDIR}/analysis/ocean'
++++ config.com[91]declare -rx 'COM_OCEAN_ANLMON_TMPL=${ROTDIR}/${RUN}.${YMD}/${HH}/${MEMDIR}/products/ocean/anlmon'
++++ config.com[92]declare -rx 'COM_OCEAN_LETKF_TMPL=${ROTDIR}/${RUN}.${YMD}/${HH}/${MEMDIR}/analysis/ocean/letkf'
++++ config.com[93]declare -rx 'COM_OCEAN_BMATRIX_TMPL=${ROTDIR}/${RUN}.${YMD}/${HH}/${MEMDIR}/bmatrix/ocean'
++++ config.com[94]declare -rx 'COM_OCEAN_NETCDF_TMPL=${ROTDIR}/${RUN}.${YMD}/${HH}/${MEMDIR}/products/ocean/netcdf'
++++ config.com[95]declare -rx 'COM_OCEAN_GRIB_TMPL=${ROTDIR}/${RUN}.${YMD}/${HH}/${MEMDIR}/products/ocean/grib2'
++++ config.com[96]declare -rx 'COM_OCEAN_GRIB_GRID_TMPL=${ROTDIR}/${RUN}.${YMD}/${HH}/${MEMDIR}/products/ocean/grib2/${GRID}'
++++ config.com[98]declare -rx 'COM_ICE_ANALYSIS_TMPL=${ROTDIR}/${RUN}.${YMD}/${HH}/${MEMDIR}/analysis/ice'
++++ config.com[99]declare -rx 'COM_ICE_LETKF_TMPL=${ROTDIR}/${RUN}.${YMD}/${HH}/${MEMDIR}/analysis/ice/letkf'
++++ config.com[100]declare -rx 'COM_ICE_ANLMON_TMPL=${ROTDIR}/${RUN}.${YMD}/${HH}/${MEMDIR}/products/ice/anlmon'
++++ config.com[101]declare -rx 'COM_ICE_BMATRIX_TMPL=${ROTDIR}/${RUN}.${YMD}/${HH}/${MEMDIR}/bmatrix/ice'
++++ config.com[102]declare -rx 'COM_ICE_INPUT_TMPL=${ROTDIR}/${RUN}.${YMD}/${HH}/${MEMDIR}/model/ice/input'
++++ config.com[103]declare -rx 'COM_ICE_HISTORY_TMPL=${ROTDIR}/${RUN}.${YMD}/${HH}/${MEMDIR}/model/ice/history'
++++ config.com[104]declare -rx 'COM_ICE_RESTART_TMPL=${ROTDIR}/${RUN}.${YMD}/${HH}/${MEMDIR}/model/ice/restart'
++++ config.com[105]declare -rx 'COM_ICE_NETCDF_TMPL=${ROTDIR}/${RUN}.${YMD}/${HH}/${MEMDIR}/products/ice/netcdf'
++++ config.com[106]declare -rx 'COM_ICE_GRIB_TMPL=${ROTDIR}/${RUN}.${YMD}/${HH}/${MEMDIR}/products/ice/grib2'
++++ config.com[107]declare -rx 'COM_ICE_GRIB_GRID_TMPL=${ROTDIR}/${RUN}.${YMD}/${HH}/${MEMDIR}/products/ice/grib2/${GRID}'
++++ config.com[109]declare -rx 'COM_CHEM_HISTORY_TMPL=${ROTDIR}/${RUN}.${YMD}/${HH}/${MEMDIR}/model/chem/history'
++++ config.com[110]declare -rx 'COM_CHEM_ANALYSIS_TMPL=${ROTDIR}/${RUN}.${YMD}/${HH}/${MEMDIR}/analysis/chem'
++++ config.com[111]declare -rx 'COM_CHEM_BMAT_TMPL=${ROTDIR}/${RUN}.${YMD}/${HH}/${MEMDIR}/analysis/chem/bmatrix'
++++ config.com[112]declare -rx 'COM_CHEM_ANLMON_TMPL=${ROTDIR}/${RUN}.${YMD}/${HH}/${MEMDIR}/products/chem/anlmon'
++++ config.com[114]declare -rx 'COM_MED_RESTART_TMPL=${ROTDIR}/${RUN}.${YMD}/${HH}/${MEMDIR}/model/med/restart'
+++ config.base[112]export LOGSCRIPT=
+++ config.base[112]LOGSCRIPT=
+++ config.base[114]export 'REDOUT=1>'
+++ config.base[114]REDOUT='1>'
+++ config.base[115]export 'REDERR=2>'
+++ config.base[115]REDERR='2>'
+++ config.base[117]export SENDECF=NO
+++ config.base[117]SENDECF=NO
+++ config.base[118]export SENDSDM=NO
+++ config.base[118]SENDSDM=NO
+++ config.base[119]export SENDDBN_NTC=NO
+++ config.base[119]SENDDBN_NTC=NO
+++ config.base[120]export SENDDBN=NO
+++ config.base[120]SENDDBN=NO
+++ config.base[121]export DBNROOT=/autofs/ncrc-svm1_proj/epic/spack-stack/c6/spack-stack-1.6.0/envs/unified-env/install/intel/2023.2.0/prod-util-2.1.1-ynnwpz3/fakedbn
+++ config.base[121]DBNROOT=/autofs/ncrc-svm1_proj/epic/spack-stack/c6/spack-stack-1.6.0/envs/unified-env/install/intel/2023.2.0/prod-util-2.1.1-ynnwpz3/fakedbn
+++ config.base[124]export APP=S2SWA
+++ config.base[124]APP=S2SWA
+++ config.base[127]export DO_ATM=YES
+++ config.base[127]DO_ATM=YES
+++ config.base[128]export DO_COUPLED=NO
+++ config.base[128]DO_COUPLED=NO
+++ config.base[129]export DO_WAVE=NO
+++ config.base[129]DO_WAVE=NO
+++ config.base[130]export DO_OCN=NO
+++ config.base[130]DO_OCN=NO
+++ config.base[131]export DO_ICE=NO
+++ config.base[131]DO_ICE=NO
+++ config.base[132]export DO_EXTRACTVARS=NO
+++ config.base[132]DO_EXTRACTVARS=NO
+++ config.base[133]export DO_AERO_FCST=NO
+++ config.base[133]DO_AERO_FCST=NO
+++ config.base[134]export DOBNDPNT_WAVE=NO
+++ config.base[134]DOBNDPNT_WAVE=NO
+++ config.base[135]export DOIBP_WAV=NO
+++ config.base[135]DOIBP_WAV=NO
+++ config.base[136]export FRAC_GRID=.true.
+++ config.base[136]FRAC_GRID=.true.
+++ config.base[137]export DO_NEST=NO
+++ config.base[137]DO_NEST=NO
+++ config.base[138][[ NO == \Y\E\S ]]
+++ config.base[142]export ntiles=6
+++ config.base[142]ntiles=6
+++ config.base[146]export OPS_RES=C768
+++ config.base[146]OPS_RES=C768
+++ config.base[149]export LEVS=128
+++ config.base[149]LEVS=128
+++ config.base[150]export CASE=C48
+++ config.base[150]CASE=C48
+++ config.base[151]export CASE_ENS=C48
+++ config.base[151]CASE_ENS=C48
+++ config.base[152]export OCNRES=500
+++ config.base[152]OCNRES=500
+++ config.base[153]export ICERES=500
+++ config.base[153]ICERES=500
+++ config.base[155]case "${CASE}" in
+++ config.base[157]export waveGRD=glo_500
+++ config.base[157]waveGRD=glo_500
+++ config.base[174]case "${APP}" in
+++ config.base[190]export DO_COUPLED=YES
+++ config.base[190]DO_COUPLED=YES
+++ config.base[191]export DO_OCN=YES
+++ config.base[191]DO_OCN=YES
+++ config.base[192]export DO_ICE=YES
+++ config.base[192]DO_ICE=YES
+++ config.base[194][[ S2SWA =~ A$ ]]
+++ config.base[195]export DO_AERO_FCST=YES
+++ config.base[195]DO_AERO_FCST=YES
+++ config.base[198][[ S2SWA =~ ^S2SW ]]
+++ config.base[199]export DO_WAVE=YES
+++ config.base[199]DO_WAVE=YES
+++ config.base[209]export FHMIN=0
+++ config.base[209]FHMIN=0
+++ config.base[210]export FHMAX=9
+++ config.base[210]FHMAX=9
+++ config.base[211]export FHOUT=3
+++ config.base[211]FHOUT=3
+++ config.base[212]export FHOUT_OCN=3
+++ config.base[212]FHOUT_OCN=3
+++ config.base[213]export FHOUT_ICE=3
+++ config.base[213]FHOUT_ICE=3
+++ config.base[214]export FHOUT_AERO=3
+++ config.base[214]FHOUT_AERO=3
+++ config.base[217]export INTERVAL_GFS=24
+++ config.base[217]INTERVAL_GFS=24
+++ config.base[218]export SDATE_GFS=2021032312
+++ config.base[218]SDATE_GFS=2021032312
+++ config.base[221]export REPLAY_ICS=NO
+++ config.base[221]REPLAY_ICS=NO
+++ config.base[222][[ NO == \Y\E\S ]]
+++ config.base[228]export OFFSET_START_HOUR=0
+++ config.base[228]OFFSET_START_HOUR=0
+++ config.base[229]export USE_OCN_ENS_PERTURB_FILES=NO
+++ config.base[229]USE_OCN_ENS_PERTURB_FILES=NO
+++ config.base[230]export USE_ATM_ENS_PERTURB_FILES=NO
+++ config.base[230]USE_ATM_ENS_PERTURB_FILES=NO
+++ config.base[234]export FHMIN_GFS=0
+++ config.base[234]FHMIN_GFS=0
+++ config.base[235]export FHMAX_GFS=120
+++ config.base[235]FHMAX_GFS=120
+++ config.base[237]breakpnts=48
+++ config.base[238]export FCST_SEGMENTS=0,48,120
+++ config.base[238]FCST_SEGMENTS=0,48,120
+++ config.base[240]export FHOUT_GFS=6
+++ config.base[240]FHOUT_GFS=6
+++ config.base[241]export FHMAX_HF_GFS=0
+++ config.base[241]FHMAX_HF_GFS=0
+++ config.base[242]export FHOUT_HF_GFS=1
+++ config.base[242]FHOUT_HF_GFS=1
+++ config.base[243]export FHOUT_OCN_GFS=24
+++ config.base[243]FHOUT_OCN_GFS=24
+++ config.base[244]export FHOUT_ICE_GFS=24
+++ config.base[244]FHOUT_ICE_GFS=24
+++ config.base[245]export FHMIN_WAV=0
+++ config.base[245]FHMIN_WAV=0
+++ config.base[246]export FHOUT_WAV=3
+++ config.base[246]FHOUT_WAV=3
+++ config.base[247]export FHMAX_HF_WAV=120
+++ config.base[247]FHMAX_HF_WAV=120
+++ config.base[248]export FHOUT_HF_WAV=1
+++ config.base[248]FHOUT_HF_WAV=1
+++ config.base[249]export FHMAX_WAV=120
+++ config.base[249]FHMAX_WAV=120
+++ config.base[250]export FHMAX_WAV_GFS=120
+++ config.base[250]FHMAX_WAV_GFS=120
+++ config.base[251]export FHMAX_HF_GFS=0
+++ config.base[251]FHMAX_HF_GFS=0
+++ config.base[252]export FHMAX_WAV_GFS=120
+++ config.base[252]FHMAX_WAV_GFS=120
+++ config.base[253]export FHMAX_HF_WAV=120
+++ config.base[253]FHMAX_HF_WAV=120
+++ config.base[254]export ILPOST=1
+++ config.base[254]ILPOST=1
+++ config.base[256]export FHMIN_ENKF=0
+++ config.base[256]FHMIN_ENKF=0
+++ config.base[257]export FHMAX_ENKF=120
+++ config.base[257]FHMAX_ENKF=120
+++ config.base[258]export FHOUT_ENKF=6
+++ config.base[258]FHOUT_ENKF=6
+++ config.base[259]export FHOUT_OCN=24
+++ config.base[259]FHOUT_OCN=24
+++ config.base[260]export FHOUT_ICE=24
+++ config.base[260]FHOUT_ICE=24
+++ config.base[263]export restart_interval_gfs=12
+++ config.base[263]restart_interval_gfs=12
+++ config.base[264]export restart_interval_enkfgfs=12
+++ config.base[264]restart_interval_enkfgfs=12
+++ config.base[269]export QUILTING=.true.
+++ config.base[269]QUILTING=.true.
+++ config.base[270]export OUTPUT_GRID=gaussian_grid
+++ config.base[270]OUTPUT_GRID=gaussian_grid
+++ config.base[271]export WRITE_DOPOST=.true.
+++ config.base[271]WRITE_DOPOST=.true.
+++ config.base[272]export WRITE_NSFLIP=.true.
+++ config.base[272]WRITE_NSFLIP=.true.
+++ config.base[275]export imp_physics=8
+++ config.base[275]imp_physics=8
+++ config.base[279]export DO_JEDIATMVAR=NO
+++ config.base[279]DO_JEDIATMVAR=NO
+++ config.base[280]export DO_JEDIATMENS=NO
+++ config.base[280]DO_JEDIATMENS=NO
+++ config.base[281]export DO_JEDIOCNVAR=NO
+++ config.base[281]DO_JEDIOCNVAR=NO
+++ config.base[282]export DO_JEDISNOWDA=NO
+++ config.base[282]DO_JEDISNOWDA=NO
+++ config.base[283]export DO_MERGENSST=NO
+++ config.base[283]DO_MERGENSST=NO
+++ config.base[284]export DO_STARTMEM_FROM_JEDIICE=NO
+++ config.base[284]DO_STARTMEM_FROM_JEDIICE=NO
+++ config.base[287]export NMEM_ENS=2
+++ config.base[287]NMEM_ENS=2
+++ config.base[291]export ENSMEM=001
+++ config.base[291]ENSMEM=001
+++ config.base[292]export MEMDIR=mem001
+++ config.base[292]MEMDIR=mem001
+++ config.base[295]((  ENSMEM == 0  ))
+++ config.base[298]export DO_CA=YES
+++ config.base[298]DO_CA=YES
+++ config.base[301]export DOIAU=NO
+++ config.base[301]DOIAU=NO
+++ config.base[304][[ .false. = \.\t\r\u\e\. ]]
+++ config.base[313]export DONST=YES
+++ config.base[313]DONST=YES
+++ config.base[314][[ YES = \Y\E\S ]]
+++ config.base[314]export 'FNTSFA=        '
+++ config.base[314]FNTSFA='        '
+++ config.base[317]export nst_anl=.true.
+++ config.base[317]nst_anl=.true.
+++ config.base[320]export MAKE_NSSTBUFR=NO
+++ config.base[320]MAKE_NSSTBUFR=NO
+++ config.base[323]export MAKE_ACFTBUFR=NO
+++ config.base[323]MAKE_ACFTBUFR=NO
+++ config.base[326]export DO_METP=NO
+++ config.base[326]DO_METP=NO
+++ config.base[327]export DO_FIT2OBS=NO
+++ config.base[327]DO_FIT2OBS=NO
+++ config.base[330]export DO_ARCHCOM=YES
+++ config.base[330]DO_ARCHCOM=YES
+++ config.base[331]export ARCHCOM_TO=hpss
+++ config.base[331]ARCHCOM_TO=hpss
+++ config.base[334]export 'CLIENT_GLOBUS_UUID={{ CLIENT_GLOBUS_UUID }}'
+++ config.base[334]CLIENT_GLOBUS_UUID='{{ CLIENT_GLOBUS_UUID }}'
+++ config.base[337]export NUM_SND_COLLECTIVES=9
+++ config.base[337]NUM_SND_COLLECTIVES=9
+++ config.base[339]echo 'END: config.base'
END: config.base
++ jjob_header.sh[106]true
++ jjob_header.sh[107]export err=0
++ jjob_header.sh[107]err=0
++ jjob_header.sh[108][[ 0 -ne 0 ]]
++ jjob_header.sh[105]for config in "${configs[@]:-''}"
++ jjob_header.sh[106]source /gpfs/f6/drsa-precip3/world-shared/global/CI/3642/RUNTESTS/EXPDIR/C48_S2SWA_gefs_308f9070/config.atmos_products
+++ config.atmos_products[6]echo 'BEGIN: config.atmos_products'
BEGIN: config.atmos_products
+++ config.atmos_products[9]. /gpfs/f6/drsa-precip3/world-shared/global/CI/3642/RUNTESTS/EXPDIR/C48_S2SWA_gefs_308f9070/config.resources atmos_products
++++ config.resources[7]((  1 != 1  ))
++++ config.resources[14]step=atmos_products
++++ config.resources[16]echo 'BEGIN: config.resources'
BEGIN: config.resources
++++ config.resources[18]case ${machine} in
++++ config.resources[24]max_tasks_per_node=192
++++ config.resources[42]export max_tasks_per_node
++++ config.resources[44]case ${step} in
++++ config.resources[218]export walltime=00:15:00
++++ config.resources[218]walltime=00:15:00
++++ config.resources[219]export ntasks=24
++++ config.resources[219]ntasks=24
++++ config.resources[220]export threads_per_task=1
++++ config.resources[220]threads_per_task=1
++++ config.resources[221]export tasks_per_node=24
++++ config.resources[221]tasks_per_node=24
++++ config.resources[222]export is_exclusive=True
++++ config.resources[222]is_exclusive=True
++++ config.resources[355][[ -f /gpfs/f6/drsa-precip3/world-shared/global/CI/3642/RUNTESTS/EXPDIR/C48_S2SWA_gefs_308f9070/config.resources.GAEAC6 ]]
++++ config.resources[356]source /gpfs/f6/drsa-precip3/world-shared/global/CI/3642/RUNTESTS/EXPDIR/C48_S2SWA_gefs_308f9070/config.resources.GAEAC6
+++++ config.resources.GAEAC6[5]unset memory
+++++ config.resources.GAEAC6[6]unset memory_gefs
+++++ config.resources.GAEAC6[7]export FI_CXI_RX_MATCH_MODE=hybrid
+++++ config.resources.GAEAC6[7]FI_CXI_RX_MATCH_MODE=hybrid
+++++ config.resources.GAEAC6[9]case ${step} in
++++ config.resources[360]for resource_var in threads_per_task ntasks tasks_per_node NTASKS memory walltime
++++ config.resources[361]run_resource_var=threads_per_task_gefs
++++ config.resources[362][[ -n '' ]]
++++ config.resources[364][[ -n 0 ]]
++++ config.resources[365]export threads_per_task
++++ config.resources[360]for resource_var in threads_per_task ntasks tasks_per_node NTASKS memory walltime
++++ config.resources[361]run_resource_var=ntasks_gefs
++++ config.resources[362][[ -n '' ]]
++++ config.resources[364][[ -n 0 ]]
++++ config.resources[365]export ntasks
++++ config.resources[360]for resource_var in threads_per_task ntasks tasks_per_node NTASKS memory walltime
++++ config.resources[361]run_resource_var=tasks_per_node_gefs
++++ config.resources[362][[ -n '' ]]
++++ config.resources[364][[ -n 0 ]]
++++ config.resources[365]export tasks_per_node
++++ config.resources[360]for resource_var in threads_per_task ntasks tasks_per_node NTASKS memory walltime
++++ config.resources[361]run_resource_var=NTASKS_gefs
++++ config.resources[362][[ -n '' ]]
++++ config.resources[364][[ -n '' ]]
++++ config.resources[360]for resource_var in threads_per_task ntasks tasks_per_node NTASKS memory walltime
++++ config.resources[361]run_resource_var=memory_gefs
++++ config.resources[362][[ -n '' ]]
++++ config.resources[364][[ -n '' ]]
++++ config.resources[360]for resource_var in threads_per_task ntasks tasks_per_node NTASKS memory walltime
++++ config.resources[361]run_resource_var=walltime_gefs
++++ config.resources[362][[ -n '' ]]
++++ config.resources[364][[ -n 0 ]]
++++ config.resources[365]export walltime
++++ config.resources[369]echo 'END: config.resources'
END: config.resources
+++ config.atmos_products[12]export MAX_TASKS=25
+++ config.atmos_products[12]MAX_TASKS=25
+++ config.atmos_products[15]export INTERP_ATMOS_MASTERSH=/gpfs/f6/drsa-precip3/world-shared/global/CI/3642/global-workflow/ush/interp_atmos_master.sh
+++ config.atmos_products[15]INTERP_ATMOS_MASTERSH=/gpfs/f6/drsa-precip3/world-shared/global/CI/3642/global-workflow/ush/interp_atmos_master.sh
+++ config.atmos_products[16]export INTERP_ATMOS_SFLUXSH=/gpfs/f6/drsa-precip3/world-shared/global/CI/3642/global-workflow/ush/interp_atmos_sflux.sh
+++ config.atmos_products[16]INTERP_ATMOS_SFLUXSH=/gpfs/f6/drsa-precip3/world-shared/global/CI/3642/global-workflow/ush/interp_atmos_sflux.sh
+++ config.atmos_products[18]export downset=2
+++ config.atmos_products[18]downset=2
+++ config.atmos_products[20][[ 0 == \0 ]]
+++ config.atmos_products[21]export FHOUT_PGBS=6
+++ config.atmos_products[21]FHOUT_PGBS=6
+++ config.atmos_products[25]export FLXGF=NO
+++ config.atmos_products[25]FLXGF=NO
+++ config.atmos_products[28]export paramlista=/gpfs/f6/drsa-precip3/world-shared/global/CI/3642/global-workflow/parm/product/gefs.0p25.fFFF.paramlist.a.txt
+++ config.atmos_products[28]paramlista=/gpfs/f6/drsa-precip3/world-shared/global/CI/3642/global-workflow/parm/product/gefs.0p25.fFFF.paramlist.a.txt
+++ config.atmos_products[29]export paramlista_anl=/gpfs/f6/drsa-precip3/world-shared/global/CI/3642/global-workflow/parm/product/gefs.0p25.anl.paramlist.a.txt
+++ config.atmos_products[29]paramlista_anl=/gpfs/f6/drsa-precip3/world-shared/global/CI/3642/global-workflow/parm/product/gefs.0p25.anl.paramlist.a.txt
+++ config.atmos_products[30]export paramlista_f000=/gpfs/f6/drsa-precip3/world-shared/global/CI/3642/global-workflow/parm/product/gefs.0p25.f000.paramlist.a.txt
+++ config.atmos_products[30]paramlista_f000=/gpfs/f6/drsa-precip3/world-shared/global/CI/3642/global-workflow/parm/product/gefs.0p25.f000.paramlist.a.txt
+++ config.atmos_products[31]export paramlistb=/gpfs/f6/drsa-precip3/world-shared/global/CI/3642/global-workflow/parm/product/gefs.0p25.fFFF.paramlist.b.txt
+++ config.atmos_products[31]paramlistb=/gpfs/f6/drsa-precip3/world-shared/global/CI/3642/global-workflow/parm/product/gefs.0p25.fFFF.paramlist.b.txt
+++ config.atmos_products[33]echo 'END: config.atmos_products'
END: config.atmos_products
++ jjob_header.sh[106]true
++ jjob_header.sh[107]export err=0
++ jjob_header.sh[107]err=0
++ jjob_header.sh[108][[ 0 -ne 0 ]]
++ jjob_header.sh[117]source /gpfs/f6/drsa-precip3/world-shared/global/CI/3642/global-workflow/env/GAEAC6.env atmos_products
+++ GAEAC6.env[3][[ 1 -ne 1 ]]
+++ GAEAC6.env[10]step=atmos_products
+++ GAEAC6.env[12]export 'launcher=srun -l --export=ALL'
+++ GAEAC6.env[12]launcher='srun -l --export=ALL'
+++ GAEAC6.env[13]export 'mpmd_opt=--multi-prog --output=mpmd.%j.%t.out'
+++ GAEAC6.env[13]mpmd_opt='--multi-prog --output=mpmd.%j.%t.out'
+++ GAEAC6.env[15]export OMP_STACKSIZE=2048000
+++ GAEAC6.env[15]OMP_STACKSIZE=2048000
+++ GAEAC6.env[16]export NTHSTACK=1024000000
+++ GAEAC6.env[16]NTHSTACK=1024000000
+++ GAEAC6.env[18]ulimit -s unlimited
+++ GAEAC6.env[19]ulimit -a
core file size          (blocks, -c) 0
data seg size           (kbytes, -d) unlimited
scheduling priority             (-e) 0
file size               (blocks, -f) unlimited
pending signals                 (-i) 1540838
max locked memory       (kbytes, -l) unlimited
max memory size         (kbytes, -m) unlimited
open files                      (-n) 50000
pipe size            (512 bytes, -p) 8
POSIX message queues     (bytes, -q) 819200
real-time priority              (-r) 0
stack size              (kbytes, -s) unlimited
cpu time               (seconds, -t) unlimited
max user processes              (-u) 1540838
virtual memory          (kbytes, -v) unlimited
file locks                      (-x) unlimited
+++ GAEAC6.env[23][[ -n 24 ]]
+++ GAEAC6.env[23][[ -n 192 ]]
+++ GAEAC6.env[23][[ -n 24 ]]
+++ GAEAC6.env[24]max_threads_per_task=8
+++ GAEAC6.env[25]NTHREADSmax=1
+++ GAEAC6.env[26]NTHREADS1=1
+++ GAEAC6.env[27][[ 1 -gt 8 ]]
+++ GAEAC6.env[30][[ 1 -gt 8 ]]
+++ GAEAC6.env[35]APRUN_default='srun -l --export=ALL -n 24'
+++ GAEAC6.env[41]case ${step} in
+++ GAEAC6.env[264]export USE_CFP=YES
+++ GAEAC6.env[264]USE_CFP=YES
++ jjob_header.sh[117]true
++ jjob_header.sh[118]export err=0
++ jjob_header.sh[118]err=0
++ jjob_header.sh[119][[ 0 -ne 0 ]]
+ JGLOBAL_ATMOS_PRODUCTS[11]YMD=20210323
+ JGLOBAL_ATMOS_PRODUCTS[11]HH=12
+ JGLOBAL_ATMOS_PRODUCTS[11]declare_from_tmpl -rx COMIN_ATMOS_ANALYSIS:COM_ATMOS_ANALYSIS_TMPL COMIN_ATMOS_HISTORY:COM_ATMOS_HISTORY_TMPL COMIN_ATMOS_MASTER:COM_ATMOS_MASTER_TMPL
+ bash_utils.sh[39][[ NO == \N\O ]]
+ bash_utils.sh[39]set +x
declare_from_tmpl :: COMIN_ATMOS_ANALYSIS=/gpfs/f6/drsa-precip3/world-shared/global/CI/3642/RUNTESTS/COMROOT/C48_S2SWA_gefs_308f9070/gefs.20210323/12/mem001/analysis/atmos
declare_from_tmpl :: COMIN_ATMOS_HISTORY=/gpfs/f6/drsa-precip3/world-shared/global/CI/3642/RUNTESTS/COMROOT/C48_S2SWA_gefs_308f9070/gefs.20210323/12/mem001/model/atmos/history
declare_from_tmpl :: COMIN_ATMOS_MASTER=/gpfs/f6/drsa-precip3/world-shared/global/CI/3642/RUNTESTS/COMROOT/C48_S2SWA_gefs_308f9070/gefs.20210323/12/mem001/model/atmos/master
+ JGLOBAL_ATMOS_PRODUCTS[16]for grid in '0p25' '0p50' '1p00'
+ JGLOBAL_ATMOS_PRODUCTS[17]prod_dir=COMOUT_ATMOS_GRIB_0p25
+ JGLOBAL_ATMOS_PRODUCTS[18]GRID=0p25
+ JGLOBAL_ATMOS_PRODUCTS[18]YMD=20210323
+ JGLOBAL_ATMOS_PRODUCTS[18]HH=12
+ JGLOBAL_ATMOS_PRODUCTS[18]declare_from_tmpl -rx COMOUT_ATMOS_GRIB_0p25:COM_ATMOS_GRIB_GRID_TMPL
+ bash_utils.sh[39][[ NO == \N\O ]]
+ bash_utils.sh[39]set +x
declare_from_tmpl :: COMOUT_ATMOS_GRIB_0p25=/gpfs/f6/drsa-precip3/world-shared/global/CI/3642/RUNTESTS/COMROOT/C48_S2SWA_gefs_308f9070/gefs.20210323/12/mem001/products/atmos/grib2/0p25
+ JGLOBAL_ATMOS_PRODUCTS[19][[ ! -d /gpfs/f6/drsa-precip3/world-shared/global/CI/3642/RUNTESTS/COMROOT/C48_S2SWA_gefs_308f9070/gefs.20210323/12/mem001/products/atmos/grib2/0p25 ]]
+ JGLOBAL_ATMOS_PRODUCTS[16]for grid in '0p25' '0p50' '1p00'
+ JGLOBAL_ATMOS_PRODUCTS[17]prod_dir=COMOUT_ATMOS_GRIB_0p50
+ JGLOBAL_ATMOS_PRODUCTS[18]GRID=0p50
+ JGLOBAL_ATMOS_PRODUCTS[18]YMD=20210323
+ JGLOBAL_ATMOS_PRODUCTS[18]HH=12
+ JGLOBAL_ATMOS_PRODUCTS[18]declare_from_tmpl -rx COMOUT_ATMOS_GRIB_0p50:COM_ATMOS_GRIB_GRID_TMPL
+ bash_utils.sh[39][[ NO == \N\O ]]
+ bash_utils.sh[39]set +x
declare_from_tmpl :: COMOUT_ATMOS_GRIB_0p50=/gpfs/f6/drsa-precip3/world-shared/global/CI/3642/RUNTESTS/COMROOT/C48_S2SWA_gefs_308f9070/gefs.20210323/12/mem001/products/atmos/grib2/0p50
+ JGLOBAL_ATMOS_PRODUCTS[19][[ ! -d /gpfs/f6/drsa-precip3/world-shared/global/CI/3642/RUNTESTS/COMROOT/C48_S2SWA_gefs_308f9070/gefs.20210323/12/mem001/products/atmos/grib2/0p50 ]]
+ JGLOBAL_ATMOS_PRODUCTS[16]for grid in '0p25' '0p50' '1p00'
+ JGLOBAL_ATMOS_PRODUCTS[17]prod_dir=COMOUT_ATMOS_GRIB_1p00
+ JGLOBAL_ATMOS_PRODUCTS[18]GRID=1p00
+ JGLOBAL_ATMOS_PRODUCTS[18]YMD=20210323
+ JGLOBAL_ATMOS_PRODUCTS[18]HH=12
+ JGLOBAL_ATMOS_PRODUCTS[18]declare_from_tmpl -rx COMOUT_ATMOS_GRIB_1p00:COM_ATMOS_GRIB_GRID_TMPL
+ bash_utils.sh[39][[ NO == \N\O ]]
+ bash_utils.sh[39]set +x
declare_from_tmpl :: COMOUT_ATMOS_GRIB_1p00=/gpfs/f6/drsa-precip3/world-shared/global/CI/3642/RUNTESTS/COMROOT/C48_S2SWA_gefs_308f9070/gefs.20210323/12/mem001/products/atmos/grib2/1p00
+ JGLOBAL_ATMOS_PRODUCTS[19][[ ! -d /gpfs/f6/drsa-precip3/world-shared/global/CI/3642/RUNTESTS/COMROOT/C48_S2SWA_gefs_308f9070/gefs.20210323/12/mem001/products/atmos/grib2/1p00 ]]
+ JGLOBAL_ATMOS_PRODUCTS[23]export PREFIX=gefs.t12z.
+ JGLOBAL_ATMOS_PRODUCTS[23]PREFIX=gefs.t12z.
+ JGLOBAL_ATMOS_PRODUCTS[27]/gpfs/f6/drsa-precip3/world-shared/global/CI/3642/global-workflow/scripts/exglobal_atmos_products.sh
+ bash[8]'[' -z '' ']'
+ bash[9]case "$-" in
+ bash[12]__lmod_vx=x
+ bash[16]'[' -n x ']'
+ bash[16]set +x
Shell debugging temporarily silenced: export LMOD_SH_DBG_ON=1 for this output (/opt/cray/pe/lmod/lmod/init/bash)
Shell debugging restarted
+ bash[184]unset __lmod_vx
+ exglobal_atmos_products.sh[4]export WGRIB2=wgrib2
+ exglobal_atmos_products.sh[4]WGRIB2=wgrib2
+ exglobal_atmos_products.sh[7]INTERP_ATMOS_MASTERSH=/gpfs/f6/drsa-precip3/world-shared/global/CI/3642/global-workflow/ush/interp_atmos_master.sh
+ exglobal_atmos_products.sh[8]INTERP_ATMOS_SFLUXSH=/gpfs/f6/drsa-precip3/world-shared/global/CI/3642/global-workflow/ush/interp_atmos_sflux.sh
+ exglobal_atmos_products.sh[11]downset=2
+ exglobal_atmos_products.sh[12]ntasks_atmos_products=8
+ exglobal_atmos_products.sh[15]WGNE=NO
+ exglobal_atmos_products.sh[16]FHMAX_WGNE=0
+ exglobal_atmos_products.sh[18]cd /gpfs/f6/drsa-precip3/scratch/role.glopara/RUNDIRS/C48_S2SWA_gefs_308f9070/gefs.2021032312/atmos_products_f012.316990
+ exglobal_atmos_products.sh[22][[ 12 -le 0 ]]
++ exglobal_atmos_products.sh[33]printf f%03d 12
+ exglobal_atmos_products.sh[33]fhr3=f012
+ exglobal_atmos_products.sh[34]((  FORECAST_HOUR%FHOUT_PGBS == 0  ))
+ exglobal_atmos_products.sh[35]PGBS=YES
+ exglobal_atmos_products.sh[43]MASTER_FILE=/gpfs/f6/drsa-precip3/world-shared/global/CI/3642/RUNTESTS/COMROOT/C48_S2SWA_gefs_308f9070/gefs.20210323/12/mem001/model/atmos/master/gefs.t12z.master.grb2f012
+ exglobal_atmos_products.sh[48]wgrib2 /gpfs/f6/drsa-precip3/world-shared/global/CI/3642/RUNTESTS/COMROOT/C48_S2SWA_gefs_308f9070/gefs.20210323/12/mem001/model/atmos/master/gefs.t12z.master.grb2f012
+ exglobal_atmos_products.sh[48]grep -F -f /gpfs/f6/drsa-precip3/world-shared/global/CI/3642/global-workflow/parm/product/gefs.0p25.fFFF.paramlist.a.txt
+ exglobal_atmos_products.sh[48]wgrib2 -i -grib tmpfile_f012 /gpfs/f6/drsa-precip3/world-shared/global/CI/3642/RUNTESTS/COMROOT/C48_S2SWA_gefs_308f9070/gefs.20210323/12/mem001/model/atmos/master/gefs.t12z.master.grb2f012
+ exglobal_atmos_products.sh[48]true
+ exglobal_atmos_products.sh[49]export err=0
+ exglobal_atmos_products.sh[49]err=0
+ exglobal_atmos_products.sh[50][[ 0 -ne 0 ]]
+ exglobal_atmos_products.sh[55][[ 2 -eq 2 ]]
+ exglobal_atmos_products.sh[57]wgrib2 /gpfs/f6/drsa-precip3/world-shared/global/CI/3642/RUNTESTS/COMROOT/C48_S2SWA_gefs_308f9070/gefs.20210323/12/mem001/model/atmos/master/gefs.t12z.master.grb2f012
+ exglobal_atmos_products.sh[57]grep -F -f /gpfs/f6/drsa-precip3/world-shared/global/CI/3642/global-workflow/parm/product/gefs.0p25.fFFF.paramlist.b.txt
+ exglobal_atmos_products.sh[57]wgrib2 -i -grib tmpfileb_f012 /gpfs/f6/drsa-precip3/world-shared/global/CI/3642/RUNTESTS/COMROOT/C48_S2SWA_gefs_308f9070/gefs.20210323/12/mem001/model/atmos/master/gefs.t12z.master.grb2f012
+ exglobal_atmos_products.sh[57]true
+ exglobal_atmos_products.sh[58]export err=0
+ exglobal_atmos_products.sh[58]err=0
+ exglobal_atmos_products.sh[59][[ 0 -ne 0 ]]
+ exglobal_atmos_products.sh[65]grid_string=0p25
+ exglobal_atmos_products.sh[66][[ YES == \Y\E\S ]]
+ exglobal_atmos_products.sh[67]grid_string=0p25:0p50:1p00
+ exglobal_atmos_products.sh[73]IFS=:
+ exglobal_atmos_products.sh[73]read -ra grids
+ exglobal_atmos_products.sh[157](( nset=1  ))
+ exglobal_atmos_products.sh[157](( nset <= downset  ))
+ exglobal_atmos_products.sh[77]echo 'Begin processing nset = 1'
Begin processing nset = 1
+ exglobal_atmos_products.sh[80]nproc=24
+ exglobal_atmos_products.sh[83][[ 1 == 1 ]]
+ exglobal_atmos_products.sh[84]grp=
+ exglobal_atmos_products.sh[90]tmpfile=tmpfile_f012
++ exglobal_atmos_products.sh[93]wgrib2 tmpfile_f012
++ exglobal_atmos_products.sh[93]wc -l
+ exglobal_atmos_products.sh[93]ncount=0
+ exglobal_atmos_products.sh[94][[ 24 -gt 0 ]]
+ exglobal_atmos_products.sh[95]echo 'WARNING: Total no. of available processors '\''24'\'' exceeds no. of records '\''0'\'' in tmpfile_f012'
WARNING: Total no. of available processors '24' exceeds no. of records '0' in tmpfile_f012
+ exglobal_atmos_products.sh[96]echo 'Reduce nproc to 0 (or less) to not waste resources'
Reduce nproc to 0 (or less) to not waste resources
+ exglobal_atmos_products.sh[98]inv=0
+ exglobal_atmos_products.sh[99]rm -f /gpfs/f6/drsa-precip3/scratch/role.glopara/RUNDIRS/C48_S2SWA_gefs_308f9070/gefs.2021032312/atmos_products_f012.316990/poescript
+ exglobal_atmos_products.sh[101]last=0
+ exglobal_atmos_products.sh[137](( iproc = 1  ))
+ exglobal_atmos_products.sh[137](( iproc <= nproc  ))
+ exglobal_atmos_products.sh[103]first=1
+ exglobal_atmos_products.sh[104]last=0
+ exglobal_atmos_products.sh[105][[ 0 -gt 0 ]]
+ exglobal_atmos_products.sh[112]set +e
+ exglobal_atmos_products.sh[114]wgrib2 -d 0 tmpfile_f012
+ exglobal_atmos_products.sh[114]grep -E -i 'ugrd|ustm|uflx|u-gwd|land|maxuw'
+ exglobal_atmos_products.sh[115]rc=1
+ exglobal_atmos_products.sh[116]set_strict
+ environment[0][[ YES == \Y\E\S ]]
+ environment[1]set -eu
+ exglobal_atmos_products.sh[117][[ 1 == 0 ]]
+ exglobal_atmos_products.sh[120][[ 1 -eq 24 ]]
+ exglobal_atmos_products.sh[125]wgrib2 tmpfile_f012 -for 1:0 -grib tmpfile_f012_1

*** FATAL ERROR: parse_loop: end < start 1:0 ***

+ exglobal_atmos_products.sh[126]export err=8
+ exglobal_atmos_products.sh[126]err=8
+ exglobal_atmos_products.sh[127][[ 8 -ne 0 ]]
+ exglobal_atmos_products.sh[128]err_exit 'wgrib2 failed to geneate an intermediate grib2 file from tmpfile_f012 records 1 to 0'
+ environment[0]set +eux

    -------------------------------------------------------------
    -- FATAL ERROR: wgrib2 failed to geneate an intermediate grib2 file from tmpfile_f012 records 1 to 0 RETURN CODE 8
    -- ABNORMAL EXIT at Thu 22 May 2025 03:26:42 PM EDT on c6n1826
    -------------------------------------------------------------
    

Currently Loaded Modules:
  1) craype-x86-genoa
  2) perftools-base/23.12.0
  3) xpmem/2.9.6-1.1_20240510205610__g087dc11fc19d
  4) cray-pmi/6.1.13
  5) CmrsEnv/default
  6) TimeZoneEDT/default
  7) DefApps/default
  8) cray-dsmml/0.2.2
  9) cray-libsci/24.07.0
 10) PrgEnv-intel/8.5.0
 11) intel-classic/2023.2.0
 12) craype/2.7.30
 13) stack-intel/2023.2.0
 14) libfabric/1.20.1
 15) craype-network-ofi
 16) cray-mpich/8.1.29
 17) stack-cray-mpich/8.1.29
 18) gettext/0.20.2
 19) libxcrypt/4.4.35
 20) zlib/1.2.13
 21) sqlite/3.43.2
 22) util-linux-uuid/2.38.1
 23) python/3.11.6
 24) libjpeg/2.1.0
 25) jasper/2.0.32
 26) libpng/1.6.37
 27) openjpeg/2.3.1
 28) eccodes/2.32.0
 29) fftw/3.3.10
 30) nghttp2/1.57.0
 31) curl/8.4.0
 32) proj/9.2.1
 33) udunits/2.2.28
 34) cdo/2.2.0
 35) pkg-config/0.29.2
 36) hdf5/1.14.0
 37) snappy/1.1.10
 38) zstd/1.5.2
 39) c-blosc/1.21.5
 40) netcdf-c/4.9.2
 41) netcdf-fortran/4.6.1
 42) parallel-netcdf/1.12.2
 43) parallelio/2.5.10
 44) esmf/8.6.0
 45) perlbrew/5.38.2
 46) antlr/2.7.7
 47) gsl/2.7.1
 48) nco/5.0.6
 49) bacio/2.4.1
 50) w3emc/2.10.0
 51) prod_util/2.1.1
 52) g2/3.4.5
 53) sp/2.5.0
 54) ip/4.3.0
 55) grib-util/1.3.0
 56) g2tmpl/1.13.0
 57) gsi-ncdiag/1.1.2
 58) crtm-fix/2.4.0.1_emc
 59) git-lfs/2.11.0
 60) crtm/2.4.0.1
 61) openblas/0.3.24
 62) py-setuptools/63.4.3
 63) py-numpy/1.23.4
 64) bufr/11.7.0
 65) gmake/4.2.1
 66) wgrib2/2.0.8
 67) py-cftime/1.0.3.4
 68) py-netcdf4/1.5.8
 69) py-f90nml/1.4.3
 70) libyaml/0.2.5
 71) py-pyyaml/6.0
 72) py-markupsafe/2.1.3
 73) py-jinja2/3.1.2
 74) py-bottleneck/1.3.7
 75) py-numexpr/2.8.4
 76) py-et-xmlfile/1.0.1
 77) py-openpyxl/3.1.2
 78) py-pytz/2023.3
 79) py-pyxlsb/1.0.10
 80) py-xlrd/2.0.1
 81) py-xlsxwriter/3.1.7
 82) py-xlwt/1.3.0
 83) py-pandas/1.5.3
 84) py-six/1.16.0
 85) py-python-dateutil/2.8.2
 86) g2c/1.8.0
 87) netcdf-cxx4/4.3.1
 88) met/9.1.3
 89) metplus/3.1.1
 90) py-packaging/23.1
 91) py-xarray/2023.7.0
 92) prepobs/1.1.0
 93) fit2obs/1.1.7
 94) hsi/9.3
 95) module_base.gaeac6

 


wgrib2 failed to geneate an intermediate grib2 file from tmpfile_f012 records 1 to 0 RETURN CODE 8
/gpfs/f6/drsa-precip3/scratch/role.glopara/RUNDIRS/C48_S2SWA_gefs_308f9070/gefs.2021032312/atmos_products_f012.316990
total 0
-rw-r--r-- 1 role.glopara ncep 0 May 22 15:26 ncepdate
-rw-r--r-- 1 role.glopara ncep 0 May 22 15:26 tmpfile_f012
-rw-r--r-- 1 role.glopara ncep 0 May 22 15:26 tmpfileb_f012
cat: OUTPUT.317039: No such file or directory
slurmstepd: error: *** JOB 208878462 ON c6n1826 CANCELLED AT 2025-05-22T15:26:43 ***
