+ . /gpfs/f6/drsa-precip3/world-shared/global/CI/GITLAB/pr_cases_340_bfa9eaa9_2736/global-workflow/ush/load_fv3gfs_modules.sh
++ [[ hxB == *x* ]]
++ set_x=YES
++ [[ NO == \N\O ]]
++ echo 'Loading modules quietly...'
Loading modules quietly...
++ set +x
Running "module reset". Resetting modules to system default. The following $MODULEPATH directories have been removed: /gpfs/f6/drsa-precip3/world-shared/global/CI/GITLAB/pr_cases_340_bfa9eaa9_2736/global-workflow/modulefiles

The following have been reloaded with a version change:
  1) PrgEnv-intel/8.5.0 => PrgEnv-intel/8.6.0
  2) craype/2.7.30 => craype/2.7.34


Lmod is automatically replacing "intel/2025.0" with "intel-classic/2023.2.0".


The following have been reloaded with a version change:
  1) PrgEnv-intel/8.6.0 => PrgEnv-intel/8.5.0
  2) cray-mpich/8.1.32 => cray-mpich/8.1.29
  3) craype/2.7.34 => craype/2.7.30


Currently Loaded Modules:
  1) craype-x86-genoa
  2) perftools-base/25.03.0
  3) xpmem/2.9.6-1.1_20240510205610__g087dc11fc19d
  4) cray-pmi/6.1.15
  5) CmrsEnv/default
  6) TimeZoneEDT/default
  7) DefApps/default
  8) cray-dsmml/0.3.1
  9) PrgEnv-intel/8.5.0
 10) intel-classic/2023.2.0
 11) craype/2.7.30
 12) stack-intel/2023.2.0
 13) libfabric/1.20.1
 14) craype-network-ofi
 15) cray-mpich/8.1.29
 16) stack-cray-mpich/8.1.29
 17) gettext/0.20.2
 18) libxcrypt/4.4.35
 19) zlib/1.2.13
 20) sqlite/3.43.2
 21) util-linux-uuid/2.38.1
 22) python/3.11.6
 23) libjpeg/2.1.0
 24) jasper/2.0.32
 25) libpng/1.6.37
 26) openjpeg/2.3.1
 27) eccodes/2.32.0
 28) fftw/3.3.10
 29) nghttp2/1.57.0
 30) curl/8.4.0
 31) proj/9.2.1
 32) udunits/2.2.28
 33) cdo/2.2.0
 34) pkg-config/0.29.2
 35) hdf5/1.14.0
 36) snappy/1.1.10
 37) zstd/1.5.2
 38) c-blosc/1.21.5
 39) netcdf-c/4.9.2
 40) netcdf-fortran/4.6.1
 41) parallel-netcdf/1.12.2
 42) parallelio/2.5.10
 43) esmf/8.6.0
 44) perlbrew/5.38.2
 45) antlr/2.7.7
 46) gsl/2.7.1
 47) nco/5.0.6
 48) bacio/2.4.1
 49) w3emc/2.10.0
 50) prod_util/2.1.1
 51) g2/3.4.5
 52) sp/2.5.0
 53) ip/4.3.0
 54) grib-util/1.3.0
 55) g2tmpl/1.13.0
 56) gsi-ncdiag/1.1.2
 57) crtm-fix/2.4.0.1_emc
 58) git-lfs/2.11.0
 59) crtm/2.4.0.1
 60) openblas/0.3.24
 61) py-setuptools/63.4.3
 62) py-numpy/1.23.4
 63) bufr/11.7.0
 64) gmake/4.2.1
 65) wgrib2/2.0.8
 66) py-cftime/1.0.3.4
 67) py-netcdf4/1.5.8
 68) py-f90nml/1.4.3
 69) libyaml/0.2.5
 70) py-pyyaml/6.0
 71) py-markupsafe/2.1.3
 72) py-jinja2/3.1.2
 73) py-bottleneck/1.3.7
 74) py-numexpr/2.8.4
 75) py-et-xmlfile/1.0.1
 76) py-openpyxl/3.1.2
 77) py-pytz/2023.3
 78) py-pyxlsb/1.0.10
 79) py-xlrd/2.0.1
 80) py-xlsxwriter/3.1.7
 81) py-xlwt/1.3.0
 82) py-pandas/1.5.3
 83) py-six/1.16.0
 84) py-python-dateutil/2.8.2
 85) g2c/1.8.0
 86) netcdf-cxx4/4.3.1
 87) met/9.1.3
 88) metplus/3.1.1
 89) py-packaging/23.1
 90) py-xarray/2023.7.0
 91) prepobs/1.1.0
 92) fit2obs/1.1.7.1
 93) hsi/9.3
 94) module_base.gaeac6

 

++ wxflowPATH=/gpfs/f6/drsa-precip3/world-shared/global/CI/GITLAB/pr_cases_340_bfa9eaa9_2736/global-workflow/ush/python
++ PYTHONPATH=/autofs/ncrc-svm1_proj/epic/spack-stack/c6/spack-stack-1.6.0/envs/gsi-addon-dev-fms-2024.01/install/intel/2023.2.0/py-xarray-2023.7.0-ozoxbgs/lib/python3.11/site-packages:/autofs/ncrc-svm1_proj/epic/spack-stack/c6/spack-stack-1.6.0/envs/gsi-addon-dev-fms-2024.01/install/intel/2023.2.0/py-packaging-23.1-sep32z3/lib/python3.11/site-packages:/autofs/ncrc-svm1_proj/epic/spack-stack/c6/spack-stack-1.6.0/envs/gsi-addon-dev-fms-2024.01/install/intel/2023.2.0/py-python-dateutil-2.8.2-bxlqjfj/lib/python3.11/site-packages:/autofs/ncrc-svm1_proj/epic/spack-stack/c6/spack-stack-1.6.0/envs/gsi-addon-dev-fms-2024.01/install/intel/2023.2.0/py-six-1.16.0-j3lczkg/lib/python3.11/site-packages:/autofs/ncrc-svm1_proj/epic/spack-stack/c6/spack-stack-1.6.0/envs/gsi-addon-dev-fms-2024.01/install/intel/2023.2.0/py-pandas-1.5.3-wyb2e7x/lib/python3.11/site-packages:/autofs/ncrc-svm1_proj/epic/spack-stack/c6/spack-stack-1.6.0/envs/gsi-addon-dev-fms-2024.01/install/intel/2023.2.0/py-xlwt-1.3.0-tzgvwhp/lib/python3.11/site-packages:/autofs/ncrc-svm1_proj/epic/spack-stack/c6/spack-stack-1.6.0/envs/gsi-addon-dev-fms-2024.01/install/intel/2023.2.0/py-xlsxwriter-3.1.7-vsx375z/lib/python3.11/site-packages:/autofs/ncrc-svm1_proj/epic/spack-stack/c6/spack-stack-1.6.0/envs/gsi-addon-dev-fms-2024.01/install/intel/2023.2.0/py-xlrd-2.0.1-7f7n55b/lib/python3.11/site-packages:/autofs/ncrc-svm1_proj/epic/spack-stack/c6/spack-stack-1.6.0/envs/gsi-addon-dev-fms-2024.01/install/intel/2023.2.0/py-pyxlsb-1.0.10-yf2yish/lib/python3.11/site-packages:/autofs/ncrc-svm1_proj/epic/spack-stack/c6/spack-stack-1.6.0/envs/gsi-addon-dev-fms-2024.01/install/intel/2023.2.0/py-pytz-2023.3-wbjoep3/lib/python3.11/site-packages:/autofs/ncrc-svm1_proj/epic/spack-stack/c6/spack-stack-1.6.0/envs/gsi-addon-dev-fms-2024.01/install/intel/2023.2.0/py-openpyxl-3.1.2-3g7ehn2/lib/python3.11/site-packages:/autofs/ncrc-svm1_proj/epic/spack-stack/c6/spack-stack-1.6.0/envs/gsi-addon-dev-fms-2024.01/install/intel/2023.2.0/py-et-xmlfile-1.0.1-iprhnfe/lib/python3.11/site-packages:/autofs/ncrc-svm1_proj/epic/spack-stack/c6/spack-stack-1.6.0/envs/gsi-addon-dev-fms-2024.01/install/intel/2023.2.0/py-numexpr-2.8.4-svc4zzb/lib/python3.11/site-packages:/autofs/ncrc-svm1_proj/epic/spack-stack/c6/spack-stack-1.6.0/envs/gsi-addon-dev-fms-2024.01/install/intel/2023.2.0/py-bottleneck-1.3.7-w3cslfi/lib/python3.11/site-packages:/autofs/ncrc-svm1_proj/epic/spack-stack/c6/spack-stack-1.6.0/envs/gsi-addon-dev-fms-2024.01/install/intel/2023.2.0/py-jinja2-3.1.2-dziq6px/lib/python3.11/site-packages:/autofs/ncrc-svm1_proj/epic/spack-stack/c6/spack-stack-1.6.0/envs/gsi-addon-dev-fms-2024.01/install/intel/2023.2.0/py-markupsafe-2.1.3-izecrid/lib/python3.11/site-packages:/autofs/ncrc-svm1_proj/epic/spack-stack/c6/spack-stack-1.6.0/envs/gsi-addon-dev-fms-2024.01/install/intel/2023.2.0/py-pyyaml-6.0-g3ruzyd/lib/python3.11/site-packages:/autofs/ncrc-svm1_proj/epic/spack-stack/c6/spack-stack-1.6.0/envs/gsi-addon-dev-fms-2024.01/install/intel/2023.2.0/py-f90nml-1.4.3-sqdas3d/lib/python3.11/site-packages:/autofs/ncrc-svm1_proj/epic/spack-stack/c6/spack-stack-1.6.0/envs/gsi-addon-dev-fms-2024.01/install/intel/2023.2.0/py-netcdf4-1.5.8-444i5pm/lib/python3.11/site-packages:/autofs/ncrc-svm1_proj/epic/spack-stack/c6/spack-stack-1.6.0/envs/gsi-addon-dev-fms-2024.01/install/intel/2023.2.0/py-cftime-1.0.3.4-dgtglhq/lib/python3.11/site-packages:/autofs/ncrc-svm1_proj/epic/spack-stack/c6/spack-stack-1.6.0/envs/gsi-addon-dev-fms-2024.01/install/intel/2023.2.0/bufr-11.7.0-2pzpov2/lib64/python3.11/site-packages:/autofs/ncrc-svm1_proj/epic/spack-stack/c6/spack-stack-1.6.0/envs/gsi-addon-dev-fms-2024.01/install/intel/2023.2.0/bufr-11.7.0-2pzpov2/lib/python3.11/site-packages:/autofs/ncrc-svm1_proj/epic/spack-stack/c6/spack-stack-1.6.0/envs/gsi-addon-dev-fms-2024.01/install/intel/2023.2.0/py-numpy-1.23.4-ir4kiqb/lib/python3.11/site-packages:/autofs/ncrc-svm1_proj/epic/spack-stack/c6/spack-stack-1.6.0/envs/gsi-addon-dev-fms-2024.01/install/intel/2023.2.0/py-setuptools-63.4.3-qi6dp6j/lib/python3.11/site-packages:/gpfs/f6/drsa-precip3/world-shared/global/CI/GITLAB/pr_cases_340_bfa9eaa9_2736/global-workflow/ush:/gpfs/f6/drsa-precip3/world-shared/global/CI/GITLAB/pr_cases_340_bfa9eaa9_2736/global-workflow/ush/python
++ export PYTHONPATH
++ ulimit -S -s 1048576
++ unset ulimit_s
+ status=0
+ ((  status != 0  ))
+ export job=atmos_products
+ job=atmos_products
+ IFS=', '
+ read -r -a fhr_list
+ export FORECAST_HOUR jobid
+ exit 1
