+ source /scratch3/NCEPDEV/global/role.glopara/GFS_CI_CD/URSA/BUILDS/GITLAB/pr_cases_5302_f16ac8d5_113066/global-workflow/dev/ush/load_modules.sh dtn
++ [[ hxB == *x* ]]
++ set_x=YES
++ [[ NO == \N\O ]]
++ echo 'Loading modules quietly...'
Loading modules quietly...
++ set +x
Running "module reset". Resetting modules to system default. The following $MODULEPATH directories have been removed: None
INFO: gw_dtn.ursa module not available, falling back to gw_run.ursa

Currently Loaded Modules:
  1) lmod                             40) esmf/8.8.0
  2) intel-oneapi-compilers/2024.2.1  41) antlr/2.7.7
  3) stack-oneapi/2024.2.1            42) gsl/2.8
  4) intel-oneapi-mpi/2021.13.1       43) nco/5.2.4
  5) stack-intel-oneapi-mpi/2021.13   44) bacio/2.4.1
  6) glibc/2.34                       45) w3emc/2.10.0
  7) intel-oneapi-runtime/2024.2.1    46) prod_util/2.1.1
  8) zlib/1.2.13                      47) g2/3.5.1
  9) pigz/2.8                         48) ip/5.1.0
 10) zstd/1.5.6                       49) grib-util/1.4.0
 11) tar/1.34                         50) g2tmpl/1.13.0
 12) gettext/0.22.5                   51) gsi-ncdiag/1.1.2
 13) sqlite/3.46.0                    52) crtm-fix/2.4.0.1_emc
 14) util-linux-uuid/2.40.2           53) git-lfs/3.5.1
 15) python/3.11.7                    54) crtm/2.4.0.1
 16) stack-python/3.11.7              55) bufr/12.1.0
 17) nghttp2/1.63.0                   56) py-f90nml/1.4.3
 18) curl/8.10.1                      57) py-certifi/2023.7.22
 19) cmake/3.27.9                     58) py-cftime/1.0.3.4
 20) libjpeg/2.1.0                    59) py-netcdf4/1.7.1.post2
 21) jasper/2.0.32                    60) libyaml/0.2.5
 22) libpng/1.6.37                    61) py-pyyaml/6.0.2
 23) openjpeg/2.3.1                   62) py-markupsafe/2.1.3
 24) eccodes/2.33.0                   63) py-jinja2/3.1.4
 25) intel-oneapi-mkl/2024.2.1        64) py-pytz/2023.3
 26) proj/9.4.1                       65) py-tzdata/2023.3
 27) udunits/2.2.28                   66) py-pandas/2.2.3
 28) cdo/2.4.4                        67) py-six/1.16.0
 29) hdf5/1.14.3                      68) py-python-dateutil/2.8.2
 30) snappy/1.2.1                     69) py-packaging/24.1
 31) c-blosc/1.21.5                   70) py-setuptools/69.2.0
 32) netcdf-c/4.9.2                   71) py-xarray/2024.7.0
 33) netcdf-fortran/4.6.1             72) gw_run.common
 34) parallel-netcdf/1.12.3           73) g2c/2.1.0
 35) parallelio/2.6.2                 74) wgrib2/3.6.0
 36) python-venv/1.0                  75) prepobs/1.1.3
 37) py-mpi4py/4.0.1                  76) fit2obs/1.1.10
 38) py-numpy/1.26.4                  77) imagemagick/7.1.1-29
 39) py-pip/23.1.2                    78) gw_run.ursa

 

++ [[ -d /scratch3/NCEPDEV/global/role.glopara/GFS_CI_CD/URSA/BUILDS/GITLAB/pr_cases_5302_f16ac8d5_113066/global-workflow/sorc/wxflow/src ]]
++ PYTHONPATH=/scratch3/NCEPDEV/global/role.glopara/GFS_CI_CD/URSA/BUILDS/GITLAB/pr_cases_5302_f16ac8d5_113066/global-workflow/sorc/wxflow/src:/contrib/spack-stack/spack-stack-1.9.2/envs/ue-oneapi-2024.2.1/install/oneapi/2024.2.1/py-xarray-2024.7.0-tg53kls/lib/python3.11/site-packages:/contrib/spack-stack/spack-stack-1.9.2/envs/ue-oneapi-2024.2.1/install/oneapi/2024.2.1/py-setuptools-69.2.0-cge4bsx/lib/python3.11/site-packages:/contrib/spack-stack/spack-stack-1.9.2/envs/ue-oneapi-2024.2.1/install/oneapi/2024.2.1/py-packaging-24.1-njbyh5r/lib/python3.11/site-packages:/contrib/spack-stack/spack-stack-1.9.2/envs/ue-oneapi-2024.2.1/install/oneapi/2024.2.1/py-python-dateutil-2.8.2-qlkqzyg/lib/python3.11/site-packages:/contrib/spack-stack/spack-stack-1.9.2/envs/ue-oneapi-2024.2.1/install/oneapi/2024.2.1/py-six-1.16.0-jkszz2g/lib/python3.11/site-packages:/contrib/spack-stack/spack-stack-1.9.2/envs/ue-oneapi-2024.2.1/install/oneapi/2024.2.1/py-pandas-2.2.3-uar3v7v/lib/python3.11/site-packages:/contrib/spack-stack/spack-stack-1.9.2/envs/ue-oneapi-2024.2.1/install/oneapi/2024.2.1/py-tzdata-2023.3-wsjtkwg/lib/python3.11/site-packages:/contrib/spack-stack/spack-stack-1.9.2/envs/ue-oneapi-2024.2.1/install/oneapi/2024.2.1/py-pytz-2023.3-cfh3tbl/lib/python3.11/site-packages:/contrib/spack-stack/spack-stack-1.9.2/envs/ue-oneapi-2024.2.1/install/oneapi/2024.2.1/py-jinja2-3.1.4-jhz55wn/lib/python3.11/site-packages:/contrib/spack-stack/spack-stack-1.9.2/envs/ue-oneapi-2024.2.1/install/oneapi/2024.2.1/py-markupsafe-2.1.3-cct5rgj/lib/python3.11/site-packages:/contrib/spack-stack/spack-stack-1.9.2/envs/ue-oneapi-2024.2.1/install/oneapi/2024.2.1/py-pyyaml-6.0.2-55i3htn/lib/python3.11/site-packages:/contrib/spack-stack/spack-stack-1.9.2/envs/ue-oneapi-2024.2.1/install/oneapi/2024.2.1/py-netcdf4-1.7.1.post2-chvc6ro/lib/python3.11/site-packages:/contrib/spack-stack/spack-stack-1.9.2/envs/ue-oneapi-2024.2.1/install/oneapi/2024.2.1/py-cftime-1.0.3.4-ljy6l3p/lib/python3.11/site-packages:/contrib/spack-stack/spack-stack-1.9.2/envs/ue-oneapi-2024.2.1/install/oneapi/2024.2.1/py-certifi-2023.7.22-5zcopi6/lib/python3.11/site-packages:/contrib/spack-stack/spack-stack-1.9.2/envs/ue-oneapi-2024.2.1/install/oneapi/2024.2.1/py-f90nml-1.4.3-7rmrgv7/lib/python3.11/site-packages:/contrib/spack-stack/spack-stack-1.9.2/envs/ue-oneapi-2024.2.1/install/oneapi/2024.2.1/bufr-12.1.0-dxfkpsz/lib64/python3.11/site-packages:/contrib/spack-stack/spack-stack-1.9.2/envs/ue-oneapi-2024.2.1/install/oneapi/2024.2.1/esmf-8.8.0-hdxt3lx/lib/python3.11/site-packages:/contrib/spack-stack/spack-stack-1.9.2/envs/ue-oneapi-2024.2.1/install/oneapi/2024.2.1/py-pip-23.1.2-sjeblpd/lib/python3.11/site-packages:/contrib/spack-stack/spack-stack-1.9.2/envs/ue-oneapi-2024.2.1/install/oneapi/2024.2.1/py-numpy-1.26.4-mqxp6yv/lib/python3.11/site-packages:/contrib/spack-stack/spack-stack-1.9.2/envs/ue-oneapi-2024.2.1/install/oneapi/2024.2.1/py-mpi4py-4.0.1-plc5ydd/lib/python3.11/site-packages:/contrib/spack-stack/spack-stack-1.9.2/envs/ue-oneapi-2024.2.1/install/oneapi/2024.2.1/python-venv-1.0-qgjgfzk/lib/python3.11/site-packages
++ PYTHONPATH=/scratch3/NCEPDEV/global/role.glopara/GFS_CI_CD/URSA/BUILDS/GITLAB/pr_cases_5302_f16ac8d5_113066/global-workflow/sorc/wxflow/src:/contrib/spack-stack/spack-stack-1.9.2/envs/ue-oneapi-2024.2.1/install/oneapi/2024.2.1/py-xarray-2024.7.0-tg53kls/lib/python3.11/site-packages:/contrib/spack-stack/spack-stack-1.9.2/envs/ue-oneapi-2024.2.1/install/oneapi/2024.2.1/py-setuptools-69.2.0-cge4bsx/lib/python3.11/site-packages:/contrib/spack-stack/spack-stack-1.9.2/envs/ue-oneapi-2024.2.1/install/oneapi/2024.2.1/py-packaging-24.1-njbyh5r/lib/python3.11/site-packages:/contrib/spack-stack/spack-stack-1.9.2/envs/ue-oneapi-2024.2.1/install/oneapi/2024.2.1/py-python-dateutil-2.8.2-qlkqzyg/lib/python3.11/site-packages:/contrib/spack-stack/spack-stack-1.9.2/envs/ue-oneapi-2024.2.1/install/oneapi/2024.2.1/py-six-1.16.0-jkszz2g/lib/python3.11/site-packages:/contrib/spack-stack/spack-stack-1.9.2/envs/ue-oneapi-2024.2.1/install/oneapi/2024.2.1/py-pandas-2.2.3-uar3v7v/lib/python3.11/site-packages:/contrib/spack-stack/spack-stack-1.9.2/envs/ue-oneapi-2024.2.1/install/oneapi/2024.2.1/py-tzdata-2023.3-wsjtkwg/lib/python3.11/site-packages:/contrib/spack-stack/spack-stack-1.9.2/envs/ue-oneapi-2024.2.1/install/oneapi/2024.2.1/py-pytz-2023.3-cfh3tbl/lib/python3.11/site-packages:/contrib/spack-stack/spack-stack-1.9.2/envs/ue-oneapi-2024.2.1/install/oneapi/2024.2.1/py-jinja2-3.1.4-jhz55wn/lib/python3.11/site-packages:/contrib/spack-stack/spack-stack-1.9.2/envs/ue-oneapi-2024.2.1/install/oneapi/2024.2.1/py-markupsafe-2.1.3-cct5rgj/lib/python3.11/site-packages:/contrib/spack-stack/spack-stack-1.9.2/envs/ue-oneapi-2024.2.1/install/oneapi/2024.2.1/py-pyyaml-6.0.2-55i3htn/lib/python3.11/site-packages:/contrib/spack-stack/spack-stack-1.9.2/envs/ue-oneapi-2024.2.1/install/oneapi/2024.2.1/py-netcdf4-1.7.1.post2-chvc6ro/lib/python3.11/site-packages:/contrib/spack-stack/spack-stack-1.9.2/envs/ue-oneapi-2024.2.1/install/oneapi/2024.2.1/py-cftime-1.0.3.4-ljy6l3p/lib/python3.11/site-packages:/contrib/spack-stack/spack-stack-1.9.2/envs/ue-oneapi-2024.2.1/install/oneapi/2024.2.1/py-certifi-2023.7.22-5zcopi6/lib/python3.11/site-packages:/contrib/spack-stack/spack-stack-1.9.2/envs/ue-oneapi-2024.2.1/install/oneapi/2024.2.1/py-f90nml-1.4.3-7rmrgv7/lib/python3.11/site-packages:/contrib/spack-stack/spack-stack-1.9.2/envs/ue-oneapi-2024.2.1/install/oneapi/2024.2.1/bufr-12.1.0-dxfkpsz/lib64/python3.11/site-packages:/contrib/spack-stack/spack-stack-1.9.2/envs/ue-oneapi-2024.2.1/install/oneapi/2024.2.1/esmf-8.8.0-hdxt3lx/lib/python3.11/site-packages:/contrib/spack-stack/spack-stack-1.9.2/envs/ue-oneapi-2024.2.1/install/oneapi/2024.2.1/py-pip-23.1.2-sjeblpd/lib/python3.11/site-packages:/contrib/spack-stack/spack-stack-1.9.2/envs/ue-oneapi-2024.2.1/install/oneapi/2024.2.1/py-numpy-1.26.4-mqxp6yv/lib/python3.11/site-packages:/contrib/spack-stack/spack-stack-1.9.2/envs/ue-oneapi-2024.2.1/install/oneapi/2024.2.1/py-mpi4py-4.0.1-plc5ydd/lib/python3.11/site-packages:/contrib/spack-stack/spack-stack-1.9.2/envs/ue-oneapi-2024.2.1/install/oneapi/2024.2.1/python-venv-1.0-qgjgfzk/lib/python3.11/site-packages:/scratch3/NCEPDEV/global/role.glopara/GFS_CI_CD/URSA/BUILDS/GITLAB/pr_cases_5302_f16ac8d5_113066/global-workflow/ush/python
++ export PYTHONPATH
++ ulimit -S -s unlimited
++ unset ulimit_s
++ [[ NO == \Y\E\S ]]
+ status=0
+ [[ 0 -ne 0 ]]
+ export job=fetch
+ job=fetch
+ export jobid=fetch.850692
+ jobid=fetch.850692
+ /scratch3/NCEPDEV/global/role.glopara/GFS_CI_CD/URSA/BUILDS/GITLAB/pr_cases_5302_f16ac8d5_113066/global-workflow/dev/jobs/JGLOBAL_FETCH
+ export DATA=/scratch4/NCEPDEV/stmp/role.glopara/RUNDIRS/C96_gcafs_cycled_f16ac8d5-113066/gcdas.2021122018/gcdasfetch_18
+ DATA=/scratch4/NCEPDEV/stmp/role.glopara/RUNDIRS/C96_gcafs_cycled_f16ac8d5-113066/gcdas.2021122018/gcdasfetch_18
+ source /scratch3/NCEPDEV/global/role.glopara/GFS_CI_CD/URSA/BUILDS/GITLAB/pr_cases_5302_f16ac8d5_113066/global-workflow/ush/jjob_header.sh -e fetch -c 'base fetch'
+++ basename /scratch3/NCEPDEV/global/role.glopara/GFS_CI_CD/URSA/BUILDS/GITLAB/pr_cases_5302_f16ac8d5_113066/global-workflow/dev/jobs/JGLOBAL_FETCH
++ _calling_script=JGLOBAL_FETCH
++ source /scratch3/NCEPDEV/global/role.glopara/GFS_CI_CD/URSA/BUILDS/GITLAB/pr_cases_5302_f16ac8d5_113066/global-workflow/ush/err_exit.sh
+++ declare -xf err_exit
++ pgm=JGLOBAL_FETCH
++ export pgm
++ OPTIND=1
++ getopts c:e: option
++ case "${option}" in
++ env_job=fetch
++ getopts c:e: option
++ case "${option}" in
++ read -ra configs
++ getopts c:e: option
++ shift 4
++ [[ -z fetch ]]
++ export EXPDIR=/scratch3/NCEPDEV/global/role.glopara/GFS_CI_CD/URSA/BUILDS/GITLAB/pr_cases_5302_f16ac8d5_113066/RUNTESTS/EXPDIR/C96_gcafs_cycled_f16ac8d5-113066
++ EXPDIR=/scratch3/NCEPDEV/global/role.glopara/GFS_CI_CD/URSA/BUILDS/GITLAB/pr_cases_5302_f16ac8d5_113066/RUNTESTS/EXPDIR/C96_gcafs_cycled_f16ac8d5-113066
++ for config in "${configs[@]:-''}"
++ source /scratch3/NCEPDEV/global/role.glopara/GFS_CI_CD/URSA/BUILDS/GITLAB/pr_cases_5302_f16ac8d5_113066/RUNTESTS/EXPDIR/C96_gcafs_cycled_f16ac8d5-113066/config.base
+++ echo 'BEGIN: config.base'
BEGIN: config.base
+++ export machine=URSA
+++ machine=URSA
+++ export RUN_ENVIR=emc
+++ RUN_ENVIR=emc
+++ export ACCOUNT=hfv3gfs
+++ ACCOUNT=hfv3gfs
+++ export QUEUE=batch
+++ QUEUE=batch
+++ export QUEUE_SERVICE=batch
+++ QUEUE_SERVICE=batch
+++ export QUEUE_EXCLUSIVE=batch
+++ QUEUE_EXCLUSIVE=batch
+++ export QUEUE_DTN=batch
+++ QUEUE_DTN=batch
+++ export PARTITION_BATCH=u1-compute
+++ PARTITION_BATCH=u1-compute
+++ export PARTITION_SERVICE=u1-service
+++ PARTITION_SERVICE=u1-service
+++ export PARTITION_EXCLUSIVE=
+++ PARTITION_EXCLUSIVE=
+++ export PARTITION_DTN=
+++ PARTITION_DTN=
+++ export RESERVATION=
+++ RESERVATION=
+++ export CLUSTERS=
+++ CLUSTERS=
+++ export CLUSTERS_SERVICE=
+++ CLUSTERS_SERVICE=
+++ export CLUSTERS_EXCLUSIVE=
+++ CLUSTERS_EXCLUSIVE=
+++ export CLUSTERS_DTN=
+++ CLUSTERS_DTN=
+++ export HPSS_PROJECT=emc-global
+++ HPSS_PROJECT=emc-global
+++ export HOMEglobal=/scratch3/NCEPDEV/global/role.glopara/GFS_CI_CD/URSA/BUILDS/GITLAB/pr_cases_5302_f16ac8d5_113066/global-workflow
+++ HOMEglobal=/scratch3/NCEPDEV/global/role.glopara/GFS_CI_CD/URSA/BUILDS/GITLAB/pr_cases_5302_f16ac8d5_113066/global-workflow
+++ export EXECglobal=/scratch3/NCEPDEV/global/role.glopara/GFS_CI_CD/URSA/BUILDS/GITLAB/pr_cases_5302_f16ac8d5_113066/global-workflow/exec
+++ EXECglobal=/scratch3/NCEPDEV/global/role.glopara/GFS_CI_CD/URSA/BUILDS/GITLAB/pr_cases_5302_f16ac8d5_113066/global-workflow/exec
+++ export FIXglobal=/scratch3/NCEPDEV/global/role.glopara/GFS_CI_CD/URSA/BUILDS/GITLAB/pr_cases_5302_f16ac8d5_113066/global-workflow/fix
+++ FIXglobal=/scratch3/NCEPDEV/global/role.glopara/GFS_CI_CD/URSA/BUILDS/GITLAB/pr_cases_5302_f16ac8d5_113066/global-workflow/fix
+++ export PARMglobal=/scratch3/NCEPDEV/global/role.glopara/GFS_CI_CD/URSA/BUILDS/GITLAB/pr_cases_5302_f16ac8d5_113066/global-workflow/parm
+++ PARMglobal=/scratch3/NCEPDEV/global/role.glopara/GFS_CI_CD/URSA/BUILDS/GITLAB/pr_cases_5302_f16ac8d5_113066/global-workflow/parm
+++ export SCRglobal=/scratch3/NCEPDEV/global/role.glopara/GFS_CI_CD/URSA/BUILDS/GITLAB/pr_cases_5302_f16ac8d5_113066/global-workflow/scripts
+++ SCRglobal=/scratch3/NCEPDEV/global/role.glopara/GFS_CI_CD/URSA/BUILDS/GITLAB/pr_cases_5302_f16ac8d5_113066/global-workflow/scripts
+++ export USHglobal=/scratch3/NCEPDEV/global/role.glopara/GFS_CI_CD/URSA/BUILDS/GITLAB/pr_cases_5302_f16ac8d5_113066/global-workflow/ush
+++ USHglobal=/scratch3/NCEPDEV/global/role.glopara/GFS_CI_CD/URSA/BUILDS/GITLAB/pr_cases_5302_f16ac8d5_113066/global-workflow/ush
+++ export FIXam=/scratch3/NCEPDEV/global/role.glopara/GFS_CI_CD/URSA/BUILDS/GITLAB/pr_cases_5302_f16ac8d5_113066/global-workflow/fix/am
+++ FIXam=/scratch3/NCEPDEV/global/role.glopara/GFS_CI_CD/URSA/BUILDS/GITLAB/pr_cases_5302_f16ac8d5_113066/global-workflow/fix/am
+++ export FIXaer=/scratch3/NCEPDEV/global/role.glopara/GFS_CI_CD/URSA/BUILDS/GITLAB/pr_cases_5302_f16ac8d5_113066/global-workflow/fix/aer
+++ FIXaer=/scratch3/NCEPDEV/global/role.glopara/GFS_CI_CD/URSA/BUILDS/GITLAB/pr_cases_5302_f16ac8d5_113066/global-workflow/fix/aer
+++ export FIXcpl=/scratch3/NCEPDEV/global/role.glopara/GFS_CI_CD/URSA/BUILDS/GITLAB/pr_cases_5302_f16ac8d5_113066/global-workflow/fix/cpl
+++ FIXcpl=/scratch3/NCEPDEV/global/role.glopara/GFS_CI_CD/URSA/BUILDS/GITLAB/pr_cases_5302_f16ac8d5_113066/global-workflow/fix/cpl
+++ export FIXlut=/scratch3/NCEPDEV/global/role.glopara/GFS_CI_CD/URSA/BUILDS/GITLAB/pr_cases_5302_f16ac8d5_113066/global-workflow/fix/lut
+++ FIXlut=/scratch3/NCEPDEV/global/role.glopara/GFS_CI_CD/URSA/BUILDS/GITLAB/pr_cases_5302_f16ac8d5_113066/global-workflow/fix/lut
+++ export FIXcice=/scratch3/NCEPDEV/global/role.glopara/GFS_CI_CD/URSA/BUILDS/GITLAB/pr_cases_5302_f16ac8d5_113066/global-workflow/fix/cice
+++ FIXcice=/scratch3/NCEPDEV/global/role.glopara/GFS_CI_CD/URSA/BUILDS/GITLAB/pr_cases_5302_f16ac8d5_113066/global-workflow/fix/cice
+++ export FIXmom=/scratch3/NCEPDEV/global/role.glopara/GFS_CI_CD/URSA/BUILDS/GITLAB/pr_cases_5302_f16ac8d5_113066/global-workflow/fix/mom6
+++ FIXmom=/scratch3/NCEPDEV/global/role.glopara/GFS_CI_CD/URSA/BUILDS/GITLAB/pr_cases_5302_f16ac8d5_113066/global-workflow/fix/mom6
+++ export FIXreg2grb2=/scratch3/NCEPDEV/global/role.glopara/GFS_CI_CD/URSA/BUILDS/GITLAB/pr_cases_5302_f16ac8d5_113066/global-workflow/fix/reg2grb2
+++ FIXreg2grb2=/scratch3/NCEPDEV/global/role.glopara/GFS_CI_CD/URSA/BUILDS/GITLAB/pr_cases_5302_f16ac8d5_113066/global-workflow/fix/reg2grb2
+++ export FIXgdas=/scratch3/NCEPDEV/global/role.glopara/GFS_CI_CD/URSA/BUILDS/GITLAB/pr_cases_5302_f16ac8d5_113066/global-workflow/fix/gdas
+++ FIXgdas=/scratch3/NCEPDEV/global/role.glopara/GFS_CI_CD/URSA/BUILDS/GITLAB/pr_cases_5302_f16ac8d5_113066/global-workflow/fix/gdas
+++ export PACKAGEROOT=/scratch3/NCEPDEV/global/role.glopara/nwpara
+++ PACKAGEROOT=/scratch3/NCEPDEV/global/role.glopara/nwpara
+++ export COMROOT=/scratch3/NCEPDEV/global/role.glopara/GFS_CI_CD/URSA/BUILDS/GITLAB/pr_cases_5302_f16ac8d5_113066/RUNTESTS/COMROOT
+++ COMROOT=/scratch3/NCEPDEV/global/role.glopara/GFS_CI_CD/URSA/BUILDS/GITLAB/pr_cases_5302_f16ac8d5_113066/RUNTESTS/COMROOT
+++ export COMINsyn=/scratch3/NCEPDEV/global/role.glopara/com/gfs/prod/syndat
+++ COMINsyn=/scratch3/NCEPDEV/global/role.glopara/com/gfs/prod/syndat
+++ export DMPDIR=/scratch3/NCEPDEV/global/role.glopara/dump
+++ DMPDIR=/scratch3/NCEPDEV/global/role.glopara/dump
+++ export IODADIR=/scratch3/NCEPDEV/global/role.glopara/dump_ioda
+++ IODADIR=/scratch3/NCEPDEV/global/role.glopara/dump_ioda
+++ export USE_IODADIR=YES
+++ USE_IODADIR=YES
+++ export COMINnam=/scratch3/NCEPDEV/global/role.glopara/data/external_gempak/nam
+++ COMINnam=/scratch3/NCEPDEV/global/role.glopara/data/external_gempak/nam
+++ export HOMEDIR=/scratch3/NCEPDEV/global/role.glopara
+++ HOMEDIR=/scratch3/NCEPDEV/global/role.glopara
+++ export STMP=/scratch4/NCEPDEV/stmp/role.glopara
+++ STMP=/scratch4/NCEPDEV/stmp/role.glopara
+++ export PTMP=/scratch4/NCEPDEV/stmp/role.glopara
+++ PTMP=/scratch4/NCEPDEV/stmp/role.glopara
+++ export NOSCRUB=/scratch3/NCEPDEV/global/role.glopara
+++ NOSCRUB=/scratch3/NCEPDEV/global/role.glopara
+++ export BASE_GIT=/scratch3/NCEPDEV/global/role.glopara/git
+++ BASE_GIT=/scratch3/NCEPDEV/global/role.glopara/git
+++ export BASE_DATA=/scratch3/NCEPDEV/global/role.glopara/data
+++ BASE_DATA=/scratch3/NCEPDEV/global/role.glopara/data
+++ export DO_GOES=NO
+++ DO_GOES=NO
+++ export DO_BUFRSND=NO
+++ DO_BUFRSND=NO
+++ export DO_GEMPAK=NO
+++ DO_GEMPAK=NO
+++ export DO_AWIPS=NO
+++ DO_AWIPS=NO
+++ export DO_NPOESS=NO
+++ DO_NPOESS=NO
+++ export DO_TRACKER=NO
+++ DO_TRACKER=NO
+++ export DO_GENESIS=NO
+++ DO_GENESIS=NO
+++ export DO_GENESIS_FSU=NO
+++ DO_GENESIS_FSU=NO
+++ export DO_VERFOZN=YES
+++ DO_VERFOZN=YES
+++ export DO_VERFRAD=YES
+++ DO_VERFRAD=YES
+++ export DO_VMINMON=YES
+++ DO_VMINMON=YES
+++ export DO_ANLSTAT=NO
+++ DO_ANLSTAT=NO
+++ export DO_GSI_ANLSTAT=NO
+++ DO_GSI_ANLSTAT=NO
+++ export DO_MOS=NO
+++ DO_MOS=NO
+++ export REALTIME=YES
+++ REALTIME=YES
+++ export MODE=cycled
+++ MODE=cycled
+++ export DO_TEST_MODE=NO
+++ DO_TEST_MODE=NO
+++ export FIXgsi=/scratch3/NCEPDEV/global/role.glopara/GFS_CI_CD/URSA/BUILDS/GITLAB/pr_cases_5302_f16ac8d5_113066/global-workflow/fix/gsi
+++ FIXgsi=/scratch3/NCEPDEV/global/role.glopara/GFS_CI_CD/URSA/BUILDS/GITLAB/pr_cases_5302_f16ac8d5_113066/global-workflow/fix/gsi
+++ export HOMEpost=/scratch3/NCEPDEV/global/role.glopara/GFS_CI_CD/URSA/BUILDS/GITLAB/pr_cases_5302_f16ac8d5_113066/global-workflow
+++ HOMEpost=/scratch3/NCEPDEV/global/role.glopara/GFS_CI_CD/URSA/BUILDS/GITLAB/pr_cases_5302_f16ac8d5_113066/global-workflow
+++ export HOMEobsproc=/scratch3/NCEPDEV/global/role.glopara/git/obsproc/v1.2.0
+++ HOMEobsproc=/scratch3/NCEPDEV/global/role.glopara/git/obsproc/v1.2.0
+++ export NMV=mv
+++ NMV=mv
+++ export 'NLN=ln -sf'
+++ NLN='ln -sf'
+++ export CHGRP_RSTPROD=YES
+++ CHGRP_RSTPROD=YES
+++ export 'CHGRP_CMD=chgrp rstprod'
+++ CHGRP_CMD='chgrp rstprod'
+++ export NCDUMP=/contrib/spack-stack/spack-stack-1.9.2/envs/ue-oneapi-2024.2.1/install/oneapi/2024.2.1/netcdf-c-4.9.2-idnwcbr/bin/ncdump
+++ NCDUMP=/contrib/spack-stack/spack-stack-1.9.2/envs/ue-oneapi-2024.2.1/install/oneapi/2024.2.1/netcdf-c-4.9.2-idnwcbr/bin/ncdump
+++ export NCLEN=/scratch3/NCEPDEV/global/role.glopara/GFS_CI_CD/URSA/BUILDS/GITLAB/pr_cases_5302_f16ac8d5_113066/global-workflow/ush/getncdimlen.py
+++ NCLEN=/scratch3/NCEPDEV/global/role.glopara/GFS_CI_CD/URSA/BUILDS/GITLAB/pr_cases_5302_f16ac8d5_113066/global-workflow/ush/getncdimlen.py
+++ export VERBOSE=YES
+++ VERBOSE=YES
+++ export CAT_MPMD_LOGS=YES
+++ CAT_MPMD_LOGS=YES
+++ export DEBUG_POSTSCRIPT=NO
+++ DEBUG_POSTSCRIPT=NO
+++ export CHECK_DEAD_LINKS=NO
+++ CHECK_DEAD_LINKS=NO
+++ export BASE_ENV=/scratch3/NCEPDEV/global/role.glopara/GFS_CI_CD/URSA/BUILDS/GITLAB/pr_cases_5302_f16ac8d5_113066/global-workflow/env
+++ BASE_ENV=/scratch3/NCEPDEV/global/role.glopara/GFS_CI_CD/URSA/BUILDS/GITLAB/pr_cases_5302_f16ac8d5_113066/global-workflow/env
+++ export SDATE=2021122012
+++ SDATE=2021122012
+++ export EDATE=2021122100
+++ EDATE=2021122100
+++ export EXP_WARM_START=.false.
+++ EXP_WARM_START=.false.
+++ export assim_freq=6
+++ assim_freq=6
+++ export PSLOT=C96_gcafs_cycled_f16ac8d5-113066
+++ PSLOT=C96_gcafs_cycled_f16ac8d5-113066
+++ export EXPDIR=/scratch3/NCEPDEV/global/role.glopara/GFS_CI_CD/URSA/BUILDS/GITLAB/pr_cases_5302_f16ac8d5_113066/RUNTESTS/EXPDIR/C96_gcafs_cycled_f16ac8d5-113066
+++ EXPDIR=/scratch3/NCEPDEV/global/role.glopara/GFS_CI_CD/URSA/BUILDS/GITLAB/pr_cases_5302_f16ac8d5_113066/RUNTESTS/EXPDIR/C96_gcafs_cycled_f16ac8d5-113066
+++ export ROTDIR=/scratch3/NCEPDEV/global/role.glopara/GFS_CI_CD/URSA/BUILDS/GITLAB/pr_cases_5302_f16ac8d5_113066/RUNTESTS/COMROOT/C96_gcafs_cycled_f16ac8d5-113066
+++ ROTDIR=/scratch3/NCEPDEV/global/role.glopara/GFS_CI_CD/URSA/BUILDS/GITLAB/pr_cases_5302_f16ac8d5_113066/RUNTESTS/COMROOT/C96_gcafs_cycled_f16ac8d5-113066
+++ export DUMP_SUFFIX=
+++ DUMP_SUFFIX=
+++ [[ 2021122018 -ge 2019092100 ]]
+++ [[ 2021122018 -le 2019110700 ]]
+++ export ARCDIR=/scratch3/NCEPDEV/global/role.glopara/archive/C96_gcafs_cycled_f16ac8d5-113066
+++ ARCDIR=/scratch3/NCEPDEV/global/role.glopara/archive/C96_gcafs_cycled_f16ac8d5-113066
+++ export ATARDIR=/NCEPDEV/emc-global/1year/role.glopara/URSA/scratch/C96_gcafs_cycled_f16ac8d5-113066
+++ ATARDIR=/NCEPDEV/emc-global/1year/role.glopara/URSA/scratch/C96_gcafs_cycled_f16ac8d5-113066
+++ export 'FETCHDIR={{ FETCHDIR }}'
+++ FETCHDIR='{{ FETCHDIR }}'
+++ export NET=gcafs
+++ NET=gcafs
+++ export RUN=gcdas
+++ RUN=gcdas
+++ source /scratch3/NCEPDEV/global/role.glopara/GFS_CI_CD/URSA/BUILDS/GITLAB/pr_cases_5302_f16ac8d5_113066/RUNTESTS/EXPDIR/C96_gcafs_cycled_f16ac8d5-113066/config.com
++++ echo 'BEGIN: config.com'
BEGIN: config.com
++++ [[ emc == \n\c\o ]]
++++ COM_OBSPROC_TMPL='${DMPDIR}/${RUN}${DUMP_SUFFIX}.${YMD}/${HH}/atmos'
++++ COM_OBSFORGE_TMPL='${IODADIR}/${RUN}${DUMP_SUFFIX}.${YMD}/${HH}'
++++ COM_RTOFS_TMPL='${DMPDIR}'
++++ COM_TCVITAL_TMPL='${DMPDIR}/${RUN}.${YMD}/${HH}/atmos'
++++ declare -rx 'COM_OBS_TMPL=${ROTDIR}/${RUN}.${YMD}/${HH}/obs'
++++ declare -rx COM_OBSPROC_TMPL COM_RTOFS_TMPL COM_OBSFORGE_TMPL
++++ COM_BASE='${ROTDIR}/${RUN}.${YMD}/${HH}/${MEMDIR}'
++++ declare -rx 'COM_TOP_TMPL=${ROTDIR}/${RUN}.${YMD}/${HH}'
++++ declare -rx 'COM_CONF_TMPL=${ROTDIR}/${RUN}.${YMD}/${HH}/${MEMDIR}/conf'
++++ declare -rx 'COM_ATMOS_INPUT_TMPL=${ROTDIR}/${RUN}.${YMD}/${HH}/${MEMDIR}/model/atmos/input'
++++ declare -rx 'COM_ATMOS_RESTART_TMPL=${ROTDIR}/${RUN}.${YMD}/${HH}/${MEMDIR}/model/atmos/restart'
++++ declare -rx 'COM_ATMOS_ANALYSIS_TMPL=${ROTDIR}/${RUN}.${YMD}/${HH}/${MEMDIR}/analysis/atmos'
++++ declare -rx 'COM_SNOW_ANALYSIS_TMPL=${ROTDIR}/${RUN}.${YMD}/${HH}/${MEMDIR}/analysis/snow'
++++ declare -rx 'COM_SNOW_ANLMON_TMPL=${ROTDIR}/${RUN}.${YMD}/${HH}/${MEMDIR}/products/snow/anlmon'
++++ declare -rx 'COM_ATMOS_HISTORY_TMPL=${ROTDIR}/${RUN}.${YMD}/${HH}/${MEMDIR}/model/atmos/history'
++++ declare -rx 'COM_ATMOS_MASTER_TMPL=${ROTDIR}/${RUN}.${YMD}/${HH}/${MEMDIR}/model/atmos/master'
++++ declare -rx 'COM_ATMOS_GRIB_TMPL=${ROTDIR}/${RUN}.${YMD}/${HH}/${MEMDIR}/products/atmos/grib2'
++++ declare -rx 'COM_ATMOS_GRIB_GRID_TMPL=${ROTDIR}/${RUN}.${YMD}/${HH}/${MEMDIR}/products/atmos/grib2/${GRID}'
++++ declare -rx 'COM_ATMOS_BUFR_TMPL=${ROTDIR}/${RUN}.${YMD}/${HH}/${MEMDIR}/products/atmos/bufr'
++++ declare -rx 'COM_ATMOS_GEMPAK_TMPL=${ROTDIR}/${RUN}.${YMD}/${HH}/${MEMDIR}/products/atmos/gempak/${GRID}'
++++ declare -rx 'COM_ATMOS_GENESIS_TMPL=${ROTDIR}/${RUN}.${YMD}/${HH}/${MEMDIR}/products/atmos/cyclone/genesis_vital'
++++ declare -rx 'COM_ATMOS_TRACK_TMPL=${ROTDIR}/${RUN}.${YMD}/${HH}/${MEMDIR}/products/atmos/cyclone/tracks'
++++ declare -rx 'COM_ATMOS_GOES_TMPL=${ROTDIR}/${RUN}.${YMD}/${HH}/${MEMDIR}/products/atmos/goes_sim'
++++ declare -rx 'COM_ATMOS_IMAGERY_TMPL=${ROTDIR}/${RUN}.${YMD}/${HH}/${MEMDIR}/products/atmos/imagery'
++++ declare -rx 'COM_ATMOS_OZNMON_TMPL=${ROTDIR}/${RUN}.${YMD}/${HH}/${MEMDIR}/products/atmos/oznmon'
++++ declare -rx 'COM_ATMOS_RADMON_TMPL=${ROTDIR}/${RUN}.${YMD}/${HH}/${MEMDIR}/products/atmos/radmon'
++++ declare -rx 'COM_ATMOS_MINMON_TMPL=${ROTDIR}/${RUN}.${YMD}/${HH}/${MEMDIR}/products/atmos/minmon'
++++ declare -rx 'COM_ATMOS_ANLMON_TMPL=${ROTDIR}/${RUN}.${YMD}/${HH}/${MEMDIR}/products/atmos/anlmon'
++++ declare -rx 'COM_ATMOS_WMO_TMPL=${ROTDIR}/${RUN}.${YMD}/${HH}/${MEMDIR}/products/atmos/wmo'
++++ declare -rx 'COM_WAVE_RESTART_TMPL=${ROTDIR}/${RUN}.${YMD}/${HH}/${MEMDIR}/model/wave/restart'
++++ declare -rx 'COM_WAVE_INIT_TMPL=${ROTDIR}/${RUN}.${YMD}/${HH}/${MEMDIR}/model/wave/init'
++++ declare -rx 'COM_WAVE_HISTORY_TMPL=${ROTDIR}/${RUN}.${YMD}/${HH}/${MEMDIR}/model/wave/history'
++++ declare -rx 'COM_WAVE_GRID_TMPL=${ROTDIR}/${RUN}.${YMD}/${HH}/${MEMDIR}/products/wave/gridded'
++++ declare -rx 'COM_WAVE_GRID_RES_TMPL=${ROTDIR}/${RUN}.${YMD}/${HH}/${MEMDIR}/products/wave/gridded/${GRDRESNAME}'
++++ declare -rx 'COM_WAVE_STATION_TMPL=${ROTDIR}/${RUN}.${YMD}/${HH}/${MEMDIR}/products/wave/station'
++++ declare -rx 'COM_WAVE_GEMPAK_TMPL=${ROTDIR}/${RUN}.${YMD}/${HH}/${MEMDIR}/products/wave/gempak'
++++ declare -rx 'COM_WAVE_WMO_TMPL=${ROTDIR}/${RUN}.${YMD}/${HH}/${MEMDIR}/products/wave/wmo'
++++ declare -rx 'COM_OCEAN_HISTORY_TMPL=${ROTDIR}/${RUN}.${YMD}/${HH}/${MEMDIR}/model/ocean/history'
++++ declare -rx 'COM_OCEAN_RESTART_TMPL=${ROTDIR}/${RUN}.${YMD}/${HH}/${MEMDIR}/model/ocean/restart'
++++ declare -rx 'COM_OCEAN_INPUT_TMPL=${ROTDIR}/${RUN}.${YMD}/${HH}/${MEMDIR}/model/ocean/input'
++++ declare -rx 'COM_OCEAN_ANALYSIS_TMPL=${ROTDIR}/${RUN}.${YMD}/${HH}/${MEMDIR}/analysis/ocean'
++++ declare -rx 'COM_OCEAN_ANLMON_TMPL=${ROTDIR}/${RUN}.${YMD}/${HH}/${MEMDIR}/products/ocean/anlmon'
++++ declare -rx 'COM_OCEAN_BMATRIX_TMPL=${ROTDIR}/${RUN}.${YMD}/${HH}/${MEMDIR}/bmatrix/ocean'
++++ declare -rx 'COM_OCEAN_NETCDF_TMPL=${ROTDIR}/${RUN}.${YMD}/${HH}/${MEMDIR}/products/ocean/netcdf'
++++ declare -rx 'COM_OCEAN_GRIB_TMPL=${ROTDIR}/${RUN}.${YMD}/${HH}/${MEMDIR}/products/ocean/grib2'
++++ declare -rx 'COM_OCEAN_GRIB_GRID_TMPL=${ROTDIR}/${RUN}.${YMD}/${HH}/${MEMDIR}/products/ocean/grib2/${GRID}'
++++ declare -rx 'COM_ICE_ANALYSIS_TMPL=${ROTDIR}/${RUN}.${YMD}/${HH}/${MEMDIR}/analysis/ice'
++++ declare -rx 'COM_ICE_ANLMON_TMPL=${ROTDIR}/${RUN}.${YMD}/${HH}/${MEMDIR}/products/ice/anlmon'
++++ declare -rx 'COM_ICE_BMATRIX_TMPL=${ROTDIR}/${RUN}.${YMD}/${HH}/${MEMDIR}/bmatrix/ice'
++++ declare -rx 'COM_ICE_INPUT_TMPL=${ROTDIR}/${RUN}.${YMD}/${HH}/${MEMDIR}/model/ice/input'
++++ declare -rx 'COM_ICE_HISTORY_TMPL=${ROTDIR}/${RUN}.${YMD}/${HH}/${MEMDIR}/model/ice/history'
++++ declare -rx 'COM_ICE_RESTART_TMPL=${ROTDIR}/${RUN}.${YMD}/${HH}/${MEMDIR}/model/ice/restart'
++++ declare -rx 'COM_ICE_NETCDF_TMPL=${ROTDIR}/${RUN}.${YMD}/${HH}/${MEMDIR}/products/ice/netcdf'
++++ declare -rx 'COM_ICE_GRIB_TMPL=${ROTDIR}/${RUN}.${YMD}/${HH}/${MEMDIR}/products/ice/grib2'
++++ declare -rx 'COM_ICE_GRIB_GRID_TMPL=${ROTDIR}/${RUN}.${YMD}/${HH}/${MEMDIR}/products/ice/grib2/${GRID}'
++++ declare -rx 'COM_CHEM_HISTORY_TMPL=${ROTDIR}/${RUN}.${YMD}/${HH}/${MEMDIR}/model/chem/history'
++++ declare -rx 'COM_CHEM_ANALYSIS_TMPL=${ROTDIR}/${RUN}.${YMD}/${HH}/${MEMDIR}/analysis/chem'
++++ declare -rx 'COM_CHEM_BMAT_TMPL=${ROTDIR}/${RUN}.${YMD}/${HH}/${MEMDIR}/analysis/chem/bmatrix'
++++ declare -rx 'COM_CHEM_ANLMON_TMPL=${ROTDIR}/${RUN}.${YMD}/${HH}/${MEMDIR}/products/chem/anlmon'
++++ declare -rx 'COM_CHEM_INPUT_TMPL=${ROTDIR}/${RUN}.${YMD}/${HH}/${MEMDIR}/model/chem/input'
++++ declare -rx 'COM_CHEM_RESTART_TMPL=${ROTDIR}/${RUN}.${YMD}/${HH}/${MEMDIR}/model/chem/restart'
++++ declare -rx 'COM_MED_RESTART_TMPL=${ROTDIR}/${RUN}.${YMD}/${HH}/${MEMDIR}/model/med/restart'
+++ export LOGSCRIPT=
+++ LOGSCRIPT=
+++ export SENDSDM=NO
+++ SENDSDM=NO
+++ export SENDAWIP=NO
+++ SENDAWIP=NO
+++ export APP=ATMA
+++ APP=ATMA
+++ shopt -s extglob
+++ case "${RUN}" in
+++ shopt -u extglob
+++ export DO_ATM=YES
+++ DO_ATM=YES
+++ export DO_COUPLED=NO
+++ DO_COUPLED=NO
+++ export DO_WAVE=NO
+++ DO_WAVE=NO
+++ export DO_OCN=NO
+++ DO_OCN=NO
+++ export DO_ICE=NO
+++ DO_ICE=NO
+++ DO_AERO=NO
+++ export DO_PREP_OBS_AERO=NO
+++ DO_PREP_OBS_AERO=NO
+++ aero_anl_runs=gcdas
+++ export DO_AERO_FCST=YES
+++ DO_AERO_FCST=YES
+++ export DO_AERO_ANL=NO
+++ DO_AERO_ANL=NO
+++ export DOBNDPNT_WAVE=NO
+++ DOBNDPNT_WAVE=NO
+++ export DO_CHEM_WARMSTART=YES
+++ DO_CHEM_WARMSTART=YES
+++ export FRAC_GRID=.true.
+++ FRAC_GRID=.true.
+++ export DO_NEST=NO
+++ DO_NEST=NO
+++ [[ NO == \Y\E\S ]]
+++ export ntiles=6
+++ ntiles=6
+++ export FIXugwd=/scratch3/NCEPDEV/global/role.glopara/GFS_CI_CD/URSA/BUILDS/GITLAB/pr_cases_5302_f16ac8d5_113066/global-workflow/fix/ugwd
+++ FIXugwd=/scratch3/NCEPDEV/global/role.glopara/GFS_CI_CD/URSA/BUILDS/GITLAB/pr_cases_5302_f16ac8d5_113066/global-workflow/fix/ugwd
+++ export FIXorog=/scratch3/NCEPDEV/global/role.glopara/GFS_CI_CD/URSA/BUILDS/GITLAB/pr_cases_5302_f16ac8d5_113066/global-workflow/fix/orog
+++ FIXorog=/scratch3/NCEPDEV/global/role.glopara/GFS_CI_CD/URSA/BUILDS/GITLAB/pr_cases_5302_f16ac8d5_113066/global-workflow/fix/orog
+++ export OPS_RES=C768
+++ OPS_RES=C768
+++ export LEVS=128
+++ LEVS=128
+++ export CASE=C96
+++ CASE=C96
+++ export 'CASE_ENS={{ CASE_ENS }}'
+++ CASE_ENS='{{ CASE_ENS }}'
+++ export CASE_HIST=C96
+++ CASE_HIST=C96
+++ export OCNRES=500
+++ OCNRES=500
+++ export ICERES=500
+++ ICERES=500
+++ case "${CASE}" in
+++ export waveGRD=uglo_100km
+++ waveGRD=uglo_100km
+++ case "${APP}" in
+++ DO_AERO=YES
+++ [[ YES == \Y\E\S ]]
+++ [[ gcdas =~ gcdas ]]
+++ export DO_AERO_ANL=YES
+++ DO_AERO_ANL=YES
+++ export DO_AERO_FCST=YES
+++ DO_AERO_FCST=YES
+++ export USE_AERO_ANL=YES
+++ USE_AERO_ANL=YES
+++ [[ gcdas =~ gdas ]]
+++ [[ gcdas =~ gfs ]]
+++ export FHMIN=0
+++ FHMIN=0
+++ export FHMAX=9
+++ FHMAX=9
+++ export FHOUT=3
+++ FHOUT=3
+++ export FHOUT_OCN=3
+++ FHOUT_OCN=3
+++ export FHOUT_ICE=3
+++ FHOUT_ICE=3
+++ export FHOUT_AERO=3
+++ FHOUT_AERO=3
+++ export EUPD_CYC=gfs
+++ EUPD_CYC=gfs
+++ export INTERVAL_GFS=12
+++ INTERVAL_GFS=12
+++ export SDATE_GFS=2021122018
+++ SDATE_GFS=2021122018
+++ export FHMIN_GFS=0
+++ FHMIN_GFS=0
+++ export FHMAX_GFS=120
+++ FHMAX_GFS=120
+++ breakpnts=
+++ export FCST_SEGMENTS=0,120
+++ FCST_SEGMENTS=0,120
+++ export FHOUT_GFS=3
+++ FHOUT_GFS=3
+++ export FHMAX_HF_GFS=0
+++ FHMAX_HF_GFS=0
+++ export FHOUT_HF_GFS=1
+++ FHOUT_HF_GFS=1
+++ export FHOUT_OCN_GFS=6
+++ FHOUT_OCN_GFS=6
+++ export FHOUT_ICE_GFS=6
+++ FHOUT_ICE_GFS=6
+++ export FHMIN_WAV=0
+++ FHMIN_WAV=0
+++ export FHOUT_WAV=3
+++ FHOUT_WAV=3
+++ export FHOUT_WAV_GFS=3
+++ FHOUT_WAV_GFS=3
+++ export FHMAX_HF_WAV=120
+++ FHMAX_HF_WAV=120
+++ export FHOUT_HF_WAV=1
+++ FHOUT_HF_WAV=1
+++ export FHMAX_WAV=9
+++ FHMAX_WAV=9
+++ export FHMAX_WAV_GFS=120
+++ FHMAX_WAV_GFS=120
+++ export FHMAX_HF_GFS=0
+++ FHMAX_HF_GFS=0
+++ export FHMAX_WAV=9
+++ FHMAX_WAV=9
+++ export FHMAX_WAV_GFS=120
+++ FHMAX_WAV_GFS=120
+++ export FHMAX_HF_WAV=120
+++ FHMAX_HF_WAV=120
+++ export ILPOST=1
+++ ILPOST=1
+++ ((  FHMAX_HF_GFS < 120  ))
+++ export ILPOST=3
+++ ILPOST=3
+++ export FHMAX_GOES=180
+++ FHMAX_GOES=180
+++ export FHOUT_GOES=3
+++ FHOUT_GOES=3
+++ ((  FHMAX_GOES > FHMAX_GFS  ))
+++ export FHMAX_GOES=120
+++ FHMAX_GOES=120
+++ export restart_interval_gfs=12
+++ restart_interval_gfs=12
+++ export QUILTING=.true.
+++ QUILTING=.true.
+++ export OUTPUT_GRID=gaussian_grid
+++ OUTPUT_GRID=gaussian_grid
+++ export WRITE_DOPOST=.true.
+++ WRITE_DOPOST=.true.
+++ export WRITE_NSFLIP=.true.
+++ WRITE_NSFLIP=.true.
+++ export DOIAU=NO
+++ DOIAU=NO
+++ export IAUFHRS=3,6,9
+++ IAUFHRS=3,6,9
+++ export IAU_FHROT=3
+++ IAU_FHROT=3
+++ export IAU_DELTHRS=6
+++ IAU_DELTHRS=6
+++ export IAU_OFFSET=6
+++ IAU_OFFSET=6
+++ export DOIAU_ENKF=NO
+++ DOIAU_ENKF=NO
+++ export IAUFHRS_ENKF=3,6,9
+++ IAUFHRS_ENKF=3,6,9
+++ export IAU_DELTHRS_ENKF=6
+++ IAU_DELTHRS_ENKF=6
+++ export imp_physics=8
+++ imp_physics=8
+++ export DO_JEDIATMVAR=NO
+++ DO_JEDIATMVAR=NO
+++ export DO_JEDIATMENS=NO
+++ DO_JEDIATMENS=NO
+++ export DO_JEDIATMENS_SPLIT_OBSSOL=YES
+++ DO_JEDIATMENS_SPLIT_OBSSOL=YES
+++ export 'DO_JEDIAEROVAR={{ DO_JEDIAEROVAR }}'
+++ DO_JEDIAEROVAR='{{ DO_JEDIAEROVAR }}'
+++ export DO_JEDIOCNVAR=NO
+++ DO_JEDIOCNVAR=NO
+++ export DO_JEDISNOWDA=NO
+++ DO_JEDISNOWDA=NO
+++ export DO_MERGENSST=NO
+++ DO_MERGENSST=NO
+++ export DO_STARTMEM_FROM_JEDIICE=NO
+++ DO_STARTMEM_FROM_JEDIICE=NO
+++ export DOHYBVAR=NO
+++ DOHYBVAR=NO
+++ export DOHYBVAR_OCN=NO
+++ DOHYBVAR_OCN=NO
+++ export DOLETKF_OCN=NO
+++ DOLETKF_OCN=NO
+++ export NMEM_ENS=0
+++ NMEM_ENS=0
+++ export SMOOTH_ENKF=NO
+++ SMOOTH_ENKF=NO
+++ export l4densvar=.true.
+++ l4densvar=.true.
+++ export lwrite4danl=.true.
+++ lwrite4danl=.true.
+++ export DO_CALC_INCREMENT=NO
+++ DO_CALC_INCREMENT=NO
+++ export USE_BUILD_GSINFO=NO
+++ USE_BUILD_GSINFO=NO
+++ export BUILD_GSINFO_DIR=/scratch3/NCEPDEV/global/role.glopara/GFS_CI_CD/URSA/BUILDS/GITLAB/pr_cases_5302_f16ac8d5_113066/global-workflow/parm/gsinfo
+++ BUILD_GSINFO_DIR=/scratch3/NCEPDEV/global/role.glopara/GFS_CI_CD/URSA/BUILDS/GITLAB/pr_cases_5302_f16ac8d5_113066/global-workflow/parm/gsinfo
+++ export 'NMEM_ENS_GFS={{ NMEM_ENS_GFS }}'
+++ NMEM_ENS_GFS='{{ NMEM_ENS_GFS }}'
+++ export 'NMEM_ENS_GFS_OFFSET={{ NMEM_ENS_GFS_OFFSET }}'
+++ NMEM_ENS_GFS_OFFSET='{{ NMEM_ENS_GFS_OFFSET }}'
+++ export DO_CALC_INCREMENT_ENKF_GFS=NO
+++ DO_CALC_INCREMENT_ENKF_GFS=NO
+++ [[ NO = \Y\E\S ]]
+++ [[ NO == \N\O ]]
+++ [[ NO == \Y\E\S ]]
+++ export ENKF_SPREAD=YES
+++ ENKF_SPREAD=YES
+++ [[ gcdas == \g\d\a\s ]]
+++ [[ gcdas == \e\n\k\f\g\d\a\s ]]
+++ export DO_GSISOILDA=NO
+++ DO_GSISOILDA=NO
+++ export DO_LAND_IAU=.false.
+++ DO_LAND_IAU=.false.
+++ export LSOIL_INCR=2
+++ LSOIL_INCR=2
+++ [[ cycled = \c\y\c\l\e\d ]]
+++ [[ 2021122012 = \2\0\2\1\1\2\2\0\1\8 ]]
+++ [[ NO = \N\O ]]
+++ export IAU_OFFSET=0
+++ IAU_OFFSET=0
+++ export IAU_FHROT=0
+++ IAU_FHROT=0
+++ export IAUFHRS=6,
+++ IAUFHRS=6,
+++ export DO_LAND_IAU=.false.
+++ DO_LAND_IAU=.false.
+++ [[ NO = \N\O ]]
+++ export IAUFHRS_ENKF=6,
+++ IAUFHRS_ENKF=6,
+++ [[ NO == \Y\E\S ]]
+++ export restart_interval_enkfgdas=6
+++ restart_interval_enkfgdas=6
+++ export restart_interval_enkfgfs=6
+++ restart_interval_enkfgfs=6
+++ [[ NO == \Y\E\S ]]
+++ [[ YES == \Y\E\S ]]
+++ export restart_interval_gdas=3
+++ restart_interval_gdas=3
+++ export DONST=YES
+++ DONST=YES
+++ [[ YES = \Y\E\S ]]
+++ export 'FNTSFA=        '
+++ FNTSFA='        '
+++ export nst_anl=.true.
+++ nst_anl=.true.
+++ export 'INCREMENTS_TO_ZERO='\''liq_wat_inc'\'','\''icmr_inc'\'','\''rwmr_inc'\'','\''snmr_inc'\'','\''grle_inc'\'''
+++ INCREMENTS_TO_ZERO=''\''liq_wat_inc'\'','\''icmr_inc'\'','\''rwmr_inc'\'','\''snmr_inc'\'','\''grle_inc'\'''
+++ export 'INCVARS_ZERO_STRAT='\''sphum_inc'\'','\''liq_wat_inc'\'','\''icmr_inc'\'','\''rwmr_inc'\'','\''snmr_inc'\'','\''grle_inc'\'''
+++ INCVARS_ZERO_STRAT=''\''sphum_inc'\'','\''liq_wat_inc'\'','\''icmr_inc'\'','\''rwmr_inc'\'','\''snmr_inc'\'','\''grle_inc'\'''
+++ export INCVARS_EFOLD=5
+++ INCVARS_EFOLD=5
+++ export netcdf_diag=.true.
+++ netcdf_diag=.true.
+++ export binary_diag=.false.
+++ binary_diag=.false.
+++ export DO_CA=YES
+++ DO_CA=YES
+++ export DO_METP=NO
+++ DO_METP=NO
+++ export DO_FIT2OBS=YES
+++ DO_FIT2OBS=YES
+++ export FHMAX_FITS=132
+++ FHMAX_FITS=132
+++ [[ 132 -gt 120 ]]
+++ export FHMAX_FITS=120
+++ FHMAX_FITS=120
+++ export DO_FETCH_HPSS=NO
+++ DO_FETCH_HPSS=NO
+++ export DO_FETCH_LOCAL=NO
+++ DO_FETCH_LOCAL=NO
+++ export DO_ARCHCOM=YES
+++ DO_ARCHCOM=YES
+++ export ARCHCOM_TO=hpss
+++ ARCHCOM_TO=hpss
+++ export 'CLIENT_GLOBUS_UUID={{ CLIENT_GLOBUS_UUID }}'
+++ CLIENT_GLOBUS_UUID='{{ CLIENT_GLOBUS_UUID }}'
+++ [[ NO = \Y\E\S ]]
+++ [[ YES = \Y\E\S ]]
+++ export DO_ANLSTAT=YES
+++ DO_ANLSTAT=YES
+++ export OFFSET_START_HOUR=0
+++ OFFSET_START_HOUR=0
+++ export NUM_SND_COLLECTIVES=9
+++ NUM_SND_COLLECTIVES=9
+++ echo 'END: config.base'
END: config.base
++ true
++ export err=0
++ err=0
++ [[ 0 -ne 0 ]]
++ for config in "${configs[@]:-''}"
++ source /scratch3/NCEPDEV/global/role.glopara/GFS_CI_CD/URSA/BUILDS/GITLAB/pr_cases_5302_f16ac8d5_113066/RUNTESTS/EXPDIR/C96_gcafs_cycled_f16ac8d5-113066/config.fetch
+++ echo 'BEGIN: config.fetch'
BEGIN: config.fetch
+++ source /scratch3/NCEPDEV/global/role.glopara/GFS_CI_CD/URSA/BUILDS/GITLAB/pr_cases_5302_f16ac8d5_113066/RUNTESTS/EXPDIR/C96_gcafs_cycled_f16ac8d5-113066/config.resources fetch
++++ ((  1 != 1  ))
++++ step=fetch
++++ echo 'BEGIN: config.resources'
BEGIN: config.resources
++++ case ${machine} in
++++ max_tasks_per_node=192
++++ mem_node_max=360GB
++++ export max_tasks_per_node
++++ case ${step} in
++++ walltime=06:00:00
++++ ntasks=1
++++ tasks_per_node=1
++++ threads_per_task=1
++++ memory=4096M
++++ [[ -f /scratch3/NCEPDEV/global/role.glopara/GFS_CI_CD/URSA/BUILDS/GITLAB/pr_cases_5302_f16ac8d5_113066/RUNTESTS/EXPDIR/C96_gcafs_cycled_f16ac8d5-113066/config.resources.URSA ]]
++++ source /scratch3/NCEPDEV/global/role.glopara/GFS_CI_CD/URSA/BUILDS/GITLAB/pr_cases_5302_f16ac8d5_113066/RUNTESTS/EXPDIR/C96_gcafs_cycled_f16ac8d5-113066/config.resources.URSA
+++++ case ${step} in
++++ for resource_var in threads_per_task ntasks tasks_per_node NTASKS memory walltime
++++ run_resource_var=threads_per_task_gcdas
++++ [[ -n '' ]]
++++ [[ -n 0 ]]
++++ export threads_per_task
++++ for resource_var in threads_per_task ntasks tasks_per_node NTASKS memory walltime
++++ run_resource_var=ntasks_gcdas
++++ [[ -n '' ]]
++++ [[ -n 0 ]]
++++ export ntasks
++++ for resource_var in threads_per_task ntasks tasks_per_node NTASKS memory walltime
++++ run_resource_var=tasks_per_node_gcdas
++++ [[ -n '' ]]
++++ [[ -n 0 ]]
++++ export tasks_per_node
++++ for resource_var in threads_per_task ntasks tasks_per_node NTASKS memory walltime
++++ run_resource_var=NTASKS_gcdas
++++ [[ -n '' ]]
++++ [[ -n '' ]]
++++ for resource_var in threads_per_task ntasks tasks_per_node NTASKS memory walltime
++++ run_resource_var=memory_gcdas
++++ [[ -n '' ]]
++++ [[ -n 0 ]]
++++ export memory
++++ for resource_var in threads_per_task ntasks tasks_per_node NTASKS memory walltime
++++ run_resource_var=walltime_gcdas
++++ [[ -n '' ]]
++++ [[ -n 0 ]]
++++ export walltime
++++ echo 'END: config.resources'
END: config.resources
+++ [[ 2021122018 -gt 2021122012 ]]
+++ [[ 2021122018 -ge 2022112900 ]]
+++ [[ 2021122018 -ge 2022062700 ]]
+++ gdas_version=prod
+++ export gdas_version
+++ export FETCH_YAML_TMPL_LIST=/scratch3/NCEPDEV/global/role.glopara/GFS_CI_CD/URSA/BUILDS/GITLAB/pr_cases_5302_f16ac8d5_113066/global-workflow/parm/fetch/gcafs_ATMA_gdas-anl.yaml.j2,
+++ FETCH_YAML_TMPL_LIST=/scratch3/NCEPDEV/global/role.glopara/GFS_CI_CD/URSA/BUILDS/GITLAB/pr_cases_5302_f16ac8d5_113066/global-workflow/parm/fetch/gcafs_ATMA_gdas-anl.yaml.j2,
+++ echo 'END: config.fetch'
END: config.fetch
++ true
++ export err=0
++ err=0
++ [[ 0 -ne 0 ]]
++ source /scratch3/NCEPDEV/global/role.glopara/GFS_CI_CD/URSA/BUILDS/GITLAB/pr_cases_5302_f16ac8d5_113066/global-workflow/env/URSA.env fetch
+++ [[ 1 -ne 1 ]]
+++ step=fetch
+++ export 'launcher=srun -l --export=ALL --hint=nomultithread --distribution=block:block'
+++ launcher='srun -l --export=ALL --hint=nomultithread --distribution=block:block'
+++ export 'mpmd_opt=--multi-prog --output=mpmd.%j.%t.out'
+++ mpmd_opt='--multi-prog --output=mpmd.%j.%t.out'
+++ export OMP_STACKSIZE=2048000
+++ OMP_STACKSIZE=2048000
+++ export NTHSTACK=1024000000
+++ NTHSTACK=1024000000
+++ [[ -n 23164919 ]]
+++ ulimit -s unlimited
+++ ulimit -a
real-time non-blocking time  (microseconds, -R) unlimited
core file size              (blocks, -c) unlimited
data seg size               (kbytes, -d) unlimited
scheduling priority                 (-e) 0
file size                   (blocks, -f) unlimited
pending signals                     (-i) 3092288
max locked memory           (kbytes, -l) unlimited
max memory size             (kbytes, -m) 4194304
open files                          (-n) 131072
pipe size                (512 bytes, -p) 8
POSIX message queues         (bytes, -q) 819200
real-time priority                  (-r) 0
stack size                  (kbytes, -s) unlimited
cpu time                   (seconds, -t) unlimited
max user processes                  (-u) 3092288
virtual memory              (kbytes, -v) unlimited
file locks                          (-x) unlimited
+++ [[ -n 1 ]]
+++ [[ -n 192 ]]
+++ [[ -n 1 ]]
+++ max_threads_per_task=192
+++ NTHREADSmax=1
+++ NTHREADS1=1
+++ [[ 1 -gt 192 ]]
+++ [[ 1 -gt 192 ]]
+++ APRUN_default='srun -l --export=ALL --hint=nomultithread --distribution=block:block -n 1'
+++ [[ fetch = \p\r\e\p ]]
+++ [[ fetch = \p\r\e\p\b\u\f\r ]]
+++ [[ fetch = \p\r\e\p\_\e\m\i\s\s\i\o\n\s ]]
+++ [[ fetch = \w\a\v\e\i\n\i\t ]]
+++ [[ fetch = \w\a\v\e\p\r\e\p ]]
+++ [[ fetch = \w\a\v\e\p\o\s\t\s\b\s ]]
+++ [[ fetch = \w\a\v\e\p\o\s\t\b\n\d\p\n\t ]]
+++ [[ fetch = \w\a\v\e\p\o\s\t\b\n\d\p\n\t\b\l\l ]]
+++ [[ fetch = \w\a\v\e\p\o\s\t\p\n\t ]]
+++ [[ fetch = \w\a\v\e\_\s\t\a\t ]]
+++ [[ fetch = \w\a\v\e\_\s\t\a\t\_\p\n\t ]]
+++ [[ fetch = \a\t\m\a\n\l\v\a\r ]]
+++ [[ fetch = \a\t\m\e\n\s\a\n\l\o\b\s ]]
+++ [[ fetch = \a\t\m\e\n\s\a\n\l\s\o\l ]]
+++ [[ fetch = \a\t\m\e\n\s\a\n\l\l\e\t\k\f ]]
+++ [[ fetch = \a\t\m\e\n\s\a\n\l\f\v\3\i\n\c ]]
+++ [[ fetch = \a\e\r\o\a\n\l\v\a\r ]]
+++ [[ fetch = \a\e\r\o\a\n\l\g\e\n\b ]]
+++ [[ fetch = \a\t\m\a\n\l\f\v\3\i\n\c ]]
+++ [[ fetch = \a\n\l\s\t\a\t ]]
+++ [[ fetch = \s\n\o\w\a\n\l ]]
+++ [[ fetch = \e\s\n\o\w\a\n\l ]]
+++ [[ fetch = \m\a\r\i\n\e\b\m\a\t ]]
+++ [[ fetch = \m\a\r\i\n\e\a\n\l\v\a\r ]]
+++ [[ fetch = \m\a\r\i\n\e\a\n\l\c\h\k\p\t ]]
+++ [[ fetch = \m\a\r\i\n\e\a\n\l\e\c\e\n ]]
+++ [[ fetch = \m\a\r\i\n\e\a\n\l\l\e\t\k\f ]]
+++ [[ fetch = \e\c\e\n\_\f\v\3\j\e\d\i ]]
+++ [[ fetch = \a\n\a\l\c\a\l\c\_\f\v\3\j\e\d\i ]]
+++ [[ fetch = \a\n\a\l ]]
+++ [[ fetch = \a\n\a\l\c\a\l\c ]]
+++ [[ fetch = \a\n\a\l\d\i\a\g ]]
+++ [[ fetch = \e\d\i\a\g ]]
+++ [[ fetch = \o\f\f\l\i\n\e\a\n\l ]]
+++ [[ fetch = \s\f\c\a\n\l\_\g\c\y\c\l\e ]]
+++ [[ fetch = \s\f\c\a\n\l\_\r\e\g\r\i\d ]]
+++ [[ fetch = \e\o\b\s ]]
+++ [[ fetch = \e\u\p\d ]]
+++ [[ fetch = \f\c\s\t ]]
+++ [[ fetch = \e\f\c\s ]]
+++ [[ fetch = \u\p\p ]]
+++ [[ fetch = \a\t\m\o\s\_\p\r\o\d\u\c\t\s ]]
+++ [[ fetch = \o\c\e\a\n\i\c\e\_\p\r\o\d\u\c\t\s ]]
+++ [[ fetch = \e\c\e\n ]]
+++ [[ fetch = \e\s\f\c\_\g\c\y\c\l\e ]]
+++ [[ fetch = \e\s\f\c\_\r\e\g\r\i\d ]]
+++ [[ fetch = \e\p\o\s ]]
+++ [[ fetch = \p\o\s\t\s\n\d ]]
+++ [[ fetch = \a\w\i\p\s ]]
+++ [[ fetch = \f\i\t\2\o\b\s ]]
++ true
++ export err=0
++ err=0
++ [[ 0 -ne 0 ]]
+ source /scratch3/NCEPDEV/global/role.glopara/GFS_CI_CD/URSA/BUILDS/GITLAB/pr_cases_5302_f16ac8d5_113066/global-workflow/ush/jjob_standard_vars.sh
+++ date +%s
++ start_time=1791304457
++ export start_time
+++ date -d@1791304457 -u +%H:%M:%S
++ _start_time_human=16:34:17
++ _calling_script=JGLOBAL_FETCH
++ echo 'Begin JGLOBAL_FETCH at 16:34:17'
Begin JGLOBAL_FETCH at 16:34:17
++ declare -x 'PS4=+ $(basename ${BASH_SOURCE[0]:-${FUNCNAME[0]:-"Unknown"}})[${LINENO}] ${SECONDS}s: '
++ jjob_standard_vars.sh[46] 0s: export USHglobal=/scratch3/NCEPDEV/global/role.glopara/GFS_CI_CD/URSA/BUILDS/GITLAB/pr_cases_5302_f16ac8d5_113066/global-workflow/ush
++ jjob_standard_vars.sh[46] 0s: USHglobal=/scratch3/NCEPDEV/global/role.glopara/GFS_CI_CD/URSA/BUILDS/GITLAB/pr_cases_5302_f16ac8d5_113066/global-workflow/ush
++ jjob_standard_vars.sh[47] 0s: export FIXglobal=/scratch3/NCEPDEV/global/role.glopara/GFS_CI_CD/URSA/BUILDS/GITLAB/pr_cases_5302_f16ac8d5_113066/global-workflow/fix
++ jjob_standard_vars.sh[47] 0s: FIXglobal=/scratch3/NCEPDEV/global/role.glopara/GFS_CI_CD/URSA/BUILDS/GITLAB/pr_cases_5302_f16ac8d5_113066/global-workflow/fix
++ jjob_standard_vars.sh[48] 0s: export PARMglobal=/scratch3/NCEPDEV/global/role.glopara/GFS_CI_CD/URSA/BUILDS/GITLAB/pr_cases_5302_f16ac8d5_113066/global-workflow/parm
++ jjob_standard_vars.sh[48] 0s: PARMglobal=/scratch3/NCEPDEV/global/role.glopara/GFS_CI_CD/URSA/BUILDS/GITLAB/pr_cases_5302_f16ac8d5_113066/global-workflow/parm
++ jjob_standard_vars.sh[49] 0s: export SCRIPTSglobal=/scratch3/NCEPDEV/global/role.glopara/GFS_CI_CD/URSA/BUILDS/GITLAB/pr_cases_5302_f16ac8d5_113066/global-workflow/scripts
++ jjob_standard_vars.sh[49] 0s: SCRIPTSglobal=/scratch3/NCEPDEV/global/role.glopara/GFS_CI_CD/URSA/BUILDS/GITLAB/pr_cases_5302_f16ac8d5_113066/global-workflow/scripts
++ jjob_standard_vars.sh[54] 0s: export pid=851228
++ jjob_standard_vars.sh[54] 0s: pid=851228
++ jjob_standard_vars.sh[55] 0s: export pgmout=OUTPUT.851228
++ jjob_standard_vars.sh[55] 0s: pgmout=OUTPUT.851228
++ jjob_standard_vars.sh[56] 0s: export pgmerr=errfile
++ jjob_standard_vars.sh[56] 0s: pgmerr=errfile
++ jjob_standard_vars.sh[61] 0s: export envir=para
++ jjob_standard_vars.sh[61] 0s: envir=para
++ jjob_standard_vars.sh[62] 0s: export KEEPDATA=NO
++ jjob_standard_vars.sh[62] 0s: KEEPDATA=NO
++ jjob_standard_vars.sh[63] 0s: export SENDECF=NO
++ jjob_standard_vars.sh[63] 0s: SENDECF=NO
++ jjob_standard_vars.sh[64] 0s: export SENDDBN=NO
++ jjob_standard_vars.sh[64] 0s: SENDDBN=NO
++ jjob_standard_vars.sh[65] 0s: export DBNLOG=NO
++ jjob_standard_vars.sh[65] 0s: DBNLOG=NO
++ jjob_standard_vars.sh[66] 0s: export NODBNFCHK=NO
++ jjob_standard_vars.sh[66] 0s: NODBNFCHK=NO
++ jjob_standard_vars.sh[67] 0s: export SENDDBN_NTC=
++ jjob_standard_vars.sh[67] 0s: SENDDBN_NTC=
++ jjob_standard_vars.sh[68] 0s: export DBNROOT=/contrib/spack-stack/spack-stack-1.9.2/envs/ue-oneapi-2024.2.1/install/oneapi/2024.2.1/prod-util-2.1.1-nj6lim7/fakedbn
++ jjob_standard_vars.sh[68] 0s: DBNROOT=/contrib/spack-stack/spack-stack-1.9.2/envs/ue-oneapi-2024.2.1/install/oneapi/2024.2.1/prod-util-2.1.1-nj6lim7/fakedbn
++ jjob_standard_vars.sh[73] 0s: export DATA=/scratch4/NCEPDEV/stmp/role.glopara/RUNDIRS/C96_gcafs_cycled_f16ac8d5-113066/gcdas.2021122018/gcdasfetch_18
++ jjob_standard_vars.sh[73] 0s: DATA=/scratch4/NCEPDEV/stmp/role.glopara/RUNDIRS/C96_gcafs_cycled_f16ac8d5-113066/gcdas.2021122018/gcdasfetch_18
++ jjob_standard_vars.sh[79] 0s: export cycle=t18z
++ jjob_standard_vars.sh[79] 0s: cycle=t18z
+ JGLOBAL_FETCH[12] 0s: source /scratch3/NCEPDEV/global/role.glopara/GFS_CI_CD/URSA/BUILDS/GITLAB/pr_cases_5302_f16ac8d5_113066/global-workflow/ush/jjob_shell_setup.sh
++ jjob_shell_setup.sh[27] 0s: export USHglobal=/scratch3/NCEPDEV/global/role.glopara/GFS_CI_CD/URSA/BUILDS/GITLAB/pr_cases_5302_f16ac8d5_113066/global-workflow/ush
++ jjob_shell_setup.sh[27] 0s: USHglobal=/scratch3/NCEPDEV/global/role.glopara/GFS_CI_CD/URSA/BUILDS/GITLAB/pr_cases_5302_f16ac8d5_113066/global-workflow/ush
++ jjob_shell_setup.sh[28] 0s: export start_time=1791304457
++ jjob_shell_setup.sh[28] 0s: start_time=1791304457
++ jjob_shell_setup.sh[29] 0s: export _calling_script=JGLOBAL_FETCH
++ jjob_shell_setup.sh[29] 0s: _calling_script=JGLOBAL_FETCH
++ jjob_shell_setup.sh[34] 0s: source /scratch3/NCEPDEV/global/role.glopara/GFS_CI_CD/URSA/BUILDS/GITLAB/pr_cases_5302_f16ac8d5_113066/global-workflow/ush/wait_for_file.sh
+++ wait_for_file.sh[48] 0s: declare -xf wait_for_file
++ jjob_shell_setup.sh[35] 0s: source /scratch3/NCEPDEV/global/role.glopara/GFS_CI_CD/URSA/BUILDS/GITLAB/pr_cases_5302_f16ac8d5_113066/global-workflow/ush/dataroot_com_path.sh
+++ dataroot_com_path.sh[48] 0s: declare -xf dataroot_com_path
++ jjob_shell_setup.sh[36] 0s: source /scratch3/NCEPDEV/global/role.glopara/GFS_CI_CD/URSA/BUILDS/GITLAB/pr_cases_5302_f16ac8d5_113066/global-workflow/ush/timer.sh
+++ timer.sh[28] 0s: [[ -z '' ]]
+++ timer.sh[29] 0s: _GW_TIMER_STACK=()
+++ timer.sh[29] 0s: declare -xa _GW_TIMER_STACK
+++ timer.sh[30] 0s: _GW_LABEL_STACK=()
+++ timer.sh[30] 0s: declare -xa _GW_LABEL_STACK
+++ timer.sh[89] 0s: declare -xf tick
+++ timer.sh[90] 0s: declare -xf tock
+++ timer.sh[93] 0s: [[ /scratch3/NCEPDEV/global/role.glopara/GFS_CI_CD/URSA/BUILDS/GITLAB/pr_cases_5302_f16ac8d5_113066/global-workflow/ush/timer.sh == \/\s\c\r\a\t\c\h\3\/\N\C\E\P\D\E\V\/\g\l\o\b\a\l\/\r\o\l\e\.\g\l\o\p\a\r\a\/\G\F\S\_\C\I\_\C\D\/\U\R\S\A\/\B\U\I\L\D\S\/\G\I\T\L\A\B\/\p\r\_\c\a\s\e\s\_\5\3\0\2\_\f\1\6\a\c\8\d\5\_\1\1\3\0\6\6\/\g\l\o\b\a\l\-\w\o\r\k\f\l\o\w\/\d\e\v\/\j\o\b\s\/\J\G\L\O\B\A\L\_\F\E\T\C\H ]]
++ jjob_shell_setup.sh[37] 0s: source /scratch3/NCEPDEV/global/role.glopara/GFS_CI_CD/URSA/BUILDS/GITLAB/pr_cases_5302_f16ac8d5_113066/global-workflow/ush/err_exit.sh
+++ err_exit.sh[81] 0s: declare -xf err_exit
++ jjob_shell_setup.sh[38] 0s: shopt -s nullglob
++ jjob_shell_setup.sh[43] 0s: export SHELLOPTS
++ jjob_shell_setup.sh[47] 0s: source /scratch3/NCEPDEV/global/role.glopara/GFS_CI_CD/URSA/BUILDS/GITLAB/pr_cases_5302_f16ac8d5_113066/global-workflow/ush/setup_data_dir.sh /scratch4/NCEPDEV/stmp/role.glopara/RUNDIRS/C96_gcafs_cycled_f16ac8d5-113066/gcdas.2021122018/gcdasfetch_18
+++ setup_data_dir.sh[15] 0s: dir_to_create_=/scratch4/NCEPDEV/stmp/role.glopara/RUNDIRS/C96_gcafs_cycled_f16ac8d5-113066/gcdas.2021122018/gcdasfetch_18
+++ setup_data_dir.sh[16] 0s: [[ YES == \Y\E\S ]]
+++ setup_data_dir.sh[17] 0s: rm -rf /scratch4/NCEPDEV/stmp/role.glopara/RUNDIRS/C96_gcafs_cycled_f16ac8d5-113066/gcdas.2021122018/gcdasfetch_18
+++ setup_data_dir.sh[19] 0s: mkdir -p /scratch4/NCEPDEV/stmp/role.glopara/RUNDIRS/C96_gcafs_cycled_f16ac8d5-113066/gcdas.2021122018/gcdasfetch_18
+++ setup_data_dir.sh[20] 0s: cd /scratch4/NCEPDEV/stmp/role.glopara/RUNDIRS/C96_gcafs_cycled_f16ac8d5-113066/gcdas.2021122018/gcdasfetch_18
++ jjob_shell_setup.sh[50] 0s: set -x
++ jjob_shell_setup.sh[56] 0s: trap '/scratch3/NCEPDEV/global/role.glopara/GFS_CI_CD/URSA/BUILDS/GITLAB/pr_cases_5302_f16ac8d5_113066/global-workflow/ush/postamble.sh 1791304457' EXIT
++ jjob_shell_setup.sh[62] 0s: setpdy.sh
+ setpdy.sh[20] 0s: '[' /scratch4/NCEPDEV/stmp/role.glopara/RUNDIRS/C96_gcafs_cycled_f16ac8d5-113066/gcdas.2021122018/gcdasfetch_18 == /home/role.glopara ']'
+ setpdy.sh[25] 0s: [[ ! t18z =~ t??z ]]
+ setpdy.sh[30] 0s: case $# in
+ setpdy.sh[31] 0s: dates_before_PDY=7
+ setpdy.sh[32] 0s: dates_after_PDY=7
+ setpdy.sh[50] 0s: COMDATEROOT=/scratch3/NCEPDEV/global/role.glopara/GFS_CI_CD/URSA/BUILDS/GITLAB/pr_cases_5302_f16ac8d5_113066/RUNTESTS/COMROOT
+ setpdy.sh[53] 0s: '[' -z 20211220 ']'
+ setpdy.sh[57] 0s: sed 's/[0-9]\{8\}/20211220/' /scratch3/NCEPDEV/global/role.glopara/GFS_CI_CD/URSA/BUILDS/GITLAB/pr_cases_5302_f16ac8d5_113066/RUNTESTS/COMROOT/date/t18z
sed: can't read /scratch3/NCEPDEV/global/role.glopara/GFS_CI_CD/URSA/BUILDS/GITLAB/pr_cases_5302_f16ac8d5_113066/RUNTESTS/COMROOT/date/t18z: No such file or directory
++ setpdy.sh[62] 0s: finddate.sh 20211220 s-7
+ finddate.sh[19] 0s: set +x
+ setpdy.sh[62] 0s: DATElne_minus='20211219 20211218 20211217 20211216 20211215 20211214 20211213'
+ setpdy.sh[63] 0s: export err=0
+ setpdy.sh[63] 0s: err=0
+ setpdy.sh[63] 0s: err_chk
+ err_chk[13] 0s: '[' -z 0 ']'
+ err_chk[14] 0s: '[' 0 -eq 0 ']'
+ err_chk[14] 0s: echo 'JGLOBAL_FETCH completed cleanly'
JGLOBAL_FETCH completed cleanly
+ err_chk[14] 1s: exit
++ setpdy.sh[65] 1s: finddate.sh 20211220 s+7
+ finddate.sh[19] 0s: set +x
+ setpdy.sh[65] 1s: DATElne_plus='20211221 20211222 20211223 20211224 20211225 20211226 20211227'
+ setpdy.sh[66] 1s: export err=0
+ setpdy.sh[66] 1s: err=0
+ setpdy.sh[66] 1s: err_chk
+ err_chk[13] 0s: '[' -z 0 ']'
+ err_chk[14] 0s: '[' 0 -eq 0 ']'
+ err_chk[14] 0s: echo 'JGLOBAL_FETCH completed cleanly'
JGLOBAL_FETCH completed cleanly
+ err_chk[14] 0s: exit
+ setpdy.sh[69] 1s: '[' -f PDY ']'
++ setpdy.sh[70] 1s: seq 7 -1 1
+ setpdy.sh[70] 1s: for d in $(seq $dates_before_PDY -1 1)
+ setpdy.sh[72] 1s: echo 'export PDYm7=20211213'
+ setpdy.sh[70] 1s: for d in $(seq $dates_before_PDY -1 1)
+ setpdy.sh[72] 1s: echo 'export PDYm6=20211214'
+ setpdy.sh[70] 1s: for d in $(seq $dates_before_PDY -1 1)
+ setpdy.sh[72] 1s: echo 'export PDYm5=20211215'
+ setpdy.sh[70] 1s: for d in $(seq $dates_before_PDY -1 1)
+ setpdy.sh[72] 1s: echo 'export PDYm4=20211216'
+ setpdy.sh[70] 1s: for d in $(seq $dates_before_PDY -1 1)
+ setpdy.sh[72] 1s: echo 'export PDYm3=20211217'
+ setpdy.sh[70] 1s: for d in $(seq $dates_before_PDY -1 1)
+ setpdy.sh[72] 1s: echo 'export PDYm2=20211218'
+ setpdy.sh[70] 1s: for d in $(seq $dates_before_PDY -1 1)
+ setpdy.sh[72] 1s: echo 'export PDYm1=20211219'
+ setpdy.sh[74] 1s: echo 'export PDY=20211220'
++ setpdy.sh[75] 1s: seq 7
+ setpdy.sh[75] 1s: for d in $(seq $dates_after_PDY)
+ setpdy.sh[77] 1s: echo 'export PDYp1=20211221'
+ setpdy.sh[75] 1s: for d in $(seq $dates_after_PDY)
+ setpdy.sh[77] 1s: echo 'export PDYp2=20211222'
+ setpdy.sh[75] 1s: for d in $(seq $dates_after_PDY)
+ setpdy.sh[77] 1s: echo 'export PDYp3=20211223'
+ setpdy.sh[75] 1s: for d in $(seq $dates_after_PDY)
+ setpdy.sh[77] 1s: echo 'export PDYp4=20211224'
+ setpdy.sh[75] 1s: for d in $(seq $dates_after_PDY)
+ setpdy.sh[77] 1s: echo 'export PDYp5=20211225'
+ setpdy.sh[75] 1s: for d in $(seq $dates_after_PDY)
+ setpdy.sh[77] 1s: echo 'export PDYp6=20211226'
+ setpdy.sh[75] 1s: for d in $(seq $dates_after_PDY)
+ setpdy.sh[77] 1s: echo 'export PDYp7=20211227'
+ setpdy.sh[80] 1s: chmod u+x PDY
+ setpdy.sh[82] 1s: echo 'Source PDY script to export PDYm7, ..., PDY, ..., PDYp7 variables.'
Source PDY script to export PDYm7, ..., PDY, ..., PDYp7 variables.
++ jjob_shell_setup.sh[63] 1s: source ./PDY
+++ PDY[1] 1s: export PDYm7=20211213
+++ PDY[1] 1s: PDYm7=20211213
+++ PDY[2] 1s: export PDYm6=20211214
+++ PDY[2] 1s: PDYm6=20211214
+++ PDY[3] 1s: export PDYm5=20211215
+++ PDY[3] 1s: PDYm5=20211215
+++ PDY[4] 1s: export PDYm4=20211216
+++ PDY[4] 1s: PDYm4=20211216
+++ PDY[5] 1s: export PDYm3=20211217
+++ PDY[5] 1s: PDYm3=20211217
+++ PDY[6] 1s: export PDYm2=20211218
+++ PDY[6] 1s: PDYm2=20211218
+++ PDY[7] 1s: export PDYm1=20211219
+++ PDY[7] 1s: PDYm1=20211219
+++ PDY[8] 1s: export PDY=20211220
+++ PDY[8] 1s: PDY=20211220
+++ PDY[9] 1s: export PDYp1=20211221
+++ PDY[9] 1s: PDYp1=20211221
+++ PDY[10] 1s: export PDYp2=20211222
+++ PDY[10] 1s: PDYp2=20211222
+++ PDY[11] 1s: export PDYp3=20211223
+++ PDY[11] 1s: PDYp3=20211223
+++ PDY[12] 1s: export PDYp4=20211224
+++ PDY[12] 1s: PDYp4=20211224
+++ PDY[13] 1s: export PDYp5=20211225
+++ PDY[13] 1s: PDYp5=20211225
+++ PDY[14] 1s: export PDYp6=20211226
+++ PDY[14] 1s: PDYp6=20211226
+++ PDY[15] 1s: export PDYp7=20211227
+++ PDY[15] 1s: PDYp7=20211227
+ JGLOBAL_FETCH[15] 1s: source /scratch3/NCEPDEV/global/role.glopara/GFS_CI_CD/URSA/BUILDS/GITLAB/pr_cases_5302_f16ac8d5_113066/global-workflow/ush/set_strict.sh
++ set_strict.sh[13] 1s: [[ YES == \Y\E\S ]]
++ set_strict.sh[15] 1s: set -eu
++ set_strict.sh[17] 1s: set -o pipefail
+ JGLOBAL_FETCH[18] 1s: PYTHONPATH=/scratch3/NCEPDEV/global/role.glopara/GFS_CI_CD/URSA/BUILDS/GITLAB/pr_cases_5302_f16ac8d5_113066/global-workflow/ush/python:/scratch3/NCEPDEV/global/role.glopara/GFS_CI_CD/URSA/BUILDS/GITLAB/pr_cases_5302_f16ac8d5_113066/global-workflow/sorc/wxflow/src:/contrib/spack-stack/spack-stack-1.9.2/envs/ue-oneapi-2024.2.1/install/oneapi/2024.2.1/py-xarray-2024.7.0-tg53kls/lib/python3.11/site-packages:/contrib/spack-stack/spack-stack-1.9.2/envs/ue-oneapi-2024.2.1/install/oneapi/2024.2.1/py-setuptools-69.2.0-cge4bsx/lib/python3.11/site-packages:/contrib/spack-stack/spack-stack-1.9.2/envs/ue-oneapi-2024.2.1/install/oneapi/2024.2.1/py-packaging-24.1-njbyh5r/lib/python3.11/site-packages:/contrib/spack-stack/spack-stack-1.9.2/envs/ue-oneapi-2024.2.1/install/oneapi/2024.2.1/py-python-dateutil-2.8.2-qlkqzyg/lib/python3.11/site-packages:/contrib/spack-stack/spack-stack-1.9.2/envs/ue-oneapi-2024.2.1/install/oneapi/2024.2.1/py-six-1.16.0-jkszz2g/lib/python3.11/site-packages:/contrib/spack-stack/spack-stack-1.9.2/envs/ue-oneapi-2024.2.1/install/oneapi/2024.2.1/py-pandas-2.2.3-uar3v7v/lib/python3.11/site-packages:/contrib/spack-stack/spack-stack-1.9.2/envs/ue-oneapi-2024.2.1/install/oneapi/2024.2.1/py-tzdata-2023.3-wsjtkwg/lib/python3.11/site-packages:/contrib/spack-stack/spack-stack-1.9.2/envs/ue-oneapi-2024.2.1/install/oneapi/2024.2.1/py-pytz-2023.3-cfh3tbl/lib/python3.11/site-packages:/contrib/spack-stack/spack-stack-1.9.2/envs/ue-oneapi-2024.2.1/install/oneapi/2024.2.1/py-jinja2-3.1.4-jhz55wn/lib/python3.11/site-packages:/contrib/spack-stack/spack-stack-1.9.2/envs/ue-oneapi-2024.2.1/install/oneapi/2024.2.1/py-markupsafe-2.1.3-cct5rgj/lib/python3.11/site-packages:/contrib/spack-stack/spack-stack-1.9.2/envs/ue-oneapi-2024.2.1/install/oneapi/2024.2.1/py-pyyaml-6.0.2-55i3htn/lib/python3.11/site-packages:/contrib/spack-stack/spack-stack-1.9.2/envs/ue-oneapi-2024.2.1/install/oneapi/2024.2.1/py-netcdf4-1.7.1.post2-chvc6ro/lib/python3.11/site-packages:/contrib/spack-stack/spack-stack-1.9.2/envs/ue-oneapi-2024.2.1/install/oneapi/2024.2.1/py-cftime-1.0.3.4-ljy6l3p/lib/python3.11/site-packages:/contrib/spack-stack/spack-stack-1.9.2/envs/ue-oneapi-2024.2.1/install/oneapi/2024.2.1/py-certifi-2023.7.22-5zcopi6/lib/python3.11/site-packages:/contrib/spack-stack/spack-stack-1.9.2/envs/ue-oneapi-2024.2.1/install/oneapi/2024.2.1/py-f90nml-1.4.3-7rmrgv7/lib/python3.11/site-packages:/contrib/spack-stack/spack-stack-1.9.2/envs/ue-oneapi-2024.2.1/install/oneapi/2024.2.1/bufr-12.1.0-dxfkpsz/lib64/python3.11/site-packages:/contrib/spack-stack/spack-stack-1.9.2/envs/ue-oneapi-2024.2.1/install/oneapi/2024.2.1/esmf-8.8.0-hdxt3lx/lib/python3.11/site-packages:/contrib/spack-stack/spack-stack-1.9.2/envs/ue-oneapi-2024.2.1/install/oneapi/2024.2.1/py-pip-23.1.2-sjeblpd/lib/python3.11/site-packages:/contrib/spack-stack/spack-stack-1.9.2/envs/ue-oneapi-2024.2.1/install/oneapi/2024.2.1/py-numpy-1.26.4-mqxp6yv/lib/python3.11/site-packages:/contrib/spack-stack/spack-stack-1.9.2/envs/ue-oneapi-2024.2.1/install/oneapi/2024.2.1/py-mpi4py-4.0.1-plc5ydd/lib/python3.11/site-packages:/contrib/spack-stack/spack-stack-1.9.2/envs/ue-oneapi-2024.2.1/install/oneapi/2024.2.1/python-venv-1.0-qgjgfzk/lib/python3.11/site-packages:/scratch3/NCEPDEV/global/role.glopara/GFS_CI_CD/URSA/BUILDS/GITLAB/pr_cases_5302_f16ac8d5_113066/global-workflow/ush/python
+ JGLOBAL_FETCH[19] 1s: export PYTHONPATH
+ JGLOBAL_FETCH[23] 1s: export -n SHELLOPTS
+ JGLOBAL_FETCH[24] 1s: /scratch3/NCEPDEV/global/role.glopara/GFS_CI_CD/URSA/BUILDS/GITLAB/pr_cases_5302_f16ac8d5_113066/global-workflow/scripts/exglobal_fetch.py
2026-10-06 16:34:19,474 - INFO     - root        : BEGIN: __main__.main: /scratch3/NCEPDEV/global/role.glopara/GFS_CI_CD/URSA/BUILDS/GITLAB/pr_cases_5302_f16ac8d5_113066/global-workflow/scripts/exglobal_fetch.py
2026-10-06 16:34:19,474 - DEBUG    - root        : (  )
2026-10-06 16:34:19,480 - DEBUG    - task        : current cycle: 2021-12-20 18:00:00
2026-10-06 16:34:19,480 - DEBUG    - task        : previous cycle: 2021-12-20 12:00:00
2026-10-06 16:34:19,480 - INFO     - fetch       : BEGIN: pygfs.task.fetch.configure: /scratch3/NCEPDEV/global/role.glopara/GFS_CI_CD/URSA/BUILDS/GITLAB/pr_cases_5302_f16ac8d5_113066/global-workflow/ush/python/pygfs/task/fetch.py
2026-10-06 16:34:19,480 - DEBUG    - fetch       : ( Fetch object, {'current_cycle': datetime.datetime(2021, 12, 20, 18, 0), 'previous_cycle': datetime.datetime(2021, 12, 20, 12, 0), 'RUN': 'gcdas', 'PDY': datetime.datetime(2021, 12, 20, 0, 0), 'PARMglobal': '/scratch3/NCEPDEV/global/role.glopara/GFS_CI_CD/URSA/BUILDS/GITLAB/pr_cases_5302_f16ac8d5_113066/global-workflow/parm', 'PSLOT': 'C96_gcafs_cycled_f16ac8d5-113066', 'ROTDIR': '/scratch3/NCEPDEV/global/role.glopara/GFS_CI_CD/URSA/BUILDS/GITLAB/pr_cases_5302_f16ac8d5_113066/RUNTESTS/COMROOT/C96_gcafs_cycled_f16ac8d5-113066', 'FETCH_YAML_TMPL': '/scratch3/NCEPDEV/global/role.glopara/GFS_CI_CD/URSA/BUILDS/GITLAB/pr_cases_5302_f16ac8d5_113066/global-workflow/parm/fetch/gcafs_ATMA_gdas-anl.yaml.j2', 'FETCHDIR': '{{ FETCHDIR }}', 'ntiles': 6, 'DATA': '/scratch4/NCEPDEV/stmp/role.glopara/RUNDIRS/C96_gcafs_cycled_f16ac8d5-113066/gcdas.2021122018/gcdasfetch_18', 'DATAROOT': '/scratch4/NCEPDEV/stmp/role.glopara/RUNDIRS/C96_gcafs_cycled_f16ac8d5-113066/gcdas.2021122018', 'waveGRD': 'uglo_100km', 'gdas_version': 'prod'} )
2026-10-06 16:34:19,487 - INFO     - fetch       :   END: pygfs.task.fetch.configure: /scratch3/NCEPDEV/global/role.glopara/GFS_CI_CD/URSA/BUILDS/GITLAB/pr_cases_5302_f16ac8d5_113066/global-workflow/ush/python/pygfs/task/fetch.py
2026-10-06 16:34:19,488 - DEBUG    - fetch       :  returning: {'target': {'tarball': '/NCEPPROD/hpssprod/runhistory/rh2021/202112/20211220/com_gfs_prod_gdas.20211220_18.gdas_nc.tar', 'on_hpss': True, 'contents': ['./gdas.20211220/18/atmos/gdas.t18z.atmanl.nc', './gdas.20211220/18/atmos/gdas.t18z.sfcanl.nc'], 'destination': '/scratch3/NCEPDEV/global/role.glopara/GFS_CI_CD/URSA/BUILDS/GITLAB/pr_cases_5302_f16ac8d5_113066/RUNTESTS/COMROOT/C96_gcafs_cycled_f16ac8d5-113066'}}
2026-10-06 16:34:19,488 - INFO     - fetch       : BEGIN: pygfs.task.fetch.execute_pull_data: /scratch3/NCEPDEV/global/role.glopara/GFS_CI_CD/URSA/BUILDS/GITLAB/pr_cases_5302_f16ac8d5_113066/global-workflow/ush/python/pygfs/task/fetch.py
2026-10-06 16:34:19,488 - DEBUG    - fetch       : ( Fetch object, {'target': {'tarball': '/NCEPPROD/hpssprod/runhistory/rh2021/202112/20211220/com_gfs_prod_gdas.20211220_18.gdas_nc.tar', 'on_hpss': True, 'contents': ['./gdas.20211220/18/atmos/gdas.t18z.atmanl.nc', './gdas.20211220/18/atmos/gdas.t18z.sfcanl.nc'], 'destination': '/scratch3/NCEPDEV/global/role.glopara/GFS_CI_CD/URSA/BUILDS/GITLAB/pr_cases_5302_f16ac8d5_113066/RUNTESTS/COMROOT/C96_gcafs_cycled_f16ac8d5-113066'}} )
2026-10-06 16:34:19,488 - INFO     - fetch       : Changed working directory to /scratch3/NCEPDEV/global/role.glopara/GFS_CI_CD/URSA/BUILDS/GITLAB/pr_cases_5302_f16ac8d5_113066/RUNTESTS/COMROOT/C96_gcafs_cycled_f16ac8d5-113066
[connecting to hpsscore1.fairmont.rdhpcs.noaa.gov/1217]
connect: Connection refused
result = -111, errno = 22
Unable to setup communication to HPSS...
ERROR (main) unable to open remote gateway server connection
###WARNING  htar returned non-zero exit status.
            71 = /apps/hpss/bin/htar -x -v -f /NCEPPROD/hpssprod/runhistory/rh2021/202112/20211220/com_gfs_prod_gdas.20211220_18.gdas_nc.tar ./gdas.20211220/18/atmos/gdas.t18z.atmanl.nc ./gdas.20211220/18/atmos/gdas.t18z.sfcanl.nc
HTAR: HTAR FAILED
Traceback (most recent call last):
  File "/scratch3/NCEPDEV/global/role.glopara/GFS_CI_CD/URSA/BUILDS/GITLAB/pr_cases_5302_f16ac8d5_113066/global-workflow/scripts/exglobal_fetch.py", line 48, in <module>
    main()
  File "/scratch3/NCEPDEV/global/role.glopara/GFS_CI_CD/URSA/BUILDS/GITLAB/pr_cases_5302_f16ac8d5_113066/global-workflow/ush/python/wxflow/logger.py", line 278, in wrapper
    retval = func(*args, **kwargs)
             ^^^^^^^^^^^^^^^^^^^^^
  File "/scratch3/NCEPDEV/global/role.glopara/GFS_CI_CD/URSA/BUILDS/GITLAB/pr_cases_5302_f16ac8d5_113066/global-workflow/scripts/exglobal_fetch.py", line 44, in main
    fetch.execute_pull_data(fetchdir_set)
  File "/scratch3/NCEPDEV/global/role.glopara/GFS_CI_CD/URSA/BUILDS/GITLAB/pr_cases_5302_f16ac8d5_113066/global-workflow/ush/python/wxflow/logger.py", line 278, in wrapper
    retval = func(*args, **kwargs)
             ^^^^^^^^^^^^^^^^^^^^^
  File "/scratch3/NCEPDEV/global/role.glopara/GFS_CI_CD/URSA/BUILDS/GITLAB/pr_cases_5302_f16ac8d5_113066/global-workflow/ush/python/pygfs/task/fetch.py", line 87, in execute_pull_data
    htar_obj.xvf(tarball, f_names)
  File "/scratch3/NCEPDEV/global/role.glopara/GFS_CI_CD/URSA/BUILDS/GITLAB/pr_cases_5302_f16ac8d5_113066/global-workflow/ush/python/wxflow/htar.py", line 174, in xvf
    output = self.extract(tarball, fileset, opts="-v")
             ^^^^^^^^^^^^^^^^^^^^^^^^^^^^^^^^^^^^^^^^^
  File "/scratch3/NCEPDEV/global/role.glopara/GFS_CI_CD/URSA/BUILDS/GITLAB/pr_cases_5302_f16ac8d5_113066/global-workflow/ush/python/wxflow/htar.py", line 153, in extract
    output = self._htar(arg_list)
             ^^^^^^^^^^^^^^^^^^^^
  File "/scratch3/NCEPDEV/global/role.glopara/GFS_CI_CD/URSA/BUILDS/GITLAB/pr_cases_5302_f16ac8d5_113066/global-workflow/ush/python/wxflow/htar.py", line 53, in _htar
    output = self.exe(*arg_list, output=str.split, error=str.split)
             ^^^^^^^^^^^^^^^^^^^^^^^^^^^^^^^^^^^^^^^^^^^^^^^^^^^^^^
  File "/scratch3/NCEPDEV/global/role.glopara/GFS_CI_CD/URSA/BUILDS/GITLAB/pr_cases_5302_f16ac8d5_113066/global-workflow/ush/python/wxflow/executable.py", line 230, in __call__
    raise ProcessError(f"Command exited with status {proc.returncode}:", long_msg)
wxflow.executable.ProcessError: Command exited with status 71:
'/apps/hpss/htar' '-x' '-v' '-f' '/NCEPPROD/hpssprod/runhistory/rh2021/202112/20211220/com_gfs_prod_gdas.20211220_18.gdas_nc.tar' './gdas.20211220/18/atmos/gdas.t18z.atmanl.nc' './gdas.20211220/18/atmos/gdas.t18z.sfcanl.nc'
HTAR: HTAR FAILED
[connecting to hpsscore1.fairmont.rdhpcs.noaa.gov/1217]
connect: Connection refused
result = -111, errno = 22
Unable to setup communication to HPSS...
ERROR (main) unable to open remote gateway server connection
###WARNING  htar returned non-zero exit status.
            71 = /apps/hpss/bin/htar -x -v -f /NCEPPROD/hpssprod/runhistory/rh2021/202112/20211220/com_gfs_prod_gdas.20211220_18.gdas_nc.tar ./gdas.20211220/18/atmos/gdas.t18z.atmanl.nc ./gdas.20211220/18/atmos/gdas.t18z.sfcanl.nc

+ JGLOBAL_FETCH[1] 2s: /scratch3/NCEPDEV/global/role.glopara/GFS_CI_CD/URSA/BUILDS/GITLAB/pr_cases_5302_f16ac8d5_113066/global-workflow/ush/postamble.sh 1791304457
End JGLOBAL_FETCH at 16:34:19 with error code 0 (time elapsed: 00:00:02)
+ status=1
+ exit 1
