+ OPTIND=1
+ getopts :j:dv option
+ case "${option}" in
+ BUILD_JOBS=1
+ getopts :j:dv option
+ shift 2
+ CMAKE_OPTS=-DGFS=ON
+ BUILD_TYPE=Release
+ BUILD_JOBS=1
+ BUILD_VERBOSE=
+ ./ufs_utils.fd/build_all.sh
++ uname -s
+ [[ Linux == Darwin ]]
++++ readlink -f -n ./ufs_utils.fd/build_all.sh
+++ dirname /gpfs/f6/drsa-precip3/world-shared/global/CI/3820/global-workflow/sorc/ufs_utils.fd/build_all.sh
++ cd /gpfs/f6/drsa-precip3/world-shared/global/CI/3820/global-workflow/sorc/ufs_utils.fd
++ pwd -P
+ readonly DIR_ROOT=/gpfs/f6/drsa-precip3/world-shared/global/CI/3820/global-workflow/sorc/ufs_utils.fd
+ DIR_ROOT=/gpfs/f6/drsa-precip3/world-shared/global/CI/3820/global-workflow/sorc/ufs_utils.fd
+ source /gpfs/f6/drsa-precip3/world-shared/global/CI/3820/global-workflow/sorc/ufs_utils.fd/sorc/machine-setup.sh
++ __ms_function_name=setup__test_function__1601904
++ eval 'setup__test_function__1601904() { /bin/true ; }'
+++ eval '__text="text" ; if [[ $__text =~ ^(t).* ]] ; then printf "%s" ${.sh.match[1]} ; fi'
+++ cat
++ __ms_ksh_test=
+++ eval 'if ( set | grep setup__test_function__1601904 | grep -v name > /dev/null 2>&1 ) ; then echo t ; fi '
+++ cat
++ __ms_bash_test=t
++ [[ ! -z '' ]]
++ [[ ! -z t ]]
++ __ms_shell=bash
++ target=
+++ echo role.glopara
+++ awk '{ print tolower($0)}'
++ USERNAME=role.glopara
++ [[ -d /lfs5 ]]
++ [[ -d /lfs/h1 ]]
++ [[ -d /opt/spack-stack ]]
++ [[ -d /scratch1 ]]
+++ hostname
++ [[ gaea68 == \g\a\e\a\5* ]]
+++ hostname
++ [[ gaea68 =~ c5n[0-9]+ ]]
+++ hostname
++ [[ gaea68 == \g\a\e\a\6* ]]
++ [[ -d /gpfs/f6 ]]
++ target=gaeac6
++ source /opt/cray/pe/lmod/8.7.31/init/bash
+++ '[' -z '' ']'
+++ case "$-" in
+++ __lmod_vx=x
+++ '[' -n x ']'
+++ set +x
Shell debugging temporarily silenced: export LMOD_SH_DBG_ON=1 for this output (/opt/cray/pe/lmod/lmod/init/bash)
Shell debugging restarted
+++ unset __lmod_vx
++ unset __ms_shell
++ unset __ms_ksh_test
++ unset __ms_bash_test
++ unset setup__test_function__1601904
++ unset __ms_function_name
+ target=gaeac6
+ compiler=intelllvm
+ [[ gaeac6 == \l\i\n\u\x\.\* ]]
+ [[ gaeac6 == \m\a\c\o\s\x\.\* ]]
+ set +x
IntelLLVM not available. Will use Intel Classic.

Lmod is automatically replacing "intel/2025.0" with "intel-classic/2023.2.0".


The following have been reloaded with a version change:
  1) PrgEnv-intel/8.6.0 => PrgEnv-intel/8.5.0     2) cray-mpich/8.1.32 => cray-mpich/8.1.29     3) craype/2.7.34 => craype/2.7.30


Currently Loaded Modules:
  1) craype-x86-genoa                                7) DefApps/default         13) craype/2.7.30            19) nghttp2/1.57.0  25) g2/3.5.1      31) zlib/1.2.13        37) hdf5/1.14.0             43) esmf/8.6.0
  2) perftools-base/25.03.0                          8) hsi/9.3                 14) stack-intel/2023.2.0     20) curl/8.4.0      26) ip/4.3.0      32) libpng/1.6.37      38) netcdf-c/4.9.2          44) antlr/2.7.7
  3) xpmem/2.9.6-1.1_20240510205610__g087dc11fc19d   9) cray-dsmml/0.3.1        15) libfabric/1.20.1         21) cmake/3.23.1    27) nemsio/2.5.4  33) snappy/1.1.10      39) netcdf-fortran/4.6.1    45) gsl/2.7.1
  4) cray-pmi/6.1.15                                10) cray-libsci/25.03.0     16) craype-network-ofi       22) bacio/2.4.1     28) sp/2.5.0      34) zstd/1.5.2         40) nccmp/1.9.0.1           46) udunits/2.2.28
  5) CmrsEnv/default                                11) PrgEnv-intel/8.5.0      17) cray-mpich/8.1.29        23) libjpeg/2.1.0   29) w3emc/2.10.0  35) c-blosc/1.21.5     41) parallel-netcdf/1.12.2  47) nco/5.0.6
  6) TimeZoneEDT/default                            12) intel-classic/2023.2.0  18) stack-cray-mpich/8.1.29  24) jasper/2.0.32   30) sigio/2.3.2   36) pkg-config/0.29.2  42) parallelio/2.5.10       48) build.gaeac6.intel

 

+ [[ ! -d /gpfs/f6/drsa-precip3/world-shared/global/CI/3820/global-workflow/sorc/ufs_utils.fd/ccpp-physics/physics ]]
+ CMAKE_FLAGS+=' -DCMAKE_BUILD_TYPE=Release'
+ CMAKE_FLAGS+=' -DCMAKE_INSTALL_PREFIX=/gpfs/f6/drsa-precip3/world-shared/global/CI/3820/global-workflow/sorc/ufs_utils.fd -DCMAKE_INSTALL_BINDIR=exec'
+ CMAKE_FLAGS+=' -DBUILD_TESTING=OFF'
+ CMAKE_OPTS=-DGFS=ON
+ BUILD_DIR=/gpfs/f6/drsa-precip3/world-shared/global/CI/3820/global-workflow/sorc/ufs_utils.fd/build
+ [[ YES =~ [yYtT] ]]
+ rm -rf /gpfs/f6/drsa-precip3/world-shared/global/CI/3820/global-workflow/sorc/ufs_utils.fd/build
+ mkdir -p /gpfs/f6/drsa-precip3/world-shared/global/CI/3820/global-workflow/sorc/ufs_utils.fd/build
+ cd /gpfs/f6/drsa-precip3/world-shared/global/CI/3820/global-workflow/sorc/ufs_utils.fd/build
+ cmake -DCMAKE_BUILD_TYPE=Release -DCMAKE_INSTALL_PREFIX=/gpfs/f6/drsa-precip3/world-shared/global/CI/3820/global-workflow/sorc/ufs_utils.fd -DCMAKE_INSTALL_BINDIR=exec -DBUILD_TESTING=OFF -DGFS=ON /gpfs/f6/drsa-precip3/world-shared/global/CI/3820/global-workflow/sorc/ufs_utils.fd
-- The C compiler identification is unknown
-- The Fortran compiler identification is unknown
Error:  Unable to find cray-libsci/25.03.0 libraries compatible with intel-classic/2023.2.0 targeting 'x86-genoa'.

-- Detecting C compiler ABI info
-- Detecting C compiler ABI info - failed
-- Check for working C compiler: /opt/cray/pe/craype/2.7.30/bin/cc
-- Check for working C compiler: /opt/cray/pe/craype/2.7.30/bin/cc - broken
CMake Error at /autofs/ncrc-svm1_proj/epic/spack-stack/c6/spack-stack-1.6.0/envs/unified-env/install/intel/2023.2.0/cmake-3.23.1-ixiyqlk/share/cmake-3.23/Modules/CMakeTestCCompiler.cmake:69 (message):
  The C compiler

    "/opt/cray/pe/craype/2.7.30/bin/cc"

  is not able to compile a simple test program.

  It fails with the following output:

    Change Dir: /gpfs/f6/drsa-precip3/world-shared/global/CI/3820/global-workflow/sorc/ufs_utils.fd/build/CMakeFiles/CMakeTmp
    
    Run Build Command(s):/usr/bin/gmake -f Makefile cmTC_091d3/fast && /usr/bin/gmake  -f CMakeFiles/cmTC_091d3.dir/build.make CMakeFiles/cmTC_091d3.dir/build
    gmake[1]: Entering directory '/gpfs/f6/drsa-precip3/world-shared/global/CI/3820/global-workflow/sorc/ufs_utils.fd/build/CMakeFiles/CMakeTmp'
    Building C object CMakeFiles/cmTC_091d3.dir/testCCompiler.c.o
    /opt/cray/pe/craype/2.7.30/bin/cc   -gcc-name=/usr/bin/gcc-12  -o CMakeFiles/cmTC_091d3.dir/testCCompiler.c.o -c /gpfs/f6/drsa-precip3/world-shared/global/CI/3820/global-workflow/sorc/ufs_utils.fd/build/CMakeFiles/CMakeTmp/testCCompiler.c
    Error:  Unable to find cray-libsci/25.03.0 libraries compatible with intel-classic/2023.2.0 targeting 'x86-genoa'.
    
    gmake[1]: *** [CMakeFiles/cmTC_091d3.dir/build.make:78: CMakeFiles/cmTC_091d3.dir/testCCompiler.c.o] Error 1
    gmake[1]: Leaving directory '/gpfs/f6/drsa-precip3/world-shared/global/CI/3820/global-workflow/sorc/ufs_utils.fd/build/CMakeFiles/CMakeTmp'
    gmake: *** [Makefile:127: cmTC_091d3/fast] Error 2
    
    

  

  CMake will not be able to correctly generate this project.
Call Stack (most recent call first):
  CMakeLists.txt:9 (project)


-- Configuring incomplete, errors occurred!
See also "/gpfs/f6/drsa-precip3/world-shared/global/CI/3820/global-workflow/sorc/ufs_utils.fd/build/CMakeFiles/CMakeOutput.log".
See also "/gpfs/f6/drsa-precip3/world-shared/global/CI/3820/global-workflow/sorc/ufs_utils.fd/build/CMakeFiles/CMakeError.log".
