+ source /work2/noaa/global/mterry/global-workflow_forked/ush/load_fv3gfs_modules.sh
++ [[ hxB == *x* ]]
++ set_x=YES
++ [[ NO == \N\O ]]
++ echo 'Loading modules quietly...'
Loading modules quietly...
++ set +x
Running "module reset". Resetting modules to system default. The following $MODULEPATH directories have been removed: None

Currently Loaded Modules:
  1) contrib/0.1                      43) ip/4.3.0
  2) intel-oneapi-compilers/2023.1.0  44) grib-util/1.3.0
  3) stack-intel/2021.9.0             45) g2tmpl/1.13.0
  4) intel-oneapi-mpi/2021.9.0        46) gsi-ncdiag/1.1.2
  5) stack-intel-oneapi-mpi/2021.9.0  47) crtm-fix/2.4.0.1_emc
  6) intel-oneapi-mkl/2023.1.0        48) git-lfs/3.1.2
  7) zlib/1.2.13                      49) crtm/2.4.0.1
  8) pigz/2.7                         50) openblas/0.3.24
  9) zstd/1.5.2                       51) py-setuptools/63.4.3
 10) tar/1.34                         52) py-numpy/1.23.4
 11) gettext/0.21.1                   53) bufr/11.7.0
 12) libxcrypt/4.4.35                 54) gmake/4.2.1
 13) sqlite/3.43.2                    55) wgrib2/2.0.8
 14) util-linux-uuid/2.38.1           56) py-f90nml/1.4.3
 15) python/3.11.6                    57) py-cftime/1.0.3.4
 16) libjpeg/2.1.0                    58) py-netcdf4/1.5.8
 17) jasper/2.0.32                    59) libyaml/0.2.5
 18) libpng/1.6.37                    60) py-pyyaml/6.0
 19) openjpeg/2.3.1                   61) py-markupsafe/2.1.3
 20) eccodes/2.32.0                   62) py-jinja2/3.1.2
 21) fftw/3.3.10                      63) py-bottleneck/1.3.7
 22) nghttp2/1.57.0                   64) py-numexpr/2.8.4
 23) curl/8.4.0                       65) py-et-xmlfile/1.0.1
 24) proj/9.2.1                       66) py-openpyxl/3.1.2
 25) udunits/2.2.28                   67) py-pytz/2023.3
 26) cdo/2.2.0                        68) py-pyxlsb/1.0.10
 27) hdf5/1.14.0                      69) py-xlrd/2.0.1
 28) snappy/1.1.10                    70) py-xlsxwriter/3.1.7
 29) c-blosc/1.21.5                   71) py-xlwt/1.3.0
 30) netcdf-c/4.9.2                   72) py-pandas/1.5.3
 31) netcdf-fortran/4.6.1             73) py-six/1.16.0
 32) parallel-netcdf/1.12.2           74) py-python-dateutil/2.8.2
 33) parallelio/2.5.10                75) g2c/1.8.0
 34) esmf/8.6.0                       76) netcdf-cxx4/4.3.1
 35) antlr/2.7.7                      77) met/9.1.3
 36) gsl/2.7.1                        78) metplus/3.1.1
 37) nco/5.0.6                        79) py-packaging/23.1
 38) bacio/2.4.1                      80) py-xarray/2023.7.0
 39) w3emc/2.10.0                     81) prepobs/1.1.0
 40) prod_util/2.1.1                  82) fit2obs/1.1.7.1
 41) g2/3.4.5                         83) globus-cli/3.35.2
 42) sp/2.5.0                         84) module_base.hercules

 

++ [[ -d /work2/noaa/global/mterry/global-workflow_forked/sorc/wxflow/src ]]
++ PYTHONPATH=/apps/other/globus-cli-3.35.2:/work/noaa/epic/role-epic/spack-stack/hercules/spack-stack-1.6.0/envs/gsi-addon-dev-fms-2024.01/install/intel/2021.9.0/py-xarray-2023.7.0-x743hx4/lib/python3.11/site-packages:/work/noaa/epic/role-epic/spack-stack/hercules/spack-stack-1.6.0/envs/gsi-addon-dev-fms-2024.01/install/intel/2021.9.0/py-packaging-23.1-cvb54w6/lib/python3.11/site-packages:/work/noaa/epic/role-epic/spack-stack/hercules/spack-stack-1.6.0/envs/gsi-addon-dev-fms-2024.01/install/intel/2021.9.0/py-python-dateutil-2.8.2-crskgyy/lib/python3.11/site-packages:/work/noaa/epic/role-epic/spack-stack/hercules/spack-stack-1.6.0/envs/gsi-addon-dev-fms-2024.01/install/intel/2021.9.0/py-six-1.16.0-dtjcn7o/lib/python3.11/site-packages:/work/noaa/epic/role-epic/spack-stack/hercules/spack-stack-1.6.0/envs/gsi-addon-dev-fms-2024.01/install/intel/2021.9.0/py-pandas-1.5.3-7tjsvkw/lib/python3.11/site-packages:/work/noaa/epic/role-epic/spack-stack/hercules/spack-stack-1.6.0/envs/gsi-addon-dev-fms-2024.01/install/intel/2021.9.0/py-xlwt-1.3.0-ghvbw56/lib/python3.11/site-packages:/work/noaa/epic/role-epic/spack-stack/hercules/spack-stack-1.6.0/envs/gsi-addon-dev-fms-2024.01/install/intel/2021.9.0/py-xlsxwriter-3.1.7-rqogaok/lib/python3.11/site-packages:/work/noaa/epic/role-epic/spack-stack/hercules/spack-stack-1.6.0/envs/gsi-addon-dev-fms-2024.01/install/intel/2021.9.0/py-xlrd-2.0.1-g52jf7f/lib/python3.11/site-packages:/work/noaa/epic/role-epic/spack-stack/hercules/spack-stack-1.6.0/envs/gsi-addon-dev-fms-2024.01/install/intel/2021.9.0/py-pyxlsb-1.0.10-ow7w6ge/lib/python3.11/site-packages:/work/noaa/epic/role-epic/spack-stack/hercules/spack-stack-1.6.0/envs/gsi-addon-dev-fms-2024.01/install/intel/2021.9.0/py-pytz-2023.3-kmu3i3s/lib/python3.11/site-packages:/work/noaa/epic/role-epic/spack-stack/hercules/spack-stack-1.6.0/envs/gsi-addon-dev-fms-2024.01/install/intel/2021.9.0/py-openpyxl-3.1.2-vfourqe/lib/python3.11/site-packages:/work/noaa/epic/role-epic/spack-stack/hercules/spack-stack-1.6.0/envs/gsi-addon-dev-fms-2024.01/install/intel/2021.9.0/py-et-xmlfile-1.0.1-7wze7yq/lib/python3.11/site-packages:/work/noaa/epic/role-epic/spack-stack/hercules/spack-stack-1.6.0/envs/gsi-addon-dev-fms-2024.01/install/intel/2021.9.0/py-numexpr-2.8.4-nobvkrq/lib/python3.11/site-packages:/work/noaa/epic/role-epic/spack-stack/hercules/spack-stack-1.6.0/envs/gsi-addon-dev-fms-2024.01/install/intel/2021.9.0/py-bottleneck-1.3.7-ftw2r3a/lib/python3.11/site-packages:/work/noaa/epic/role-epic/spack-stack/hercules/spack-stack-1.6.0/envs/gsi-addon-dev-fms-2024.01/install/intel/2021.9.0/py-jinja2-3.1.2-eoja5pj/lib/python3.11/site-packages:/work/noaa/epic/role-epic/spack-stack/hercules/spack-stack-1.6.0/envs/gsi-addon-dev-fms-2024.01/install/intel/2021.9.0/py-markupsafe-2.1.3-v6xcnb7/lib/python3.11/site-packages:/work/noaa/epic/role-epic/spack-stack/hercules/spack-stack-1.6.0/envs/gsi-addon-dev-fms-2024.01/install/intel/2021.9.0/py-pyyaml-6.0-t2st4x2/lib/python3.11/site-packages:/work/noaa/epic/role-epic/spack-stack/hercules/spack-stack-1.6.0/envs/gsi-addon-dev-fms-2024.01/install/intel/2021.9.0/py-netcdf4-1.5.8-bgfhv5i/lib/python3.11/site-packages:/work/noaa/epic/role-epic/spack-stack/hercules/spack-stack-1.6.0/envs/gsi-addon-dev-fms-2024.01/install/intel/2021.9.0/py-cftime-1.0.3.4-ienmq3i/lib/python3.11/site-packages:/work/noaa/epic/role-epic/spack-stack/hercules/spack-stack-1.6.0/envs/gsi-addon-dev-fms-2024.01/install/intel/2021.9.0/py-f90nml-1.4.3-3ib7u6z/lib/python3.11/site-packages:/work/noaa/epic/role-epic/spack-stack/hercules/spack-stack-1.6.0/envs/gsi-addon-dev-fms-2024.01/install/intel/2021.9.0/bufr-11.7.0-7qdgt6m/lib64/python3.11/site-packages:/work/noaa/epic/role-epic/spack-stack/hercules/spack-stack-1.6.0/envs/gsi-addon-dev-fms-2024.01/install/intel/2021.9.0/bufr-11.7.0-7qdgt6m/lib/python3.11/site-packages:/work/noaa/epic/role-epic/spack-stack/hercules/spack-stack-1.6.0/envs/gsi-addon-dev-fms-2024.01/install/intel/2021.9.0/py-numpy-1.23.4-ftta6ne/lib/python3.11/site-packages:/work/noaa/epic/role-epic/spack-stack/hercules/spack-stack-1.6.0/envs/gsi-addon-dev-fms-2024.01/install/intel/2021.9.0/py-setuptools-63.4.3-5extjhr/lib/python3.11/site-packages:/work2/noaa/global/mterry/global-workflow_forked/sorc/wxflow/src
++ PYTHONPATH=/apps/other/globus-cli-3.35.2:/work/noaa/epic/role-epic/spack-stack/hercules/spack-stack-1.6.0/envs/gsi-addon-dev-fms-2024.01/install/intel/2021.9.0/py-xarray-2023.7.0-x743hx4/lib/python3.11/site-packages:/work/noaa/epic/role-epic/spack-stack/hercules/spack-stack-1.6.0/envs/gsi-addon-dev-fms-2024.01/install/intel/2021.9.0/py-packaging-23.1-cvb54w6/lib/python3.11/site-packages:/work/noaa/epic/role-epic/spack-stack/hercules/spack-stack-1.6.0/envs/gsi-addon-dev-fms-2024.01/install/intel/2021.9.0/py-python-dateutil-2.8.2-crskgyy/lib/python3.11/site-packages:/work/noaa/epic/role-epic/spack-stack/hercules/spack-stack-1.6.0/envs/gsi-addon-dev-fms-2024.01/install/intel/2021.9.0/py-six-1.16.0-dtjcn7o/lib/python3.11/site-packages:/work/noaa/epic/role-epic/spack-stack/hercules/spack-stack-1.6.0/envs/gsi-addon-dev-fms-2024.01/install/intel/2021.9.0/py-pandas-1.5.3-7tjsvkw/lib/python3.11/site-packages:/work/noaa/epic/role-epic/spack-stack/hercules/spack-stack-1.6.0/envs/gsi-addon-dev-fms-2024.01/install/intel/2021.9.0/py-xlwt-1.3.0-ghvbw56/lib/python3.11/site-packages:/work/noaa/epic/role-epic/spack-stack/hercules/spack-stack-1.6.0/envs/gsi-addon-dev-fms-2024.01/install/intel/2021.9.0/py-xlsxwriter-3.1.7-rqogaok/lib/python3.11/site-packages:/work/noaa/epic/role-epic/spack-stack/hercules/spack-stack-1.6.0/envs/gsi-addon-dev-fms-2024.01/install/intel/2021.9.0/py-xlrd-2.0.1-g52jf7f/lib/python3.11/site-packages:/work/noaa/epic/role-epic/spack-stack/hercules/spack-stack-1.6.0/envs/gsi-addon-dev-fms-2024.01/install/intel/2021.9.0/py-pyxlsb-1.0.10-ow7w6ge/lib/python3.11/site-packages:/work/noaa/epic/role-epic/spack-stack/hercules/spack-stack-1.6.0/envs/gsi-addon-dev-fms-2024.01/install/intel/2021.9.0/py-pytz-2023.3-kmu3i3s/lib/python3.11/site-packages:/work/noaa/epic/role-epic/spack-stack/hercules/spack-stack-1.6.0/envs/gsi-addon-dev-fms-2024.01/install/intel/2021.9.0/py-openpyxl-3.1.2-vfourqe/lib/python3.11/site-packages:/work/noaa/epic/role-epic/spack-stack/hercules/spack-stack-1.6.0/envs/gsi-addon-dev-fms-2024.01/install/intel/2021.9.0/py-et-xmlfile-1.0.1-7wze7yq/lib/python3.11/site-packages:/work/noaa/epic/role-epic/spack-stack/hercules/spack-stack-1.6.0/envs/gsi-addon-dev-fms-2024.01/install/intel/2021.9.0/py-numexpr-2.8.4-nobvkrq/lib/python3.11/site-packages:/work/noaa/epic/role-epic/spack-stack/hercules/spack-stack-1.6.0/envs/gsi-addon-dev-fms-2024.01/install/intel/2021.9.0/py-bottleneck-1.3.7-ftw2r3a/lib/python3.11/site-packages:/work/noaa/epic/role-epic/spack-stack/hercules/spack-stack-1.6.0/envs/gsi-addon-dev-fms-2024.01/install/intel/2021.9.0/py-jinja2-3.1.2-eoja5pj/lib/python3.11/site-packages:/work/noaa/epic/role-epic/spack-stack/hercules/spack-stack-1.6.0/envs/gsi-addon-dev-fms-2024.01/install/intel/2021.9.0/py-markupsafe-2.1.3-v6xcnb7/lib/python3.11/site-packages:/work/noaa/epic/role-epic/spack-stack/hercules/spack-stack-1.6.0/envs/gsi-addon-dev-fms-2024.01/install/intel/2021.9.0/py-pyyaml-6.0-t2st4x2/lib/python3.11/site-packages:/work/noaa/epic/role-epic/spack-stack/hercules/spack-stack-1.6.0/envs/gsi-addon-dev-fms-2024.01/install/intel/2021.9.0/py-netcdf4-1.5.8-bgfhv5i/lib/python3.11/site-packages:/work/noaa/epic/role-epic/spack-stack/hercules/spack-stack-1.6.0/envs/gsi-addon-dev-fms-2024.01/install/intel/2021.9.0/py-cftime-1.0.3.4-ienmq3i/lib/python3.11/site-packages:/work/noaa/epic/role-epic/spack-stack/hercules/spack-stack-1.6.0/envs/gsi-addon-dev-fms-2024.01/install/intel/2021.9.0/py-f90nml-1.4.3-3ib7u6z/lib/python3.11/site-packages:/work/noaa/epic/role-epic/spack-stack/hercules/spack-stack-1.6.0/envs/gsi-addon-dev-fms-2024.01/install/intel/2021.9.0/bufr-11.7.0-7qdgt6m/lib64/python3.11/site-packages:/work/noaa/epic/role-epic/spack-stack/hercules/spack-stack-1.6.0/envs/gsi-addon-dev-fms-2024.01/install/intel/2021.9.0/bufr-11.7.0-7qdgt6m/lib/python3.11/site-packages:/work/noaa/epic/role-epic/spack-stack/hercules/spack-stack-1.6.0/envs/gsi-addon-dev-fms-2024.01/install/intel/2021.9.0/py-numpy-1.23.4-ftta6ne/lib/python3.11/site-packages:/work/noaa/epic/role-epic/spack-stack/hercules/spack-stack-1.6.0/envs/gsi-addon-dev-fms-2024.01/install/intel/2021.9.0/py-setuptools-63.4.3-5extjhr/lib/python3.11/site-packages:/work2/noaa/global/mterry/global-workflow_forked/sorc/wxflow/src:/work2/noaa/global/mterry/global-workflow_forked/ush/python
++ export PYTHONPATH
++ ulimit -S -s 16384
++ unset ulimit_s
+ status=0
+ ((  status !=  0  ))
+ export job=prep_emissions
+ job=prep_emissions
+ export jobid=prep_emissions.210050
+ jobid=prep_emissions.210050
+ /work2/noaa/global/mterry/global-workflow_forked/jobs/JGLOBAL_PREP_EMISSIONS
Begin /work2/noaa/global/mterry/global-workflow_forked/jobs/JGLOBAL_PREP_EMISSIONS at Mon Jul 28 19:58:08 UTC 2025
++ jjob_header.sh[46]OPTIND=1
++ jjob_header.sh[47]getopts c:e: option
++ jjob_header.sh[48]case "${option}" in
++ jjob_header.sh[50]env_job=prep_emissions
++ jjob_header.sh[47]getopts c:e: option
++ jjob_header.sh[48]case "${option}" in
++ jjob_header.sh[49]read -ra configs
++ jjob_header.sh[47]getopts c:e: option
++ jjob_header.sh[61]shift 4
++ jjob_header.sh[63][[ -z prep_emissions ]]
++ jjob_header.sh[71]export DATA=/work2/noaa/stmp/mterry/HERCULES/RUNDIRS/C48_S2SWA_gefs/gefs.2021032312/prep_emissions.210050
++ jjob_header.sh[71]DATA=/work2/noaa/stmp/mterry/HERCULES/RUNDIRS/C48_S2SWA_gefs/gefs.2021032312/prep_emissions.210050
++ jjob_header.sh[72][[ YES == \Y\E\S ]]
++ jjob_header.sh[73]rm -rf /work2/noaa/stmp/mterry/HERCULES/RUNDIRS/C48_S2SWA_gefs/gefs.2021032312/prep_emissions.210050
++ jjob_header.sh[75]mkdir -p /work2/noaa/stmp/mterry/HERCULES/RUNDIRS/C48_S2SWA_gefs/gefs.2021032312/prep_emissions.210050
++ jjob_header.sh[76]cd /work2/noaa/stmp/mterry/HERCULES/RUNDIRS/C48_S2SWA_gefs/gefs.2021032312/prep_emissions.210050
++ jjob_header.sh[85]export pid=210320
++ jjob_header.sh[85]pid=210320
++ jjob_header.sh[86]export pgmout=OUTPUT.210320
++ jjob_header.sh[86]pgmout=OUTPUT.210320
++ jjob_header.sh[87]export pgmerr=errfile
++ jjob_header.sh[87]pgmerr=errfile
++ jjob_header.sh[90]export pgm=
++ jjob_header.sh[90]pgm=
++ jjob_header.sh[96]export cycle=t12z
++ jjob_header.sh[96]cycle=t12z
++ jjob_header.sh[97]setpdy.sh
+ setpdy.sh[20]'[' /work2/noaa/stmp/mterry/HERCULES/RUNDIRS/C48_S2SWA_gefs/gefs.2021032312/prep_emissions.210050 == /home/mterry ']'
+ setpdy.sh[25][[ ! t12z =~ t??z ]]
+ setpdy.sh[30]case $# in
+ setpdy.sh[31]dates_before_PDY=7
+ setpdy.sh[32]dates_after_PDY=7
+ setpdy.sh[50]COMDATEROOT=/work2/noaa/global/mterry/RUNTESTS/COMROOT
+ setpdy.sh[53]'[' -z 20210323 ']'
+ setpdy.sh[57]sed 's/[0-9]\{8\}/20210323/' /work2/noaa/global/mterry/RUNTESTS/COMROOT/date/t12z
sed: can't read /work2/noaa/global/mterry/RUNTESTS/COMROOT/date/t12z: No such file or directory
++ jjob_header.sh[97]true
++ jjob_header.sh[98]source ./PDY
/work2/noaa/global/mterry/global-workflow_forked/ush/jjob_header.sh: line 98: ./PDY: No such file or directory
++ jjob_header.sh[98]true
++ jjob_header.sh[104]export EXPDIR=/work2/noaa/global/mterry/RUNTESTS/EXPDIR/C48_S2SWA_gefs
++ jjob_header.sh[104]EXPDIR=/work2/noaa/global/mterry/RUNTESTS/EXPDIR/C48_S2SWA_gefs
++ jjob_header.sh[105]for config in "${configs[@]:-''}"
++ jjob_header.sh[106]source /work2/noaa/global/mterry/RUNTESTS/EXPDIR/C48_S2SWA_gefs/config.base
+++ config.base[6]echo 'BEGIN: config.base'
BEGIN: config.base
+++ config.base[9]export machine=HERCULES
+++ config.base[9]machine=HERCULES
+++ config.base[12]export RUN_ENVIR=emc
+++ config.base[12]RUN_ENVIR=emc
+++ config.base[15]export ACCOUNT=fv3-cpu
+++ config.base[15]ACCOUNT=fv3-cpu
+++ config.base[16]export QUEUE=batch
+++ config.base[16]QUEUE=batch
+++ config.base[17]export QUEUE_SERVICE=batch
+++ config.base[17]QUEUE_SERVICE=batch
+++ config.base[18]export QUEUE_DTN=batch
+++ config.base[18]QUEUE_DTN=batch
+++ config.base[19]export PARTITION_BATCH=hercules
+++ config.base[19]PARTITION_BATCH=hercules
+++ config.base[20]export PARTITION_SERVICE=service
+++ config.base[20]PARTITION_SERVICE=service
+++ config.base[21]export PARTITION_DTN=
+++ config.base[21]PARTITION_DTN=
+++ config.base[22]export RESERVATION=
+++ config.base[22]RESERVATION=
+++ config.base[23]export CLUSTERS=
+++ config.base[23]CLUSTERS=
+++ config.base[24]export CLUSTERS_SERVICE=
+++ config.base[24]CLUSTERS_SERVICE=
+++ config.base[25]export CLUSTERS_DTN=
+++ config.base[25]CLUSTERS_DTN=
+++ config.base[28]export HPSS_PROJECT=emc-global
+++ config.base[28]HPSS_PROJECT=emc-global
+++ config.base[31]export HOMEgfs=/work2/noaa/global/mterry/global-workflow_forked
+++ config.base[31]HOMEgfs=/work2/noaa/global/mterry/global-workflow_forked
+++ config.base[32]export EXECgfs=/work2/noaa/global/mterry/global-workflow_forked/exec
+++ config.base[32]EXECgfs=/work2/noaa/global/mterry/global-workflow_forked/exec
+++ config.base[33]export FIXgfs=/work2/noaa/global/mterry/global-workflow_forked/fix
+++ config.base[33]FIXgfs=/work2/noaa/global/mterry/global-workflow_forked/fix
+++ config.base[34]export PARMgfs=/work2/noaa/global/mterry/global-workflow_forked/parm
+++ config.base[34]PARMgfs=/work2/noaa/global/mterry/global-workflow_forked/parm
+++ config.base[35]export SCRgfs=/work2/noaa/global/mterry/global-workflow_forked/scripts
+++ config.base[35]SCRgfs=/work2/noaa/global/mterry/global-workflow_forked/scripts
+++ config.base[36]export USHgfs=/work2/noaa/global/mterry/global-workflow_forked/ush
+++ config.base[36]USHgfs=/work2/noaa/global/mterry/global-workflow_forked/ush
+++ config.base[37]export FIXorog=/work2/noaa/global/mterry/global-workflow_forked/fix/orog
+++ config.base[37]FIXorog=/work2/noaa/global/mterry/global-workflow_forked/fix/orog
+++ config.base[38]export FIXugwd=/work2/noaa/global/mterry/global-workflow_forked/fix/ugwd
+++ config.base[38]FIXugwd=/work2/noaa/global/mterry/global-workflow_forked/fix/ugwd
+++ config.base[43]export PACKAGEROOT=/work2/noaa/global/role-global/nwpara
+++ config.base[43]PACKAGEROOT=/work2/noaa/global/role-global/nwpara
+++ config.base[44]export COMROOT=/work2/noaa/global/mterry/RUNTESTS/COMROOT
+++ config.base[44]COMROOT=/work2/noaa/global/mterry/RUNTESTS/COMROOT
+++ config.base[45]export COMINsyn=/work2/noaa/global/role-global/com/gfs/prod/syndat
+++ config.base[45]COMINsyn=/work2/noaa/global/role-global/com/gfs/prod/syndat
+++ config.base[48]export HOMEDIR=/work2/noaa/global/mterry
+++ config.base[48]HOMEDIR=/work2/noaa/global/mterry
+++ config.base[49]export STMP=/work2/noaa/stmp/mterry/HERCULES
+++ config.base[49]STMP=/work2/noaa/stmp/mterry/HERCULES
+++ config.base[50]export PTMP=/work2/noaa/stmp/mterry/HERCULES
+++ config.base[50]PTMP=/work2/noaa/stmp/mterry/HERCULES
+++ config.base[51]export NOSCRUB=/work2/noaa/global/mterry
+++ config.base[51]NOSCRUB=/work2/noaa/global/mterry
+++ config.base[54]export BASE_GIT=/work2/noaa/global/role-global/git
+++ config.base[54]BASE_GIT=/work2/noaa/global/role-global/git
+++ config.base[57]export BASE_DATA=/work2/noaa/global/role-global/data
+++ config.base[57]BASE_DATA=/work2/noaa/global/role-global/data
+++ config.base[60]export DO_BUFRSND=NO
+++ config.base[60]DO_BUFRSND=NO
+++ config.base[61]export DO_GEMPAK=NO
+++ config.base[61]DO_GEMPAK=NO
+++ config.base[62]export DO_AWIPS=NO
+++ config.base[62]DO_AWIPS=NO
+++ config.base[65]export MODE=forecast-only
+++ config.base[65]MODE=forecast-only
+++ config.base[66]export DO_TEST_MODE=NO
+++ config.base[66]DO_TEST_MODE=NO
+++ config.base[67]export GEFSTYPE=gefs-offline
+++ config.base[67]GEFSTYPE=gefs-offline
+++ config.base[75]export HOMEpost=/work2/noaa/global/mterry/global-workflow_forked
+++ config.base[75]HOMEpost=/work2/noaa/global/mterry/global-workflow_forked
+++ config.base[78]export NMV=/bin/mv
+++ config.base[78]NMV=/bin/mv
+++ config.base[79]export 'NLN=/bin/ln -sf'
+++ config.base[79]NLN='/bin/ln -sf'
+++ config.base[80]export VERBOSE=YES
+++ config.base[80]VERBOSE=YES
+++ config.base[81]export KEEPDATA=NO
+++ config.base[81]KEEPDATA=NO
+++ config.base[82]export DEBUG_POSTSCRIPT=NO
+++ config.base[82]DEBUG_POSTSCRIPT=NO
+++ config.base[83]export CHGRP_RSTPROD=YES
+++ config.base[83]CHGRP_RSTPROD=YES
+++ config.base[84]export 'CHGRP_CMD=chgrp rstprod'
+++ config.base[84]CHGRP_CMD='chgrp rstprod'
+++ config.base[85]export NCDUMP=/work/noaa/epic/role-epic/spack-stack/hercules/spack-stack-1.6.0/envs/unified-env/install/intel/2021.9.0/netcdf-c-4.9.2-tslbcfy/bin/ncdump
+++ config.base[85]NCDUMP=/work/noaa/epic/role-epic/spack-stack/hercules/spack-stack-1.6.0/envs/unified-env/install/intel/2021.9.0/netcdf-c-4.9.2-tslbcfy/bin/ncdump
+++ config.base[86]export NCLEN=/work2/noaa/global/mterry/global-workflow_forked/ush/getncdimlen
+++ config.base[86]NCLEN=/work2/noaa/global/mterry/global-workflow_forked/ush/getncdimlen
+++ config.base[89]export BASE_ENV=/work2/noaa/global/mterry/global-workflow_forked/env
+++ config.base[89]BASE_ENV=/work2/noaa/global/mterry/global-workflow_forked/env
+++ config.base[92]export SDATE=2021032312
+++ config.base[92]SDATE=2021032312
+++ config.base[93]export EDATE=2021032312
+++ config.base[93]EDATE=2021032312
+++ config.base[94]export EXP_WARM_START=.false.
+++ config.base[94]EXP_WARM_START=.false.
+++ config.base[95]export assim_freq=6
+++ config.base[95]assim_freq=6
+++ config.base[96]export PSLOT=C48_S2SWA_gefs
+++ config.base[96]PSLOT=C48_S2SWA_gefs
+++ config.base[97]export EXPDIR=/work2/noaa/global/mterry/RUNTESTS/EXPDIR/C48_S2SWA_gefs
+++ config.base[97]EXPDIR=/work2/noaa/global/mterry/RUNTESTS/EXPDIR/C48_S2SWA_gefs
+++ config.base[98]export ROTDIR=/work2/noaa/global/mterry/RUNTESTS/COMROOT/C48_S2SWA_gefs
+++ config.base[98]ROTDIR=/work2/noaa/global/mterry/RUNTESTS/COMROOT/C48_S2SWA_gefs
+++ config.base[100]export ARCDIR=/work2/noaa/global/mterry/archive/C48_S2SWA_gefs
+++ config.base[100]ARCDIR=/work2/noaa/global/mterry/archive/C48_S2SWA_gefs
+++ config.base[101]export ATARDIR=/NCEPDEV/emc-global/1year/mterry/HERCULES/scratch/C48_S2SWA_gefs
+++ config.base[101]ATARDIR=/NCEPDEV/emc-global/1year/mterry/HERCULES/scratch/C48_S2SWA_gefs
+++ config.base[102]export 'FETCHDIR={{ FETCHDIR }}'
+++ config.base[102]FETCHDIR='{{ FETCHDIR }}'
+++ config.base[105]export envir=prod
+++ config.base[105]envir=prod
+++ config.base[106]export NET=gefs
+++ config.base[106]NET=gefs
+++ config.base[107]export RUN=gefs
+++ config.base[107]RUN=gefs
+++ config.base[110]source /work2/noaa/global/mterry/RUNTESTS/EXPDIR/C48_S2SWA_gefs/config.com
++++ config.com[4]echo 'BEGIN: config.com'
BEGIN: config.com
++++ config.com[38][[ emc == \n\c\o ]]
++++ config.com[43]COM_OBSPROC_TMPL='${DMPDIR}/${RUN}${DUMP_SUFFIX}.${YMD}/${HH}/atmos'
++++ config.com[44]COM_RTOFS_TMPL='${DMPDIR}'
++++ config.com[45]COM_TCVITAL_TMPL='${DMPDIR}/${RUN}.${YMD}/${HH}/atmos'
++++ config.com[47]declare -rx 'COM_OBS_TMPL=${ROTDIR}/${RUN}.${YMD}/${HH}/obs'
++++ config.com[48]declare -rx COM_OBSPROC_TMPL COM_RTOFS_TMPL
++++ config.com[50]COM_BASE='${ROTDIR}/${RUN}.${YMD}/${HH}/${MEMDIR}'
++++ config.com[52]declare -rx 'COM_TOP_TMPL=${ROTDIR}/${RUN}.${YMD}/${HH}'
++++ config.com[54]declare -rx 'COM_CONF_TMPL=${ROTDIR}/${RUN}.${YMD}/${HH}/${MEMDIR}/conf'
++++ config.com[55]declare -rx 'COM_OBS_JEDI=${ROTDIR}/${RUN}.${YMD}/${HH}/${MEMDIR}/obs_jedi'
++++ config.com[57]declare -rx 'COM_ATMOS_INPUT_TMPL=${ROTDIR}/${RUN}.${YMD}/${HH}/${MEMDIR}/model/atmos/input'
++++ config.com[58]declare -rx 'COM_ATMOS_RESTART_TMPL=${ROTDIR}/${RUN}.${YMD}/${HH}/${MEMDIR}/model/atmos/restart'
++++ config.com[59]declare -rx 'COM_ATMOS_ANALYSIS_TMPL=${ROTDIR}/${RUN}.${YMD}/${HH}/${MEMDIR}/analysis/atmos'
++++ config.com[60]declare -rx 'COM_SNOW_ANALYSIS_TMPL=${ROTDIR}/${RUN}.${YMD}/${HH}/${MEMDIR}/analysis/snow'
++++ config.com[61]declare -rx 'COM_SNOW_ANLMON_TMPL=${ROTDIR}/${RUN}.${YMD}/${HH}/${MEMDIR}/products/snow/anlmon'
++++ config.com[62]declare -rx 'COM_ATMOS_HISTORY_TMPL=${ROTDIR}/${RUN}.${YMD}/${HH}/${MEMDIR}/model/atmos/history'
++++ config.com[63]declare -rx 'COM_ATMOS_MASTER_TMPL=${ROTDIR}/${RUN}.${YMD}/${HH}/${MEMDIR}/model/atmos/master'
++++ config.com[64]declare -rx 'COM_ATMOS_GRIB_TMPL=${ROTDIR}/${RUN}.${YMD}/${HH}/${MEMDIR}/products/atmos/grib2'
++++ config.com[65]declare -rx 'COM_ATMOS_GRIB_GRID_TMPL=${ROTDIR}/${RUN}.${YMD}/${HH}/${MEMDIR}/products/atmos/grib2/${GRID}'
++++ config.com[66]declare -rx 'COM_ATMOS_BUFR_TMPL=${ROTDIR}/${RUN}.${YMD}/${HH}/${MEMDIR}/products/atmos/bufr'
++++ config.com[67]declare -rx 'COM_ATMOS_GEMPAK_TMPL=${ROTDIR}/${RUN}.${YMD}/${HH}/${MEMDIR}/products/atmos/gempak/${GRID}'
++++ config.com[68]declare -rx 'COM_ATMOS_GENESIS_TMPL=${ROTDIR}/${RUN}.${YMD}/${HH}/${MEMDIR}/products/atmos/cyclone/genesis_vital'
++++ config.com[69]declare -rx 'COM_ATMOS_TRACK_TMPL=${ROTDIR}/${RUN}.${YMD}/${HH}/${MEMDIR}/products/atmos/cyclone/tracks'
++++ config.com[70]declare -rx 'COM_ATMOS_GOES_TMPL=${ROTDIR}/${RUN}.${YMD}/${HH}/${MEMDIR}/products/atmos/goes_sim'
++++ config.com[71]declare -rx 'COM_ATMOS_IMAGERY_TMPL=${ROTDIR}/${RUN}.${YMD}/${HH}/${MEMDIR}/products/atmos/imagery'
++++ config.com[72]declare -rx 'COM_ATMOS_OZNMON_TMPL=${ROTDIR}/${RUN}.${YMD}/${HH}/${MEMDIR}/products/atmos/oznmon'
++++ config.com[73]declare -rx 'COM_ATMOS_RADMON_TMPL=${ROTDIR}/${RUN}.${YMD}/${HH}/${MEMDIR}/products/atmos/radmon'
++++ config.com[74]declare -rx 'COM_ATMOS_MINMON_TMPL=${ROTDIR}/${RUN}.${YMD}/${HH}/${MEMDIR}/products/atmos/minmon'
++++ config.com[75]declare -rx 'COM_ATMOS_ANLMON_TMPL=${ROTDIR}/${RUN}.${YMD}/${HH}/${MEMDIR}/products/atmos/anlmon'
++++ config.com[76]declare -rx 'COM_ATMOS_WMO_TMPL=${ROTDIR}/${RUN}.${YMD}/${HH}/${MEMDIR}/products/atmos/wmo'
++++ config.com[78]declare -rx 'COM_WAVE_RESTART_TMPL=${ROTDIR}/${RUN}.${YMD}/${HH}/${MEMDIR}/model/wave/restart'
++++ config.com[79]declare -rx 'COM_WAVE_PREP_TMPL=${ROTDIR}/${RUN}.${YMD}/${HH}/${MEMDIR}/model/wave/prep'
++++ config.com[80]declare -rx 'COM_WAVE_HISTORY_TMPL=${ROTDIR}/${RUN}.${YMD}/${HH}/${MEMDIR}/model/wave/history'
++++ config.com[81]declare -rx 'COM_WAVE_GRID_TMPL=${ROTDIR}/${RUN}.${YMD}/${HH}/${MEMDIR}/products/wave/gridded'
++++ config.com[82]declare -rx 'COM_WAVE_GRID_RES_TMPL=${ROTDIR}/${RUN}.${YMD}/${HH}/${MEMDIR}/products/wave/gridded/${GRDRESNAME}'
++++ config.com[83]declare -rx 'COM_WAVE_STATION_TMPL=${ROTDIR}/${RUN}.${YMD}/${HH}/${MEMDIR}/products/wave/station'
++++ config.com[84]declare -rx 'COM_WAVE_GEMPAK_TMPL=${ROTDIR}/${RUN}.${YMD}/${HH}/${MEMDIR}/products/wave/gempak'
++++ config.com[85]declare -rx 'COM_WAVE_WMO_TMPL=${ROTDIR}/${RUN}.${YMD}/${HH}/${MEMDIR}/products/wave/wmo'
++++ config.com[87]declare -rx 'COM_OCEAN_HISTORY_TMPL=${ROTDIR}/${RUN}.${YMD}/${HH}/${MEMDIR}/model/ocean/history'
++++ config.com[88]declare -rx 'COM_OCEAN_RESTART_TMPL=${ROTDIR}/${RUN}.${YMD}/${HH}/${MEMDIR}/model/ocean/restart'
++++ config.com[89]declare -rx 'COM_OCEAN_INPUT_TMPL=${ROTDIR}/${RUN}.${YMD}/${HH}/${MEMDIR}/model/ocean/input'
++++ config.com[90]declare -rx 'COM_OCEAN_ANALYSIS_TMPL=${ROTDIR}/${RUN}.${YMD}/${HH}/${MEMDIR}/analysis/ocean'
++++ config.com[91]declare -rx 'COM_OCEAN_ANLMON_TMPL=${ROTDIR}/${RUN}.${YMD}/${HH}/${MEMDIR}/products/ocean/anlmon'
++++ config.com[92]declare -rx 'COM_OCEAN_LETKF_TMPL=${ROTDIR}/${RUN}.${YMD}/${HH}/${MEMDIR}/analysis/ocean/letkf'
++++ config.com[93]declare -rx 'COM_OCEAN_BMATRIX_TMPL=${ROTDIR}/${RUN}.${YMD}/${HH}/${MEMDIR}/bmatrix/ocean'
++++ config.com[94]declare -rx 'COM_OCEAN_NETCDF_TMPL=${ROTDIR}/${RUN}.${YMD}/${HH}/${MEMDIR}/products/ocean/netcdf'
++++ config.com[95]declare -rx 'COM_OCEAN_GRIB_TMPL=${ROTDIR}/${RUN}.${YMD}/${HH}/${MEMDIR}/products/ocean/grib2'
++++ config.com[96]declare -rx 'COM_OCEAN_GRIB_GRID_TMPL=${ROTDIR}/${RUN}.${YMD}/${HH}/${MEMDIR}/products/ocean/grib2/${GRID}'
++++ config.com[98]declare -rx 'COM_ICE_ANALYSIS_TMPL=${ROTDIR}/${RUN}.${YMD}/${HH}/${MEMDIR}/analysis/ice'
++++ config.com[99]declare -rx 'COM_ICE_LETKF_TMPL=${ROTDIR}/${RUN}.${YMD}/${HH}/${MEMDIR}/analysis/ice/letkf'
++++ config.com[100]declare -rx 'COM_ICE_ANLMON_TMPL=${ROTDIR}/${RUN}.${YMD}/${HH}/${MEMDIR}/products/ice/anlmon'
++++ config.com[101]declare -rx 'COM_ICE_BMATRIX_TMPL=${ROTDIR}/${RUN}.${YMD}/${HH}/${MEMDIR}/bmatrix/ice'
++++ config.com[102]declare -rx 'COM_ICE_INPUT_TMPL=${ROTDIR}/${RUN}.${YMD}/${HH}/${MEMDIR}/model/ice/input'
++++ config.com[103]declare -rx 'COM_ICE_HISTORY_TMPL=${ROTDIR}/${RUN}.${YMD}/${HH}/${MEMDIR}/model/ice/history'
++++ config.com[104]declare -rx 'COM_ICE_RESTART_TMPL=${ROTDIR}/${RUN}.${YMD}/${HH}/${MEMDIR}/model/ice/restart'
++++ config.com[105]declare -rx 'COM_ICE_NETCDF_TMPL=${ROTDIR}/${RUN}.${YMD}/${HH}/${MEMDIR}/products/ice/netcdf'
++++ config.com[106]declare -rx 'COM_ICE_GRIB_TMPL=${ROTDIR}/${RUN}.${YMD}/${HH}/${MEMDIR}/products/ice/grib2'
++++ config.com[107]declare -rx 'COM_ICE_GRIB_GRID_TMPL=${ROTDIR}/${RUN}.${YMD}/${HH}/${MEMDIR}/products/ice/grib2/${GRID}'
++++ config.com[109]declare -rx 'COM_CHEM_HISTORY_TMPL=${ROTDIR}/${RUN}.${YMD}/${HH}/${MEMDIR}/model/chem/history'
++++ config.com[110]declare -rx 'COM_CHEM_ANALYSIS_TMPL=${ROTDIR}/${RUN}.${YMD}/${HH}/${MEMDIR}/analysis/chem'
++++ config.com[111]declare -rx 'COM_CHEM_BMAT_TMPL=${ROTDIR}/${RUN}.${YMD}/${HH}/${MEMDIR}/analysis/chem/bmatrix'
++++ config.com[112]declare -rx 'COM_CHEM_ANLMON_TMPL=${ROTDIR}/${RUN}.${YMD}/${HH}/${MEMDIR}/products/chem/anlmon'
++++ config.com[114]declare -rx 'COM_MED_RESTART_TMPL=${ROTDIR}/${RUN}.${YMD}/${HH}/${MEMDIR}/model/med/restart'
+++ config.base[112]export LOGSCRIPT=
+++ config.base[112]LOGSCRIPT=
+++ config.base[114]export 'REDOUT=1>'
+++ config.base[114]REDOUT='1>'
+++ config.base[115]export 'REDERR=2>'
+++ config.base[115]REDERR='2>'
+++ config.base[117]export SENDECF=NO
+++ config.base[117]SENDECF=NO
+++ config.base[118]export SENDSDM=NO
+++ config.base[118]SENDSDM=NO
+++ config.base[119]export SENDDBN_NTC=NO
+++ config.base[119]SENDDBN_NTC=NO
+++ config.base[120]export SENDDBN=NO
+++ config.base[120]SENDDBN=NO
+++ config.base[121]export DBNROOT=/work/noaa/epic/role-epic/spack-stack/hercules/spack-stack-1.6.0/envs/unified-env/install/intel/2021.9.0/prod-util-2.1.1-ddlo2cq/fakedbn
+++ config.base[121]DBNROOT=/work/noaa/epic/role-epic/spack-stack/hercules/spack-stack-1.6.0/envs/unified-env/install/intel/2021.9.0/prod-util-2.1.1-ddlo2cq/fakedbn
+++ config.base[122]export SENDAWIP=NO
+++ config.base[122]SENDAWIP=NO
+++ config.base[125]export APP=S2SWA
+++ config.base[125]APP=S2SWA
+++ config.base[128]export DO_ATM=YES
+++ config.base[128]DO_ATM=YES
+++ config.base[129]export DO_COUPLED=NO
+++ config.base[129]DO_COUPLED=NO
+++ config.base[130]export DO_WAVE=NO
+++ config.base[130]DO_WAVE=NO
+++ config.base[131]export DO_OCN=NO
+++ config.base[131]DO_OCN=NO
+++ config.base[132]export DO_ICE=NO
+++ config.base[132]DO_ICE=NO
+++ config.base[133]export DO_EXTRACTVARS=NO
+++ config.base[133]DO_EXTRACTVARS=NO
+++ config.base[134]export DO_AERO_FCST=NO
+++ config.base[134]DO_AERO_FCST=NO
+++ config.base[135]export DO_AERO_ANL=NO
+++ config.base[135]DO_AERO_ANL=NO
+++ config.base[136]export DOBNDPNT_WAVE=NO
+++ config.base[136]DOBNDPNT_WAVE=NO
+++ config.base[137]export DOIBP_WAV=NO
+++ config.base[137]DOIBP_WAV=NO
+++ config.base[138]export FRAC_GRID=.true.
+++ config.base[138]FRAC_GRID=.true.
+++ config.base[139]export DO_NEST=NO
+++ config.base[139]DO_NEST=NO
+++ config.base[140][[ NO == \Y\E\S ]]
+++ config.base[144]export ntiles=6
+++ config.base[144]ntiles=6
+++ config.base[148]export OPS_RES=C768
+++ config.base[148]OPS_RES=C768
+++ config.base[151]export LEVS=128
+++ config.base[151]LEVS=128
+++ config.base[152]export CASE=C48
+++ config.base[152]CASE=C48
+++ config.base[153]export CASE_ENS=C48
+++ config.base[153]CASE_ENS=C48
+++ config.base[154]export OCNRES=500
+++ config.base[154]OCNRES=500
+++ config.base[155]export ICERES=500
+++ config.base[155]ICERES=500
+++ config.base[157]case "${CASE}" in
+++ config.base[159]export waveGRD=glo_500
+++ config.base[159]waveGRD=glo_500
+++ config.base[176]case "${APP}" in
+++ config.base[192]export DO_COUPLED=YES
+++ config.base[192]DO_COUPLED=YES
+++ config.base[193]export DO_OCN=YES
+++ config.base[193]DO_OCN=YES
+++ config.base[194]export DO_ICE=YES
+++ config.base[194]DO_ICE=YES
+++ config.base[196][[ S2SWA =~ A$ ]]
+++ config.base[197]export DO_AERO_FCST=YES
+++ config.base[197]DO_AERO_FCST=YES
+++ config.base[200][[ S2SWA =~ ^S2SW ]]
+++ config.base[201]export DO_WAVE=YES
+++ config.base[201]DO_WAVE=YES
+++ config.base[211]export FHMIN=0
+++ config.base[211]FHMIN=0
+++ config.base[212]export FHMAX=9
+++ config.base[212]FHMAX=9
+++ config.base[213]export FHOUT=3
+++ config.base[213]FHOUT=3
+++ config.base[214]export FHOUT_OCN=3
+++ config.base[214]FHOUT_OCN=3
+++ config.base[215]export FHOUT_ICE=3
+++ config.base[215]FHOUT_ICE=3
+++ config.base[216]export FHOUT_AERO=3
+++ config.base[216]FHOUT_AERO=3
+++ config.base[219]export INTERVAL_GFS=24
+++ config.base[219]INTERVAL_GFS=24
+++ config.base[220]export SDATE_GFS=2021032312
+++ config.base[220]SDATE_GFS=2021032312
+++ config.base[223]export REPLAY_ICS=NO
+++ config.base[223]REPLAY_ICS=NO
+++ config.base[224][[ NO == \Y\E\S ]]
+++ config.base[230]export OFFSET_START_HOUR=0
+++ config.base[230]OFFSET_START_HOUR=0
+++ config.base[231]export USE_OCN_ENS_PERTURB_FILES=NO
+++ config.base[231]USE_OCN_ENS_PERTURB_FILES=NO
+++ config.base[232]export USE_ATM_ENS_PERTURB_FILES=NO
+++ config.base[232]USE_ATM_ENS_PERTURB_FILES=NO
+++ config.base[236]export FHMIN_GFS=0
+++ config.base[236]FHMIN_GFS=0
+++ config.base[237]export FHMAX_GFS=120
+++ config.base[237]FHMAX_GFS=120
+++ config.base[239]breakpnts=48
+++ config.base[240]export FCST_SEGMENTS=0,48,120
+++ config.base[240]FCST_SEGMENTS=0,48,120
+++ config.base[242]export FHOUT_GFS=6
+++ config.base[242]FHOUT_GFS=6
+++ config.base[243]export FHMAX_HF_GFS=0
+++ config.base[243]FHMAX_HF_GFS=0
+++ config.base[244]export FHOUT_HF_GFS=1
+++ config.base[244]FHOUT_HF_GFS=1
+++ config.base[245]export FHOUT_OCN_GFS=24
+++ config.base[245]FHOUT_OCN_GFS=24
+++ config.base[246]export FHOUT_ICE_GFS=24
+++ config.base[246]FHOUT_ICE_GFS=24
+++ config.base[247]export FHMIN_WAV=0
+++ config.base[247]FHMIN_WAV=0
+++ config.base[248]export FHOUT_WAV=3
+++ config.base[248]FHOUT_WAV=3
+++ config.base[249]export FHOUT_WAV_GFS=3
+++ config.base[249]FHOUT_WAV_GFS=3
+++ config.base[250]export FHMAX_HF_WAV=120
+++ config.base[250]FHMAX_HF_WAV=120
+++ config.base[251]export FHOUT_HF_WAV=1
+++ config.base[251]FHOUT_HF_WAV=1
+++ config.base[252]export FHMAX_WAV=120
+++ config.base[252]FHMAX_WAV=120
+++ config.base[253]export FHMAX_WAV_GFS=120
+++ config.base[253]FHMAX_WAV_GFS=120
+++ config.base[254]export FHMAX_HF_GFS=0
+++ config.base[254]FHMAX_HF_GFS=0
+++ config.base[255]export FHMAX_WAV_GFS=120
+++ config.base[255]FHMAX_WAV_GFS=120
+++ config.base[256]export FHMAX_HF_WAV=120
+++ config.base[256]FHMAX_HF_WAV=120
+++ config.base[257]export ILPOST=1
+++ config.base[257]ILPOST=1
+++ config.base[259]export FHMIN_ENKF=0
+++ config.base[259]FHMIN_ENKF=0
+++ config.base[260]export FHMAX_ENKF=120
+++ config.base[260]FHMAX_ENKF=120
+++ config.base[261]export FHOUT_ENKF=6
+++ config.base[261]FHOUT_ENKF=6
+++ config.base[262]export FHOUT_OCN=24
+++ config.base[262]FHOUT_OCN=24
+++ config.base[263]export FHOUT_ICE=24
+++ config.base[263]FHOUT_ICE=24
+++ config.base[266]export restart_interval_gfs=12
+++ config.base[266]restart_interval_gfs=12
+++ config.base[267]export restart_interval_enkfgfs=12
+++ config.base[267]restart_interval_enkfgfs=12
+++ config.base[272]export QUILTING=.true.
+++ config.base[272]QUILTING=.true.
+++ config.base[273]export OUTPUT_GRID=gaussian_grid
+++ config.base[273]OUTPUT_GRID=gaussian_grid
+++ config.base[274]export WRITE_DOPOST=.true.
+++ config.base[274]WRITE_DOPOST=.true.
+++ config.base[275]export WRITE_NSFLIP=.true.
+++ config.base[275]WRITE_NSFLIP=.true.
+++ config.base[278]export imp_physics=8
+++ config.base[278]imp_physics=8
+++ config.base[282]export DO_JEDIATMVAR=NO
+++ config.base[282]DO_JEDIATMVAR=NO
+++ config.base[283]export DO_JEDIATMENS=NO
+++ config.base[283]DO_JEDIATMENS=NO
+++ config.base[284]export DO_JEDIOCNVAR=NO
+++ config.base[284]DO_JEDIOCNVAR=NO
+++ config.base[285]export DO_JEDISNOWDA=NO
+++ config.base[285]DO_JEDISNOWDA=NO
+++ config.base[286]export DO_MERGENSST=NO
+++ config.base[286]DO_MERGENSST=NO
+++ config.base[287]export DO_STARTMEM_FROM_JEDIICE=NO
+++ config.base[287]DO_STARTMEM_FROM_JEDIICE=NO
+++ config.base[290]export NMEM_ENS=2
+++ config.base[290]NMEM_ENS=2
+++ config.base[294]export ENSMEM=000
+++ config.base[294]ENSMEM=000
+++ config.base[295]export MEMDIR=mem000
+++ config.base[295]MEMDIR=mem000
+++ config.base[298]((  ENSMEM == 0  ))
+++ config.base[299]export DO_CA=YES
+++ config.base[299]DO_CA=YES
+++ config.base[304]export DOIAU=NO
+++ config.base[304]DOIAU=NO
+++ config.base[307][[ .false. = \.\t\r\u\e\. ]]
+++ config.base[316]export DONST=YES
+++ config.base[316]DONST=YES
+++ config.base[317][[ YES = \Y\E\S ]]
+++ config.base[317]export 'FNTSFA=        '
+++ config.base[317]FNTSFA='        '
+++ config.base[320]export nst_anl=.true.
+++ config.base[320]nst_anl=.true.
+++ config.base[323]export MAKE_NSSTBUFR=NO
+++ config.base[323]MAKE_NSSTBUFR=NO
+++ config.base[326]export MAKE_ACFTBUFR=NO
+++ config.base[326]MAKE_ACFTBUFR=NO
+++ config.base[329]export DO_METP=NO
+++ config.base[329]DO_METP=NO
+++ config.base[330]export DO_FIT2OBS=NO
+++ config.base[330]DO_FIT2OBS=NO
+++ config.base[333]export DO_ARCHCOM=NO
+++ config.base[333]DO_ARCHCOM=NO
+++ config.base[334]export ARCHCOM_TO=globus_hpss
+++ config.base[334]ARCHCOM_TO=globus_hpss
+++ config.base[337]export CLIENT_GLOBUS_UUID=869912fe-f6de-46c0-af10-b22efd84a022
+++ config.base[337]CLIENT_GLOBUS_UUID=869912fe-f6de-46c0-af10-b22efd84a022
+++ config.base[340]export NUM_SND_COLLECTIVES=9
+++ config.base[340]NUM_SND_COLLECTIVES=9
+++ config.base[342]echo 'END: config.base'
END: config.base
++ jjob_header.sh[106]true
++ jjob_header.sh[107]export err=0
++ jjob_header.sh[107]err=0
++ jjob_header.sh[108][[ 0 -ne 0 ]]
++ jjob_header.sh[105]for config in "${configs[@]:-''}"
++ jjob_header.sh[106]source /work2/noaa/global/mterry/RUNTESTS/EXPDIR/C48_S2SWA_gefs/config.prep_emissions
+++ config.prep_emissions[6]echo 'BEGIN: config.prep_emissions'
BEGIN: config.prep_emissions
+++ config.prep_emissions[9]source /work2/noaa/global/mterry/RUNTESTS/EXPDIR/C48_S2SWA_gefs/config.resources prep_emissions
++++ config.resources[8]((  1 != 1  ))
++++ config.resources[15]step=prep_emissions
++++ config.resources[17]echo 'BEGIN: config.resources'
BEGIN: config.resources
++++ config.resources[19]case ${machine} in
++++ config.resources[23]max_tasks_per_node=80
++++ config.resources[43]export max_tasks_per_node
++++ config.resources[45]case ${step} in
++++ config.resources[73]export walltime=00:10:00
++++ config.resources[73]walltime=00:10:00
++++ config.resources[74]export ntasks=1
++++ config.resources[74]ntasks=1
++++ config.resources[75]export threads_per_task=1
++++ config.resources[75]threads_per_task=1
++++ config.resources[76]export tasks_per_node=80
++++ config.resources[76]tasks_per_node=80
++++ config.resources[77]export memory=1GB
++++ config.resources[77]memory=1GB
++++ config.resources[372][[ -f /work2/noaa/global/mterry/RUNTESTS/EXPDIR/C48_S2SWA_gefs/config.resources.HERCULES ]]
++++ config.resources[377]for resource_var in threads_per_task ntasks tasks_per_node NTASKS memory walltime
++++ config.resources[378]run_resource_var=threads_per_task_gefs
++++ config.resources[379][[ -n '' ]]
++++ config.resources[381][[ -n 0 ]]
++++ config.resources[382]export threads_per_task
++++ config.resources[377]for resource_var in threads_per_task ntasks tasks_per_node NTASKS memory walltime
++++ config.resources[378]run_resource_var=ntasks_gefs
++++ config.resources[379][[ -n '' ]]
++++ config.resources[381][[ -n 0 ]]
++++ config.resources[382]export ntasks
++++ config.resources[377]for resource_var in threads_per_task ntasks tasks_per_node NTASKS memory walltime
++++ config.resources[378]run_resource_var=tasks_per_node_gefs
++++ config.resources[379][[ -n '' ]]
++++ config.resources[381][[ -n 0 ]]
++++ config.resources[382]export tasks_per_node
++++ config.resources[377]for resource_var in threads_per_task ntasks tasks_per_node NTASKS memory walltime
++++ config.resources[378]run_resource_var=NTASKS_gefs
++++ config.resources[379][[ -n '' ]]
++++ config.resources[381][[ -n '' ]]
++++ config.resources[377]for resource_var in threads_per_task ntasks tasks_per_node NTASKS memory walltime
++++ config.resources[378]run_resource_var=memory_gefs
++++ config.resources[379][[ -n '' ]]
++++ config.resources[381][[ -n 0 ]]
++++ config.resources[382]export memory
++++ config.resources[377]for resource_var in threads_per_task ntasks tasks_per_node NTASKS memory walltime
++++ config.resources[378]run_resource_var=walltime_gefs
++++ config.resources[379][[ -n '' ]]
++++ config.resources[381][[ -n 0 ]]
++++ config.resources[382]export walltime
++++ config.resources[386]echo 'END: config.resources'
END: config.resources
+++ config.prep_emissions[11]echo 'END: config.prep_emissions'
END: config.prep_emissions
++ jjob_header.sh[106]true
++ jjob_header.sh[107]export err=0
++ jjob_header.sh[107]err=0
++ jjob_header.sh[108][[ 0 -ne 0 ]]
++ jjob_header.sh[117]source /work2/noaa/global/mterry/global-workflow_forked/env/HERCULES.env prep_emissions
+++ HERCULES.env[3][[ 1 -ne 1 ]]
+++ HERCULES.env[10]step=prep_emissions
+++ HERCULES.env[12]export 'launcher=srun -l --export=ALL --hint=nomultithread'
+++ HERCULES.env[12]launcher='srun -l --export=ALL --hint=nomultithread'
+++ HERCULES.env[13]export 'mpmd_opt=--multi-prog --output=mpmd.%j.%t.out'
+++ HERCULES.env[13]mpmd_opt='--multi-prog --output=mpmd.%j.%t.out'
+++ HERCULES.env[16]export MPI_BUFS_PER_PROC=2048
+++ HERCULES.env[16]MPI_BUFS_PER_PROC=2048
+++ HERCULES.env[17]export MPI_BUFS_PER_HOST=2048
+++ HERCULES.env[17]MPI_BUFS_PER_HOST=2048
+++ HERCULES.env[18]export MPI_GROUP_MAX=256
+++ HERCULES.env[18]MPI_GROUP_MAX=256
+++ HERCULES.env[19]export MPI_MEMMAP_OFF=1
+++ HERCULES.env[19]MPI_MEMMAP_OFF=1
+++ HERCULES.env[20]export MP_STDOUTMODE=ORDERED
+++ HERCULES.env[20]MP_STDOUTMODE=ORDERED
+++ HERCULES.env[21]export KMP_AFFINITY=scatter
+++ HERCULES.env[21]KMP_AFFINITY=scatter
+++ HERCULES.env[22]export OMP_STACKSIZE=2048000
+++ HERCULES.env[22]OMP_STACKSIZE=2048000
+++ HERCULES.env[23]export NTHSTACK=1024000000
+++ HERCULES.env[23]NTHSTACK=1024000000
+++ HERCULES.env[25]export I_MPI_EXTRA_FILESYSTEM=1
+++ HERCULES.env[25]I_MPI_EXTRA_FILESYSTEM=1
+++ HERCULES.env[26]export I_MPI_EXTRA_FILESYSTEM_LIST=lustre
+++ HERCULES.env[26]I_MPI_EXTRA_FILESYSTEM_LIST=lustre
+++ HERCULES.env[28]ulimit -s unlimited
+++ HERCULES.env[29]ulimit -a
real-time non-blocking time  (microseconds, -R) unlimited
core file size              (blocks, -c) 0
data seg size               (kbytes, -d) unlimited
scheduling priority                 (-e) 0
file size                   (blocks, -f) unlimited
pending signals                     (-i) 2049614
max locked memory           (kbytes, -l) unlimited
max memory size             (kbytes, -m) 1048576
open files                          (-n) 131072
pipe size                (512 bytes, -p) 8
POSIX message queues         (bytes, -q) 819200
real-time priority                  (-r) 0
stack size                  (kbytes, -s) unlimited
cpu time                   (seconds, -t) unlimited
max user processes                  (-u) 1028698
virtual memory              (kbytes, -v) unlimited
file locks                          (-x) unlimited
+++ HERCULES.env[33][[ -n 1 ]]
+++ HERCULES.env[33][[ -n 80 ]]
+++ HERCULES.env[33][[ -n 80 ]]
+++ HERCULES.env[34]max_threads_per_task=1
+++ HERCULES.env[35]NTHREADSmax=1
+++ HERCULES.env[36]NTHREADS1=1
+++ HERCULES.env[37][[ 1 -gt 1 ]]
+++ HERCULES.env[40][[ 1 -gt 1 ]]
+++ HERCULES.env[43]APRUN_default='srun -l --export=ALL --hint=nomultithread -n 1'
+++ HERCULES.env[49]case ${step} in
+++ HERCULES.env[59]export 'APRUN=srun -l --export=ALL --hint=nomultithread -n 1'
+++ HERCULES.env[59]APRUN='srun -l --export=ALL --hint=nomultithread -n 1'
++ jjob_header.sh[117]true
++ jjob_header.sh[118]export err=0
++ jjob_header.sh[118]err=0
++ jjob_header.sh[119][[ 0 -ne 0 ]]
+ JGLOBAL_PREP_EMISSIONS[18]EXSCRIPT=/work2/noaa/global/mterry/global-workflow_forked/scripts/exglobal_prep_emissions.py
+ JGLOBAL_PREP_EMISSIONS[19]/work2/noaa/global/mterry/global-workflow_forked/scripts/exglobal_prep_emissions.py
+ JGLOBAL_PREP_EMISSIONS[19]true
+ JGLOBAL_PREP_EMISSIONS[20]export err=0
+ JGLOBAL_PREP_EMISSIONS[20]err=0
+ JGLOBAL_PREP_EMISSIONS[21][[ 0 -ne 0 ]]
+ JGLOBAL_PREP_EMISSIONS[32][[ -e OUTPUT.210320 ]]
+ JGLOBAL_PREP_EMISSIONS[36]exit 0
+ JGLOBAL_PREP_EMISSIONS[1]postamble /work2/noaa/global/mterry/global-workflow_forked/jobs/JGLOBAL_PREP_EMISSIONS 1753732688 0
+ preamble.sh[62]set +x
End /work2/noaa/global/mterry/global-workflow_forked/jobs/JGLOBAL_PREP_EMISSIONS at 19:58:39 with error code 0 (time elapsed: 00:00:31)
+ status=0
+ exit 0
