+ source /work2/noaa/global/mterry/global-workflow_forked/ush/load_ufswm_modules.sh
++ [[ NO == \N\O ]]
++ echo 'Loading modules quietly...'
Loading modules quietly...
++ set +x
Running "module reset". Resetting modules to system default. The following $MODULEPATH directories have been removed: None

Currently Loaded Modules:
  1) contrib/0.1                      25) git-lfs/3.1.2
  2) intel-oneapi-compilers/2023.1.0  26) crtm/2.4.0.1
  3) stack-intel/2021.9.0             27) g2/3.5.1
  4) intel-oneapi-mpi/2021.9.0        28) g2tmpl/1.13.0
  5) stack-intel-oneapi-mpi/2021.9.0  29) ip/4.3.0
  6) nghttp2/1.57.0                   30) sp/2.5.0
  7) curl/8.4.0                       31) w3emc/2.10.0
  8) cmake/3.23.1                     32) gftl/1.10.0
  9) libjpeg/2.1.0                    33) gftl-shared/1.6.1
 10) jasper/2.0.32                    34) fargparse/1.5.0
 11) zlib/1.2.13                      35) pigz/2.7
 12) libpng/1.6.37                    36) tar/1.34
 13) hdf5/1.14.0                      37) gettext/0.21.1
 14) snappy/1.1.10                    38) libxcrypt/4.4.35
 15) zstd/1.5.2                       39) sqlite/3.43.2
 16) c-blosc/1.21.5                   40) util-linux-uuid/2.38.1
 17) netcdf-c/4.9.2                   41) python/3.10.13
 18) netcdf-fortran/4.6.1             42) mapl/2.40.3-esmf-8.6.0
 19) parallel-netcdf/1.12.2           43) scotch/7.0.4
 20) parallelio/2.5.10                44) ufs_common
 21) esmf/8.6.0                       45) nccmp/1.9.0.1
 22) fms/2024.01.02                   46) ufs_hercules.intel
 23) bacio/2.4.1                      47) prod_util/2.1.1
 24) crtm-fix/2.4.0.1_emc             48) wgrib2/3.1.1

 

Begin /work2/noaa/global/mterry/global-workflow_forked/jobs/JGLOBAL_WAVE_INIT at Mon Jul 28 19:58:07 UTC 2025
++ jjob_header.sh[46]OPTIND=1
++ jjob_header.sh[47]getopts c:e: option
++ jjob_header.sh[48]case "${option}" in
++ jjob_header.sh[50]env_job=waveinit
++ jjob_header.sh[47]getopts c:e: option
++ jjob_header.sh[48]case "${option}" in
++ jjob_header.sh[49]read -ra configs
++ jjob_header.sh[47]getopts c:e: option
++ jjob_header.sh[61]shift 4
++ jjob_header.sh[63][[ -z waveinit ]]
++ jjob_header.sh[71]export DATA=/work2/noaa/stmp/mterry/HERCULES/RUNDIRS/C48_S2SWA_gefs/gefs.2021032312/waveinit.331855
++ jjob_header.sh[71]DATA=/work2/noaa/stmp/mterry/HERCULES/RUNDIRS/C48_S2SWA_gefs/gefs.2021032312/waveinit.331855
++ jjob_header.sh[72][[ YES == \Y\E\S ]]
++ jjob_header.sh[73]rm -rf /work2/noaa/stmp/mterry/HERCULES/RUNDIRS/C48_S2SWA_gefs/gefs.2021032312/waveinit.331855
++ jjob_header.sh[75]mkdir -p /work2/noaa/stmp/mterry/HERCULES/RUNDIRS/C48_S2SWA_gefs/gefs.2021032312/waveinit.331855
++ jjob_header.sh[76]cd /work2/noaa/stmp/mterry/HERCULES/RUNDIRS/C48_S2SWA_gefs/gefs.2021032312/waveinit.331855
++ jjob_header.sh[85]export pid=332549
++ jjob_header.sh[85]pid=332549
++ jjob_header.sh[86]export pgmout=OUTPUT.332549
++ jjob_header.sh[86]pgmout=OUTPUT.332549
++ jjob_header.sh[87]export pgmerr=errfile
++ jjob_header.sh[87]pgmerr=errfile
++ jjob_header.sh[90]export pgm=
++ jjob_header.sh[90]pgm=
++ jjob_header.sh[96]export cycle=t12z
++ jjob_header.sh[96]cycle=t12z
++ jjob_header.sh[97]setpdy.sh
+ setpdy.sh[20]'[' /work2/noaa/stmp/mterry/HERCULES/RUNDIRS/C48_S2SWA_gefs/gefs.2021032312/waveinit.331855 == /home/mterry ']'
+ setpdy.sh[25][[ ! t12z =~ t??z ]]
+ setpdy.sh[30]case $# in
+ setpdy.sh[31]dates_before_PDY=7
+ setpdy.sh[32]dates_after_PDY=7
+ setpdy.sh[50]COMDATEROOT=/work2/noaa/global/mterry/RUNTESTS/COMROOT
+ setpdy.sh[53]'[' -z 20210323 ']'
+ setpdy.sh[57]sed 's/[0-9]\{8\}/20210323/' /work2/noaa/global/mterry/RUNTESTS/COMROOT/date/t12z
sed: can't read /work2/noaa/global/mterry/RUNTESTS/COMROOT/date/t12z: No such file or directory
++ jjob_header.sh[97]true
++ jjob_header.sh[98]source ./PDY
/work2/noaa/global/mterry/global-workflow_forked/ush/jjob_header.sh: line 98: ./PDY: No such file or directory
++ jjob_header.sh[98]true
++ jjob_header.sh[104]export EXPDIR=/work2/noaa/global/mterry/RUNTESTS/EXPDIR/C48_S2SWA_gefs
++ jjob_header.sh[104]EXPDIR=/work2/noaa/global/mterry/RUNTESTS/EXPDIR/C48_S2SWA_gefs
++ jjob_header.sh[105]for config in "${configs[@]:-''}"
++ jjob_header.sh[106]source /work2/noaa/global/mterry/RUNTESTS/EXPDIR/C48_S2SWA_gefs/config.base
+++ config.base[6]echo 'BEGIN: config.base'
BEGIN: config.base
+++ config.base[9]export machine=HERCULES
+++ config.base[9]machine=HERCULES
+++ config.base[12]export RUN_ENVIR=emc
+++ config.base[12]RUN_ENVIR=emc
+++ config.base[15]export ACCOUNT=fv3-cpu
+++ config.base[15]ACCOUNT=fv3-cpu
+++ config.base[16]export QUEUE=batch
+++ config.base[16]QUEUE=batch
+++ config.base[17]export QUEUE_SERVICE=batch
+++ config.base[17]QUEUE_SERVICE=batch
+++ config.base[18]export QUEUE_DTN=batch
+++ config.base[18]QUEUE_DTN=batch
+++ config.base[19]export PARTITION_BATCH=hercules
+++ config.base[19]PARTITION_BATCH=hercules
+++ config.base[20]export PARTITION_SERVICE=service
+++ config.base[20]PARTITION_SERVICE=service
+++ config.base[21]export PARTITION_DTN=
+++ config.base[21]PARTITION_DTN=
+++ config.base[22]export RESERVATION=
+++ config.base[22]RESERVATION=
+++ config.base[23]export CLUSTERS=
+++ config.base[23]CLUSTERS=
+++ config.base[24]export CLUSTERS_SERVICE=
+++ config.base[24]CLUSTERS_SERVICE=
+++ config.base[25]export CLUSTERS_DTN=
+++ config.base[25]CLUSTERS_DTN=
+++ config.base[28]export HPSS_PROJECT=emc-global
+++ config.base[28]HPSS_PROJECT=emc-global
+++ config.base[31]export HOMEgfs=/work2/noaa/global/mterry/global-workflow_forked
+++ config.base[31]HOMEgfs=/work2/noaa/global/mterry/global-workflow_forked
+++ config.base[32]export EXECgfs=/work2/noaa/global/mterry/global-workflow_forked/exec
+++ config.base[32]EXECgfs=/work2/noaa/global/mterry/global-workflow_forked/exec
+++ config.base[33]export FIXgfs=/work2/noaa/global/mterry/global-workflow_forked/fix
+++ config.base[33]FIXgfs=/work2/noaa/global/mterry/global-workflow_forked/fix
+++ config.base[34]export PARMgfs=/work2/noaa/global/mterry/global-workflow_forked/parm
+++ config.base[34]PARMgfs=/work2/noaa/global/mterry/global-workflow_forked/parm
+++ config.base[35]export SCRgfs=/work2/noaa/global/mterry/global-workflow_forked/scripts
+++ config.base[35]SCRgfs=/work2/noaa/global/mterry/global-workflow_forked/scripts
+++ config.base[36]export USHgfs=/work2/noaa/global/mterry/global-workflow_forked/ush
+++ config.base[36]USHgfs=/work2/noaa/global/mterry/global-workflow_forked/ush
+++ config.base[37]export FIXorog=/work2/noaa/global/mterry/global-workflow_forked/fix/orog
+++ config.base[37]FIXorog=/work2/noaa/global/mterry/global-workflow_forked/fix/orog
+++ config.base[38]export FIXugwd=/work2/noaa/global/mterry/global-workflow_forked/fix/ugwd
+++ config.base[38]FIXugwd=/work2/noaa/global/mterry/global-workflow_forked/fix/ugwd
+++ config.base[43]export PACKAGEROOT=/work2/noaa/global/role-global/nwpara
+++ config.base[43]PACKAGEROOT=/work2/noaa/global/role-global/nwpara
+++ config.base[44]export COMROOT=/work2/noaa/global/mterry/RUNTESTS/COMROOT
+++ config.base[44]COMROOT=/work2/noaa/global/mterry/RUNTESTS/COMROOT
+++ config.base[45]export COMINsyn=/work2/noaa/global/role-global/com/gfs/prod/syndat
+++ config.base[45]COMINsyn=/work2/noaa/global/role-global/com/gfs/prod/syndat
+++ config.base[48]export HOMEDIR=/work2/noaa/global/mterry
+++ config.base[48]HOMEDIR=/work2/noaa/global/mterry
+++ config.base[49]export STMP=/work2/noaa/stmp/mterry/HERCULES
+++ config.base[49]STMP=/work2/noaa/stmp/mterry/HERCULES
+++ config.base[50]export PTMP=/work2/noaa/stmp/mterry/HERCULES
+++ config.base[50]PTMP=/work2/noaa/stmp/mterry/HERCULES
+++ config.base[51]export NOSCRUB=/work2/noaa/global/mterry
+++ config.base[51]NOSCRUB=/work2/noaa/global/mterry
+++ config.base[54]export BASE_GIT=/work2/noaa/global/role-global/git
+++ config.base[54]BASE_GIT=/work2/noaa/global/role-global/git
+++ config.base[57]export BASE_DATA=/work2/noaa/global/role-global/data
+++ config.base[57]BASE_DATA=/work2/noaa/global/role-global/data
+++ config.base[60]export DO_BUFRSND=NO
+++ config.base[60]DO_BUFRSND=NO
+++ config.base[61]export DO_GEMPAK=NO
+++ config.base[61]DO_GEMPAK=NO
+++ config.base[62]export DO_AWIPS=NO
+++ config.base[62]DO_AWIPS=NO
+++ config.base[65]export MODE=forecast-only
+++ config.base[65]MODE=forecast-only
+++ config.base[66]export DO_TEST_MODE=NO
+++ config.base[66]DO_TEST_MODE=NO
+++ config.base[67]export GEFSTYPE=gefs-offline
+++ config.base[67]GEFSTYPE=gefs-offline
+++ config.base[75]export HOMEpost=/work2/noaa/global/mterry/global-workflow_forked
+++ config.base[75]HOMEpost=/work2/noaa/global/mterry/global-workflow_forked
+++ config.base[78]export NMV=/bin/mv
+++ config.base[78]NMV=/bin/mv
+++ config.base[79]export 'NLN=/bin/ln -sf'
+++ config.base[79]NLN='/bin/ln -sf'
+++ config.base[80]export VERBOSE=YES
+++ config.base[80]VERBOSE=YES
+++ config.base[81]export KEEPDATA=NO
+++ config.base[81]KEEPDATA=NO
+++ config.base[82]export DEBUG_POSTSCRIPT=NO
+++ config.base[82]DEBUG_POSTSCRIPT=NO
+++ config.base[83]export CHGRP_RSTPROD=YES
+++ config.base[83]CHGRP_RSTPROD=YES
+++ config.base[84]export 'CHGRP_CMD=chgrp rstprod'
+++ config.base[84]CHGRP_CMD='chgrp rstprod'
+++ config.base[85]export NCDUMP=/work/noaa/epic/role-epic/spack-stack/hercules/spack-stack-1.6.0/envs/unified-env/install/intel/2021.9.0/netcdf-c-4.9.2-tslbcfy/bin/ncdump
+++ config.base[85]NCDUMP=/work/noaa/epic/role-epic/spack-stack/hercules/spack-stack-1.6.0/envs/unified-env/install/intel/2021.9.0/netcdf-c-4.9.2-tslbcfy/bin/ncdump
+++ config.base[86]export NCLEN=/work2/noaa/global/mterry/global-workflow_forked/ush/getncdimlen
+++ config.base[86]NCLEN=/work2/noaa/global/mterry/global-workflow_forked/ush/getncdimlen
+++ config.base[89]export BASE_ENV=/work2/noaa/global/mterry/global-workflow_forked/env
+++ config.base[89]BASE_ENV=/work2/noaa/global/mterry/global-workflow_forked/env
+++ config.base[92]export SDATE=2021032312
+++ config.base[92]SDATE=2021032312
+++ config.base[93]export EDATE=2021032312
+++ config.base[93]EDATE=2021032312
+++ config.base[94]export EXP_WARM_START=.false.
+++ config.base[94]EXP_WARM_START=.false.
+++ config.base[95]export assim_freq=6
+++ config.base[95]assim_freq=6
+++ config.base[96]export PSLOT=C48_S2SWA_gefs
+++ config.base[96]PSLOT=C48_S2SWA_gefs
+++ config.base[97]export EXPDIR=/work2/noaa/global/mterry/RUNTESTS/EXPDIR/C48_S2SWA_gefs
+++ config.base[97]EXPDIR=/work2/noaa/global/mterry/RUNTESTS/EXPDIR/C48_S2SWA_gefs
+++ config.base[98]export ROTDIR=/work2/noaa/global/mterry/RUNTESTS/COMROOT/C48_S2SWA_gefs
+++ config.base[98]ROTDIR=/work2/noaa/global/mterry/RUNTESTS/COMROOT/C48_S2SWA_gefs
+++ config.base[100]export ARCDIR=/work2/noaa/global/mterry/archive/C48_S2SWA_gefs
+++ config.base[100]ARCDIR=/work2/noaa/global/mterry/archive/C48_S2SWA_gefs
+++ config.base[101]export ATARDIR=/NCEPDEV/emc-global/1year/mterry/HERCULES/scratch/C48_S2SWA_gefs
+++ config.base[101]ATARDIR=/NCEPDEV/emc-global/1year/mterry/HERCULES/scratch/C48_S2SWA_gefs
+++ config.base[102]export 'FETCHDIR={{ FETCHDIR }}'
+++ config.base[102]FETCHDIR='{{ FETCHDIR }}'
+++ config.base[105]export envir=prod
+++ config.base[105]envir=prod
+++ config.base[106]export NET=gefs
+++ config.base[106]NET=gefs
+++ config.base[107]export RUN=gefs
+++ config.base[107]RUN=gefs
+++ config.base[110]source /work2/noaa/global/mterry/RUNTESTS/EXPDIR/C48_S2SWA_gefs/config.com
++++ config.com[4]echo 'BEGIN: config.com'
BEGIN: config.com
++++ config.com[38][[ emc == \n\c\o ]]
++++ config.com[43]COM_OBSPROC_TMPL='${DMPDIR}/${RUN}${DUMP_SUFFIX}.${YMD}/${HH}/atmos'
++++ config.com[44]COM_RTOFS_TMPL='${DMPDIR}'
++++ config.com[45]COM_TCVITAL_TMPL='${DMPDIR}/${RUN}.${YMD}/${HH}/atmos'
++++ config.com[47]declare -rx 'COM_OBS_TMPL=${ROTDIR}/${RUN}.${YMD}/${HH}/obs'
++++ config.com[48]declare -rx COM_OBSPROC_TMPL COM_RTOFS_TMPL
++++ config.com[50]COM_BASE='${ROTDIR}/${RUN}.${YMD}/${HH}/${MEMDIR}'
++++ config.com[52]declare -rx 'COM_TOP_TMPL=${ROTDIR}/${RUN}.${YMD}/${HH}'
++++ config.com[54]declare -rx 'COM_CONF_TMPL=${ROTDIR}/${RUN}.${YMD}/${HH}/${MEMDIR}/conf'
++++ config.com[55]declare -rx 'COM_OBS_JEDI=${ROTDIR}/${RUN}.${YMD}/${HH}/${MEMDIR}/obs_jedi'
++++ config.com[57]declare -rx 'COM_ATMOS_INPUT_TMPL=${ROTDIR}/${RUN}.${YMD}/${HH}/${MEMDIR}/model/atmos/input'
++++ config.com[58]declare -rx 'COM_ATMOS_RESTART_TMPL=${ROTDIR}/${RUN}.${YMD}/${HH}/${MEMDIR}/model/atmos/restart'
++++ config.com[59]declare -rx 'COM_ATMOS_ANALYSIS_TMPL=${ROTDIR}/${RUN}.${YMD}/${HH}/${MEMDIR}/analysis/atmos'
++++ config.com[60]declare -rx 'COM_SNOW_ANALYSIS_TMPL=${ROTDIR}/${RUN}.${YMD}/${HH}/${MEMDIR}/analysis/snow'
++++ config.com[61]declare -rx 'COM_SNOW_ANLMON_TMPL=${ROTDIR}/${RUN}.${YMD}/${HH}/${MEMDIR}/products/snow/anlmon'
++++ config.com[62]declare -rx 'COM_ATMOS_HISTORY_TMPL=${ROTDIR}/${RUN}.${YMD}/${HH}/${MEMDIR}/model/atmos/history'
++++ config.com[63]declare -rx 'COM_ATMOS_MASTER_TMPL=${ROTDIR}/${RUN}.${YMD}/${HH}/${MEMDIR}/model/atmos/master'
++++ config.com[64]declare -rx 'COM_ATMOS_GRIB_TMPL=${ROTDIR}/${RUN}.${YMD}/${HH}/${MEMDIR}/products/atmos/grib2'
++++ config.com[65]declare -rx 'COM_ATMOS_GRIB_GRID_TMPL=${ROTDIR}/${RUN}.${YMD}/${HH}/${MEMDIR}/products/atmos/grib2/${GRID}'
++++ config.com[66]declare -rx 'COM_ATMOS_BUFR_TMPL=${ROTDIR}/${RUN}.${YMD}/${HH}/${MEMDIR}/products/atmos/bufr'
++++ config.com[67]declare -rx 'COM_ATMOS_GEMPAK_TMPL=${ROTDIR}/${RUN}.${YMD}/${HH}/${MEMDIR}/products/atmos/gempak/${GRID}'
++++ config.com[68]declare -rx 'COM_ATMOS_GENESIS_TMPL=${ROTDIR}/${RUN}.${YMD}/${HH}/${MEMDIR}/products/atmos/cyclone/genesis_vital'
++++ config.com[69]declare -rx 'COM_ATMOS_TRACK_TMPL=${ROTDIR}/${RUN}.${YMD}/${HH}/${MEMDIR}/products/atmos/cyclone/tracks'
++++ config.com[70]declare -rx 'COM_ATMOS_GOES_TMPL=${ROTDIR}/${RUN}.${YMD}/${HH}/${MEMDIR}/products/atmos/goes_sim'
++++ config.com[71]declare -rx 'COM_ATMOS_IMAGERY_TMPL=${ROTDIR}/${RUN}.${YMD}/${HH}/${MEMDIR}/products/atmos/imagery'
++++ config.com[72]declare -rx 'COM_ATMOS_OZNMON_TMPL=${ROTDIR}/${RUN}.${YMD}/${HH}/${MEMDIR}/products/atmos/oznmon'
++++ config.com[73]declare -rx 'COM_ATMOS_RADMON_TMPL=${ROTDIR}/${RUN}.${YMD}/${HH}/${MEMDIR}/products/atmos/radmon'
++++ config.com[74]declare -rx 'COM_ATMOS_MINMON_TMPL=${ROTDIR}/${RUN}.${YMD}/${HH}/${MEMDIR}/products/atmos/minmon'
++++ config.com[75]declare -rx 'COM_ATMOS_ANLMON_TMPL=${ROTDIR}/${RUN}.${YMD}/${HH}/${MEMDIR}/products/atmos/anlmon'
++++ config.com[76]declare -rx 'COM_ATMOS_WMO_TMPL=${ROTDIR}/${RUN}.${YMD}/${HH}/${MEMDIR}/products/atmos/wmo'
++++ config.com[78]declare -rx 'COM_WAVE_RESTART_TMPL=${ROTDIR}/${RUN}.${YMD}/${HH}/${MEMDIR}/model/wave/restart'
++++ config.com[79]declare -rx 'COM_WAVE_PREP_TMPL=${ROTDIR}/${RUN}.${YMD}/${HH}/${MEMDIR}/model/wave/prep'
++++ config.com[80]declare -rx 'COM_WAVE_HISTORY_TMPL=${ROTDIR}/${RUN}.${YMD}/${HH}/${MEMDIR}/model/wave/history'
++++ config.com[81]declare -rx 'COM_WAVE_GRID_TMPL=${ROTDIR}/${RUN}.${YMD}/${HH}/${MEMDIR}/products/wave/gridded'
++++ config.com[82]declare -rx 'COM_WAVE_GRID_RES_TMPL=${ROTDIR}/${RUN}.${YMD}/${HH}/${MEMDIR}/products/wave/gridded/${GRDRESNAME}'
++++ config.com[83]declare -rx 'COM_WAVE_STATION_TMPL=${ROTDIR}/${RUN}.${YMD}/${HH}/${MEMDIR}/products/wave/station'
++++ config.com[84]declare -rx 'COM_WAVE_GEMPAK_TMPL=${ROTDIR}/${RUN}.${YMD}/${HH}/${MEMDIR}/products/wave/gempak'
++++ config.com[85]declare -rx 'COM_WAVE_WMO_TMPL=${ROTDIR}/${RUN}.${YMD}/${HH}/${MEMDIR}/products/wave/wmo'
++++ config.com[87]declare -rx 'COM_OCEAN_HISTORY_TMPL=${ROTDIR}/${RUN}.${YMD}/${HH}/${MEMDIR}/model/ocean/history'
++++ config.com[88]declare -rx 'COM_OCEAN_RESTART_TMPL=${ROTDIR}/${RUN}.${YMD}/${HH}/${MEMDIR}/model/ocean/restart'
++++ config.com[89]declare -rx 'COM_OCEAN_INPUT_TMPL=${ROTDIR}/${RUN}.${YMD}/${HH}/${MEMDIR}/model/ocean/input'
++++ config.com[90]declare -rx 'COM_OCEAN_ANALYSIS_TMPL=${ROTDIR}/${RUN}.${YMD}/${HH}/${MEMDIR}/analysis/ocean'
++++ config.com[91]declare -rx 'COM_OCEAN_ANLMON_TMPL=${ROTDIR}/${RUN}.${YMD}/${HH}/${MEMDIR}/products/ocean/anlmon'
++++ config.com[92]declare -rx 'COM_OCEAN_LETKF_TMPL=${ROTDIR}/${RUN}.${YMD}/${HH}/${MEMDIR}/analysis/ocean/letkf'
++++ config.com[93]declare -rx 'COM_OCEAN_BMATRIX_TMPL=${ROTDIR}/${RUN}.${YMD}/${HH}/${MEMDIR}/bmatrix/ocean'
++++ config.com[94]declare -rx 'COM_OCEAN_NETCDF_TMPL=${ROTDIR}/${RUN}.${YMD}/${HH}/${MEMDIR}/products/ocean/netcdf'
++++ config.com[95]declare -rx 'COM_OCEAN_GRIB_TMPL=${ROTDIR}/${RUN}.${YMD}/${HH}/${MEMDIR}/products/ocean/grib2'
++++ config.com[96]declare -rx 'COM_OCEAN_GRIB_GRID_TMPL=${ROTDIR}/${RUN}.${YMD}/${HH}/${MEMDIR}/products/ocean/grib2/${GRID}'
++++ config.com[98]declare -rx 'COM_ICE_ANALYSIS_TMPL=${ROTDIR}/${RUN}.${YMD}/${HH}/${MEMDIR}/analysis/ice'
++++ config.com[99]declare -rx 'COM_ICE_LETKF_TMPL=${ROTDIR}/${RUN}.${YMD}/${HH}/${MEMDIR}/analysis/ice/letkf'
++++ config.com[100]declare -rx 'COM_ICE_ANLMON_TMPL=${ROTDIR}/${RUN}.${YMD}/${HH}/${MEMDIR}/products/ice/anlmon'
++++ config.com[101]declare -rx 'COM_ICE_BMATRIX_TMPL=${ROTDIR}/${RUN}.${YMD}/${HH}/${MEMDIR}/bmatrix/ice'
++++ config.com[102]declare -rx 'COM_ICE_INPUT_TMPL=${ROTDIR}/${RUN}.${YMD}/${HH}/${MEMDIR}/model/ice/input'
++++ config.com[103]declare -rx 'COM_ICE_HISTORY_TMPL=${ROTDIR}/${RUN}.${YMD}/${HH}/${MEMDIR}/model/ice/history'
++++ config.com[104]declare -rx 'COM_ICE_RESTART_TMPL=${ROTDIR}/${RUN}.${YMD}/${HH}/${MEMDIR}/model/ice/restart'
++++ config.com[105]declare -rx 'COM_ICE_NETCDF_TMPL=${ROTDIR}/${RUN}.${YMD}/${HH}/${MEMDIR}/products/ice/netcdf'
++++ config.com[106]declare -rx 'COM_ICE_GRIB_TMPL=${ROTDIR}/${RUN}.${YMD}/${HH}/${MEMDIR}/products/ice/grib2'
++++ config.com[107]declare -rx 'COM_ICE_GRIB_GRID_TMPL=${ROTDIR}/${RUN}.${YMD}/${HH}/${MEMDIR}/products/ice/grib2/${GRID}'
++++ config.com[109]declare -rx 'COM_CHEM_HISTORY_TMPL=${ROTDIR}/${RUN}.${YMD}/${HH}/${MEMDIR}/model/chem/history'
++++ config.com[110]declare -rx 'COM_CHEM_ANALYSIS_TMPL=${ROTDIR}/${RUN}.${YMD}/${HH}/${MEMDIR}/analysis/chem'
++++ config.com[111]declare -rx 'COM_CHEM_BMAT_TMPL=${ROTDIR}/${RUN}.${YMD}/${HH}/${MEMDIR}/analysis/chem/bmatrix'
++++ config.com[112]declare -rx 'COM_CHEM_ANLMON_TMPL=${ROTDIR}/${RUN}.${YMD}/${HH}/${MEMDIR}/products/chem/anlmon'
++++ config.com[114]declare -rx 'COM_MED_RESTART_TMPL=${ROTDIR}/${RUN}.${YMD}/${HH}/${MEMDIR}/model/med/restart'
+++ config.base[112]export LOGSCRIPT=
+++ config.base[112]LOGSCRIPT=
+++ config.base[114]export 'REDOUT=1>'
+++ config.base[114]REDOUT='1>'
+++ config.base[115]export 'REDERR=2>'
+++ config.base[115]REDERR='2>'
+++ config.base[117]export SENDECF=NO
+++ config.base[117]SENDECF=NO
+++ config.base[118]export SENDSDM=NO
+++ config.base[118]SENDSDM=NO
+++ config.base[119]export SENDDBN_NTC=NO
+++ config.base[119]SENDDBN_NTC=NO
+++ config.base[120]export SENDDBN=NO
+++ config.base[120]SENDDBN=NO
+++ config.base[121]export DBNROOT=/work/noaa/epic/role-epic/spack-stack/hercules/spack-stack-1.6.0/envs/unified-env/install/intel/2021.9.0/prod-util-2.1.1-ddlo2cq/fakedbn
+++ config.base[121]DBNROOT=/work/noaa/epic/role-epic/spack-stack/hercules/spack-stack-1.6.0/envs/unified-env/install/intel/2021.9.0/prod-util-2.1.1-ddlo2cq/fakedbn
+++ config.base[122]export SENDAWIP=NO
+++ config.base[122]SENDAWIP=NO
+++ config.base[125]export APP=S2SWA
+++ config.base[125]APP=S2SWA
+++ config.base[128]export DO_ATM=YES
+++ config.base[128]DO_ATM=YES
+++ config.base[129]export DO_COUPLED=NO
+++ config.base[129]DO_COUPLED=NO
+++ config.base[130]export DO_WAVE=NO
+++ config.base[130]DO_WAVE=NO
+++ config.base[131]export DO_OCN=NO
+++ config.base[131]DO_OCN=NO
+++ config.base[132]export DO_ICE=NO
+++ config.base[132]DO_ICE=NO
+++ config.base[133]export DO_EXTRACTVARS=NO
+++ config.base[133]DO_EXTRACTVARS=NO
+++ config.base[134]export DO_AERO_FCST=NO
+++ config.base[134]DO_AERO_FCST=NO
+++ config.base[135]export DO_AERO_ANL=NO
+++ config.base[135]DO_AERO_ANL=NO
+++ config.base[136]export DOBNDPNT_WAVE=NO
+++ config.base[136]DOBNDPNT_WAVE=NO
+++ config.base[137]export DOIBP_WAV=NO
+++ config.base[137]DOIBP_WAV=NO
+++ config.base[138]export FRAC_GRID=.true.
+++ config.base[138]FRAC_GRID=.true.
+++ config.base[139]export DO_NEST=NO
+++ config.base[139]DO_NEST=NO
+++ config.base[140][[ NO == \Y\E\S ]]
+++ config.base[144]export ntiles=6
+++ config.base[144]ntiles=6
+++ config.base[148]export OPS_RES=C768
+++ config.base[148]OPS_RES=C768
+++ config.base[151]export LEVS=128
+++ config.base[151]LEVS=128
+++ config.base[152]export CASE=C48
+++ config.base[152]CASE=C48
+++ config.base[153]export CASE_ENS=C48
+++ config.base[153]CASE_ENS=C48
+++ config.base[154]export OCNRES=500
+++ config.base[154]OCNRES=500
+++ config.base[155]export ICERES=500
+++ config.base[155]ICERES=500
+++ config.base[157]case "${CASE}" in
+++ config.base[159]export waveGRD=glo_500
+++ config.base[159]waveGRD=glo_500
+++ config.base[176]case "${APP}" in
+++ config.base[192]export DO_COUPLED=YES
+++ config.base[192]DO_COUPLED=YES
+++ config.base[193]export DO_OCN=YES
+++ config.base[193]DO_OCN=YES
+++ config.base[194]export DO_ICE=YES
+++ config.base[194]DO_ICE=YES
+++ config.base[196][[ S2SWA =~ A$ ]]
+++ config.base[197]export DO_AERO_FCST=YES
+++ config.base[197]DO_AERO_FCST=YES
+++ config.base[200][[ S2SWA =~ ^S2SW ]]
+++ config.base[201]export DO_WAVE=YES
+++ config.base[201]DO_WAVE=YES
+++ config.base[211]export FHMIN=0
+++ config.base[211]FHMIN=0
+++ config.base[212]export FHMAX=9
+++ config.base[212]FHMAX=9
+++ config.base[213]export FHOUT=3
+++ config.base[213]FHOUT=3
+++ config.base[214]export FHOUT_OCN=3
+++ config.base[214]FHOUT_OCN=3
+++ config.base[215]export FHOUT_ICE=3
+++ config.base[215]FHOUT_ICE=3
+++ config.base[216]export FHOUT_AERO=3
+++ config.base[216]FHOUT_AERO=3
+++ config.base[219]export INTERVAL_GFS=24
+++ config.base[219]INTERVAL_GFS=24
+++ config.base[220]export SDATE_GFS=2021032312
+++ config.base[220]SDATE_GFS=2021032312
+++ config.base[223]export REPLAY_ICS=NO
+++ config.base[223]REPLAY_ICS=NO
+++ config.base[224][[ NO == \Y\E\S ]]
+++ config.base[230]export OFFSET_START_HOUR=0
+++ config.base[230]OFFSET_START_HOUR=0
+++ config.base[231]export USE_OCN_ENS_PERTURB_FILES=NO
+++ config.base[231]USE_OCN_ENS_PERTURB_FILES=NO
+++ config.base[232]export USE_ATM_ENS_PERTURB_FILES=NO
+++ config.base[232]USE_ATM_ENS_PERTURB_FILES=NO
+++ config.base[236]export FHMIN_GFS=0
+++ config.base[236]FHMIN_GFS=0
+++ config.base[237]export FHMAX_GFS=120
+++ config.base[237]FHMAX_GFS=120
+++ config.base[239]breakpnts=48
+++ config.base[240]export FCST_SEGMENTS=0,48,120
+++ config.base[240]FCST_SEGMENTS=0,48,120
+++ config.base[242]export FHOUT_GFS=6
+++ config.base[242]FHOUT_GFS=6
+++ config.base[243]export FHMAX_HF_GFS=0
+++ config.base[243]FHMAX_HF_GFS=0
+++ config.base[244]export FHOUT_HF_GFS=1
+++ config.base[244]FHOUT_HF_GFS=1
+++ config.base[245]export FHOUT_OCN_GFS=24
+++ config.base[245]FHOUT_OCN_GFS=24
+++ config.base[246]export FHOUT_ICE_GFS=24
+++ config.base[246]FHOUT_ICE_GFS=24
+++ config.base[247]export FHMIN_WAV=0
+++ config.base[247]FHMIN_WAV=0
+++ config.base[248]export FHOUT_WAV=3
+++ config.base[248]FHOUT_WAV=3
+++ config.base[249]export FHOUT_WAV_GFS=3
+++ config.base[249]FHOUT_WAV_GFS=3
+++ config.base[250]export FHMAX_HF_WAV=120
+++ config.base[250]FHMAX_HF_WAV=120
+++ config.base[251]export FHOUT_HF_WAV=1
+++ config.base[251]FHOUT_HF_WAV=1
+++ config.base[252]export FHMAX_WAV=120
+++ config.base[252]FHMAX_WAV=120
+++ config.base[253]export FHMAX_WAV_GFS=120
+++ config.base[253]FHMAX_WAV_GFS=120
+++ config.base[254]export FHMAX_HF_GFS=0
+++ config.base[254]FHMAX_HF_GFS=0
+++ config.base[255]export FHMAX_WAV_GFS=120
+++ config.base[255]FHMAX_WAV_GFS=120
+++ config.base[256]export FHMAX_HF_WAV=120
+++ config.base[256]FHMAX_HF_WAV=120
+++ config.base[257]export ILPOST=1
+++ config.base[257]ILPOST=1
+++ config.base[259]export FHMIN_ENKF=0
+++ config.base[259]FHMIN_ENKF=0
+++ config.base[260]export FHMAX_ENKF=120
+++ config.base[260]FHMAX_ENKF=120
+++ config.base[261]export FHOUT_ENKF=6
+++ config.base[261]FHOUT_ENKF=6
+++ config.base[262]export FHOUT_OCN=24
+++ config.base[262]FHOUT_OCN=24
+++ config.base[263]export FHOUT_ICE=24
+++ config.base[263]FHOUT_ICE=24
+++ config.base[266]export restart_interval_gfs=12
+++ config.base[266]restart_interval_gfs=12
+++ config.base[267]export restart_interval_enkfgfs=12
+++ config.base[267]restart_interval_enkfgfs=12
+++ config.base[272]export QUILTING=.true.
+++ config.base[272]QUILTING=.true.
+++ config.base[273]export OUTPUT_GRID=gaussian_grid
+++ config.base[273]OUTPUT_GRID=gaussian_grid
+++ config.base[274]export WRITE_DOPOST=.true.
+++ config.base[274]WRITE_DOPOST=.true.
+++ config.base[275]export WRITE_NSFLIP=.true.
+++ config.base[275]WRITE_NSFLIP=.true.
+++ config.base[278]export imp_physics=8
+++ config.base[278]imp_physics=8
+++ config.base[282]export DO_JEDIATMVAR=NO
+++ config.base[282]DO_JEDIATMVAR=NO
+++ config.base[283]export DO_JEDIATMENS=NO
+++ config.base[283]DO_JEDIATMENS=NO
+++ config.base[284]export DO_JEDIOCNVAR=NO
+++ config.base[284]DO_JEDIOCNVAR=NO
+++ config.base[285]export DO_JEDISNOWDA=NO
+++ config.base[285]DO_JEDISNOWDA=NO
+++ config.base[286]export DO_MERGENSST=NO
+++ config.base[286]DO_MERGENSST=NO
+++ config.base[287]export DO_STARTMEM_FROM_JEDIICE=NO
+++ config.base[287]DO_STARTMEM_FROM_JEDIICE=NO
+++ config.base[290]export NMEM_ENS=2
+++ config.base[290]NMEM_ENS=2
+++ config.base[294]export ENSMEM=000
+++ config.base[294]ENSMEM=000
+++ config.base[295]export MEMDIR=mem000
+++ config.base[295]MEMDIR=mem000
+++ config.base[298]((  ENSMEM == 0  ))
+++ config.base[299]export DO_CA=YES
+++ config.base[299]DO_CA=YES
+++ config.base[304]export DOIAU=NO
+++ config.base[304]DOIAU=NO
+++ config.base[307][[ .false. = \.\t\r\u\e\. ]]
+++ config.base[316]export DONST=YES
+++ config.base[316]DONST=YES
+++ config.base[317][[ YES = \Y\E\S ]]
+++ config.base[317]export 'FNTSFA=        '
+++ config.base[317]FNTSFA='        '
+++ config.base[320]export nst_anl=.true.
+++ config.base[320]nst_anl=.true.
+++ config.base[323]export MAKE_NSSTBUFR=NO
+++ config.base[323]MAKE_NSSTBUFR=NO
+++ config.base[326]export MAKE_ACFTBUFR=NO
+++ config.base[326]MAKE_ACFTBUFR=NO
+++ config.base[329]export DO_METP=NO
+++ config.base[329]DO_METP=NO
+++ config.base[330]export DO_FIT2OBS=NO
+++ config.base[330]DO_FIT2OBS=NO
+++ config.base[333]export DO_ARCHCOM=NO
+++ config.base[333]DO_ARCHCOM=NO
+++ config.base[334]export ARCHCOM_TO=globus_hpss
+++ config.base[334]ARCHCOM_TO=globus_hpss
+++ config.base[337]export CLIENT_GLOBUS_UUID=869912fe-f6de-46c0-af10-b22efd84a022
+++ config.base[337]CLIENT_GLOBUS_UUID=869912fe-f6de-46c0-af10-b22efd84a022
+++ config.base[340]export NUM_SND_COLLECTIVES=9
+++ config.base[340]NUM_SND_COLLECTIVES=9
+++ config.base[342]echo 'END: config.base'
END: config.base
++ jjob_header.sh[106]true
++ jjob_header.sh[107]export err=0
++ jjob_header.sh[107]err=0
++ jjob_header.sh[108][[ 0 -ne 0 ]]
++ jjob_header.sh[105]for config in "${configs[@]:-''}"
++ jjob_header.sh[106]source /work2/noaa/global/mterry/RUNTESTS/EXPDIR/C48_S2SWA_gefs/config.wave
+++ config.wave[6]echo 'BEGIN: config.wave'
BEGIN: config.wave
+++ config.wave[13]export RUNRSTwave=gdas
+++ config.wave[13]RUNRSTwave=gdas
+++ config.wave[16]export MESH_WAV=mesh.glo_500.nc
+++ config.wave[16]MESH_WAV=mesh.glo_500.nc
+++ config.wave[19]case "${waveGRD}" in
+++ config.wave[52]export waveinterpGRD=
+++ config.wave[52]waveinterpGRD=
+++ config.wave[53]export wavepostGRD=glo_500
+++ config.wave[53]wavepostGRD=glo_500
+++ config.wave[54]export waveuoutpGRD=glo_500
+++ config.wave[54]waveuoutpGRD=glo_500
+++ config.wave[63]export WAVEWND_DID=
+++ config.wave[63]WAVEWND_DID=
+++ config.wave[64]export WAVEWND_FID=
+++ config.wave[64]WAVEWND_FID=
+++ config.wave[67]export WAVHINDH=0
+++ config.wave[67]WAVHINDH=0
+++ config.wave[68]export FHMAX_WAV_IBP=180
+++ config.wave[68]FHMAX_WAV_IBP=180
+++ config.wave[69]((  FHMAX_WAV < FHMAX_WAV_IBP  ))
+++ config.wave[69]export FHMAX_WAV_IBP=120
+++ config.wave[69]FHMAX_WAV_IBP=120
+++ config.wave[72]export DTFLD_WAV=3600
+++ config.wave[72]DTFLD_WAV=3600
+++ config.wave[73]export DTPNT_WAV=3600
+++ config.wave[73]DTPNT_WAV=3600
+++ config.wave[74]export FHINCP_WAV=1
+++ config.wave[74]FHINCP_WAV=1
+++ config.wave[77]export 'OUTPARS_WAV=WND CUR ICE HS T01 T02 DIR FP DP PHS PTP PDIR CHA'
+++ config.wave[77]OUTPARS_WAV='WND CUR ICE HS T01 T02 DIR FP DP PHS PTP PDIR CHA'
+++ config.wave[80]export WAVHCYC=6
+++ config.wave[80]WAVHCYC=6
+++ config.wave[81]export FHMAX_WAV_CUR=192
+++ config.wave[81]FHMAX_WAV_CUR=192
+++ config.wave[85]export RSTTYPE_WAV=T
+++ config.wave[85]RSTTYPE_WAV=T
+++ config.wave[86]rst_dt_gfs=43200
+++ config.wave[87][[ 43200 -gt 0 ]]
+++ config.wave[88]export DT_1_RST_WAV=0
+++ config.wave[88]DT_1_RST_WAV=0
+++ config.wave[91]export DT_2_RST_WAV=43200
+++ config.wave[91]DT_2_RST_WAV=43200
+++ config.wave[97]export RSTIOFF_WAV=0
+++ config.wave[97]RSTIOFF_WAV=0
+++ config.wave[101]export RUNMEM=-1
+++ config.wave[101]RUNMEM=-1
+++ config.wave[104]((  RUNMEM == -1  ))
+++ config.wave[106]export waveMEMB=
+++ config.wave[106]waveMEMB=
+++ config.wave[113]export WW3ATMINP=CPL
+++ config.wave[113]WW3ATMINP=CPL
+++ config.wave[114][[ YES == \Y\E\S ]]
+++ config.wave[115]export WW3ICEINP=CPL
+++ config.wave[115]WW3ICEINP=CPL
+++ config.wave[116]export WAVEICE_FID=
+++ config.wave[116]WAVEICE_FID=
+++ config.wave[122][[ YES == \Y\E\S ]]
+++ config.wave[123]export WW3CURINP=CPL
+++ config.wave[123]WW3CURINP=CPL
+++ config.wave[124]export WAVECUR_FID=
+++ config.wave[124]WAVECUR_FID=
+++ config.wave[131]export WW3ATMIENS=F
+++ config.wave[131]WW3ATMIENS=F
+++ config.wave[132]export WW3ICEIENS=F
+++ config.wave[132]WW3ICEIENS=F
+++ config.wave[133]export WW3CURIENS=F
+++ config.wave[133]WW3CURIENS=F
+++ config.wave[135]export GOFILETYPE=1
+++ config.wave[135]GOFILETYPE=1
+++ config.wave[136]export POFILETYPE=1
+++ config.wave[136]POFILETYPE=1
+++ config.wave[140]export FUNIPNT=T
+++ config.wave[140]FUNIPNT=T
+++ config.wave[142]export IOSRV=1
+++ config.wave[142]IOSRV=1
+++ config.wave[144]export FPNTPROC=T
+++ config.wave[144]FPNTPROC=T
+++ config.wave[146]export FGRDPROC=F
+++ config.wave[146]FGRDPROC=F
+++ config.wave[148]export FLAGMASKCOMP=F
+++ config.wave[148]FLAGMASKCOMP=F
+++ config.wave[150]export FLAGMASKOUT=F
+++ config.wave[150]FLAGMASKOUT=F
+++ config.wave[152]echo 'END: config.wave'
END: config.wave
++ jjob_header.sh[106]true
++ jjob_header.sh[107]export err=0
++ jjob_header.sh[107]err=0
++ jjob_header.sh[108][[ 0 -ne 0 ]]
++ jjob_header.sh[105]for config in "${configs[@]:-''}"
++ jjob_header.sh[106]source /work2/noaa/global/mterry/RUNTESTS/EXPDIR/C48_S2SWA_gefs/config.waveinit
+++ config.waveinit[6]echo 'BEGIN: config.waveinit'
BEGIN: config.waveinit
+++ config.waveinit[9]source /work2/noaa/global/mterry/RUNTESTS/EXPDIR/C48_S2SWA_gefs/config.resources waveinit
++++ config.resources[8]((  1 != 1  ))
++++ config.resources[15]step=waveinit
++++ config.resources[17]echo 'BEGIN: config.resources'
BEGIN: config.resources
++++ config.resources[19]case ${machine} in
++++ config.resources[23]max_tasks_per_node=80
++++ config.resources[43]export max_tasks_per_node
++++ config.resources[45]case ${step} in
++++ config.resources[64]export walltime=00:10:00
++++ config.resources[64]walltime=00:10:00
++++ config.resources[65]export ntasks=12
++++ config.resources[65]ntasks=12
++++ config.resources[66]export threads_per_task=1
++++ config.resources[66]threads_per_task=1
++++ config.resources[67]export tasks_per_node=80
++++ config.resources[67]tasks_per_node=80
++++ config.resources[68]export NTASKS=12
++++ config.resources[68]NTASKS=12
++++ config.resources[69]export memory=2GB
++++ config.resources[69]memory=2GB
++++ config.resources[372][[ -f /work2/noaa/global/mterry/RUNTESTS/EXPDIR/C48_S2SWA_gefs/config.resources.HERCULES ]]
++++ config.resources[377]for resource_var in threads_per_task ntasks tasks_per_node NTASKS memory walltime
++++ config.resources[378]run_resource_var=threads_per_task_gefs
++++ config.resources[379][[ -n '' ]]
++++ config.resources[381][[ -n 0 ]]
++++ config.resources[382]export threads_per_task
++++ config.resources[377]for resource_var in threads_per_task ntasks tasks_per_node NTASKS memory walltime
++++ config.resources[378]run_resource_var=ntasks_gefs
++++ config.resources[379][[ -n '' ]]
++++ config.resources[381][[ -n 0 ]]
++++ config.resources[382]export ntasks
++++ config.resources[377]for resource_var in threads_per_task ntasks tasks_per_node NTASKS memory walltime
++++ config.resources[378]run_resource_var=tasks_per_node_gefs
++++ config.resources[379][[ -n '' ]]
++++ config.resources[381][[ -n 0 ]]
++++ config.resources[382]export tasks_per_node
++++ config.resources[377]for resource_var in threads_per_task ntasks tasks_per_node NTASKS memory walltime
++++ config.resources[378]run_resource_var=NTASKS_gefs
++++ config.resources[379][[ -n '' ]]
++++ config.resources[381][[ -n 0 ]]
++++ config.resources[382]export NTASKS
++++ config.resources[377]for resource_var in threads_per_task ntasks tasks_per_node NTASKS memory walltime
++++ config.resources[378]run_resource_var=memory_gefs
++++ config.resources[379][[ -n '' ]]
++++ config.resources[381][[ -n 0 ]]
++++ config.resources[382]export memory
++++ config.resources[377]for resource_var in threads_per_task ntasks tasks_per_node NTASKS memory walltime
++++ config.resources[378]run_resource_var=walltime_gefs
++++ config.resources[379][[ -n '' ]]
++++ config.resources[381][[ -n 0 ]]
++++ config.resources[382]export walltime
++++ config.resources[386]echo 'END: config.resources'
END: config.resources
+++ config.waveinit[12]export sigMODE=init
+++ config.waveinit[12]sigMODE=init
+++ config.waveinit[14]echo 'END: config.waveinit'
END: config.waveinit
++ jjob_header.sh[106]true
++ jjob_header.sh[107]export err=0
++ jjob_header.sh[107]err=0
++ jjob_header.sh[108][[ 0 -ne 0 ]]
++ jjob_header.sh[117]source /work2/noaa/global/mterry/global-workflow_forked/env/HERCULES.env waveinit
+++ HERCULES.env[3][[ 1 -ne 1 ]]
+++ HERCULES.env[10]step=waveinit
+++ HERCULES.env[12]export 'launcher=srun -l --export=ALL --hint=nomultithread'
+++ HERCULES.env[12]launcher='srun -l --export=ALL --hint=nomultithread'
+++ HERCULES.env[13]export 'mpmd_opt=--multi-prog --output=mpmd.%j.%t.out'
+++ HERCULES.env[13]mpmd_opt='--multi-prog --output=mpmd.%j.%t.out'
+++ HERCULES.env[16]export MPI_BUFS_PER_PROC=2048
+++ HERCULES.env[16]MPI_BUFS_PER_PROC=2048
+++ HERCULES.env[17]export MPI_BUFS_PER_HOST=2048
+++ HERCULES.env[17]MPI_BUFS_PER_HOST=2048
+++ HERCULES.env[18]export MPI_GROUP_MAX=256
+++ HERCULES.env[18]MPI_GROUP_MAX=256
+++ HERCULES.env[19]export MPI_MEMMAP_OFF=1
+++ HERCULES.env[19]MPI_MEMMAP_OFF=1
+++ HERCULES.env[20]export MP_STDOUTMODE=ORDERED
+++ HERCULES.env[20]MP_STDOUTMODE=ORDERED
+++ HERCULES.env[21]export KMP_AFFINITY=scatter
+++ HERCULES.env[21]KMP_AFFINITY=scatter
+++ HERCULES.env[22]export OMP_STACKSIZE=2048000
+++ HERCULES.env[22]OMP_STACKSIZE=2048000
+++ HERCULES.env[23]export NTHSTACK=1024000000
+++ HERCULES.env[23]NTHSTACK=1024000000
+++ HERCULES.env[25]export I_MPI_EXTRA_FILESYSTEM=1
+++ HERCULES.env[25]I_MPI_EXTRA_FILESYSTEM=1
+++ HERCULES.env[26]export I_MPI_EXTRA_FILESYSTEM_LIST=lustre
+++ HERCULES.env[26]I_MPI_EXTRA_FILESYSTEM_LIST=lustre
+++ HERCULES.env[28]ulimit -s unlimited
+++ HERCULES.env[29]ulimit -a
real-time non-blocking time  (microseconds, -R) unlimited
core file size              (blocks, -c) 0
data seg size               (kbytes, -d) unlimited
scheduling priority                 (-e) 0
file size                   (blocks, -f) unlimited
pending signals                     (-i) 2049614
max locked memory           (kbytes, -l) unlimited
max memory size             (kbytes, -m) 2097152
open files                          (-n) 131072
pipe size                (512 bytes, -p) 8
POSIX message queues         (bytes, -q) 819200
real-time priority                  (-r) 0
stack size                  (kbytes, -s) unlimited
cpu time                   (seconds, -t) unlimited
max user processes                  (-u) 1028698
virtual memory              (kbytes, -v) unlimited
file locks                          (-x) unlimited
+++ HERCULES.env[33][[ -n 12 ]]
+++ HERCULES.env[33][[ -n 80 ]]
+++ HERCULES.env[33][[ -n 80 ]]
+++ HERCULES.env[34]max_threads_per_task=1
+++ HERCULES.env[35]NTHREADSmax=1
+++ HERCULES.env[36]NTHREADS1=1
+++ HERCULES.env[37][[ 1 -gt 1 ]]
+++ HERCULES.env[40][[ 1 -gt 1 ]]
+++ HERCULES.env[43]APRUN_default='srun -l --export=ALL --hint=nomultithread -n 12'
+++ HERCULES.env[49]case ${step} in
+++ HERCULES.env[63]export USE_CFP=YES
+++ HERCULES.env[63]USE_CFP=YES
+++ HERCULES.env[64][[ waveinit == \w\a\v\e\p\r\e\p ]]
+++ HERCULES.env[65]export 'wavempexec=srun -l --export=ALL --hint=nomultithread'
+++ HERCULES.env[65]wavempexec='srun -l --export=ALL --hint=nomultithread'
+++ HERCULES.env[66]export 'wave_mpmd=--multi-prog --output=mpmd.%j.%t.out'
+++ HERCULES.env[66]wave_mpmd='--multi-prog --output=mpmd.%j.%t.out'
++ jjob_header.sh[117]true
++ jjob_header.sh[118]export err=0
++ jjob_header.sh[118]err=0
++ jjob_header.sh[119][[ 0 -ne 0 ]]
+ JGLOBAL_WAVE_INIT[5]export MP_PULSE=0
+ JGLOBAL_WAVE_INIT[5]MP_PULSE=0
+ JGLOBAL_WAVE_INIT[8]YMD=20210323
+ JGLOBAL_WAVE_INIT[8]HH=12
+ JGLOBAL_WAVE_INIT[8]declare_from_tmpl -rx COMOUT_WAVE_PREP:COM_WAVE_PREP_TMPL
+ bash_utils.sh[39][[ NO == \N\O ]]
+ bash_utils.sh[39]set +x
declare_from_tmpl :: COMOUT_WAVE_PREP=/work2/noaa/global/mterry/RUNTESTS/COMROOT/C48_S2SWA_gefs/gefs.20210323/12/mem000/model/wave/prep
+ JGLOBAL_WAVE_INIT[11][[ ! -d /work2/noaa/global/mterry/RUNTESTS/COMROOT/C48_S2SWA_gefs/gefs.20210323/12/mem000/model/wave/prep ]]
+ JGLOBAL_WAVE_INIT[11]mkdir -p /work2/noaa/global/mterry/RUNTESTS/COMROOT/C48_S2SWA_gefs/gefs.20210323/12/mem000/model/wave/prep
+ JGLOBAL_WAVE_INIT[14]export 'wavempexec=srun -l --export=ALL --hint=nomultithread'
+ JGLOBAL_WAVE_INIT[14]wavempexec='srun -l --export=ALL --hint=nomultithread'
+ JGLOBAL_WAVE_INIT[15]export 'wave_mpmd=--multi-prog --output=mpmd.%j.%t.out'
+ JGLOBAL_WAVE_INIT[15]wave_mpmd='--multi-prog --output=mpmd.%j.%t.out'
+ JGLOBAL_WAVE_INIT[18]/work2/noaa/global/mterry/global-workflow_forked/scripts/exgfs_wave_init.sh
+ bash[8]'[' -z '' ']'
+ bash[9]case "$-" in
+ bash[12]__lmod_vx=x
+ bash[16]'[' -n x ']'
+ bash[16]set +x
Shell debugging temporarily silenced: export LMOD_SH_DBG_ON=1 for this output (/apps/other/lmod/lmod/init/bash)
Shell debugging restarted
+ bash[224]unset __lmod_vx
+ exgfs_wave_init.sh[23]cat

Preparing input files :
-----------------------
+ exgfs_wave_init.sh[34]declare -A grdALL
+ exgfs_wave_init.sh[35]for grd in ${WAVECUR_FID} ${WAVEICE_FID} ${WAVEWND_FID} ${waveuoutpGRD} ${waveGRD} ${wavepostGRD} ${waveinterpGRD}
+ exgfs_wave_init.sh[37]grdALL["${grd}"]=glo_500
+ exgfs_wave_init.sh[35]for grd in ${WAVECUR_FID} ${WAVEICE_FID} ${WAVEWND_FID} ${waveuoutpGRD} ${waveGRD} ${wavepostGRD} ${waveinterpGRD}
+ exgfs_wave_init.sh[37]grdALL["${grd}"]=glo_500
+ exgfs_wave_init.sh[35]for grd in ${WAVECUR_FID} ${WAVEICE_FID} ${WAVEWND_FID} ${waveuoutpGRD} ${waveGRD} ${wavepostGRD} ${waveinterpGRD}
+ exgfs_wave_init.sh[37]grdALL["${grd}"]=glo_500
+ exgfs_wave_init.sh[40]for grdID in "${grdALL[@]}"
+ exgfs_wave_init.sh[41]echo 'INFO: Setting up to generate mod_def file for glo_500'
INFO: Setting up to generate mod_def file for glo_500
+ exgfs_wave_init.sh[42][[ -f /work2/noaa/global/mterry/global-workflow_forked/fix/wave/ww3_grid.inp.glo_500 ]]
+ exgfs_wave_init.sh[43]cpreq /work2/noaa/global/mterry/global-workflow_forked/fix/wave/ww3_grid.inp.glo_500 ww3_grid.inp.glo_500
+ cpreq[3]cp /work2/noaa/global/mterry/global-workflow_forked/fix/wave/ww3_grid.inp.glo_500 ww3_grid.inp.glo_500
+ cpreq[4]'[' 0 -ne 0 ']'
+ exgfs_wave_init.sh[44]echo 'INFO: ww3_grid.inp.glo_500 copied (/work2/noaa/global/mterry/global-workflow_forked/fix/wave/ww3_grid.inp.glo_500).'
INFO: ww3_grid.inp.glo_500 copied (/work2/noaa/global/mterry/global-workflow_forked/fix/wave/ww3_grid.inp.glo_500).
+ exgfs_wave_init.sh[50][[ -f /work2/noaa/global/mterry/global-workflow_forked/fix/wave/glo_500.msh ]]
+ exgfs_wave_init.sh[55]echo '/work2/noaa/global/mterry/global-workflow_forked/ush/wave_grid_moddef.sh glo_500'
+ exgfs_wave_init.sh[59]/work2/noaa/global/mterry/global-workflow_forked/ush/run_mpmd.sh /work2/noaa/stmp/mterry/HERCULES/RUNDIRS/C48_S2SWA_gefs/gefs.2021032312/waveinit.331855/mpmd_script
+ bash[8]'[' -z '' ']'
+ bash[9]case "$-" in
+ bash[12]__lmod_vx=x
+ bash[16]'[' -n x ']'
+ bash[16]set +x
Shell debugging temporarily silenced: export LMOD_SH_DBG_ON=1 for this output (/apps/other/lmod/lmod/init/bash)
Shell debugging restarted
+ bash[224]unset __lmod_vx
+ run_mpmd.sh[31]source /work2/noaa/global/mterry/global-workflow_forked/ush/preamble.sh
++ preamble.sh[20]set +x
Begin run_mpmd.sh at Mon Jul 28 19:58:13 UTC 2025
+ run_mpmd.sh[33]cmdfile=/work2/noaa/stmp/mterry/HERCULES/RUNDIRS/C48_S2SWA_gefs/gefs.2021032312/waveinit.331855/mpmd_script
+ run_mpmd.sh[36][[ YES != \Y\E\S ]]
+ run_mpmd.sh[46]export OMP_NUM_THREADS=1
+ run_mpmd.sh[46]OMP_NUM_THREADS=1
++ run_mpmd.sh[49]wc -l
+ run_mpmd.sh[49]nprocs=1
+ run_mpmd.sh[52]mpmd_cmdfile=/work2/noaa/stmp/mterry/HERCULES/RUNDIRS/C48_S2SWA_gefs/gefs.2021032312/waveinit.331855/mpmd_cmdfile
+ run_mpmd.sh[53][[ -s /work2/noaa/stmp/mterry/HERCULES/RUNDIRS/C48_S2SWA_gefs/gefs.2021032312/waveinit.331855/mpmd_cmdfile ]]
+ run_mpmd.sh[55]cat
  INFO: Executing MPMD job, STDOUT redirected for each process separately
  INFO: On failure, logs for each job will be available in /work2/noaa/stmp/mterry/HERCULES/RUNDIRS/C48_S2SWA_gefs/gefs.2021032312/waveinit.331855/mpmd.proc_num.out
  INFO: The proc_num corresponds to the line in '/work2/noaa/stmp/mterry/HERCULES/RUNDIRS/C48_S2SWA_gefs/gefs.2021032312/waveinit.331855/mpmd_cmdfile'
+ run_mpmd.sh[61][[ srun -l --export=ALL --hint=nomultithread =~ ^srun.* ]]
+ run_mpmd.sh[65]nm=0
+ run_mpmd.sh[67]IFS=
+ run_mpmd.sh[67]read -r line
+ run_mpmd.sh[68]echo '0 /work2/noaa/global/mterry/global-workflow_forked/ush/wave_grid_moddef.sh glo_500'
+ run_mpmd.sh[69](( nm=nm+1 ))
+ run_mpmd.sh[67]IFS=
+ run_mpmd.sh[67]read -r line
+ run_mpmd.sh[72]set +e
+ run_mpmd.sh[74]srun -l --export=ALL --hint=nomultithread --multi-prog --output=mpmd.%j.%t.out -n 1 /work2/noaa/stmp/mterry/HERCULES/RUNDIRS/C48_S2SWA_gefs/gefs.2021032312/waveinit.331855/mpmd_cmdfile
+ run_mpmd.sh[75]err=0
+ run_mpmd.sh[76]set_strict
+ preamble.sh[35][[ YES == \Y\E\S ]]
+ preamble.sh[37]set -eu
+ run_mpmd.sh[103][[ 0 -eq 0 ]]
+ run_mpmd.sh[104]rm -f /work2/noaa/stmp/mterry/HERCULES/RUNDIRS/C48_S2SWA_gefs/gefs.2021032312/waveinit.331855/mpmd_cmdfile
++ run_mpmd.sh[105]find . -name 'mpmd.*.out'
+ run_mpmd.sh[105]out_files=./mpmd.5950272.0.out
+ run_mpmd.sh[106]for file in ${out_files}
+ run_mpmd.sh[107]cat ./mpmd.5950272.0.out
+ run_mpmd.sh[108]rm -f ./mpmd.5950272.0.out
+ run_mpmd.sh[110]cat mpmd.out
0: + bash[8]'[' -z '' ']'
0: + bash[9]case "$-" in
0: + bash[12]__lmod_vx=x
0: + bash[16]'[' -n x ']'
0: + bash[16]set +x
0: Shell debugging temporarily silenced: export LMOD_SH_DBG_ON=1 for this output (/apps/other/lmod/lmod/init/bash)
0: Shell debugging restarted
0: + bash[224]unset __lmod_vx
0: + wave_grid_moddef.sh[24]grdID=glo_500
0: + wave_grid_moddef.sh[26]echo 'INFO: Generating mod_def file for glo_500'
0: INFO: Generating mod_def file for glo_500
0: + wave_grid_moddef.sh[28]mkdir -p moddef_glo_500
0: + wave_grid_moddef.sh[29]cd moddef_glo_500
0: + wave_grid_moddef.sh[35]rm -f ww3_grid.inp
0: + wave_grid_moddef.sh[36]/bin/ln -sf ../ww3_grid.inp.glo_500 ww3_grid.inp
0: + wave_grid_moddef.sh[38][[ -f ../glo_500.msh ]]
0: + wave_grid_moddef.sh[43]export pgm=gefs_ww3_grid.x
0: + wave_grid_moddef.sh[43]pgm=gefs_ww3_grid.x
0: + wave_grid_moddef.sh[45]echo 'INFO: Executing /work2/noaa/global/mterry/global-workflow_forked/exec/gefs_ww3_grid.x'
0: INFO: Executing /work2/noaa/global/mterry/global-workflow_forked/exec/gefs_ww3_grid.x
0: + wave_grid_moddef.sh[47]/work2/noaa/global/mterry/global-workflow_forked/exec/gefs_ww3_grid.x
0: 
0:                    *** WAVEWATCH III Grid preprocessor ***    
0:                ===============================================
0: 
0:   Comment character is '$'
0: 
0:   Grid name : GLOBAL 5 deg grid lat 85      
0: 
0: 
0:   Spectral discretization : 
0:  --------------------------------------------------
0:        Number of directions        :  12
0:        Directional increment (deg.):  30.0
0:        First direction       (deg.):  15.0
0:        Number of frequencies       :  18
0:        Frequency range        (Hz) :   0.0500-1.4692
0:        Increment factor            :   1.220
0: 
0: 
0:   Model definition :
0:  --------------------------------------------------
0:        Dry run (no calculations)   :  ---/NO
0:        Propagation in X-direction  :  YES/--
0:        Propagation in Y-direction  :  YES/--
0:        Refraction                  :  YES/--
0:        Current-induced k-shift     :  YES/--
0:        Source term calc. and int.  :  YES/--
0: 
0: 
0:   Time steps : 
0:  --------------------------------------------------
0:        Maximum global time step      (s) : 3600.00
0:        Maximum CFL time step X-Y     (s) : 1800.00
0:        Maximum CFL time step k-theta (s) : 1800.00
0:        Minimum source term time step (s) :  500.00
0: 
0:   Preprocessing namelists ...
0:   Preprocessing namelists finished.
0: 
0: 
0:   Seeding as proxi for linear input.
0: 
0: 
0:   Wind input (WAM 4+) (user def. values) :
0:  --------------------------------------------------
0:        minimum Charnock coeff.     :    0.0095
0:        betamax                     :    1.315
0:        power of cos. in wind input :    2.000
0:        z0max                       :    0.000
0:        zalp                        :    0.006
0:        Height of input wind (m)    :   10.00
0:        wind stress sheltering      :    1.000
0:        swell attenuation param.    :    1
0:        swell attenuation factor    :    0.798
0:        swell attenuation factor2   :   -0.013
0:        swell attenuation factor3   :    0.015
0:        critical Reynolds number    : 100025.0
0:        swell attenuation factor5   :    1.200
0:        swell attenuation factor6   :    0.000
0:        swell attenuation factor7   :    235500.000
0:        ratio of z0 for orb. & mean :    0.040
0: 
0: 
0:   Nonlinear interactions (DIA) (user def. values) :
0:  --------------------------------------------------
0:        Lambda                      :    0.25
0:        Prop. constant              : 0.250E+08
0:        kd conversion factor        :    0.75
0:        minimum kd                  :    0.50
0:        shallow water constants     :    5.50  0.83 -1.25
0: 
0: 
0:  Dissipation (Ardhuin / Filipot / Romero ) (user def. values) :
0:  --------------------------------------------------
0:        SDSC2, SDSBCK, SDSCUM       : -0.220E-04  0.000E+00 -0.403E+00
0:        Power of k in mean k        :    0.50
0: 
0: 
0:   Bottom friction (JONSWAP) (user def. values) :
0:  --------------------------------------------------
0:        gamma                       : -0.0380
0: 
0: 
0:   Surf breaking (B&J 1978) (default values) :  
0:  --------------------------------------------------
0:        alpha                       :   1.000
0:        gamma                       :   0.730
0:        Using Hmax/d ratio only.
0:  
0: 
0:   Triad interactions not defined.
0: 
0: 
0:   Bottom scattering not defined.
0: 
0: 
0:   Propagation scheme : 
0:  --------------------------------------------------
0:        Type of scheme (structured) : 3rd order UQ + GSE averaging  
0:                                      (user def. values)
0:        CFLmax depth refraction     :    0.700
0:        Averaging area factor Cg    :    1.50
0:        Averaging area factor theta :    1.50
0:  
0: 
0:   Ice scattering not defined.
0: 
0: 
0:   Langmuir Mixing Parameterization (default values) :  
0:  --------------------------------------------------
0:   &LMPN LMPENABLED =  FSDTAIL =  F HSLMODE =  0/
0: 
0:   Spectral output on full grid (user def. values) :
0:  --------------------------------------------------
0:        Second order pressure at K=0:   0   1  15
0:        Spectrum of Uss             :   0   1  18
0:        Frequency spectrum          :   0   1  18
0:        Partions of Uss             :   1   3
0:        Partition wavenumber # 1   :  0.040
0:        Partition wavenumber # 2   :  0.110
0:        Partition wavenumber # 3   :  0.331
0: 
0:   Miscellaneous (user def. values) :
0:  --------------------------------------------------
0:        Ice concentration cut-offs  :    0.25  0.75
0:        Wind input reduction factor in presence of 
0:          ice :  1.00
0:          (0.0==> no reduction and 1.0==> no wind
0:          input with 100% ice cover)
0:        Space-time extremes DX-Y set to default 1000 m
0:        Space-time extremes Dt set to default 1200 s
0:        Xseed in seeding algorithm  :    1.00
0:        Compression of track output  :   T
0: 
0:     Dynamic source term integration scheme :
0:        Xp                      (-) :    0.150
0:        Xr                      (-) :    0.100
0:        Xfilt                   (-) :    0.050
0: 
0:     Wave field partitioning :
0:        Levels                  (-) :  100
0:        Minimum wave height     (m) :    0.050
0:        Wind area multiplier    (-) :    1.700
0:        Cut-off wind sea fract. (-) :    0.333
0:        Combine wind seas           :  YES/--
0:        Number of swells in fld out :    3
0:        Partitioning method         :  WW3 default                                  
0: 
0:     Miche-style limiting wave height :
0:        Hs,max/d factor         (-) :    1.600
0:        Hrms,max/d factor       (-) :    1.131
0:        Limiter activated           :  YES/--
0: 
0:     Calendar type                  :  standard
0:  
0: 
0:   Equivalent namelists ...
0: 
0:   &SIN4 ZWND = 10.0, ALPHA0 = 0.00950, Z0MAX = 0.00000, BETAMAX = 1.31500,
0:         SINTHP = 2.00000, ZALP = 0.00600, TAUWSHELTER = 1.00000, SWELLFPAR = 1,
0:         SWELLF = 0.79800, SWELLF2 =-0.01270, SWELLF3 = 0.01510, SWELLF4 = 100025.0,
0:         SWELLF5 = 1.19990, SWELLF6 = 0.00000, SWELLF7 =   235500.00, Z0RAT = 0.04000, SINBR = 0.00000,
0:         SINTABLE = 1, TAUWBUG = 1, VISCSTRESS = 0.00000, SINTAIL1 = 0.00000, SINTAIL2 = 0.00000,
0: , CAPCHA = 0.00000, CHAMIN = 0.00010, CHA0 = 0.00950, UCAP = 30.0, SIGMAUCAP = 10.0  /
0:   &SNL1 LAMBDA =  0.250, NLPROP = 0.250E+08, KDCONV =  0.750, KDMIN =  0.500,
0:         SNLCS1 =  5.500, SNLCS2 =  0.833, SNLCS3 =  -1.250,
0:         IQTYPE = 1, TAILNL =  0.0,
0:         GQMNF1 =14, GQMNT1 = 8, GQMNQ_OM2 = 8, GQMTHRSAT = 0.0000E+00, GQMTHRCOU =.015,
0:         GQAMP1 =1.000, GQAMP2 =0.002, GQAMP3 =1.000, GQAMP4 =1.000 /
0:   &SDS4 SDSBCHOICE = 1.0, SDSC2 = -0.2197E-04, SDSCUM = -0.40, 
0:         SDSC4 =  1.00, SDSC5 =  0.0000E+00, SDSC6 =  0.2978E+00,
0:         WNMEANP =0.50, FXPM3 =4.00, FXFM3 = 2.5, FXFMAGE = 0.000, 
0:         SDSBINT =  0.3000E+00, SDSBCK =  0.0000E+00, SDSABK = 1.500, SDSPBK = 4.000, 
0:         SDSHCK = 1.50, SDSBR =   0.9035E-03, SDSSTRAIN =  0.0, SDSSTRAINA =15.0, SDSSTRAIN2 =  0.0, 
0:         SDSBT = 0.00, SDSP = 2.00, SDSISO = 2, SDSCOS =2.0, SDSDTH = 80.0, 
0:         SDSBRF1 =  0.50, SDSBRFDF = 0, 
0:         SDSBM0 =  1.00, SDSBM1 = 0.00, SDSBM2 = 0.00, SDSBM3 = 0.00, SDSBM4 =   0.00, 
0:         SPMSS =  0.50, SDKOF = 3.00, SDSMWD = 0.90, SDSFACMTF =400.0, 
0:         SDSMWPOW =1.5, SDSNMTF = 1.00, SDSCUMP =2.0, CUMSIGP =0.0, SDSNUW = 0.000E+00, 
0:         WHITECAPWIDTH = 0.30 WHITECAPDUR = 0.56 /
0:   &SBT1 GAMMA = -0.3800E-01 /
0:   &SDB1 BJALFA =  1.000, BJGAM =  0.730, BJFLAG = .TRUE. /
0:   &PRO3 CFLTM = 0.70, WDTHCG = 1.50, WDTHTH = 1.50 /
0:   &UNST UGBCCFL =  T, UGOBCAUTO =  T, UGOBCDEPTH = -10.000, UGOBCFILE=unset,
0: ,  EXPFSN =  T,EXPFSPSI =  F,  EXPFSFCT =  F,IMPFSN =  F,EXPTOTAL=  F,  IMPTOTAL=  F,IMPREFRACTION=  F,  IMPFREQSHIFT=  F, IMPSOURCE=  F,  SETUP_APPLY_WLV=  T,  JGS_TERMINATE_MAXITER=  T,  JGS_TERMINATE_DIFFERENCE=  T,  JGS_TERMINATE_NORM=  F,  JGS_LIMITER=  F,  JGS_LIMITER_FUNC=  1,  JGS_USE_JACOBI=  T,  JGS_BLOCK_GAUSS_SEIDEL=  T,  JGS_MAXITER=  100,  JGS_PMIN=   1.000,  JGS_DIFF_THR=   0.000,  JGS_NORM_THR=   0.000,  JGS_NLEVEL=  0,  JGS_SOURCE_NONLINEAR=  F
0: 
0:   &OUTS P2SF  = 0, I1P2SF = 1, I2P2SF = 15,
0:         US3D  = 0, I1US3D =  1, I2US3D = 18,
0:         USSP  = 1, IUSSP  =  3,
0:         E3D   = 0, I1E3D  =  1, I2E3D  = 18,
0:         TH1MF = 0, I1TH1M =  1, I2TH1M = 18,
0:         STH1MF= 0, I1STH1M=  1, I2STH1M= 18,
0:         TH2MF = 0, I1TH2M =  1, I2TH2M = 18,
0:         STH2MF= 0, I1STH2M=  1, I2STH2M= 18 /
0:   &MISC CICE0 = 0.250, CICEN = 0.750, LICE =      0.0, PMOVE = 0.500,
0:         XSEED = 1.000, FLAGTR = 4, XP = 0.150, XR = 0.100, XFILT = 0.050
0:         IHM =  100, HSPM = 0.050, WSM = 1.700, WSC = 0.333, FLC = .TRUE.
0:         NOSW =  3, FMICHE = 1.600, RWNDC = 1.000, WCOR1 = 99.00, WCOR2 =  0.00,
0:         FACBERG = 1.0, GSHIFT =   0.000E+00, STDX =   -1.00, STDY =  -1.00,
0:         STDT =   -1.00, ICEHMIN = 0.20, ICEHFAC = 1.00,
0:         ICEHINIT = 0.50, ICEDISP =  F, ICEHDISP = 0.60,
0:         ICESLN =   1.00, ICEWIND =   1.00, ICESNL =   1.00, ICESDS =  1.00,
0:         ICEDDISP = 80.00, ICEFDISP =  2.00, CALTYPE = standard , TRCKCMPR =   T,
0:         BTBET  =   1.20 /
0:   &FLD TAIL_ID =0 TAIL_LEV =.0060 TAILT1 =1.250 TAILT2 =3.000 /
0: 
0:   Equivalent namelists finished.
0: 
0: 
0:   The spatial grid: 
0:  --------------------------------------------------
0: 
0:        Grid type                   : rectilinear
0:        Coordinate system           : spherical
0:        Index closure type          : simple
0:        Dimensions                  :     72      35
0: 
0:        Increments           (deg.) :    5.0000    5.0000
0:        Longitude range      (deg.) :    0.0000  355.0000
0:        Latitude range       (deg.) :  -85.0000   85.0000
0: 
0:        Bottom level unit           :    10
0:        Limiting depth          (m) :   -0.10
0:        Minimum depth           (m) :    2.50
0:        Scale factor                :    0.00
0:        Layout indicator            :     1
0:        Format indicator            :     1
0: 
0:        Sub-grid information        : At grid points.
0:        Obstructions unit           :    10
0:        Scale factor                :    0.0100
0:        Layout indicator            :     1
0:        Format indicator            :     1
0:  
0: 
0:        Mask information            : From file.
0:        Mask unit                   :    10
0:        Layout indicator            :     1
0:        Format indicator            :     1
0:        File name                   : mask                                                        
0: 
0:   Input boundary points : 
0:  --------------------------------------------------
0:        No boundary points.
0: 
0: 
0:   Excluded points : 
0:  --------------------------------------------------
0:        Number of excluded points   :   144
0: 
0: 
0:   Status map, printed in     1 part(s) 
0:  -----------------------------------
0: 
0:    3 3 3 3 3 3 3 3 3 3 3 3 3 3 3 3 3 3 3 3 3 3 3 3 3 3 3 3 3 3 3 3 3 3 3 3 3 3 3 3 3 3 3 3 3 3 3 3 3 3 3 3 3 3 3 3 3 3 3 3 3 3 3 3 3 3 3 3 3 3 3 3
0:    1 1 1 1 1 1 1 1 1 1 1 1 1 1 1 1 1 1 1 1 1 1 1 1 1 1 1 1 1 1 1 1 1 1 1 1 1 1 1 1 1 1 1 1 1 1 1 1 1 1 1 1 1 1 0 0 0 0 0 0 0 0 0 0 0 0 0 0 0 1 1 1
0:    1 1 1 1 1 1 1 1 1 1 1 1 1 1 1 1 1 1 0 0 0 0 0 1 1 1 1 1 1 1 1 1 1 1 1 1 1 1 1 1 1 1 1 1 1 1 1 1 0 1 1 1 1 1 0 0 1 1 1 1 1 0 0 0 0 0 0 0 1 1 1 1
0:    1 1 1 1 1 0 0 1 1 1 1 1 1 1 0 0 0 0 0 0 0 0 0 0 0 0 0 0 0 0 0 0 0 0 1 0 1 1 1 1 0 0 0 0 1 1 1 0 0 0 0 0 1 0 1 0 0 0 0 1 1 1 0 0 0 0 0 0 1 1 1 1
0:    1 1 1 0 0 0 0 0 0 0 0 0 0 0 0 0 0 0 0 0 0 0 0 0 0 0 0 0 0 0 0 0 0 0 0 0 0 1 1 1 0 0 0 0 0 0 0 0 0 0 0 0 0 0 0 0 1 1 0 0 1 1 0 0 0 1 1 1 1 1 1 1
0:    1 1 0 0 0 0 0 0 0 0 0 0 0 0 0 0 0 0 0 0 0 0 0 0 0 0 0 0 0 0 0 1 0 1 1 1 1 1 1 1 0 0 1 1 0 0 0 0 0 0 0 0 0 0 1 1 1 0 0 1 1 1 1 1 1 1 1 1 1 1 1 1
0:    1 1 0 0 0 0 0 0 0 0 0 0 0 0 0 0 0 0 0 0 0 0 0 0 0 0 0 0 1 1 1 1 0 1 1 1 1 1 1 1 1 1 1 1 1 1 0 0 0 0 0 0 0 0 0 0 1 0 0 0 0 1 1 1 1 1 1 1 1 1 1 0
0:    0 0 0 0 0 0 0 0 0 0 0 0 0 0 0 0 0 0 0 0 0 0 0 0 0 0 0 0 0 1 1 1 1 1 1 1 1 1 1 1 1 1 1 1 1 1 1 0 0 0 0 0 0 0 0 0 0 0 0 0 0 1 1 1 1 1 1 1 1 1 1 1
0:    0 0 0 0 0 0 0 0 0 0 0 0 0 0 0 0 0 0 0 0 0 0 0 0 0 0 0 0 1 1 1 1 1 1 1 1 1 1 1 1 1 1 1 1 1 1 1 1 0 0 0 0 0 0 0 0 0 0 0 1 1 1 1 1 1 1 1 1 1 1 1 1
0:    0 1 1 1 0 0 0 0 0 0 0 0 0 0 0 0 0 0 0 0 0 0 0 0 0 0 1 1 1 1 1 1 1 1 1 1 1 1 1 1 1 1 1 1 1 1 1 1 0 0 0 0 0 0 0 0 0 0 1 1 1 1 1 1 1 1 1 1 1 1 1 0
0:    0 0 0 1 1 1 1 0 0 0 0 0 0 0 0 0 0 0 0 0 0 0 0 0 0 1 1 1 1 1 1 1 1 1 1 1 1 1 1 1 1 1 1 1 1 1 1 1 0 0 0 0 0 0 0 0 0 1 1 1 1 1 1 1 1 1 1 1 1 1 1 0
0:    0 0 0 0 0 0 0 0 0 0 0 0 0 0 0 0 0 0 0 0 0 0 0 0 0 1 1 1 1 1 1 1 1 1 1 1 1 1 1 1 1 1 1 1 1 1 1 1 1 1 0 0 0 0 0 0 1 1 1 1 1 1 1 1 1 1 1 1 1 1 0 0
0:    0 0 0 0 0 0 0 0 0 0 0 0 0 0 0 0 0 0 0 0 0 0 0 0 1 1 1 1 1 1 1 1 1 1 1 1 1 1 1 1 1 1 1 1 1 1 1 1 1 1 1 0 0 1 1 1 1 1 1 1 1 1 1 1 1 1 1 1 1 1 0 0
0:    0 0 0 0 0 0 0 0 0 0 0 0 1 1 1 0 0 0 1 0 0 0 1 1 1 1 1 1 1 1 1 1 1 1 1 1 1 1 1 1 1 1 1 1 1 1 1 1 1 1 1 1 0 1 0 1 1 1 1 1 1 1 1 1 1 1 1 1 1 0 0 0
0:    0 0 0 0 0 0 0 0 0 0 0 1 1 1 1 0 0 1 1 1 0 0 1 1 1 1 1 1 1 1 1 1 1 1 1 1 1 1 1 1 1 1 1 1 1 1 1 1 1 1 1 1 1 1 0 0 1 1 1 1 1 1 1 1 1 1 1 1 1 0 0 0
0:    0 0 0 0 0 0 0 0 0 0 1 1 1 1 1 1 1 1 1 1 1 1 1 1 1 1 1 1 1 1 1 1 1 1 1 1 1 1 1 1 1 1 1 1 1 1 1 1 1 1 1 1 1 1 1 1 1 0 0 0 1 1 1 1 1 1 1 1 1 1 0 0
0:    1 1 0 0 0 0 0 0 0 0 1 1 1 1 1 1 1 1 1 1 1 1 1 0 1 1 1 1 1 1 1 1 1 1 1 1 1 1 1 1 1 1 1 1 1 1 1 1 1 1 1 1 1 1 1 1 1 0 0 0 0 0 1 1 1 1 1 1 1 1 1 0
0:    1 1 0 0 0 0 0 0 0 1 1 1 1 1 1 1 1 1 1 1 0 1 0 0 1 1 1 1 1 1 1 1 1 1 1 1 1 1 1 1 1 1 1 1 1 1 1 1 1 1 1 1 1 1 1 1 1 0 0 0 0 0 0 1 1 1 1 1 1 1 1 1
0:    1 1 1 0 0 0 0 0 1 1 1 1 1 1 1 1 1 1 1 1 1 1 1 1 1 1 1 1 0 0 1 1 1 1 1 1 1 1 1 1 1 1 1 1 1 1 1 1 1 1 1 1 1 1 1 1 0 0 0 0 0 0 0 0 0 1 1 1 1 1 1 1
0:    1 1 1 0 0 0 0 0 0 1 1 1 1 1 1 1 1 1 1 1 1 1 1 1 1 1 1 1 1 1 1 1 1 1 1 1 1 1 1 1 1 1 1 1 1 1 1 1 1 1 1 1 1 1 1 1 1 0 0 0 0 0 0 0 0 1 1 1 1 1 1 1
0:    1 1 1 0 0 0 0 0 0 1 1 1 1 1 1 1 1 1 1 1 1 1 1 1 1 1 0 0 1 1 1 1 1 1 1 1 1 1 1 1 1 1 1 1 1 1 1 1 1 1 1 1 1 1 1 1 1 1 0 0 0 0 0 0 0 1 1 1 1 1 1 1
0:    1 1 1 0 0 0 0 0 1 0 1 1 1 1 1 1 1 1 1 1 1 1 1 1 0 0 0 0 0 0 1 1 1 1 1 1 1 1 1 1 1 1 1 1 1 1 1 1 1 1 1 1 1 1 1 1 1 1 0 0 0 0 0 0 1 1 1 1 1 1 1 1
0:    1 1 1 0 0 0 0 1 1 1 1 1 1 1 1 1 1 1 1 1 1 1 1 0 0 0 0 0 0 0 0 1 1 1 1 1 1 1 1 1 1 1 1 1 1 1 1 1 1 1 1 1 1 1 1 1 1 1 0 0 0 0 0 1 1 1 1 1 1 1 1 1
0:    1 1 1 1 0 0 0 1 1 1 1 1 1 1 1 1 1 1 1 1 1 1 1 0 0 0 0 0 0 0 0 1 1 1 1 1 1 1 1 1 1 1 1 1 1 1 1 1 1 1 1 1 1 1 1 1 1 1 0 0 0 0 1 1 1 1 1 1 1 1 1 1
0:    1 1 1 1 1 1 1 1 1 1 1 1 1 1 1 1 1 1 1 1 1 1 1 1 1 1 1 1 0 0 0 1 1 1 1 1 1 1 1 1 1 1 1 1 1 1 1 1 1 1 1 1 1 1 1 1 1 1 0 0 0 1 1 1 1 1 1 1 1 1 1 1
0:    1 1 1 1 1 1 1 1 1 1 1 1 1 1 1 1 1 1 1 1 1 1 1 1 1 1 1 1 1 1 1 1 1 1 1 1 1 1 1 1 1 1 1 1 1 1 1 1 1 1 1 1 1 1 1 1 1 1 0 0 1 1 1 1 1 1 1 1 1 1 1 1
0:    1 1 1 1 1 1 1 1 1 1 1 1 1 1 1 1 1 1 1 1 1 1 1 1 1 1 1 1 1 1 1 1 1 1 1 1 1 1 1 1 1 1 1 1 1 1 1 1 1 1 1 1 1 1 1 1 1 1 0 1 1 1 1 1 1 1 1 1 1 1 1 1
0:    1 1 1 1 1 1 1 1 1 1 1 1 1 1 1 1 1 1 1 1 1 1 1 1 1 1 1 1 1 1 1 1 1 1 1 1 1 1 1 1 1 1 1 1 1 1 1 1 1 1 1 1 1 1 1 1 1 0 0 1 1 1 1 1 1 1 1 1 1 1 1 1
0:    1 1 1 1 1 1 1 1 1 1 1 1 1 1 1 1 1 1 1 1 1 1 1 1 1 1 1 1 1 1 1 1 1 1 1 1 1 1 1 1 1 1 1 1 1 1 1 1 1 1 1 1 1 1 1 1 1 1 1 1 1 1 1 1 1 1 1 1 1 1 1 1
0:    1 1 1 1 1 1 1 1 1 1 1 1 1 1 1 1 1 1 1 1 1 1 1 1 1 1 1 1 1 1 1 1 1 1 1 1 1 1 1 1 1 1 1 1 1 1 1 1 1 1 1 1 1 1 1 1 1 1 1 1 1 1 1 1 1 1 1 1 1 1 1 1
0:    1 1 1 1 1 1 1 1 1 1 1 1 1 1 1 1 1 1 1 1 1 1 1 1 1 1 1 1 1 1 1 1 1 1 1 1 1 1 1 1 1 1 1 1 1 1 1 1 1 1 1 1 1 1 1 1 1 1 1 1 1 1 1 1 1 1 1 1 1 1 1 1
0:    1 0 0 0 0 0 0 0 0 0 0 0 0 0 0 0 0 0 0 0 0 0 0 0 0 0 0 0 0 0 0 0 0 1 1 1 1 1 1 1 1 1 1 1 1 1 1 1 1 1 1 1 1 1 1 1 1 1 0 0 0 1 1 1 1 1 1 1 1 1 1 1
0:    0 0 0 0 0 0 0 0 0 0 0 0 0 0 0 0 0 0 0 0 0 0 0 0 0 0 0 0 0 0 0 0 0 0 1 1 1 1 1 1 1 1 1 1 1 0 0 0 0 0 0 0 0 0 0 0 0 0 0 0 0 1 1 1 1 1 1 0 0 0 0 0
0:    1 0 0 0 0 0 0 0 0 0 0 0 0 0 0 0 0 0 0 0 0 0 0 0 0 0 0 0 0 0 0 0 0 1 0 1 1 1 1 1 1 0 0 0 0 0 0 0 0 0 0 0 0 0 0 0 0 0 0 0 0 0 1 1 1 1 0 0 0 0 0 0
0:    3 3 3 3 3 3 3 3 3 3 3 3 3 3 3 3 3 3 3 3 3 3 3 3 3 3 3 3 3 3 3 3 3 3 3 3 3 3 3 3 3 3 3 3 3 3 3 3 3 3 3 3 3 3 3 3 3 3 3 3 3 3 3 3 3 3 3 3 3 3 3 3
0:   
0:   Legend : 
0:  -----------------------------
0:     0 : Land point            
0:     1 : Sea point             
0:     2 : Active boundary point 
0:     3 : Excluded point        
0: 
0: 
0:   Output boundary points : 
0:  --------------------------------------------------
0:        No boundary points.
0: 
0: 
0:   Writing model definition file ...
0: 
0:  Filling 3D look-up table for SIN4. please wait
0:  WAVEWATCH III ST4 TABLE FOR STRESS 2018-06-08   9.231391      9.4999997E-03
0:    1.315000             100         200          50  6.0000001E-03
0:   0.4000000       9.806000    
0: 
0:   Summary grid statistics : 
0:  --------------------------------------------------
0:        Number of longitudes      :        72
0:        Number of latitudes       :        35
0:        Number of grid points     :      2520
0:        Number of sea points      :      1609 (63.8%)
0:        Number of input b. points :         0
0:        Number of land points     :       767
0:        Number of excluded points :       144
0: 
0: 
0:   End of program 
0:  ========================================
0:          WAVEWATCH III Grid preprocessor 
0: 
0: + wave_grid_moddef.sh[48]export err=0
0: + wave_grid_moddef.sh[48]err=0
0: + wave_grid_moddef.sh[50][[ 0 != \0 ]]
0: + wave_grid_moddef.sh[55][[ -f mod_def.ww3 ]]
0: + wave_grid_moddef.sh[56]cpfs mod_def.ww3 /work2/noaa/global/mterry/RUNTESTS/COMROOT/C48_S2SWA_gefs/gefs.20210323/12/mem000/model/wave/prep/gefs.wave.t12z.mod_def.glo_500.bin
0: + cpfs[3]'[' 2 -ne 2 ']'
0: + cpfs[8]'[' /work2/noaa/global/mterry/RUNTESTS/COMROOT/C48_S2SWA_gefs/gefs.20210323/12/mem000/model/wave/prep/gefs.wave.t12z.mod_def.glo_500.bin = . -o /work2/noaa/global/mterry/RUNTESTS/COMROOT/C48_S2SWA_gefs/gefs.20210323/12/mem000/model/wave/prep/gefs.wave.t12z.mod_def.glo_500.bin = ./ ']'
0: + cpfs[10]'[' -d /work2/noaa/global/mterry/RUNTESTS/COMROOT/C48_S2SWA_gefs/gefs.20210323/12/mem000/model/wave/prep/gefs.wave.t12z.mod_def.glo_500.bin ']'
0: + cpfs[13]cpdstfile=/work2/noaa/global/mterry/RUNTESTS/COMROOT/C48_S2SWA_gefs/gefs.20210323/12/mem000/model/wave/prep/gefs.wave.t12z.mod_def.glo_500.bin
0: + cpfs[16]cp mod_def.ww3 /work2/noaa/global/mterry/RUNTESTS/COMROOT/C48_S2SWA_gefs/gefs.20210323/12/mem000/model/wave/prep/gefs.wave.t12z.mod_def.glo_500.bin.cptmp
0: + cpfs[18]'[' 0 -ne 0 ']'
0: + cpfs[22]/work/noaa/epic/role-epic/spack-stack/hercules/spack-stack-1.6.0/envs/unified-env/install/intel/2021.9.0/prod-util-2.1.1-ddlo2cq/bin/fsync_file /work2/noaa/global/mterry/RUNTESTS/COMROOT/C48_S2SWA_gefs/gefs.20210323/12/mem000/model/wave/prep/gefs.wave.t12z.mod_def.glo_500.bin.cptmp
0: + cpfs[23]'[' 0 -ne 0 ']'
0: + cpfs[27]mv /work2/noaa/global/mterry/RUNTESTS/COMROOT/C48_S2SWA_gefs/gefs.20210323/12/mem000/model/wave/prep/gefs.wave.t12z.mod_def.glo_500.bin.cptmp /work2/noaa/global/mterry/RUNTESTS/COMROOT/C48_S2SWA_gefs/gefs.20210323/12/mem000/model/wave/prep/gefs.wave.t12z.mod_def.glo_500.bin
0: + cpfs[28]'[' 0 -ne 0 ']'
0: + wave_grid_moddef.sh[57]mv mod_def.ww3 ../mod_def.glo_500
0: + wave_grid_moddef.sh[66]cd ..
0: + wave_grid_moddef.sh[67]rm -rf moddef_glo_500
+ run_mpmd.sh[113]exit 0
+ run_mpmd.sh[1]postamble run_mpmd.sh 1753732693 0
+ preamble.sh[62]set +x
End run_mpmd.sh at 19:58:33 with error code 0 (time elapsed: 00:00:20)
+ exgfs_wave_init.sh[59]true
+ exgfs_wave_init.sh[60]export err=0
+ exgfs_wave_init.sh[60]err=0
+ exgfs_wave_init.sh[61][[ 0 -ne 0 ]]
+ exgfs_wave_init.sh[66]for grdID in "${grdALL[@]}"
+ exgfs_wave_init.sh[67][[ -f /work2/noaa/global/mterry/RUNTESTS/COMROOT/C48_S2SWA_gefs/gefs.20210323/12/mem000/model/wave/prep/gefs.wave.t12z.mod_def.glo_500.bin ]]
+ exgfs_wave_init.sh[68]echo 'INFO: mod_def.glo_500 succesfully created/copied'
INFO: mod_def.glo_500 succesfully created/copied
+ exgfs_wave_init.sh[76][[ gefs == \g\e\f\s ]]
+ exgfs_wave_init.sh[76][[ 2 -gt 0 ]]
++ exgfs_wave_init.sh[77]seq -f %03g 1 2
+ exgfs_wave_init.sh[77]for mem in $(seq -f "%03g" 1 "${NMEM_ENS}")
+ exgfs_wave_init.sh[78]MEMDIR=mem001
+ exgfs_wave_init.sh[78]YMD=20210323
+ exgfs_wave_init.sh[78]HH=12
+ exgfs_wave_init.sh[78]declare_from_tmpl COMOUT_WAVE_PREP_MEM:COM_WAVE_PREP_TMPL
+ environment[0][[ NO == \N\O ]]
+ environment[1]set +x
declare_from_tmpl :: COMOUT_WAVE_PREP_MEM=/work2/noaa/global/mterry/RUNTESTS/COMROOT/C48_S2SWA_gefs/gefs.20210323/12/mem001/model/wave/prep
+ exgfs_wave_init.sh[79]mkdir -p /work2/noaa/global/mterry/RUNTESTS/COMROOT/C48_S2SWA_gefs/gefs.20210323/12/mem001/model/wave/prep
+ exgfs_wave_init.sh[80]for grdID in "${grdALL[@]}"
+ exgfs_wave_init.sh[81]cpfs /work2/noaa/global/mterry/RUNTESTS/COMROOT/C48_S2SWA_gefs/gefs.20210323/12/mem000/model/wave/prep/gefs.wave.t12z.mod_def.glo_500.bin /work2/noaa/global/mterry/RUNTESTS/COMROOT/C48_S2SWA_gefs/gefs.20210323/12/mem001/model/wave/prep/gefs.wave.t12z.mod_def.glo_500.bin
+ cpfs[3]'[' 2 -ne 2 ']'
+ cpfs[8]'[' /work2/noaa/global/mterry/RUNTESTS/COMROOT/C48_S2SWA_gefs/gefs.20210323/12/mem001/model/wave/prep/gefs.wave.t12z.mod_def.glo_500.bin = . -o /work2/noaa/global/mterry/RUNTESTS/COMROOT/C48_S2SWA_gefs/gefs.20210323/12/mem001/model/wave/prep/gefs.wave.t12z.mod_def.glo_500.bin = ./ ']'
+ cpfs[10]'[' -d /work2/noaa/global/mterry/RUNTESTS/COMROOT/C48_S2SWA_gefs/gefs.20210323/12/mem001/model/wave/prep/gefs.wave.t12z.mod_def.glo_500.bin ']'
+ cpfs[13]cpdstfile=/work2/noaa/global/mterry/RUNTESTS/COMROOT/C48_S2SWA_gefs/gefs.20210323/12/mem001/model/wave/prep/gefs.wave.t12z.mod_def.glo_500.bin
+ cpfs[16]cp /work2/noaa/global/mterry/RUNTESTS/COMROOT/C48_S2SWA_gefs/gefs.20210323/12/mem000/model/wave/prep/gefs.wave.t12z.mod_def.glo_500.bin /work2/noaa/global/mterry/RUNTESTS/COMROOT/C48_S2SWA_gefs/gefs.20210323/12/mem001/model/wave/prep/gefs.wave.t12z.mod_def.glo_500.bin.cptmp
+ cpfs[18]'[' 0 -ne 0 ']'
+ cpfs[22]/work/noaa/epic/role-epic/spack-stack/hercules/spack-stack-1.6.0/envs/unified-env/install/intel/2021.9.0/prod-util-2.1.1-ddlo2cq/bin/fsync_file /work2/noaa/global/mterry/RUNTESTS/COMROOT/C48_S2SWA_gefs/gefs.20210323/12/mem001/model/wave/prep/gefs.wave.t12z.mod_def.glo_500.bin.cptmp
+ cpfs[23]'[' 0 -ne 0 ']'
+ cpfs[27]mv /work2/noaa/global/mterry/RUNTESTS/COMROOT/C48_S2SWA_gefs/gefs.20210323/12/mem001/model/wave/prep/gefs.wave.t12z.mod_def.glo_500.bin.cptmp /work2/noaa/global/mterry/RUNTESTS/COMROOT/C48_S2SWA_gefs/gefs.20210323/12/mem001/model/wave/prep/gefs.wave.t12z.mod_def.glo_500.bin
+ cpfs[28]'[' 0 -ne 0 ']'
+ exgfs_wave_init.sh[77]for mem in $(seq -f "%03g" 1 "${NMEM_ENS}")
+ exgfs_wave_init.sh[78]MEMDIR=mem002
+ exgfs_wave_init.sh[78]YMD=20210323
+ exgfs_wave_init.sh[78]HH=12
+ exgfs_wave_init.sh[78]declare_from_tmpl COMOUT_WAVE_PREP_MEM:COM_WAVE_PREP_TMPL
+ environment[0][[ NO == \N\O ]]
+ environment[1]set +x
declare_from_tmpl :: COMOUT_WAVE_PREP_MEM=/work2/noaa/global/mterry/RUNTESTS/COMROOT/C48_S2SWA_gefs/gefs.20210323/12/mem002/model/wave/prep
+ exgfs_wave_init.sh[79]mkdir -p /work2/noaa/global/mterry/RUNTESTS/COMROOT/C48_S2SWA_gefs/gefs.20210323/12/mem002/model/wave/prep
+ exgfs_wave_init.sh[80]for grdID in "${grdALL[@]}"
+ exgfs_wave_init.sh[81]cpfs /work2/noaa/global/mterry/RUNTESTS/COMROOT/C48_S2SWA_gefs/gefs.20210323/12/mem000/model/wave/prep/gefs.wave.t12z.mod_def.glo_500.bin /work2/noaa/global/mterry/RUNTESTS/COMROOT/C48_S2SWA_gefs/gefs.20210323/12/mem002/model/wave/prep/gefs.wave.t12z.mod_def.glo_500.bin
+ cpfs[3]'[' 2 -ne 2 ']'
+ cpfs[8]'[' /work2/noaa/global/mterry/RUNTESTS/COMROOT/C48_S2SWA_gefs/gefs.20210323/12/mem002/model/wave/prep/gefs.wave.t12z.mod_def.glo_500.bin = . -o /work2/noaa/global/mterry/RUNTESTS/COMROOT/C48_S2SWA_gefs/gefs.20210323/12/mem002/model/wave/prep/gefs.wave.t12z.mod_def.glo_500.bin = ./ ']'
+ cpfs[10]'[' -d /work2/noaa/global/mterry/RUNTESTS/COMROOT/C48_S2SWA_gefs/gefs.20210323/12/mem002/model/wave/prep/gefs.wave.t12z.mod_def.glo_500.bin ']'
+ cpfs[13]cpdstfile=/work2/noaa/global/mterry/RUNTESTS/COMROOT/C48_S2SWA_gefs/gefs.20210323/12/mem002/model/wave/prep/gefs.wave.t12z.mod_def.glo_500.bin
+ cpfs[16]cp /work2/noaa/global/mterry/RUNTESTS/COMROOT/C48_S2SWA_gefs/gefs.20210323/12/mem000/model/wave/prep/gefs.wave.t12z.mod_def.glo_500.bin /work2/noaa/global/mterry/RUNTESTS/COMROOT/C48_S2SWA_gefs/gefs.20210323/12/mem002/model/wave/prep/gefs.wave.t12z.mod_def.glo_500.bin.cptmp
+ cpfs[18]'[' 0 -ne 0 ']'
+ cpfs[22]/work/noaa/epic/role-epic/spack-stack/hercules/spack-stack-1.6.0/envs/unified-env/install/intel/2021.9.0/prod-util-2.1.1-ddlo2cq/bin/fsync_file /work2/noaa/global/mterry/RUNTESTS/COMROOT/C48_S2SWA_gefs/gefs.20210323/12/mem002/model/wave/prep/gefs.wave.t12z.mod_def.glo_500.bin.cptmp
+ cpfs[23]'[' 0 -ne 0 ']'
+ cpfs[27]mv /work2/noaa/global/mterry/RUNTESTS/COMROOT/C48_S2SWA_gefs/gefs.20210323/12/mem002/model/wave/prep/gefs.wave.t12z.mod_def.glo_500.bin.cptmp /work2/noaa/global/mterry/RUNTESTS/COMROOT/C48_S2SWA_gefs/gefs.20210323/12/mem002/model/wave/prep/gefs.wave.t12z.mod_def.glo_500.bin
+ cpfs[28]'[' 0 -ne 0 ']'
+ JGLOBAL_WAVE_INIT[18]true
+ JGLOBAL_WAVE_INIT[19]export err=0
+ JGLOBAL_WAVE_INIT[19]err=0
+ JGLOBAL_WAVE_INIT[20][[ 0 -ne 0 ]]
+ JGLOBAL_WAVE_INIT[27]cd /work2/noaa/stmp/mterry/HERCULES/RUNDIRS/C48_S2SWA_gefs/gefs.2021032312
+ JGLOBAL_WAVE_INIT[28][[ NO != \Y\E\S ]]
+ JGLOBAL_WAVE_INIT[29]rm -rf /work2/noaa/stmp/mterry/HERCULES/RUNDIRS/C48_S2SWA_gefs/gefs.2021032312/waveinit.331855
+ JGLOBAL_WAVE_INIT[32]exit 0
+ JGLOBAL_WAVE_INIT[1]postamble /work2/noaa/global/mterry/global-workflow_forked/jobs/JGLOBAL_WAVE_INIT 1753732687 0
+ preamble.sh[62]set +x
End /work2/noaa/global/mterry/global-workflow_forked/jobs/JGLOBAL_WAVE_INIT at 19:58:34 with error code 0 (time elapsed: 00:00:27)
