+ source /work2/noaa/global/mterry/global-workflow_forked/ush/load_fv3gfs_modules.sh
++ [[ hxB == *x* ]]
++ set_x=YES
++ [[ NO == \N\O ]]
++ echo 'Loading modules quietly...'
Loading modules quietly...
++ set +x
Running "module reset". Resetting modules to system default. The following $MODULEPATH directories have been removed: None

Currently Loaded Modules:
  1) contrib/0.1                      43) ip/4.3.0
  2) intel-oneapi-compilers/2023.1.0  44) grib-util/1.3.0
  3) stack-intel/2021.9.0             45) g2tmpl/1.13.0
  4) intel-oneapi-mpi/2021.9.0        46) gsi-ncdiag/1.1.2
  5) stack-intel-oneapi-mpi/2021.9.0  47) crtm-fix/2.4.0.1_emc
  6) intel-oneapi-mkl/2023.1.0        48) git-lfs/3.1.2
  7) zlib/1.2.13                      49) crtm/2.4.0.1
  8) pigz/2.7                         50) openblas/0.3.24
  9) zstd/1.5.2                       51) py-setuptools/63.4.3
 10) tar/1.34                         52) py-numpy/1.23.4
 11) gettext/0.21.1                   53) bufr/11.7.0
 12) libxcrypt/4.4.35                 54) gmake/4.2.1
 13) sqlite/3.43.2                    55) wgrib2/2.0.8
 14) util-linux-uuid/2.38.1           56) py-f90nml/1.4.3
 15) python/3.11.6                    57) py-cftime/1.0.3.4
 16) libjpeg/2.1.0                    58) py-netcdf4/1.5.8
 17) jasper/2.0.32                    59) libyaml/0.2.5
 18) libpng/1.6.37                    60) py-pyyaml/6.0
 19) openjpeg/2.3.1                   61) py-markupsafe/2.1.3
 20) eccodes/2.32.0                   62) py-jinja2/3.1.2
 21) fftw/3.3.10                      63) py-bottleneck/1.3.7
 22) nghttp2/1.57.0                   64) py-numexpr/2.8.4
 23) curl/8.4.0                       65) py-et-xmlfile/1.0.1
 24) proj/9.2.1                       66) py-openpyxl/3.1.2
 25) udunits/2.2.28                   67) py-pytz/2023.3
 26) cdo/2.2.0                        68) py-pyxlsb/1.0.10
 27) hdf5/1.14.0                      69) py-xlrd/2.0.1
 28) snappy/1.1.10                    70) py-xlsxwriter/3.1.7
 29) c-blosc/1.21.5                   71) py-xlwt/1.3.0
 30) netcdf-c/4.9.2                   72) py-pandas/1.5.3
 31) netcdf-fortran/4.6.1             73) py-six/1.16.0
 32) parallel-netcdf/1.12.2           74) py-python-dateutil/2.8.2
 33) parallelio/2.5.10                75) g2c/1.8.0
 34) esmf/8.6.0                       76) netcdf-cxx4/4.3.1
 35) antlr/2.7.7                      77) met/9.1.3
 36) gsl/2.7.1                        78) metplus/3.1.1
 37) nco/5.0.6                        79) py-packaging/23.1
 38) bacio/2.4.1                      80) py-xarray/2023.7.0
 39) w3emc/2.10.0                     81) prepobs/1.1.0
 40) prod_util/2.1.1                  82) fit2obs/1.1.7.1
 41) g2/3.4.5                         83) globus-cli/3.35.2
 42) sp/2.5.0                         84) module_base.hercules

 

++ [[ -d /work2/noaa/global/mterry/global-workflow_forked/sorc/wxflow/src ]]
++ PYTHONPATH=/apps/other/globus-cli-3.35.2:/work/noaa/epic/role-epic/spack-stack/hercules/spack-stack-1.6.0/envs/gsi-addon-dev-fms-2024.01/install/intel/2021.9.0/py-xarray-2023.7.0-x743hx4/lib/python3.11/site-packages:/work/noaa/epic/role-epic/spack-stack/hercules/spack-stack-1.6.0/envs/gsi-addon-dev-fms-2024.01/install/intel/2021.9.0/py-packaging-23.1-cvb54w6/lib/python3.11/site-packages:/work/noaa/epic/role-epic/spack-stack/hercules/spack-stack-1.6.0/envs/gsi-addon-dev-fms-2024.01/install/intel/2021.9.0/py-python-dateutil-2.8.2-crskgyy/lib/python3.11/site-packages:/work/noaa/epic/role-epic/spack-stack/hercules/spack-stack-1.6.0/envs/gsi-addon-dev-fms-2024.01/install/intel/2021.9.0/py-six-1.16.0-dtjcn7o/lib/python3.11/site-packages:/work/noaa/epic/role-epic/spack-stack/hercules/spack-stack-1.6.0/envs/gsi-addon-dev-fms-2024.01/install/intel/2021.9.0/py-pandas-1.5.3-7tjsvkw/lib/python3.11/site-packages:/work/noaa/epic/role-epic/spack-stack/hercules/spack-stack-1.6.0/envs/gsi-addon-dev-fms-2024.01/install/intel/2021.9.0/py-xlwt-1.3.0-ghvbw56/lib/python3.11/site-packages:/work/noaa/epic/role-epic/spack-stack/hercules/spack-stack-1.6.0/envs/gsi-addon-dev-fms-2024.01/install/intel/2021.9.0/py-xlsxwriter-3.1.7-rqogaok/lib/python3.11/site-packages:/work/noaa/epic/role-epic/spack-stack/hercules/spack-stack-1.6.0/envs/gsi-addon-dev-fms-2024.01/install/intel/2021.9.0/py-xlrd-2.0.1-g52jf7f/lib/python3.11/site-packages:/work/noaa/epic/role-epic/spack-stack/hercules/spack-stack-1.6.0/envs/gsi-addon-dev-fms-2024.01/install/intel/2021.9.0/py-pyxlsb-1.0.10-ow7w6ge/lib/python3.11/site-packages:/work/noaa/epic/role-epic/spack-stack/hercules/spack-stack-1.6.0/envs/gsi-addon-dev-fms-2024.01/install/intel/2021.9.0/py-pytz-2023.3-kmu3i3s/lib/python3.11/site-packages:/work/noaa/epic/role-epic/spack-stack/hercules/spack-stack-1.6.0/envs/gsi-addon-dev-fms-2024.01/install/intel/2021.9.0/py-openpyxl-3.1.2-vfourqe/lib/python3.11/site-packages:/work/noaa/epic/role-epic/spack-stack/hercules/spack-stack-1.6.0/envs/gsi-addon-dev-fms-2024.01/install/intel/2021.9.0/py-et-xmlfile-1.0.1-7wze7yq/lib/python3.11/site-packages:/work/noaa/epic/role-epic/spack-stack/hercules/spack-stack-1.6.0/envs/gsi-addon-dev-fms-2024.01/install/intel/2021.9.0/py-numexpr-2.8.4-nobvkrq/lib/python3.11/site-packages:/work/noaa/epic/role-epic/spack-stack/hercules/spack-stack-1.6.0/envs/gsi-addon-dev-fms-2024.01/install/intel/2021.9.0/py-bottleneck-1.3.7-ftw2r3a/lib/python3.11/site-packages:/work/noaa/epic/role-epic/spack-stack/hercules/spack-stack-1.6.0/envs/gsi-addon-dev-fms-2024.01/install/intel/2021.9.0/py-jinja2-3.1.2-eoja5pj/lib/python3.11/site-packages:/work/noaa/epic/role-epic/spack-stack/hercules/spack-stack-1.6.0/envs/gsi-addon-dev-fms-2024.01/install/intel/2021.9.0/py-markupsafe-2.1.3-v6xcnb7/lib/python3.11/site-packages:/work/noaa/epic/role-epic/spack-stack/hercules/spack-stack-1.6.0/envs/gsi-addon-dev-fms-2024.01/install/intel/2021.9.0/py-pyyaml-6.0-t2st4x2/lib/python3.11/site-packages:/work/noaa/epic/role-epic/spack-stack/hercules/spack-stack-1.6.0/envs/gsi-addon-dev-fms-2024.01/install/intel/2021.9.0/py-netcdf4-1.5.8-bgfhv5i/lib/python3.11/site-packages:/work/noaa/epic/role-epic/spack-stack/hercules/spack-stack-1.6.0/envs/gsi-addon-dev-fms-2024.01/install/intel/2021.9.0/py-cftime-1.0.3.4-ienmq3i/lib/python3.11/site-packages:/work/noaa/epic/role-epic/spack-stack/hercules/spack-stack-1.6.0/envs/gsi-addon-dev-fms-2024.01/install/intel/2021.9.0/py-f90nml-1.4.3-3ib7u6z/lib/python3.11/site-packages:/work/noaa/epic/role-epic/spack-stack/hercules/spack-stack-1.6.0/envs/gsi-addon-dev-fms-2024.01/install/intel/2021.9.0/bufr-11.7.0-7qdgt6m/lib64/python3.11/site-packages:/work/noaa/epic/role-epic/spack-stack/hercules/spack-stack-1.6.0/envs/gsi-addon-dev-fms-2024.01/install/intel/2021.9.0/bufr-11.7.0-7qdgt6m/lib/python3.11/site-packages:/work/noaa/epic/role-epic/spack-stack/hercules/spack-stack-1.6.0/envs/gsi-addon-dev-fms-2024.01/install/intel/2021.9.0/py-numpy-1.23.4-ftta6ne/lib/python3.11/site-packages:/work/noaa/epic/role-epic/spack-stack/hercules/spack-stack-1.6.0/envs/gsi-addon-dev-fms-2024.01/install/intel/2021.9.0/py-setuptools-63.4.3-5extjhr/lib/python3.11/site-packages:/work2/noaa/global/mterry/global-workflow_forked/sorc/wxflow/src
++ PYTHONPATH=/apps/other/globus-cli-3.35.2:/work/noaa/epic/role-epic/spack-stack/hercules/spack-stack-1.6.0/envs/gsi-addon-dev-fms-2024.01/install/intel/2021.9.0/py-xarray-2023.7.0-x743hx4/lib/python3.11/site-packages:/work/noaa/epic/role-epic/spack-stack/hercules/spack-stack-1.6.0/envs/gsi-addon-dev-fms-2024.01/install/intel/2021.9.0/py-packaging-23.1-cvb54w6/lib/python3.11/site-packages:/work/noaa/epic/role-epic/spack-stack/hercules/spack-stack-1.6.0/envs/gsi-addon-dev-fms-2024.01/install/intel/2021.9.0/py-python-dateutil-2.8.2-crskgyy/lib/python3.11/site-packages:/work/noaa/epic/role-epic/spack-stack/hercules/spack-stack-1.6.0/envs/gsi-addon-dev-fms-2024.01/install/intel/2021.9.0/py-six-1.16.0-dtjcn7o/lib/python3.11/site-packages:/work/noaa/epic/role-epic/spack-stack/hercules/spack-stack-1.6.0/envs/gsi-addon-dev-fms-2024.01/install/intel/2021.9.0/py-pandas-1.5.3-7tjsvkw/lib/python3.11/site-packages:/work/noaa/epic/role-epic/spack-stack/hercules/spack-stack-1.6.0/envs/gsi-addon-dev-fms-2024.01/install/intel/2021.9.0/py-xlwt-1.3.0-ghvbw56/lib/python3.11/site-packages:/work/noaa/epic/role-epic/spack-stack/hercules/spack-stack-1.6.0/envs/gsi-addon-dev-fms-2024.01/install/intel/2021.9.0/py-xlsxwriter-3.1.7-rqogaok/lib/python3.11/site-packages:/work/noaa/epic/role-epic/spack-stack/hercules/spack-stack-1.6.0/envs/gsi-addon-dev-fms-2024.01/install/intel/2021.9.0/py-xlrd-2.0.1-g52jf7f/lib/python3.11/site-packages:/work/noaa/epic/role-epic/spack-stack/hercules/spack-stack-1.6.0/envs/gsi-addon-dev-fms-2024.01/install/intel/2021.9.0/py-pyxlsb-1.0.10-ow7w6ge/lib/python3.11/site-packages:/work/noaa/epic/role-epic/spack-stack/hercules/spack-stack-1.6.0/envs/gsi-addon-dev-fms-2024.01/install/intel/2021.9.0/py-pytz-2023.3-kmu3i3s/lib/python3.11/site-packages:/work/noaa/epic/role-epic/spack-stack/hercules/spack-stack-1.6.0/envs/gsi-addon-dev-fms-2024.01/install/intel/2021.9.0/py-openpyxl-3.1.2-vfourqe/lib/python3.11/site-packages:/work/noaa/epic/role-epic/spack-stack/hercules/spack-stack-1.6.0/envs/gsi-addon-dev-fms-2024.01/install/intel/2021.9.0/py-et-xmlfile-1.0.1-7wze7yq/lib/python3.11/site-packages:/work/noaa/epic/role-epic/spack-stack/hercules/spack-stack-1.6.0/envs/gsi-addon-dev-fms-2024.01/install/intel/2021.9.0/py-numexpr-2.8.4-nobvkrq/lib/python3.11/site-packages:/work/noaa/epic/role-epic/spack-stack/hercules/spack-stack-1.6.0/envs/gsi-addon-dev-fms-2024.01/install/intel/2021.9.0/py-bottleneck-1.3.7-ftw2r3a/lib/python3.11/site-packages:/work/noaa/epic/role-epic/spack-stack/hercules/spack-stack-1.6.0/envs/gsi-addon-dev-fms-2024.01/install/intel/2021.9.0/py-jinja2-3.1.2-eoja5pj/lib/python3.11/site-packages:/work/noaa/epic/role-epic/spack-stack/hercules/spack-stack-1.6.0/envs/gsi-addon-dev-fms-2024.01/install/intel/2021.9.0/py-markupsafe-2.1.3-v6xcnb7/lib/python3.11/site-packages:/work/noaa/epic/role-epic/spack-stack/hercules/spack-stack-1.6.0/envs/gsi-addon-dev-fms-2024.01/install/intel/2021.9.0/py-pyyaml-6.0-t2st4x2/lib/python3.11/site-packages:/work/noaa/epic/role-epic/spack-stack/hercules/spack-stack-1.6.0/envs/gsi-addon-dev-fms-2024.01/install/intel/2021.9.0/py-netcdf4-1.5.8-bgfhv5i/lib/python3.11/site-packages:/work/noaa/epic/role-epic/spack-stack/hercules/spack-stack-1.6.0/envs/gsi-addon-dev-fms-2024.01/install/intel/2021.9.0/py-cftime-1.0.3.4-ienmq3i/lib/python3.11/site-packages:/work/noaa/epic/role-epic/spack-stack/hercules/spack-stack-1.6.0/envs/gsi-addon-dev-fms-2024.01/install/intel/2021.9.0/py-f90nml-1.4.3-3ib7u6z/lib/python3.11/site-packages:/work/noaa/epic/role-epic/spack-stack/hercules/spack-stack-1.6.0/envs/gsi-addon-dev-fms-2024.01/install/intel/2021.9.0/bufr-11.7.0-7qdgt6m/lib64/python3.11/site-packages:/work/noaa/epic/role-epic/spack-stack/hercules/spack-stack-1.6.0/envs/gsi-addon-dev-fms-2024.01/install/intel/2021.9.0/bufr-11.7.0-7qdgt6m/lib/python3.11/site-packages:/work/noaa/epic/role-epic/spack-stack/hercules/spack-stack-1.6.0/envs/gsi-addon-dev-fms-2024.01/install/intel/2021.9.0/py-numpy-1.23.4-ftta6ne/lib/python3.11/site-packages:/work/noaa/epic/role-epic/spack-stack/hercules/spack-stack-1.6.0/envs/gsi-addon-dev-fms-2024.01/install/intel/2021.9.0/py-setuptools-63.4.3-5extjhr/lib/python3.11/site-packages:/work2/noaa/global/mterry/global-workflow_forked/sorc/wxflow/src:/work2/noaa/global/mterry/global-workflow_forked/ush/python
++ export PYTHONPATH
++ ulimit -S -s 16384
++ unset ulimit_s
+ status=0
+ [[ 0 -ne 0 ]]
+ export job=echgres
+ job=echgres
+ export jobid=echgres.362822
+ jobid=echgres.362822
+ /work2/noaa/global/mterry/global-workflow_forked/jobs/JGDAS_ATMOS_CHGRES_FORENKF
Begin /work2/noaa/global/mterry/global-workflow_forked/jobs/JGDAS_ATMOS_CHGRES_FORENKF at Tue Jul 29 05:34:50 UTC 2025
++ jjob_header.sh[46]OPTIND=1
++ jjob_header.sh[47]getopts c:e: option
++ jjob_header.sh[48]case "${option}" in
++ jjob_header.sh[50]env_job=anal
++ jjob_header.sh[47]getopts c:e: option
++ jjob_header.sh[48]case "${option}" in
++ jjob_header.sh[49]read -ra configs
++ jjob_header.sh[47]getopts c:e: option
++ jjob_header.sh[61]shift 4
++ jjob_header.sh[63][[ -z anal ]]
++ jjob_header.sh[71]export DATA=/work2/noaa/stmp/mterry/HERCULES/RUNDIRS/C48mx500_hybAOWCDA/enkfgdas.2021032500/echgres.362822
++ jjob_header.sh[71]DATA=/work2/noaa/stmp/mterry/HERCULES/RUNDIRS/C48mx500_hybAOWCDA/enkfgdas.2021032500/echgres.362822
++ jjob_header.sh[72][[ YES == \Y\E\S ]]
++ jjob_header.sh[73]rm -rf /work2/noaa/stmp/mterry/HERCULES/RUNDIRS/C48mx500_hybAOWCDA/enkfgdas.2021032500/echgres.362822
++ jjob_header.sh[75]mkdir -p /work2/noaa/stmp/mterry/HERCULES/RUNDIRS/C48mx500_hybAOWCDA/enkfgdas.2021032500/echgres.362822
++ jjob_header.sh[76]cd /work2/noaa/stmp/mterry/HERCULES/RUNDIRS/C48mx500_hybAOWCDA/enkfgdas.2021032500/echgres.362822
++ jjob_header.sh[85]export pid=363092
++ jjob_header.sh[85]pid=363092
++ jjob_header.sh[86]export pgmout=OUTPUT.363092
++ jjob_header.sh[86]pgmout=OUTPUT.363092
++ jjob_header.sh[87]export pgmerr=errfile
++ jjob_header.sh[87]pgmerr=errfile
++ jjob_header.sh[90]export pgm=
++ jjob_header.sh[90]pgm=
++ jjob_header.sh[96]export cycle=t00z
++ jjob_header.sh[96]cycle=t00z
++ jjob_header.sh[97]setpdy.sh
+ setpdy.sh[20]'[' /work2/noaa/stmp/mterry/HERCULES/RUNDIRS/C48mx500_hybAOWCDA/enkfgdas.2021032500/echgres.362822 == /home/mterry ']'
+ setpdy.sh[25][[ ! t00z =~ t??z ]]
+ setpdy.sh[30]case $# in
+ setpdy.sh[31]dates_before_PDY=7
+ setpdy.sh[32]dates_after_PDY=7
+ setpdy.sh[50]COMDATEROOT=/work2/noaa/global/mterry/RUNTESTS/COMROOT
+ setpdy.sh[53]'[' -z 20210325 ']'
+ setpdy.sh[57]sed 's/[0-9]\{8\}/20210325/' /work2/noaa/global/mterry/RUNTESTS/COMROOT/date/t00z
sed: can't read /work2/noaa/global/mterry/RUNTESTS/COMROOT/date/t00z: No such file or directory
++ jjob_header.sh[97]true
++ jjob_header.sh[98]source ./PDY
/work2/noaa/global/mterry/global-workflow_forked/ush/jjob_header.sh: line 98: ./PDY: No such file or directory
++ jjob_header.sh[98]true
++ jjob_header.sh[104]export EXPDIR=/work2/noaa/global/mterry/RUNTESTS/EXPDIR/C48mx500_hybAOWCDA
++ jjob_header.sh[104]EXPDIR=/work2/noaa/global/mterry/RUNTESTS/EXPDIR/C48mx500_hybAOWCDA
++ jjob_header.sh[105]for config in "${configs[@]:-''}"
++ jjob_header.sh[106]source /work2/noaa/global/mterry/RUNTESTS/EXPDIR/C48mx500_hybAOWCDA/config.base
+++ config.base[6]echo 'BEGIN: config.base'
BEGIN: config.base
+++ config.base[9]export machine=HERCULES
+++ config.base[9]machine=HERCULES
+++ config.base[12]export RUN_ENVIR=emc
+++ config.base[12]RUN_ENVIR=emc
+++ config.base[15]export ACCOUNT=fv3-cpu
+++ config.base[15]ACCOUNT=fv3-cpu
+++ config.base[16]export QUEUE=batch
+++ config.base[16]QUEUE=batch
+++ config.base[17]export QUEUE_SERVICE=batch
+++ config.base[17]QUEUE_SERVICE=batch
+++ config.base[18]export QUEUE_DTN=batch
+++ config.base[18]QUEUE_DTN=batch
+++ config.base[19]export PARTITION_BATCH=hercules
+++ config.base[19]PARTITION_BATCH=hercules
+++ config.base[20]export PARTITION_SERVICE=service
+++ config.base[20]PARTITION_SERVICE=service
+++ config.base[21]export PARTITION_DTN=
+++ config.base[21]PARTITION_DTN=
+++ config.base[22]export RESERVATION=
+++ config.base[22]RESERVATION=
+++ config.base[23]export CLUSTERS=
+++ config.base[23]CLUSTERS=
+++ config.base[24]export CLUSTERS_SERVICE=
+++ config.base[24]CLUSTERS_SERVICE=
+++ config.base[25]export CLUSTERS_DTN=
+++ config.base[25]CLUSTERS_DTN=
+++ config.base[28]export HPSS_PROJECT=emc-global
+++ config.base[28]HPSS_PROJECT=emc-global
+++ config.base[31]export HOMEgfs=/work2/noaa/global/mterry/global-workflow_forked
+++ config.base[31]HOMEgfs=/work2/noaa/global/mterry/global-workflow_forked
+++ config.base[32]export EXECgfs=/work2/noaa/global/mterry/global-workflow_forked/exec
+++ config.base[32]EXECgfs=/work2/noaa/global/mterry/global-workflow_forked/exec
+++ config.base[33]export FIXgfs=/work2/noaa/global/mterry/global-workflow_forked/fix
+++ config.base[33]FIXgfs=/work2/noaa/global/mterry/global-workflow_forked/fix
+++ config.base[34]export PARMgfs=/work2/noaa/global/mterry/global-workflow_forked/parm
+++ config.base[34]PARMgfs=/work2/noaa/global/mterry/global-workflow_forked/parm
+++ config.base[35]export SCRgfs=/work2/noaa/global/mterry/global-workflow_forked/scripts
+++ config.base[35]SCRgfs=/work2/noaa/global/mterry/global-workflow_forked/scripts
+++ config.base[36]export USHgfs=/work2/noaa/global/mterry/global-workflow_forked/ush
+++ config.base[36]USHgfs=/work2/noaa/global/mterry/global-workflow_forked/ush
+++ config.base[38]export FIXam=/work2/noaa/global/mterry/global-workflow_forked/fix/am
+++ config.base[38]FIXam=/work2/noaa/global/mterry/global-workflow_forked/fix/am
+++ config.base[39]export FIXaer=/work2/noaa/global/mterry/global-workflow_forked/fix/aer
+++ config.base[39]FIXaer=/work2/noaa/global/mterry/global-workflow_forked/fix/aer
+++ config.base[40]export FIXcpl=/work2/noaa/global/mterry/global-workflow_forked/fix/cpl
+++ config.base[40]FIXcpl=/work2/noaa/global/mterry/global-workflow_forked/fix/cpl
+++ config.base[41]export FIXlut=/work2/noaa/global/mterry/global-workflow_forked/fix/lut
+++ config.base[41]FIXlut=/work2/noaa/global/mterry/global-workflow_forked/fix/lut
+++ config.base[42]export FIXcice=/work2/noaa/global/mterry/global-workflow_forked/fix/cice
+++ config.base[42]FIXcice=/work2/noaa/global/mterry/global-workflow_forked/fix/cice
+++ config.base[43]export FIXmom=/work2/noaa/global/mterry/global-workflow_forked/fix/mom6
+++ config.base[43]FIXmom=/work2/noaa/global/mterry/global-workflow_forked/fix/mom6
+++ config.base[44]export FIXreg2grb2=/work2/noaa/global/mterry/global-workflow_forked/fix/reg2grb2
+++ config.base[44]FIXreg2grb2=/work2/noaa/global/mterry/global-workflow_forked/fix/reg2grb2
+++ config.base[45]export FIXgdas=/work2/noaa/global/mterry/global-workflow_forked/fix/gdas
+++ config.base[45]FIXgdas=/work2/noaa/global/mterry/global-workflow_forked/fix/gdas
+++ config.base[50]export PACKAGEROOT=/work2/noaa/global/role-global/nwpara
+++ config.base[50]PACKAGEROOT=/work2/noaa/global/role-global/nwpara
+++ config.base[51]export COMROOT=/work2/noaa/global/mterry/RUNTESTS/COMROOT
+++ config.base[51]COMROOT=/work2/noaa/global/mterry/RUNTESTS/COMROOT
+++ config.base[52]export COMINsyn=/work2/noaa/global/role-global/com/gfs/prod/syndat
+++ config.base[52]COMINsyn=/work2/noaa/global/role-global/com/gfs/prod/syndat
+++ config.base[53]export DMPDIR=/work/noaa/rstprod/dump
+++ config.base[53]DMPDIR=/work/noaa/rstprod/dump
+++ config.base[57]export COMINecmwf=/work2/noaa/global/role-global/data/external_gempak/ecmwf
+++ config.base[57]COMINecmwf=/work2/noaa/global/role-global/data/external_gempak/ecmwf
+++ config.base[58]export COMINnam=/work2/noaa/global/role-global/data/external_gempak/nam
+++ config.base[58]COMINnam=/work2/noaa/global/role-global/data/external_gempak/nam
+++ config.base[59]export COMINukmet=/work2/noaa/global/role-global/data/external_gempak/ukmet
+++ config.base[59]COMINukmet=/work2/noaa/global/role-global/data/external_gempak/ukmet
+++ config.base[62]export HOMEDIR=/work2/noaa/global/mterry
+++ config.base[62]HOMEDIR=/work2/noaa/global/mterry
+++ config.base[63]export STMP=/work2/noaa/stmp/mterry/HERCULES
+++ config.base[63]STMP=/work2/noaa/stmp/mterry/HERCULES
+++ config.base[64]export PTMP=/work2/noaa/stmp/mterry/HERCULES
+++ config.base[64]PTMP=/work2/noaa/stmp/mterry/HERCULES
+++ config.base[65]export NOSCRUB=/work2/noaa/global/mterry
+++ config.base[65]NOSCRUB=/work2/noaa/global/mterry
+++ config.base[68]export BASE_GIT=/work2/noaa/global/role-global/git
+++ config.base[68]BASE_GIT=/work2/noaa/global/role-global/git
+++ config.base[71]export BASE_DATA=/work2/noaa/global/role-global/data
+++ config.base[71]BASE_DATA=/work2/noaa/global/role-global/data
+++ config.base[74]export DO_PREP_SFC=NO
+++ config.base[74]DO_PREP_SFC=NO
+++ config.base[77]export DO_GOES=NO
+++ config.base[77]DO_GOES=NO
+++ config.base[78]export DO_BUFRSND=NO
+++ config.base[78]DO_BUFRSND=NO
+++ config.base[79]export DO_GEMPAK=NO
+++ config.base[79]DO_GEMPAK=NO
+++ config.base[80]export DO_AWIPS=NO
+++ config.base[80]DO_AWIPS=NO
+++ config.base[81]export DO_NPOESS=NO
+++ config.base[81]DO_NPOESS=NO
+++ config.base[82]export DO_TRACKER=YES
+++ config.base[82]DO_TRACKER=YES
+++ config.base[83]export DO_GENESIS=YES
+++ config.base[83]DO_GENESIS=YES
+++ config.base[84]export DO_GENESIS_FSU=NO
+++ config.base[84]DO_GENESIS_FSU=NO
+++ config.base[85]export DO_VERFOZN=YES
+++ config.base[85]DO_VERFOZN=YES
+++ config.base[86]export DO_VERFRAD=YES
+++ config.base[86]DO_VERFRAD=YES
+++ config.base[87]export DO_VMINMON=YES
+++ config.base[87]DO_VMINMON=YES
+++ config.base[88]export DO_ANLSTAT=NO
+++ config.base[88]DO_ANLSTAT=NO
+++ config.base[91]export MODE=cycled
+++ config.base[91]MODE=cycled
+++ config.base[92]export DO_TEST_MODE=NO
+++ config.base[92]DO_TEST_MODE=NO
+++ config.base[101]export FIXgsi=/work2/noaa/global/mterry/global-workflow_forked/fix/gsi
+++ config.base[101]FIXgsi=/work2/noaa/global/mterry/global-workflow_forked/fix/gsi
+++ config.base[102]export HOMEpost=/work2/noaa/global/mterry/global-workflow_forked
+++ config.base[102]HOMEpost=/work2/noaa/global/mterry/global-workflow_forked
+++ config.base[103]export HOMEobsproc=/work2/noaa/global/role-global/git/obsproc/v1.2.0
+++ config.base[103]HOMEobsproc=/work2/noaa/global/role-global/git/obsproc/v1.2.0
+++ config.base[106]export NMV=/bin/mv
+++ config.base[106]NMV=/bin/mv
+++ config.base[107]export 'NLN=/bin/ln -sf'
+++ config.base[107]NLN='/bin/ln -sf'
+++ config.base[108]export VERBOSE=YES
+++ config.base[108]VERBOSE=YES
+++ config.base[109]export KEEPDATA=NO
+++ config.base[109]KEEPDATA=NO
+++ config.base[110]export DEBUG_POSTSCRIPT=NO
+++ config.base[110]DEBUG_POSTSCRIPT=NO
+++ config.base[111]export CHGRP_RSTPROD=YES
+++ config.base[111]CHGRP_RSTPROD=YES
+++ config.base[112]export 'CHGRP_CMD=chgrp rstprod'
+++ config.base[112]CHGRP_CMD='chgrp rstprod'
+++ config.base[113]export NCDUMP=/work/noaa/epic/role-epic/spack-stack/hercules/spack-stack-1.6.0/envs/unified-env/install/intel/2021.9.0/netcdf-c-4.9.2-tslbcfy/bin/ncdump
+++ config.base[113]NCDUMP=/work/noaa/epic/role-epic/spack-stack/hercules/spack-stack-1.6.0/envs/unified-env/install/intel/2021.9.0/netcdf-c-4.9.2-tslbcfy/bin/ncdump
+++ config.base[114]export NCLEN=/work2/noaa/global/mterry/global-workflow_forked/ush/getncdimlen
+++ config.base[114]NCLEN=/work2/noaa/global/mterry/global-workflow_forked/ush/getncdimlen
+++ config.base[117]export BASE_ENV=/work2/noaa/global/mterry/global-workflow_forked/env
+++ config.base[117]BASE_ENV=/work2/noaa/global/mterry/global-workflow_forked/env
+++ config.base[120]export SDATE=2021032418
+++ config.base[120]SDATE=2021032418
+++ config.base[121]export EDATE=2021032500
+++ config.base[121]EDATE=2021032500
+++ config.base[122]export EXP_WARM_START=.true.
+++ config.base[122]EXP_WARM_START=.true.
+++ config.base[123]export assim_freq=6
+++ config.base[123]assim_freq=6
+++ config.base[124]export PSLOT=C48mx500_hybAOWCDA
+++ config.base[124]PSLOT=C48mx500_hybAOWCDA
+++ config.base[125]export EXPDIR=/work2/noaa/global/mterry/RUNTESTS/EXPDIR/C48mx500_hybAOWCDA
+++ config.base[125]EXPDIR=/work2/noaa/global/mterry/RUNTESTS/EXPDIR/C48mx500_hybAOWCDA
+++ config.base[126]export ROTDIR=/work2/noaa/global/mterry/RUNTESTS/COMROOT/C48mx500_hybAOWCDA
+++ config.base[126]ROTDIR=/work2/noaa/global/mterry/RUNTESTS/COMROOT/C48mx500_hybAOWCDA
+++ config.base[127]export DUMP_SUFFIX=
+++ config.base[127]DUMP_SUFFIX=
+++ config.base[128][[ 2021032500 -ge 2019092100 ]]
+++ config.base[128][[ 2021032500 -le 2019110700 ]]
+++ config.base[131]export ARCDIR=/work2/noaa/global/mterry/archive/C48mx500_hybAOWCDA
+++ config.base[131]ARCDIR=/work2/noaa/global/mterry/archive/C48mx500_hybAOWCDA
+++ config.base[132]export ATARDIR=/NCEPDEV/emc-global/1year/mterry/HERCULES/scratch/C48mx500_hybAOWCDA
+++ config.base[132]ATARDIR=/NCEPDEV/emc-global/1year/mterry/HERCULES/scratch/C48mx500_hybAOWCDA
+++ config.base[133]export 'FETCHDIR={{ FETCHDIR }}'
+++ config.base[133]FETCHDIR='{{ FETCHDIR }}'
+++ config.base[136]export envir=prod
+++ config.base[136]envir=prod
+++ config.base[137]export NET=gfs
+++ config.base[137]NET=gfs
+++ config.base[138]export RUN=enkfgdas
+++ config.base[138]RUN=enkfgdas
+++ config.base[141]source /work2/noaa/global/mterry/RUNTESTS/EXPDIR/C48mx500_hybAOWCDA/config.com
++++ config.com[4]echo 'BEGIN: config.com'
BEGIN: config.com
++++ config.com[38][[ emc == \n\c\o ]]
++++ config.com[43]COM_OBSPROC_TMPL='${DMPDIR}/${RUN}${DUMP_SUFFIX}.${YMD}/${HH}/atmos'
++++ config.com[44]COM_RTOFS_TMPL='${DMPDIR}'
++++ config.com[45]COM_TCVITAL_TMPL='${DMPDIR}/${RUN}.${YMD}/${HH}/atmos'
++++ config.com[47]declare -rx 'COM_OBS_TMPL=${ROTDIR}/${RUN}.${YMD}/${HH}/obs'
++++ config.com[48]declare -rx COM_OBSPROC_TMPL COM_RTOFS_TMPL
++++ config.com[50]COM_BASE='${ROTDIR}/${RUN}.${YMD}/${HH}/${MEMDIR}'
++++ config.com[52]declare -rx 'COM_TOP_TMPL=${ROTDIR}/${RUN}.${YMD}/${HH}'
++++ config.com[54]declare -rx 'COM_CONF_TMPL=${ROTDIR}/${RUN}.${YMD}/${HH}/${MEMDIR}/conf'
++++ config.com[55]declare -rx 'COM_OBS_JEDI=${ROTDIR}/${RUN}.${YMD}/${HH}/${MEMDIR}/obs_jedi'
++++ config.com[57]declare -rx 'COM_ATMOS_INPUT_TMPL=${ROTDIR}/${RUN}.${YMD}/${HH}/${MEMDIR}/model/atmos/input'
++++ config.com[58]declare -rx 'COM_ATMOS_RESTART_TMPL=${ROTDIR}/${RUN}.${YMD}/${HH}/${MEMDIR}/model/atmos/restart'
++++ config.com[59]declare -rx 'COM_ATMOS_ANALYSIS_TMPL=${ROTDIR}/${RUN}.${YMD}/${HH}/${MEMDIR}/analysis/atmos'
++++ config.com[60]declare -rx 'COM_SNOW_ANALYSIS_TMPL=${ROTDIR}/${RUN}.${YMD}/${HH}/${MEMDIR}/analysis/snow'
++++ config.com[61]declare -rx 'COM_SNOW_ANLMON_TMPL=${ROTDIR}/${RUN}.${YMD}/${HH}/${MEMDIR}/products/snow/anlmon'
++++ config.com[62]declare -rx 'COM_ATMOS_HISTORY_TMPL=${ROTDIR}/${RUN}.${YMD}/${HH}/${MEMDIR}/model/atmos/history'
++++ config.com[63]declare -rx 'COM_ATMOS_MASTER_TMPL=${ROTDIR}/${RUN}.${YMD}/${HH}/${MEMDIR}/model/atmos/master'
++++ config.com[64]declare -rx 'COM_ATMOS_GRIB_TMPL=${ROTDIR}/${RUN}.${YMD}/${HH}/${MEMDIR}/products/atmos/grib2'
++++ config.com[65]declare -rx 'COM_ATMOS_GRIB_GRID_TMPL=${ROTDIR}/${RUN}.${YMD}/${HH}/${MEMDIR}/products/atmos/grib2/${GRID}'
++++ config.com[66]declare -rx 'COM_ATMOS_BUFR_TMPL=${ROTDIR}/${RUN}.${YMD}/${HH}/${MEMDIR}/products/atmos/bufr'
++++ config.com[67]declare -rx 'COM_ATMOS_GEMPAK_TMPL=${ROTDIR}/${RUN}.${YMD}/${HH}/${MEMDIR}/products/atmos/gempak/${GRID}'
++++ config.com[68]declare -rx 'COM_ATMOS_GENESIS_TMPL=${ROTDIR}/${RUN}.${YMD}/${HH}/${MEMDIR}/products/atmos/cyclone/genesis_vital'
++++ config.com[69]declare -rx 'COM_ATMOS_TRACK_TMPL=${ROTDIR}/${RUN}.${YMD}/${HH}/${MEMDIR}/products/atmos/cyclone/tracks'
++++ config.com[70]declare -rx 'COM_ATMOS_GOES_TMPL=${ROTDIR}/${RUN}.${YMD}/${HH}/${MEMDIR}/products/atmos/goes_sim'
++++ config.com[71]declare -rx 'COM_ATMOS_IMAGERY_TMPL=${ROTDIR}/${RUN}.${YMD}/${HH}/${MEMDIR}/products/atmos/imagery'
++++ config.com[72]declare -rx 'COM_ATMOS_OZNMON_TMPL=${ROTDIR}/${RUN}.${YMD}/${HH}/${MEMDIR}/products/atmos/oznmon'
++++ config.com[73]declare -rx 'COM_ATMOS_RADMON_TMPL=${ROTDIR}/${RUN}.${YMD}/${HH}/${MEMDIR}/products/atmos/radmon'
++++ config.com[74]declare -rx 'COM_ATMOS_MINMON_TMPL=${ROTDIR}/${RUN}.${YMD}/${HH}/${MEMDIR}/products/atmos/minmon'
++++ config.com[75]declare -rx 'COM_ATMOS_ANLMON_TMPL=${ROTDIR}/${RUN}.${YMD}/${HH}/${MEMDIR}/products/atmos/anlmon'
++++ config.com[76]declare -rx 'COM_ATMOS_WMO_TMPL=${ROTDIR}/${RUN}.${YMD}/${HH}/${MEMDIR}/products/atmos/wmo'
++++ config.com[78]declare -rx 'COM_WAVE_RESTART_TMPL=${ROTDIR}/${RUN}.${YMD}/${HH}/${MEMDIR}/model/wave/restart'
++++ config.com[79]declare -rx 'COM_WAVE_PREP_TMPL=${ROTDIR}/${RUN}.${YMD}/${HH}/${MEMDIR}/model/wave/prep'
++++ config.com[80]declare -rx 'COM_WAVE_HISTORY_TMPL=${ROTDIR}/${RUN}.${YMD}/${HH}/${MEMDIR}/model/wave/history'
++++ config.com[81]declare -rx 'COM_WAVE_GRID_TMPL=${ROTDIR}/${RUN}.${YMD}/${HH}/${MEMDIR}/products/wave/gridded'
++++ config.com[82]declare -rx 'COM_WAVE_GRID_RES_TMPL=${ROTDIR}/${RUN}.${YMD}/${HH}/${MEMDIR}/products/wave/gridded/${GRDRESNAME}'
++++ config.com[83]declare -rx 'COM_WAVE_STATION_TMPL=${ROTDIR}/${RUN}.${YMD}/${HH}/${MEMDIR}/products/wave/station'
++++ config.com[84]declare -rx 'COM_WAVE_GEMPAK_TMPL=${ROTDIR}/${RUN}.${YMD}/${HH}/${MEMDIR}/products/wave/gempak'
++++ config.com[85]declare -rx 'COM_WAVE_WMO_TMPL=${ROTDIR}/${RUN}.${YMD}/${HH}/${MEMDIR}/products/wave/wmo'
++++ config.com[87]declare -rx 'COM_OCEAN_HISTORY_TMPL=${ROTDIR}/${RUN}.${YMD}/${HH}/${MEMDIR}/model/ocean/history'
++++ config.com[88]declare -rx 'COM_OCEAN_RESTART_TMPL=${ROTDIR}/${RUN}.${YMD}/${HH}/${MEMDIR}/model/ocean/restart'
++++ config.com[89]declare -rx 'COM_OCEAN_INPUT_TMPL=${ROTDIR}/${RUN}.${YMD}/${HH}/${MEMDIR}/model/ocean/input'
++++ config.com[90]declare -rx 'COM_OCEAN_ANALYSIS_TMPL=${ROTDIR}/${RUN}.${YMD}/${HH}/${MEMDIR}/analysis/ocean'
++++ config.com[91]declare -rx 'COM_OCEAN_ANLMON_TMPL=${ROTDIR}/${RUN}.${YMD}/${HH}/${MEMDIR}/products/ocean/anlmon'
++++ config.com[92]declare -rx 'COM_OCEAN_LETKF_TMPL=${ROTDIR}/${RUN}.${YMD}/${HH}/${MEMDIR}/analysis/ocean/letkf'
++++ config.com[93]declare -rx 'COM_OCEAN_BMATRIX_TMPL=${ROTDIR}/${RUN}.${YMD}/${HH}/${MEMDIR}/bmatrix/ocean'
++++ config.com[94]declare -rx 'COM_OCEAN_NETCDF_TMPL=${ROTDIR}/${RUN}.${YMD}/${HH}/${MEMDIR}/products/ocean/netcdf'
++++ config.com[95]declare -rx 'COM_OCEAN_GRIB_TMPL=${ROTDIR}/${RUN}.${YMD}/${HH}/${MEMDIR}/products/ocean/grib2'
++++ config.com[96]declare -rx 'COM_OCEAN_GRIB_GRID_TMPL=${ROTDIR}/${RUN}.${YMD}/${HH}/${MEMDIR}/products/ocean/grib2/${GRID}'
++++ config.com[98]declare -rx 'COM_ICE_ANALYSIS_TMPL=${ROTDIR}/${RUN}.${YMD}/${HH}/${MEMDIR}/analysis/ice'
++++ config.com[99]declare -rx 'COM_ICE_LETKF_TMPL=${ROTDIR}/${RUN}.${YMD}/${HH}/${MEMDIR}/analysis/ice/letkf'
++++ config.com[100]declare -rx 'COM_ICE_ANLMON_TMPL=${ROTDIR}/${RUN}.${YMD}/${HH}/${MEMDIR}/products/ice/anlmon'
++++ config.com[101]declare -rx 'COM_ICE_BMATRIX_TMPL=${ROTDIR}/${RUN}.${YMD}/${HH}/${MEMDIR}/bmatrix/ice'
++++ config.com[102]declare -rx 'COM_ICE_INPUT_TMPL=${ROTDIR}/${RUN}.${YMD}/${HH}/${MEMDIR}/model/ice/input'
++++ config.com[103]declare -rx 'COM_ICE_HISTORY_TMPL=${ROTDIR}/${RUN}.${YMD}/${HH}/${MEMDIR}/model/ice/history'
++++ config.com[104]declare -rx 'COM_ICE_RESTART_TMPL=${ROTDIR}/${RUN}.${YMD}/${HH}/${MEMDIR}/model/ice/restart'
++++ config.com[105]declare -rx 'COM_ICE_NETCDF_TMPL=${ROTDIR}/${RUN}.${YMD}/${HH}/${MEMDIR}/products/ice/netcdf'
++++ config.com[106]declare -rx 'COM_ICE_GRIB_TMPL=${ROTDIR}/${RUN}.${YMD}/${HH}/${MEMDIR}/products/ice/grib2'
++++ config.com[107]declare -rx 'COM_ICE_GRIB_GRID_TMPL=${ROTDIR}/${RUN}.${YMD}/${HH}/${MEMDIR}/products/ice/grib2/${GRID}'
++++ config.com[109]declare -rx 'COM_CHEM_HISTORY_TMPL=${ROTDIR}/${RUN}.${YMD}/${HH}/${MEMDIR}/model/chem/history'
++++ config.com[110]declare -rx 'COM_CHEM_ANALYSIS_TMPL=${ROTDIR}/${RUN}.${YMD}/${HH}/${MEMDIR}/analysis/chem'
++++ config.com[111]declare -rx 'COM_CHEM_BMAT_TMPL=${ROTDIR}/${RUN}.${YMD}/${HH}/${MEMDIR}/analysis/chem/bmatrix'
++++ config.com[112]declare -rx 'COM_CHEM_ANLMON_TMPL=${ROTDIR}/${RUN}.${YMD}/${HH}/${MEMDIR}/products/chem/anlmon'
++++ config.com[114]declare -rx 'COM_MED_RESTART_TMPL=${ROTDIR}/${RUN}.${YMD}/${HH}/${MEMDIR}/model/med/restart'
+++ config.base[143]export LOGSCRIPT=
+++ config.base[143]LOGSCRIPT=
+++ config.base[145]export 'REDOUT=1>'
+++ config.base[145]REDOUT='1>'
+++ config.base[146]export 'REDERR=2>'
+++ config.base[146]REDERR='2>'
+++ config.base[148]export SENDECF=NO
+++ config.base[148]SENDECF=NO
+++ config.base[149]export SENDSDM=NO
+++ config.base[149]SENDSDM=NO
+++ config.base[150]export SENDDBN_NTC=NO
+++ config.base[150]SENDDBN_NTC=NO
+++ config.base[151]export SENDDBN=NO
+++ config.base[151]SENDDBN=NO
+++ config.base[152]export DBNROOT=/work/noaa/epic/role-epic/spack-stack/hercules/spack-stack-1.6.0/envs/unified-env/install/intel/2021.9.0/prod-util-2.1.1-ddlo2cq/fakedbn
+++ config.base[152]DBNROOT=/work/noaa/epic/role-epic/spack-stack/hercules/spack-stack-1.6.0/envs/unified-env/install/intel/2021.9.0/prod-util-2.1.1-ddlo2cq/fakedbn
+++ config.base[153]export SENDAWIP=NO
+++ config.base[153]SENDAWIP=NO
+++ config.base[156]export APP=S2S
+++ config.base[156]APP=S2S
+++ config.base[158]shopt -s extglob
+++ config.base[161]case "${RUN}" in
+++ config.base[163]APP=S2S
+++ config.base[168]shopt -u extglob
+++ config.base[171]export DO_ATM=YES
+++ config.base[171]DO_ATM=YES
+++ config.base[172]export DO_COUPLED=NO
+++ config.base[172]DO_COUPLED=NO
+++ config.base[173]export DO_WAVE=NO
+++ config.base[173]DO_WAVE=NO
+++ config.base[174]export DO_OCN=NO
+++ config.base[174]DO_OCN=NO
+++ config.base[175]export DO_ICE=NO
+++ config.base[175]DO_ICE=NO
+++ config.base[176]DO_AERO=NO
+++ config.base[177]export DO_PREP_OBS_AERO=NO
+++ config.base[177]DO_PREP_OBS_AERO=NO
+++ config.base[178]aero_fcst_runs=gdas
+++ config.base[179]aero_anl_runs='gdas gfs'
+++ config.base[180]export DO_AERO_FCST=NO
+++ config.base[180]DO_AERO_FCST=NO
+++ config.base[181]export DO_AERO_ANL=NO
+++ config.base[181]DO_AERO_ANL=NO
+++ config.base[182]export DOBNDPNT_WAVE=YES
+++ config.base[182]DOBNDPNT_WAVE=YES
+++ config.base[183]export DOIBP_WAV=NO
+++ config.base[183]DOIBP_WAV=NO
+++ config.base[184]export FRAC_GRID=.true.
+++ config.base[184]FRAC_GRID=.true.
+++ config.base[185]export DO_NEST=NO
+++ config.base[185]DO_NEST=NO
+++ config.base[186][[ NO == \Y\E\S ]]
+++ config.base[192]export ntiles=6
+++ config.base[192]ntiles=6
+++ config.base[193]export FIXugwd=/work2/noaa/global/mterry/global-workflow_forked/fix/ugwd
+++ config.base[193]FIXugwd=/work2/noaa/global/mterry/global-workflow_forked/fix/ugwd
+++ config.base[194]export FIXorog=/work2/noaa/global/mterry/global-workflow_forked/fix/orog
+++ config.base[194]FIXorog=/work2/noaa/global/mterry/global-workflow_forked/fix/orog
+++ config.base[198]export OPS_RES=C768
+++ config.base[198]OPS_RES=C768
+++ config.base[201]export LEVS=128
+++ config.base[201]LEVS=128
+++ config.base[202]export CASE=C48
+++ config.base[202]CASE=C48
+++ config.base[203]export CASE_ENS=C48
+++ config.base[203]CASE_ENS=C48
+++ config.base[204]export OCNRES=500
+++ config.base[204]OCNRES=500
+++ config.base[205]export ICERES=500
+++ config.base[205]ICERES=500
+++ config.base[208]case "${CASE}" in
+++ config.base[210]export waveGRD=uglo_100km
+++ config.base[210]waveGRD=uglo_100km
+++ config.base[227]case "${APP}" in
+++ config.base[243]export DO_COUPLED=YES
+++ config.base[243]DO_COUPLED=YES
+++ config.base[244]export DO_OCN=YES
+++ config.base[244]DO_OCN=YES
+++ config.base[245]export DO_ICE=YES
+++ config.base[245]DO_ICE=YES
+++ config.base[247][[ S2S =~ A$ ]]
+++ config.base[251][[ S2S =~ ^S2SW ]]
+++ config.base[262][[ NO == \Y\E\S ]]
+++ config.base[272][[ enkfgdas =~ gdas ]]
+++ config.base[273]export FHCYC=1
+++ config.base[273]FHCYC=1
+++ config.base[274]export FTSFS=10
+++ config.base[274]FTSFS=10
+++ config.base[280]export FHMIN=0
+++ config.base[280]FHMIN=0
+++ config.base[281]export FHMAX=9
+++ config.base[281]FHMAX=9
+++ config.base[282]export FHOUT=3
+++ config.base[282]FHOUT=3
+++ config.base[283]export FHOUT_OCN=3
+++ config.base[283]FHOUT_OCN=3
+++ config.base[284]export FHOUT_ICE=3
+++ config.base[284]FHOUT_ICE=3
+++ config.base[285]export FHOUT_AERO=3
+++ config.base[285]FHOUT_AERO=3
+++ config.base[288]export EUPD_CYC=gdas
+++ config.base[288]EUPD_CYC=gdas
+++ config.base[291]export INTERVAL_GFS=0
+++ config.base[291]INTERVAL_GFS=0
+++ config.base[292]export SDATE_GFS=2021032500
+++ config.base[292]SDATE_GFS=2021032500
+++ config.base[295]export FHMIN_GFS=0
+++ config.base[295]FHMIN_GFS=0
+++ config.base[296]export FHMAX_GFS=120
+++ config.base[296]FHMAX_GFS=120
+++ config.base[298]breakpnts=
+++ config.base[299]export FCST_SEGMENTS=0,120
+++ config.base[299]FCST_SEGMENTS=0,120
+++ config.base[300]export FHOUT_GFS=3
+++ config.base[300]FHOUT_GFS=3
+++ config.base[301]export FHMAX_HF_GFS=48
+++ config.base[301]FHMAX_HF_GFS=48
+++ config.base[302]export FHMAX_HF_GFS=48
+++ config.base[302]FHMAX_HF_GFS=48
+++ config.base[303]export FHOUT_HF_GFS=1
+++ config.base[303]FHOUT_HF_GFS=1
+++ config.base[306]export FHMIN_WAV=0
+++ config.base[306]FHMIN_WAV=0
+++ config.base[307]export FHOUT_WAV=1
+++ config.base[307]FHOUT_WAV=1
+++ config.base[308]export FHMAX_WAV=9
+++ config.base[308]FHMAX_WAV=9
+++ config.base[309]export FHMAX_WAV=9
+++ config.base[309]FHMAX_WAV=9
+++ config.base[310]export FHOUT_WAV_GFS=3
+++ config.base[310]FHOUT_WAV_GFS=3
+++ config.base[311]export FHMAX_WAV_GFS=120
+++ config.base[311]FHMAX_WAV_GFS=120
+++ config.base[312]export FHOUT_HF_WAV=1
+++ config.base[312]FHOUT_HF_WAV=1
+++ config.base[313]export FHMAX_HF_WAV=48
+++ config.base[313]FHMAX_HF_WAV=48
+++ config.base[314]export FHMAX_HF_WAV=48
+++ config.base[314]FHMAX_HF_WAV=48
+++ config.base[317]export FHOUT_OCN_GFS=6
+++ config.base[317]FHOUT_OCN_GFS=6
+++ config.base[318]export FHOUT_ICE_GFS=6
+++ config.base[318]FHOUT_ICE_GFS=6
+++ config.base[321]export ILPOST=1
+++ config.base[321]ILPOST=1
+++ config.base[322]((  FHMAX_HF_GFS < 120  ))
+++ config.base[323]export ILPOST=3
+++ config.base[323]ILPOST=3
+++ config.base[327]export FHMAX_GOES=180
+++ config.base[327]FHMAX_GOES=180
+++ config.base[328]export FHOUT_GOES=3
+++ config.base[328]FHOUT_GOES=3
+++ config.base[329]((  FHMAX_GOES > FHMAX_GFS  ))
+++ config.base[330]export FHMAX_GOES=120
+++ config.base[330]FHMAX_GOES=120
+++ config.base[334]export restart_interval_gfs=12
+++ config.base[334]restart_interval_gfs=12
+++ config.base[339]export QUILTING=.true.
+++ config.base[339]QUILTING=.true.
+++ config.base[340]export OUTPUT_GRID=gaussian_grid
+++ config.base[340]OUTPUT_GRID=gaussian_grid
+++ config.base[341]export WRITE_DOPOST=.true.
+++ config.base[341]WRITE_DOPOST=.true.
+++ config.base[342]export WRITE_NSFLIP=.true.
+++ config.base[342]WRITE_NSFLIP=.true.
+++ config.base[345]export DOIAU=YES
+++ config.base[345]DOIAU=YES
+++ config.base[346]export IAUFHRS=3,6,9
+++ config.base[346]IAUFHRS=3,6,9
+++ config.base[347]export IAU_FHROT=3
+++ config.base[347]IAU_FHROT=3
+++ config.base[348]export IAU_DELTHRS=6
+++ config.base[348]IAU_DELTHRS=6
+++ config.base[349]export IAU_OFFSET=6
+++ config.base[349]IAU_OFFSET=6
+++ config.base[350]export DOIAU_ENKF=YES
+++ config.base[350]DOIAU_ENKF=YES
+++ config.base[351]export IAUFHRS_ENKF=3,6,9
+++ config.base[351]IAUFHRS_ENKF=3,6,9
+++ config.base[352]export IAU_DELTHRS_ENKF=6
+++ config.base[352]IAU_DELTHRS_ENKF=6
+++ config.base[355]export lobsdiag_forenkf=.true.
+++ config.base[355]lobsdiag_forenkf=.true.
+++ config.base[363]export imp_physics=8
+++ config.base[363]imp_physics=8
+++ config.base[367]export DO_JEDIATMVAR=NO
+++ config.base[367]DO_JEDIATMVAR=NO
+++ config.base[368]export DO_JEDIATMENS=NO
+++ config.base[368]DO_JEDIATMENS=NO
+++ config.base[369]export DO_JEDIOCNVAR=YES
+++ config.base[369]DO_JEDIOCNVAR=YES
+++ config.base[370]export DO_JEDISNOWDA=NO
+++ config.base[370]DO_JEDISNOWDA=NO
+++ config.base[371]export DO_MERGENSST=NO
+++ config.base[371]DO_MERGENSST=NO
+++ config.base[372]export DO_STARTMEM_FROM_JEDIICE=NO
+++ config.base[372]DO_STARTMEM_FROM_JEDIICE=NO
+++ config.base[375]export DOHYBVAR=YES
+++ config.base[375]DOHYBVAR=YES
+++ config.base[376]export DOHYBVAR_OCN=YES
+++ config.base[376]DOHYBVAR_OCN=YES
+++ config.base[377]export DOLETKF_OCN=YES
+++ config.base[377]DOLETKF_OCN=YES
+++ config.base[378]export NMEM_ENS=2
+++ config.base[378]NMEM_ENS=2
+++ config.base[379]export SMOOTH_ENKF=NO
+++ config.base[379]SMOOTH_ENKF=NO
+++ config.base[380]export l4densvar=.true.
+++ config.base[380]l4densvar=.true.
+++ config.base[381]export lwrite4danl=.true.
+++ config.base[381]lwrite4danl=.true.
+++ config.base[382]export DO_CALC_INCREMENT=NO
+++ config.base[382]DO_CALC_INCREMENT=NO
+++ config.base[385]export NMEM_ENS_GFS=30
+++ config.base[385]NMEM_ENS_GFS=30
+++ config.base[386]export NMEM_ENS_GFS_OFFSET=20
+++ config.base[386]NMEM_ENS_GFS_OFFSET=20
+++ config.base[387]export DO_CALC_INCREMENT_ENKF_GFS=NO
+++ config.base[387]DO_CALC_INCREMENT_ENKF_GFS=NO
+++ config.base[390][[ YES = \Y\E\S ]]
+++ config.base[391]export FHMIN_ENKF=3
+++ config.base[391]FHMIN_ENKF=3
+++ config.base[392]export FHMAX_ENKF=9
+++ config.base[392]FHMAX_ENKF=9
+++ config.base[393]export FHMAX_ENKF_GFS=12
+++ config.base[393]FHMAX_ENKF_GFS=12
+++ config.base[394]export FHOUT_ENKF_GFS=3
+++ config.base[394]FHOUT_ENKF_GFS=3
+++ config.base[395][[ .true. = \.\t\r\u\e\. ]]
+++ config.base[396]export FHOUT=1
+++ config.base[396]FHOUT=1
+++ config.base[397]export FHOUT_ENKF=1
+++ config.base[397]FHOUT_ENKF=1
+++ config.base[404][[ YES == \N\O ]]
+++ config.base[412]export ENKF_SPREAD=YES
+++ config.base[412]ENKF_SPREAD=YES
+++ config.base[415]export DO_GSISOILDA=NO
+++ config.base[415]DO_GSISOILDA=NO
+++ config.base[416]export DO_LAND_IAU=.false.
+++ config.base[416]DO_LAND_IAU=.false.
+++ config.base[417]export LSOIL_INCR=2
+++ config.base[417]LSOIL_INCR=2
+++ config.base[420][[ cycled = \c\y\c\l\e\d ]]
+++ config.base[420][[ 2021032418 = \2\0\2\1\0\3\2\5\0\0 ]]
+++ config.base[420][[ YES = \N\O ]]
+++ config.base[420][[ cycled = \f\o\r\e\c\a\s\t\-\o\n\l\y ]]
+++ config.base[427][[ YES = \N\O ]]
+++ config.base[431][[ YES == \Y\E\S ]]
+++ config.base[432]export restart_interval_enkfgdas=3
+++ config.base[432]restart_interval_enkfgdas=3
+++ config.base[437]export restart_interval_enkfgfs=3
+++ config.base[437]restart_interval_enkfgfs=3
+++ config.base[439][[ YES == \Y\E\S ]]
+++ config.base[440]export restart_interval_gdas=3
+++ config.base[440]restart_interval_gdas=3
+++ config.base[446]export DONST=YES
+++ config.base[446]DONST=YES
+++ config.base[447][[ YES = \Y\E\S ]]
+++ config.base[447]export 'FNTSFA=        '
+++ config.base[447]FNTSFA='        '
+++ config.base[450]export nst_anl=.true.
+++ config.base[450]nst_anl=.true.
+++ config.base[453]export MAKE_NSSTBUFR=NO
+++ config.base[453]MAKE_NSSTBUFR=NO
+++ config.base[456]export MAKE_ACFTBUFR=NO
+++ config.base[456]MAKE_ACFTBUFR=NO
+++ config.base[459]export 'INCREMENTS_TO_ZERO='\''liq_wat_inc'\'','\''icmr_inc'\'','\''rwmr_inc'\'','\''snmr_inc'\'','\''grle_inc'\'''
+++ config.base[459]INCREMENTS_TO_ZERO=''\''liq_wat_inc'\'','\''icmr_inc'\'','\''rwmr_inc'\'','\''snmr_inc'\'','\''grle_inc'\'''
+++ config.base[462]export 'INCVARS_ZERO_STRAT='\''sphum_inc'\'','\''liq_wat_inc'\'','\''icmr_inc'\'','\''rwmr_inc'\'','\''snmr_inc'\'','\''grle_inc'\'''
+++ config.base[462]INCVARS_ZERO_STRAT=''\''sphum_inc'\'','\''liq_wat_inc'\'','\''icmr_inc'\'','\''rwmr_inc'\'','\''snmr_inc'\'','\''grle_inc'\'''
+++ config.base[463]export INCVARS_EFOLD=5
+++ config.base[463]INCVARS_EFOLD=5
+++ config.base[468]export netcdf_diag=.true.
+++ config.base[468]netcdf_diag=.true.
+++ config.base[469]export binary_diag=.false.
+++ config.base[469]binary_diag=.false.
+++ config.base[472]export DO_CA=YES
+++ config.base[472]DO_CA=YES
+++ config.base[475]export DO_METP=YES
+++ config.base[475]DO_METP=YES
+++ config.base[476]export DO_FIT2OBS=YES
+++ config.base[476]DO_FIT2OBS=YES
+++ config.base[479]export FHMAX_FITS=132
+++ config.base[479]FHMAX_FITS=132
+++ config.base[480][[ 132 -gt 120 ]]
+++ config.base[481]export FHMAX_FITS=120
+++ config.base[481]FHMAX_FITS=120
+++ config.base[486]export DO_FETCH_HPSS=NO
+++ config.base[486]DO_FETCH_HPSS=NO
+++ config.base[487]export DO_FETCH_LOCAL=NO
+++ config.base[487]DO_FETCH_LOCAL=NO
+++ config.base[490]export DO_ARCHCOM=NO
+++ config.base[490]DO_ARCHCOM=NO
+++ config.base[491]export ARCHCOM_TO=globus_hpss
+++ config.base[491]ARCHCOM_TO=globus_hpss
+++ config.base[494]export CLIENT_GLOBUS_UUID=869912fe-f6de-46c0-af10-b22efd84a022
+++ config.base[494]CLIENT_GLOBUS_UUID=869912fe-f6de-46c0-af10-b22efd84a022
+++ config.base[497][[ NO = \Y\E\S ]]
+++ config.base[504][[ NO = \Y\E\S ]]
+++ config.base[504][[ YES = \Y\E\S ]]
+++ config.base[505]export DO_ANLSTAT=YES
+++ config.base[505]DO_ANLSTAT=YES
+++ config.base[510]export REPLAY_ICS=NO
+++ config.base[510]REPLAY_ICS=NO
+++ config.base[511]export OFFSET_START_HOUR=0
+++ config.base[511]OFFSET_START_HOUR=0
+++ config.base[514]export NUM_SND_COLLECTIVES=9
+++ config.base[514]NUM_SND_COLLECTIVES=9
+++ config.base[516]echo 'END: config.base'
END: config.base
++ jjob_header.sh[106]true
++ jjob_header.sh[107]export err=0
++ jjob_header.sh[107]err=0
++ jjob_header.sh[108][[ 0 -ne 0 ]]
++ jjob_header.sh[105]for config in "${configs[@]:-''}"
++ jjob_header.sh[106]source /work2/noaa/global/mterry/RUNTESTS/EXPDIR/C48mx500_hybAOWCDA/config.anal
+++ config.anal[6]echo 'BEGIN: config.anal'
BEGIN: config.anal
+++ config.anal[9]source /work2/noaa/global/mterry/RUNTESTS/EXPDIR/C48mx500_hybAOWCDA/config.resources anal
++++ config.resources[10]((  1 != 1  ))
++++ config.resources[34]step=anal
++++ config.resources[36]echo 'BEGIN: config.resources'
BEGIN: config.resources
++++ config.resources[38]case ${machine} in
++++ config.resources[61]max_tasks_per_node=80
++++ config.resources[62]mem_node_max=500GB
++++ config.resources[96]export max_tasks_per_node
++++ config.resources[98]case ${step} in
++++ config.resources[678][[ enkfgdas = *gdas ]]
++++ config.resources[679]walltime=01:20:00
++++ config.resources[680]case ${CASE} in
++++ config.resources[691]ntasks=84
++++ config.resources[692]threads_per_task=5
++++ config.resources[719]tasks_per_node=16
++++ config.resources[720]export threads_per_task_cycle=5
++++ config.resources[720]threads_per_task_cycle=5
++++ config.resources[721]export tasks_per_node_cycle=16
++++ config.resources[721]tasks_per_node_cycle=16
++++ config.resources[722]export is_exclusive=True
++++ config.resources[722]is_exclusive=True
++++ config.resources[1398][[ -f /work2/noaa/global/mterry/RUNTESTS/EXPDIR/C48mx500_hybAOWCDA/config.resources.HERCULES ]]
++++ config.resources[1399]source /work2/noaa/global/mterry/RUNTESTS/EXPDIR/C48mx500_hybAOWCDA/config.resources.HERCULES
+++++ config.resources.HERCULES[6]case ${step} in
++++ config.resources[1403]for resource_var in threads_per_task ntasks tasks_per_node NTASKS memory walltime
++++ config.resources[1404]run_resource_var=threads_per_task_enkfgdas
++++ config.resources[1405][[ -n '' ]]
++++ config.resources[1407][[ -n 0 ]]
++++ config.resources[1408]export threads_per_task
++++ config.resources[1403]for resource_var in threads_per_task ntasks tasks_per_node NTASKS memory walltime
++++ config.resources[1404]run_resource_var=ntasks_enkfgdas
++++ config.resources[1405][[ -n '' ]]
++++ config.resources[1407][[ -n 0 ]]
++++ config.resources[1408]export ntasks
++++ config.resources[1403]for resource_var in threads_per_task ntasks tasks_per_node NTASKS memory walltime
++++ config.resources[1404]run_resource_var=tasks_per_node_enkfgdas
++++ config.resources[1405][[ -n '' ]]
++++ config.resources[1407][[ -n 0 ]]
++++ config.resources[1408]export tasks_per_node
++++ config.resources[1403]for resource_var in threads_per_task ntasks tasks_per_node NTASKS memory walltime
++++ config.resources[1404]run_resource_var=NTASKS_enkfgdas
++++ config.resources[1405][[ -n '' ]]
++++ config.resources[1407][[ -n '' ]]
++++ config.resources[1403]for resource_var in threads_per_task ntasks tasks_per_node NTASKS memory walltime
++++ config.resources[1404]run_resource_var=memory_enkfgdas
++++ config.resources[1405][[ -n '' ]]
++++ config.resources[1407][[ -n '' ]]
++++ config.resources[1403]for resource_var in threads_per_task ntasks tasks_per_node NTASKS memory walltime
++++ config.resources[1404]run_resource_var=walltime_enkfgdas
++++ config.resources[1405][[ -n '' ]]
++++ config.resources[1407][[ -n 0 ]]
++++ config.resources[1408]export walltime
++++ config.resources[1412]echo 'END: config.resources'
END: config.resources
+++ config.anal[11][[ YES = \Y\E\S ]]
+++ config.anal[12]source /work2/noaa/global/mterry/RUNTESTS/EXPDIR/C48mx500_hybAOWCDA/config.nsst
++++ config.nsst[6]echo 'BEGIN: config.nsst'
BEGIN: config.nsst
++++ config.nsst[11]export NST_MODEL=2
++++ config.nsst[11]NST_MODEL=2
++++ config.nsst[14][[ NO == \Y\E\S ]]
++++ config.nsst[14][[ NO == \Y\E\S ]]
++++ config.nsst[19]export NST_SPINUP=0
++++ config.nsst[19]NST_SPINUP=0
++++ config.nsst[20]cdate=2021032500
++++ config.nsst[21]((  cdate < 2017072000  ))
++++ config.nsst[26]export NST_RESV=0
++++ config.nsst[26]NST_RESV=0
++++ config.nsst[29]export ZSEA1=0
++++ config.nsst[29]ZSEA1=0
++++ config.nsst[30]export ZSEA2=0
++++ config.nsst[30]ZSEA2=0
++++ config.nsst[32]export NST_GSI=3
++++ config.nsst[32]NST_GSI=3
++++ config.nsst[36]export NSTINFO=0
++++ config.nsst[36]NSTINFO=0
++++ config.nsst[37]((  NST_GSI > 0  ))
++++ config.nsst[37]export NSTINFO=4
++++ config.nsst[37]NSTINFO=4
++++ config.nsst[39]echo 'END: config.nsst'
END: config.nsst
+++ config.anal[15][[ enkfgdas == \g\f\s ]]
+++ config.anal[23][[ 128 = \1\2\8 ]]
+++ config.anal[24]export 'GRIDOPTS=nlayers(63)=1,nlayers(64)=1,'
+++ config.anal[24]GRIDOPTS='nlayers(63)=1,nlayers(64)=1,'
+++ config.anal[25]export SETUP=gpstop=55,nsig_ext=45,
+++ config.anal[25]SETUP=gpstop=55,nsig_ext=45,
+++ config.anal[29]export lobsdiag_forenkf=.false.
+++ config.anal[29]lobsdiag_forenkf=.false.
+++ config.anal[33][[ NO = \Y\E\S ]]
+++ config.anal[38]export GSNDBF=/dev/null
+++ config.anal[38]GSNDBF=/dev/null
+++ config.anal[39]export AMSREBF=/dev/null
+++ config.anal[39]AMSREBF=/dev/null
+++ config.anal[40]export SSMITBF=/dev/null
+++ config.anal[40]SSMITBF=/dev/null
+++ config.anal[41]export AMSR2BF=/dev/null
+++ config.anal[41]AMSR2BF=/dev/null
+++ config.anal[46]export CONVINFO=/work2/noaa/global/mterry/global-workflow_forked/fix/gsi/global_convinfo.txt
+++ config.anal[46]CONVINFO=/work2/noaa/global/mterry/global-workflow_forked/fix/gsi/global_convinfo.txt
+++ config.anal[47]export OZINFO=/work2/noaa/global/mterry/global-workflow_forked/fix/gsi/global_ozinfo.txt
+++ config.anal[47]OZINFO=/work2/noaa/global/mterry/global-workflow_forked/fix/gsi/global_ozinfo.txt
+++ config.anal[48]export SATINFO=/work2/noaa/global/mterry/global-workflow_forked/fix/gsi/global_satinfo.txt
+++ config.anal[48]SATINFO=/work2/noaa/global/mterry/global-workflow_forked/fix/gsi/global_satinfo.txt
+++ config.anal[49]export OBERROR=/work2/noaa/global/mterry/global-workflow_forked/fix/gsi/prepobs_errtable.global
+++ config.anal[49]OBERROR=/work2/noaa/global/mterry/global-workflow_forked/fix/gsi/prepobs_errtable.global
+++ config.anal[51][[ NO = \Y\E\S ]]
+++ config.anal[60][[ emc == \e\m\c ]]
+++ config.anal[62][[ 2021032500 -ge 2019021900 ]]
+++ config.anal[62][[ 2021032500 -lt 2019110706 ]]
+++ config.anal[68][[ 2021032500 -ge 2019110706 ]]
+++ config.anal[68][[ 2021032500 -lt 2020040718 ]]
+++ config.anal[74][[ 2021032500 -ge 2020040718 ]]
+++ config.anal[74][[ 2021032500 -lt 2020052612 ]]
+++ config.anal[80][[ 2021032500 -ge 2020052612 ]]
+++ config.anal[80][[ 2021032500 -lt 2020082412 ]]
+++ config.anal[86][[ 2021032500 -ge 2020082412 ]]
+++ config.anal[86][[ 2021032500 -lt 2020091612 ]]
+++ config.anal[91][[ 2021032500 -ge 2020091612 ]]
+++ config.anal[91][[ 2021032500 -lt 2021031712 ]]
+++ config.anal[96][[ 2021032500 -ge 2021031712 ]]
+++ config.anal[96][[ 2021032500 -lt 2021091612 ]]
+++ config.anal[97]export CONVINFO=/work2/noaa/global/mterry/global-workflow_forked/fix/gsi/gfsv16_historical/global_convinfo.txt.2021031712
+++ config.anal[97]CONVINFO=/work2/noaa/global/mterry/global-workflow_forked/fix/gsi/gfsv16_historical/global_convinfo.txt.2021031712
+++ config.anal[110][[ 2021032500 -ge 2020011600 ]]
+++ config.anal[110][[ 2021032500 -lt 2020011806 ]]
+++ config.anal[116][[ 2021032500 -ge 2019021900 ]]
+++ config.anal[116][[ 2021032500 -lt 2019110706 ]]
+++ config.anal[121][[ 2021032500 -ge 2019110706 ]]
+++ config.anal[121][[ 2021032500 -lt 2020022012 ]]
+++ config.anal[126][[ 2021032500 -ge 2020022012 ]]
+++ config.anal[126][[ 2021032500 -lt 2021052118 ]]
+++ config.anal[127]export SATINFO=/work2/noaa/global/mterry/global-workflow_forked/fix/gsi/gfsv16_historical/global_satinfo.txt.2020022012
+++ config.anal[127]SATINFO=/work2/noaa/global/mterry/global-workflow_forked/fix/gsi/gfsv16_historical/global_satinfo.txt.2020022012
+++ config.anal[131][[ 2021032500 -ge 2021052118 ]]
+++ config.anal[136][[ 2021032500 -ge 2021092206 ]]
+++ config.anal[153]export AIRS_CADS=.false.
+++ config.anal[153]AIRS_CADS=.false.
+++ config.anal[154]export CRIS_CADS=.false.
+++ config.anal[154]CRIS_CADS=.false.
+++ config.anal[155]export IASI_CADS=.false.
+++ config.anal[155]IASI_CADS=.false.
+++ config.anal[157]echo 'END: config.anal'
END: config.anal
++ jjob_header.sh[106]true
++ jjob_header.sh[107]export err=0
++ jjob_header.sh[107]err=0
++ jjob_header.sh[108][[ 0 -ne 0 ]]
++ jjob_header.sh[105]for config in "${configs[@]:-''}"
++ jjob_header.sh[106]source /work2/noaa/global/mterry/RUNTESTS/EXPDIR/C48mx500_hybAOWCDA/config.echgres
+++ config.echgres[6]echo 'BEGIN: config.echgres'
BEGIN: config.echgres
+++ config.echgres[9]source /work2/noaa/global/mterry/RUNTESTS/EXPDIR/C48mx500_hybAOWCDA/config.resources echgres
++++ config.resources[10]((  1 != 1  ))
++++ config.resources[34]step=echgres
++++ config.resources[36]echo 'BEGIN: config.resources'
BEGIN: config.resources
++++ config.resources[38]case ${machine} in
++++ config.resources[61]max_tasks_per_node=80
++++ config.resources[62]mem_node_max=500GB
++++ config.resources[96]export max_tasks_per_node
++++ config.resources[98]case ${step} in
++++ config.resources[1106]walltime=00:10:00
++++ config.resources[1107]ntasks=3
++++ config.resources[1108]threads_per_task=80
++++ config.resources[1109]tasks_per_node=1
++++ config.resources[1398][[ -f /work2/noaa/global/mterry/RUNTESTS/EXPDIR/C48mx500_hybAOWCDA/config.resources.HERCULES ]]
++++ config.resources[1399]source /work2/noaa/global/mterry/RUNTESTS/EXPDIR/C48mx500_hybAOWCDA/config.resources.HERCULES
+++++ config.resources.HERCULES[6]case ${step} in
++++ config.resources[1403]for resource_var in threads_per_task ntasks tasks_per_node NTASKS memory walltime
++++ config.resources[1404]run_resource_var=threads_per_task_enkfgdas
++++ config.resources[1405][[ -n '' ]]
++++ config.resources[1407][[ -n 0 ]]
++++ config.resources[1408]export threads_per_task
++++ config.resources[1403]for resource_var in threads_per_task ntasks tasks_per_node NTASKS memory walltime
++++ config.resources[1404]run_resource_var=ntasks_enkfgdas
++++ config.resources[1405][[ -n '' ]]
++++ config.resources[1407][[ -n 0 ]]
++++ config.resources[1408]export ntasks
++++ config.resources[1403]for resource_var in threads_per_task ntasks tasks_per_node NTASKS memory walltime
++++ config.resources[1404]run_resource_var=tasks_per_node_enkfgdas
++++ config.resources[1405][[ -n '' ]]
++++ config.resources[1407][[ -n 0 ]]
++++ config.resources[1408]export tasks_per_node
++++ config.resources[1403]for resource_var in threads_per_task ntasks tasks_per_node NTASKS memory walltime
++++ config.resources[1404]run_resource_var=NTASKS_enkfgdas
++++ config.resources[1405][[ -n '' ]]
++++ config.resources[1407][[ -n '' ]]
++++ config.resources[1403]for resource_var in threads_per_task ntasks tasks_per_node NTASKS memory walltime
++++ config.resources[1404]run_resource_var=memory_enkfgdas
++++ config.resources[1405][[ -n '' ]]
++++ config.resources[1407][[ -n '' ]]
++++ config.resources[1403]for resource_var in threads_per_task ntasks tasks_per_node NTASKS memory walltime
++++ config.resources[1404]run_resource_var=walltime_enkfgdas
++++ config.resources[1405][[ -n '' ]]
++++ config.resources[1407][[ -n 0 ]]
++++ config.resources[1408]export walltime
++++ config.resources[1412]echo 'END: config.resources'
END: config.resources
+++ config.echgres[11]echo 'END: config.echgres'
END: config.echgres
++ jjob_header.sh[106]true
++ jjob_header.sh[107]export err=0
++ jjob_header.sh[107]err=0
++ jjob_header.sh[108][[ 0 -ne 0 ]]
++ jjob_header.sh[117]source /work2/noaa/global/mterry/global-workflow_forked/env/HERCULES.env anal
+++ HERCULES.env[3][[ 1 -ne 1 ]]
+++ HERCULES.env[10]step=anal
+++ HERCULES.env[12]export 'launcher=srun -l --export=ALL --hint=nomultithread'
+++ HERCULES.env[12]launcher='srun -l --export=ALL --hint=nomultithread'
+++ HERCULES.env[13]export 'mpmd_opt=--multi-prog --output=mpmd.%j.%t.out'
+++ HERCULES.env[13]mpmd_opt='--multi-prog --output=mpmd.%j.%t.out'
+++ HERCULES.env[16]export MPI_BUFS_PER_PROC=2048
+++ HERCULES.env[16]MPI_BUFS_PER_PROC=2048
+++ HERCULES.env[17]export MPI_BUFS_PER_HOST=2048
+++ HERCULES.env[17]MPI_BUFS_PER_HOST=2048
+++ HERCULES.env[18]export MPI_GROUP_MAX=256
+++ HERCULES.env[18]MPI_GROUP_MAX=256
+++ HERCULES.env[19]export MPI_MEMMAP_OFF=1
+++ HERCULES.env[19]MPI_MEMMAP_OFF=1
+++ HERCULES.env[20]export MP_STDOUTMODE=ORDERED
+++ HERCULES.env[20]MP_STDOUTMODE=ORDERED
+++ HERCULES.env[21]export KMP_AFFINITY=scatter
+++ HERCULES.env[21]KMP_AFFINITY=scatter
+++ HERCULES.env[22]export OMP_STACKSIZE=2048000
+++ HERCULES.env[22]OMP_STACKSIZE=2048000
+++ HERCULES.env[23]export NTHSTACK=1024000000
+++ HERCULES.env[23]NTHSTACK=1024000000
+++ HERCULES.env[25]export I_MPI_EXTRA_FILESYSTEM=1
+++ HERCULES.env[25]I_MPI_EXTRA_FILESYSTEM=1
+++ HERCULES.env[26]export I_MPI_EXTRA_FILESYSTEM_LIST=lustre
+++ HERCULES.env[26]I_MPI_EXTRA_FILESYSTEM_LIST=lustre
+++ HERCULES.env[28]ulimit -s unlimited
+++ HERCULES.env[29]ulimit -a
real-time non-blocking time  (microseconds, -R) unlimited
core file size              (blocks, -c) 0
data seg size               (kbytes, -d) unlimited
scheduling priority                 (-e) 0
file size                   (blocks, -f) unlimited
pending signals                     (-i) 2049614
max locked memory           (kbytes, -l) unlimited
max memory size             (kbytes, -m) 520192000
open files                          (-n) 131072
pipe size                (512 bytes, -p) 8
POSIX message queues         (bytes, -q) 819200
real-time priority                  (-r) 0
stack size                  (kbytes, -s) unlimited
cpu time                   (seconds, -t) unlimited
max user processes                  (-u) 1028698
virtual memory              (kbytes, -v) unlimited
file locks                          (-x) unlimited
+++ HERCULES.env[33][[ -n 3 ]]
+++ HERCULES.env[33][[ -n 80 ]]
+++ HERCULES.env[33][[ -n 1 ]]
+++ HERCULES.env[34]max_threads_per_task=80
+++ HERCULES.env[35]NTHREADSmax=80
+++ HERCULES.env[36]NTHREADS1=80
+++ HERCULES.env[37][[ 80 -gt 80 ]]
+++ HERCULES.env[40][[ 80 -gt 80 ]]
+++ HERCULES.env[43]APRUN_default='srun -l --export=ALL --hint=nomultithread -n 3'
+++ HERCULES.env[49]case ${step} in
+++ HERCULES.env[180]export MKL_NUM_THREADS=4
+++ HERCULES.env[180]MKL_NUM_THREADS=4
+++ HERCULES.env[181]export MKL_CBWR=AUTO
+++ HERCULES.env[181]MKL_CBWR=AUTO
+++ HERCULES.env[183]export CFP_MP=YES
+++ HERCULES.env[183]CFP_MP=YES
+++ HERCULES.env[184]export USE_CFP=YES
+++ HERCULES.env[184]USE_CFP=YES
+++ HERCULES.env[185]export 'APRUNCFP=srun -l --export=ALL --hint=nomultithread -n $ncmd --multi-prog --output=mpmd.%j.%t.out'
+++ HERCULES.env[185]APRUNCFP='srun -l --export=ALL --hint=nomultithread -n $ncmd --multi-prog --output=mpmd.%j.%t.out'
+++ HERCULES.env[188]export NTHREADS_GSI=80
+++ HERCULES.env[188]NTHREADS_GSI=80
+++ HERCULES.env[189]export 'APRUN_GSI=srun -l --export=ALL --hint=nomultithread -n 3 --cpus-per-task=80'
+++ HERCULES.env[189]APRUN_GSI='srun -l --export=ALL --hint=nomultithread -n 3 --cpus-per-task=80'
+++ HERCULES.env[191]export NTHREADS_CALCINC=1
+++ HERCULES.env[191]NTHREADS_CALCINC=1
+++ HERCULES.env[192][[ 1 -gt 80 ]]
+++ HERCULES.env[195]export 'APRUN_CALCINC=srun -l --export=ALL --hint=nomultithread $ncmd --cpus-per-task=1'
+++ HERCULES.env[195]APRUN_CALCINC='srun -l --export=ALL --hint=nomultithread $ncmd --cpus-per-task=1'
+++ HERCULES.env[197]export NTHREADS_CYCLE=5
+++ HERCULES.env[197]NTHREADS_CYCLE=5
+++ HERCULES.env[198][[ 5 -gt 80 ]]
+++ HERCULES.env[201]ntasks_cycle=6
+++ HERCULES.env[202]export 'APRUN_CYCLE=srun -l --export=ALL --hint=nomultithread -n 6 --cpus-per-task=5'
+++ HERCULES.env[202]APRUN_CYCLE='srun -l --export=ALL --hint=nomultithread -n 6 --cpus-per-task=5'
+++ HERCULES.env[204]export NTHREADS_GAUSFCANL=1
+++ HERCULES.env[204]NTHREADS_GAUSFCANL=1
+++ HERCULES.env[205]ntasks_gausfcanl=1
+++ HERCULES.env[206]export 'APRUN_GAUSFCANL=srun -l --export=ALL --hint=nomultithread -n 1 --cpus-per-task=1'
+++ HERCULES.env[206]APRUN_GAUSFCANL='srun -l --export=ALL --hint=nomultithread -n 1 --cpus-per-task=1'
++ jjob_header.sh[117]true
++ jjob_header.sh[118]export err=0
++ jjob_header.sh[118]err=0
++ jjob_header.sh[119][[ 0 -ne 0 ]]
+ JGDAS_ATMOS_CHGRES_FORENKF[9]export DO_CALC_ANALYSIS=YES
+ JGDAS_ATMOS_CHGRES_FORENKF[9]DO_CALC_ANALYSIS=YES
+ JGDAS_ATMOS_CHGRES_FORENKF[16]export APREFIX=gdas.t00z.
+ JGDAS_ATMOS_CHGRES_FORENKF[16]APREFIX=gdas.t00z.
+ JGDAS_ATMOS_CHGRES_FORENKF[17]export APREFIX_ENS=enkfgdas.t00z.
+ JGDAS_ATMOS_CHGRES_FORENKF[17]APREFIX_ENS=enkfgdas.t00z.
+ JGDAS_ATMOS_CHGRES_FORENKF[19]RUN=gdas
+ JGDAS_ATMOS_CHGRES_FORENKF[19]YMD=20210325
+ JGDAS_ATMOS_CHGRES_FORENKF[19]HH=00
+ JGDAS_ATMOS_CHGRES_FORENKF[19]declare_from_tmpl -rx COMIN_ATMOS_HISTORY:COM_ATMOS_HISTORY_TMPL COMOUT_ATMOS_HISTORY:COM_ATMOS_HISTORY_TMPL
+ bash_utils.sh[39][[ NO == \N\O ]]
+ bash_utils.sh[39]set +x
declare_from_tmpl :: COMIN_ATMOS_HISTORY=/work2/noaa/global/mterry/RUNTESTS/COMROOT/C48mx500_hybAOWCDA/gdas.20210325/00//model/atmos/history
declare_from_tmpl :: COMOUT_ATMOS_HISTORY=/work2/noaa/global/mterry/RUNTESTS/COMROOT/C48mx500_hybAOWCDA/gdas.20210325/00//model/atmos/history
+ JGDAS_ATMOS_CHGRES_FORENKF[23]MEMDIR=mem001
+ JGDAS_ATMOS_CHGRES_FORENKF[23]YMD=20210325
+ JGDAS_ATMOS_CHGRES_FORENKF[23]HH=00
+ JGDAS_ATMOS_CHGRES_FORENKF[23]declare_from_tmpl -rx COMIN_ATMOS_HISTORY_MEM:COM_ATMOS_HISTORY_TMPL
+ bash_utils.sh[39][[ NO == \N\O ]]
+ bash_utils.sh[39]set +x
declare_from_tmpl :: COMIN_ATMOS_HISTORY_MEM=/work2/noaa/global/mterry/RUNTESTS/COMROOT/C48mx500_hybAOWCDA/enkfgdas.20210325/00/mem001/model/atmos/history
+ JGDAS_ATMOS_CHGRES_FORENKF[28]/work2/noaa/global/mterry/global-workflow_forked/scripts/exgdas_atmos_chgres_forenkf.sh
+ bash[8]'[' -z '' ']'
+ bash[9]case "$-" in
+ bash[12]__lmod_vx=x
+ bash[16]'[' -n x ']'
+ bash[16]set +x
Shell debugging temporarily silenced: export LMOD_SH_DBG_ON=1 for this output (/apps/other/lmod/lmod/init/bash)
Shell debugging restarted
+ bash[224]unset __lmod_vx
++ exgdas_atmos_chgres_forenkf.sh[21]pwd
+ exgdas_atmos_chgres_forenkf.sh[21]pwd=/work2/noaa/stmp/mterry/HERCULES/RUNDIRS/C48mx500_hybAOWCDA/enkfgdas.2021032500/echgres.362822
+ exgdas_atmos_chgres_forenkf.sh[24]GDUMP=gdas
++ exgdas_atmos_chgres_forenkf.sh[28]date --utc +%Y%m%d%H -d '20210325 00 - 6 hours'
+ exgdas_atmos_chgres_forenkf.sh[28]GDATE=2021032418
++ exgdas_atmos_chgres_forenkf.sh[29]date --utc +%Y%m%d%H -d '20210325 00 - 3 hours'
+ exgdas_atmos_chgres_forenkf.sh[29]BDATE=2021032421
+ exgdas_atmos_chgres_forenkf.sh[30]bPDY=20210324
+ exgdas_atmos_chgres_forenkf.sh[31]bcyc=21
+ exgdas_atmos_chgres_forenkf.sh[34]export 'CHGRP_CMD=chgrp rstprod'
+ exgdas_atmos_chgres_forenkf.sh[34]CHGRP_CMD='chgrp rstprod'
+ exgdas_atmos_chgres_forenkf.sh[35]export NCLEN=/work2/noaa/global/mterry/global-workflow_forked/ush/getncdimlen
+ exgdas_atmos_chgres_forenkf.sh[35]NCLEN=/work2/noaa/global/mterry/global-workflow_forked/ush/getncdimlen
+ exgdas_atmos_chgres_forenkf.sh[38]DOIAU=YES
+ exgdas_atmos_chgres_forenkf.sh[39]export IAUFHRS=3,6,9
+ exgdas_atmos_chgres_forenkf.sh[39]IAUFHRS=3,6,9
+ exgdas_atmos_chgres_forenkf.sh[42]export APRUN_CHGRES=
+ exgdas_atmos_chgres_forenkf.sh[42]APRUN_CHGRES=
+ exgdas_atmos_chgres_forenkf.sh[43]export CHGRESNCEXEC=/work2/noaa/global/mterry/global-workflow_forked/exec/enkf_chgres_recenter_nc.x
+ exgdas_atmos_chgres_forenkf.sh[43]CHGRESNCEXEC=/work2/noaa/global/mterry/global-workflow_forked/exec/enkf_chgres_recenter_nc.x
+ exgdas_atmos_chgres_forenkf.sh[44]export NTHREADS_CHGRES=1
+ exgdas_atmos_chgres_forenkf.sh[44]NTHREADS_CHGRES=1
+ exgdas_atmos_chgres_forenkf.sh[45]APRUNCFP='srun -l --export=ALL --hint=nomultithread -n $ncmd --multi-prog --output=mpmd.%j.%t.out'
+ exgdas_atmos_chgres_forenkf.sh[48]SIGLEVEL=/work2/noaa/global/mterry/global-workflow_forked/fix/am/global_hyblev.l128.txt
+ exgdas_atmos_chgres_forenkf.sh[51]APREFIX=gdas.t00z.
+ exgdas_atmos_chgres_forenkf.sh[52]APREFIX_ENS=enkfgdas.t00z.
+ exgdas_atmos_chgres_forenkf.sh[54]ATMF03=/work2/noaa/global/mterry/RUNTESTS/COMROOT/C48mx500_hybAOWCDA/gdas.20210325/00//model/atmos/history/gdas.t00z.atmf003.nc
+ exgdas_atmos_chgres_forenkf.sh[55]ATMF04=/work2/noaa/global/mterry/RUNTESTS/COMROOT/C48mx500_hybAOWCDA/gdas.20210325/00//model/atmos/history/gdas.t00z.atmf004.nc
+ exgdas_atmos_chgres_forenkf.sh[56]ATMF05=/work2/noaa/global/mterry/RUNTESTS/COMROOT/C48mx500_hybAOWCDA/gdas.20210325/00//model/atmos/history/gdas.t00z.atmf005.nc
+ exgdas_atmos_chgres_forenkf.sh[57]ATMF06=/work2/noaa/global/mterry/RUNTESTS/COMROOT/C48mx500_hybAOWCDA/gdas.20210325/00//model/atmos/history/gdas.t00z.atmf006.nc
+ exgdas_atmos_chgres_forenkf.sh[58]ATMF07=/work2/noaa/global/mterry/RUNTESTS/COMROOT/C48mx500_hybAOWCDA/gdas.20210325/00//model/atmos/history/gdas.t00z.atmf007.nc
+ exgdas_atmos_chgres_forenkf.sh[59]ATMF08=/work2/noaa/global/mterry/RUNTESTS/COMROOT/C48mx500_hybAOWCDA/gdas.20210325/00//model/atmos/history/gdas.t00z.atmf008.nc
+ exgdas_atmos_chgres_forenkf.sh[60]ATMF09=/work2/noaa/global/mterry/RUNTESTS/COMROOT/C48mx500_hybAOWCDA/gdas.20210325/00//model/atmos/history/gdas.t00z.atmf009.nc
+ exgdas_atmos_chgres_forenkf.sh[62]ATMF03ENS=/work2/noaa/global/mterry/RUNTESTS/COMROOT/C48mx500_hybAOWCDA/gdas.20210325/00//model/atmos/history/gdas.t00z.atmf003.ensres.nc
+ exgdas_atmos_chgres_forenkf.sh[63]ATMF04ENS=/work2/noaa/global/mterry/RUNTESTS/COMROOT/C48mx500_hybAOWCDA/gdas.20210325/00//model/atmos/history/gdas.t00z.atmf004.ensres.nc
+ exgdas_atmos_chgres_forenkf.sh[64]ATMF05ENS=/work2/noaa/global/mterry/RUNTESTS/COMROOT/C48mx500_hybAOWCDA/gdas.20210325/00//model/atmos/history/gdas.t00z.atmf005.ensres.nc
+ exgdas_atmos_chgres_forenkf.sh[65]ATMF06ENS=/work2/noaa/global/mterry/RUNTESTS/COMROOT/C48mx500_hybAOWCDA/gdas.20210325/00//model/atmos/history/gdas.t00z.atmf006.ensres.nc
+ exgdas_atmos_chgres_forenkf.sh[66]ATMF07ENS=/work2/noaa/global/mterry/RUNTESTS/COMROOT/C48mx500_hybAOWCDA/gdas.20210325/00//model/atmos/history/gdas.t00z.atmf007.ensres.nc
+ exgdas_atmos_chgres_forenkf.sh[67]ATMF08ENS=/work2/noaa/global/mterry/RUNTESTS/COMROOT/C48mx500_hybAOWCDA/gdas.20210325/00//model/atmos/history/gdas.t00z.atmf008.ensres.nc
+ exgdas_atmos_chgres_forenkf.sh[68]ATMF09ENS=/work2/noaa/global/mterry/RUNTESTS/COMROOT/C48mx500_hybAOWCDA/gdas.20210325/00//model/atmos/history/gdas.t00z.atmf009.ensres.nc
+ exgdas_atmos_chgres_forenkf.sh[69]ATMFCST_ENSRES=/work2/noaa/global/mterry/RUNTESTS/COMROOT/C48mx500_hybAOWCDA/enkfgdas.20210325/00/mem001/model/atmos/history/enkfgdas.t00z.atmf006.nc
+ exgdas_atmos_chgres_forenkf.sh[72]DOHYBVAR=YES
+ exgdas_atmos_chgres_forenkf.sh[73]lrun_subdirs=.true.
+ exgdas_atmos_chgres_forenkf.sh[74]USE_CFP=YES
+ exgdas_atmos_chgres_forenkf.sh[75]CFP_MP=YES
+ exgdas_atmos_chgres_forenkf.sh[76]nm=
+ exgdas_atmos_chgres_forenkf.sh[77]'[' YES = YES ']'
+ exgdas_atmos_chgres_forenkf.sh[78]nm=0
+ exgdas_atmos_chgres_forenkf.sh[80]'[' YES = YES ']'
+ exgdas_atmos_chgres_forenkf.sh[81]l_hyb_ens=.true.
+ exgdas_atmos_chgres_forenkf.sh[82]export l4densvar=.true.
+ exgdas_atmos_chgres_forenkf.sh[82]l4densvar=.true.
+ exgdas_atmos_chgres_forenkf.sh[83]export lwrite4danl=.true.
+ exgdas_atmos_chgres_forenkf.sh[83]lwrite4danl=.true.
++ exgdas_atmos_chgres_forenkf.sh[93]/work2/noaa/global/mterry/global-workflow_forked/ush/getncdimlen /work2/noaa/global/mterry/RUNTESTS/COMROOT/C48mx500_hybAOWCDA/enkfgdas.20210325/00/mem001/model/atmos/history/enkfgdas.t00z.atmf006.nc grid_xt
+ exgdas_atmos_chgres_forenkf.sh[93]LONB_ENKF=192
++ exgdas_atmos_chgres_forenkf.sh[94]/work2/noaa/global/mterry/global-workflow_forked/ush/getncdimlen /work2/noaa/global/mterry/RUNTESTS/COMROOT/C48mx500_hybAOWCDA/enkfgdas.20210325/00/mem001/model/atmos/history/enkfgdas.t00z.atmf006.nc grid_yt
+ exgdas_atmos_chgres_forenkf.sh[94]LATB_ENKF=96
++ exgdas_atmos_chgres_forenkf.sh[95]/work2/noaa/global/mterry/global-workflow_forked/ush/getncdimlen /work2/noaa/global/mterry/RUNTESTS/COMROOT/C48mx500_hybAOWCDA/enkfgdas.20210325/00/mem001/model/atmos/history/enkfgdas.t00z.atmf006.nc pfull
+ exgdas_atmos_chgres_forenkf.sh[95]LEVS_ENKF=127
+ exgdas_atmos_chgres_forenkf.sh[99]'[' YES == YES ']'
+ exgdas_atmos_chgres_forenkf.sh[100]/bin/ln -sf /work2/noaa/global/mterry/RUNTESTS/COMROOT/C48mx500_hybAOWCDA/gdas.20210325/00//model/atmos/history/gdas.t00z.atmf006.nc fcst.06
+ exgdas_atmos_chgres_forenkf.sh[101]/bin/ln -sf /work2/noaa/global/mterry/RUNTESTS/COMROOT/C48mx500_hybAOWCDA/gdas.20210325/00//model/atmos/history/gdas.t00z.atmf006.ensres.nc fcst.ensres.06
+ exgdas_atmos_chgres_forenkf.sh[102]/bin/ln -sf /work2/noaa/global/mterry/RUNTESTS/COMROOT/C48mx500_hybAOWCDA/enkfgdas.20210325/00/mem001/model/atmos/history/enkfgdas.t00z.atmf006.nc atmens_fcst
+ exgdas_atmos_chgres_forenkf.sh[103]'[' YES = YES -a .true. = .true. -a .true. = .true. ']'
+ exgdas_atmos_chgres_forenkf.sh[104]/bin/ln -sf /work2/noaa/global/mterry/RUNTESTS/COMROOT/C48mx500_hybAOWCDA/gdas.20210325/00//model/atmos/history/gdas.t00z.atmf003.nc fcst.03
+ exgdas_atmos_chgres_forenkf.sh[105]/bin/ln -sf /work2/noaa/global/mterry/RUNTESTS/COMROOT/C48mx500_hybAOWCDA/gdas.20210325/00//model/atmos/history/gdas.t00z.atmf003.ensres.nc fcst.ensres.03
+ exgdas_atmos_chgres_forenkf.sh[106]/bin/ln -sf /work2/noaa/global/mterry/RUNTESTS/COMROOT/C48mx500_hybAOWCDA/gdas.20210325/00//model/atmos/history/gdas.t00z.atmf004.nc fcst.04
+ exgdas_atmos_chgres_forenkf.sh[107]/bin/ln -sf /work2/noaa/global/mterry/RUNTESTS/COMROOT/C48mx500_hybAOWCDA/gdas.20210325/00//model/atmos/history/gdas.t00z.atmf004.ensres.nc fcst.ensres.04
+ exgdas_atmos_chgres_forenkf.sh[108]/bin/ln -sf /work2/noaa/global/mterry/RUNTESTS/COMROOT/C48mx500_hybAOWCDA/gdas.20210325/00//model/atmos/history/gdas.t00z.atmf005.nc fcst.05
+ exgdas_atmos_chgres_forenkf.sh[109]/bin/ln -sf /work2/noaa/global/mterry/RUNTESTS/COMROOT/C48mx500_hybAOWCDA/gdas.20210325/00//model/atmos/history/gdas.t00z.atmf005.ensres.nc fcst.ensres.05
+ exgdas_atmos_chgres_forenkf.sh[110]/bin/ln -sf /work2/noaa/global/mterry/RUNTESTS/COMROOT/C48mx500_hybAOWCDA/gdas.20210325/00//model/atmos/history/gdas.t00z.atmf007.nc fcst.07
+ exgdas_atmos_chgres_forenkf.sh[111]/bin/ln -sf /work2/noaa/global/mterry/RUNTESTS/COMROOT/C48mx500_hybAOWCDA/gdas.20210325/00//model/atmos/history/gdas.t00z.atmf007.ensres.nc fcst.ensres.07
+ exgdas_atmos_chgres_forenkf.sh[112]/bin/ln -sf /work2/noaa/global/mterry/RUNTESTS/COMROOT/C48mx500_hybAOWCDA/gdas.20210325/00//model/atmos/history/gdas.t00z.atmf008.nc fcst.08
+ exgdas_atmos_chgres_forenkf.sh[113]/bin/ln -sf /work2/noaa/global/mterry/RUNTESTS/COMROOT/C48mx500_hybAOWCDA/gdas.20210325/00//model/atmos/history/gdas.t00z.atmf008.ensres.nc fcst.ensres.08
+ exgdas_atmos_chgres_forenkf.sh[114]/bin/ln -sf /work2/noaa/global/mterry/RUNTESTS/COMROOT/C48mx500_hybAOWCDA/gdas.20210325/00//model/atmos/history/gdas.t00z.atmf009.nc fcst.09
+ exgdas_atmos_chgres_forenkf.sh[115]/bin/ln -sf /work2/noaa/global/mterry/RUNTESTS/COMROOT/C48mx500_hybAOWCDA/gdas.20210325/00//model/atmos/history/gdas.t00z.atmf009.ensres.nc fcst.ensres.09
+ exgdas_atmos_chgres_forenkf.sh[117]export OMP_NUM_THREADS=1
+ exgdas_atmos_chgres_forenkf.sh[117]OMP_NUM_THREADS=1
+ exgdas_atmos_chgres_forenkf.sh[118]SIGLEVEL=/work2/noaa/global/mterry/global-workflow_forked/fix/am/global_hyblev.l128.txt
+ exgdas_atmos_chgres_forenkf.sh[120][[ YES == \Y\E\S ]]
+ exgdas_atmos_chgres_forenkf.sh[121]rm -f /work2/noaa/stmp/mterry/HERCULES/RUNDIRS/C48mx500_hybAOWCDA/enkfgdas.2021032500/echgres.362822/mp_chgres.sh
++ exgdas_atmos_chgres_forenkf.sh[124]echo 3,6,9
++ exgdas_atmos_chgres_forenkf.sh[124]sed 's/,/ /g'
+ exgdas_atmos_chgres_forenkf.sh[124]nfhrs='3 6 9'
+ exgdas_atmos_chgres_forenkf.sh[125]for FHR in $nfhrs
+ exgdas_atmos_chgres_forenkf.sh[126]echo 'Regridding deterministic forecast for forecast hour 3'
Regridding deterministic forecast for forecast hour 3
+ exgdas_atmos_chgres_forenkf.sh[127]rm -f chgres_nc_gauss03.nml
+ exgdas_atmos_chgres_forenkf.sh[128]cat
+ exgdas_atmos_chgres_forenkf.sh[138][[ YES == \Y\E\S ]]
+ exgdas_atmos_chgres_forenkf.sh[139]echo '0  /work2/noaa/global/mterry/global-workflow_forked/exec/enkf_chgres_recenter_nc.x chgres_nc_gauss03.nml'
+ exgdas_atmos_chgres_forenkf.sh[139]tee -a /work2/noaa/stmp/mterry/HERCULES/RUNDIRS/C48mx500_hybAOWCDA/enkfgdas.2021032500/echgres.362822/mp_chgres.sh
0  /work2/noaa/global/mterry/global-workflow_forked/exec/enkf_chgres_recenter_nc.x chgres_nc_gauss03.nml
+ exgdas_atmos_chgres_forenkf.sh[140][[ YES = \Y\E\S ]]
+ exgdas_atmos_chgres_forenkf.sh[141]nm=1
+ exgdas_atmos_chgres_forenkf.sh[125]for FHR in $nfhrs
+ exgdas_atmos_chgres_forenkf.sh[126]echo 'Regridding deterministic forecast for forecast hour 6'
Regridding deterministic forecast for forecast hour 6
+ exgdas_atmos_chgres_forenkf.sh[127]rm -f chgres_nc_gauss06.nml
+ exgdas_atmos_chgres_forenkf.sh[128]cat
+ exgdas_atmos_chgres_forenkf.sh[138][[ YES == \Y\E\S ]]
+ exgdas_atmos_chgres_forenkf.sh[139]echo '1  /work2/noaa/global/mterry/global-workflow_forked/exec/enkf_chgres_recenter_nc.x chgres_nc_gauss06.nml'
+ exgdas_atmos_chgres_forenkf.sh[139]tee -a /work2/noaa/stmp/mterry/HERCULES/RUNDIRS/C48mx500_hybAOWCDA/enkfgdas.2021032500/echgres.362822/mp_chgres.sh
1  /work2/noaa/global/mterry/global-workflow_forked/exec/enkf_chgres_recenter_nc.x chgres_nc_gauss06.nml
+ exgdas_atmos_chgres_forenkf.sh[140][[ YES = \Y\E\S ]]
+ exgdas_atmos_chgres_forenkf.sh[141]nm=2
+ exgdas_atmos_chgres_forenkf.sh[125]for FHR in $nfhrs
+ exgdas_atmos_chgres_forenkf.sh[126]echo 'Regridding deterministic forecast for forecast hour 9'
Regridding deterministic forecast for forecast hour 9
+ exgdas_atmos_chgres_forenkf.sh[127]rm -f chgres_nc_gauss09.nml
+ exgdas_atmos_chgres_forenkf.sh[128]cat
+ exgdas_atmos_chgres_forenkf.sh[138][[ YES == \Y\E\S ]]
+ exgdas_atmos_chgres_forenkf.sh[139]echo '2  /work2/noaa/global/mterry/global-workflow_forked/exec/enkf_chgres_recenter_nc.x chgres_nc_gauss09.nml'
+ exgdas_atmos_chgres_forenkf.sh[139]tee -a /work2/noaa/stmp/mterry/HERCULES/RUNDIRS/C48mx500_hybAOWCDA/enkfgdas.2021032500/echgres.362822/mp_chgres.sh
2  /work2/noaa/global/mterry/global-workflow_forked/exec/enkf_chgres_recenter_nc.x chgres_nc_gauss09.nml
+ exgdas_atmos_chgres_forenkf.sh[140][[ YES = \Y\E\S ]]
+ exgdas_atmos_chgres_forenkf.sh[141]nm=3
+ exgdas_atmos_chgres_forenkf.sh[156][[ YES == \Y\E\S ]]
+ exgdas_atmos_chgres_forenkf.sh[157]chmod 755 /work2/noaa/stmp/mterry/HERCULES/RUNDIRS/C48mx500_hybAOWCDA/enkfgdas.2021032500/echgres.362822/mp_chgres.sh
++ exgdas_atmos_chgres_forenkf.sh[158]wc -l
+ exgdas_atmos_chgres_forenkf.sh[158]ncmd=3
+ exgdas_atmos_chgres_forenkf.sh[159][[ 3 -gt 0 ]]
+ exgdas_atmos_chgres_forenkf.sh[160]ncmd_max=3
++ exgdas_atmos_chgres_forenkf.sh[161]eval echo 'srun -l --export=ALL --hint=nomultithread -n $ncmd --multi-prog --output=mpmd.%j.%t.out'
+++ exgdas_atmos_chgres_forenkf.sh[161]echo srun -l --export=ALL --hint=nomultithread -n 3 --multi-prog --output=mpmd.%j.%t.out
+ exgdas_atmos_chgres_forenkf.sh[161]APRUNCFP_CHGRES='srun -l --export=ALL --hint=nomultithread -n 3 --multi-prog --output=mpmd.%j.%t.out'
+ exgdas_atmos_chgres_forenkf.sh[163]export pgm=/work2/noaa/global/mterry/global-workflow_forked/exec/enkf_chgres_recenter_nc.x
+ exgdas_atmos_chgres_forenkf.sh[163]pgm=/work2/noaa/global/mterry/global-workflow_forked/exec/enkf_chgres_recenter_nc.x
+ exgdas_atmos_chgres_forenkf.sh[164]source prep_step
++ prep_step[3]'[' -n /work2/noaa/global/mterry/global-workflow_forked/exec/enkf_chgres_recenter_nc.x ']'
++ prep_step[3]'[' -n OUTPUT.363092 ']'
++ prep_step[4]echo /work2/noaa/global/mterry/global-workflow_forked/exec/enkf_chgres_recenter_nc.x
++ prep_step[7]'[' -f errfile ']'
++ prep_step[11]export FORT01=0
++ prep_step[11]FORT01=0
+++ prep_step[12]env
+++ prep_step[12]awk -F= '{print $1}'
+++ prep_step[12]grep '^FORT[0-9]\{1,\}='
++ prep_step[12]unset FORT01
+ exgdas_atmos_chgres_forenkf.sh[166]srun -l --export=ALL --hint=nomultithread -n 3 --multi-prog --output=mpmd.%j.%t.out /work2/noaa/stmp/mterry/HERCULES/RUNDIRS/C48mx500_hybAOWCDA/enkfgdas.2021032500/echgres.362822/mp_chgres.sh
+ exgdas_atmos_chgres_forenkf.sh[166]true
+ exgdas_atmos_chgres_forenkf.sh[167]export err=0
+ exgdas_atmos_chgres_forenkf.sh[167]err=0
+ exgdas_atmos_chgres_forenkf.sh[168][[ 0 -ne 0 ]]
+ exgdas_atmos_chgres_forenkf.sh[181]cd /work2/noaa/stmp/mterry/HERCULES/RUNDIRS/C48mx500_hybAOWCDA/enkfgdas.2021032500/echgres.362822
+ exgdas_atmos_chgres_forenkf.sh[183]exit 0
+ JGDAS_ATMOS_CHGRES_FORENKF[28]true
+ JGDAS_ATMOS_CHGRES_FORENKF[29]export err=0
+ JGDAS_ATMOS_CHGRES_FORENKF[29]err=0
+ JGDAS_ATMOS_CHGRES_FORENKF[30][[ 0 -ne 0 ]]
+ JGDAS_ATMOS_CHGRES_FORENKF[41][[ -e OUTPUT.363092 ]]
+ JGDAS_ATMOS_CHGRES_FORENKF[42]cat OUTPUT.363092
/work2/noaa/global/mterry/global-workflow_forked/exec/enkf_chgres_recenter_nc.x
+ JGDAS_ATMOS_CHGRES_FORENKF[48]cd /work2/noaa/stmp/mterry/HERCULES/RUNDIRS/C48mx500_hybAOWCDA/enkfgdas.2021032500
+ JGDAS_ATMOS_CHGRES_FORENKF[49][[ NO == \N\O ]]
+ JGDAS_ATMOS_CHGRES_FORENKF[50]rm -rf /work2/noaa/stmp/mterry/HERCULES/RUNDIRS/C48mx500_hybAOWCDA/enkfgdas.2021032500/echgres.362822
+ JGDAS_ATMOS_CHGRES_FORENKF[54]exit 0
+ JGDAS_ATMOS_CHGRES_FORENKF[1]postamble /work2/noaa/global/mterry/global-workflow_forked/jobs/JGDAS_ATMOS_CHGRES_FORENKF 1753767290 0
+ preamble.sh[62]set +x
End /work2/noaa/global/mterry/global-workflow_forked/jobs/JGDAS_ATMOS_CHGRES_FORENKF at 05:35:11 with error code 0 (time elapsed: 00:00:21)
+ status=0
+ exit 0
