+ source /work2/noaa/global/mterry/global-workflow_forked/ush/load_fv3gfs_modules.sh
++ [[ hxB == *x* ]]
++ set_x=YES
++ [[ NO == \N\O ]]
++ echo 'Loading modules quietly...'
Loading modules quietly...
++ set +x
Running "module reset". Resetting modules to system default. The following $MODULEPATH directories have been removed: /work2/noaa/global/mterry/global-workflow_forked/modulefiles

Currently Loaded Modules:
  1) contrib/0.1                      43) ip/4.3.0
  2) intel-oneapi-compilers/2023.1.0  44) grib-util/1.3.0
  3) stack-intel/2021.9.0             45) g2tmpl/1.13.0
  4) intel-oneapi-mpi/2021.9.0        46) gsi-ncdiag/1.1.2
  5) stack-intel-oneapi-mpi/2021.9.0  47) crtm-fix/2.4.0.1_emc
  6) intel-oneapi-mkl/2023.1.0        48) git-lfs/3.1.2
  7) zlib/1.2.13                      49) crtm/2.4.0.1
  8) pigz/2.7                         50) openblas/0.3.24
  9) zstd/1.5.2                       51) py-setuptools/63.4.3
 10) tar/1.34                         52) py-numpy/1.23.4
 11) gettext/0.21.1                   53) bufr/11.7.0
 12) libxcrypt/4.4.35                 54) gmake/4.2.1
 13) sqlite/3.43.2                    55) wgrib2/2.0.8
 14) util-linux-uuid/2.38.1           56) py-f90nml/1.4.3
 15) python/3.11.6                    57) py-cftime/1.0.3.4
 16) libjpeg/2.1.0                    58) py-netcdf4/1.5.8
 17) jasper/2.0.32                    59) libyaml/0.2.5
 18) libpng/1.6.37                    60) py-pyyaml/6.0
 19) openjpeg/2.3.1                   61) py-markupsafe/2.1.3
 20) eccodes/2.32.0                   62) py-jinja2/3.1.2
 21) fftw/3.3.10                      63) py-bottleneck/1.3.7
 22) nghttp2/1.57.0                   64) py-numexpr/2.8.4
 23) curl/8.4.0                       65) py-et-xmlfile/1.0.1
 24) proj/9.2.1                       66) py-openpyxl/3.1.2
 25) udunits/2.2.28                   67) py-pytz/2023.3
 26) cdo/2.2.0                        68) py-pyxlsb/1.0.10
 27) hdf5/1.14.0                      69) py-xlrd/2.0.1
 28) snappy/1.1.10                    70) py-xlsxwriter/3.1.7
 29) c-blosc/1.21.5                   71) py-xlwt/1.3.0
 30) netcdf-c/4.9.2                   72) py-pandas/1.5.3
 31) netcdf-fortran/4.6.1             73) py-six/1.16.0
 32) parallel-netcdf/1.12.2           74) py-python-dateutil/2.8.2
 33) parallelio/2.5.10                75) g2c/1.8.0
 34) esmf/8.6.0                       76) netcdf-cxx4/4.3.1
 35) antlr/2.7.7                      77) met/9.1.3
 36) gsl/2.7.1                        78) metplus/3.1.1
 37) nco/5.0.6                        79) py-packaging/23.1
 38) bacio/2.4.1                      80) py-xarray/2023.7.0
 39) w3emc/2.10.0                     81) prepobs/1.1.0
 40) prod_util/2.1.1                  82) fit2obs/1.1.7.1
 41) g2/3.4.5                         83) globus-cli/3.35.2
 42) sp/2.5.0                         84) module_base.hercules

 

++ [[ -d /work2/noaa/global/mterry/global-workflow_forked/sorc/wxflow/src ]]
++ PYTHONPATH=/apps/other/globus-cli-3.35.2:/work/noaa/epic/role-epic/spack-stack/hercules/spack-stack-1.6.0/envs/gsi-addon-dev-fms-2024.01/install/intel/2021.9.0/py-xarray-2023.7.0-x743hx4/lib/python3.11/site-packages:/work/noaa/epic/role-epic/spack-stack/hercules/spack-stack-1.6.0/envs/gsi-addon-dev-fms-2024.01/install/intel/2021.9.0/py-packaging-23.1-cvb54w6/lib/python3.11/site-packages:/work/noaa/epic/role-epic/spack-stack/hercules/spack-stack-1.6.0/envs/gsi-addon-dev-fms-2024.01/install/intel/2021.9.0/py-python-dateutil-2.8.2-crskgyy/lib/python3.11/site-packages:/work/noaa/epic/role-epic/spack-stack/hercules/spack-stack-1.6.0/envs/gsi-addon-dev-fms-2024.01/install/intel/2021.9.0/py-six-1.16.0-dtjcn7o/lib/python3.11/site-packages:/work/noaa/epic/role-epic/spack-stack/hercules/spack-stack-1.6.0/envs/gsi-addon-dev-fms-2024.01/install/intel/2021.9.0/py-pandas-1.5.3-7tjsvkw/lib/python3.11/site-packages:/work/noaa/epic/role-epic/spack-stack/hercules/spack-stack-1.6.0/envs/gsi-addon-dev-fms-2024.01/install/intel/2021.9.0/py-xlwt-1.3.0-ghvbw56/lib/python3.11/site-packages:/work/noaa/epic/role-epic/spack-stack/hercules/spack-stack-1.6.0/envs/gsi-addon-dev-fms-2024.01/install/intel/2021.9.0/py-xlsxwriter-3.1.7-rqogaok/lib/python3.11/site-packages:/work/noaa/epic/role-epic/spack-stack/hercules/spack-stack-1.6.0/envs/gsi-addon-dev-fms-2024.01/install/intel/2021.9.0/py-xlrd-2.0.1-g52jf7f/lib/python3.11/site-packages:/work/noaa/epic/role-epic/spack-stack/hercules/spack-stack-1.6.0/envs/gsi-addon-dev-fms-2024.01/install/intel/2021.9.0/py-pyxlsb-1.0.10-ow7w6ge/lib/python3.11/site-packages:/work/noaa/epic/role-epic/spack-stack/hercules/spack-stack-1.6.0/envs/gsi-addon-dev-fms-2024.01/install/intel/2021.9.0/py-pytz-2023.3-kmu3i3s/lib/python3.11/site-packages:/work/noaa/epic/role-epic/spack-stack/hercules/spack-stack-1.6.0/envs/gsi-addon-dev-fms-2024.01/install/intel/2021.9.0/py-openpyxl-3.1.2-vfourqe/lib/python3.11/site-packages:/work/noaa/epic/role-epic/spack-stack/hercules/spack-stack-1.6.0/envs/gsi-addon-dev-fms-2024.01/install/intel/2021.9.0/py-et-xmlfile-1.0.1-7wze7yq/lib/python3.11/site-packages:/work/noaa/epic/role-epic/spack-stack/hercules/spack-stack-1.6.0/envs/gsi-addon-dev-fms-2024.01/install/intel/2021.9.0/py-numexpr-2.8.4-nobvkrq/lib/python3.11/site-packages:/work/noaa/epic/role-epic/spack-stack/hercules/spack-stack-1.6.0/envs/gsi-addon-dev-fms-2024.01/install/intel/2021.9.0/py-bottleneck-1.3.7-ftw2r3a/lib/python3.11/site-packages:/work/noaa/epic/role-epic/spack-stack/hercules/spack-stack-1.6.0/envs/gsi-addon-dev-fms-2024.01/install/intel/2021.9.0/py-jinja2-3.1.2-eoja5pj/lib/python3.11/site-packages:/work/noaa/epic/role-epic/spack-stack/hercules/spack-stack-1.6.0/envs/gsi-addon-dev-fms-2024.01/install/intel/2021.9.0/py-markupsafe-2.1.3-v6xcnb7/lib/python3.11/site-packages:/work/noaa/epic/role-epic/spack-stack/hercules/spack-stack-1.6.0/envs/gsi-addon-dev-fms-2024.01/install/intel/2021.9.0/py-pyyaml-6.0-t2st4x2/lib/python3.11/site-packages:/work/noaa/epic/role-epic/spack-stack/hercules/spack-stack-1.6.0/envs/gsi-addon-dev-fms-2024.01/install/intel/2021.9.0/py-netcdf4-1.5.8-bgfhv5i/lib/python3.11/site-packages:/work/noaa/epic/role-epic/spack-stack/hercules/spack-stack-1.6.0/envs/gsi-addon-dev-fms-2024.01/install/intel/2021.9.0/py-cftime-1.0.3.4-ienmq3i/lib/python3.11/site-packages:/work/noaa/epic/role-epic/spack-stack/hercules/spack-stack-1.6.0/envs/gsi-addon-dev-fms-2024.01/install/intel/2021.9.0/py-f90nml-1.4.3-3ib7u6z/lib/python3.11/site-packages:/work/noaa/epic/role-epic/spack-stack/hercules/spack-stack-1.6.0/envs/gsi-addon-dev-fms-2024.01/install/intel/2021.9.0/bufr-11.7.0-7qdgt6m/lib64/python3.11/site-packages:/work/noaa/epic/role-epic/spack-stack/hercules/spack-stack-1.6.0/envs/gsi-addon-dev-fms-2024.01/install/intel/2021.9.0/bufr-11.7.0-7qdgt6m/lib/python3.11/site-packages:/work/noaa/epic/role-epic/spack-stack/hercules/spack-stack-1.6.0/envs/gsi-addon-dev-fms-2024.01/install/intel/2021.9.0/py-numpy-1.23.4-ftta6ne/lib/python3.11/site-packages:/work/noaa/epic/role-epic/spack-stack/hercules/spack-stack-1.6.0/envs/gsi-addon-dev-fms-2024.01/install/intel/2021.9.0/py-setuptools-63.4.3-5extjhr/lib/python3.11/site-packages:/work2/noaa/global/mterry/global-workflow_forked/sorc/wxflow/src:/work2/noaa/global/mterry/global-workflow_forked/sorc/wxflow/src
++ PYTHONPATH=/apps/other/globus-cli-3.35.2:/work/noaa/epic/role-epic/spack-stack/hercules/spack-stack-1.6.0/envs/gsi-addon-dev-fms-2024.01/install/intel/2021.9.0/py-xarray-2023.7.0-x743hx4/lib/python3.11/site-packages:/work/noaa/epic/role-epic/spack-stack/hercules/spack-stack-1.6.0/envs/gsi-addon-dev-fms-2024.01/install/intel/2021.9.0/py-packaging-23.1-cvb54w6/lib/python3.11/site-packages:/work/noaa/epic/role-epic/spack-stack/hercules/spack-stack-1.6.0/envs/gsi-addon-dev-fms-2024.01/install/intel/2021.9.0/py-python-dateutil-2.8.2-crskgyy/lib/python3.11/site-packages:/work/noaa/epic/role-epic/spack-stack/hercules/spack-stack-1.6.0/envs/gsi-addon-dev-fms-2024.01/install/intel/2021.9.0/py-six-1.16.0-dtjcn7o/lib/python3.11/site-packages:/work/noaa/epic/role-epic/spack-stack/hercules/spack-stack-1.6.0/envs/gsi-addon-dev-fms-2024.01/install/intel/2021.9.0/py-pandas-1.5.3-7tjsvkw/lib/python3.11/site-packages:/work/noaa/epic/role-epic/spack-stack/hercules/spack-stack-1.6.0/envs/gsi-addon-dev-fms-2024.01/install/intel/2021.9.0/py-xlwt-1.3.0-ghvbw56/lib/python3.11/site-packages:/work/noaa/epic/role-epic/spack-stack/hercules/spack-stack-1.6.0/envs/gsi-addon-dev-fms-2024.01/install/intel/2021.9.0/py-xlsxwriter-3.1.7-rqogaok/lib/python3.11/site-packages:/work/noaa/epic/role-epic/spack-stack/hercules/spack-stack-1.6.0/envs/gsi-addon-dev-fms-2024.01/install/intel/2021.9.0/py-xlrd-2.0.1-g52jf7f/lib/python3.11/site-packages:/work/noaa/epic/role-epic/spack-stack/hercules/spack-stack-1.6.0/envs/gsi-addon-dev-fms-2024.01/install/intel/2021.9.0/py-pyxlsb-1.0.10-ow7w6ge/lib/python3.11/site-packages:/work/noaa/epic/role-epic/spack-stack/hercules/spack-stack-1.6.0/envs/gsi-addon-dev-fms-2024.01/install/intel/2021.9.0/py-pytz-2023.3-kmu3i3s/lib/python3.11/site-packages:/work/noaa/epic/role-epic/spack-stack/hercules/spack-stack-1.6.0/envs/gsi-addon-dev-fms-2024.01/install/intel/2021.9.0/py-openpyxl-3.1.2-vfourqe/lib/python3.11/site-packages:/work/noaa/epic/role-epic/spack-stack/hercules/spack-stack-1.6.0/envs/gsi-addon-dev-fms-2024.01/install/intel/2021.9.0/py-et-xmlfile-1.0.1-7wze7yq/lib/python3.11/site-packages:/work/noaa/epic/role-epic/spack-stack/hercules/spack-stack-1.6.0/envs/gsi-addon-dev-fms-2024.01/install/intel/2021.9.0/py-numexpr-2.8.4-nobvkrq/lib/python3.11/site-packages:/work/noaa/epic/role-epic/spack-stack/hercules/spack-stack-1.6.0/envs/gsi-addon-dev-fms-2024.01/install/intel/2021.9.0/py-bottleneck-1.3.7-ftw2r3a/lib/python3.11/site-packages:/work/noaa/epic/role-epic/spack-stack/hercules/spack-stack-1.6.0/envs/gsi-addon-dev-fms-2024.01/install/intel/2021.9.0/py-jinja2-3.1.2-eoja5pj/lib/python3.11/site-packages:/work/noaa/epic/role-epic/spack-stack/hercules/spack-stack-1.6.0/envs/gsi-addon-dev-fms-2024.01/install/intel/2021.9.0/py-markupsafe-2.1.3-v6xcnb7/lib/python3.11/site-packages:/work/noaa/epic/role-epic/spack-stack/hercules/spack-stack-1.6.0/envs/gsi-addon-dev-fms-2024.01/install/intel/2021.9.0/py-pyyaml-6.0-t2st4x2/lib/python3.11/site-packages:/work/noaa/epic/role-epic/spack-stack/hercules/spack-stack-1.6.0/envs/gsi-addon-dev-fms-2024.01/install/intel/2021.9.0/py-netcdf4-1.5.8-bgfhv5i/lib/python3.11/site-packages:/work/noaa/epic/role-epic/spack-stack/hercules/spack-stack-1.6.0/envs/gsi-addon-dev-fms-2024.01/install/intel/2021.9.0/py-cftime-1.0.3.4-ienmq3i/lib/python3.11/site-packages:/work/noaa/epic/role-epic/spack-stack/hercules/spack-stack-1.6.0/envs/gsi-addon-dev-fms-2024.01/install/intel/2021.9.0/py-f90nml-1.4.3-3ib7u6z/lib/python3.11/site-packages:/work/noaa/epic/role-epic/spack-stack/hercules/spack-stack-1.6.0/envs/gsi-addon-dev-fms-2024.01/install/intel/2021.9.0/bufr-11.7.0-7qdgt6m/lib64/python3.11/site-packages:/work/noaa/epic/role-epic/spack-stack/hercules/spack-stack-1.6.0/envs/gsi-addon-dev-fms-2024.01/install/intel/2021.9.0/bufr-11.7.0-7qdgt6m/lib/python3.11/site-packages:/work/noaa/epic/role-epic/spack-stack/hercules/spack-stack-1.6.0/envs/gsi-addon-dev-fms-2024.01/install/intel/2021.9.0/py-numpy-1.23.4-ftta6ne/lib/python3.11/site-packages:/work/noaa/epic/role-epic/spack-stack/hercules/spack-stack-1.6.0/envs/gsi-addon-dev-fms-2024.01/install/intel/2021.9.0/py-setuptools-63.4.3-5extjhr/lib/python3.11/site-packages:/work2/noaa/global/mterry/global-workflow_forked/sorc/wxflow/src:/work2/noaa/global/mterry/global-workflow_forked/sorc/wxflow/src:/work2/noaa/global/mterry/global-workflow_forked/ush/python
++ export PYTHONPATH
++ ulimit -S -s 16384
++ unset ulimit_s
+ status=0
+ [[ 0 -ne 0 ]]
+ export job=eupd
+ job=eupd
+ export jobid=eupd.491789
+ jobid=eupd.491789
+ /work2/noaa/global/mterry/global-workflow_forked/jobs/JGDAS_ENKF_UPDATE
Begin /work2/noaa/global/mterry/global-workflow_forked/jobs/JGDAS_ENKF_UPDATE at Tue Jul 29 07:09:57 UTC 2025
++ jjob_header.sh[46]OPTIND=1
++ jjob_header.sh[47]getopts c:e: option
++ jjob_header.sh[48]case "${option}" in
++ jjob_header.sh[50]env_job=eupd
++ jjob_header.sh[47]getopts c:e: option
++ jjob_header.sh[48]case "${option}" in
++ jjob_header.sh[49]read -ra configs
++ jjob_header.sh[47]getopts c:e: option
++ jjob_header.sh[61]shift 4
++ jjob_header.sh[63][[ -z eupd ]]
++ jjob_header.sh[71]export DATA=/work2/noaa/stmp/mterry/HERCULES/RUNDIRS/C96C48mx500_S2SW_cyc_gfs/enkfgfs.2021122100/eupd.491789
++ jjob_header.sh[71]DATA=/work2/noaa/stmp/mterry/HERCULES/RUNDIRS/C96C48mx500_S2SW_cyc_gfs/enkfgfs.2021122100/eupd.491789
++ jjob_header.sh[72][[ YES == \Y\E\S ]]
++ jjob_header.sh[73]rm -rf /work2/noaa/stmp/mterry/HERCULES/RUNDIRS/C96C48mx500_S2SW_cyc_gfs/enkfgfs.2021122100/eupd.491789
++ jjob_header.sh[75]mkdir -p /work2/noaa/stmp/mterry/HERCULES/RUNDIRS/C96C48mx500_S2SW_cyc_gfs/enkfgfs.2021122100/eupd.491789
++ jjob_header.sh[76]cd /work2/noaa/stmp/mterry/HERCULES/RUNDIRS/C96C48mx500_S2SW_cyc_gfs/enkfgfs.2021122100/eupd.491789
++ jjob_header.sh[85]export pid=492245
++ jjob_header.sh[85]pid=492245
++ jjob_header.sh[86]export pgmout=OUTPUT.492245
++ jjob_header.sh[86]pgmout=OUTPUT.492245
++ jjob_header.sh[87]export pgmerr=errfile
++ jjob_header.sh[87]pgmerr=errfile
++ jjob_header.sh[90]export pgm=
++ jjob_header.sh[90]pgm=
++ jjob_header.sh[96]export cycle=t00z
++ jjob_header.sh[96]cycle=t00z
++ jjob_header.sh[97]setpdy.sh
+ setpdy.sh[20]'[' /work2/noaa/stmp/mterry/HERCULES/RUNDIRS/C96C48mx500_S2SW_cyc_gfs/enkfgfs.2021122100/eupd.491789 == /home/mterry ']'
+ setpdy.sh[25][[ ! t00z =~ t??z ]]
+ setpdy.sh[30]case $# in
+ setpdy.sh[31]dates_before_PDY=7
+ setpdy.sh[32]dates_after_PDY=7
+ setpdy.sh[50]COMDATEROOT=/work2/noaa/global/mterry/RUNTESTS/COMROOT
+ setpdy.sh[53]'[' -z 20211221 ']'
+ setpdy.sh[57]sed 's/[0-9]\{8\}/20211221/' /work2/noaa/global/mterry/RUNTESTS/COMROOT/date/t00z
sed: can't read /work2/noaa/global/mterry/RUNTESTS/COMROOT/date/t00z: No such file or directory
++ jjob_header.sh[97]true
++ jjob_header.sh[98]source ./PDY
/work2/noaa/global/mterry/global-workflow_forked/ush/jjob_header.sh: line 98: ./PDY: No such file or directory
++ jjob_header.sh[98]true
++ jjob_header.sh[104]export EXPDIR=/work2/noaa/global/mterry/RUNTESTS/EXPDIR/C96C48mx500_S2SW_cyc_gfs
++ jjob_header.sh[104]EXPDIR=/work2/noaa/global/mterry/RUNTESTS/EXPDIR/C96C48mx500_S2SW_cyc_gfs
++ jjob_header.sh[105]for config in "${configs[@]:-''}"
++ jjob_header.sh[106]source /work2/noaa/global/mterry/RUNTESTS/EXPDIR/C96C48mx500_S2SW_cyc_gfs/config.base
+++ config.base[6]echo 'BEGIN: config.base'
BEGIN: config.base
+++ config.base[9]export machine=HERCULES
+++ config.base[9]machine=HERCULES
+++ config.base[12]export RUN_ENVIR=emc
+++ config.base[12]RUN_ENVIR=emc
+++ config.base[15]export ACCOUNT=fv3-cpu
+++ config.base[15]ACCOUNT=fv3-cpu
+++ config.base[16]export QUEUE=batch
+++ config.base[16]QUEUE=batch
+++ config.base[17]export QUEUE_SERVICE=batch
+++ config.base[17]QUEUE_SERVICE=batch
+++ config.base[18]export QUEUE_DTN=batch
+++ config.base[18]QUEUE_DTN=batch
+++ config.base[19]export PARTITION_BATCH=hercules
+++ config.base[19]PARTITION_BATCH=hercules
+++ config.base[20]export PARTITION_SERVICE=service
+++ config.base[20]PARTITION_SERVICE=service
+++ config.base[21]export PARTITION_DTN=
+++ config.base[21]PARTITION_DTN=
+++ config.base[22]export RESERVATION=
+++ config.base[22]RESERVATION=
+++ config.base[23]export CLUSTERS=
+++ config.base[23]CLUSTERS=
+++ config.base[24]export CLUSTERS_SERVICE=
+++ config.base[24]CLUSTERS_SERVICE=
+++ config.base[25]export CLUSTERS_DTN=
+++ config.base[25]CLUSTERS_DTN=
+++ config.base[28]export HPSS_PROJECT=emc-global
+++ config.base[28]HPSS_PROJECT=emc-global
+++ config.base[31]export HOMEgfs=/work2/noaa/global/mterry/global-workflow_forked
+++ config.base[31]HOMEgfs=/work2/noaa/global/mterry/global-workflow_forked
+++ config.base[32]export EXECgfs=/work2/noaa/global/mterry/global-workflow_forked/exec
+++ config.base[32]EXECgfs=/work2/noaa/global/mterry/global-workflow_forked/exec
+++ config.base[33]export FIXgfs=/work2/noaa/global/mterry/global-workflow_forked/fix
+++ config.base[33]FIXgfs=/work2/noaa/global/mterry/global-workflow_forked/fix
+++ config.base[34]export PARMgfs=/work2/noaa/global/mterry/global-workflow_forked/parm
+++ config.base[34]PARMgfs=/work2/noaa/global/mterry/global-workflow_forked/parm
+++ config.base[35]export SCRgfs=/work2/noaa/global/mterry/global-workflow_forked/scripts
+++ config.base[35]SCRgfs=/work2/noaa/global/mterry/global-workflow_forked/scripts
+++ config.base[36]export USHgfs=/work2/noaa/global/mterry/global-workflow_forked/ush
+++ config.base[36]USHgfs=/work2/noaa/global/mterry/global-workflow_forked/ush
+++ config.base[38]export FIXam=/work2/noaa/global/mterry/global-workflow_forked/fix/am
+++ config.base[38]FIXam=/work2/noaa/global/mterry/global-workflow_forked/fix/am
+++ config.base[39]export FIXaer=/work2/noaa/global/mterry/global-workflow_forked/fix/aer
+++ config.base[39]FIXaer=/work2/noaa/global/mterry/global-workflow_forked/fix/aer
+++ config.base[40]export FIXcpl=/work2/noaa/global/mterry/global-workflow_forked/fix/cpl
+++ config.base[40]FIXcpl=/work2/noaa/global/mterry/global-workflow_forked/fix/cpl
+++ config.base[41]export FIXlut=/work2/noaa/global/mterry/global-workflow_forked/fix/lut
+++ config.base[41]FIXlut=/work2/noaa/global/mterry/global-workflow_forked/fix/lut
+++ config.base[42]export FIXcice=/work2/noaa/global/mterry/global-workflow_forked/fix/cice
+++ config.base[42]FIXcice=/work2/noaa/global/mterry/global-workflow_forked/fix/cice
+++ config.base[43]export FIXmom=/work2/noaa/global/mterry/global-workflow_forked/fix/mom6
+++ config.base[43]FIXmom=/work2/noaa/global/mterry/global-workflow_forked/fix/mom6
+++ config.base[44]export FIXreg2grb2=/work2/noaa/global/mterry/global-workflow_forked/fix/reg2grb2
+++ config.base[44]FIXreg2grb2=/work2/noaa/global/mterry/global-workflow_forked/fix/reg2grb2
+++ config.base[45]export FIXgdas=/work2/noaa/global/mterry/global-workflow_forked/fix/gdas
+++ config.base[45]FIXgdas=/work2/noaa/global/mterry/global-workflow_forked/fix/gdas
+++ config.base[50]export PACKAGEROOT=/work2/noaa/global/role-global/nwpara
+++ config.base[50]PACKAGEROOT=/work2/noaa/global/role-global/nwpara
+++ config.base[51]export COMROOT=/work2/noaa/global/mterry/RUNTESTS/COMROOT
+++ config.base[51]COMROOT=/work2/noaa/global/mterry/RUNTESTS/COMROOT
+++ config.base[52]export COMINsyn=/work2/noaa/global/role-global/com/gfs/prod/syndat
+++ config.base[52]COMINsyn=/work2/noaa/global/role-global/com/gfs/prod/syndat
+++ config.base[53]export DMPDIR=/work/noaa/rstprod/dump
+++ config.base[53]DMPDIR=/work/noaa/rstprod/dump
+++ config.base[57]export COMINecmwf=/work2/noaa/global/role-global/data/external_gempak/ecmwf
+++ config.base[57]COMINecmwf=/work2/noaa/global/role-global/data/external_gempak/ecmwf
+++ config.base[58]export COMINnam=/work2/noaa/global/role-global/data/external_gempak/nam
+++ config.base[58]COMINnam=/work2/noaa/global/role-global/data/external_gempak/nam
+++ config.base[59]export COMINukmet=/work2/noaa/global/role-global/data/external_gempak/ukmet
+++ config.base[59]COMINukmet=/work2/noaa/global/role-global/data/external_gempak/ukmet
+++ config.base[62]export HOMEDIR=/work2/noaa/global/mterry
+++ config.base[62]HOMEDIR=/work2/noaa/global/mterry
+++ config.base[63]export STMP=/work2/noaa/stmp/mterry/HERCULES
+++ config.base[63]STMP=/work2/noaa/stmp/mterry/HERCULES
+++ config.base[64]export PTMP=/work2/noaa/stmp/mterry/HERCULES
+++ config.base[64]PTMP=/work2/noaa/stmp/mterry/HERCULES
+++ config.base[65]export NOSCRUB=/work2/noaa/global/mterry
+++ config.base[65]NOSCRUB=/work2/noaa/global/mterry
+++ config.base[68]export BASE_GIT=/work2/noaa/global/role-global/git
+++ config.base[68]BASE_GIT=/work2/noaa/global/role-global/git
+++ config.base[71]export BASE_DATA=/work2/noaa/global/role-global/data
+++ config.base[71]BASE_DATA=/work2/noaa/global/role-global/data
+++ config.base[74]export DO_PREP_SFC=NO
+++ config.base[74]DO_PREP_SFC=NO
+++ config.base[77]export DO_GOES=NO
+++ config.base[77]DO_GOES=NO
+++ config.base[78]export DO_BUFRSND=NO
+++ config.base[78]DO_BUFRSND=NO
+++ config.base[79]export DO_GEMPAK=NO
+++ config.base[79]DO_GEMPAK=NO
+++ config.base[80]export DO_AWIPS=NO
+++ config.base[80]DO_AWIPS=NO
+++ config.base[81]export DO_NPOESS=NO
+++ config.base[81]DO_NPOESS=NO
+++ config.base[82]export DO_TRACKER=YES
+++ config.base[82]DO_TRACKER=YES
+++ config.base[83]export DO_GENESIS=YES
+++ config.base[83]DO_GENESIS=YES
+++ config.base[84]export DO_GENESIS_FSU=NO
+++ config.base[84]DO_GENESIS_FSU=NO
+++ config.base[85]export DO_VERFOZN=YES
+++ config.base[85]DO_VERFOZN=YES
+++ config.base[86]export DO_VERFRAD=YES
+++ config.base[86]DO_VERFRAD=YES
+++ config.base[87]export DO_VMINMON=YES
+++ config.base[87]DO_VMINMON=YES
+++ config.base[88]export DO_ANLSTAT=NO
+++ config.base[88]DO_ANLSTAT=NO
+++ config.base[91]export MODE=cycled
+++ config.base[91]MODE=cycled
+++ config.base[92]export DO_TEST_MODE=NO
+++ config.base[92]DO_TEST_MODE=NO
+++ config.base[101]export FIXgsi=/work2/noaa/global/mterry/global-workflow_forked/fix/gsi
+++ config.base[101]FIXgsi=/work2/noaa/global/mterry/global-workflow_forked/fix/gsi
+++ config.base[102]export HOMEpost=/work2/noaa/global/mterry/global-workflow_forked
+++ config.base[102]HOMEpost=/work2/noaa/global/mterry/global-workflow_forked
+++ config.base[103]export HOMEobsproc=/work2/noaa/global/role-global/git/obsproc/v1.2.0
+++ config.base[103]HOMEobsproc=/work2/noaa/global/role-global/git/obsproc/v1.2.0
+++ config.base[106]export NMV=/bin/mv
+++ config.base[106]NMV=/bin/mv
+++ config.base[107]export 'NLN=/bin/ln -sf'
+++ config.base[107]NLN='/bin/ln -sf'
+++ config.base[108]export VERBOSE=YES
+++ config.base[108]VERBOSE=YES
+++ config.base[109]export KEEPDATA=NO
+++ config.base[109]KEEPDATA=NO
+++ config.base[110]export DEBUG_POSTSCRIPT=NO
+++ config.base[110]DEBUG_POSTSCRIPT=NO
+++ config.base[111]export CHGRP_RSTPROD=YES
+++ config.base[111]CHGRP_RSTPROD=YES
+++ config.base[112]export 'CHGRP_CMD=chgrp rstprod'
+++ config.base[112]CHGRP_CMD='chgrp rstprod'
+++ config.base[113]export NCDUMP=/work/noaa/epic/role-epic/spack-stack/hercules/spack-stack-1.6.0/envs/unified-env/install/intel/2021.9.0/netcdf-c-4.9.2-tslbcfy/bin/ncdump
+++ config.base[113]NCDUMP=/work/noaa/epic/role-epic/spack-stack/hercules/spack-stack-1.6.0/envs/unified-env/install/intel/2021.9.0/netcdf-c-4.9.2-tslbcfy/bin/ncdump
+++ config.base[114]export NCLEN=/work2/noaa/global/mterry/global-workflow_forked/ush/getncdimlen
+++ config.base[114]NCLEN=/work2/noaa/global/mterry/global-workflow_forked/ush/getncdimlen
+++ config.base[117]export BASE_ENV=/work2/noaa/global/mterry/global-workflow_forked/env
+++ config.base[117]BASE_ENV=/work2/noaa/global/mterry/global-workflow_forked/env
+++ config.base[120]export SDATE=2021122012
+++ config.base[120]SDATE=2021122012
+++ config.base[121]export EDATE=2021122100
+++ config.base[121]EDATE=2021122100
+++ config.base[122]export EXP_WARM_START=.false.
+++ config.base[122]EXP_WARM_START=.false.
+++ config.base[123]export assim_freq=6
+++ config.base[123]assim_freq=6
+++ config.base[124]export PSLOT=C96C48mx500_S2SW_cyc_gfs
+++ config.base[124]PSLOT=C96C48mx500_S2SW_cyc_gfs
+++ config.base[125]export EXPDIR=/work2/noaa/global/mterry/RUNTESTS/EXPDIR/C96C48mx500_S2SW_cyc_gfs
+++ config.base[125]EXPDIR=/work2/noaa/global/mterry/RUNTESTS/EXPDIR/C96C48mx500_S2SW_cyc_gfs
+++ config.base[126]export ROTDIR=/work2/noaa/global/mterry/RUNTESTS/COMROOT/C96C48mx500_S2SW_cyc_gfs
+++ config.base[126]ROTDIR=/work2/noaa/global/mterry/RUNTESTS/COMROOT/C96C48mx500_S2SW_cyc_gfs
+++ config.base[127]export DUMP_SUFFIX=
+++ config.base[127]DUMP_SUFFIX=
+++ config.base[128][[ 2021122100 -ge 2019092100 ]]
+++ config.base[128][[ 2021122100 -le 2019110700 ]]
+++ config.base[131]export ARCDIR=/work2/noaa/global/mterry/archive/C96C48mx500_S2SW_cyc_gfs
+++ config.base[131]ARCDIR=/work2/noaa/global/mterry/archive/C96C48mx500_S2SW_cyc_gfs
+++ config.base[132]export ATARDIR=/NCEPDEV/emc-global/1year/mterry/HERCULES/scratch/C96C48mx500_S2SW_cyc_gfs
+++ config.base[132]ATARDIR=/NCEPDEV/emc-global/1year/mterry/HERCULES/scratch/C96C48mx500_S2SW_cyc_gfs
+++ config.base[133]export 'FETCHDIR={{ FETCHDIR }}'
+++ config.base[133]FETCHDIR='{{ FETCHDIR }}'
+++ config.base[136]export envir=prod
+++ config.base[136]envir=prod
+++ config.base[137]export NET=gfs
+++ config.base[137]NET=gfs
+++ config.base[138]export RUN=enkfgfs
+++ config.base[138]RUN=enkfgfs
+++ config.base[141]source /work2/noaa/global/mterry/RUNTESTS/EXPDIR/C96C48mx500_S2SW_cyc_gfs/config.com
++++ config.com[4]echo 'BEGIN: config.com'
BEGIN: config.com
++++ config.com[38][[ emc == \n\c\o ]]
++++ config.com[43]COM_OBSPROC_TMPL='${DMPDIR}/${RUN}${DUMP_SUFFIX}.${YMD}/${HH}/atmos'
++++ config.com[44]COM_RTOFS_TMPL='${DMPDIR}'
++++ config.com[45]COM_TCVITAL_TMPL='${DMPDIR}/${RUN}.${YMD}/${HH}/atmos'
++++ config.com[47]declare -rx 'COM_OBS_TMPL=${ROTDIR}/${RUN}.${YMD}/${HH}/obs'
++++ config.com[48]declare -rx COM_OBSPROC_TMPL COM_RTOFS_TMPL
++++ config.com[50]COM_BASE='${ROTDIR}/${RUN}.${YMD}/${HH}/${MEMDIR}'
++++ config.com[52]declare -rx 'COM_TOP_TMPL=${ROTDIR}/${RUN}.${YMD}/${HH}'
++++ config.com[54]declare -rx 'COM_CONF_TMPL=${ROTDIR}/${RUN}.${YMD}/${HH}/${MEMDIR}/conf'
++++ config.com[55]declare -rx 'COM_OBS_JEDI=${ROTDIR}/${RUN}.${YMD}/${HH}/${MEMDIR}/obs_jedi'
++++ config.com[57]declare -rx 'COM_ATMOS_INPUT_TMPL=${ROTDIR}/${RUN}.${YMD}/${HH}/${MEMDIR}/model/atmos/input'
++++ config.com[58]declare -rx 'COM_ATMOS_RESTART_TMPL=${ROTDIR}/${RUN}.${YMD}/${HH}/${MEMDIR}/model/atmos/restart'
++++ config.com[59]declare -rx 'COM_ATMOS_ANALYSIS_TMPL=${ROTDIR}/${RUN}.${YMD}/${HH}/${MEMDIR}/analysis/atmos'
++++ config.com[60]declare -rx 'COM_SNOW_ANALYSIS_TMPL=${ROTDIR}/${RUN}.${YMD}/${HH}/${MEMDIR}/analysis/snow'
++++ config.com[61]declare -rx 'COM_SNOW_ANLMON_TMPL=${ROTDIR}/${RUN}.${YMD}/${HH}/${MEMDIR}/products/snow/anlmon'
++++ config.com[62]declare -rx 'COM_ATMOS_HISTORY_TMPL=${ROTDIR}/${RUN}.${YMD}/${HH}/${MEMDIR}/model/atmos/history'
++++ config.com[63]declare -rx 'COM_ATMOS_MASTER_TMPL=${ROTDIR}/${RUN}.${YMD}/${HH}/${MEMDIR}/model/atmos/master'
++++ config.com[64]declare -rx 'COM_ATMOS_GRIB_TMPL=${ROTDIR}/${RUN}.${YMD}/${HH}/${MEMDIR}/products/atmos/grib2'
++++ config.com[65]declare -rx 'COM_ATMOS_GRIB_GRID_TMPL=${ROTDIR}/${RUN}.${YMD}/${HH}/${MEMDIR}/products/atmos/grib2/${GRID}'
++++ config.com[66]declare -rx 'COM_ATMOS_BUFR_TMPL=${ROTDIR}/${RUN}.${YMD}/${HH}/${MEMDIR}/products/atmos/bufr'
++++ config.com[67]declare -rx 'COM_ATMOS_GEMPAK_TMPL=${ROTDIR}/${RUN}.${YMD}/${HH}/${MEMDIR}/products/atmos/gempak/${GRID}'
++++ config.com[68]declare -rx 'COM_ATMOS_GENESIS_TMPL=${ROTDIR}/${RUN}.${YMD}/${HH}/${MEMDIR}/products/atmos/cyclone/genesis_vital'
++++ config.com[69]declare -rx 'COM_ATMOS_TRACK_TMPL=${ROTDIR}/${RUN}.${YMD}/${HH}/${MEMDIR}/products/atmos/cyclone/tracks'
++++ config.com[70]declare -rx 'COM_ATMOS_GOES_TMPL=${ROTDIR}/${RUN}.${YMD}/${HH}/${MEMDIR}/products/atmos/goes_sim'
++++ config.com[71]declare -rx 'COM_ATMOS_IMAGERY_TMPL=${ROTDIR}/${RUN}.${YMD}/${HH}/${MEMDIR}/products/atmos/imagery'
++++ config.com[72]declare -rx 'COM_ATMOS_OZNMON_TMPL=${ROTDIR}/${RUN}.${YMD}/${HH}/${MEMDIR}/products/atmos/oznmon'
++++ config.com[73]declare -rx 'COM_ATMOS_RADMON_TMPL=${ROTDIR}/${RUN}.${YMD}/${HH}/${MEMDIR}/products/atmos/radmon'
++++ config.com[74]declare -rx 'COM_ATMOS_MINMON_TMPL=${ROTDIR}/${RUN}.${YMD}/${HH}/${MEMDIR}/products/atmos/minmon'
++++ config.com[75]declare -rx 'COM_ATMOS_ANLMON_TMPL=${ROTDIR}/${RUN}.${YMD}/${HH}/${MEMDIR}/products/atmos/anlmon'
++++ config.com[76]declare -rx 'COM_ATMOS_WMO_TMPL=${ROTDIR}/${RUN}.${YMD}/${HH}/${MEMDIR}/products/atmos/wmo'
++++ config.com[78]declare -rx 'COM_WAVE_RESTART_TMPL=${ROTDIR}/${RUN}.${YMD}/${HH}/${MEMDIR}/model/wave/restart'
++++ config.com[79]declare -rx 'COM_WAVE_PREP_TMPL=${ROTDIR}/${RUN}.${YMD}/${HH}/${MEMDIR}/model/wave/prep'
++++ config.com[80]declare -rx 'COM_WAVE_HISTORY_TMPL=${ROTDIR}/${RUN}.${YMD}/${HH}/${MEMDIR}/model/wave/history'
++++ config.com[81]declare -rx 'COM_WAVE_GRID_TMPL=${ROTDIR}/${RUN}.${YMD}/${HH}/${MEMDIR}/products/wave/gridded'
++++ config.com[82]declare -rx 'COM_WAVE_GRID_RES_TMPL=${ROTDIR}/${RUN}.${YMD}/${HH}/${MEMDIR}/products/wave/gridded/${GRDRESNAME}'
++++ config.com[83]declare -rx 'COM_WAVE_STATION_TMPL=${ROTDIR}/${RUN}.${YMD}/${HH}/${MEMDIR}/products/wave/station'
++++ config.com[84]declare -rx 'COM_WAVE_GEMPAK_TMPL=${ROTDIR}/${RUN}.${YMD}/${HH}/${MEMDIR}/products/wave/gempak'
++++ config.com[85]declare -rx 'COM_WAVE_WMO_TMPL=${ROTDIR}/${RUN}.${YMD}/${HH}/${MEMDIR}/products/wave/wmo'
++++ config.com[87]declare -rx 'COM_OCEAN_HISTORY_TMPL=${ROTDIR}/${RUN}.${YMD}/${HH}/${MEMDIR}/model/ocean/history'
++++ config.com[88]declare -rx 'COM_OCEAN_RESTART_TMPL=${ROTDIR}/${RUN}.${YMD}/${HH}/${MEMDIR}/model/ocean/restart'
++++ config.com[89]declare -rx 'COM_OCEAN_INPUT_TMPL=${ROTDIR}/${RUN}.${YMD}/${HH}/${MEMDIR}/model/ocean/input'
++++ config.com[90]declare -rx 'COM_OCEAN_ANALYSIS_TMPL=${ROTDIR}/${RUN}.${YMD}/${HH}/${MEMDIR}/analysis/ocean'
++++ config.com[91]declare -rx 'COM_OCEAN_ANLMON_TMPL=${ROTDIR}/${RUN}.${YMD}/${HH}/${MEMDIR}/products/ocean/anlmon'
++++ config.com[92]declare -rx 'COM_OCEAN_LETKF_TMPL=${ROTDIR}/${RUN}.${YMD}/${HH}/${MEMDIR}/analysis/ocean/letkf'
++++ config.com[93]declare -rx 'COM_OCEAN_BMATRIX_TMPL=${ROTDIR}/${RUN}.${YMD}/${HH}/${MEMDIR}/bmatrix/ocean'
++++ config.com[94]declare -rx 'COM_OCEAN_NETCDF_TMPL=${ROTDIR}/${RUN}.${YMD}/${HH}/${MEMDIR}/products/ocean/netcdf'
++++ config.com[95]declare -rx 'COM_OCEAN_GRIB_TMPL=${ROTDIR}/${RUN}.${YMD}/${HH}/${MEMDIR}/products/ocean/grib2'
++++ config.com[96]declare -rx 'COM_OCEAN_GRIB_GRID_TMPL=${ROTDIR}/${RUN}.${YMD}/${HH}/${MEMDIR}/products/ocean/grib2/${GRID}'
++++ config.com[98]declare -rx 'COM_ICE_ANALYSIS_TMPL=${ROTDIR}/${RUN}.${YMD}/${HH}/${MEMDIR}/analysis/ice'
++++ config.com[99]declare -rx 'COM_ICE_LETKF_TMPL=${ROTDIR}/${RUN}.${YMD}/${HH}/${MEMDIR}/analysis/ice/letkf'
++++ config.com[100]declare -rx 'COM_ICE_ANLMON_TMPL=${ROTDIR}/${RUN}.${YMD}/${HH}/${MEMDIR}/products/ice/anlmon'
++++ config.com[101]declare -rx 'COM_ICE_BMATRIX_TMPL=${ROTDIR}/${RUN}.${YMD}/${HH}/${MEMDIR}/bmatrix/ice'
++++ config.com[102]declare -rx 'COM_ICE_INPUT_TMPL=${ROTDIR}/${RUN}.${YMD}/${HH}/${MEMDIR}/model/ice/input'
++++ config.com[103]declare -rx 'COM_ICE_HISTORY_TMPL=${ROTDIR}/${RUN}.${YMD}/${HH}/${MEMDIR}/model/ice/history'
++++ config.com[104]declare -rx 'COM_ICE_RESTART_TMPL=${ROTDIR}/${RUN}.${YMD}/${HH}/${MEMDIR}/model/ice/restart'
++++ config.com[105]declare -rx 'COM_ICE_NETCDF_TMPL=${ROTDIR}/${RUN}.${YMD}/${HH}/${MEMDIR}/products/ice/netcdf'
++++ config.com[106]declare -rx 'COM_ICE_GRIB_TMPL=${ROTDIR}/${RUN}.${YMD}/${HH}/${MEMDIR}/products/ice/grib2'
++++ config.com[107]declare -rx 'COM_ICE_GRIB_GRID_TMPL=${ROTDIR}/${RUN}.${YMD}/${HH}/${MEMDIR}/products/ice/grib2/${GRID}'
++++ config.com[109]declare -rx 'COM_CHEM_HISTORY_TMPL=${ROTDIR}/${RUN}.${YMD}/${HH}/${MEMDIR}/model/chem/history'
++++ config.com[110]declare -rx 'COM_CHEM_ANALYSIS_TMPL=${ROTDIR}/${RUN}.${YMD}/${HH}/${MEMDIR}/analysis/chem'
++++ config.com[111]declare -rx 'COM_CHEM_BMAT_TMPL=${ROTDIR}/${RUN}.${YMD}/${HH}/${MEMDIR}/analysis/chem/bmatrix'
++++ config.com[112]declare -rx 'COM_CHEM_ANLMON_TMPL=${ROTDIR}/${RUN}.${YMD}/${HH}/${MEMDIR}/products/chem/anlmon'
++++ config.com[114]declare -rx 'COM_MED_RESTART_TMPL=${ROTDIR}/${RUN}.${YMD}/${HH}/${MEMDIR}/model/med/restart'
+++ config.base[143]export LOGSCRIPT=
+++ config.base[143]LOGSCRIPT=
+++ config.base[145]export 'REDOUT=1>'
+++ config.base[145]REDOUT='1>'
+++ config.base[146]export 'REDERR=2>'
+++ config.base[146]REDERR='2>'
+++ config.base[148]export SENDECF=NO
+++ config.base[148]SENDECF=NO
+++ config.base[149]export SENDSDM=NO
+++ config.base[149]SENDSDM=NO
+++ config.base[150]export SENDDBN_NTC=NO
+++ config.base[150]SENDDBN_NTC=NO
+++ config.base[151]export SENDDBN=NO
+++ config.base[151]SENDDBN=NO
+++ config.base[152]export DBNROOT=/work/noaa/epic/role-epic/spack-stack/hercules/spack-stack-1.6.0/envs/unified-env/install/intel/2021.9.0/prod-util-2.1.1-ddlo2cq/fakedbn
+++ config.base[152]DBNROOT=/work/noaa/epic/role-epic/spack-stack/hercules/spack-stack-1.6.0/envs/unified-env/install/intel/2021.9.0/prod-util-2.1.1-ddlo2cq/fakedbn
+++ config.base[153]export SENDAWIP=NO
+++ config.base[153]SENDAWIP=NO
+++ config.base[156]export APP=S2SW
+++ config.base[156]APP=S2SW
+++ config.base[158]shopt -s extglob
+++ config.base[161]case "${RUN}" in
+++ config.base[163]APP=S2S
+++ config.base[168]shopt -u extglob
+++ config.base[171]export DO_ATM=YES
+++ config.base[171]DO_ATM=YES
+++ config.base[172]export DO_COUPLED=NO
+++ config.base[172]DO_COUPLED=NO
+++ config.base[173]export DO_WAVE=NO
+++ config.base[173]DO_WAVE=NO
+++ config.base[174]export DO_OCN=NO
+++ config.base[174]DO_OCN=NO
+++ config.base[175]export DO_ICE=NO
+++ config.base[175]DO_ICE=NO
+++ config.base[176]DO_AERO=NO
+++ config.base[177]export DO_PREP_OBS_AERO=NO
+++ config.base[177]DO_PREP_OBS_AERO=NO
+++ config.base[178]aero_fcst_runs=gdas
+++ config.base[179]aero_anl_runs='gdas gfs'
+++ config.base[180]export DO_AERO_FCST=NO
+++ config.base[180]DO_AERO_FCST=NO
+++ config.base[181]export DO_AERO_ANL=NO
+++ config.base[181]DO_AERO_ANL=NO
+++ config.base[182]export DOBNDPNT_WAVE=YES
+++ config.base[182]DOBNDPNT_WAVE=YES
+++ config.base[183]export DOIBP_WAV=NO
+++ config.base[183]DOIBP_WAV=NO
+++ config.base[184]export FRAC_GRID=.true.
+++ config.base[184]FRAC_GRID=.true.
+++ config.base[185]export DO_NEST=NO
+++ config.base[185]DO_NEST=NO
+++ config.base[186][[ NO == \Y\E\S ]]
+++ config.base[192]export ntiles=6
+++ config.base[192]ntiles=6
+++ config.base[193]export FIXugwd=/work2/noaa/global/mterry/global-workflow_forked/fix/ugwd
+++ config.base[193]FIXugwd=/work2/noaa/global/mterry/global-workflow_forked/fix/ugwd
+++ config.base[194]export FIXorog=/work2/noaa/global/mterry/global-workflow_forked/fix/orog
+++ config.base[194]FIXorog=/work2/noaa/global/mterry/global-workflow_forked/fix/orog
+++ config.base[198]export OPS_RES=C768
+++ config.base[198]OPS_RES=C768
+++ config.base[201]export LEVS=128
+++ config.base[201]LEVS=128
+++ config.base[202]export CASE=C96
+++ config.base[202]CASE=C96
+++ config.base[203]export CASE_ENS=C48
+++ config.base[203]CASE_ENS=C48
+++ config.base[204]export OCNRES=500
+++ config.base[204]OCNRES=500
+++ config.base[205]export ICERES=500
+++ config.base[205]ICERES=500
+++ config.base[208]case "${CASE}" in
+++ config.base[213]export waveGRD=uglo_100km
+++ config.base[213]waveGRD=uglo_100km
+++ config.base[227]case "${APP}" in
+++ config.base[243]export DO_COUPLED=YES
+++ config.base[243]DO_COUPLED=YES
+++ config.base[244]export DO_OCN=YES
+++ config.base[244]DO_OCN=YES
+++ config.base[245]export DO_ICE=YES
+++ config.base[245]DO_ICE=YES
+++ config.base[247][[ S2S =~ A$ ]]
+++ config.base[251][[ S2S =~ ^S2SW ]]
+++ config.base[262][[ NO == \Y\E\S ]]
+++ config.base[272][[ enkfgfs =~ gdas ]]
+++ config.base[275][[ enkfgfs =~ gfs ]]
+++ config.base[276]export FHCYC=24
+++ config.base[276]FHCYC=24
+++ config.base[280]export FHMIN=0
+++ config.base[280]FHMIN=0
+++ config.base[281]export FHMAX=9
+++ config.base[281]FHMAX=9
+++ config.base[282]export FHOUT=3
+++ config.base[282]FHOUT=3
+++ config.base[283]export FHOUT_OCN=3
+++ config.base[283]FHOUT_OCN=3
+++ config.base[284]export FHOUT_ICE=3
+++ config.base[284]FHOUT_ICE=3
+++ config.base[285]export FHOUT_AERO=3
+++ config.base[285]FHOUT_AERO=3
+++ config.base[288]export EUPD_CYC=both
+++ config.base[288]EUPD_CYC=both
+++ config.base[291]export INTERVAL_GFS=6
+++ config.base[291]INTERVAL_GFS=6
+++ config.base[292]export SDATE_GFS=2021122018
+++ config.base[292]SDATE_GFS=2021122018
+++ config.base[295]export FHMIN_GFS=0
+++ config.base[295]FHMIN_GFS=0
+++ config.base[296]export FHMAX_GFS=120
+++ config.base[296]FHMAX_GFS=120
+++ config.base[298]breakpnts=
+++ config.base[299]export FCST_SEGMENTS=0,120
+++ config.base[299]FCST_SEGMENTS=0,120
+++ config.base[300]export FHOUT_GFS=3
+++ config.base[300]FHOUT_GFS=3
+++ config.base[301]export FHMAX_HF_GFS=48
+++ config.base[301]FHMAX_HF_GFS=48
+++ config.base[302]export FHMAX_HF_GFS=48
+++ config.base[302]FHMAX_HF_GFS=48
+++ config.base[303]export FHOUT_HF_GFS=1
+++ config.base[303]FHOUT_HF_GFS=1
+++ config.base[306]export FHMIN_WAV=0
+++ config.base[306]FHMIN_WAV=0
+++ config.base[307]export FHOUT_WAV=1
+++ config.base[307]FHOUT_WAV=1
+++ config.base[308]export FHMAX_WAV=9
+++ config.base[308]FHMAX_WAV=9
+++ config.base[309]export FHMAX_WAV=9
+++ config.base[309]FHMAX_WAV=9
+++ config.base[310]export FHOUT_WAV_GFS=3
+++ config.base[310]FHOUT_WAV_GFS=3
+++ config.base[311]export FHMAX_WAV_GFS=120
+++ config.base[311]FHMAX_WAV_GFS=120
+++ config.base[312]export FHOUT_HF_WAV=1
+++ config.base[312]FHOUT_HF_WAV=1
+++ config.base[313]export FHMAX_HF_WAV=48
+++ config.base[313]FHMAX_HF_WAV=48
+++ config.base[314]export FHMAX_HF_WAV=48
+++ config.base[314]FHMAX_HF_WAV=48
+++ config.base[317]export FHOUT_OCN_GFS=6
+++ config.base[317]FHOUT_OCN_GFS=6
+++ config.base[318]export FHOUT_ICE_GFS=6
+++ config.base[318]FHOUT_ICE_GFS=6
+++ config.base[321]export ILPOST=1
+++ config.base[321]ILPOST=1
+++ config.base[322]((  FHMAX_HF_GFS < 120  ))
+++ config.base[323]export ILPOST=3
+++ config.base[323]ILPOST=3
+++ config.base[327]export FHMAX_GOES=180
+++ config.base[327]FHMAX_GOES=180
+++ config.base[328]export FHOUT_GOES=3
+++ config.base[328]FHOUT_GOES=3
+++ config.base[329]((  FHMAX_GOES > FHMAX_GFS  ))
+++ config.base[330]export FHMAX_GOES=120
+++ config.base[330]FHMAX_GOES=120
+++ config.base[334]export restart_interval_gfs=12
+++ config.base[334]restart_interval_gfs=12
+++ config.base[339]export QUILTING=.true.
+++ config.base[339]QUILTING=.true.
+++ config.base[340]export OUTPUT_GRID=gaussian_grid
+++ config.base[340]OUTPUT_GRID=gaussian_grid
+++ config.base[341]export WRITE_DOPOST=.true.
+++ config.base[341]WRITE_DOPOST=.true.
+++ config.base[342]export WRITE_NSFLIP=.true.
+++ config.base[342]WRITE_NSFLIP=.true.
+++ config.base[345]export DOIAU=YES
+++ config.base[345]DOIAU=YES
+++ config.base[346]export IAUFHRS=3,6,9
+++ config.base[346]IAUFHRS=3,6,9
+++ config.base[347]export IAU_FHROT=3
+++ config.base[347]IAU_FHROT=3
+++ config.base[348]export IAU_DELTHRS=6
+++ config.base[348]IAU_DELTHRS=6
+++ config.base[349]export IAU_OFFSET=6
+++ config.base[349]IAU_OFFSET=6
+++ config.base[350]export DOIAU_ENKF=YES
+++ config.base[350]DOIAU_ENKF=YES
+++ config.base[351]export IAUFHRS_ENKF=3,6,9
+++ config.base[351]IAUFHRS_ENKF=3,6,9
+++ config.base[352]export IAU_DELTHRS_ENKF=6
+++ config.base[352]IAU_DELTHRS_ENKF=6
+++ config.base[355]export lobsdiag_forenkf=.true.
+++ config.base[355]lobsdiag_forenkf=.true.
+++ config.base[363]export imp_physics=8
+++ config.base[363]imp_physics=8
+++ config.base[367]export DO_JEDIATMVAR=NO
+++ config.base[367]DO_JEDIATMVAR=NO
+++ config.base[368]export DO_JEDIATMENS=NO
+++ config.base[368]DO_JEDIATMENS=NO
+++ config.base[369]export DO_JEDIOCNVAR=YES
+++ config.base[369]DO_JEDIOCNVAR=YES
+++ config.base[370]export DO_JEDISNOWDA=YES
+++ config.base[370]DO_JEDISNOWDA=YES
+++ config.base[371]export DO_MERGENSST=NO
+++ config.base[371]DO_MERGENSST=NO
+++ config.base[372]export DO_STARTMEM_FROM_JEDIICE=YES
+++ config.base[372]DO_STARTMEM_FROM_JEDIICE=YES
+++ config.base[375]export DOHYBVAR=YES
+++ config.base[375]DOHYBVAR=YES
+++ config.base[376]export DOHYBVAR_OCN=YES
+++ config.base[376]DOHYBVAR_OCN=YES
+++ config.base[377]export DOLETKF_OCN=NO
+++ config.base[377]DOLETKF_OCN=NO
+++ config.base[378]export NMEM_ENS=2
+++ config.base[378]NMEM_ENS=2
+++ config.base[379]export SMOOTH_ENKF=NO
+++ config.base[379]SMOOTH_ENKF=NO
+++ config.base[380]export l4densvar=.true.
+++ config.base[380]l4densvar=.true.
+++ config.base[381]export lwrite4danl=.true.
+++ config.base[381]lwrite4danl=.true.
+++ config.base[382]export DO_CALC_INCREMENT=NO
+++ config.base[382]DO_CALC_INCREMENT=NO
+++ config.base[385]export NMEM_ENS_GFS=2
+++ config.base[385]NMEM_ENS_GFS=2
+++ config.base[386]export NMEM_ENS_GFS_OFFSET=0
+++ config.base[386]NMEM_ENS_GFS_OFFSET=0
+++ config.base[387]export DO_CALC_INCREMENT_ENKF_GFS=NO
+++ config.base[387]DO_CALC_INCREMENT_ENKF_GFS=NO
+++ config.base[390][[ YES = \Y\E\S ]]
+++ config.base[391]export FHMIN_ENKF=3
+++ config.base[391]FHMIN_ENKF=3
+++ config.base[392]export FHMAX_ENKF=9
+++ config.base[392]FHMAX_ENKF=9
+++ config.base[393]export FHMAX_ENKF_GFS=12
+++ config.base[393]FHMAX_ENKF_GFS=12
+++ config.base[394]export FHOUT_ENKF_GFS=3
+++ config.base[394]FHOUT_ENKF_GFS=3
+++ config.base[395][[ .true. = \.\t\r\u\e\. ]]
+++ config.base[396]export FHOUT=1
+++ config.base[396]FHOUT=1
+++ config.base[397]export FHOUT_ENKF=1
+++ config.base[397]FHOUT_ENKF=1
+++ config.base[404][[ YES == \N\O ]]
+++ config.base[412]export ENKF_SPREAD=YES
+++ config.base[412]ENKF_SPREAD=YES
+++ config.base[415]export DO_GSISOILDA=YES
+++ config.base[415]DO_GSISOILDA=YES
+++ config.base[416]export DO_LAND_IAU=.true.
+++ config.base[416]DO_LAND_IAU=.true.
+++ config.base[417]export LSOIL_INCR=2
+++ config.base[417]LSOIL_INCR=2
+++ config.base[420][[ cycled = \c\y\c\l\e\d ]]
+++ config.base[420][[ 2021122012 = \2\0\2\1\1\2\2\1\0\0 ]]
+++ config.base[420][[ YES = \N\O ]]
+++ config.base[420][[ cycled = \f\o\r\e\c\a\s\t\-\o\n\l\y ]]
+++ config.base[427][[ YES = \N\O ]]
+++ config.base[431][[ YES == \Y\E\S ]]
+++ config.base[432]export restart_interval_enkfgdas=3
+++ config.base[432]restart_interval_enkfgdas=3
+++ config.base[437]export restart_interval_enkfgfs=3
+++ config.base[437]restart_interval_enkfgfs=3
+++ config.base[439][[ YES == \Y\E\S ]]
+++ config.base[440]export restart_interval_gdas=3
+++ config.base[440]restart_interval_gdas=3
+++ config.base[446]export DONST=YES
+++ config.base[446]DONST=YES
+++ config.base[447][[ YES = \Y\E\S ]]
+++ config.base[447]export 'FNTSFA=        '
+++ config.base[447]FNTSFA='        '
+++ config.base[450]export nst_anl=.true.
+++ config.base[450]nst_anl=.true.
+++ config.base[453]export MAKE_NSSTBUFR=NO
+++ config.base[453]MAKE_NSSTBUFR=NO
+++ config.base[456]export MAKE_ACFTBUFR=NO
+++ config.base[456]MAKE_ACFTBUFR=NO
+++ config.base[459]export 'INCREMENTS_TO_ZERO='\''liq_wat_inc'\'','\''icmr_inc'\'','\''rwmr_inc'\'','\''snmr_inc'\'','\''grle_inc'\'''
+++ config.base[459]INCREMENTS_TO_ZERO=''\''liq_wat_inc'\'','\''icmr_inc'\'','\''rwmr_inc'\'','\''snmr_inc'\'','\''grle_inc'\'''
+++ config.base[462]export 'INCVARS_ZERO_STRAT='\''sphum_inc'\'','\''liq_wat_inc'\'','\''icmr_inc'\'','\''rwmr_inc'\'','\''snmr_inc'\'','\''grle_inc'\'''
+++ config.base[462]INCVARS_ZERO_STRAT=''\''sphum_inc'\'','\''liq_wat_inc'\'','\''icmr_inc'\'','\''rwmr_inc'\'','\''snmr_inc'\'','\''grle_inc'\'''
+++ config.base[463]export INCVARS_EFOLD=5
+++ config.base[463]INCVARS_EFOLD=5
+++ config.base[468]export netcdf_diag=.true.
+++ config.base[468]netcdf_diag=.true.
+++ config.base[469]export binary_diag=.false.
+++ config.base[469]binary_diag=.false.
+++ config.base[472]export DO_CA=YES
+++ config.base[472]DO_CA=YES
+++ config.base[475]export DO_METP=YES
+++ config.base[475]DO_METP=YES
+++ config.base[476]export DO_FIT2OBS=YES
+++ config.base[476]DO_FIT2OBS=YES
+++ config.base[479]export FHMAX_FITS=132
+++ config.base[479]FHMAX_FITS=132
+++ config.base[480][[ 132 -gt 120 ]]
+++ config.base[481]export FHMAX_FITS=120
+++ config.base[481]FHMAX_FITS=120
+++ config.base[486]export DO_FETCH_HPSS=NO
+++ config.base[486]DO_FETCH_HPSS=NO
+++ config.base[487]export DO_FETCH_LOCAL=NO
+++ config.base[487]DO_FETCH_LOCAL=NO
+++ config.base[490]export DO_ARCHCOM=NO
+++ config.base[490]DO_ARCHCOM=NO
+++ config.base[491]export ARCHCOM_TO=globus_hpss
+++ config.base[491]ARCHCOM_TO=globus_hpss
+++ config.base[494]export CLIENT_GLOBUS_UUID=869912fe-f6de-46c0-af10-b22efd84a022
+++ config.base[494]CLIENT_GLOBUS_UUID=869912fe-f6de-46c0-af10-b22efd84a022
+++ config.base[497][[ NO = \Y\E\S ]]
+++ config.base[504][[ NO = \Y\E\S ]]
+++ config.base[504][[ YES = \Y\E\S ]]
+++ config.base[505]export DO_ANLSTAT=YES
+++ config.base[505]DO_ANLSTAT=YES
+++ config.base[510]export REPLAY_ICS=NO
+++ config.base[510]REPLAY_ICS=NO
+++ config.base[511]export OFFSET_START_HOUR=0
+++ config.base[511]OFFSET_START_HOUR=0
+++ config.base[514]export NUM_SND_COLLECTIVES=9
+++ config.base[514]NUM_SND_COLLECTIVES=9
+++ config.base[516]echo 'END: config.base'
END: config.base
++ jjob_header.sh[106]true
++ jjob_header.sh[107]export err=0
++ jjob_header.sh[107]err=0
++ jjob_header.sh[108][[ 0 -ne 0 ]]
++ jjob_header.sh[105]for config in "${configs[@]:-''}"
++ jjob_header.sh[106]source /work2/noaa/global/mterry/RUNTESTS/EXPDIR/C96C48mx500_S2SW_cyc_gfs/config.anal
+++ config.anal[6]echo 'BEGIN: config.anal'
BEGIN: config.anal
+++ config.anal[9]source /work2/noaa/global/mterry/RUNTESTS/EXPDIR/C96C48mx500_S2SW_cyc_gfs/config.resources anal
++++ config.resources[10]((  1 != 1  ))
++++ config.resources[34]step=anal
++++ config.resources[36]echo 'BEGIN: config.resources'
BEGIN: config.resources
++++ config.resources[38]case ${machine} in
++++ config.resources[61]max_tasks_per_node=80
++++ config.resources[62]mem_node_max=500GB
++++ config.resources[96]export max_tasks_per_node
++++ config.resources[98]case ${step} in
++++ config.resources[678][[ enkfgfs = *gdas ]]
++++ config.resources[698][[ enkfgfs = *gfs ]]
++++ config.resources[699]walltime=01:20:00
++++ config.resources[700]case ${CASE} in
++++ config.resources[710]ntasks=84
++++ config.resources[711]threads_per_task=5
++++ config.resources[719]tasks_per_node=16
++++ config.resources[720]export threads_per_task_cycle=5
++++ config.resources[720]threads_per_task_cycle=5
++++ config.resources[721]export tasks_per_node_cycle=16
++++ config.resources[721]tasks_per_node_cycle=16
++++ config.resources[722]export is_exclusive=True
++++ config.resources[722]is_exclusive=True
++++ config.resources[1398][[ -f /work2/noaa/global/mterry/RUNTESTS/EXPDIR/C96C48mx500_S2SW_cyc_gfs/config.resources.HERCULES ]]
++++ config.resources[1399]source /work2/noaa/global/mterry/RUNTESTS/EXPDIR/C96C48mx500_S2SW_cyc_gfs/config.resources.HERCULES
+++++ config.resources.HERCULES[6]case ${step} in
++++ config.resources[1403]for resource_var in threads_per_task ntasks tasks_per_node NTASKS memory walltime
++++ config.resources[1404]run_resource_var=threads_per_task_enkfgfs
++++ config.resources[1405][[ -n '' ]]
++++ config.resources[1407][[ -n 0 ]]
++++ config.resources[1408]export threads_per_task
++++ config.resources[1403]for resource_var in threads_per_task ntasks tasks_per_node NTASKS memory walltime
++++ config.resources[1404]run_resource_var=ntasks_enkfgfs
++++ config.resources[1405][[ -n '' ]]
++++ config.resources[1407][[ -n 0 ]]
++++ config.resources[1408]export ntasks
++++ config.resources[1403]for resource_var in threads_per_task ntasks tasks_per_node NTASKS memory walltime
++++ config.resources[1404]run_resource_var=tasks_per_node_enkfgfs
++++ config.resources[1405][[ -n '' ]]
++++ config.resources[1407][[ -n 0 ]]
++++ config.resources[1408]export tasks_per_node
++++ config.resources[1403]for resource_var in threads_per_task ntasks tasks_per_node NTASKS memory walltime
++++ config.resources[1404]run_resource_var=NTASKS_enkfgfs
++++ config.resources[1405][[ -n '' ]]
++++ config.resources[1407][[ -n '' ]]
++++ config.resources[1403]for resource_var in threads_per_task ntasks tasks_per_node NTASKS memory walltime
++++ config.resources[1404]run_resource_var=memory_enkfgfs
++++ config.resources[1405][[ -n '' ]]
++++ config.resources[1407][[ -n '' ]]
++++ config.resources[1403]for resource_var in threads_per_task ntasks tasks_per_node NTASKS memory walltime
++++ config.resources[1404]run_resource_var=walltime_enkfgfs
++++ config.resources[1405][[ -n '' ]]
++++ config.resources[1407][[ -n 0 ]]
++++ config.resources[1408]export walltime
++++ config.resources[1412]echo 'END: config.resources'
END: config.resources
+++ config.anal[11][[ YES = \Y\E\S ]]
+++ config.anal[12]source /work2/noaa/global/mterry/RUNTESTS/EXPDIR/C96C48mx500_S2SW_cyc_gfs/config.nsst
++++ config.nsst[6]echo 'BEGIN: config.nsst'
BEGIN: config.nsst
++++ config.nsst[11]export NST_MODEL=2
++++ config.nsst[11]NST_MODEL=2
++++ config.nsst[14][[ NO == \Y\E\S ]]
++++ config.nsst[14][[ NO == \Y\E\S ]]
++++ config.nsst[19]export NST_SPINUP=0
++++ config.nsst[19]NST_SPINUP=0
++++ config.nsst[20]cdate=2021122100
++++ config.nsst[21]((  cdate < 2017072000  ))
++++ config.nsst[26]export NST_RESV=0
++++ config.nsst[26]NST_RESV=0
++++ config.nsst[29]export ZSEA1=0
++++ config.nsst[29]ZSEA1=0
++++ config.nsst[30]export ZSEA2=0
++++ config.nsst[30]ZSEA2=0
++++ config.nsst[32]export NST_GSI=3
++++ config.nsst[32]NST_GSI=3
++++ config.nsst[36]export NSTINFO=0
++++ config.nsst[36]NSTINFO=0
++++ config.nsst[37]((  NST_GSI > 0  ))
++++ config.nsst[37]export NSTINFO=4
++++ config.nsst[37]NSTINFO=4
++++ config.nsst[39]echo 'END: config.nsst'
END: config.nsst
+++ config.anal[15][[ enkfgfs == \g\f\s ]]
+++ config.anal[23][[ 128 = \1\2\8 ]]
+++ config.anal[24]export 'GRIDOPTS=nlayers(63)=1,nlayers(64)=1,'
+++ config.anal[24]GRIDOPTS='nlayers(63)=1,nlayers(64)=1,'
+++ config.anal[25]export SETUP=gpstop=55,nsig_ext=45,
+++ config.anal[25]SETUP=gpstop=55,nsig_ext=45,
+++ config.anal[29]export lobsdiag_forenkf=.false.
+++ config.anal[29]lobsdiag_forenkf=.false.
+++ config.anal[33][[ NO = \Y\E\S ]]
+++ config.anal[38]export GSNDBF=/dev/null
+++ config.anal[38]GSNDBF=/dev/null
+++ config.anal[39]export AMSREBF=/dev/null
+++ config.anal[39]AMSREBF=/dev/null
+++ config.anal[40]export SSMITBF=/dev/null
+++ config.anal[40]SSMITBF=/dev/null
+++ config.anal[41]export AMSR2BF=/dev/null
+++ config.anal[41]AMSR2BF=/dev/null
+++ config.anal[46]export CONVINFO=/work2/noaa/global/mterry/global-workflow_forked/fix/gsi/global_convinfo.txt
+++ config.anal[46]CONVINFO=/work2/noaa/global/mterry/global-workflow_forked/fix/gsi/global_convinfo.txt
+++ config.anal[47]export OZINFO=/work2/noaa/global/mterry/global-workflow_forked/fix/gsi/global_ozinfo.txt
+++ config.anal[47]OZINFO=/work2/noaa/global/mterry/global-workflow_forked/fix/gsi/global_ozinfo.txt
+++ config.anal[48]export SATINFO=/work2/noaa/global/mterry/global-workflow_forked/fix/gsi/global_satinfo.txt
+++ config.anal[48]SATINFO=/work2/noaa/global/mterry/global-workflow_forked/fix/gsi/global_satinfo.txt
+++ config.anal[49]export OBERROR=/work2/noaa/global/mterry/global-workflow_forked/fix/gsi/prepobs_errtable.global
+++ config.anal[49]OBERROR=/work2/noaa/global/mterry/global-workflow_forked/fix/gsi/prepobs_errtable.global
+++ config.anal[51][[ YES = \Y\E\S ]]
+++ config.anal[52]export hofx_2m_sfcfile=.true.
+++ config.anal[52]hofx_2m_sfcfile=.true.
+++ config.anal[53]export reducedgrid=.false.
+++ config.anal[53]reducedgrid=.false.
+++ config.anal[55]export CONVINFO=/work2/noaa/global/mterry/global-workflow_forked/fix/gsi/global_convinfo_2mObs.txt
+++ config.anal[55]CONVINFO=/work2/noaa/global/mterry/global-workflow_forked/fix/gsi/global_convinfo_2mObs.txt
+++ config.anal[56]export ANAVINFO=/work2/noaa/global/mterry/global-workflow_forked/fix/gsi/global_anavinfo_soilanal.l127.txt
+++ config.anal[56]ANAVINFO=/work2/noaa/global/mterry/global-workflow_forked/fix/gsi/global_anavinfo_soilanal.l127.txt
+++ config.anal[60][[ emc == \e\m\c ]]
+++ config.anal[62][[ 2021122100 -ge 2019021900 ]]
+++ config.anal[62][[ 2021122100 -lt 2019110706 ]]
+++ config.anal[68][[ 2021122100 -ge 2019110706 ]]
+++ config.anal[68][[ 2021122100 -lt 2020040718 ]]
+++ config.anal[74][[ 2021122100 -ge 2020040718 ]]
+++ config.anal[74][[ 2021122100 -lt 2020052612 ]]
+++ config.anal[80][[ 2021122100 -ge 2020052612 ]]
+++ config.anal[80][[ 2021122100 -lt 2020082412 ]]
+++ config.anal[86][[ 2021122100 -ge 2020082412 ]]
+++ config.anal[86][[ 2021122100 -lt 2020091612 ]]
+++ config.anal[91][[ 2021122100 -ge 2020091612 ]]
+++ config.anal[91][[ 2021122100 -lt 2021031712 ]]
+++ config.anal[96][[ 2021122100 -ge 2021031712 ]]
+++ config.anal[96][[ 2021122100 -lt 2021091612 ]]
+++ config.anal[110][[ 2021122100 -ge 2020011600 ]]
+++ config.anal[110][[ 2021122100 -lt 2020011806 ]]
+++ config.anal[116][[ 2021122100 -ge 2019021900 ]]
+++ config.anal[116][[ 2021122100 -lt 2019110706 ]]
+++ config.anal[121][[ 2021122100 -ge 2019110706 ]]
+++ config.anal[121][[ 2021122100 -lt 2020022012 ]]
+++ config.anal[126][[ 2021122100 -ge 2020022012 ]]
+++ config.anal[126][[ 2021122100 -lt 2021052118 ]]
+++ config.anal[131][[ 2021122100 -ge 2021052118 ]]
+++ config.anal[131][[ 2021122100 -lt 2021092206 ]]
+++ config.anal[136][[ 2021122100 -ge 2021092206 ]]
+++ config.anal[136][[ 2021122100 -lt 2021102612 ]]
+++ config.anal[153]export AIRS_CADS=.false.
+++ config.anal[153]AIRS_CADS=.false.
+++ config.anal[154]export CRIS_CADS=.false.
+++ config.anal[154]CRIS_CADS=.false.
+++ config.anal[155]export IASI_CADS=.false.
+++ config.anal[155]IASI_CADS=.false.
+++ config.anal[157]echo 'END: config.anal'
END: config.anal
++ jjob_header.sh[106]true
++ jjob_header.sh[107]export err=0
++ jjob_header.sh[107]err=0
++ jjob_header.sh[108][[ 0 -ne 0 ]]
++ jjob_header.sh[105]for config in "${configs[@]:-''}"
++ jjob_header.sh[106]source /work2/noaa/global/mterry/RUNTESTS/EXPDIR/C96C48mx500_S2SW_cyc_gfs/config.eupd
+++ config.eupd[6]echo 'BEGIN: config.eupd'
BEGIN: config.eupd
+++ config.eupd[9]source /work2/noaa/global/mterry/RUNTESTS/EXPDIR/C96C48mx500_S2SW_cyc_gfs/config.resources eupd
++++ config.resources[10]((  1 != 1  ))
++++ config.resources[34]step=eupd
++++ config.resources[36]echo 'BEGIN: config.resources'
BEGIN: config.resources
++++ config.resources[38]case ${machine} in
++++ config.resources[61]max_tasks_per_node=80
++++ config.resources[62]mem_node_max=500GB
++++ config.resources[96]export max_tasks_per_node
++++ config.resources[98]case ${step} in
++++ config.resources[1268]walltime=00:45:00
++++ config.resources[1269]case "${CASE}" in
++++ config.resources[1279]ntasks=42
++++ config.resources[1280]threads_per_task=2
++++ config.resources[1287]tasks_per_node=40
++++ config.resources[1288]export is_exclusive=True
++++ config.resources[1288]is_exclusive=True
++++ config.resources[1398][[ -f /work2/noaa/global/mterry/RUNTESTS/EXPDIR/C96C48mx500_S2SW_cyc_gfs/config.resources.HERCULES ]]
++++ config.resources[1399]source /work2/noaa/global/mterry/RUNTESTS/EXPDIR/C96C48mx500_S2SW_cyc_gfs/config.resources.HERCULES
+++++ config.resources.HERCULES[6]case ${step} in
++++ config.resources[1403]for resource_var in threads_per_task ntasks tasks_per_node NTASKS memory walltime
++++ config.resources[1404]run_resource_var=threads_per_task_enkfgfs
++++ config.resources[1405][[ -n '' ]]
++++ config.resources[1407][[ -n 0 ]]
++++ config.resources[1408]export threads_per_task
++++ config.resources[1403]for resource_var in threads_per_task ntasks tasks_per_node NTASKS memory walltime
++++ config.resources[1404]run_resource_var=ntasks_enkfgfs
++++ config.resources[1405][[ -n '' ]]
++++ config.resources[1407][[ -n 0 ]]
++++ config.resources[1408]export ntasks
++++ config.resources[1403]for resource_var in threads_per_task ntasks tasks_per_node NTASKS memory walltime
++++ config.resources[1404]run_resource_var=tasks_per_node_enkfgfs
++++ config.resources[1405][[ -n '' ]]
++++ config.resources[1407][[ -n 0 ]]
++++ config.resources[1408]export tasks_per_node
++++ config.resources[1403]for resource_var in threads_per_task ntasks tasks_per_node NTASKS memory walltime
++++ config.resources[1404]run_resource_var=NTASKS_enkfgfs
++++ config.resources[1405][[ -n '' ]]
++++ config.resources[1407][[ -n '' ]]
++++ config.resources[1403]for resource_var in threads_per_task ntasks tasks_per_node NTASKS memory walltime
++++ config.resources[1404]run_resource_var=memory_enkfgfs
++++ config.resources[1405][[ -n '' ]]
++++ config.resources[1407][[ -n '' ]]
++++ config.resources[1403]for resource_var in threads_per_task ntasks tasks_per_node NTASKS memory walltime
++++ config.resources[1404]run_resource_var=walltime_enkfgfs
++++ config.resources[1405][[ -n '' ]]
++++ config.resources[1407][[ -n 0 ]]
++++ config.resources[1408]export walltime
++++ config.resources[1412]echo 'END: config.resources'
END: config.resources
+++ config.eupd[11]export ntasks_enkf=42
+++ config.eupd[11]ntasks_enkf=42
+++ config.eupd[17]export modelspace_vloc=.true.
+++ config.eupd[17]modelspace_vloc=.true.
+++ config.eupd[18]export letkf_flag=.true.
+++ config.eupd[18]letkf_flag=.true.
+++ config.eupd[19]export getkf=.true.
+++ config.eupd[19]getkf=.true.
+++ config.eupd[20]export denkf=.true.
+++ config.eupd[20]denkf=.true.
+++ config.eupd[21]export nobsl_max=10000
+++ config.eupd[21]nobsl_max=10000
+++ config.eupd[23]export analpertwt=0.85
+++ config.eupd[23]analpertwt=0.85
+++ config.eupd[24]export readin_localization_enkf=.false.
+++ config.eupd[24]readin_localization_enkf=.false.
+++ config.eupd[26]export corrlength=1250
+++ config.eupd[26]corrlength=1250
+++ config.eupd[27]export lnsigcutoff=2.75
+++ config.eupd[27]lnsigcutoff=2.75
+++ config.eupd[29]export lobsdiag_forenkf=.true.
+++ config.eupd[29]lobsdiag_forenkf=.true.
+++ config.eupd[31]export taperanalperts=.true.
+++ config.eupd[31]taperanalperts=.true.
+++ config.eupd[32]export NAM_ENKF=smoothparm=35,
+++ config.eupd[32]NAM_ENKF=smoothparm=35,
+++ config.eupd[34]echo 'END: config.eupd'
END: config.eupd
++ jjob_header.sh[106]true
++ jjob_header.sh[107]export err=0
++ jjob_header.sh[107]err=0
++ jjob_header.sh[108][[ 0 -ne 0 ]]
++ jjob_header.sh[117]source /work2/noaa/global/mterry/global-workflow_forked/env/HERCULES.env eupd
+++ HERCULES.env[3][[ 1 -ne 1 ]]
+++ HERCULES.env[10]step=eupd
+++ HERCULES.env[12]export 'launcher=srun -l --export=ALL --hint=nomultithread'
+++ HERCULES.env[12]launcher='srun -l --export=ALL --hint=nomultithread'
+++ HERCULES.env[13]export 'mpmd_opt=--multi-prog --output=mpmd.%j.%t.out'
+++ HERCULES.env[13]mpmd_opt='--multi-prog --output=mpmd.%j.%t.out'
+++ HERCULES.env[16]export MPI_BUFS_PER_PROC=2048
+++ HERCULES.env[16]MPI_BUFS_PER_PROC=2048
+++ HERCULES.env[17]export MPI_BUFS_PER_HOST=2048
+++ HERCULES.env[17]MPI_BUFS_PER_HOST=2048
+++ HERCULES.env[18]export MPI_GROUP_MAX=256
+++ HERCULES.env[18]MPI_GROUP_MAX=256
+++ HERCULES.env[19]export MPI_MEMMAP_OFF=1
+++ HERCULES.env[19]MPI_MEMMAP_OFF=1
+++ HERCULES.env[20]export MP_STDOUTMODE=ORDERED
+++ HERCULES.env[20]MP_STDOUTMODE=ORDERED
+++ HERCULES.env[21]export KMP_AFFINITY=scatter
+++ HERCULES.env[21]KMP_AFFINITY=scatter
+++ HERCULES.env[22]export OMP_STACKSIZE=2048000
+++ HERCULES.env[22]OMP_STACKSIZE=2048000
+++ HERCULES.env[23]export NTHSTACK=1024000000
+++ HERCULES.env[23]NTHSTACK=1024000000
+++ HERCULES.env[25]export I_MPI_EXTRA_FILESYSTEM=1
+++ HERCULES.env[25]I_MPI_EXTRA_FILESYSTEM=1
+++ HERCULES.env[26]export I_MPI_EXTRA_FILESYSTEM_LIST=lustre
+++ HERCULES.env[26]I_MPI_EXTRA_FILESYSTEM_LIST=lustre
+++ HERCULES.env[28]ulimit -s unlimited
+++ HERCULES.env[29]ulimit -a
real-time non-blocking time  (microseconds, -R) unlimited
core file size              (blocks, -c) 0
data seg size               (kbytes, -d) unlimited
scheduling priority                 (-e) 0
file size                   (blocks, -f) unlimited
pending signals                     (-i) 2049614
max locked memory           (kbytes, -l) unlimited
max memory size             (kbytes, -m) 520192000
open files                          (-n) 131072
pipe size                (512 bytes, -p) 8
POSIX message queues         (bytes, -q) 819200
real-time priority                  (-r) 0
stack size                  (kbytes, -s) unlimited
cpu time                   (seconds, -t) unlimited
max user processes                  (-u) 1028698
virtual memory              (kbytes, -v) unlimited
file locks                          (-x) unlimited
+++ HERCULES.env[33][[ -n 42 ]]
+++ HERCULES.env[33][[ -n 80 ]]
+++ HERCULES.env[33][[ -n 40 ]]
+++ HERCULES.env[34]max_threads_per_task=2
+++ HERCULES.env[35]NTHREADSmax=2
+++ HERCULES.env[36]NTHREADS1=2
+++ HERCULES.env[37][[ 2 -gt 2 ]]
+++ HERCULES.env[40][[ 2 -gt 2 ]]
+++ HERCULES.env[43]APRUN_default='srun -l --export=ALL --hint=nomultithread -n 42'
+++ HERCULES.env[49]case ${step} in
+++ HERCULES.env[253]export CFP_MP=YES
+++ HERCULES.env[253]CFP_MP=YES
+++ HERCULES.env[254]export USE_CFP=YES
+++ HERCULES.env[254]USE_CFP=YES
+++ HERCULES.env[255]export 'APRUNCFP=srun -l --export=ALL --hint=nomultithread -n $ncmd --multi-prog --output=mpmd.%j.%t.out'
+++ HERCULES.env[255]APRUNCFP='srun -l --export=ALL --hint=nomultithread -n $ncmd --multi-prog --output=mpmd.%j.%t.out'
+++ HERCULES.env[258]export NTHREADS_ENKF=2
+++ HERCULES.env[258]NTHREADS_ENKF=2
+++ HERCULES.env[259]export 'APRUN_ENKF=srun -l --export=ALL --hint=nomultithread -n 42 --cpus-per-task=2'
+++ HERCULES.env[259]APRUN_ENKF='srun -l --export=ALL --hint=nomultithread -n 42 --cpus-per-task=2'
++ jjob_header.sh[117]true
++ jjob_header.sh[118]export err=0
++ jjob_header.sh[118]err=0
++ jjob_header.sh[119][[ 0 -ne 0 ]]
++ JGDAS_ENKF_UPDATE[15]date --utc +%Y%m%d%H -d '20211221 00 - 6 hours'
+ JGDAS_ENKF_UPDATE[15]GDATE=2021122018
+ JGDAS_ENKF_UPDATE[16]export gPDY=20211220
+ JGDAS_ENKF_UPDATE[16]gPDY=20211220
+ JGDAS_ENKF_UPDATE[17]export gcyc=18
+ JGDAS_ENKF_UPDATE[17]gcyc=18
+ JGDAS_ENKF_UPDATE[18]export GDUMP=gdas
+ JGDAS_ENKF_UPDATE[18]GDUMP=gdas
+ JGDAS_ENKF_UPDATE[19]export GDUMP_ENS=enkfgdas
+ JGDAS_ENKF_UPDATE[19]GDUMP_ENS=enkfgdas
+ JGDAS_ENKF_UPDATE[21]export APREFIX=enkfgfs.t00z.
+ JGDAS_ENKF_UPDATE[21]APREFIX=enkfgfs.t00z.
+ JGDAS_ENKF_UPDATE[22]export GPREFIX=enkfgdas.t18z.
+ JGDAS_ENKF_UPDATE[22]GPREFIX=enkfgdas.t18z.
+ JGDAS_ENKF_UPDATE[24]MEMDIR=ensstat
+ JGDAS_ENKF_UPDATE[24]YMD=20211221
+ JGDAS_ENKF_UPDATE[24]HH=00
+ JGDAS_ENKF_UPDATE[24]declare_from_tmpl -rx COMIN_ATMOS_ANALYSIS_STAT:COM_ATMOS_ANALYSIS_TMPL
+ bash_utils.sh[39][[ NO == \N\O ]]
+ bash_utils.sh[39]set +x
declare_from_tmpl :: COMIN_ATMOS_ANALYSIS_STAT=/work2/noaa/global/mterry/RUNTESTS/COMROOT/C96C48mx500_S2SW_cyc_gfs/enkfgfs.20211221/00/ensstat/analysis/atmos
+ JGDAS_ENKF_UPDATE[27]MEMDIR=ensstat
+ JGDAS_ENKF_UPDATE[27]YMD=20211221
+ JGDAS_ENKF_UPDATE[27]HH=00
+ JGDAS_ENKF_UPDATE[27]declare_from_tmpl -rx COMOUT_ATMOS_ANALYSIS_STAT:COM_ATMOS_ANALYSIS_TMPL
+ bash_utils.sh[39][[ NO == \N\O ]]
+ bash_utils.sh[39]set +x
declare_from_tmpl :: COMOUT_ATMOS_ANALYSIS_STAT=/work2/noaa/global/mterry/RUNTESTS/COMROOT/C96C48mx500_S2SW_cyc_gfs/enkfgfs.20211221/00/ensstat/analysis/atmos
+ JGDAS_ENKF_UPDATE[30]MEMDIR=ensstat
+ JGDAS_ENKF_UPDATE[30]RUN=enkfgdas
+ JGDAS_ENKF_UPDATE[30]YMD=20211220
+ JGDAS_ENKF_UPDATE[30]HH=18
+ JGDAS_ENKF_UPDATE[30]declare_from_tmpl -rx COMIN_ATMOS_HISTORY_STAT_PREV:COM_ATMOS_HISTORY_TMPL
+ bash_utils.sh[39][[ NO == \N\O ]]
+ bash_utils.sh[39]set +x
declare_from_tmpl :: COMIN_ATMOS_HISTORY_STAT_PREV=/work2/noaa/global/mterry/RUNTESTS/COMROOT/C96C48mx500_S2SW_cyc_gfs/enkfgdas.20211220/18/ensstat/model/atmos/history
+ JGDAS_ENKF_UPDATE[37]/work2/noaa/global/mterry/global-workflow_forked/scripts/exgdas_enkf_update.sh
+ bash[8]'[' -z '' ']'
+ bash[9]case "$-" in
+ bash[12]__lmod_vx=x
+ bash[16]'[' -n x ']'
+ bash[16]set +x
Shell debugging temporarily silenced: export LMOD_SH_DBG_ON=1 for this output (/apps/other/lmod/lmod/init/bash)
Shell debugging restarted
+ bash[224]unset __lmod_vx
++ exgdas_enkf_update.sh[21]pwd
+ exgdas_enkf_update.sh[21]pwd=/work2/noaa/stmp/mterry/HERCULES/RUNDIRS/C96C48mx500_S2SW_cyc_gfs/enkfgfs.2021122100/eupd.491789
+ exgdas_enkf_update.sh[24]NCLEN=/work2/noaa/global/mterry/global-workflow_forked/ush/getncdimlen
+ exgdas_enkf_update.sh[25]USE_CFP=YES
+ exgdas_enkf_update.sh[26]CFP_MP=YES
+ exgdas_enkf_update.sh[27]nm=
+ exgdas_enkf_update.sh[28][[ YES == \Y\E\S ]]
+ exgdas_enkf_update.sh[29]nm=0
+ exgdas_enkf_update.sh[31]APRUNCFP='srun -l --export=ALL --hint=nomultithread -n $ncmd --multi-prog --output=mpmd.%j.%t.out'
+ exgdas_enkf_update.sh[32]APRUN_ENKF='srun -l --export=ALL --hint=nomultithread -n 42 --cpus-per-task=2'
+ exgdas_enkf_update.sh[33]NTHREADS_ENKF=2
+ exgdas_enkf_update.sh[36]ENKFEXEC=/work2/noaa/global/mterry/global-workflow_forked/exec/enkf.x
+ exgdas_enkf_update.sh[39]GPREFIX=enkfgdas.t18z.
+ exgdas_enkf_update.sh[40]APREFIX=enkfgfs.t00z.
+ exgdas_enkf_update.sh[42]SMOOTH_ENKF=NO
+ exgdas_enkf_update.sh[44]GBIASe=enkfgfs.t00z.abias_int.ensmean
+ exgdas_enkf_update.sh[45]CNVSTAT=enkfgfs.t00z.cnvstat
+ exgdas_enkf_update.sh[46]OZNSTAT=enkfgfs.t00z.oznstat
+ exgdas_enkf_update.sh[47]RADSTAT=enkfgfs.t00z.radstat
+ exgdas_enkf_update.sh[48]ENKFSTAT=enkfgfs.t00z.enkfstat
+ exgdas_enkf_update.sh[51]USE_CORRELATED_OBERRS=NO
+ exgdas_enkf_update.sh[52]NAM_ENKF=smoothparm=35,
+ exgdas_enkf_update.sh[53]SATOBS_ENKF=
+ exgdas_enkf_update.sh[54]OZOBS_ENKF=
+ exgdas_enkf_update.sh[55]use_correlated_oberrs=.false.
+ exgdas_enkf_update.sh[56][[ NO == \Y\E\S ]]
+ exgdas_enkf_update.sh[59]imp_physics=8
+ exgdas_enkf_update.sh[60]lupp=.true.
+ exgdas_enkf_update.sh[61]corrlength=1250
+ exgdas_enkf_update.sh[62]lnsigcutoff=2.75
+ exgdas_enkf_update.sh[63]analpertwt=0.85
+ exgdas_enkf_update.sh[64]readin_localization_enkf=.false.
+ exgdas_enkf_update.sh[65]reducedgrid=.false.
+ exgdas_enkf_update.sh[66]letkf_flag=.true.
+ exgdas_enkf_update.sh[67]getkf=.true.
+ exgdas_enkf_update.sh[68]denkf=.true.
+ exgdas_enkf_update.sh[69]nobsl_max=10000
+ exgdas_enkf_update.sh[70]write_spread_diag=.false.
+ exgdas_enkf_update.sh[71]cnvw_option=.false.
+ exgdas_enkf_update.sh[72]netcdf_diag=.true.
+ exgdas_enkf_update.sh[73]modelspace_vloc=.true.
+ exgdas_enkf_update.sh[74]taperanalperts=.true.
+ exgdas_enkf_update.sh[75]IAUFHRS_ENKF=3,6,9
+ exgdas_enkf_update.sh[76]NMEM_ENS_MAX=2
+ exgdas_enkf_update.sh[77][[ enkfgfs == \e\n\k\f\g\f\s ]]
+ exgdas_enkf_update.sh[78]DO_CALC_INCREMENT=NO
+ exgdas_enkf_update.sh[79]NMEM_ENS=2
+ exgdas_enkf_update.sh[80]ec_offset=0
+ exgdas_enkf_update.sh[81]mem_offset=0
+ exgdas_enkf_update.sh[87]INCREMENTS_TO_ZERO=''\''liq_wat_inc'\'','\''icmr_inc'\'','\''rwmr_inc'\'','\''snmr_inc'\'','\''grle_inc'\'''
+ exgdas_enkf_update.sh[88]DO_GSISOILDA=YES
+ exgdas_enkf_update.sh[89]hofx_2m_sfcfile=.true.
+ exgdas_enkf_update.sh[93]ATMGES_ENSMEAN=/work2/noaa/global/mterry/RUNTESTS/COMROOT/C96C48mx500_S2SW_cyc_gfs/enkfgdas.20211220/18/ensstat/model/atmos/history/enkfgdas.t18z.atmf006.ensmean.nc
++ exgdas_enkf_update.sh[94]/work2/noaa/global/mterry/global-workflow_forked/ush/getncdimlen /work2/noaa/global/mterry/RUNTESTS/COMROOT/C96C48mx500_S2SW_cyc_gfs/enkfgdas.20211220/18/ensstat/model/atmos/history/enkfgdas.t18z.atmf006.ensmean.nc grid_xt
+ exgdas_enkf_update.sh[94]LONB_ENKF=192
++ exgdas_enkf_update.sh[95]/work2/noaa/global/mterry/global-workflow_forked/ush/getncdimlen /work2/noaa/global/mterry/RUNTESTS/COMROOT/C96C48mx500_S2SW_cyc_gfs/enkfgdas.20211220/18/ensstat/model/atmos/history/enkfgdas.t18z.atmf006.ensmean.nc grid_yt
+ exgdas_enkf_update.sh[95]LATB_ENKF=96
++ exgdas_enkf_update.sh[96]/work2/noaa/global/mterry/global-workflow_forked/ush/getncdimlen /work2/noaa/global/mterry/RUNTESTS/COMROOT/C96C48mx500_S2SW_cyc_gfs/enkfgdas.20211220/18/ensstat/model/atmos/history/enkfgdas.t18z.atmf006.ensmean.nc pfull
+ exgdas_enkf_update.sh[96]LEVS_ENKF=127
+ exgdas_enkf_update.sh[97]use_gfs_ncio=.true.
+ exgdas_enkf_update.sh[98]use_gfs_nemsio=.false.
+ exgdas_enkf_update.sh[99]paranc=.true.
+ exgdas_enkf_update.sh[100]WRITE_INCR_ZERO='incvars_to_zero= '\''liq_wat_inc'\'','\''icmr_inc'\'','\''rwmr_inc'\'','\''snmr_inc'\'','\''grle_inc'\'','
+ exgdas_enkf_update.sh[101][[ NO == \Y\E\S ]]
+ exgdas_enkf_update.sh[104]write_fv3_incr=.true.
+ exgdas_enkf_update.sh[106]LATA_ENKF=96
+ exgdas_enkf_update.sh[107]LONA_ENKF=192
+ exgdas_enkf_update.sh[108]SATANGL=/work2/noaa/global/mterry/global-workflow_forked/fix/gsi/global_satangbias.txt
+ exgdas_enkf_update.sh[109]SATINFO=/work2/noaa/global/mterry/global-workflow_forked/fix/gsi/global_satinfo.txt
+ exgdas_enkf_update.sh[110]CONVINFO=/work2/noaa/global/mterry/global-workflow_forked/fix/gsi/global_convinfo_2mObs.txt
+ exgdas_enkf_update.sh[111]OZINFO=/work2/noaa/global/mterry/global-workflow_forked/fix/gsi/global_ozinfo.txt
+ exgdas_enkf_update.sh[112]SCANINFO=/work2/noaa/global/mterry/global-workflow_forked/fix/gsi/global_scaninfo.txt
+ exgdas_enkf_update.sh[113]HYBENSINFO=/work2/noaa/global/mterry/global-workflow_forked/fix/gsi/global_hybens_info.l127.txt
+ exgdas_enkf_update.sh[114]ANAVINFO=/work2/noaa/global/mterry/global-workflow_forked/fix/gsi/global_anavinfo_soilanal.l127.txt
+ exgdas_enkf_update.sh[115]VLOCALEIG=/work2/noaa/global/mterry/global-workflow_forked/fix/gsi/vlocal_eig_l127.dat
+ exgdas_enkf_update.sh[116]ENKF_SUFFIX=s
+ exgdas_enkf_update.sh[117][[ NO == \N\O ]]
+ exgdas_enkf_update.sh[118]ENKF_SUFFIX=
+ exgdas_enkf_update.sh[123]/bin/ln -sf /work2/noaa/global/mterry/global-workflow_forked/fix/gsi/global_satangbias.txt satbias_angle
+ exgdas_enkf_update.sh[124]/bin/ln -sf /work2/noaa/global/mterry/global-workflow_forked/fix/gsi/global_satinfo.txt satinfo
+ exgdas_enkf_update.sh[125]/bin/ln -sf /work2/noaa/global/mterry/global-workflow_forked/fix/gsi/global_scaninfo.txt scaninfo
+ exgdas_enkf_update.sh[126]/bin/ln -sf /work2/noaa/global/mterry/global-workflow_forked/fix/gsi/global_convinfo_2mObs.txt convinfo
+ exgdas_enkf_update.sh[127]/bin/ln -sf /work2/noaa/global/mterry/global-workflow_forked/fix/gsi/global_ozinfo.txt ozinfo
+ exgdas_enkf_update.sh[128]/bin/ln -sf /work2/noaa/global/mterry/global-workflow_forked/fix/gsi/global_hybens_info.l127.txt hybens_info
+ exgdas_enkf_update.sh[129]/bin/ln -sf /work2/noaa/global/mterry/global-workflow_forked/fix/gsi/global_anavinfo_soilanal.l127.txt anavinfo
+ exgdas_enkf_update.sh[130]/bin/ln -sf /work2/noaa/global/mterry/global-workflow_forked/fix/gsi/vlocal_eig_l127.dat vlocal_eig.dat
+ exgdas_enkf_update.sh[133]/bin/ln -sf /work2/noaa/global/mterry/RUNTESTS/COMROOT/C96C48mx500_S2SW_cyc_gfs/enkfgfs.20211221/00/ensstat/analysis/atmos/enkfgfs.t00z.abias_int.ensmean satbias_in
+ exgdas_enkf_update.sh[137][[ YES == \Y\E\S ]]
+ exgdas_enkf_update.sh[138]rm -f /work2/noaa/stmp/mterry/HERCULES/RUNDIRS/C96C48mx500_S2SW_cyc_gfs/enkfgfs.2021122100/eupd.491789/untar.sh /work2/noaa/stmp/mterry/HERCULES/RUNDIRS/C96C48mx500_S2SW_cyc_gfs/enkfgfs.2021122100/eupd.491789/mp_untar.sh
+ exgdas_enkf_update.sh[139]cat
+ exgdas_enkf_update.sh[153]chmod 755 /work2/noaa/stmp/mterry/HERCULES/RUNDIRS/C96C48mx500_S2SW_cyc_gfs/enkfgfs.2021122100/eupd.491789/untar.sh
+ exgdas_enkf_update.sh[159]flist='enkfgfs.t00z.cnvstat enkfgfs.t00z.oznstat enkfgfs.t00z.radstat'
+ exgdas_enkf_update.sh[160][[ YES == \Y\E\S ]]
+ exgdas_enkf_update.sh[161]echo '0 /work2/noaa/stmp/mterry/HERCULES/RUNDIRS/C96C48mx500_S2SW_cyc_gfs/enkfgfs.2021122100/eupd.491789/untar.sh ensmean /work2/noaa/global/mterry/RUNTESTS/COMROOT/C96C48mx500_S2SW_cyc_gfs/enkfgfs.20211221/00/ensstat/analysis/atmos'
+ exgdas_enkf_update.sh[161]tee -a /work2/noaa/stmp/mterry/HERCULES/RUNDIRS/C96C48mx500_S2SW_cyc_gfs/enkfgfs.2021122100/eupd.491789/mp_untar.sh
0 /work2/noaa/stmp/mterry/HERCULES/RUNDIRS/C96C48mx500_S2SW_cyc_gfs/enkfgfs.2021122100/eupd.491789/untar.sh ensmean /work2/noaa/global/mterry/RUNTESTS/COMROOT/C96C48mx500_S2SW_cyc_gfs/enkfgfs.20211221/00/ensstat/analysis/atmos
+ exgdas_enkf_update.sh[162][[ YES == \Y\E\S ]]
+ exgdas_enkf_update.sh[163]nm=1
++ exgdas_enkf_update.sh[171]echo 3,6,9
++ exgdas_enkf_update.sh[171]sed 's/,/ /g'
+ exgdas_enkf_update.sh[171]nfhrs='3 6 9'
++ exgdas_enkf_update.sh[172]seq 1 2
+ exgdas_enkf_update.sh[172]for imem in $(seq 1 ${NMEM_ENS})
+ exgdas_enkf_update.sh[173]smem=1
+ exgdas_enkf_update.sh[174]((  smem > NMEM_ENS_MAX  ))
++ exgdas_enkf_update.sh[177]printf %03i 1
+ exgdas_enkf_update.sh[177]gmemchar=mem001
++ exgdas_enkf_update.sh[178]printf %03i 1
+ exgdas_enkf_update.sh[178]memchar=mem001
+ exgdas_enkf_update.sh[180]MEMDIR=mem001
+ exgdas_enkf_update.sh[180]RUN=enkfgdas
+ exgdas_enkf_update.sh[180]YMD=20211220
+ exgdas_enkf_update.sh[180]HH=18
+ exgdas_enkf_update.sh[180]declare_from_tmpl -x COMIN_ATMOS_HISTORY_MEM_PREV:COM_ATMOS_HISTORY_TMPL
+ environment[0][[ NO == \N\O ]]
+ environment[1]set +x
declare_from_tmpl :: COMIN_ATMOS_HISTORY_MEM_PREV=/work2/noaa/global/mterry/RUNTESTS/COMROOT/C96C48mx500_S2SW_cyc_gfs/enkfgdas.20211220/18/mem001/model/atmos/history
+ exgdas_enkf_update.sh[183]MEMDIR=mem001
+ exgdas_enkf_update.sh[183]YMD=20211221
+ exgdas_enkf_update.sh[183]HH=00
+ exgdas_enkf_update.sh[183]declare_from_tmpl -x COMOUT_ATMOS_ANALYSIS_MEM:COM_ATMOS_ANALYSIS_TMPL
+ environment[0][[ NO == \N\O ]]
+ environment[1]set +x
declare_from_tmpl :: COMOUT_ATMOS_ANALYSIS_MEM=/work2/noaa/global/mterry/RUNTESTS/COMROOT/C96C48mx500_S2SW_cyc_gfs/enkfgfs.20211221/00/mem001/analysis/atmos
+ exgdas_enkf_update.sh[186]mkdir -p /work2/noaa/global/mterry/RUNTESTS/COMROOT/C96C48mx500_S2SW_cyc_gfs/enkfgfs.20211221/00/mem001/analysis/atmos
+ exgdas_enkf_update.sh[188]for FHR in ${nfhrs}
+ exgdas_enkf_update.sh[189]/bin/ln -sf /work2/noaa/global/mterry/RUNTESTS/COMROOT/C96C48mx500_S2SW_cyc_gfs/enkfgdas.20211220/18/mem001/model/atmos/history/enkfgdas.t18z.atmf003.nc sfg_2021122100_fhr03_mem001
+ exgdas_enkf_update.sh[191][[ .true. == \.\t\r\u\e\. ]]
+ exgdas_enkf_update.sh[192]/bin/ln -sf /work2/noaa/global/mterry/RUNTESTS/COMROOT/C96C48mx500_S2SW_cyc_gfs/enkfgdas.20211220/18/mem001/model/atmos/history/enkfgdas.t18z.sfcf003.nc bfg_2021122100_fhr03_mem001
+ exgdas_enkf_update.sh[195][[ .false. == \.\t\r\u\e\. ]]
+ exgdas_enkf_update.sh[199][[ 3 -eq 6 ]]
+ exgdas_enkf_update.sh[208][[ NO == \Y\E\S ]]
+ exgdas_enkf_update.sh[212]/bin/ln -sf /work2/noaa/global/mterry/RUNTESTS/COMROOT/C96C48mx500_S2SW_cyc_gfs/enkfgfs.20211221/00/mem001/analysis/atmos/enkfgfs.t00z.atmi003.nc incr_2021122100_fhr03_mem001
+ exgdas_enkf_update.sh[216][[ YES == \Y\E\S ]]
+ exgdas_enkf_update.sh[217]/bin/ln -sf /work2/noaa/global/mterry/RUNTESTS/COMROOT/C96C48mx500_S2SW_cyc_gfs/enkfgfs.20211221/00/mem001/analysis/atmos/enkfgfs.t00z.sfci003.nc sfcincr_2021122100_fhr03_mem001
+ exgdas_enkf_update.sh[188]for FHR in ${nfhrs}
+ exgdas_enkf_update.sh[189]/bin/ln -sf /work2/noaa/global/mterry/RUNTESTS/COMROOT/C96C48mx500_S2SW_cyc_gfs/enkfgdas.20211220/18/mem001/model/atmos/history/enkfgdas.t18z.atmf006.nc sfg_2021122100_fhr06_mem001
+ exgdas_enkf_update.sh[191][[ .true. == \.\t\r\u\e\. ]]
+ exgdas_enkf_update.sh[192]/bin/ln -sf /work2/noaa/global/mterry/RUNTESTS/COMROOT/C96C48mx500_S2SW_cyc_gfs/enkfgdas.20211220/18/mem001/model/atmos/history/enkfgdas.t18z.sfcf006.nc bfg_2021122100_fhr06_mem001
+ exgdas_enkf_update.sh[195][[ .false. == \.\t\r\u\e\. ]]
+ exgdas_enkf_update.sh[199][[ 6 -eq 6 ]]
+ exgdas_enkf_update.sh[200][[ NO == \Y\E\S ]]
+ exgdas_enkf_update.sh[204]/bin/ln -sf /work2/noaa/global/mterry/RUNTESTS/COMROOT/C96C48mx500_S2SW_cyc_gfs/enkfgfs.20211221/00/mem001/analysis/atmos/enkfgfs.t00z.atminc.nc incr_2021122100_fhr06_mem001
+ exgdas_enkf_update.sh[216][[ YES == \Y\E\S ]]
+ exgdas_enkf_update.sh[217]/bin/ln -sf /work2/noaa/global/mterry/RUNTESTS/COMROOT/C96C48mx500_S2SW_cyc_gfs/enkfgfs.20211221/00/mem001/analysis/atmos/enkfgfs.t00z.sfci006.nc sfcincr_2021122100_fhr06_mem001
+ exgdas_enkf_update.sh[188]for FHR in ${nfhrs}
+ exgdas_enkf_update.sh[189]/bin/ln -sf /work2/noaa/global/mterry/RUNTESTS/COMROOT/C96C48mx500_S2SW_cyc_gfs/enkfgdas.20211220/18/mem001/model/atmos/history/enkfgdas.t18z.atmf009.nc sfg_2021122100_fhr09_mem001
+ exgdas_enkf_update.sh[191][[ .true. == \.\t\r\u\e\. ]]
+ exgdas_enkf_update.sh[192]/bin/ln -sf /work2/noaa/global/mterry/RUNTESTS/COMROOT/C96C48mx500_S2SW_cyc_gfs/enkfgdas.20211220/18/mem001/model/atmos/history/enkfgdas.t18z.sfcf009.nc bfg_2021122100_fhr09_mem001
+ exgdas_enkf_update.sh[195][[ .false. == \.\t\r\u\e\. ]]
+ exgdas_enkf_update.sh[199][[ 9 -eq 6 ]]
+ exgdas_enkf_update.sh[208][[ NO == \Y\E\S ]]
+ exgdas_enkf_update.sh[212]/bin/ln -sf /work2/noaa/global/mterry/RUNTESTS/COMROOT/C96C48mx500_S2SW_cyc_gfs/enkfgfs.20211221/00/mem001/analysis/atmos/enkfgfs.t00z.atmi009.nc incr_2021122100_fhr09_mem001
+ exgdas_enkf_update.sh[216][[ YES == \Y\E\S ]]
+ exgdas_enkf_update.sh[217]/bin/ln -sf /work2/noaa/global/mterry/RUNTESTS/COMROOT/C96C48mx500_S2SW_cyc_gfs/enkfgfs.20211221/00/mem001/analysis/atmos/enkfgfs.t00z.sfci009.nc sfcincr_2021122100_fhr09_mem001
+ exgdas_enkf_update.sh[172]for imem in $(seq 1 ${NMEM_ENS})
+ exgdas_enkf_update.sh[173]smem=2
+ exgdas_enkf_update.sh[174]((  smem > NMEM_ENS_MAX  ))
++ exgdas_enkf_update.sh[177]printf %03i 2
+ exgdas_enkf_update.sh[177]gmemchar=mem002
++ exgdas_enkf_update.sh[178]printf %03i 2
+ exgdas_enkf_update.sh[178]memchar=mem002
+ exgdas_enkf_update.sh[180]MEMDIR=mem002
+ exgdas_enkf_update.sh[180]RUN=enkfgdas
+ exgdas_enkf_update.sh[180]YMD=20211220
+ exgdas_enkf_update.sh[180]HH=18
+ exgdas_enkf_update.sh[180]declare_from_tmpl -x COMIN_ATMOS_HISTORY_MEM_PREV:COM_ATMOS_HISTORY_TMPL
+ environment[0][[ NO == \N\O ]]
+ environment[1]set +x
declare_from_tmpl :: COMIN_ATMOS_HISTORY_MEM_PREV=/work2/noaa/global/mterry/RUNTESTS/COMROOT/C96C48mx500_S2SW_cyc_gfs/enkfgdas.20211220/18/mem002/model/atmos/history
+ exgdas_enkf_update.sh[183]MEMDIR=mem002
+ exgdas_enkf_update.sh[183]YMD=20211221
+ exgdas_enkf_update.sh[183]HH=00
+ exgdas_enkf_update.sh[183]declare_from_tmpl -x COMOUT_ATMOS_ANALYSIS_MEM:COM_ATMOS_ANALYSIS_TMPL
+ environment[0][[ NO == \N\O ]]
+ environment[1]set +x
declare_from_tmpl :: COMOUT_ATMOS_ANALYSIS_MEM=/work2/noaa/global/mterry/RUNTESTS/COMROOT/C96C48mx500_S2SW_cyc_gfs/enkfgfs.20211221/00/mem002/analysis/atmos
+ exgdas_enkf_update.sh[186]mkdir -p /work2/noaa/global/mterry/RUNTESTS/COMROOT/C96C48mx500_S2SW_cyc_gfs/enkfgfs.20211221/00/mem002/analysis/atmos
+ exgdas_enkf_update.sh[188]for FHR in ${nfhrs}
+ exgdas_enkf_update.sh[189]/bin/ln -sf /work2/noaa/global/mterry/RUNTESTS/COMROOT/C96C48mx500_S2SW_cyc_gfs/enkfgdas.20211220/18/mem002/model/atmos/history/enkfgdas.t18z.atmf003.nc sfg_2021122100_fhr03_mem002
+ exgdas_enkf_update.sh[191][[ .true. == \.\t\r\u\e\. ]]
+ exgdas_enkf_update.sh[192]/bin/ln -sf /work2/noaa/global/mterry/RUNTESTS/COMROOT/C96C48mx500_S2SW_cyc_gfs/enkfgdas.20211220/18/mem002/model/atmos/history/enkfgdas.t18z.sfcf003.nc bfg_2021122100_fhr03_mem002
+ exgdas_enkf_update.sh[195][[ .false. == \.\t\r\u\e\. ]]
+ exgdas_enkf_update.sh[199][[ 3 -eq 6 ]]
+ exgdas_enkf_update.sh[208][[ NO == \Y\E\S ]]
+ exgdas_enkf_update.sh[212]/bin/ln -sf /work2/noaa/global/mterry/RUNTESTS/COMROOT/C96C48mx500_S2SW_cyc_gfs/enkfgfs.20211221/00/mem002/analysis/atmos/enkfgfs.t00z.atmi003.nc incr_2021122100_fhr03_mem002
+ exgdas_enkf_update.sh[216][[ YES == \Y\E\S ]]
+ exgdas_enkf_update.sh[217]/bin/ln -sf /work2/noaa/global/mterry/RUNTESTS/COMROOT/C96C48mx500_S2SW_cyc_gfs/enkfgfs.20211221/00/mem002/analysis/atmos/enkfgfs.t00z.sfci003.nc sfcincr_2021122100_fhr03_mem002
+ exgdas_enkf_update.sh[188]for FHR in ${nfhrs}
+ exgdas_enkf_update.sh[189]/bin/ln -sf /work2/noaa/global/mterry/RUNTESTS/COMROOT/C96C48mx500_S2SW_cyc_gfs/enkfgdas.20211220/18/mem002/model/atmos/history/enkfgdas.t18z.atmf006.nc sfg_2021122100_fhr06_mem002
+ exgdas_enkf_update.sh[191][[ .true. == \.\t\r\u\e\. ]]
+ exgdas_enkf_update.sh[192]/bin/ln -sf /work2/noaa/global/mterry/RUNTESTS/COMROOT/C96C48mx500_S2SW_cyc_gfs/enkfgdas.20211220/18/mem002/model/atmos/history/enkfgdas.t18z.sfcf006.nc bfg_2021122100_fhr06_mem002
+ exgdas_enkf_update.sh[195][[ .false. == \.\t\r\u\e\. ]]
+ exgdas_enkf_update.sh[199][[ 6 -eq 6 ]]
+ exgdas_enkf_update.sh[200][[ NO == \Y\E\S ]]
+ exgdas_enkf_update.sh[204]/bin/ln -sf /work2/noaa/global/mterry/RUNTESTS/COMROOT/C96C48mx500_S2SW_cyc_gfs/enkfgfs.20211221/00/mem002/analysis/atmos/enkfgfs.t00z.atminc.nc incr_2021122100_fhr06_mem002
+ exgdas_enkf_update.sh[216][[ YES == \Y\E\S ]]
+ exgdas_enkf_update.sh[217]/bin/ln -sf /work2/noaa/global/mterry/RUNTESTS/COMROOT/C96C48mx500_S2SW_cyc_gfs/enkfgfs.20211221/00/mem002/analysis/atmos/enkfgfs.t00z.sfci006.nc sfcincr_2021122100_fhr06_mem002
+ exgdas_enkf_update.sh[188]for FHR in ${nfhrs}
+ exgdas_enkf_update.sh[189]/bin/ln -sf /work2/noaa/global/mterry/RUNTESTS/COMROOT/C96C48mx500_S2SW_cyc_gfs/enkfgdas.20211220/18/mem002/model/atmos/history/enkfgdas.t18z.atmf009.nc sfg_2021122100_fhr09_mem002
+ exgdas_enkf_update.sh[191][[ .true. == \.\t\r\u\e\. ]]
+ exgdas_enkf_update.sh[192]/bin/ln -sf /work2/noaa/global/mterry/RUNTESTS/COMROOT/C96C48mx500_S2SW_cyc_gfs/enkfgdas.20211220/18/mem002/model/atmos/history/enkfgdas.t18z.sfcf009.nc bfg_2021122100_fhr09_mem002
+ exgdas_enkf_update.sh[195][[ .false. == \.\t\r\u\e\. ]]
+ exgdas_enkf_update.sh[199][[ 9 -eq 6 ]]
+ exgdas_enkf_update.sh[208][[ NO == \Y\E\S ]]
+ exgdas_enkf_update.sh[212]/bin/ln -sf /work2/noaa/global/mterry/RUNTESTS/COMROOT/C96C48mx500_S2SW_cyc_gfs/enkfgfs.20211221/00/mem002/analysis/atmos/enkfgfs.t00z.atmi009.nc incr_2021122100_fhr09_mem002
+ exgdas_enkf_update.sh[216][[ YES == \Y\E\S ]]
+ exgdas_enkf_update.sh[217]/bin/ln -sf /work2/noaa/global/mterry/RUNTESTS/COMROOT/C96C48mx500_S2SW_cyc_gfs/enkfgfs.20211221/00/mem002/analysis/atmos/enkfgfs.t00z.sfci009.nc sfcincr_2021122100_fhr09_mem002
+ exgdas_enkf_update.sh[224]for FHR in ${nfhrs}
+ exgdas_enkf_update.sh[226]/bin/ln -sf /work2/noaa/global/mterry/RUNTESTS/COMROOT/C96C48mx500_S2SW_cyc_gfs/enkfgdas.20211220/18/ensstat/model/atmos/history/enkfgdas.t18z.atmf003.ensmean.nc sfg_2021122100_fhr03_ensmean
+ exgdas_enkf_update.sh[228][[ .false. == \.\t\r\u\e\. ]]
+ exgdas_enkf_update.sh[232][[ YES == \Y\E\S ]]
+ exgdas_enkf_update.sh[233]/bin/ln -sf /work2/noaa/global/mterry/RUNTESTS/COMROOT/C96C48mx500_S2SW_cyc_gfs/enkfgdas.20211220/18/ensstat/model/atmos/history/enkfgdas.t18z.sfcf003.ensmean.nc bfg_2021122100_fhr03_ensmean
+ exgdas_enkf_update.sh[235]/bin/ln -sf /work2/noaa/global/mterry/RUNTESTS/COMROOT/C96C48mx500_S2SW_cyc_gfs/enkfgfs.20211221/00/ensstat/analysis/atmos/enkfgfs.t00z.sfci003.nc sfcincr_2021122100_fhr03_ensmean
+ exgdas_enkf_update.sh[224]for FHR in ${nfhrs}
+ exgdas_enkf_update.sh[226]/bin/ln -sf /work2/noaa/global/mterry/RUNTESTS/COMROOT/C96C48mx500_S2SW_cyc_gfs/enkfgdas.20211220/18/ensstat/model/atmos/history/enkfgdas.t18z.atmf006.ensmean.nc sfg_2021122100_fhr06_ensmean
+ exgdas_enkf_update.sh[228][[ .false. == \.\t\r\u\e\. ]]
+ exgdas_enkf_update.sh[232][[ YES == \Y\E\S ]]
+ exgdas_enkf_update.sh[233]/bin/ln -sf /work2/noaa/global/mterry/RUNTESTS/COMROOT/C96C48mx500_S2SW_cyc_gfs/enkfgdas.20211220/18/ensstat/model/atmos/history/enkfgdas.t18z.sfcf006.ensmean.nc bfg_2021122100_fhr06_ensmean
+ exgdas_enkf_update.sh[235]/bin/ln -sf /work2/noaa/global/mterry/RUNTESTS/COMROOT/C96C48mx500_S2SW_cyc_gfs/enkfgfs.20211221/00/ensstat/analysis/atmos/enkfgfs.t00z.sfci006.nc sfcincr_2021122100_fhr06_ensmean
+ exgdas_enkf_update.sh[224]for FHR in ${nfhrs}
+ exgdas_enkf_update.sh[226]/bin/ln -sf /work2/noaa/global/mterry/RUNTESTS/COMROOT/C96C48mx500_S2SW_cyc_gfs/enkfgdas.20211220/18/ensstat/model/atmos/history/enkfgdas.t18z.atmf009.ensmean.nc sfg_2021122100_fhr09_ensmean
+ exgdas_enkf_update.sh[228][[ .false. == \.\t\r\u\e\. ]]
+ exgdas_enkf_update.sh[232][[ YES == \Y\E\S ]]
+ exgdas_enkf_update.sh[233]/bin/ln -sf /work2/noaa/global/mterry/RUNTESTS/COMROOT/C96C48mx500_S2SW_cyc_gfs/enkfgdas.20211220/18/ensstat/model/atmos/history/enkfgdas.t18z.sfcf009.ensmean.nc bfg_2021122100_fhr09_ensmean
+ exgdas_enkf_update.sh[235]/bin/ln -sf /work2/noaa/global/mterry/RUNTESTS/COMROOT/C96C48mx500_S2SW_cyc_gfs/enkfgfs.20211221/00/ensstat/analysis/atmos/enkfgfs.t00z.sfci009.nc sfcincr_2021122100_fhr09_ensmean
+ exgdas_enkf_update.sh[240][[ YES == \Y\E\S ]]
+ exgdas_enkf_update.sh[241]chmod 755 /work2/noaa/stmp/mterry/HERCULES/RUNDIRS/C96C48mx500_S2SW_cyc_gfs/enkfgfs.2021122100/eupd.491789/mp_untar.sh
++ exgdas_enkf_update.sh[242]wc -l
+ exgdas_enkf_update.sh[242]ncmd=1
+ exgdas_enkf_update.sh[243][[ 1 -gt 0 ]]
+ exgdas_enkf_update.sh[244]ncmd_max=1
++ exgdas_enkf_update.sh[245]eval echo 'srun -l --export=ALL --hint=nomultithread -n $ncmd --multi-prog --output=mpmd.%j.%t.out'
+++ exgdas_enkf_update.sh[245]echo srun -l --export=ALL --hint=nomultithread -n 1 --multi-prog --output=mpmd.%j.%t.out
+ exgdas_enkf_update.sh[245]APRUNCFP='srun -l --export=ALL --hint=nomultithread -n 1 --multi-prog --output=mpmd.%j.%t.out'
+ exgdas_enkf_update.sh[246]srun -l --export=ALL --hint=nomultithread -n 1 --multi-prog --output=mpmd.%j.%t.out /work2/noaa/stmp/mterry/HERCULES/RUNDIRS/C96C48mx500_S2SW_cyc_gfs/enkfgfs.2021122100/eupd.491789/mp_untar.sh
srun: warning: can't run 1 processes on 2 nodes, setting nnodes to 1
+ exgdas_enkf_update.sh[246]true
+ exgdas_enkf_update.sh[247]export err=0
+ exgdas_enkf_update.sh[247]err=0
+ exgdas_enkf_update.sh[248][[ 0 -ne 0 ]]
+ exgdas_enkf_update.sh[256]cat
+ exgdas_enkf_update.sh[391]export OMP_NUM_THREADS=2
+ exgdas_enkf_update.sh[391]OMP_NUM_THREADS=2
+ exgdas_enkf_update.sh[392]export pgm=/work2/noaa/global/mterry/global-workflow_forked/exec/enkf.x
+ exgdas_enkf_update.sh[392]pgm=/work2/noaa/global/mterry/global-workflow_forked/exec/enkf.x
+ exgdas_enkf_update.sh[393]source prep_step
++ prep_step[3]'[' -n /work2/noaa/global/mterry/global-workflow_forked/exec/enkf.x ']'
++ prep_step[3]'[' -n OUTPUT.492245 ']'
++ prep_step[4]echo /work2/noaa/global/mterry/global-workflow_forked/exec/enkf.x
++ prep_step[7]'[' -f errfile ']'
++ prep_step[11]export FORT01=0
++ prep_step[11]FORT01=0
+++ prep_step[12]env
+++ prep_step[12]awk -F= '{print $1}'
+++ prep_step[12]grep '^FORT[0-9]\{1,\}='
++ prep_step[12]unset FORT01
+ exgdas_enkf_update.sh[395]cpreq /work2/noaa/global/mterry/global-workflow_forked/exec/enkf.x /work2/noaa/stmp/mterry/HERCULES/RUNDIRS/C96C48mx500_S2SW_cyc_gfs/enkfgfs.2021122100/eupd.491789
+ cpreq[3]cp /work2/noaa/global/mterry/global-workflow_forked/exec/enkf.x /work2/noaa/stmp/mterry/HERCULES/RUNDIRS/C96C48mx500_S2SW_cyc_gfs/enkfgfs.2021122100/eupd.491789
+ cpreq[4]'[' 0 -ne 0 ']'
++ exgdas_enkf_update.sh[396]basename /work2/noaa/global/mterry/global-workflow_forked/exec/enkf.x
+ exgdas_enkf_update.sh[396]srun -l --export=ALL --hint=nomultithread -n 42 --cpus-per-task=2 /work2/noaa/stmp/mterry/HERCULES/RUNDIRS/C96C48mx500_S2SW_cyc_gfs/enkfgfs.2021122100/eupd.491789/enkf.x
+ exgdas_enkf_update.sh[396]true
+ exgdas_enkf_update.sh[397]export err=0
+ exgdas_enkf_update.sh[397]err=0
+ exgdas_enkf_update.sh[398][[ 0 -ne 0 ]]
+ exgdas_enkf_update.sh[403]cat stdout stderr
+ exgdas_enkf_update.sh[407]cd /work2/noaa/stmp/mterry/HERCULES/RUNDIRS/C96C48mx500_S2SW_cyc_gfs/enkfgfs.2021122100/eupd.491789
+ exgdas_enkf_update.sh[409]exit 0
+ JGDAS_ENKF_UPDATE[37]true
+ JGDAS_ENKF_UPDATE[38]export err=0
+ JGDAS_ENKF_UPDATE[38]err=0
+ JGDAS_ENKF_UPDATE[39][[ 0 -ne 0 ]]
+ JGDAS_ENKF_UPDATE[46][[ NO == \Y\E\S ]]
+ JGDAS_ENKF_UPDATE[58]'[' -e OUTPUT.492245 ']'
+ JGDAS_ENKF_UPDATE[59]cat OUTPUT.492245
/work2/noaa/global/mterry/global-workflow_forked/exec/enkf.x
+ JGDAS_ENKF_UPDATE[65]cd /work2/noaa/stmp/mterry/HERCULES/RUNDIRS/C96C48mx500_S2SW_cyc_gfs/enkfgfs.2021122100
+ JGDAS_ENKF_UPDATE[66][[ NO == \N\O ]]
+ JGDAS_ENKF_UPDATE[67]rm -rf /work2/noaa/stmp/mterry/HERCULES/RUNDIRS/C96C48mx500_S2SW_cyc_gfs/enkfgfs.2021122100/eupd.491789
+ JGDAS_ENKF_UPDATE[71]exit 0
+ JGDAS_ENKF_UPDATE[1]postamble /work2/noaa/global/mterry/global-workflow_forked/jobs/JGDAS_ENKF_UPDATE 1753772997 0
+ preamble.sh[62]set +x
End /work2/noaa/global/mterry/global-workflow_forked/jobs/JGDAS_ENKF_UPDATE at 07:12:00 with error code 0 (time elapsed: 00:02:03)
+ status=0
+ exit 0
