+ source /work2/noaa/global/mterry/global-workflow_forked/ush/load_fv3gfs_modules.sh
++ [[ hxB == *x* ]]
++ set_x=YES
++ [[ NO == \N\O ]]
++ echo 'Loading modules quietly...'
Loading modules quietly...
++ set +x
Running "module reset". Resetting modules to system default. The following $MODULEPATH directories have been removed: /work2/noaa/global/mterry/global-workflow_forked/modulefiles

Currently Loaded Modules:
  1) contrib/0.1                      43) ip/4.3.0
  2) intel-oneapi-compilers/2023.1.0  44) grib-util/1.3.0
  3) stack-intel/2021.9.0             45) g2tmpl/1.13.0
  4) intel-oneapi-mpi/2021.9.0        46) gsi-ncdiag/1.1.2
  5) stack-intel-oneapi-mpi/2021.9.0  47) crtm-fix/2.4.0.1_emc
  6) intel-oneapi-mkl/2023.1.0        48) git-lfs/3.1.2
  7) zlib/1.2.13                      49) crtm/2.4.0.1
  8) pigz/2.7                         50) openblas/0.3.24
  9) zstd/1.5.2                       51) py-setuptools/63.4.3
 10) tar/1.34                         52) py-numpy/1.23.4
 11) gettext/0.21.1                   53) bufr/11.7.0
 12) libxcrypt/4.4.35                 54) gmake/4.2.1
 13) sqlite/3.43.2                    55) wgrib2/2.0.8
 14) util-linux-uuid/2.38.1           56) py-f90nml/1.4.3
 15) python/3.11.6                    57) py-cftime/1.0.3.4
 16) libjpeg/2.1.0                    58) py-netcdf4/1.5.8
 17) jasper/2.0.32                    59) libyaml/0.2.5
 18) libpng/1.6.37                    60) py-pyyaml/6.0
 19) openjpeg/2.3.1                   61) py-markupsafe/2.1.3
 20) eccodes/2.32.0                   62) py-jinja2/3.1.2
 21) fftw/3.3.10                      63) py-bottleneck/1.3.7
 22) nghttp2/1.57.0                   64) py-numexpr/2.8.4
 23) curl/8.4.0                       65) py-et-xmlfile/1.0.1
 24) proj/9.2.1                       66) py-openpyxl/3.1.2
 25) udunits/2.2.28                   67) py-pytz/2023.3
 26) cdo/2.2.0                        68) py-pyxlsb/1.0.10
 27) hdf5/1.14.0                      69) py-xlrd/2.0.1
 28) snappy/1.1.10                    70) py-xlsxwriter/3.1.7
 29) c-blosc/1.21.5                   71) py-xlwt/1.3.0
 30) netcdf-c/4.9.2                   72) py-pandas/1.5.3
 31) netcdf-fortran/4.6.1             73) py-six/1.16.0
 32) parallel-netcdf/1.12.2           74) py-python-dateutil/2.8.2
 33) parallelio/2.5.10                75) g2c/1.8.0
 34) esmf/8.6.0                       76) netcdf-cxx4/4.3.1
 35) antlr/2.7.7                      77) met/9.1.3
 36) gsl/2.7.1                        78) metplus/3.1.1
 37) nco/5.0.6                        79) py-packaging/23.1
 38) bacio/2.4.1                      80) py-xarray/2023.7.0
 39) w3emc/2.10.0                     81) prepobs/1.1.0
 40) prod_util/2.1.1                  82) fit2obs/1.1.7.1
 41) g2/3.4.5                         83) globus-cli/3.35.2
 42) sp/2.5.0                         84) module_base.hercules

 

++ [[ -d /work2/noaa/global/mterry/global-workflow_forked/sorc/wxflow/src ]]
++ PYTHONPATH=/apps/other/globus-cli-3.35.2:/work/noaa/epic/role-epic/spack-stack/hercules/spack-stack-1.6.0/envs/gsi-addon-dev-fms-2024.01/install/intel/2021.9.0/py-xarray-2023.7.0-x743hx4/lib/python3.11/site-packages:/work/noaa/epic/role-epic/spack-stack/hercules/spack-stack-1.6.0/envs/gsi-addon-dev-fms-2024.01/install/intel/2021.9.0/py-packaging-23.1-cvb54w6/lib/python3.11/site-packages:/work/noaa/epic/role-epic/spack-stack/hercules/spack-stack-1.6.0/envs/gsi-addon-dev-fms-2024.01/install/intel/2021.9.0/py-python-dateutil-2.8.2-crskgyy/lib/python3.11/site-packages:/work/noaa/epic/role-epic/spack-stack/hercules/spack-stack-1.6.0/envs/gsi-addon-dev-fms-2024.01/install/intel/2021.9.0/py-six-1.16.0-dtjcn7o/lib/python3.11/site-packages:/work/noaa/epic/role-epic/spack-stack/hercules/spack-stack-1.6.0/envs/gsi-addon-dev-fms-2024.01/install/intel/2021.9.0/py-pandas-1.5.3-7tjsvkw/lib/python3.11/site-packages:/work/noaa/epic/role-epic/spack-stack/hercules/spack-stack-1.6.0/envs/gsi-addon-dev-fms-2024.01/install/intel/2021.9.0/py-xlwt-1.3.0-ghvbw56/lib/python3.11/site-packages:/work/noaa/epic/role-epic/spack-stack/hercules/spack-stack-1.6.0/envs/gsi-addon-dev-fms-2024.01/install/intel/2021.9.0/py-xlsxwriter-3.1.7-rqogaok/lib/python3.11/site-packages:/work/noaa/epic/role-epic/spack-stack/hercules/spack-stack-1.6.0/envs/gsi-addon-dev-fms-2024.01/install/intel/2021.9.0/py-xlrd-2.0.1-g52jf7f/lib/python3.11/site-packages:/work/noaa/epic/role-epic/spack-stack/hercules/spack-stack-1.6.0/envs/gsi-addon-dev-fms-2024.01/install/intel/2021.9.0/py-pyxlsb-1.0.10-ow7w6ge/lib/python3.11/site-packages:/work/noaa/epic/role-epic/spack-stack/hercules/spack-stack-1.6.0/envs/gsi-addon-dev-fms-2024.01/install/intel/2021.9.0/py-pytz-2023.3-kmu3i3s/lib/python3.11/site-packages:/work/noaa/epic/role-epic/spack-stack/hercules/spack-stack-1.6.0/envs/gsi-addon-dev-fms-2024.01/install/intel/2021.9.0/py-openpyxl-3.1.2-vfourqe/lib/python3.11/site-packages:/work/noaa/epic/role-epic/spack-stack/hercules/spack-stack-1.6.0/envs/gsi-addon-dev-fms-2024.01/install/intel/2021.9.0/py-et-xmlfile-1.0.1-7wze7yq/lib/python3.11/site-packages:/work/noaa/epic/role-epic/spack-stack/hercules/spack-stack-1.6.0/envs/gsi-addon-dev-fms-2024.01/install/intel/2021.9.0/py-numexpr-2.8.4-nobvkrq/lib/python3.11/site-packages:/work/noaa/epic/role-epic/spack-stack/hercules/spack-stack-1.6.0/envs/gsi-addon-dev-fms-2024.01/install/intel/2021.9.0/py-bottleneck-1.3.7-ftw2r3a/lib/python3.11/site-packages:/work/noaa/epic/role-epic/spack-stack/hercules/spack-stack-1.6.0/envs/gsi-addon-dev-fms-2024.01/install/intel/2021.9.0/py-jinja2-3.1.2-eoja5pj/lib/python3.11/site-packages:/work/noaa/epic/role-epic/spack-stack/hercules/spack-stack-1.6.0/envs/gsi-addon-dev-fms-2024.01/install/intel/2021.9.0/py-markupsafe-2.1.3-v6xcnb7/lib/python3.11/site-packages:/work/noaa/epic/role-epic/spack-stack/hercules/spack-stack-1.6.0/envs/gsi-addon-dev-fms-2024.01/install/intel/2021.9.0/py-pyyaml-6.0-t2st4x2/lib/python3.11/site-packages:/work/noaa/epic/role-epic/spack-stack/hercules/spack-stack-1.6.0/envs/gsi-addon-dev-fms-2024.01/install/intel/2021.9.0/py-netcdf4-1.5.8-bgfhv5i/lib/python3.11/site-packages:/work/noaa/epic/role-epic/spack-stack/hercules/spack-stack-1.6.0/envs/gsi-addon-dev-fms-2024.01/install/intel/2021.9.0/py-cftime-1.0.3.4-ienmq3i/lib/python3.11/site-packages:/work/noaa/epic/role-epic/spack-stack/hercules/spack-stack-1.6.0/envs/gsi-addon-dev-fms-2024.01/install/intel/2021.9.0/py-f90nml-1.4.3-3ib7u6z/lib/python3.11/site-packages:/work/noaa/epic/role-epic/spack-stack/hercules/spack-stack-1.6.0/envs/gsi-addon-dev-fms-2024.01/install/intel/2021.9.0/bufr-11.7.0-7qdgt6m/lib64/python3.11/site-packages:/work/noaa/epic/role-epic/spack-stack/hercules/spack-stack-1.6.0/envs/gsi-addon-dev-fms-2024.01/install/intel/2021.9.0/bufr-11.7.0-7qdgt6m/lib/python3.11/site-packages:/work/noaa/epic/role-epic/spack-stack/hercules/spack-stack-1.6.0/envs/gsi-addon-dev-fms-2024.01/install/intel/2021.9.0/py-numpy-1.23.4-ftta6ne/lib/python3.11/site-packages:/work/noaa/epic/role-epic/spack-stack/hercules/spack-stack-1.6.0/envs/gsi-addon-dev-fms-2024.01/install/intel/2021.9.0/py-setuptools-63.4.3-5extjhr/lib/python3.11/site-packages:/work2/noaa/global/mterry/global-workflow_forked/sorc/wxflow/src:/work2/noaa/global/mterry/global-workflow_forked/sorc/wxflow/src
++ PYTHONPATH=/apps/other/globus-cli-3.35.2:/work/noaa/epic/role-epic/spack-stack/hercules/spack-stack-1.6.0/envs/gsi-addon-dev-fms-2024.01/install/intel/2021.9.0/py-xarray-2023.7.0-x743hx4/lib/python3.11/site-packages:/work/noaa/epic/role-epic/spack-stack/hercules/spack-stack-1.6.0/envs/gsi-addon-dev-fms-2024.01/install/intel/2021.9.0/py-packaging-23.1-cvb54w6/lib/python3.11/site-packages:/work/noaa/epic/role-epic/spack-stack/hercules/spack-stack-1.6.0/envs/gsi-addon-dev-fms-2024.01/install/intel/2021.9.0/py-python-dateutil-2.8.2-crskgyy/lib/python3.11/site-packages:/work/noaa/epic/role-epic/spack-stack/hercules/spack-stack-1.6.0/envs/gsi-addon-dev-fms-2024.01/install/intel/2021.9.0/py-six-1.16.0-dtjcn7o/lib/python3.11/site-packages:/work/noaa/epic/role-epic/spack-stack/hercules/spack-stack-1.6.0/envs/gsi-addon-dev-fms-2024.01/install/intel/2021.9.0/py-pandas-1.5.3-7tjsvkw/lib/python3.11/site-packages:/work/noaa/epic/role-epic/spack-stack/hercules/spack-stack-1.6.0/envs/gsi-addon-dev-fms-2024.01/install/intel/2021.9.0/py-xlwt-1.3.0-ghvbw56/lib/python3.11/site-packages:/work/noaa/epic/role-epic/spack-stack/hercules/spack-stack-1.6.0/envs/gsi-addon-dev-fms-2024.01/install/intel/2021.9.0/py-xlsxwriter-3.1.7-rqogaok/lib/python3.11/site-packages:/work/noaa/epic/role-epic/spack-stack/hercules/spack-stack-1.6.0/envs/gsi-addon-dev-fms-2024.01/install/intel/2021.9.0/py-xlrd-2.0.1-g52jf7f/lib/python3.11/site-packages:/work/noaa/epic/role-epic/spack-stack/hercules/spack-stack-1.6.0/envs/gsi-addon-dev-fms-2024.01/install/intel/2021.9.0/py-pyxlsb-1.0.10-ow7w6ge/lib/python3.11/site-packages:/work/noaa/epic/role-epic/spack-stack/hercules/spack-stack-1.6.0/envs/gsi-addon-dev-fms-2024.01/install/intel/2021.9.0/py-pytz-2023.3-kmu3i3s/lib/python3.11/site-packages:/work/noaa/epic/role-epic/spack-stack/hercules/spack-stack-1.6.0/envs/gsi-addon-dev-fms-2024.01/install/intel/2021.9.0/py-openpyxl-3.1.2-vfourqe/lib/python3.11/site-packages:/work/noaa/epic/role-epic/spack-stack/hercules/spack-stack-1.6.0/envs/gsi-addon-dev-fms-2024.01/install/intel/2021.9.0/py-et-xmlfile-1.0.1-7wze7yq/lib/python3.11/site-packages:/work/noaa/epic/role-epic/spack-stack/hercules/spack-stack-1.6.0/envs/gsi-addon-dev-fms-2024.01/install/intel/2021.9.0/py-numexpr-2.8.4-nobvkrq/lib/python3.11/site-packages:/work/noaa/epic/role-epic/spack-stack/hercules/spack-stack-1.6.0/envs/gsi-addon-dev-fms-2024.01/install/intel/2021.9.0/py-bottleneck-1.3.7-ftw2r3a/lib/python3.11/site-packages:/work/noaa/epic/role-epic/spack-stack/hercules/spack-stack-1.6.0/envs/gsi-addon-dev-fms-2024.01/install/intel/2021.9.0/py-jinja2-3.1.2-eoja5pj/lib/python3.11/site-packages:/work/noaa/epic/role-epic/spack-stack/hercules/spack-stack-1.6.0/envs/gsi-addon-dev-fms-2024.01/install/intel/2021.9.0/py-markupsafe-2.1.3-v6xcnb7/lib/python3.11/site-packages:/work/noaa/epic/role-epic/spack-stack/hercules/spack-stack-1.6.0/envs/gsi-addon-dev-fms-2024.01/install/intel/2021.9.0/py-pyyaml-6.0-t2st4x2/lib/python3.11/site-packages:/work/noaa/epic/role-epic/spack-stack/hercules/spack-stack-1.6.0/envs/gsi-addon-dev-fms-2024.01/install/intel/2021.9.0/py-netcdf4-1.5.8-bgfhv5i/lib/python3.11/site-packages:/work/noaa/epic/role-epic/spack-stack/hercules/spack-stack-1.6.0/envs/gsi-addon-dev-fms-2024.01/install/intel/2021.9.0/py-cftime-1.0.3.4-ienmq3i/lib/python3.11/site-packages:/work/noaa/epic/role-epic/spack-stack/hercules/spack-stack-1.6.0/envs/gsi-addon-dev-fms-2024.01/install/intel/2021.9.0/py-f90nml-1.4.3-3ib7u6z/lib/python3.11/site-packages:/work/noaa/epic/role-epic/spack-stack/hercules/spack-stack-1.6.0/envs/gsi-addon-dev-fms-2024.01/install/intel/2021.9.0/bufr-11.7.0-7qdgt6m/lib64/python3.11/site-packages:/work/noaa/epic/role-epic/spack-stack/hercules/spack-stack-1.6.0/envs/gsi-addon-dev-fms-2024.01/install/intel/2021.9.0/bufr-11.7.0-7qdgt6m/lib/python3.11/site-packages:/work/noaa/epic/role-epic/spack-stack/hercules/spack-stack-1.6.0/envs/gsi-addon-dev-fms-2024.01/install/intel/2021.9.0/py-numpy-1.23.4-ftta6ne/lib/python3.11/site-packages:/work/noaa/epic/role-epic/spack-stack/hercules/spack-stack-1.6.0/envs/gsi-addon-dev-fms-2024.01/install/intel/2021.9.0/py-setuptools-63.4.3-5extjhr/lib/python3.11/site-packages:/work2/noaa/global/mterry/global-workflow_forked/sorc/wxflow/src:/work2/noaa/global/mterry/global-workflow_forked/sorc/wxflow/src:/work2/noaa/global/mterry/global-workflow_forked/ush/python
++ export PYTHONPATH
++ ulimit -S -s 16384
++ unset ulimit_s
+ status=0
+ [[ 0 -ne 0 ]]
+ export job=epos
+ job=epos
+ export jobid=epos.236140
+ jobid=epos.236140
++ echo f003
++ sed -e 's/_/ /g; s/f/ /g; s/,/ /g'
+ fhrlst=' 003'
+ for fhr in ${fhrlst}
+ export FHMIN_EPOS=003
+ FHMIN_EPOS=003
+ export FHMAX_EPOS=003
+ FHMAX_EPOS=003
+ export FHOUT_EPOS=003
+ FHOUT_EPOS=003
+ /work2/noaa/global/mterry/global-workflow_forked/jobs/JGDAS_ENKF_POST
Begin /work2/noaa/global/mterry/global-workflow_forked/jobs/JGDAS_ENKF_POST at Mon Jul 28 20:08:07 UTC 2025
++ jjob_header.sh[46]OPTIND=1
++ jjob_header.sh[47]getopts c:e: option
++ jjob_header.sh[48]case "${option}" in
++ jjob_header.sh[50]env_job=epos
++ jjob_header.sh[47]getopts c:e: option
++ jjob_header.sh[48]case "${option}" in
++ jjob_header.sh[49]read -ra configs
++ jjob_header.sh[47]getopts c:e: option
++ jjob_header.sh[61]shift 4
++ jjob_header.sh[63][[ -z epos ]]
++ jjob_header.sh[71]export DATA=/work2/noaa/stmp/mterry/HERCULES/RUNDIRS/C96C48_hybatmDA/enkfgdas.2021122018/epos.236140
++ jjob_header.sh[71]DATA=/work2/noaa/stmp/mterry/HERCULES/RUNDIRS/C96C48_hybatmDA/enkfgdas.2021122018/epos.236140
++ jjob_header.sh[72][[ YES == \Y\E\S ]]
++ jjob_header.sh[73]rm -rf /work2/noaa/stmp/mterry/HERCULES/RUNDIRS/C96C48_hybatmDA/enkfgdas.2021122018/epos.236140
++ jjob_header.sh[75]mkdir -p /work2/noaa/stmp/mterry/HERCULES/RUNDIRS/C96C48_hybatmDA/enkfgdas.2021122018/epos.236140
++ jjob_header.sh[76]cd /work2/noaa/stmp/mterry/HERCULES/RUNDIRS/C96C48_hybatmDA/enkfgdas.2021122018/epos.236140
++ jjob_header.sh[85]export pid=236599
++ jjob_header.sh[85]pid=236599
++ jjob_header.sh[86]export pgmout=OUTPUT.236599
++ jjob_header.sh[86]pgmout=OUTPUT.236599
++ jjob_header.sh[87]export pgmerr=errfile
++ jjob_header.sh[87]pgmerr=errfile
++ jjob_header.sh[90]export pgm=
++ jjob_header.sh[90]pgm=
++ jjob_header.sh[96]export cycle=t18z
++ jjob_header.sh[96]cycle=t18z
++ jjob_header.sh[97]setpdy.sh
+ setpdy.sh[20]'[' /work2/noaa/stmp/mterry/HERCULES/RUNDIRS/C96C48_hybatmDA/enkfgdas.2021122018/epos.236140 == /home/mterry ']'
+ setpdy.sh[25][[ ! t18z =~ t??z ]]
+ setpdy.sh[30]case $# in
+ setpdy.sh[31]dates_before_PDY=7
+ setpdy.sh[32]dates_after_PDY=7
+ setpdy.sh[50]COMDATEROOT=/work2/noaa/global/mterry/RUNTESTS/COMROOT
+ setpdy.sh[53]'[' -z 20211220 ']'
+ setpdy.sh[57]sed 's/[0-9]\{8\}/20211220/' /work2/noaa/global/mterry/RUNTESTS/COMROOT/date/t18z
sed: can't read /work2/noaa/global/mterry/RUNTESTS/COMROOT/date/t18z: No such file or directory
++ jjob_header.sh[97]true
++ jjob_header.sh[98]source ./PDY
/work2/noaa/global/mterry/global-workflow_forked/ush/jjob_header.sh: line 98: ./PDY: No such file or directory
++ jjob_header.sh[98]true
++ jjob_header.sh[104]export EXPDIR=/work2/noaa/global/mterry/RUNTESTS/EXPDIR/C96C48_hybatmDA
++ jjob_header.sh[104]EXPDIR=/work2/noaa/global/mterry/RUNTESTS/EXPDIR/C96C48_hybatmDA
++ jjob_header.sh[105]for config in "${configs[@]:-''}"
++ jjob_header.sh[106]source /work2/noaa/global/mterry/RUNTESTS/EXPDIR/C96C48_hybatmDA/config.base
+++ config.base[6]echo 'BEGIN: config.base'
BEGIN: config.base
+++ config.base[9]export machine=HERCULES
+++ config.base[9]machine=HERCULES
+++ config.base[12]export RUN_ENVIR=emc
+++ config.base[12]RUN_ENVIR=emc
+++ config.base[15]export ACCOUNT=fv3-cpu
+++ config.base[15]ACCOUNT=fv3-cpu
+++ config.base[16]export QUEUE=batch
+++ config.base[16]QUEUE=batch
+++ config.base[17]export QUEUE_SERVICE=batch
+++ config.base[17]QUEUE_SERVICE=batch
+++ config.base[18]export QUEUE_DTN=batch
+++ config.base[18]QUEUE_DTN=batch
+++ config.base[19]export PARTITION_BATCH=hercules
+++ config.base[19]PARTITION_BATCH=hercules
+++ config.base[20]export PARTITION_SERVICE=service
+++ config.base[20]PARTITION_SERVICE=service
+++ config.base[21]export PARTITION_DTN=
+++ config.base[21]PARTITION_DTN=
+++ config.base[22]export RESERVATION=
+++ config.base[22]RESERVATION=
+++ config.base[23]export CLUSTERS=
+++ config.base[23]CLUSTERS=
+++ config.base[24]export CLUSTERS_SERVICE=
+++ config.base[24]CLUSTERS_SERVICE=
+++ config.base[25]export CLUSTERS_DTN=
+++ config.base[25]CLUSTERS_DTN=
+++ config.base[28]export HPSS_PROJECT=emc-global
+++ config.base[28]HPSS_PROJECT=emc-global
+++ config.base[31]export HOMEgfs=/work2/noaa/global/mterry/global-workflow_forked
+++ config.base[31]HOMEgfs=/work2/noaa/global/mterry/global-workflow_forked
+++ config.base[32]export EXECgfs=/work2/noaa/global/mterry/global-workflow_forked/exec
+++ config.base[32]EXECgfs=/work2/noaa/global/mterry/global-workflow_forked/exec
+++ config.base[33]export FIXgfs=/work2/noaa/global/mterry/global-workflow_forked/fix
+++ config.base[33]FIXgfs=/work2/noaa/global/mterry/global-workflow_forked/fix
+++ config.base[34]export PARMgfs=/work2/noaa/global/mterry/global-workflow_forked/parm
+++ config.base[34]PARMgfs=/work2/noaa/global/mterry/global-workflow_forked/parm
+++ config.base[35]export SCRgfs=/work2/noaa/global/mterry/global-workflow_forked/scripts
+++ config.base[35]SCRgfs=/work2/noaa/global/mterry/global-workflow_forked/scripts
+++ config.base[36]export USHgfs=/work2/noaa/global/mterry/global-workflow_forked/ush
+++ config.base[36]USHgfs=/work2/noaa/global/mterry/global-workflow_forked/ush
+++ config.base[38]export FIXam=/work2/noaa/global/mterry/global-workflow_forked/fix/am
+++ config.base[38]FIXam=/work2/noaa/global/mterry/global-workflow_forked/fix/am
+++ config.base[39]export FIXaer=/work2/noaa/global/mterry/global-workflow_forked/fix/aer
+++ config.base[39]FIXaer=/work2/noaa/global/mterry/global-workflow_forked/fix/aer
+++ config.base[40]export FIXcpl=/work2/noaa/global/mterry/global-workflow_forked/fix/cpl
+++ config.base[40]FIXcpl=/work2/noaa/global/mterry/global-workflow_forked/fix/cpl
+++ config.base[41]export FIXlut=/work2/noaa/global/mterry/global-workflow_forked/fix/lut
+++ config.base[41]FIXlut=/work2/noaa/global/mterry/global-workflow_forked/fix/lut
+++ config.base[42]export FIXcice=/work2/noaa/global/mterry/global-workflow_forked/fix/cice
+++ config.base[42]FIXcice=/work2/noaa/global/mterry/global-workflow_forked/fix/cice
+++ config.base[43]export FIXmom=/work2/noaa/global/mterry/global-workflow_forked/fix/mom6
+++ config.base[43]FIXmom=/work2/noaa/global/mterry/global-workflow_forked/fix/mom6
+++ config.base[44]export FIXreg2grb2=/work2/noaa/global/mterry/global-workflow_forked/fix/reg2grb2
+++ config.base[44]FIXreg2grb2=/work2/noaa/global/mterry/global-workflow_forked/fix/reg2grb2
+++ config.base[45]export FIXgdas=/work2/noaa/global/mterry/global-workflow_forked/fix/gdas
+++ config.base[45]FIXgdas=/work2/noaa/global/mterry/global-workflow_forked/fix/gdas
+++ config.base[50]export PACKAGEROOT=/work2/noaa/global/role-global/nwpara
+++ config.base[50]PACKAGEROOT=/work2/noaa/global/role-global/nwpara
+++ config.base[51]export COMROOT=/work2/noaa/global/mterry/RUNTESTS/COMROOT
+++ config.base[51]COMROOT=/work2/noaa/global/mterry/RUNTESTS/COMROOT
+++ config.base[52]export COMINsyn=/work2/noaa/global/role-global/com/gfs/prod/syndat
+++ config.base[52]COMINsyn=/work2/noaa/global/role-global/com/gfs/prod/syndat
+++ config.base[53]export DMPDIR=/work/noaa/rstprod/dump
+++ config.base[53]DMPDIR=/work/noaa/rstprod/dump
+++ config.base[57]export COMINecmwf=/work2/noaa/global/role-global/data/external_gempak/ecmwf
+++ config.base[57]COMINecmwf=/work2/noaa/global/role-global/data/external_gempak/ecmwf
+++ config.base[58]export COMINnam=/work2/noaa/global/role-global/data/external_gempak/nam
+++ config.base[58]COMINnam=/work2/noaa/global/role-global/data/external_gempak/nam
+++ config.base[59]export COMINukmet=/work2/noaa/global/role-global/data/external_gempak/ukmet
+++ config.base[59]COMINukmet=/work2/noaa/global/role-global/data/external_gempak/ukmet
+++ config.base[62]export HOMEDIR=/work2/noaa/global/mterry
+++ config.base[62]HOMEDIR=/work2/noaa/global/mterry
+++ config.base[63]export STMP=/work2/noaa/stmp/mterry/HERCULES
+++ config.base[63]STMP=/work2/noaa/stmp/mterry/HERCULES
+++ config.base[64]export PTMP=/work2/noaa/stmp/mterry/HERCULES
+++ config.base[64]PTMP=/work2/noaa/stmp/mterry/HERCULES
+++ config.base[65]export NOSCRUB=/work2/noaa/global/mterry
+++ config.base[65]NOSCRUB=/work2/noaa/global/mterry
+++ config.base[68]export BASE_GIT=/work2/noaa/global/role-global/git
+++ config.base[68]BASE_GIT=/work2/noaa/global/role-global/git
+++ config.base[71]export BASE_DATA=/work2/noaa/global/role-global/data
+++ config.base[71]BASE_DATA=/work2/noaa/global/role-global/data
+++ config.base[74]export DO_PREP_SFC=NO
+++ config.base[74]DO_PREP_SFC=NO
+++ config.base[77]export DO_GOES=NO
+++ config.base[77]DO_GOES=NO
+++ config.base[78]export DO_BUFRSND=NO
+++ config.base[78]DO_BUFRSND=NO
+++ config.base[79]export DO_GEMPAK=NO
+++ config.base[79]DO_GEMPAK=NO
+++ config.base[80]export DO_AWIPS=NO
+++ config.base[80]DO_AWIPS=NO
+++ config.base[81]export DO_NPOESS=NO
+++ config.base[81]DO_NPOESS=NO
+++ config.base[82]export DO_TRACKER=YES
+++ config.base[82]DO_TRACKER=YES
+++ config.base[83]export DO_GENESIS=YES
+++ config.base[83]DO_GENESIS=YES
+++ config.base[84]export DO_GENESIS_FSU=NO
+++ config.base[84]DO_GENESIS_FSU=NO
+++ config.base[85]export DO_VERFOZN=YES
+++ config.base[85]DO_VERFOZN=YES
+++ config.base[86]export DO_VERFRAD=YES
+++ config.base[86]DO_VERFRAD=YES
+++ config.base[87]export DO_VMINMON=YES
+++ config.base[87]DO_VMINMON=YES
+++ config.base[88]export DO_ANLSTAT=NO
+++ config.base[88]DO_ANLSTAT=NO
+++ config.base[91]export MODE=cycled
+++ config.base[91]MODE=cycled
+++ config.base[92]export DO_TEST_MODE=YES
+++ config.base[92]DO_TEST_MODE=YES
+++ config.base[101]export FIXgsi=/work2/noaa/global/mterry/global-workflow_forked/fix/gsi
+++ config.base[101]FIXgsi=/work2/noaa/global/mterry/global-workflow_forked/fix/gsi
+++ config.base[102]export HOMEpost=/work2/noaa/global/mterry/global-workflow_forked
+++ config.base[102]HOMEpost=/work2/noaa/global/mterry/global-workflow_forked
+++ config.base[103]export HOMEobsproc=/work2/noaa/global/role-global/git/obsproc/v1.2.0
+++ config.base[103]HOMEobsproc=/work2/noaa/global/role-global/git/obsproc/v1.2.0
+++ config.base[106]export NMV=/bin/mv
+++ config.base[106]NMV=/bin/mv
+++ config.base[107]export 'NLN=/bin/ln -sf'
+++ config.base[107]NLN='/bin/ln -sf'
+++ config.base[108]export VERBOSE=YES
+++ config.base[108]VERBOSE=YES
+++ config.base[109]export KEEPDATA=NO
+++ config.base[109]KEEPDATA=NO
+++ config.base[110]export DEBUG_POSTSCRIPT=NO
+++ config.base[110]DEBUG_POSTSCRIPT=NO
+++ config.base[111]export CHGRP_RSTPROD=YES
+++ config.base[111]CHGRP_RSTPROD=YES
+++ config.base[112]export 'CHGRP_CMD=chgrp rstprod'
+++ config.base[112]CHGRP_CMD='chgrp rstprod'
+++ config.base[113]export NCDUMP=/work/noaa/epic/role-epic/spack-stack/hercules/spack-stack-1.6.0/envs/unified-env/install/intel/2021.9.0/netcdf-c-4.9.2-tslbcfy/bin/ncdump
+++ config.base[113]NCDUMP=/work/noaa/epic/role-epic/spack-stack/hercules/spack-stack-1.6.0/envs/unified-env/install/intel/2021.9.0/netcdf-c-4.9.2-tslbcfy/bin/ncdump
+++ config.base[114]export NCLEN=/work2/noaa/global/mterry/global-workflow_forked/ush/getncdimlen
+++ config.base[114]NCLEN=/work2/noaa/global/mterry/global-workflow_forked/ush/getncdimlen
+++ config.base[117]export BASE_ENV=/work2/noaa/global/mterry/global-workflow_forked/env
+++ config.base[117]BASE_ENV=/work2/noaa/global/mterry/global-workflow_forked/env
+++ config.base[120]export SDATE=2021122018
+++ config.base[120]SDATE=2021122018
+++ config.base[121]export EDATE=2021122106
+++ config.base[121]EDATE=2021122106
+++ config.base[122]export EXP_WARM_START=.false.
+++ config.base[122]EXP_WARM_START=.false.
+++ config.base[123]export assim_freq=6
+++ config.base[123]assim_freq=6
+++ config.base[124]export PSLOT=C96C48_hybatmDA
+++ config.base[124]PSLOT=C96C48_hybatmDA
+++ config.base[125]export EXPDIR=/work2/noaa/global/mterry/RUNTESTS/EXPDIR/C96C48_hybatmDA
+++ config.base[125]EXPDIR=/work2/noaa/global/mterry/RUNTESTS/EXPDIR/C96C48_hybatmDA
+++ config.base[126]export ROTDIR=/work2/noaa/global/mterry/RUNTESTS/COMROOT/C96C48_hybatmDA
+++ config.base[126]ROTDIR=/work2/noaa/global/mterry/RUNTESTS/COMROOT/C96C48_hybatmDA
+++ config.base[127]export DUMP_SUFFIX=
+++ config.base[127]DUMP_SUFFIX=
+++ config.base[128][[ 2021122018 -ge 2019092100 ]]
+++ config.base[128][[ 2021122018 -le 2019110700 ]]
+++ config.base[131]export ARCDIR=/work2/noaa/global/mterry/archive/C96C48_hybatmDA
+++ config.base[131]ARCDIR=/work2/noaa/global/mterry/archive/C96C48_hybatmDA
+++ config.base[132]export ATARDIR=/NCEPDEV/emc-global/1year/mterry/HERCULES/scratch/C96C48_hybatmDA
+++ config.base[132]ATARDIR=/NCEPDEV/emc-global/1year/mterry/HERCULES/scratch/C96C48_hybatmDA
+++ config.base[133]export FETCHDIR=/NCEPDEV/emc-global/1year/David.Grumm/test_data
+++ config.base[133]FETCHDIR=/NCEPDEV/emc-global/1year/David.Grumm/test_data
+++ config.base[136]export envir=prod
+++ config.base[136]envir=prod
+++ config.base[137]export NET=gfs
+++ config.base[137]NET=gfs
+++ config.base[138]export RUN=enkfgdas
+++ config.base[138]RUN=enkfgdas
+++ config.base[141]source /work2/noaa/global/mterry/RUNTESTS/EXPDIR/C96C48_hybatmDA/config.com
++++ config.com[4]echo 'BEGIN: config.com'
BEGIN: config.com
++++ config.com[38][[ emc == \n\c\o ]]
++++ config.com[43]COM_OBSPROC_TMPL='${DMPDIR}/${RUN}${DUMP_SUFFIX}.${YMD}/${HH}/atmos'
++++ config.com[44]COM_RTOFS_TMPL='${DMPDIR}'
++++ config.com[45]COM_TCVITAL_TMPL='${DMPDIR}/${RUN}.${YMD}/${HH}/atmos'
++++ config.com[47]declare -rx 'COM_OBS_TMPL=${ROTDIR}/${RUN}.${YMD}/${HH}/obs'
++++ config.com[48]declare -rx COM_OBSPROC_TMPL COM_RTOFS_TMPL
++++ config.com[50]COM_BASE='${ROTDIR}/${RUN}.${YMD}/${HH}/${MEMDIR}'
++++ config.com[52]declare -rx 'COM_TOP_TMPL=${ROTDIR}/${RUN}.${YMD}/${HH}'
++++ config.com[54]declare -rx 'COM_CONF_TMPL=${ROTDIR}/${RUN}.${YMD}/${HH}/${MEMDIR}/conf'
++++ config.com[55]declare -rx 'COM_OBS_JEDI=${ROTDIR}/${RUN}.${YMD}/${HH}/${MEMDIR}/obs_jedi'
++++ config.com[57]declare -rx 'COM_ATMOS_INPUT_TMPL=${ROTDIR}/${RUN}.${YMD}/${HH}/${MEMDIR}/model/atmos/input'
++++ config.com[58]declare -rx 'COM_ATMOS_RESTART_TMPL=${ROTDIR}/${RUN}.${YMD}/${HH}/${MEMDIR}/model/atmos/restart'
++++ config.com[59]declare -rx 'COM_ATMOS_ANALYSIS_TMPL=${ROTDIR}/${RUN}.${YMD}/${HH}/${MEMDIR}/analysis/atmos'
++++ config.com[60]declare -rx 'COM_SNOW_ANALYSIS_TMPL=${ROTDIR}/${RUN}.${YMD}/${HH}/${MEMDIR}/analysis/snow'
++++ config.com[61]declare -rx 'COM_SNOW_ANLMON_TMPL=${ROTDIR}/${RUN}.${YMD}/${HH}/${MEMDIR}/products/snow/anlmon'
++++ config.com[62]declare -rx 'COM_ATMOS_HISTORY_TMPL=${ROTDIR}/${RUN}.${YMD}/${HH}/${MEMDIR}/model/atmos/history'
++++ config.com[63]declare -rx 'COM_ATMOS_MASTER_TMPL=${ROTDIR}/${RUN}.${YMD}/${HH}/${MEMDIR}/model/atmos/master'
++++ config.com[64]declare -rx 'COM_ATMOS_GRIB_TMPL=${ROTDIR}/${RUN}.${YMD}/${HH}/${MEMDIR}/products/atmos/grib2'
++++ config.com[65]declare -rx 'COM_ATMOS_GRIB_GRID_TMPL=${ROTDIR}/${RUN}.${YMD}/${HH}/${MEMDIR}/products/atmos/grib2/${GRID}'
++++ config.com[66]declare -rx 'COM_ATMOS_BUFR_TMPL=${ROTDIR}/${RUN}.${YMD}/${HH}/${MEMDIR}/products/atmos/bufr'
++++ config.com[67]declare -rx 'COM_ATMOS_GEMPAK_TMPL=${ROTDIR}/${RUN}.${YMD}/${HH}/${MEMDIR}/products/atmos/gempak/${GRID}'
++++ config.com[68]declare -rx 'COM_ATMOS_GENESIS_TMPL=${ROTDIR}/${RUN}.${YMD}/${HH}/${MEMDIR}/products/atmos/cyclone/genesis_vital'
++++ config.com[69]declare -rx 'COM_ATMOS_TRACK_TMPL=${ROTDIR}/${RUN}.${YMD}/${HH}/${MEMDIR}/products/atmos/cyclone/tracks'
++++ config.com[70]declare -rx 'COM_ATMOS_GOES_TMPL=${ROTDIR}/${RUN}.${YMD}/${HH}/${MEMDIR}/products/atmos/goes_sim'
++++ config.com[71]declare -rx 'COM_ATMOS_IMAGERY_TMPL=${ROTDIR}/${RUN}.${YMD}/${HH}/${MEMDIR}/products/atmos/imagery'
++++ config.com[72]declare -rx 'COM_ATMOS_OZNMON_TMPL=${ROTDIR}/${RUN}.${YMD}/${HH}/${MEMDIR}/products/atmos/oznmon'
++++ config.com[73]declare -rx 'COM_ATMOS_RADMON_TMPL=${ROTDIR}/${RUN}.${YMD}/${HH}/${MEMDIR}/products/atmos/radmon'
++++ config.com[74]declare -rx 'COM_ATMOS_MINMON_TMPL=${ROTDIR}/${RUN}.${YMD}/${HH}/${MEMDIR}/products/atmos/minmon'
++++ config.com[75]declare -rx 'COM_ATMOS_ANLMON_TMPL=${ROTDIR}/${RUN}.${YMD}/${HH}/${MEMDIR}/products/atmos/anlmon'
++++ config.com[76]declare -rx 'COM_ATMOS_WMO_TMPL=${ROTDIR}/${RUN}.${YMD}/${HH}/${MEMDIR}/products/atmos/wmo'
++++ config.com[78]declare -rx 'COM_WAVE_RESTART_TMPL=${ROTDIR}/${RUN}.${YMD}/${HH}/${MEMDIR}/model/wave/restart'
++++ config.com[79]declare -rx 'COM_WAVE_PREP_TMPL=${ROTDIR}/${RUN}.${YMD}/${HH}/${MEMDIR}/model/wave/prep'
++++ config.com[80]declare -rx 'COM_WAVE_HISTORY_TMPL=${ROTDIR}/${RUN}.${YMD}/${HH}/${MEMDIR}/model/wave/history'
++++ config.com[81]declare -rx 'COM_WAVE_GRID_TMPL=${ROTDIR}/${RUN}.${YMD}/${HH}/${MEMDIR}/products/wave/gridded'
++++ config.com[82]declare -rx 'COM_WAVE_GRID_RES_TMPL=${ROTDIR}/${RUN}.${YMD}/${HH}/${MEMDIR}/products/wave/gridded/${GRDRESNAME}'
++++ config.com[83]declare -rx 'COM_WAVE_STATION_TMPL=${ROTDIR}/${RUN}.${YMD}/${HH}/${MEMDIR}/products/wave/station'
++++ config.com[84]declare -rx 'COM_WAVE_GEMPAK_TMPL=${ROTDIR}/${RUN}.${YMD}/${HH}/${MEMDIR}/products/wave/gempak'
++++ config.com[85]declare -rx 'COM_WAVE_WMO_TMPL=${ROTDIR}/${RUN}.${YMD}/${HH}/${MEMDIR}/products/wave/wmo'
++++ config.com[87]declare -rx 'COM_OCEAN_HISTORY_TMPL=${ROTDIR}/${RUN}.${YMD}/${HH}/${MEMDIR}/model/ocean/history'
++++ config.com[88]declare -rx 'COM_OCEAN_RESTART_TMPL=${ROTDIR}/${RUN}.${YMD}/${HH}/${MEMDIR}/model/ocean/restart'
++++ config.com[89]declare -rx 'COM_OCEAN_INPUT_TMPL=${ROTDIR}/${RUN}.${YMD}/${HH}/${MEMDIR}/model/ocean/input'
++++ config.com[90]declare -rx 'COM_OCEAN_ANALYSIS_TMPL=${ROTDIR}/${RUN}.${YMD}/${HH}/${MEMDIR}/analysis/ocean'
++++ config.com[91]declare -rx 'COM_OCEAN_ANLMON_TMPL=${ROTDIR}/${RUN}.${YMD}/${HH}/${MEMDIR}/products/ocean/anlmon'
++++ config.com[92]declare -rx 'COM_OCEAN_LETKF_TMPL=${ROTDIR}/${RUN}.${YMD}/${HH}/${MEMDIR}/analysis/ocean/letkf'
++++ config.com[93]declare -rx 'COM_OCEAN_BMATRIX_TMPL=${ROTDIR}/${RUN}.${YMD}/${HH}/${MEMDIR}/bmatrix/ocean'
++++ config.com[94]declare -rx 'COM_OCEAN_NETCDF_TMPL=${ROTDIR}/${RUN}.${YMD}/${HH}/${MEMDIR}/products/ocean/netcdf'
++++ config.com[95]declare -rx 'COM_OCEAN_GRIB_TMPL=${ROTDIR}/${RUN}.${YMD}/${HH}/${MEMDIR}/products/ocean/grib2'
++++ config.com[96]declare -rx 'COM_OCEAN_GRIB_GRID_TMPL=${ROTDIR}/${RUN}.${YMD}/${HH}/${MEMDIR}/products/ocean/grib2/${GRID}'
++++ config.com[98]declare -rx 'COM_ICE_ANALYSIS_TMPL=${ROTDIR}/${RUN}.${YMD}/${HH}/${MEMDIR}/analysis/ice'
++++ config.com[99]declare -rx 'COM_ICE_LETKF_TMPL=${ROTDIR}/${RUN}.${YMD}/${HH}/${MEMDIR}/analysis/ice/letkf'
++++ config.com[100]declare -rx 'COM_ICE_ANLMON_TMPL=${ROTDIR}/${RUN}.${YMD}/${HH}/${MEMDIR}/products/ice/anlmon'
++++ config.com[101]declare -rx 'COM_ICE_BMATRIX_TMPL=${ROTDIR}/${RUN}.${YMD}/${HH}/${MEMDIR}/bmatrix/ice'
++++ config.com[102]declare -rx 'COM_ICE_INPUT_TMPL=${ROTDIR}/${RUN}.${YMD}/${HH}/${MEMDIR}/model/ice/input'
++++ config.com[103]declare -rx 'COM_ICE_HISTORY_TMPL=${ROTDIR}/${RUN}.${YMD}/${HH}/${MEMDIR}/model/ice/history'
++++ config.com[104]declare -rx 'COM_ICE_RESTART_TMPL=${ROTDIR}/${RUN}.${YMD}/${HH}/${MEMDIR}/model/ice/restart'
++++ config.com[105]declare -rx 'COM_ICE_NETCDF_TMPL=${ROTDIR}/${RUN}.${YMD}/${HH}/${MEMDIR}/products/ice/netcdf'
++++ config.com[106]declare -rx 'COM_ICE_GRIB_TMPL=${ROTDIR}/${RUN}.${YMD}/${HH}/${MEMDIR}/products/ice/grib2'
++++ config.com[107]declare -rx 'COM_ICE_GRIB_GRID_TMPL=${ROTDIR}/${RUN}.${YMD}/${HH}/${MEMDIR}/products/ice/grib2/${GRID}'
++++ config.com[109]declare -rx 'COM_CHEM_HISTORY_TMPL=${ROTDIR}/${RUN}.${YMD}/${HH}/${MEMDIR}/model/chem/history'
++++ config.com[110]declare -rx 'COM_CHEM_ANALYSIS_TMPL=${ROTDIR}/${RUN}.${YMD}/${HH}/${MEMDIR}/analysis/chem'
++++ config.com[111]declare -rx 'COM_CHEM_BMAT_TMPL=${ROTDIR}/${RUN}.${YMD}/${HH}/${MEMDIR}/analysis/chem/bmatrix'
++++ config.com[112]declare -rx 'COM_CHEM_ANLMON_TMPL=${ROTDIR}/${RUN}.${YMD}/${HH}/${MEMDIR}/products/chem/anlmon'
++++ config.com[114]declare -rx 'COM_MED_RESTART_TMPL=${ROTDIR}/${RUN}.${YMD}/${HH}/${MEMDIR}/model/med/restart'
+++ config.base[143]export LOGSCRIPT=
+++ config.base[143]LOGSCRIPT=
+++ config.base[145]export 'REDOUT=1>'
+++ config.base[145]REDOUT='1>'
+++ config.base[146]export 'REDERR=2>'
+++ config.base[146]REDERR='2>'
+++ config.base[148]export SENDECF=NO
+++ config.base[148]SENDECF=NO
+++ config.base[149]export SENDSDM=NO
+++ config.base[149]SENDSDM=NO
+++ config.base[150]export SENDDBN_NTC=NO
+++ config.base[150]SENDDBN_NTC=NO
+++ config.base[151]export SENDDBN=NO
+++ config.base[151]SENDDBN=NO
+++ config.base[152]export DBNROOT=/work/noaa/epic/role-epic/spack-stack/hercules/spack-stack-1.6.0/envs/unified-env/install/intel/2021.9.0/prod-util-2.1.1-ddlo2cq/fakedbn
+++ config.base[152]DBNROOT=/work/noaa/epic/role-epic/spack-stack/hercules/spack-stack-1.6.0/envs/unified-env/install/intel/2021.9.0/prod-util-2.1.1-ddlo2cq/fakedbn
+++ config.base[153]export SENDAWIP=NO
+++ config.base[153]SENDAWIP=NO
+++ config.base[156]export APP=ATM
+++ config.base[156]APP=ATM
+++ config.base[158]shopt -s extglob
+++ config.base[161]case "${RUN}" in
+++ config.base[163]APP=ATM
+++ config.base[168]shopt -u extglob
+++ config.base[171]export DO_ATM=YES
+++ config.base[171]DO_ATM=YES
+++ config.base[172]export DO_COUPLED=NO
+++ config.base[172]DO_COUPLED=NO
+++ config.base[173]export DO_WAVE=NO
+++ config.base[173]DO_WAVE=NO
+++ config.base[174]export DO_OCN=NO
+++ config.base[174]DO_OCN=NO
+++ config.base[175]export DO_ICE=NO
+++ config.base[175]DO_ICE=NO
+++ config.base[176]DO_AERO=NO
+++ config.base[177]export DO_PREP_OBS_AERO=NO
+++ config.base[177]DO_PREP_OBS_AERO=NO
+++ config.base[178]aero_fcst_runs=gdas
+++ config.base[179]aero_anl_runs='gdas gfs'
+++ config.base[180]export DO_AERO_FCST=NO
+++ config.base[180]DO_AERO_FCST=NO
+++ config.base[181]export DO_AERO_ANL=NO
+++ config.base[181]DO_AERO_ANL=NO
+++ config.base[182]export DOBNDPNT_WAVE=YES
+++ config.base[182]DOBNDPNT_WAVE=YES
+++ config.base[183]export DOIBP_WAV=NO
+++ config.base[183]DOIBP_WAV=NO
+++ config.base[184]export FRAC_GRID=.true.
+++ config.base[184]FRAC_GRID=.true.
+++ config.base[185]export DO_NEST=NO
+++ config.base[185]DO_NEST=NO
+++ config.base[186][[ NO == \Y\E\S ]]
+++ config.base[192]export ntiles=6
+++ config.base[192]ntiles=6
+++ config.base[193]export FIXugwd=/work2/noaa/global/mterry/global-workflow_forked/fix/ugwd
+++ config.base[193]FIXugwd=/work2/noaa/global/mterry/global-workflow_forked/fix/ugwd
+++ config.base[194]export FIXorog=/work2/noaa/global/mterry/global-workflow_forked/fix/orog
+++ config.base[194]FIXorog=/work2/noaa/global/mterry/global-workflow_forked/fix/orog
+++ config.base[198]export OPS_RES=C768
+++ config.base[198]OPS_RES=C768
+++ config.base[201]export LEVS=128
+++ config.base[201]LEVS=128
+++ config.base[202]export CASE=C96
+++ config.base[202]CASE=C96
+++ config.base[203]export CASE_ENS=C48
+++ config.base[203]CASE_ENS=C48
+++ config.base[204]export OCNRES=500
+++ config.base[204]OCNRES=500
+++ config.base[205]export ICERES=500
+++ config.base[205]ICERES=500
+++ config.base[208]case "${CASE}" in
+++ config.base[213]export waveGRD=uglo_100km
+++ config.base[213]waveGRD=uglo_100km
+++ config.base[227]case "${APP}" in
+++ config.base[262][[ NO == \Y\E\S ]]
+++ config.base[272][[ enkfgdas =~ gdas ]]
+++ config.base[273]export FHCYC=1
+++ config.base[273]FHCYC=1
+++ config.base[274]export FTSFS=10
+++ config.base[274]FTSFS=10
+++ config.base[280]export FHMIN=0
+++ config.base[280]FHMIN=0
+++ config.base[281]export FHMAX=9
+++ config.base[281]FHMAX=9
+++ config.base[282]export FHOUT=3
+++ config.base[282]FHOUT=3
+++ config.base[283]export FHOUT_OCN=3
+++ config.base[283]FHOUT_OCN=3
+++ config.base[284]export FHOUT_ICE=3
+++ config.base[284]FHOUT_ICE=3
+++ config.base[285]export FHOUT_AERO=3
+++ config.base[285]FHOUT_AERO=3
+++ config.base[288]export EUPD_CYC=gdas
+++ config.base[288]EUPD_CYC=gdas
+++ config.base[291]export INTERVAL_GFS=24
+++ config.base[291]INTERVAL_GFS=24
+++ config.base[292]export SDATE_GFS=2021122100
+++ config.base[292]SDATE_GFS=2021122100
+++ config.base[295]export FHMIN_GFS=0
+++ config.base[295]FHMIN_GFS=0
+++ config.base[296]export FHMAX_GFS=120
+++ config.base[296]FHMAX_GFS=120
+++ config.base[298]breakpnts=
+++ config.base[299]export FCST_SEGMENTS=0,120
+++ config.base[299]FCST_SEGMENTS=0,120
+++ config.base[300]export FHOUT_GFS=3
+++ config.base[300]FHOUT_GFS=3
+++ config.base[301]export FHMAX_HF_GFS=48
+++ config.base[301]FHMAX_HF_GFS=48
+++ config.base[302]export FHMAX_HF_GFS=48
+++ config.base[302]FHMAX_HF_GFS=48
+++ config.base[303]export FHOUT_HF_GFS=1
+++ config.base[303]FHOUT_HF_GFS=1
+++ config.base[306]export FHMIN_WAV=0
+++ config.base[306]FHMIN_WAV=0
+++ config.base[307]export FHOUT_WAV=1
+++ config.base[307]FHOUT_WAV=1
+++ config.base[308]export FHMAX_WAV=9
+++ config.base[308]FHMAX_WAV=9
+++ config.base[309]export FHMAX_WAV=9
+++ config.base[309]FHMAX_WAV=9
+++ config.base[310]export FHOUT_WAV_GFS=3
+++ config.base[310]FHOUT_WAV_GFS=3
+++ config.base[311]export FHMAX_WAV_GFS=120
+++ config.base[311]FHMAX_WAV_GFS=120
+++ config.base[312]export FHOUT_HF_WAV=1
+++ config.base[312]FHOUT_HF_WAV=1
+++ config.base[313]export FHMAX_HF_WAV=48
+++ config.base[313]FHMAX_HF_WAV=48
+++ config.base[314]export FHMAX_HF_WAV=48
+++ config.base[314]FHMAX_HF_WAV=48
+++ config.base[317]export FHOUT_OCN_GFS=6
+++ config.base[317]FHOUT_OCN_GFS=6
+++ config.base[318]export FHOUT_ICE_GFS=6
+++ config.base[318]FHOUT_ICE_GFS=6
+++ config.base[321]export ILPOST=1
+++ config.base[321]ILPOST=1
+++ config.base[322]((  FHMAX_HF_GFS < 120  ))
+++ config.base[323]export ILPOST=3
+++ config.base[323]ILPOST=3
+++ config.base[327]export FHMAX_GOES=180
+++ config.base[327]FHMAX_GOES=180
+++ config.base[328]export FHOUT_GOES=3
+++ config.base[328]FHOUT_GOES=3
+++ config.base[329]((  FHMAX_GOES > FHMAX_GFS  ))
+++ config.base[330]export FHMAX_GOES=120
+++ config.base[330]FHMAX_GOES=120
+++ config.base[334]export restart_interval_gfs=12
+++ config.base[334]restart_interval_gfs=12
+++ config.base[339]export QUILTING=.true.
+++ config.base[339]QUILTING=.true.
+++ config.base[340]export OUTPUT_GRID=gaussian_grid
+++ config.base[340]OUTPUT_GRID=gaussian_grid
+++ config.base[341]export WRITE_DOPOST=.true.
+++ config.base[341]WRITE_DOPOST=.true.
+++ config.base[342]export WRITE_NSFLIP=.true.
+++ config.base[342]WRITE_NSFLIP=.true.
+++ config.base[345]export DOIAU=YES
+++ config.base[345]DOIAU=YES
+++ config.base[346]export IAUFHRS=3,6,9
+++ config.base[346]IAUFHRS=3,6,9
+++ config.base[347]export IAU_FHROT=3
+++ config.base[347]IAU_FHROT=3
+++ config.base[348]export IAU_DELTHRS=6
+++ config.base[348]IAU_DELTHRS=6
+++ config.base[349]export IAU_OFFSET=6
+++ config.base[349]IAU_OFFSET=6
+++ config.base[350]export DOIAU_ENKF=YES
+++ config.base[350]DOIAU_ENKF=YES
+++ config.base[351]export IAUFHRS_ENKF=3,6,9
+++ config.base[351]IAUFHRS_ENKF=3,6,9
+++ config.base[352]export IAU_DELTHRS_ENKF=6
+++ config.base[352]IAU_DELTHRS_ENKF=6
+++ config.base[355]export lobsdiag_forenkf=.true.
+++ config.base[355]lobsdiag_forenkf=.true.
+++ config.base[363]export imp_physics=8
+++ config.base[363]imp_physics=8
+++ config.base[367]export DO_JEDIATMVAR=NO
+++ config.base[367]DO_JEDIATMVAR=NO
+++ config.base[368]export DO_JEDIATMENS=NO
+++ config.base[368]DO_JEDIATMENS=NO
+++ config.base[369]export DO_JEDIOCNVAR=NO
+++ config.base[369]DO_JEDIOCNVAR=NO
+++ config.base[370]export DO_JEDISNOWDA=NO
+++ config.base[370]DO_JEDISNOWDA=NO
+++ config.base[371]export DO_MERGENSST=NO
+++ config.base[371]DO_MERGENSST=NO
+++ config.base[372]export DO_STARTMEM_FROM_JEDIICE=NO
+++ config.base[372]DO_STARTMEM_FROM_JEDIICE=NO
+++ config.base[375]export DOHYBVAR=YES
+++ config.base[375]DOHYBVAR=YES
+++ config.base[376]export DOHYBVAR_OCN=NO
+++ config.base[376]DOHYBVAR_OCN=NO
+++ config.base[377]export DOLETKF_OCN=NO
+++ config.base[377]DOLETKF_OCN=NO
+++ config.base[378]export NMEM_ENS=2
+++ config.base[378]NMEM_ENS=2
+++ config.base[379]export SMOOTH_ENKF=NO
+++ config.base[379]SMOOTH_ENKF=NO
+++ config.base[380]export l4densvar=.true.
+++ config.base[380]l4densvar=.true.
+++ config.base[381]export lwrite4danl=.true.
+++ config.base[381]lwrite4danl=.true.
+++ config.base[382]export DO_CALC_INCREMENT=NO
+++ config.base[382]DO_CALC_INCREMENT=NO
+++ config.base[385]export NMEM_ENS_GFS=30
+++ config.base[385]NMEM_ENS_GFS=30
+++ config.base[386]export NMEM_ENS_GFS_OFFSET=20
+++ config.base[386]NMEM_ENS_GFS_OFFSET=20
+++ config.base[387]export DO_CALC_INCREMENT_ENKF_GFS=NO
+++ config.base[387]DO_CALC_INCREMENT_ENKF_GFS=NO
+++ config.base[390][[ YES = \Y\E\S ]]
+++ config.base[391]export FHMIN_ENKF=3
+++ config.base[391]FHMIN_ENKF=3
+++ config.base[392]export FHMAX_ENKF=9
+++ config.base[392]FHMAX_ENKF=9
+++ config.base[393]export FHMAX_ENKF_GFS=12
+++ config.base[393]FHMAX_ENKF_GFS=12
+++ config.base[394]export FHOUT_ENKF_GFS=3
+++ config.base[394]FHOUT_ENKF_GFS=3
+++ config.base[395][[ .true. = \.\t\r\u\e\. ]]
+++ config.base[396]export FHOUT=1
+++ config.base[396]FHOUT=1
+++ config.base[397]export FHOUT_ENKF=1
+++ config.base[397]FHOUT_ENKF=1
+++ config.base[404][[ YES == \N\O ]]
+++ config.base[412]export ENKF_SPREAD=YES
+++ config.base[412]ENKF_SPREAD=YES
+++ config.base[415]export DO_GSISOILDA=YES
+++ config.base[415]DO_GSISOILDA=YES
+++ config.base[416]export DO_LAND_IAU=.true.
+++ config.base[416]DO_LAND_IAU=.true.
+++ config.base[417]export LSOIL_INCR=2
+++ config.base[417]LSOIL_INCR=2
+++ config.base[420][[ cycled = \c\y\c\l\e\d ]]
+++ config.base[420][[ 2021122018 = \2\0\2\1\1\2\2\0\1\8 ]]
+++ config.base[420][[ .false. = \.\f\a\l\s\e\. ]]
+++ config.base[421]export IAU_OFFSET=0
+++ config.base[421]IAU_OFFSET=0
+++ config.base[422]export IAU_FHROT=0
+++ config.base[422]IAU_FHROT=0
+++ config.base[423]export IAUFHRS=6,
+++ config.base[423]IAUFHRS=6,
+++ config.base[424]export DO_LAND_IAU=.false.
+++ config.base[424]DO_LAND_IAU=.false.
+++ config.base[427][[ YES = \N\O ]]
+++ config.base[431][[ YES == \Y\E\S ]]
+++ config.base[432]export restart_interval_enkfgdas=3
+++ config.base[432]restart_interval_enkfgdas=3
+++ config.base[437]export restart_interval_enkfgfs=3
+++ config.base[437]restart_interval_enkfgfs=3
+++ config.base[439][[ YES == \Y\E\S ]]
+++ config.base[440]export restart_interval_gdas=3
+++ config.base[440]restart_interval_gdas=3
+++ config.base[446]export DONST=YES
+++ config.base[446]DONST=YES
+++ config.base[447][[ YES = \Y\E\S ]]
+++ config.base[447]export 'FNTSFA=        '
+++ config.base[447]FNTSFA='        '
+++ config.base[450]export nst_anl=.true.
+++ config.base[450]nst_anl=.true.
+++ config.base[453]export MAKE_NSSTBUFR=NO
+++ config.base[453]MAKE_NSSTBUFR=NO
+++ config.base[456]export MAKE_ACFTBUFR=NO
+++ config.base[456]MAKE_ACFTBUFR=NO
+++ config.base[459]export 'INCREMENTS_TO_ZERO='\''liq_wat_inc'\'','\''icmr_inc'\'','\''rwmr_inc'\'','\''snmr_inc'\'','\''grle_inc'\'''
+++ config.base[459]INCREMENTS_TO_ZERO=''\''liq_wat_inc'\'','\''icmr_inc'\'','\''rwmr_inc'\'','\''snmr_inc'\'','\''grle_inc'\'''
+++ config.base[462]export 'INCVARS_ZERO_STRAT='\''sphum_inc'\'','\''liq_wat_inc'\'','\''icmr_inc'\'','\''rwmr_inc'\'','\''snmr_inc'\'','\''grle_inc'\'''
+++ config.base[462]INCVARS_ZERO_STRAT=''\''sphum_inc'\'','\''liq_wat_inc'\'','\''icmr_inc'\'','\''rwmr_inc'\'','\''snmr_inc'\'','\''grle_inc'\'''
+++ config.base[463]export INCVARS_EFOLD=5
+++ config.base[463]INCVARS_EFOLD=5
+++ config.base[468]export netcdf_diag=.true.
+++ config.base[468]netcdf_diag=.true.
+++ config.base[469]export binary_diag=.false.
+++ config.base[469]binary_diag=.false.
+++ config.base[472]export DO_CA=YES
+++ config.base[472]DO_CA=YES
+++ config.base[475]export DO_METP=YES
+++ config.base[475]DO_METP=YES
+++ config.base[476]export DO_FIT2OBS=YES
+++ config.base[476]DO_FIT2OBS=YES
+++ config.base[479]export FHMAX_FITS=132
+++ config.base[479]FHMAX_FITS=132
+++ config.base[480][[ 132 -gt 120 ]]
+++ config.base[481]export FHMAX_FITS=120
+++ config.base[481]FHMAX_FITS=120
+++ config.base[486]export DO_FETCH_HPSS=NO
+++ config.base[486]DO_FETCH_HPSS=NO
+++ config.base[487]export DO_FETCH_LOCAL=NO
+++ config.base[487]DO_FETCH_LOCAL=NO
+++ config.base[490]export DO_ARCHCOM=NO
+++ config.base[490]DO_ARCHCOM=NO
+++ config.base[491]export ARCHCOM_TO=globus_hpss
+++ config.base[491]ARCHCOM_TO=globus_hpss
+++ config.base[494]export CLIENT_GLOBUS_UUID=869912fe-f6de-46c0-af10-b22efd84a022
+++ config.base[494]CLIENT_GLOBUS_UUID=869912fe-f6de-46c0-af10-b22efd84a022
+++ config.base[497][[ NO = \Y\E\S ]]
+++ config.base[504][[ NO = \Y\E\S ]]
+++ config.base[504][[ NO = \Y\E\S ]]
+++ config.base[504][[ NO = \Y\E\S ]]
+++ config.base[510]export REPLAY_ICS=NO
+++ config.base[510]REPLAY_ICS=NO
+++ config.base[511]export OFFSET_START_HOUR=0
+++ config.base[511]OFFSET_START_HOUR=0
+++ config.base[514]export NUM_SND_COLLECTIVES=9
+++ config.base[514]NUM_SND_COLLECTIVES=9
+++ config.base[516]echo 'END: config.base'
END: config.base
++ jjob_header.sh[106]true
++ jjob_header.sh[107]export err=0
++ jjob_header.sh[107]err=0
++ jjob_header.sh[108][[ 0 -ne 0 ]]
++ jjob_header.sh[105]for config in "${configs[@]:-''}"
++ jjob_header.sh[106]source /work2/noaa/global/mterry/RUNTESTS/EXPDIR/C96C48_hybatmDA/config.epos
+++ config.epos[6]echo 'BEGIN: config.epos'
BEGIN: config.epos
+++ config.epos[9]source /work2/noaa/global/mterry/RUNTESTS/EXPDIR/C96C48_hybatmDA/config.resources epos
++++ config.resources[10]((  1 != 1  ))
++++ config.resources[34]step=epos
++++ config.resources[36]echo 'BEGIN: config.resources'
BEGIN: config.resources
++++ config.resources[38]case ${machine} in
++++ config.resources[61]max_tasks_per_node=80
++++ config.resources[62]mem_node_max=500GB
++++ config.resources[96]export max_tasks_per_node
++++ config.resources[98]case ${step} in
++++ config.resources[1314]walltime=00:15:00
++++ config.resources[1315][[ C96 == \C\7\6\8 ]]
++++ config.resources[1315][[ C96 == \C\1\1\5\2 ]]
++++ config.resources[1318]ntasks=80
++++ config.resources[1319]threads_per_task=1
++++ config.resources[1320]tasks_per_node=80
++++ config.resources[1321]memory=500GB
++++ config.resources[1322]export is_exclusive=True
++++ config.resources[1322]is_exclusive=True
++++ config.resources[1398][[ -f /work2/noaa/global/mterry/RUNTESTS/EXPDIR/C96C48_hybatmDA/config.resources.HERCULES ]]
++++ config.resources[1399]source /work2/noaa/global/mterry/RUNTESTS/EXPDIR/C96C48_hybatmDA/config.resources.HERCULES
+++++ config.resources.HERCULES[6]case ${step} in
++++ config.resources[1403]for resource_var in threads_per_task ntasks tasks_per_node NTASKS memory walltime
++++ config.resources[1404]run_resource_var=threads_per_task_enkfgdas
++++ config.resources[1405][[ -n '' ]]
++++ config.resources[1407][[ -n 0 ]]
++++ config.resources[1408]export threads_per_task
++++ config.resources[1403]for resource_var in threads_per_task ntasks tasks_per_node NTASKS memory walltime
++++ config.resources[1404]run_resource_var=ntasks_enkfgdas
++++ config.resources[1405][[ -n '' ]]
++++ config.resources[1407][[ -n 0 ]]
++++ config.resources[1408]export ntasks
++++ config.resources[1403]for resource_var in threads_per_task ntasks tasks_per_node NTASKS memory walltime
++++ config.resources[1404]run_resource_var=tasks_per_node_enkfgdas
++++ config.resources[1405][[ -n '' ]]
++++ config.resources[1407][[ -n 0 ]]
++++ config.resources[1408]export tasks_per_node
++++ config.resources[1403]for resource_var in threads_per_task ntasks tasks_per_node NTASKS memory walltime
++++ config.resources[1404]run_resource_var=NTASKS_enkfgdas
++++ config.resources[1405][[ -n '' ]]
++++ config.resources[1407][[ -n '' ]]
++++ config.resources[1403]for resource_var in threads_per_task ntasks tasks_per_node NTASKS memory walltime
++++ config.resources[1404]run_resource_var=memory_enkfgdas
++++ config.resources[1405][[ -n '' ]]
++++ config.resources[1407][[ -n 0 ]]
++++ config.resources[1408]export memory
++++ config.resources[1403]for resource_var in threads_per_task ntasks tasks_per_node NTASKS memory walltime
++++ config.resources[1404]run_resource_var=walltime_enkfgdas
++++ config.resources[1405][[ -n '' ]]
++++ config.resources[1407][[ -n 0 ]]
++++ config.resources[1408]export walltime
++++ config.resources[1412]echo 'END: config.resources'
END: config.resources
+++ config.epos[12]export NEPOSGRP=7
+++ config.epos[12]NEPOSGRP=7
+++ config.epos[13][[ .true. == \.\f\a\l\s\e\. ]]
+++ config.epos[17]echo 'END: config.epos'
END: config.epos
++ jjob_header.sh[106]true
++ jjob_header.sh[107]export err=0
++ jjob_header.sh[107]err=0
++ jjob_header.sh[108][[ 0 -ne 0 ]]
++ jjob_header.sh[117]source /work2/noaa/global/mterry/global-workflow_forked/env/HERCULES.env epos
+++ HERCULES.env[3][[ 1 -ne 1 ]]
+++ HERCULES.env[10]step=epos
+++ HERCULES.env[12]export 'launcher=srun -l --export=ALL --hint=nomultithread'
+++ HERCULES.env[12]launcher='srun -l --export=ALL --hint=nomultithread'
+++ HERCULES.env[13]export 'mpmd_opt=--multi-prog --output=mpmd.%j.%t.out'
+++ HERCULES.env[13]mpmd_opt='--multi-prog --output=mpmd.%j.%t.out'
+++ HERCULES.env[16]export MPI_BUFS_PER_PROC=2048
+++ HERCULES.env[16]MPI_BUFS_PER_PROC=2048
+++ HERCULES.env[17]export MPI_BUFS_PER_HOST=2048
+++ HERCULES.env[17]MPI_BUFS_PER_HOST=2048
+++ HERCULES.env[18]export MPI_GROUP_MAX=256
+++ HERCULES.env[18]MPI_GROUP_MAX=256
+++ HERCULES.env[19]export MPI_MEMMAP_OFF=1
+++ HERCULES.env[19]MPI_MEMMAP_OFF=1
+++ HERCULES.env[20]export MP_STDOUTMODE=ORDERED
+++ HERCULES.env[20]MP_STDOUTMODE=ORDERED
+++ HERCULES.env[21]export KMP_AFFINITY=scatter
+++ HERCULES.env[21]KMP_AFFINITY=scatter
+++ HERCULES.env[22]export OMP_STACKSIZE=2048000
+++ HERCULES.env[22]OMP_STACKSIZE=2048000
+++ HERCULES.env[23]export NTHSTACK=1024000000
+++ HERCULES.env[23]NTHSTACK=1024000000
+++ HERCULES.env[25]export I_MPI_EXTRA_FILESYSTEM=1
+++ HERCULES.env[25]I_MPI_EXTRA_FILESYSTEM=1
+++ HERCULES.env[26]export I_MPI_EXTRA_FILESYSTEM_LIST=lustre
+++ HERCULES.env[26]I_MPI_EXTRA_FILESYSTEM_LIST=lustre
+++ HERCULES.env[28]ulimit -s unlimited
+++ HERCULES.env[29]ulimit -a
real-time non-blocking time  (microseconds, -R) unlimited
core file size              (blocks, -c) 0
data seg size               (kbytes, -d) unlimited
scheduling priority                 (-e) 0
file size                   (blocks, -f) unlimited
pending signals                     (-i) 2049614
max locked memory           (kbytes, -l) unlimited
max memory size             (kbytes, -m) 524288000
open files                          (-n) 131072
pipe size                (512 bytes, -p) 8
POSIX message queues         (bytes, -q) 819200
real-time priority                  (-r) 0
stack size                  (kbytes, -s) unlimited
cpu time                   (seconds, -t) unlimited
max user processes                  (-u) 1028698
virtual memory              (kbytes, -v) unlimited
file locks                          (-x) unlimited
+++ HERCULES.env[33][[ -n 80 ]]
+++ HERCULES.env[33][[ -n 80 ]]
+++ HERCULES.env[33][[ -n 80 ]]
+++ HERCULES.env[34]max_threads_per_task=1
+++ HERCULES.env[35]NTHREADSmax=1
+++ HERCULES.env[36]NTHREADS1=1
+++ HERCULES.env[37][[ 1 -gt 1 ]]
+++ HERCULES.env[40][[ 1 -gt 1 ]]
+++ HERCULES.env[43]APRUN_default='srun -l --export=ALL --hint=nomultithread -n 80'
+++ HERCULES.env[49]case ${step} in
+++ HERCULES.env[326]export NTHREADS_EPOS=1
+++ HERCULES.env[326]NTHREADS_EPOS=1
+++ HERCULES.env[327]export 'APRUN_EPOS=srun -l --export=ALL --hint=nomultithread -n 80 --cpus-per-task=1'
+++ HERCULES.env[327]APRUN_EPOS='srun -l --export=ALL --hint=nomultithread -n 80 --cpus-per-task=1'
++ jjob_header.sh[117]true
++ jjob_header.sh[118]export err=0
++ jjob_header.sh[118]err=0
++ jjob_header.sh[119][[ 0 -ne 0 ]]
+ JGDAS_ENKF_POST[14]export GFS_NCIO=YES
+ JGDAS_ENKF_POST[14]GFS_NCIO=YES
+ JGDAS_ENKF_POST[16]export PREFIX=enkfgdas.t18z.
+ JGDAS_ENKF_POST[16]PREFIX=enkfgdas.t18z.
+ JGDAS_ENKF_POST[18]export LEVS=127
+ JGDAS_ENKF_POST[18]LEVS=127
+ JGDAS_ENKF_POST[24]/work2/noaa/global/mterry/global-workflow_forked/scripts/exgdas_enkf_post.sh
+ bash[8]'[' -z '' ']'
+ bash[9]case "$-" in
+ bash[12]__lmod_vx=x
+ bash[16]'[' -n x ']'
+ bash[16]set +x
Shell debugging temporarily silenced: export LMOD_SH_DBG_ON=1 for this output (/apps/other/lmod/lmod/init/bash)
Shell debugging restarted
+ bash[224]unset __lmod_vx
++ exgdas_enkf_post.sh[21]pwd
+ exgdas_enkf_post.sh[21]pwd=/work2/noaa/stmp/mterry/HERCULES/RUNDIRS/C96C48_hybatmDA/enkfgdas.2021122018/epos.236140
+ exgdas_enkf_post.sh[23]APRUN_EPOS='srun -l --export=ALL --hint=nomultithread -n 80 --cpus-per-task=1'
+ exgdas_enkf_post.sh[24]NTHREADS_EPOS=1
+ exgdas_enkf_post.sh[27]LEVS=127
+ exgdas_enkf_post.sh[28]HYBENSMOOTH=/work2/noaa/global/mterry/global-workflow_forked/fix/gsi/global_hybens_smoothinfo.l127.txt
+ exgdas_enkf_post.sh[31]GETATMENSMEANEXEC=/work2/noaa/global/mterry/global-workflow_forked/exec/getsigensmeanp_smooth.x
+ exgdas_enkf_post.sh[32]GETSFCENSMEANEXEC=/work2/noaa/global/mterry/global-workflow_forked/exec/getsfcensmeanp.x
+ exgdas_enkf_post.sh[35]PREFIX=enkfgdas.t18z.
+ exgdas_enkf_post.sh[36]FHMIN=003
+ exgdas_enkf_post.sh[37]FHMAX=003
+ exgdas_enkf_post.sh[38]FHOUT=003
+ exgdas_enkf_post.sh[40][[ enkfgdas == \e\n\k\f\g\f\s ]]
+ exgdas_enkf_post.sh[43]NMEM_ENS=2
+ exgdas_enkf_post.sh[45]SMOOTH_ENKF=NO
+ exgdas_enkf_post.sh[46]ENKF_SPREAD=YES
+ exgdas_enkf_post.sh[50]ENKF_SUFFIX=s
+ exgdas_enkf_post.sh[51][[ NO == \N\O ]]
+ exgdas_enkf_post.sh[52]ENKF_SUFFIX=
+ exgdas_enkf_post.sh[57]cpreq /work2/noaa/global/mterry/global-workflow_forked/exec/getsfcensmeanp.x /work2/noaa/stmp/mterry/HERCULES/RUNDIRS/C96C48_hybatmDA/enkfgdas.2021122018/epos.236140
+ cpreq[3]cp /work2/noaa/global/mterry/global-workflow_forked/exec/getsfcensmeanp.x /work2/noaa/stmp/mterry/HERCULES/RUNDIRS/C96C48_hybatmDA/enkfgdas.2021122018/epos.236140
+ cpreq[4]'[' 0 -ne 0 ']'
+ exgdas_enkf_post.sh[58]cpreq /work2/noaa/global/mterry/global-workflow_forked/exec/getsigensmeanp_smooth.x /work2/noaa/stmp/mterry/HERCULES/RUNDIRS/C96C48_hybatmDA/enkfgdas.2021122018/epos.236140
+ cpreq[3]cp /work2/noaa/global/mterry/global-workflow_forked/exec/getsigensmeanp_smooth.x /work2/noaa/stmp/mterry/HERCULES/RUNDIRS/C96C48_hybatmDA/enkfgdas.2021122018/epos.236140
+ cpreq[4]'[' 0 -ne 0 ']'
+ exgdas_enkf_post.sh[60]export OMP_NUM_THREADS=1
+ exgdas_enkf_post.sh[60]OMP_NUM_THREADS=1
++ exgdas_enkf_post.sh[64]seq 1 2
+ exgdas_enkf_post.sh[64]for imem in $(seq 1 ${NMEM_ENS})
++ exgdas_enkf_post.sh[65]printf %03i 1
+ exgdas_enkf_post.sh[65]memchar=mem001
+ exgdas_enkf_post.sh[66]MEMDIR=mem001
+ exgdas_enkf_post.sh[66]YMD=20211220
+ exgdas_enkf_post.sh[66]HH=18
+ exgdas_enkf_post.sh[66]declare_from_tmpl -x COMIN_ATMOS_HISTORY:COM_ATMOS_HISTORY_TMPL
+ environment[0][[ NO == \N\O ]]
+ environment[1]set +x
declare_from_tmpl :: COMIN_ATMOS_HISTORY=/work2/noaa/global/mterry/RUNTESTS/COMROOT/C96C48_hybatmDA/enkfgdas.20211220/18/mem001/model/atmos/history
++ exgdas_enkf_post.sh[69]seq 003 003 003
+ exgdas_enkf_post.sh[69]for fhr in $(seq ${FHMIN} ${FHOUT} ${FHMAX})
++ exgdas_enkf_post.sh[70]printf %03i 3
+ exgdas_enkf_post.sh[70]fhrchar=003
+ exgdas_enkf_post.sh[71]/bin/ln -sf /work2/noaa/global/mterry/RUNTESTS/COMROOT/C96C48_hybatmDA/enkfgdas.20211220/18/mem001/model/atmos/history/enkfgdas.t18z.sfcf003.nc sfcf003_mem001
+ exgdas_enkf_post.sh[72]/bin/ln -sf /work2/noaa/global/mterry/RUNTESTS/COMROOT/C96C48_hybatmDA/enkfgdas.20211220/18/mem001/model/atmos/history/enkfgdas.t18z.atmf003.nc atmf003_mem001
+ exgdas_enkf_post.sh[64]for imem in $(seq 1 ${NMEM_ENS})
++ exgdas_enkf_post.sh[65]printf %03i 2
+ exgdas_enkf_post.sh[65]memchar=mem002
+ exgdas_enkf_post.sh[66]MEMDIR=mem002
+ exgdas_enkf_post.sh[66]YMD=20211220
+ exgdas_enkf_post.sh[66]HH=18
+ exgdas_enkf_post.sh[66]declare_from_tmpl -x COMIN_ATMOS_HISTORY:COM_ATMOS_HISTORY_TMPL
+ environment[0][[ NO == \N\O ]]
+ environment[1]set +x
declare_from_tmpl :: COMIN_ATMOS_HISTORY=/work2/noaa/global/mterry/RUNTESTS/COMROOT/C96C48_hybatmDA/enkfgdas.20211220/18/mem002/model/atmos/history
++ exgdas_enkf_post.sh[69]seq 003 003 003
+ exgdas_enkf_post.sh[69]for fhr in $(seq ${FHMIN} ${FHOUT} ${FHMAX})
++ exgdas_enkf_post.sh[70]printf %03i 3
+ exgdas_enkf_post.sh[70]fhrchar=003
+ exgdas_enkf_post.sh[71]/bin/ln -sf /work2/noaa/global/mterry/RUNTESTS/COMROOT/C96C48_hybatmDA/enkfgdas.20211220/18/mem002/model/atmos/history/enkfgdas.t18z.sfcf003.nc sfcf003_mem002
+ exgdas_enkf_post.sh[72]/bin/ln -sf /work2/noaa/global/mterry/RUNTESTS/COMROOT/C96C48_hybatmDA/enkfgdas.20211220/18/mem002/model/atmos/history/enkfgdas.t18z.atmf003.nc atmf003_mem002
+ exgdas_enkf_post.sh[77]MEMDIR=ensstat
+ exgdas_enkf_post.sh[77]YMD=20211220
+ exgdas_enkf_post.sh[77]HH=18
+ exgdas_enkf_post.sh[77]declare_from_tmpl -rx COMOUT_ATMOS_HISTORY_STAT:COM_ATMOS_HISTORY_TMPL
+ environment[0][[ NO == \N\O ]]
+ environment[1]set +x
declare_from_tmpl :: COMOUT_ATMOS_HISTORY_STAT=/work2/noaa/global/mterry/RUNTESTS/COMROOT/C96C48_hybatmDA/enkfgdas.20211220/18/ensstat/model/atmos/history
+ exgdas_enkf_post.sh[79][[ ! -d /work2/noaa/global/mterry/RUNTESTS/COMROOT/C96C48_hybatmDA/enkfgdas.20211220/18/ensstat/model/atmos/history ]]
++ exgdas_enkf_post.sh[83]seq 003 003 003
+ exgdas_enkf_post.sh[83]for fhr in $(seq ${FHMIN} ${FHOUT} ${FHMAX})
++ exgdas_enkf_post.sh[84]printf %03i 3
+ exgdas_enkf_post.sh[84]fhrchar=003
+ exgdas_enkf_post.sh[85]/bin/ln -sf /work2/noaa/global/mterry/RUNTESTS/COMROOT/C96C48_hybatmDA/enkfgdas.20211220/18/ensstat/model/atmos/history/enkfgdas.t18z.sfcf003.ensmean.nc sfcf003.ensmean
+ exgdas_enkf_post.sh[86]/bin/ln -sf /work2/noaa/global/mterry/RUNTESTS/COMROOT/C96C48_hybatmDA/enkfgdas.20211220/18/ensstat/model/atmos/history/enkfgdas.t18z.atmf003.ensmean.nc atmf003.ensmean
+ exgdas_enkf_post.sh[87][[ NO == \Y\E\S ]]
+ exgdas_enkf_post.sh[95][[ YES == \Y\E\S ]]
+ exgdas_enkf_post.sh[96]/bin/ln -sf /work2/noaa/global/mterry/RUNTESTS/COMROOT/C96C48_hybatmDA/enkfgdas.20211220/18/ensstat/model/atmos/history/enkfgdas.t18z.atmf003.ensspread.nc atmf003.ensspread
+ exgdas_enkf_post.sh[103][[ NO == \Y\E\S ]]
++ exgdas_enkf_post.sh[107]seq 003 003 003
+ exgdas_enkf_post.sh[107]for fhr in $(seq ${FHMIN} ${FHOUT} ${FHMAX})
++ exgdas_enkf_post.sh[108]printf %03i 3
+ exgdas_enkf_post.sh[108]fhrchar=003
+ exgdas_enkf_post.sh[110]export pgm=/work2/noaa/global/mterry/global-workflow_forked/exec/getsfcensmeanp.x
+ exgdas_enkf_post.sh[110]pgm=/work2/noaa/global/mterry/global-workflow_forked/exec/getsfcensmeanp.x
+ exgdas_enkf_post.sh[111]source prep_step
++ prep_step[3]'[' -n /work2/noaa/global/mterry/global-workflow_forked/exec/getsfcensmeanp.x ']'
++ prep_step[3]'[' -n OUTPUT.236599 ']'
++ prep_step[4]echo /work2/noaa/global/mterry/global-workflow_forked/exec/getsfcensmeanp.x
++ prep_step[7]'[' -f errfile ']'
++ prep_step[11]export FORT01=0
++ prep_step[11]FORT01=0
+++ prep_step[12]env
+++ prep_step[12]grep '^FORT[0-9]\{1,\}='
+++ prep_step[12]awk -F= '{print $1}'
++ prep_step[12]unset FORT01
++ exgdas_enkf_post.sh[113]basename /work2/noaa/global/mterry/global-workflow_forked/exec/getsfcensmeanp.x
+ exgdas_enkf_post.sh[113]srun -l --export=ALL --hint=nomultithread -n 80 --cpus-per-task=1 /work2/noaa/stmp/mterry/HERCULES/RUNDIRS/C96C48_hybatmDA/enkfgdas.2021122018/epos.236140/getsfcensmeanp.x ./ sfcf003.ensmean sfcf003 2
 0: MPI startup(): I_MPI_EXTRA_FILESYSTEM_LIST environment variable is not supported.
 0: MPI startup(): Similar variables:
 0: 	 I_MPI_EXTRA_FILESYSTEM
 0: 	 I_MPI_EXTRA_FILESYSTEM_FORCE
 0: 	 I_MPI_EXTRA_FILESYSTEM_NFS_DIRECT
 0: MPI startup(): To check the list of supported variables, use the impi_info utility or refer to https://software.intel.com/en-us/mpi-library/documentation/get-started.
 0: 
 0: 
 0: * . * . * . * . * . * . * . * . * . * . * . * . * . * . * . * . * . * . * . * . 
 0:      PROGRAM GETSFCENSMEAN HAS BEGUN. COMPILED 2011319.55     ORG: NP25
 0:      STARTING DATE-TIME  JUL 28,2025  15:08:24.973  209  MON   2460885
 0: 
 0: 
 0:   
 0:  Command line input
 0:   datapath      = ./
 0:   filenameout   = ./sfcf003.ensmean
 0:   fileprefix    = sfcf003
 0:   nanals,rnanals=            2  0.500000000000000     
23:  No files to process for mpi task =           23
 2:  No files to process for mpi task =            2
74:  No files to process for mpi task =           74
 6:  No files to process for mpi task =            6
49:  No files to process for mpi task =           49
14:  No files to process for mpi task =           14
 8:  No files to process for mpi task =            8
38:  No files to process for mpi task =           38
10:  No files to process for mpi task =           10
48:  No files to process for mpi task =           48
79:  No files to process for mpi task =           79
52:  No files to process for mpi task =           52
32:  No files to process for mpi task =           32
26:  No files to process for mpi task =           26
50:  No files to process for mpi task =           50
12:  No files to process for mpi task =           12
71:  No files to process for mpi task =           71
18:  No files to process for mpi task =           18
33:  No files to process for mpi task =           33
17:  No files to process for mpi task =           17
20:  No files to process for mpi task =           20
41:  No files to process for mpi task =           41
 9:  No files to process for mpi task =            9
75:  No files to process for mpi task =           75
58:  No files to process for mpi task =           58
46:  No files to process for mpi task =           46
64:  No files to process for mpi task =           64
24:  No files to process for mpi task =           24
27:  No files to process for mpi task =           27
42:  No files to process for mpi task =           42
44:  No files to process for mpi task =           44
61:  No files to process for mpi task =           61
13:  No files to process for mpi task =           13
16:  No files to process for mpi task =           16
 3:  No files to process for mpi task =            3
 4:  No files to process for mpi task =            4
72:  No files to process for mpi task =           72
77:  No files to process for mpi task =           77
35:  No files to process for mpi task =           35
59:  No files to process for mpi task =           59
43:  No files to process for mpi task =           43
53:  No files to process for mpi task =           53
31:  No files to process for mpi task =           31
51:  No files to process for mpi task =           51
65:  No files to process for mpi task =           65
54:  No files to process for mpi task =           54
67:  No files to process for mpi task =           67
 5:  No files to process for mpi task =            5
56:  No files to process for mpi task =           56
 7:  No files to process for mpi task =            7
11:  No files to process for mpi task =           11
37:  No files to process for mpi task =           37
62:  No files to process for mpi task =           62
39:  No files to process for mpi task =           39
57:  No files to process for mpi task =           57
73:  No files to process for mpi task =           73
76:  No files to process for mpi task =           76
78:  No files to process for mpi task =           78
22:  No files to process for mpi task =           22
28:  No files to process for mpi task =           28
30:  No files to process for mpi task =           30
34:  No files to process for mpi task =           34
36:  No files to process for mpi task =           36
45:  No files to process for mpi task =           45
47:  No files to process for mpi task =           47
60:  No files to process for mpi task =           60
68:  No files to process for mpi task =           68
69:  No files to process for mpi task =           69
15:  No files to process for mpi task =           15
19:  No files to process for mpi task =           19
21:  No files to process for mpi task =           21
25:  No files to process for mpi task =           25
29:  No files to process for mpi task =           29
40:  No files to process for mpi task =           40
55:  No files to process for mpi task =           55
63:  No files to process for mpi task =           63
66:  No files to process for mpi task =           66
70:  No files to process for mpi task =           70
 0:  computing mean with nemsio= F  sfcio= F  ncio= T
 0:  opened netcdf file ./sfcf003.ensmean
 0:  writing ens mean acond
 0:  writing ens mean albdo_ave
 0:  writing ens mean alnsf
 0:  writing ens mean alnwf
 0:  writing ens mean alvsf
 0:  writing ens mean alvwf
 0:  writing ens mean aod550
 0:  writing ens mean bc_aod550
 0:  writing ens mean c0
 0:  writing ens mean cd
 0:  writing ens mean cduvb_ave
 0:  writing ens mean cldfra
 0:  writing ens mean cnvprcp
 0:  writing ens mean cnwat
 0:  writing ens mean cpofp
 0:  writing ens mean cprat_ave
 0:  writing ens mean cpratb_ave
 0:  writing ens mean crain
 0:  writing ens mean csdlf
 0:  writing ens mean csdsf
 0:  writing ens mean csulf
 0:  writing ens mean csulftoa
 0:  writing ens mean csusf
 0:  writing ens mean csusftoa
 0:  writing ens mean cwork_aveclm
 0:  writing ens mean dconv
 0:  writing ens mean dlwrf
 0:  writing ens mean dlwrf_ave
 0:  writing ens mean dswrf
 0:  writing ens mean dswrf_ave
 0:  writing ens mean dswrf_avetoa
 0:  writing ens mean dtcool
 0:  writing ens mean du_aod550
 0:  writing ens mean duvb_ave
 0:  writing ens mean evbs_ave
 0:  writing ens mean evcw_ave
 0:  writing ens mean f10m
 0:  writing ens mean facsf
 0:  writing ens mean facwf
 0:  writing ens mean ffhh
 0:  writing ens mean ffmm
 0:  writing ens mean fldcp
 0:  writing ens mean fricv
 0:  writing ens mean gflux
 0:  writing ens mean gflux_ave
 0:  writing ens mean hgt_hyblev1
 0:  writing ens mean hpbl
 0:  writing ens mean icec
 0:  writing ens mean icetk
 0:  writing ens mean lhtfl
 0:  writing ens mean lhtfl_ave
 0:  writing ens mean nbdsf_ave
 0:  writing ens mean nddsf_ave
 0:  writing ens mean oc_aod550
 0:  writing ens mean pevpr
 0:  writing ens mean pevpr_ave
 0:  writing ens mean prate_ave
 0:  writing ens mean prateb_ave
 0:  writing ens mean pres_avehcb
 0:  writing ens mean pres_avehct
 0:  writing ens mean pres_avelcb
 0:  writing ens mean pres_avelct
 0:  writing ens mean pres_avemcb
 0:  writing ens mean pres_avemct
 0:  writing ens mean prescnvclb
 0:  writing ens mean prescnvclt
 0:  writing ens mean pressfc
 0:  writing ens mean pwat
 0:  writing ens mean qrain
 0:  writing ens mean sbsno_ave
 0:  writing ens mean sfcr
 0:  writing ens mean sfexc
 0:  writing ens mean shdmax
 0:  writing ens mean shdmin
 0:  writing ens mean shtfl
 0:  writing ens mean shtfl_ave
 0:  writing ens mean sltyp
 0:  writing ens mean snoalb
 0:  writing ens mean snod
 0:  writing ens mean snohf
 0:  writing ens mean snowc_ave
 0:  writing ens mean soill1
 0:  writing ens mean soill2
 0:  writing ens mean soill3
 0:  writing ens mean soill4
 0:  writing ens mean soilm
 0:  writing ens mean soilt1
 0:  writing ens mean soilt2
 0:  writing ens mean soilt3
 0:  writing ens mean soilt4
 0:  writing ens mean soilw1
 0:  writing ens mean soilw2
 0:  writing ens mean soilw3
 0:  writing ens mean soilw4
 0:  writing ens mean spfh2m
 0:  writing ens mean spfh_hyblev1
 0:  writing ens mean spfhmax_max2m
 0:  writing ens mean spfhmin_min2m
 0:  writing ens mean ss_aod550
 0:  writing ens mean ssrun_acc
 0:  writing ens mean su_aod550
 0:  writing ens mean sunsd_acc
 0:  writing ens mean tcdc_avebndcl
 0:  writing ens mean tcdc_aveclm
 0:  writing ens mean tcdc_avehcl
 0:  writing ens mean tcdc_avelcl
 0:  writing ens mean tcdc_avemcl
 0:  writing ens mean tcdccnvcl
 0:  writing ens mean tg3
 0:  writing ens mean tisfc
 0:  writing ens mean tmax_max2m
 0:  writing ens mean tmin_min2m
 0:  writing ens mean tmp2m
 0:  writing ens mean tmp_avehct
 0:  writing ens mean tmp_avelct
 0:  writing ens mean tmp_avemct
 0:  writing ens mean tmp_hyblev1
 0:  writing ens mean tmpsfc
 0:  writing ens mean tprcp
 0:  writing ens mean trans_ave
 0:  writing ens mean tref
 0:  writing ens mean u-gwd_ave
 0:  writing ens mean uflx_ave
 0:  writing ens mean ugrd10m
 0:  writing ens mean ugrd_hyblev1
 0:  writing ens mean ulwrf
 0:  writing ens mean ulwrf_ave
 0:  writing ens mean ulwrf_avetoa
 0:  writing ens mean uswrf
 0:  writing ens mean uswrf_ave
 0:  writing ens mean uswrf_avetoa
 0:  writing ens mean v-gwd_ave
 0:  writing ens mean vbdsf_ave
 0:  writing ens mean vddsf_ave
 0:  writing ens mean veg
 0:  writing ens mean vflx_ave
 0:  writing ens mean vgrd10m
 0:  writing ens mean vgrd_hyblev1
 0:  writing ens mean w0
 0:  writing ens mean watr_acc
 0:  writing ens mean wd
 0:  writing ens mean weasd
 0:  writing ens mean wilt
 0:  writing ens mean xs
 0:  writing ens mean xt
 0:  writing ens mean xtts
 0:  writing ens mean xu
 0:  writing ens mean xv
 0:  writing ens mean xz
 0:  writing ens mean xzts
 0:  writing ens mean zc
 0:  all done!
 0: 
 0: 
 0:      ENDING DATE-TIME    JUL 28,2025  15:08:25.435  209  MON   2460885
 0:      PROGRAM GETSFCENSMEAN HAS ENDED.
 0: * . * . * . * . * . * . * . * . * . * . * . * . * . * . * . * . * . * . * . * . 
 0: *****************RESOURCE STATISTICS*******************************
 0: The total amount of wall time                        = 0.462254
 0: The total amount of time in user mode                = 0.475627
 0: The total amount of time in sys mode                 = 1.283607
 0: The maximum resident set size (KB)                   = 187412
 0: Number of page faults without I/O activity           = 18366
 0: Number of page faults with I/O activity              = 376
 0: Number of times filesystem performed INPUT           = 41568
 0: Number of times filesystem performed OUTPUT          = 73704
 0: Number of Voluntary Context Switches                 = 1217
 0: Number of InVoluntary Context Switches               = 1326
 0: *****************END OF RESOURCE STATISTICS*************************
 0: 
+ exgdas_enkf_post.sh[113]true
+ exgdas_enkf_post.sh[114]export err=0
+ exgdas_enkf_post.sh[114]err=0
+ exgdas_enkf_post.sh[115][[ 0 -ne 0 ]]
+ exgdas_enkf_post.sh[119]export pgm=/work2/noaa/global/mterry/global-workflow_forked/exec/getsigensmeanp_smooth.x
+ exgdas_enkf_post.sh[119]pgm=/work2/noaa/global/mterry/global-workflow_forked/exec/getsigensmeanp_smooth.x
+ exgdas_enkf_post.sh[120]source prep_step
++ prep_step[3]'[' -n /work2/noaa/global/mterry/global-workflow_forked/exec/getsigensmeanp_smooth.x ']'
++ prep_step[3]'[' -n OUTPUT.236599 ']'
++ prep_step[4]echo /work2/noaa/global/mterry/global-workflow_forked/exec/getsigensmeanp_smooth.x
++ prep_step[7]'[' -f errfile ']'
++ prep_step[11]export FORT01=0
++ prep_step[11]FORT01=0
+++ prep_step[12]env
+++ prep_step[12]grep '^FORT[0-9]\{1,\}='
+++ prep_step[12]awk -F= '{print $1}'
++ prep_step[12]unset FORT01
+ exgdas_enkf_post.sh[122][[ YES == \Y\E\S ]]
++ exgdas_enkf_post.sh[123]basename /work2/noaa/global/mterry/global-workflow_forked/exec/getsigensmeanp_smooth.x
+ exgdas_enkf_post.sh[123]srun -l --export=ALL --hint=nomultithread -n 80 --cpus-per-task=1 /work2/noaa/stmp/mterry/HERCULES/RUNDIRS/C96C48_hybatmDA/enkfgdas.2021122018/epos.236140/getsigensmeanp_smooth.x ./ atmf003.ensmean atmf003 2 atmf003.ensspread
 0: MPI startup(): I_MPI_EXTRA_FILESYSTEM_LIST environment variable is not supported.
 0: MPI startup(): Similar variables:
 0: 	 I_MPI_EXTRA_FILESYSTEM
 0: 	 I_MPI_EXTRA_FILESYSTEM_FORCE
 0: 	 I_MPI_EXTRA_FILESYSTEM_NFS_DIRECT
 0: MPI startup(): To check the list of supported variables, use the impi_info utility or refer to https://software.intel.com/en-us/mpi-library/documentation/get-started.
 0: 
 0: 
 0: * . * . * . * . * . * . * . * . * . * . * . * . * . * . * . * . * . * . * . * . 
 0:      PROGRAM GETSIGENSMEAN_SMOOTH HAS BEGUN. COMPILED 2011319.55     ORG: NP25
 0:      STARTING DATE-TIME  JUL 28,2025  15:08:34.041  209  MON   2460885
 0: 
 0: 
 0:  computing ensemble spread
 0: Command line input for   5 arguments
 0:  datapath    = ./
 0:  filenameout = ./atmf003.ensmean
 0:  fileprefix  = atmf003
 0:  nanals      = 2
 0:  filenameoutsprd = ./atmf003.ensspread
 0:  
72: No files to process for mpi task =    72
50: No files to process for mpi task =    50
63: No files to process for mpi task =    63
79: No files to process for mpi task =    79
70: No files to process for mpi task =    70
44: No files to process for mpi task =    44
46: No files to process for mpi task =    46
11: No files to process for mpi task =    11
 9: No files to process for mpi task =     9
78: No files to process for mpi task =    78
73: No files to process for mpi task =    73
77: No files to process for mpi task =    77
62: No files to process for mpi task =    62
 7: No files to process for mpi task =     7
37: No files to process for mpi task =    37
65: No files to process for mpi task =    65
38: No files to process for mpi task =    38
 3: No files to process for mpi task =     3
39: No files to process for mpi task =    39
58: No files to process for mpi task =    58
53: No files to process for mpi task =    53
69: No files to process for mpi task =    69
 2: No files to process for mpi task =     2
 5: No files to process for mpi task =     5
41: No files to process for mpi task =    41
54: No files to process for mpi task =    54
45: No files to process for mpi task =    45
74: No files to process for mpi task =    74
12: No files to process for mpi task =    12
75: No files to process for mpi task =    75
42: No files to process for mpi task =    42
51: No files to process for mpi task =    51
66: No files to process for mpi task =    66
10: No files to process for mpi task =    10
76: No files to process for mpi task =    76
 6: No files to process for mpi task =     6
67: No files to process for mpi task =    67
 8: No files to process for mpi task =     8
33: No files to process for mpi task =    33
52: No files to process for mpi task =    52
68: No files to process for mpi task =    68
15: No files to process for mpi task =    15
40: No files to process for mpi task =    40
61: No files to process for mpi task =    61
36: No files to process for mpi task =    36
47: No files to process for mpi task =    47
55: No files to process for mpi task =    55
 4: No files to process for mpi task =     4
32: No files to process for mpi task =    32
34: No files to process for mpi task =    34
35: No files to process for mpi task =    35
56: No files to process for mpi task =    56
57: No files to process for mpi task =    57
59: No files to process for mpi task =    59
64: No files to process for mpi task =    64
71: No files to process for mpi task =    71
13: No files to process for mpi task =    13
14: No files to process for mpi task =    14
43: No files to process for mpi task =    43
48: No files to process for mpi task =    48
49: No files to process for mpi task =    49
60: No files to process for mpi task =    60
20: No files to process for mpi task =    20
18: No files to process for mpi task =    18
24: No files to process for mpi task =    24
26: No files to process for mpi task =    26
28: No files to process for mpi task =    28
16: No files to process for mpi task =    16
17: No files to process for mpi task =    17
27: No files to process for mpi task =    27
31: No files to process for mpi task =    31
19: No files to process for mpi task =    19
21: No files to process for mpi task =    21
22: No files to process for mpi task =    22
23: No files to process for mpi task =    23
25: No files to process for mpi task =    25
29: No files to process for mpi task =    29
30: No files to process for mpi task =    30
 0:  Read netcdf
 0:  
 0: Read header information from ./atmf003_mem001
 0:  ntrunc  =        94
 0:  ntrac   =        11
 0:  nlevs   =       127
 0:  lonb    =       192
 0:  latb    =        96
 0:  
 0: ***WARNING***  hybens_smoothinfo not found - no smoothing
 0: dosmooth = F
 0:  processing clwmr
 0:  clwmr min/max spread  0.0000000E+00  7.4229052E-04
 0:  processing delz
 0:  delz min/max spread  0.0000000E+00   95.99181    
 0:  processing dpres
 0:  dpres min/max spread  0.0000000E+00   9.065416    
 0:  processing dzdt
 0:  dzdt min/max spread  1.0701349E-09  0.1178751    
 0:  processing grle
 0:  grle min/max spread  0.0000000E+00  1.4071861E-05
 0:  processing icmr
 0:  icmr min/max spread  0.0000000E+00  1.4458224E-04
 0:  processing nccice
 0:  nccice min/max spread  0.0000000E+00   8973300.    
 0:  processing nconrd
 0:  nconrd min/max spread  0.0000000E+00   2848.680    
 0:  processing o3mr
 0:  o3mr min/max spread  0.0000000E+00  1.1867480E-06
 0:  processing omga
 0:  omga min/max spread  1.0032514E-10  0.4049636    
 0:  processing pressfc
 0:  pressfc min/max spread  0.0000000E+00   406.1444    
 0:  processing rwmr
 0:  rwmr min/max spread  0.0000000E+00  1.8991875E-04
 0:  processing snmr
 0:  snmr min/max spread  0.0000000E+00  2.5328365E-04
 0:  processing spfh
 0:  spfh min/max spread  2.2737368E-13  4.9300124E-03
 0:  processing tmp
 0:  tmp min/max spread  0.0000000E+00   7.360197    
 0:  processing ugrd
 0:  ugrd min/max spread  0.0000000E+00   17.98309    
 0:  processing vgrd
 0:  vgrd min/max spread  0.0000000E+00   18.38554    
 0:  time to write ens mean on root   1.15055519947782     
 0: Write ncio ensemble mean ./atmf003.ensmean iret =     0
 0: Write ncio ensemble spread ./atmf003.ensspread iret =     0
 0: 
 0: 
 0:      ENDING DATE-TIME    JUL 28,2025  15:08:35.404  209  MON   2460885
 0:      PROGRAM GETSIGENSMEAN_SMOOTH HAS ENDED.
 0: * . * . * . * . * . * . * . * . * . * . * . * . * . * . * . * . * . * . * . * . 
 0: *****************RESOURCE STATISTICS*******************************
 0: The total amount of wall time                        = 1.363077
 0: The total amount of time in user mode                = 1.023848
 0: The total amount of time in sys mode                 = 1.625966
 0: The maximum resident set size (KB)                   = 205996
 0: Number of page faults without I/O activity           = 16023
 0: Number of page faults with I/O activity              = 644
 0: Number of times filesystem performed INPUT           = 293840
 0: Number of times filesystem performed OUTPUT          = 1144016
 0: Number of Voluntary Context Switches                 = 1237
 0: Number of InVoluntary Context Switches               = 1005
 0: *****************END OF RESOURCE STATISTICS*************************
 0: 
+ exgdas_enkf_post.sh[123]true
+ exgdas_enkf_post.sh[124]export err=0
+ exgdas_enkf_post.sh[124]err=0
+ exgdas_enkf_post.sh[125][[ 0 -ne 0 ]]
+ exgdas_enkf_post.sh[139][[ NO == \Y\E\S ]]
+ exgdas_enkf_post.sh[154][[ NO == \Y\E\S ]]
+ exgdas_enkf_post.sh[169]cd /work2/noaa/stmp/mterry/HERCULES/RUNDIRS/C96C48_hybatmDA/enkfgdas.2021122018/epos.236140
+ exgdas_enkf_post.sh[171]exit 0
+ JGDAS_ENKF_POST[24]true
+ JGDAS_ENKF_POST[25]export err=0
+ JGDAS_ENKF_POST[25]err=0
+ JGDAS_ENKF_POST[26][[ 0 -ne 0 ]]
+ JGDAS_ENKF_POST[37]'[' -e OUTPUT.236599 ']'
+ JGDAS_ENKF_POST[38]cat OUTPUT.236599
/work2/noaa/global/mterry/global-workflow_forked/exec/getsfcensmeanp.x
/work2/noaa/global/mterry/global-workflow_forked/exec/getsigensmeanp_smooth.x
+ JGDAS_ENKF_POST[44]cd /work2/noaa/stmp/mterry/HERCULES/RUNDIRS/C96C48_hybatmDA/enkfgdas.2021122018
+ JGDAS_ENKF_POST[45][[ NO == \N\O ]]
+ JGDAS_ENKF_POST[46]rm -rf /work2/noaa/stmp/mterry/HERCULES/RUNDIRS/C96C48_hybatmDA/enkfgdas.2021122018/epos.236140
+ JGDAS_ENKF_POST[50]exit 0
+ JGDAS_ENKF_POST[1]postamble /work2/noaa/global/mterry/global-workflow_forked/jobs/JGDAS_ENKF_POST 1753733287 0
+ preamble.sh[62]set +x
End /work2/noaa/global/mterry/global-workflow_forked/jobs/JGDAS_ENKF_POST at 20:08:37 with error code 0 (time elapsed: 00:00:30)
+ status=0
+ [[ 0 -ne 0 ]]
+ exit 0
