+ source /work2/noaa/global/mterry/global-workflow_forked/ush/load_fv3gfs_modules.sh
++ [[ hxB == *x* ]]
++ set_x=YES
++ [[ NO == \N\O ]]
++ echo 'Loading modules quietly...'
Loading modules quietly...
++ set +x
Running "module reset". Resetting modules to system default. The following $MODULEPATH directories have been removed: /work2/noaa/global/mterry/global-workflow_forked/modulefiles

Currently Loaded Modules:
  1) contrib/0.1                      43) ip/4.3.0
  2) intel-oneapi-compilers/2023.1.0  44) grib-util/1.3.0
  3) stack-intel/2021.9.0             45) g2tmpl/1.13.0
  4) intel-oneapi-mpi/2021.9.0        46) gsi-ncdiag/1.1.2
  5) stack-intel-oneapi-mpi/2021.9.0  47) crtm-fix/2.4.0.1_emc
  6) intel-oneapi-mkl/2023.1.0        48) git-lfs/3.1.2
  7) zlib/1.2.13                      49) crtm/2.4.0.1
  8) pigz/2.7                         50) openblas/0.3.24
  9) zstd/1.5.2                       51) py-setuptools/63.4.3
 10) tar/1.34                         52) py-numpy/1.23.4
 11) gettext/0.21.1                   53) bufr/11.7.0
 12) libxcrypt/4.4.35                 54) gmake/4.2.1
 13) sqlite/3.43.2                    55) wgrib2/2.0.8
 14) util-linux-uuid/2.38.1           56) py-f90nml/1.4.3
 15) python/3.11.6                    57) py-cftime/1.0.3.4
 16) libjpeg/2.1.0                    58) py-netcdf4/1.5.8
 17) jasper/2.0.32                    59) libyaml/0.2.5
 18) libpng/1.6.37                    60) py-pyyaml/6.0
 19) openjpeg/2.3.1                   61) py-markupsafe/2.1.3
 20) eccodes/2.32.0                   62) py-jinja2/3.1.2
 21) fftw/3.3.10                      63) py-bottleneck/1.3.7
 22) nghttp2/1.57.0                   64) py-numexpr/2.8.4
 23) curl/8.4.0                       65) py-et-xmlfile/1.0.1
 24) proj/9.2.1                       66) py-openpyxl/3.1.2
 25) udunits/2.2.28                   67) py-pytz/2023.3
 26) cdo/2.2.0                        68) py-pyxlsb/1.0.10
 27) hdf5/1.14.0                      69) py-xlrd/2.0.1
 28) snappy/1.1.10                    70) py-xlsxwriter/3.1.7
 29) c-blosc/1.21.5                   71) py-xlwt/1.3.0
 30) netcdf-c/4.9.2                   72) py-pandas/1.5.3
 31) netcdf-fortran/4.6.1             73) py-six/1.16.0
 32) parallel-netcdf/1.12.2           74) py-python-dateutil/2.8.2
 33) parallelio/2.5.10                75) g2c/1.8.0
 34) esmf/8.6.0                       76) netcdf-cxx4/4.3.1
 35) antlr/2.7.7                      77) met/9.1.3
 36) gsl/2.7.1                        78) metplus/3.1.1
 37) nco/5.0.6                        79) py-packaging/23.1
 38) bacio/2.4.1                      80) py-xarray/2023.7.0
 39) w3emc/2.10.0                     81) prepobs/1.1.0
 40) prod_util/2.1.1                  82) fit2obs/1.1.7.1
 41) g2/3.4.5                         83) globus-cli/3.35.2
 42) sp/2.5.0                         84) module_base.hercules

 

++ [[ -d /work2/noaa/global/mterry/global-workflow_forked/sorc/wxflow/src ]]
++ PYTHONPATH=/apps/other/globus-cli-3.35.2:/work/noaa/epic/role-epic/spack-stack/hercules/spack-stack-1.6.0/envs/gsi-addon-dev-fms-2024.01/install/intel/2021.9.0/py-xarray-2023.7.0-x743hx4/lib/python3.11/site-packages:/work/noaa/epic/role-epic/spack-stack/hercules/spack-stack-1.6.0/envs/gsi-addon-dev-fms-2024.01/install/intel/2021.9.0/py-packaging-23.1-cvb54w6/lib/python3.11/site-packages:/work/noaa/epic/role-epic/spack-stack/hercules/spack-stack-1.6.0/envs/gsi-addon-dev-fms-2024.01/install/intel/2021.9.0/py-python-dateutil-2.8.2-crskgyy/lib/python3.11/site-packages:/work/noaa/epic/role-epic/spack-stack/hercules/spack-stack-1.6.0/envs/gsi-addon-dev-fms-2024.01/install/intel/2021.9.0/py-six-1.16.0-dtjcn7o/lib/python3.11/site-packages:/work/noaa/epic/role-epic/spack-stack/hercules/spack-stack-1.6.0/envs/gsi-addon-dev-fms-2024.01/install/intel/2021.9.0/py-pandas-1.5.3-7tjsvkw/lib/python3.11/site-packages:/work/noaa/epic/role-epic/spack-stack/hercules/spack-stack-1.6.0/envs/gsi-addon-dev-fms-2024.01/install/intel/2021.9.0/py-xlwt-1.3.0-ghvbw56/lib/python3.11/site-packages:/work/noaa/epic/role-epic/spack-stack/hercules/spack-stack-1.6.0/envs/gsi-addon-dev-fms-2024.01/install/intel/2021.9.0/py-xlsxwriter-3.1.7-rqogaok/lib/python3.11/site-packages:/work/noaa/epic/role-epic/spack-stack/hercules/spack-stack-1.6.0/envs/gsi-addon-dev-fms-2024.01/install/intel/2021.9.0/py-xlrd-2.0.1-g52jf7f/lib/python3.11/site-packages:/work/noaa/epic/role-epic/spack-stack/hercules/spack-stack-1.6.0/envs/gsi-addon-dev-fms-2024.01/install/intel/2021.9.0/py-pyxlsb-1.0.10-ow7w6ge/lib/python3.11/site-packages:/work/noaa/epic/role-epic/spack-stack/hercules/spack-stack-1.6.0/envs/gsi-addon-dev-fms-2024.01/install/intel/2021.9.0/py-pytz-2023.3-kmu3i3s/lib/python3.11/site-packages:/work/noaa/epic/role-epic/spack-stack/hercules/spack-stack-1.6.0/envs/gsi-addon-dev-fms-2024.01/install/intel/2021.9.0/py-openpyxl-3.1.2-vfourqe/lib/python3.11/site-packages:/work/noaa/epic/role-epic/spack-stack/hercules/spack-stack-1.6.0/envs/gsi-addon-dev-fms-2024.01/install/intel/2021.9.0/py-et-xmlfile-1.0.1-7wze7yq/lib/python3.11/site-packages:/work/noaa/epic/role-epic/spack-stack/hercules/spack-stack-1.6.0/envs/gsi-addon-dev-fms-2024.01/install/intel/2021.9.0/py-numexpr-2.8.4-nobvkrq/lib/python3.11/site-packages:/work/noaa/epic/role-epic/spack-stack/hercules/spack-stack-1.6.0/envs/gsi-addon-dev-fms-2024.01/install/intel/2021.9.0/py-bottleneck-1.3.7-ftw2r3a/lib/python3.11/site-packages:/work/noaa/epic/role-epic/spack-stack/hercules/spack-stack-1.6.0/envs/gsi-addon-dev-fms-2024.01/install/intel/2021.9.0/py-jinja2-3.1.2-eoja5pj/lib/python3.11/site-packages:/work/noaa/epic/role-epic/spack-stack/hercules/spack-stack-1.6.0/envs/gsi-addon-dev-fms-2024.01/install/intel/2021.9.0/py-markupsafe-2.1.3-v6xcnb7/lib/python3.11/site-packages:/work/noaa/epic/role-epic/spack-stack/hercules/spack-stack-1.6.0/envs/gsi-addon-dev-fms-2024.01/install/intel/2021.9.0/py-pyyaml-6.0-t2st4x2/lib/python3.11/site-packages:/work/noaa/epic/role-epic/spack-stack/hercules/spack-stack-1.6.0/envs/gsi-addon-dev-fms-2024.01/install/intel/2021.9.0/py-netcdf4-1.5.8-bgfhv5i/lib/python3.11/site-packages:/work/noaa/epic/role-epic/spack-stack/hercules/spack-stack-1.6.0/envs/gsi-addon-dev-fms-2024.01/install/intel/2021.9.0/py-cftime-1.0.3.4-ienmq3i/lib/python3.11/site-packages:/work/noaa/epic/role-epic/spack-stack/hercules/spack-stack-1.6.0/envs/gsi-addon-dev-fms-2024.01/install/intel/2021.9.0/py-f90nml-1.4.3-3ib7u6z/lib/python3.11/site-packages:/work/noaa/epic/role-epic/spack-stack/hercules/spack-stack-1.6.0/envs/gsi-addon-dev-fms-2024.01/install/intel/2021.9.0/bufr-11.7.0-7qdgt6m/lib64/python3.11/site-packages:/work/noaa/epic/role-epic/spack-stack/hercules/spack-stack-1.6.0/envs/gsi-addon-dev-fms-2024.01/install/intel/2021.9.0/bufr-11.7.0-7qdgt6m/lib/python3.11/site-packages:/work/noaa/epic/role-epic/spack-stack/hercules/spack-stack-1.6.0/envs/gsi-addon-dev-fms-2024.01/install/intel/2021.9.0/py-numpy-1.23.4-ftta6ne/lib/python3.11/site-packages:/work/noaa/epic/role-epic/spack-stack/hercules/spack-stack-1.6.0/envs/gsi-addon-dev-fms-2024.01/install/intel/2021.9.0/py-setuptools-63.4.3-5extjhr/lib/python3.11/site-packages:/work2/noaa/global/mterry/global-workflow_forked/sorc/wxflow/src:/work2/noaa/global/mterry/global-workflow_forked/sorc/wxflow/src
++ PYTHONPATH=/apps/other/globus-cli-3.35.2:/work/noaa/epic/role-epic/spack-stack/hercules/spack-stack-1.6.0/envs/gsi-addon-dev-fms-2024.01/install/intel/2021.9.0/py-xarray-2023.7.0-x743hx4/lib/python3.11/site-packages:/work/noaa/epic/role-epic/spack-stack/hercules/spack-stack-1.6.0/envs/gsi-addon-dev-fms-2024.01/install/intel/2021.9.0/py-packaging-23.1-cvb54w6/lib/python3.11/site-packages:/work/noaa/epic/role-epic/spack-stack/hercules/spack-stack-1.6.0/envs/gsi-addon-dev-fms-2024.01/install/intel/2021.9.0/py-python-dateutil-2.8.2-crskgyy/lib/python3.11/site-packages:/work/noaa/epic/role-epic/spack-stack/hercules/spack-stack-1.6.0/envs/gsi-addon-dev-fms-2024.01/install/intel/2021.9.0/py-six-1.16.0-dtjcn7o/lib/python3.11/site-packages:/work/noaa/epic/role-epic/spack-stack/hercules/spack-stack-1.6.0/envs/gsi-addon-dev-fms-2024.01/install/intel/2021.9.0/py-pandas-1.5.3-7tjsvkw/lib/python3.11/site-packages:/work/noaa/epic/role-epic/spack-stack/hercules/spack-stack-1.6.0/envs/gsi-addon-dev-fms-2024.01/install/intel/2021.9.0/py-xlwt-1.3.0-ghvbw56/lib/python3.11/site-packages:/work/noaa/epic/role-epic/spack-stack/hercules/spack-stack-1.6.0/envs/gsi-addon-dev-fms-2024.01/install/intel/2021.9.0/py-xlsxwriter-3.1.7-rqogaok/lib/python3.11/site-packages:/work/noaa/epic/role-epic/spack-stack/hercules/spack-stack-1.6.0/envs/gsi-addon-dev-fms-2024.01/install/intel/2021.9.0/py-xlrd-2.0.1-g52jf7f/lib/python3.11/site-packages:/work/noaa/epic/role-epic/spack-stack/hercules/spack-stack-1.6.0/envs/gsi-addon-dev-fms-2024.01/install/intel/2021.9.0/py-pyxlsb-1.0.10-ow7w6ge/lib/python3.11/site-packages:/work/noaa/epic/role-epic/spack-stack/hercules/spack-stack-1.6.0/envs/gsi-addon-dev-fms-2024.01/install/intel/2021.9.0/py-pytz-2023.3-kmu3i3s/lib/python3.11/site-packages:/work/noaa/epic/role-epic/spack-stack/hercules/spack-stack-1.6.0/envs/gsi-addon-dev-fms-2024.01/install/intel/2021.9.0/py-openpyxl-3.1.2-vfourqe/lib/python3.11/site-packages:/work/noaa/epic/role-epic/spack-stack/hercules/spack-stack-1.6.0/envs/gsi-addon-dev-fms-2024.01/install/intel/2021.9.0/py-et-xmlfile-1.0.1-7wze7yq/lib/python3.11/site-packages:/work/noaa/epic/role-epic/spack-stack/hercules/spack-stack-1.6.0/envs/gsi-addon-dev-fms-2024.01/install/intel/2021.9.0/py-numexpr-2.8.4-nobvkrq/lib/python3.11/site-packages:/work/noaa/epic/role-epic/spack-stack/hercules/spack-stack-1.6.0/envs/gsi-addon-dev-fms-2024.01/install/intel/2021.9.0/py-bottleneck-1.3.7-ftw2r3a/lib/python3.11/site-packages:/work/noaa/epic/role-epic/spack-stack/hercules/spack-stack-1.6.0/envs/gsi-addon-dev-fms-2024.01/install/intel/2021.9.0/py-jinja2-3.1.2-eoja5pj/lib/python3.11/site-packages:/work/noaa/epic/role-epic/spack-stack/hercules/spack-stack-1.6.0/envs/gsi-addon-dev-fms-2024.01/install/intel/2021.9.0/py-markupsafe-2.1.3-v6xcnb7/lib/python3.11/site-packages:/work/noaa/epic/role-epic/spack-stack/hercules/spack-stack-1.6.0/envs/gsi-addon-dev-fms-2024.01/install/intel/2021.9.0/py-pyyaml-6.0-t2st4x2/lib/python3.11/site-packages:/work/noaa/epic/role-epic/spack-stack/hercules/spack-stack-1.6.0/envs/gsi-addon-dev-fms-2024.01/install/intel/2021.9.0/py-netcdf4-1.5.8-bgfhv5i/lib/python3.11/site-packages:/work/noaa/epic/role-epic/spack-stack/hercules/spack-stack-1.6.0/envs/gsi-addon-dev-fms-2024.01/install/intel/2021.9.0/py-cftime-1.0.3.4-ienmq3i/lib/python3.11/site-packages:/work/noaa/epic/role-epic/spack-stack/hercules/spack-stack-1.6.0/envs/gsi-addon-dev-fms-2024.01/install/intel/2021.9.0/py-f90nml-1.4.3-3ib7u6z/lib/python3.11/site-packages:/work/noaa/epic/role-epic/spack-stack/hercules/spack-stack-1.6.0/envs/gsi-addon-dev-fms-2024.01/install/intel/2021.9.0/bufr-11.7.0-7qdgt6m/lib64/python3.11/site-packages:/work/noaa/epic/role-epic/spack-stack/hercules/spack-stack-1.6.0/envs/gsi-addon-dev-fms-2024.01/install/intel/2021.9.0/bufr-11.7.0-7qdgt6m/lib/python3.11/site-packages:/work/noaa/epic/role-epic/spack-stack/hercules/spack-stack-1.6.0/envs/gsi-addon-dev-fms-2024.01/install/intel/2021.9.0/py-numpy-1.23.4-ftta6ne/lib/python3.11/site-packages:/work/noaa/epic/role-epic/spack-stack/hercules/spack-stack-1.6.0/envs/gsi-addon-dev-fms-2024.01/install/intel/2021.9.0/py-setuptools-63.4.3-5extjhr/lib/python3.11/site-packages:/work2/noaa/global/mterry/global-workflow_forked/sorc/wxflow/src:/work2/noaa/global/mterry/global-workflow_forked/sorc/wxflow/src:/work2/noaa/global/mterry/global-workflow_forked/ush/python
++ export PYTHONPATH
++ ulimit -S -s 16384
++ unset ulimit_s
+ status=0
+ [[ 0 -ne 0 ]]
++ echo 009
++ sed -e 's/_/ /g; s/f/ /g; s/,/ /g'
+ fhrlst=009
+ for fhr in ${fhrlst}
+ export FHMIN_ECEN=009
+ FHMIN_ECEN=009
+ export FHMAX_ECEN=009
+ FHMAX_ECEN=009
+ export FHOUT_ECEN=009
+ FHOUT_ECEN=009
+ export job=ecen
+ job=ecen
+ export jobid=ecen.298988
+ jobid=ecen.298988
+ /work2/noaa/global/mterry/global-workflow_forked/jobs/JGDAS_ENKF_ECEN
Begin /work2/noaa/global/mterry/global-workflow_forked/jobs/JGDAS_ENKF_ECEN at Tue Jul 29 07:14:59 UTC 2025
++ jjob_header.sh[46]OPTIND=1
++ jjob_header.sh[47]getopts c:e: option
++ jjob_header.sh[48]case "${option}" in
++ jjob_header.sh[50]env_job=ecen
++ jjob_header.sh[47]getopts c:e: option
++ jjob_header.sh[48]case "${option}" in
++ jjob_header.sh[49]read -ra configs
++ jjob_header.sh[47]getopts c:e: option
++ jjob_header.sh[61]shift 4
++ jjob_header.sh[63][[ -z ecen ]]
++ jjob_header.sh[71]export DATA=/work2/noaa/stmp/mterry/HERCULES/RUNDIRS/C96C48mx500_S2SW_cyc_gfs/enkfgfs.2021122100/ecen.298988
++ jjob_header.sh[71]DATA=/work2/noaa/stmp/mterry/HERCULES/RUNDIRS/C96C48mx500_S2SW_cyc_gfs/enkfgfs.2021122100/ecen.298988
++ jjob_header.sh[72][[ YES == \Y\E\S ]]
++ jjob_header.sh[73]rm -rf /work2/noaa/stmp/mterry/HERCULES/RUNDIRS/C96C48mx500_S2SW_cyc_gfs/enkfgfs.2021122100/ecen.298988
++ jjob_header.sh[75]mkdir -p /work2/noaa/stmp/mterry/HERCULES/RUNDIRS/C96C48mx500_S2SW_cyc_gfs/enkfgfs.2021122100/ecen.298988
++ jjob_header.sh[76]cd /work2/noaa/stmp/mterry/HERCULES/RUNDIRS/C96C48mx500_S2SW_cyc_gfs/enkfgfs.2021122100/ecen.298988
++ jjob_header.sh[85]export pid=299447
++ jjob_header.sh[85]pid=299447
++ jjob_header.sh[86]export pgmout=OUTPUT.299447
++ jjob_header.sh[86]pgmout=OUTPUT.299447
++ jjob_header.sh[87]export pgmerr=errfile
++ jjob_header.sh[87]pgmerr=errfile
++ jjob_header.sh[90]export pgm=
++ jjob_header.sh[90]pgm=
++ jjob_header.sh[96]export cycle=t00z
++ jjob_header.sh[96]cycle=t00z
++ jjob_header.sh[97]setpdy.sh
+ setpdy.sh[20]'[' /work2/noaa/stmp/mterry/HERCULES/RUNDIRS/C96C48mx500_S2SW_cyc_gfs/enkfgfs.2021122100/ecen.298988 == /home/mterry ']'
+ setpdy.sh[25][[ ! t00z =~ t??z ]]
+ setpdy.sh[30]case $# in
+ setpdy.sh[31]dates_before_PDY=7
+ setpdy.sh[32]dates_after_PDY=7
+ setpdy.sh[50]COMDATEROOT=/work2/noaa/global/mterry/RUNTESTS/COMROOT
+ setpdy.sh[53]'[' -z 20211221 ']'
+ setpdy.sh[57]sed 's/[0-9]\{8\}/20211221/' /work2/noaa/global/mterry/RUNTESTS/COMROOT/date/t00z
sed: can't read /work2/noaa/global/mterry/RUNTESTS/COMROOT/date/t00z: No such file or directory
++ jjob_header.sh[97]true
++ jjob_header.sh[98]source ./PDY
/work2/noaa/global/mterry/global-workflow_forked/ush/jjob_header.sh: line 98: ./PDY: No such file or directory
++ jjob_header.sh[98]true
++ jjob_header.sh[104]export EXPDIR=/work2/noaa/global/mterry/RUNTESTS/EXPDIR/C96C48mx500_S2SW_cyc_gfs
++ jjob_header.sh[104]EXPDIR=/work2/noaa/global/mterry/RUNTESTS/EXPDIR/C96C48mx500_S2SW_cyc_gfs
++ jjob_header.sh[105]for config in "${configs[@]:-''}"
++ jjob_header.sh[106]source /work2/noaa/global/mterry/RUNTESTS/EXPDIR/C96C48mx500_S2SW_cyc_gfs/config.base
+++ config.base[6]echo 'BEGIN: config.base'
BEGIN: config.base
+++ config.base[9]export machine=HERCULES
+++ config.base[9]machine=HERCULES
+++ config.base[12]export RUN_ENVIR=emc
+++ config.base[12]RUN_ENVIR=emc
+++ config.base[15]export ACCOUNT=fv3-cpu
+++ config.base[15]ACCOUNT=fv3-cpu
+++ config.base[16]export QUEUE=batch
+++ config.base[16]QUEUE=batch
+++ config.base[17]export QUEUE_SERVICE=batch
+++ config.base[17]QUEUE_SERVICE=batch
+++ config.base[18]export QUEUE_DTN=batch
+++ config.base[18]QUEUE_DTN=batch
+++ config.base[19]export PARTITION_BATCH=hercules
+++ config.base[19]PARTITION_BATCH=hercules
+++ config.base[20]export PARTITION_SERVICE=service
+++ config.base[20]PARTITION_SERVICE=service
+++ config.base[21]export PARTITION_DTN=
+++ config.base[21]PARTITION_DTN=
+++ config.base[22]export RESERVATION=
+++ config.base[22]RESERVATION=
+++ config.base[23]export CLUSTERS=
+++ config.base[23]CLUSTERS=
+++ config.base[24]export CLUSTERS_SERVICE=
+++ config.base[24]CLUSTERS_SERVICE=
+++ config.base[25]export CLUSTERS_DTN=
+++ config.base[25]CLUSTERS_DTN=
+++ config.base[28]export HPSS_PROJECT=emc-global
+++ config.base[28]HPSS_PROJECT=emc-global
+++ config.base[31]export HOMEgfs=/work2/noaa/global/mterry/global-workflow_forked
+++ config.base[31]HOMEgfs=/work2/noaa/global/mterry/global-workflow_forked
+++ config.base[32]export EXECgfs=/work2/noaa/global/mterry/global-workflow_forked/exec
+++ config.base[32]EXECgfs=/work2/noaa/global/mterry/global-workflow_forked/exec
+++ config.base[33]export FIXgfs=/work2/noaa/global/mterry/global-workflow_forked/fix
+++ config.base[33]FIXgfs=/work2/noaa/global/mterry/global-workflow_forked/fix
+++ config.base[34]export PARMgfs=/work2/noaa/global/mterry/global-workflow_forked/parm
+++ config.base[34]PARMgfs=/work2/noaa/global/mterry/global-workflow_forked/parm
+++ config.base[35]export SCRgfs=/work2/noaa/global/mterry/global-workflow_forked/scripts
+++ config.base[35]SCRgfs=/work2/noaa/global/mterry/global-workflow_forked/scripts
+++ config.base[36]export USHgfs=/work2/noaa/global/mterry/global-workflow_forked/ush
+++ config.base[36]USHgfs=/work2/noaa/global/mterry/global-workflow_forked/ush
+++ config.base[38]export FIXam=/work2/noaa/global/mterry/global-workflow_forked/fix/am
+++ config.base[38]FIXam=/work2/noaa/global/mterry/global-workflow_forked/fix/am
+++ config.base[39]export FIXaer=/work2/noaa/global/mterry/global-workflow_forked/fix/aer
+++ config.base[39]FIXaer=/work2/noaa/global/mterry/global-workflow_forked/fix/aer
+++ config.base[40]export FIXcpl=/work2/noaa/global/mterry/global-workflow_forked/fix/cpl
+++ config.base[40]FIXcpl=/work2/noaa/global/mterry/global-workflow_forked/fix/cpl
+++ config.base[41]export FIXlut=/work2/noaa/global/mterry/global-workflow_forked/fix/lut
+++ config.base[41]FIXlut=/work2/noaa/global/mterry/global-workflow_forked/fix/lut
+++ config.base[42]export FIXcice=/work2/noaa/global/mterry/global-workflow_forked/fix/cice
+++ config.base[42]FIXcice=/work2/noaa/global/mterry/global-workflow_forked/fix/cice
+++ config.base[43]export FIXmom=/work2/noaa/global/mterry/global-workflow_forked/fix/mom6
+++ config.base[43]FIXmom=/work2/noaa/global/mterry/global-workflow_forked/fix/mom6
+++ config.base[44]export FIXreg2grb2=/work2/noaa/global/mterry/global-workflow_forked/fix/reg2grb2
+++ config.base[44]FIXreg2grb2=/work2/noaa/global/mterry/global-workflow_forked/fix/reg2grb2
+++ config.base[45]export FIXgdas=/work2/noaa/global/mterry/global-workflow_forked/fix/gdas
+++ config.base[45]FIXgdas=/work2/noaa/global/mterry/global-workflow_forked/fix/gdas
+++ config.base[50]export PACKAGEROOT=/work2/noaa/global/role-global/nwpara
+++ config.base[50]PACKAGEROOT=/work2/noaa/global/role-global/nwpara
+++ config.base[51]export COMROOT=/work2/noaa/global/mterry/RUNTESTS/COMROOT
+++ config.base[51]COMROOT=/work2/noaa/global/mterry/RUNTESTS/COMROOT
+++ config.base[52]export COMINsyn=/work2/noaa/global/role-global/com/gfs/prod/syndat
+++ config.base[52]COMINsyn=/work2/noaa/global/role-global/com/gfs/prod/syndat
+++ config.base[53]export DMPDIR=/work/noaa/rstprod/dump
+++ config.base[53]DMPDIR=/work/noaa/rstprod/dump
+++ config.base[57]export COMINecmwf=/work2/noaa/global/role-global/data/external_gempak/ecmwf
+++ config.base[57]COMINecmwf=/work2/noaa/global/role-global/data/external_gempak/ecmwf
+++ config.base[58]export COMINnam=/work2/noaa/global/role-global/data/external_gempak/nam
+++ config.base[58]COMINnam=/work2/noaa/global/role-global/data/external_gempak/nam
+++ config.base[59]export COMINukmet=/work2/noaa/global/role-global/data/external_gempak/ukmet
+++ config.base[59]COMINukmet=/work2/noaa/global/role-global/data/external_gempak/ukmet
+++ config.base[62]export HOMEDIR=/work2/noaa/global/mterry
+++ config.base[62]HOMEDIR=/work2/noaa/global/mterry
+++ config.base[63]export STMP=/work2/noaa/stmp/mterry/HERCULES
+++ config.base[63]STMP=/work2/noaa/stmp/mterry/HERCULES
+++ config.base[64]export PTMP=/work2/noaa/stmp/mterry/HERCULES
+++ config.base[64]PTMP=/work2/noaa/stmp/mterry/HERCULES
+++ config.base[65]export NOSCRUB=/work2/noaa/global/mterry
+++ config.base[65]NOSCRUB=/work2/noaa/global/mterry
+++ config.base[68]export BASE_GIT=/work2/noaa/global/role-global/git
+++ config.base[68]BASE_GIT=/work2/noaa/global/role-global/git
+++ config.base[71]export BASE_DATA=/work2/noaa/global/role-global/data
+++ config.base[71]BASE_DATA=/work2/noaa/global/role-global/data
+++ config.base[74]export DO_PREP_SFC=NO
+++ config.base[74]DO_PREP_SFC=NO
+++ config.base[77]export DO_GOES=NO
+++ config.base[77]DO_GOES=NO
+++ config.base[78]export DO_BUFRSND=NO
+++ config.base[78]DO_BUFRSND=NO
+++ config.base[79]export DO_GEMPAK=NO
+++ config.base[79]DO_GEMPAK=NO
+++ config.base[80]export DO_AWIPS=NO
+++ config.base[80]DO_AWIPS=NO
+++ config.base[81]export DO_NPOESS=NO
+++ config.base[81]DO_NPOESS=NO
+++ config.base[82]export DO_TRACKER=YES
+++ config.base[82]DO_TRACKER=YES
+++ config.base[83]export DO_GENESIS=YES
+++ config.base[83]DO_GENESIS=YES
+++ config.base[84]export DO_GENESIS_FSU=NO
+++ config.base[84]DO_GENESIS_FSU=NO
+++ config.base[85]export DO_VERFOZN=YES
+++ config.base[85]DO_VERFOZN=YES
+++ config.base[86]export DO_VERFRAD=YES
+++ config.base[86]DO_VERFRAD=YES
+++ config.base[87]export DO_VMINMON=YES
+++ config.base[87]DO_VMINMON=YES
+++ config.base[88]export DO_ANLSTAT=NO
+++ config.base[88]DO_ANLSTAT=NO
+++ config.base[91]export MODE=cycled
+++ config.base[91]MODE=cycled
+++ config.base[92]export DO_TEST_MODE=NO
+++ config.base[92]DO_TEST_MODE=NO
+++ config.base[101]export FIXgsi=/work2/noaa/global/mterry/global-workflow_forked/fix/gsi
+++ config.base[101]FIXgsi=/work2/noaa/global/mterry/global-workflow_forked/fix/gsi
+++ config.base[102]export HOMEpost=/work2/noaa/global/mterry/global-workflow_forked
+++ config.base[102]HOMEpost=/work2/noaa/global/mterry/global-workflow_forked
+++ config.base[103]export HOMEobsproc=/work2/noaa/global/role-global/git/obsproc/v1.2.0
+++ config.base[103]HOMEobsproc=/work2/noaa/global/role-global/git/obsproc/v1.2.0
+++ config.base[106]export NMV=/bin/mv
+++ config.base[106]NMV=/bin/mv
+++ config.base[107]export 'NLN=/bin/ln -sf'
+++ config.base[107]NLN='/bin/ln -sf'
+++ config.base[108]export VERBOSE=YES
+++ config.base[108]VERBOSE=YES
+++ config.base[109]export KEEPDATA=NO
+++ config.base[109]KEEPDATA=NO
+++ config.base[110]export DEBUG_POSTSCRIPT=NO
+++ config.base[110]DEBUG_POSTSCRIPT=NO
+++ config.base[111]export CHGRP_RSTPROD=YES
+++ config.base[111]CHGRP_RSTPROD=YES
+++ config.base[112]export 'CHGRP_CMD=chgrp rstprod'
+++ config.base[112]CHGRP_CMD='chgrp rstprod'
+++ config.base[113]export NCDUMP=/work/noaa/epic/role-epic/spack-stack/hercules/spack-stack-1.6.0/envs/unified-env/install/intel/2021.9.0/netcdf-c-4.9.2-tslbcfy/bin/ncdump
+++ config.base[113]NCDUMP=/work/noaa/epic/role-epic/spack-stack/hercules/spack-stack-1.6.0/envs/unified-env/install/intel/2021.9.0/netcdf-c-4.9.2-tslbcfy/bin/ncdump
+++ config.base[114]export NCLEN=/work2/noaa/global/mterry/global-workflow_forked/ush/getncdimlen
+++ config.base[114]NCLEN=/work2/noaa/global/mterry/global-workflow_forked/ush/getncdimlen
+++ config.base[117]export BASE_ENV=/work2/noaa/global/mterry/global-workflow_forked/env
+++ config.base[117]BASE_ENV=/work2/noaa/global/mterry/global-workflow_forked/env
+++ config.base[120]export SDATE=2021122012
+++ config.base[120]SDATE=2021122012
+++ config.base[121]export EDATE=2021122100
+++ config.base[121]EDATE=2021122100
+++ config.base[122]export EXP_WARM_START=.false.
+++ config.base[122]EXP_WARM_START=.false.
+++ config.base[123]export assim_freq=6
+++ config.base[123]assim_freq=6
+++ config.base[124]export PSLOT=C96C48mx500_S2SW_cyc_gfs
+++ config.base[124]PSLOT=C96C48mx500_S2SW_cyc_gfs
+++ config.base[125]export EXPDIR=/work2/noaa/global/mterry/RUNTESTS/EXPDIR/C96C48mx500_S2SW_cyc_gfs
+++ config.base[125]EXPDIR=/work2/noaa/global/mterry/RUNTESTS/EXPDIR/C96C48mx500_S2SW_cyc_gfs
+++ config.base[126]export ROTDIR=/work2/noaa/global/mterry/RUNTESTS/COMROOT/C96C48mx500_S2SW_cyc_gfs
+++ config.base[126]ROTDIR=/work2/noaa/global/mterry/RUNTESTS/COMROOT/C96C48mx500_S2SW_cyc_gfs
+++ config.base[127]export DUMP_SUFFIX=
+++ config.base[127]DUMP_SUFFIX=
+++ config.base[128][[ 2021122100 -ge 2019092100 ]]
+++ config.base[128][[ 2021122100 -le 2019110700 ]]
+++ config.base[131]export ARCDIR=/work2/noaa/global/mterry/archive/C96C48mx500_S2SW_cyc_gfs
+++ config.base[131]ARCDIR=/work2/noaa/global/mterry/archive/C96C48mx500_S2SW_cyc_gfs
+++ config.base[132]export ATARDIR=/NCEPDEV/emc-global/1year/mterry/HERCULES/scratch/C96C48mx500_S2SW_cyc_gfs
+++ config.base[132]ATARDIR=/NCEPDEV/emc-global/1year/mterry/HERCULES/scratch/C96C48mx500_S2SW_cyc_gfs
+++ config.base[133]export 'FETCHDIR={{ FETCHDIR }}'
+++ config.base[133]FETCHDIR='{{ FETCHDIR }}'
+++ config.base[136]export envir=prod
+++ config.base[136]envir=prod
+++ config.base[137]export NET=gfs
+++ config.base[137]NET=gfs
+++ config.base[138]export RUN=enkfgfs
+++ config.base[138]RUN=enkfgfs
+++ config.base[141]source /work2/noaa/global/mterry/RUNTESTS/EXPDIR/C96C48mx500_S2SW_cyc_gfs/config.com
++++ config.com[4]echo 'BEGIN: config.com'
BEGIN: config.com
++++ config.com[38][[ emc == \n\c\o ]]
++++ config.com[43]COM_OBSPROC_TMPL='${DMPDIR}/${RUN}${DUMP_SUFFIX}.${YMD}/${HH}/atmos'
++++ config.com[44]COM_RTOFS_TMPL='${DMPDIR}'
++++ config.com[45]COM_TCVITAL_TMPL='${DMPDIR}/${RUN}.${YMD}/${HH}/atmos'
++++ config.com[47]declare -rx 'COM_OBS_TMPL=${ROTDIR}/${RUN}.${YMD}/${HH}/obs'
++++ config.com[48]declare -rx COM_OBSPROC_TMPL COM_RTOFS_TMPL
++++ config.com[50]COM_BASE='${ROTDIR}/${RUN}.${YMD}/${HH}/${MEMDIR}'
++++ config.com[52]declare -rx 'COM_TOP_TMPL=${ROTDIR}/${RUN}.${YMD}/${HH}'
++++ config.com[54]declare -rx 'COM_CONF_TMPL=${ROTDIR}/${RUN}.${YMD}/${HH}/${MEMDIR}/conf'
++++ config.com[55]declare -rx 'COM_OBS_JEDI=${ROTDIR}/${RUN}.${YMD}/${HH}/${MEMDIR}/obs_jedi'
++++ config.com[57]declare -rx 'COM_ATMOS_INPUT_TMPL=${ROTDIR}/${RUN}.${YMD}/${HH}/${MEMDIR}/model/atmos/input'
++++ config.com[58]declare -rx 'COM_ATMOS_RESTART_TMPL=${ROTDIR}/${RUN}.${YMD}/${HH}/${MEMDIR}/model/atmos/restart'
++++ config.com[59]declare -rx 'COM_ATMOS_ANALYSIS_TMPL=${ROTDIR}/${RUN}.${YMD}/${HH}/${MEMDIR}/analysis/atmos'
++++ config.com[60]declare -rx 'COM_SNOW_ANALYSIS_TMPL=${ROTDIR}/${RUN}.${YMD}/${HH}/${MEMDIR}/analysis/snow'
++++ config.com[61]declare -rx 'COM_SNOW_ANLMON_TMPL=${ROTDIR}/${RUN}.${YMD}/${HH}/${MEMDIR}/products/snow/anlmon'
++++ config.com[62]declare -rx 'COM_ATMOS_HISTORY_TMPL=${ROTDIR}/${RUN}.${YMD}/${HH}/${MEMDIR}/model/atmos/history'
++++ config.com[63]declare -rx 'COM_ATMOS_MASTER_TMPL=${ROTDIR}/${RUN}.${YMD}/${HH}/${MEMDIR}/model/atmos/master'
++++ config.com[64]declare -rx 'COM_ATMOS_GRIB_TMPL=${ROTDIR}/${RUN}.${YMD}/${HH}/${MEMDIR}/products/atmos/grib2'
++++ config.com[65]declare -rx 'COM_ATMOS_GRIB_GRID_TMPL=${ROTDIR}/${RUN}.${YMD}/${HH}/${MEMDIR}/products/atmos/grib2/${GRID}'
++++ config.com[66]declare -rx 'COM_ATMOS_BUFR_TMPL=${ROTDIR}/${RUN}.${YMD}/${HH}/${MEMDIR}/products/atmos/bufr'
++++ config.com[67]declare -rx 'COM_ATMOS_GEMPAK_TMPL=${ROTDIR}/${RUN}.${YMD}/${HH}/${MEMDIR}/products/atmos/gempak/${GRID}'
++++ config.com[68]declare -rx 'COM_ATMOS_GENESIS_TMPL=${ROTDIR}/${RUN}.${YMD}/${HH}/${MEMDIR}/products/atmos/cyclone/genesis_vital'
++++ config.com[69]declare -rx 'COM_ATMOS_TRACK_TMPL=${ROTDIR}/${RUN}.${YMD}/${HH}/${MEMDIR}/products/atmos/cyclone/tracks'
++++ config.com[70]declare -rx 'COM_ATMOS_GOES_TMPL=${ROTDIR}/${RUN}.${YMD}/${HH}/${MEMDIR}/products/atmos/goes_sim'
++++ config.com[71]declare -rx 'COM_ATMOS_IMAGERY_TMPL=${ROTDIR}/${RUN}.${YMD}/${HH}/${MEMDIR}/products/atmos/imagery'
++++ config.com[72]declare -rx 'COM_ATMOS_OZNMON_TMPL=${ROTDIR}/${RUN}.${YMD}/${HH}/${MEMDIR}/products/atmos/oznmon'
++++ config.com[73]declare -rx 'COM_ATMOS_RADMON_TMPL=${ROTDIR}/${RUN}.${YMD}/${HH}/${MEMDIR}/products/atmos/radmon'
++++ config.com[74]declare -rx 'COM_ATMOS_MINMON_TMPL=${ROTDIR}/${RUN}.${YMD}/${HH}/${MEMDIR}/products/atmos/minmon'
++++ config.com[75]declare -rx 'COM_ATMOS_ANLMON_TMPL=${ROTDIR}/${RUN}.${YMD}/${HH}/${MEMDIR}/products/atmos/anlmon'
++++ config.com[76]declare -rx 'COM_ATMOS_WMO_TMPL=${ROTDIR}/${RUN}.${YMD}/${HH}/${MEMDIR}/products/atmos/wmo'
++++ config.com[78]declare -rx 'COM_WAVE_RESTART_TMPL=${ROTDIR}/${RUN}.${YMD}/${HH}/${MEMDIR}/model/wave/restart'
++++ config.com[79]declare -rx 'COM_WAVE_PREP_TMPL=${ROTDIR}/${RUN}.${YMD}/${HH}/${MEMDIR}/model/wave/prep'
++++ config.com[80]declare -rx 'COM_WAVE_HISTORY_TMPL=${ROTDIR}/${RUN}.${YMD}/${HH}/${MEMDIR}/model/wave/history'
++++ config.com[81]declare -rx 'COM_WAVE_GRID_TMPL=${ROTDIR}/${RUN}.${YMD}/${HH}/${MEMDIR}/products/wave/gridded'
++++ config.com[82]declare -rx 'COM_WAVE_GRID_RES_TMPL=${ROTDIR}/${RUN}.${YMD}/${HH}/${MEMDIR}/products/wave/gridded/${GRDRESNAME}'
++++ config.com[83]declare -rx 'COM_WAVE_STATION_TMPL=${ROTDIR}/${RUN}.${YMD}/${HH}/${MEMDIR}/products/wave/station'
++++ config.com[84]declare -rx 'COM_WAVE_GEMPAK_TMPL=${ROTDIR}/${RUN}.${YMD}/${HH}/${MEMDIR}/products/wave/gempak'
++++ config.com[85]declare -rx 'COM_WAVE_WMO_TMPL=${ROTDIR}/${RUN}.${YMD}/${HH}/${MEMDIR}/products/wave/wmo'
++++ config.com[87]declare -rx 'COM_OCEAN_HISTORY_TMPL=${ROTDIR}/${RUN}.${YMD}/${HH}/${MEMDIR}/model/ocean/history'
++++ config.com[88]declare -rx 'COM_OCEAN_RESTART_TMPL=${ROTDIR}/${RUN}.${YMD}/${HH}/${MEMDIR}/model/ocean/restart'
++++ config.com[89]declare -rx 'COM_OCEAN_INPUT_TMPL=${ROTDIR}/${RUN}.${YMD}/${HH}/${MEMDIR}/model/ocean/input'
++++ config.com[90]declare -rx 'COM_OCEAN_ANALYSIS_TMPL=${ROTDIR}/${RUN}.${YMD}/${HH}/${MEMDIR}/analysis/ocean'
++++ config.com[91]declare -rx 'COM_OCEAN_ANLMON_TMPL=${ROTDIR}/${RUN}.${YMD}/${HH}/${MEMDIR}/products/ocean/anlmon'
++++ config.com[92]declare -rx 'COM_OCEAN_LETKF_TMPL=${ROTDIR}/${RUN}.${YMD}/${HH}/${MEMDIR}/analysis/ocean/letkf'
++++ config.com[93]declare -rx 'COM_OCEAN_BMATRIX_TMPL=${ROTDIR}/${RUN}.${YMD}/${HH}/${MEMDIR}/bmatrix/ocean'
++++ config.com[94]declare -rx 'COM_OCEAN_NETCDF_TMPL=${ROTDIR}/${RUN}.${YMD}/${HH}/${MEMDIR}/products/ocean/netcdf'
++++ config.com[95]declare -rx 'COM_OCEAN_GRIB_TMPL=${ROTDIR}/${RUN}.${YMD}/${HH}/${MEMDIR}/products/ocean/grib2'
++++ config.com[96]declare -rx 'COM_OCEAN_GRIB_GRID_TMPL=${ROTDIR}/${RUN}.${YMD}/${HH}/${MEMDIR}/products/ocean/grib2/${GRID}'
++++ config.com[98]declare -rx 'COM_ICE_ANALYSIS_TMPL=${ROTDIR}/${RUN}.${YMD}/${HH}/${MEMDIR}/analysis/ice'
++++ config.com[99]declare -rx 'COM_ICE_LETKF_TMPL=${ROTDIR}/${RUN}.${YMD}/${HH}/${MEMDIR}/analysis/ice/letkf'
++++ config.com[100]declare -rx 'COM_ICE_ANLMON_TMPL=${ROTDIR}/${RUN}.${YMD}/${HH}/${MEMDIR}/products/ice/anlmon'
++++ config.com[101]declare -rx 'COM_ICE_BMATRIX_TMPL=${ROTDIR}/${RUN}.${YMD}/${HH}/${MEMDIR}/bmatrix/ice'
++++ config.com[102]declare -rx 'COM_ICE_INPUT_TMPL=${ROTDIR}/${RUN}.${YMD}/${HH}/${MEMDIR}/model/ice/input'
++++ config.com[103]declare -rx 'COM_ICE_HISTORY_TMPL=${ROTDIR}/${RUN}.${YMD}/${HH}/${MEMDIR}/model/ice/history'
++++ config.com[104]declare -rx 'COM_ICE_RESTART_TMPL=${ROTDIR}/${RUN}.${YMD}/${HH}/${MEMDIR}/model/ice/restart'
++++ config.com[105]declare -rx 'COM_ICE_NETCDF_TMPL=${ROTDIR}/${RUN}.${YMD}/${HH}/${MEMDIR}/products/ice/netcdf'
++++ config.com[106]declare -rx 'COM_ICE_GRIB_TMPL=${ROTDIR}/${RUN}.${YMD}/${HH}/${MEMDIR}/products/ice/grib2'
++++ config.com[107]declare -rx 'COM_ICE_GRIB_GRID_TMPL=${ROTDIR}/${RUN}.${YMD}/${HH}/${MEMDIR}/products/ice/grib2/${GRID}'
++++ config.com[109]declare -rx 'COM_CHEM_HISTORY_TMPL=${ROTDIR}/${RUN}.${YMD}/${HH}/${MEMDIR}/model/chem/history'
++++ config.com[110]declare -rx 'COM_CHEM_ANALYSIS_TMPL=${ROTDIR}/${RUN}.${YMD}/${HH}/${MEMDIR}/analysis/chem'
++++ config.com[111]declare -rx 'COM_CHEM_BMAT_TMPL=${ROTDIR}/${RUN}.${YMD}/${HH}/${MEMDIR}/analysis/chem/bmatrix'
++++ config.com[112]declare -rx 'COM_CHEM_ANLMON_TMPL=${ROTDIR}/${RUN}.${YMD}/${HH}/${MEMDIR}/products/chem/anlmon'
++++ config.com[114]declare -rx 'COM_MED_RESTART_TMPL=${ROTDIR}/${RUN}.${YMD}/${HH}/${MEMDIR}/model/med/restart'
+++ config.base[143]export LOGSCRIPT=
+++ config.base[143]LOGSCRIPT=
+++ config.base[145]export 'REDOUT=1>'
+++ config.base[145]REDOUT='1>'
+++ config.base[146]export 'REDERR=2>'
+++ config.base[146]REDERR='2>'
+++ config.base[148]export SENDECF=NO
+++ config.base[148]SENDECF=NO
+++ config.base[149]export SENDSDM=NO
+++ config.base[149]SENDSDM=NO
+++ config.base[150]export SENDDBN_NTC=NO
+++ config.base[150]SENDDBN_NTC=NO
+++ config.base[151]export SENDDBN=NO
+++ config.base[151]SENDDBN=NO
+++ config.base[152]export DBNROOT=/work/noaa/epic/role-epic/spack-stack/hercules/spack-stack-1.6.0/envs/unified-env/install/intel/2021.9.0/prod-util-2.1.1-ddlo2cq/fakedbn
+++ config.base[152]DBNROOT=/work/noaa/epic/role-epic/spack-stack/hercules/spack-stack-1.6.0/envs/unified-env/install/intel/2021.9.0/prod-util-2.1.1-ddlo2cq/fakedbn
+++ config.base[153]export SENDAWIP=NO
+++ config.base[153]SENDAWIP=NO
+++ config.base[156]export APP=S2SW
+++ config.base[156]APP=S2SW
+++ config.base[158]shopt -s extglob
+++ config.base[161]case "${RUN}" in
+++ config.base[163]APP=S2S
+++ config.base[168]shopt -u extglob
+++ config.base[171]export DO_ATM=YES
+++ config.base[171]DO_ATM=YES
+++ config.base[172]export DO_COUPLED=NO
+++ config.base[172]DO_COUPLED=NO
+++ config.base[173]export DO_WAVE=NO
+++ config.base[173]DO_WAVE=NO
+++ config.base[174]export DO_OCN=NO
+++ config.base[174]DO_OCN=NO
+++ config.base[175]export DO_ICE=NO
+++ config.base[175]DO_ICE=NO
+++ config.base[176]DO_AERO=NO
+++ config.base[177]export DO_PREP_OBS_AERO=NO
+++ config.base[177]DO_PREP_OBS_AERO=NO
+++ config.base[178]aero_fcst_runs=gdas
+++ config.base[179]aero_anl_runs='gdas gfs'
+++ config.base[180]export DO_AERO_FCST=NO
+++ config.base[180]DO_AERO_FCST=NO
+++ config.base[181]export DO_AERO_ANL=NO
+++ config.base[181]DO_AERO_ANL=NO
+++ config.base[182]export DOBNDPNT_WAVE=YES
+++ config.base[182]DOBNDPNT_WAVE=YES
+++ config.base[183]export DOIBP_WAV=NO
+++ config.base[183]DOIBP_WAV=NO
+++ config.base[184]export FRAC_GRID=.true.
+++ config.base[184]FRAC_GRID=.true.
+++ config.base[185]export DO_NEST=NO
+++ config.base[185]DO_NEST=NO
+++ config.base[186][[ NO == \Y\E\S ]]
+++ config.base[192]export ntiles=6
+++ config.base[192]ntiles=6
+++ config.base[193]export FIXugwd=/work2/noaa/global/mterry/global-workflow_forked/fix/ugwd
+++ config.base[193]FIXugwd=/work2/noaa/global/mterry/global-workflow_forked/fix/ugwd
+++ config.base[194]export FIXorog=/work2/noaa/global/mterry/global-workflow_forked/fix/orog
+++ config.base[194]FIXorog=/work2/noaa/global/mterry/global-workflow_forked/fix/orog
+++ config.base[198]export OPS_RES=C768
+++ config.base[198]OPS_RES=C768
+++ config.base[201]export LEVS=128
+++ config.base[201]LEVS=128
+++ config.base[202]export CASE=C96
+++ config.base[202]CASE=C96
+++ config.base[203]export CASE_ENS=C48
+++ config.base[203]CASE_ENS=C48
+++ config.base[204]export OCNRES=500
+++ config.base[204]OCNRES=500
+++ config.base[205]export ICERES=500
+++ config.base[205]ICERES=500
+++ config.base[208]case "${CASE}" in
+++ config.base[213]export waveGRD=uglo_100km
+++ config.base[213]waveGRD=uglo_100km
+++ config.base[227]case "${APP}" in
+++ config.base[243]export DO_COUPLED=YES
+++ config.base[243]DO_COUPLED=YES
+++ config.base[244]export DO_OCN=YES
+++ config.base[244]DO_OCN=YES
+++ config.base[245]export DO_ICE=YES
+++ config.base[245]DO_ICE=YES
+++ config.base[247][[ S2S =~ A$ ]]
+++ config.base[251][[ S2S =~ ^S2SW ]]
+++ config.base[262][[ NO == \Y\E\S ]]
+++ config.base[272][[ enkfgfs =~ gdas ]]
+++ config.base[275][[ enkfgfs =~ gfs ]]
+++ config.base[276]export FHCYC=24
+++ config.base[276]FHCYC=24
+++ config.base[280]export FHMIN=0
+++ config.base[280]FHMIN=0
+++ config.base[281]export FHMAX=9
+++ config.base[281]FHMAX=9
+++ config.base[282]export FHOUT=3
+++ config.base[282]FHOUT=3
+++ config.base[283]export FHOUT_OCN=3
+++ config.base[283]FHOUT_OCN=3
+++ config.base[284]export FHOUT_ICE=3
+++ config.base[284]FHOUT_ICE=3
+++ config.base[285]export FHOUT_AERO=3
+++ config.base[285]FHOUT_AERO=3
+++ config.base[288]export EUPD_CYC=both
+++ config.base[288]EUPD_CYC=both
+++ config.base[291]export INTERVAL_GFS=6
+++ config.base[291]INTERVAL_GFS=6
+++ config.base[292]export SDATE_GFS=2021122018
+++ config.base[292]SDATE_GFS=2021122018
+++ config.base[295]export FHMIN_GFS=0
+++ config.base[295]FHMIN_GFS=0
+++ config.base[296]export FHMAX_GFS=120
+++ config.base[296]FHMAX_GFS=120
+++ config.base[298]breakpnts=
+++ config.base[299]export FCST_SEGMENTS=0,120
+++ config.base[299]FCST_SEGMENTS=0,120
+++ config.base[300]export FHOUT_GFS=3
+++ config.base[300]FHOUT_GFS=3
+++ config.base[301]export FHMAX_HF_GFS=48
+++ config.base[301]FHMAX_HF_GFS=48
+++ config.base[302]export FHMAX_HF_GFS=48
+++ config.base[302]FHMAX_HF_GFS=48
+++ config.base[303]export FHOUT_HF_GFS=1
+++ config.base[303]FHOUT_HF_GFS=1
+++ config.base[306]export FHMIN_WAV=0
+++ config.base[306]FHMIN_WAV=0
+++ config.base[307]export FHOUT_WAV=1
+++ config.base[307]FHOUT_WAV=1
+++ config.base[308]export FHMAX_WAV=9
+++ config.base[308]FHMAX_WAV=9
+++ config.base[309]export FHMAX_WAV=9
+++ config.base[309]FHMAX_WAV=9
+++ config.base[310]export FHOUT_WAV_GFS=3
+++ config.base[310]FHOUT_WAV_GFS=3
+++ config.base[311]export FHMAX_WAV_GFS=120
+++ config.base[311]FHMAX_WAV_GFS=120
+++ config.base[312]export FHOUT_HF_WAV=1
+++ config.base[312]FHOUT_HF_WAV=1
+++ config.base[313]export FHMAX_HF_WAV=48
+++ config.base[313]FHMAX_HF_WAV=48
+++ config.base[314]export FHMAX_HF_WAV=48
+++ config.base[314]FHMAX_HF_WAV=48
+++ config.base[317]export FHOUT_OCN_GFS=6
+++ config.base[317]FHOUT_OCN_GFS=6
+++ config.base[318]export FHOUT_ICE_GFS=6
+++ config.base[318]FHOUT_ICE_GFS=6
+++ config.base[321]export ILPOST=1
+++ config.base[321]ILPOST=1
+++ config.base[322]((  FHMAX_HF_GFS < 120  ))
+++ config.base[323]export ILPOST=3
+++ config.base[323]ILPOST=3
+++ config.base[327]export FHMAX_GOES=180
+++ config.base[327]FHMAX_GOES=180
+++ config.base[328]export FHOUT_GOES=3
+++ config.base[328]FHOUT_GOES=3
+++ config.base[329]((  FHMAX_GOES > FHMAX_GFS  ))
+++ config.base[330]export FHMAX_GOES=120
+++ config.base[330]FHMAX_GOES=120
+++ config.base[334]export restart_interval_gfs=12
+++ config.base[334]restart_interval_gfs=12
+++ config.base[339]export QUILTING=.true.
+++ config.base[339]QUILTING=.true.
+++ config.base[340]export OUTPUT_GRID=gaussian_grid
+++ config.base[340]OUTPUT_GRID=gaussian_grid
+++ config.base[341]export WRITE_DOPOST=.true.
+++ config.base[341]WRITE_DOPOST=.true.
+++ config.base[342]export WRITE_NSFLIP=.true.
+++ config.base[342]WRITE_NSFLIP=.true.
+++ config.base[345]export DOIAU=YES
+++ config.base[345]DOIAU=YES
+++ config.base[346]export IAUFHRS=3,6,9
+++ config.base[346]IAUFHRS=3,6,9
+++ config.base[347]export IAU_FHROT=3
+++ config.base[347]IAU_FHROT=3
+++ config.base[348]export IAU_DELTHRS=6
+++ config.base[348]IAU_DELTHRS=6
+++ config.base[349]export IAU_OFFSET=6
+++ config.base[349]IAU_OFFSET=6
+++ config.base[350]export DOIAU_ENKF=YES
+++ config.base[350]DOIAU_ENKF=YES
+++ config.base[351]export IAUFHRS_ENKF=3,6,9
+++ config.base[351]IAUFHRS_ENKF=3,6,9
+++ config.base[352]export IAU_DELTHRS_ENKF=6
+++ config.base[352]IAU_DELTHRS_ENKF=6
+++ config.base[355]export lobsdiag_forenkf=.true.
+++ config.base[355]lobsdiag_forenkf=.true.
+++ config.base[363]export imp_physics=8
+++ config.base[363]imp_physics=8
+++ config.base[367]export DO_JEDIATMVAR=NO
+++ config.base[367]DO_JEDIATMVAR=NO
+++ config.base[368]export DO_JEDIATMENS=NO
+++ config.base[368]DO_JEDIATMENS=NO
+++ config.base[369]export DO_JEDIOCNVAR=YES
+++ config.base[369]DO_JEDIOCNVAR=YES
+++ config.base[370]export DO_JEDISNOWDA=YES
+++ config.base[370]DO_JEDISNOWDA=YES
+++ config.base[371]export DO_MERGENSST=NO
+++ config.base[371]DO_MERGENSST=NO
+++ config.base[372]export DO_STARTMEM_FROM_JEDIICE=YES
+++ config.base[372]DO_STARTMEM_FROM_JEDIICE=YES
+++ config.base[375]export DOHYBVAR=YES
+++ config.base[375]DOHYBVAR=YES
+++ config.base[376]export DOHYBVAR_OCN=YES
+++ config.base[376]DOHYBVAR_OCN=YES
+++ config.base[377]export DOLETKF_OCN=NO
+++ config.base[377]DOLETKF_OCN=NO
+++ config.base[378]export NMEM_ENS=2
+++ config.base[378]NMEM_ENS=2
+++ config.base[379]export SMOOTH_ENKF=NO
+++ config.base[379]SMOOTH_ENKF=NO
+++ config.base[380]export l4densvar=.true.
+++ config.base[380]l4densvar=.true.
+++ config.base[381]export lwrite4danl=.true.
+++ config.base[381]lwrite4danl=.true.
+++ config.base[382]export DO_CALC_INCREMENT=NO
+++ config.base[382]DO_CALC_INCREMENT=NO
+++ config.base[385]export NMEM_ENS_GFS=2
+++ config.base[385]NMEM_ENS_GFS=2
+++ config.base[386]export NMEM_ENS_GFS_OFFSET=0
+++ config.base[386]NMEM_ENS_GFS_OFFSET=0
+++ config.base[387]export DO_CALC_INCREMENT_ENKF_GFS=NO
+++ config.base[387]DO_CALC_INCREMENT_ENKF_GFS=NO
+++ config.base[390][[ YES = \Y\E\S ]]
+++ config.base[391]export FHMIN_ENKF=3
+++ config.base[391]FHMIN_ENKF=3
+++ config.base[392]export FHMAX_ENKF=9
+++ config.base[392]FHMAX_ENKF=9
+++ config.base[393]export FHMAX_ENKF_GFS=12
+++ config.base[393]FHMAX_ENKF_GFS=12
+++ config.base[394]export FHOUT_ENKF_GFS=3
+++ config.base[394]FHOUT_ENKF_GFS=3
+++ config.base[395][[ .true. = \.\t\r\u\e\. ]]
+++ config.base[396]export FHOUT=1
+++ config.base[396]FHOUT=1
+++ config.base[397]export FHOUT_ENKF=1
+++ config.base[397]FHOUT_ENKF=1
+++ config.base[404][[ YES == \N\O ]]
+++ config.base[412]export ENKF_SPREAD=YES
+++ config.base[412]ENKF_SPREAD=YES
+++ config.base[415]export DO_GSISOILDA=YES
+++ config.base[415]DO_GSISOILDA=YES
+++ config.base[416]export DO_LAND_IAU=.true.
+++ config.base[416]DO_LAND_IAU=.true.
+++ config.base[417]export LSOIL_INCR=2
+++ config.base[417]LSOIL_INCR=2
+++ config.base[420][[ cycled = \c\y\c\l\e\d ]]
+++ config.base[420][[ 2021122012 = \2\0\2\1\1\2\2\1\0\0 ]]
+++ config.base[420][[ YES = \N\O ]]
+++ config.base[420][[ cycled = \f\o\r\e\c\a\s\t\-\o\n\l\y ]]
+++ config.base[427][[ YES = \N\O ]]
+++ config.base[431][[ YES == \Y\E\S ]]
+++ config.base[432]export restart_interval_enkfgdas=3
+++ config.base[432]restart_interval_enkfgdas=3
+++ config.base[437]export restart_interval_enkfgfs=3
+++ config.base[437]restart_interval_enkfgfs=3
+++ config.base[439][[ YES == \Y\E\S ]]
+++ config.base[440]export restart_interval_gdas=3
+++ config.base[440]restart_interval_gdas=3
+++ config.base[446]export DONST=YES
+++ config.base[446]DONST=YES
+++ config.base[447][[ YES = \Y\E\S ]]
+++ config.base[447]export 'FNTSFA=        '
+++ config.base[447]FNTSFA='        '
+++ config.base[450]export nst_anl=.true.
+++ config.base[450]nst_anl=.true.
+++ config.base[453]export MAKE_NSSTBUFR=NO
+++ config.base[453]MAKE_NSSTBUFR=NO
+++ config.base[456]export MAKE_ACFTBUFR=NO
+++ config.base[456]MAKE_ACFTBUFR=NO
+++ config.base[459]export 'INCREMENTS_TO_ZERO='\''liq_wat_inc'\'','\''icmr_inc'\'','\''rwmr_inc'\'','\''snmr_inc'\'','\''grle_inc'\'''
+++ config.base[459]INCREMENTS_TO_ZERO=''\''liq_wat_inc'\'','\''icmr_inc'\'','\''rwmr_inc'\'','\''snmr_inc'\'','\''grle_inc'\'''
+++ config.base[462]export 'INCVARS_ZERO_STRAT='\''sphum_inc'\'','\''liq_wat_inc'\'','\''icmr_inc'\'','\''rwmr_inc'\'','\''snmr_inc'\'','\''grle_inc'\'''
+++ config.base[462]INCVARS_ZERO_STRAT=''\''sphum_inc'\'','\''liq_wat_inc'\'','\''icmr_inc'\'','\''rwmr_inc'\'','\''snmr_inc'\'','\''grle_inc'\'''
+++ config.base[463]export INCVARS_EFOLD=5
+++ config.base[463]INCVARS_EFOLD=5
+++ config.base[468]export netcdf_diag=.true.
+++ config.base[468]netcdf_diag=.true.
+++ config.base[469]export binary_diag=.false.
+++ config.base[469]binary_diag=.false.
+++ config.base[472]export DO_CA=YES
+++ config.base[472]DO_CA=YES
+++ config.base[475]export DO_METP=YES
+++ config.base[475]DO_METP=YES
+++ config.base[476]export DO_FIT2OBS=YES
+++ config.base[476]DO_FIT2OBS=YES
+++ config.base[479]export FHMAX_FITS=132
+++ config.base[479]FHMAX_FITS=132
+++ config.base[480][[ 132 -gt 120 ]]
+++ config.base[481]export FHMAX_FITS=120
+++ config.base[481]FHMAX_FITS=120
+++ config.base[486]export DO_FETCH_HPSS=NO
+++ config.base[486]DO_FETCH_HPSS=NO
+++ config.base[487]export DO_FETCH_LOCAL=NO
+++ config.base[487]DO_FETCH_LOCAL=NO
+++ config.base[490]export DO_ARCHCOM=NO
+++ config.base[490]DO_ARCHCOM=NO
+++ config.base[491]export ARCHCOM_TO=globus_hpss
+++ config.base[491]ARCHCOM_TO=globus_hpss
+++ config.base[494]export CLIENT_GLOBUS_UUID=869912fe-f6de-46c0-af10-b22efd84a022
+++ config.base[494]CLIENT_GLOBUS_UUID=869912fe-f6de-46c0-af10-b22efd84a022
+++ config.base[497][[ NO = \Y\E\S ]]
+++ config.base[504][[ NO = \Y\E\S ]]
+++ config.base[504][[ YES = \Y\E\S ]]
+++ config.base[505]export DO_ANLSTAT=YES
+++ config.base[505]DO_ANLSTAT=YES
+++ config.base[510]export REPLAY_ICS=NO
+++ config.base[510]REPLAY_ICS=NO
+++ config.base[511]export OFFSET_START_HOUR=0
+++ config.base[511]OFFSET_START_HOUR=0
+++ config.base[514]export NUM_SND_COLLECTIVES=9
+++ config.base[514]NUM_SND_COLLECTIVES=9
+++ config.base[516]echo 'END: config.base'
END: config.base
++ jjob_header.sh[106]true
++ jjob_header.sh[107]export err=0
++ jjob_header.sh[107]err=0
++ jjob_header.sh[108][[ 0 -ne 0 ]]
++ jjob_header.sh[105]for config in "${configs[@]:-''}"
++ jjob_header.sh[106]source /work2/noaa/global/mterry/RUNTESTS/EXPDIR/C96C48mx500_S2SW_cyc_gfs/config.ecen
+++ config.ecen[6]echo 'BEGIN: config.ecen'
BEGIN: config.ecen
+++ config.ecen[9]source /work2/noaa/global/mterry/RUNTESTS/EXPDIR/C96C48mx500_S2SW_cyc_gfs/config.resources ecen
++++ config.resources[10]((  1 != 1  ))
++++ config.resources[34]step=ecen
++++ config.resources[36]echo 'BEGIN: config.resources'
BEGIN: config.resources
++++ config.resources[38]case ${machine} in
++++ config.resources[61]max_tasks_per_node=80
++++ config.resources[62]mem_node_max=500GB
++++ config.resources[96]export max_tasks_per_node
++++ config.resources[98]case ${step} in
++++ config.resources[1292]walltime=00:20:00
++++ config.resources[1293]ntasks=80
++++ config.resources[1294]threads_per_task=4
++++ config.resources[1295][[ C96 == \C\3\8\4 ]]
++++ config.resources[1295][[ C96 == \C\1\9\2 ]]
++++ config.resources[1295][[ C96 == \C\9\6 ]]
++++ config.resources[1296]threads_per_task=2
++++ config.resources[1298]tasks_per_node=40
++++ config.resources[1299]export threads_per_task_cycle=2
++++ config.resources[1299]threads_per_task_cycle=2
++++ config.resources[1300]export tasks_per_node_cycle=40
++++ config.resources[1300]tasks_per_node_cycle=40
++++ config.resources[1301]export is_exclusive=True
++++ config.resources[1301]is_exclusive=True
++++ config.resources[1398][[ -f /work2/noaa/global/mterry/RUNTESTS/EXPDIR/C96C48mx500_S2SW_cyc_gfs/config.resources.HERCULES ]]
++++ config.resources[1399]source /work2/noaa/global/mterry/RUNTESTS/EXPDIR/C96C48mx500_S2SW_cyc_gfs/config.resources.HERCULES
+++++ config.resources.HERCULES[6]case ${step} in
++++ config.resources[1403]for resource_var in threads_per_task ntasks tasks_per_node NTASKS memory walltime
++++ config.resources[1404]run_resource_var=threads_per_task_enkfgfs
++++ config.resources[1405][[ -n '' ]]
++++ config.resources[1407][[ -n 0 ]]
++++ config.resources[1408]export threads_per_task
++++ config.resources[1403]for resource_var in threads_per_task ntasks tasks_per_node NTASKS memory walltime
++++ config.resources[1404]run_resource_var=ntasks_enkfgfs
++++ config.resources[1405][[ -n '' ]]
++++ config.resources[1407][[ -n 0 ]]
++++ config.resources[1408]export ntasks
++++ config.resources[1403]for resource_var in threads_per_task ntasks tasks_per_node NTASKS memory walltime
++++ config.resources[1404]run_resource_var=tasks_per_node_enkfgfs
++++ config.resources[1405][[ -n '' ]]
++++ config.resources[1407][[ -n 0 ]]
++++ config.resources[1408]export tasks_per_node
++++ config.resources[1403]for resource_var in threads_per_task ntasks tasks_per_node NTASKS memory walltime
++++ config.resources[1404]run_resource_var=NTASKS_enkfgfs
++++ config.resources[1405][[ -n '' ]]
++++ config.resources[1407][[ -n '' ]]
++++ config.resources[1403]for resource_var in threads_per_task ntasks tasks_per_node NTASKS memory walltime
++++ config.resources[1404]run_resource_var=memory_enkfgfs
++++ config.resources[1405][[ -n '' ]]
++++ config.resources[1407][[ -n '' ]]
++++ config.resources[1403]for resource_var in threads_per_task ntasks tasks_per_node NTASKS memory walltime
++++ config.resources[1404]run_resource_var=walltime_enkfgfs
++++ config.resources[1405][[ -n '' ]]
++++ config.resources[1407][[ -n 0 ]]
++++ config.resources[1408]export walltime
++++ config.resources[1412]echo 'END: config.resources'
END: config.resources
+++ config.ecen[14]export NECENGRP=1
+++ config.ecen[14]NECENGRP=1
+++ config.ecen[15][[ YES = \Y\E\S ]]
++++ config.ecen[17]grep -o ,
++++ config.ecen[17]grep -c .
+++ config.ecen[17]ngrps=2
+++ config.ecen[18](( ngrps++ ))
+++ config.ecen[19]export NECENGRP=3
+++ config.ecen[19]NECENGRP=3
+++ config.ecen[22]echo 'END: config.ecen'
END: config.ecen
++ jjob_header.sh[106]true
++ jjob_header.sh[107]export err=0
++ jjob_header.sh[107]err=0
++ jjob_header.sh[108][[ 0 -ne 0 ]]
++ jjob_header.sh[117]source /work2/noaa/global/mterry/global-workflow_forked/env/HERCULES.env ecen
+++ HERCULES.env[3][[ 1 -ne 1 ]]
+++ HERCULES.env[10]step=ecen
+++ HERCULES.env[12]export 'launcher=srun -l --export=ALL --hint=nomultithread'
+++ HERCULES.env[12]launcher='srun -l --export=ALL --hint=nomultithread'
+++ HERCULES.env[13]export 'mpmd_opt=--multi-prog --output=mpmd.%j.%t.out'
+++ HERCULES.env[13]mpmd_opt='--multi-prog --output=mpmd.%j.%t.out'
+++ HERCULES.env[16]export MPI_BUFS_PER_PROC=2048
+++ HERCULES.env[16]MPI_BUFS_PER_PROC=2048
+++ HERCULES.env[17]export MPI_BUFS_PER_HOST=2048
+++ HERCULES.env[17]MPI_BUFS_PER_HOST=2048
+++ HERCULES.env[18]export MPI_GROUP_MAX=256
+++ HERCULES.env[18]MPI_GROUP_MAX=256
+++ HERCULES.env[19]export MPI_MEMMAP_OFF=1
+++ HERCULES.env[19]MPI_MEMMAP_OFF=1
+++ HERCULES.env[20]export MP_STDOUTMODE=ORDERED
+++ HERCULES.env[20]MP_STDOUTMODE=ORDERED
+++ HERCULES.env[21]export KMP_AFFINITY=scatter
+++ HERCULES.env[21]KMP_AFFINITY=scatter
+++ HERCULES.env[22]export OMP_STACKSIZE=2048000
+++ HERCULES.env[22]OMP_STACKSIZE=2048000
+++ HERCULES.env[23]export NTHSTACK=1024000000
+++ HERCULES.env[23]NTHSTACK=1024000000
+++ HERCULES.env[25]export I_MPI_EXTRA_FILESYSTEM=1
+++ HERCULES.env[25]I_MPI_EXTRA_FILESYSTEM=1
+++ HERCULES.env[26]export I_MPI_EXTRA_FILESYSTEM_LIST=lustre
+++ HERCULES.env[26]I_MPI_EXTRA_FILESYSTEM_LIST=lustre
+++ HERCULES.env[28]ulimit -s unlimited
+++ HERCULES.env[29]ulimit -a
real-time non-blocking time  (microseconds, -R) unlimited
core file size              (blocks, -c) 0
data seg size               (kbytes, -d) unlimited
scheduling priority                 (-e) 0
file size                   (blocks, -f) unlimited
pending signals                     (-i) 2049614
max locked memory           (kbytes, -l) unlimited
max memory size             (kbytes, -m) 520192000
open files                          (-n) 131072
pipe size                (512 bytes, -p) 8
POSIX message queues         (bytes, -q) 819200
real-time priority                  (-r) 0
stack size                  (kbytes, -s) unlimited
cpu time                   (seconds, -t) unlimited
max user processes                  (-u) 1028698
virtual memory              (kbytes, -v) unlimited
file locks                          (-x) unlimited
+++ HERCULES.env[33][[ -n 80 ]]
+++ HERCULES.env[33][[ -n 80 ]]
+++ HERCULES.env[33][[ -n 40 ]]
+++ HERCULES.env[34]max_threads_per_task=2
+++ HERCULES.env[35]NTHREADSmax=2
+++ HERCULES.env[36]NTHREADS1=2
+++ HERCULES.env[37][[ 2 -gt 2 ]]
+++ HERCULES.env[40][[ 2 -gt 2 ]]
+++ HERCULES.env[43]APRUN_default='srun -l --export=ALL --hint=nomultithread -n 80'
+++ HERCULES.env[49]case ${step} in
+++ HERCULES.env[292]export NTHREADS_ECEN=2
+++ HERCULES.env[292]NTHREADS_ECEN=2
+++ HERCULES.env[293]export 'APRUN_ECEN=srun -l --export=ALL --hint=nomultithread -n 80 --cpus-per-task=2'
+++ HERCULES.env[293]APRUN_ECEN='srun -l --export=ALL --hint=nomultithread -n 80 --cpus-per-task=2'
+++ HERCULES.env[295]export NTHREADS_CHGRES=12
+++ HERCULES.env[295]NTHREADS_CHGRES=12
+++ HERCULES.env[296][[ 12 -gt 80 ]]
+++ HERCULES.env[299]export APRUN_CHGRES=time
+++ HERCULES.env[299]APRUN_CHGRES=time
+++ HERCULES.env[301]export NTHREADS_CALCINC=1
+++ HERCULES.env[301]NTHREADS_CALCINC=1
+++ HERCULES.env[302][[ 1 -gt 2 ]]
+++ HERCULES.env[305]export 'APRUN_CALCINC=srun -l --export=ALL --hint=nomultithread -n 80 --cpus-per-task=1'
+++ HERCULES.env[305]APRUN_CALCINC='srun -l --export=ALL --hint=nomultithread -n 80 --cpus-per-task=1'
++ jjob_header.sh[117]true
++ jjob_header.sh[118]export err=0
++ jjob_header.sh[118]err=0
++ jjob_header.sh[119][[ 0 -ne 0 ]]
++ JGDAS_ENKF_ECEN[14]date --utc +%Y%m%d%H -d '20211221 00 - 6 hours'
+ JGDAS_ENKF_ECEN[14]GDATE=2021122018
+ JGDAS_ENKF_ECEN[15]export gPDY=20211220
+ JGDAS_ENKF_ECEN[15]gPDY=20211220
+ JGDAS_ENKF_ECEN[16]export gcyc=18
+ JGDAS_ENKF_ECEN[16]gcyc=18
+ JGDAS_ENKF_ECEN[17]export GDUMP=gdas
+ JGDAS_ENKF_ECEN[17]GDUMP=gdas
+ JGDAS_ENKF_ECEN[18]export GDUMP_ENS=enkfgdas
+ JGDAS_ENKF_ECEN[18]GDUMP_ENS=enkfgdas
+ JGDAS_ENKF_ECEN[20]export CASE=C48
+ JGDAS_ENKF_ECEN[20]CASE=C48
+ JGDAS_ENKF_ECEN[22]export OPREFIX=gfs.t00z.
+ JGDAS_ENKF_ECEN[22]OPREFIX=gfs.t00z.
+ JGDAS_ENKF_ECEN[23]export APREFIX=gfs.t00z.
+ JGDAS_ENKF_ECEN[23]APREFIX=gfs.t00z.
+ JGDAS_ENKF_ECEN[24]export APREFIX_ENS=enkfgfs.t00z.
+ JGDAS_ENKF_ECEN[24]APREFIX_ENS=enkfgfs.t00z.
+ JGDAS_ENKF_ECEN[25]export GPREFIX=gdas.t18z.
+ JGDAS_ENKF_ECEN[25]GPREFIX=gdas.t18z.
+ JGDAS_ENKF_ECEN[26]export GPREFIX_ENS=enkfgdas.t18z.
+ JGDAS_ENKF_ECEN[26]GPREFIX_ENS=enkfgdas.t18z.
+ JGDAS_ENKF_ECEN[28]RUN=gfs
+ JGDAS_ENKF_ECEN[28]YMD=20211221
+ JGDAS_ENKF_ECEN[28]HH=00
+ JGDAS_ENKF_ECEN[28]declare_from_tmpl -rx COMIN_ATMOS_ANALYSIS_DET:COM_ATMOS_ANALYSIS_TMPL
+ bash_utils.sh[39][[ NO == \N\O ]]
+ bash_utils.sh[39]set +x
declare_from_tmpl :: COMIN_ATMOS_ANALYSIS_DET=/work2/noaa/global/mterry/RUNTESTS/COMROOT/C96C48mx500_S2SW_cyc_gfs/gfs.20211221/00//analysis/atmos
+ JGDAS_ENKF_ECEN[31]MEMDIR=ensstat
+ JGDAS_ENKF_ECEN[31]YMD=20211221
+ JGDAS_ENKF_ECEN[31]HH=00
+ JGDAS_ENKF_ECEN[31]declare_from_tmpl -rx COMOUT_ATMOS_ANALYSIS_STAT:COM_ATMOS_ANALYSIS_TMPL
+ bash_utils.sh[39][[ NO == \N\O ]]
+ bash_utils.sh[39]set +x
declare_from_tmpl :: COMOUT_ATMOS_ANALYSIS_STAT=/work2/noaa/global/mterry/RUNTESTS/COMROOT/C96C48mx500_S2SW_cyc_gfs/enkfgfs.20211221/00/ensstat/analysis/atmos
+ JGDAS_ENKF_ECEN[34]MEMDIR=ensstat
+ JGDAS_ENKF_ECEN[34]RUN=gdas
+ JGDAS_ENKF_ECEN[34]YMD=20211220
+ JGDAS_ENKF_ECEN[34]HH=18
+ JGDAS_ENKF_ECEN[34]declare_from_tmpl -rx COMIN_ATMOS_HISTORY_STAT_PREV:COM_ATMOS_HISTORY_TMPL
+ bash_utils.sh[39][[ NO == \N\O ]]
+ bash_utils.sh[39]set +x
declare_from_tmpl :: COMIN_ATMOS_HISTORY_STAT_PREV=/work2/noaa/global/mterry/RUNTESTS/COMROOT/C96C48mx500_S2SW_cyc_gfs/gdas.20211220/18/ensstat/model/atmos/history
+ JGDAS_ENKF_ECEN[41]/work2/noaa/global/mterry/global-workflow_forked/scripts/exgdas_enkf_ecen.sh
+ bash[8]'[' -z '' ']'
+ bash[9]case "$-" in
+ bash[12]__lmod_vx=x
+ bash[16]'[' -n x ']'
+ bash[16]set +x
Shell debugging temporarily silenced: export LMOD_SH_DBG_ON=1 for this output (/apps/other/lmod/lmod/init/bash)
Shell debugging restarted
+ bash[224]unset __lmod_vx
++ exgdas_enkf_ecen.sh[21]pwd
+ exgdas_enkf_ecen.sh[21]pwd=/work2/noaa/stmp/mterry/HERCULES/RUNDIRS/C96C48mx500_S2SW_cyc_gfs/enkfgfs.2021122100/ecen.298988
+ exgdas_enkf_ecen.sh[24]ntiles=6
+ exgdas_enkf_ecen.sh[27]NCLEN=/work2/noaa/global/mterry/global-workflow_forked/ush/getncdimlen
+ exgdas_enkf_ecen.sh[32]GETATMENSMEANEXEC=/work2/noaa/global/mterry/global-workflow_forked/exec/getsigensmeanp_smooth.x
+ exgdas_enkf_ecen.sh[33]GETSFCENSMEANEXEC=/work2/noaa/global/mterry/global-workflow_forked/exec/getsfcensmeanp.x
+ exgdas_enkf_ecen.sh[34]RECENATMEXEC=/work2/noaa/global/mterry/global-workflow_forked/exec/recentersigp.x
+ exgdas_enkf_ecen.sh[35]CALCINCNEMSEXEC=/work2/noaa/global/mterry/global-workflow_forked/exec/calc_increment_ens.x
+ exgdas_enkf_ecen.sh[36]CALCINCNCEXEC=/work2/noaa/global/mterry/global-workflow_forked/exec/calc_increment_ens_ncio.x
+ exgdas_enkf_ecen.sh[39]OPREFIX=gfs.t00z.
+ exgdas_enkf_ecen.sh[40]OSUFFIX=
+ exgdas_enkf_ecen.sh[41]APREFIX=gfs.t00z.
+ exgdas_enkf_ecen.sh[42]APREFIX_ENS=enkfgfs.t00z.
+ exgdas_enkf_ecen.sh[43]GPREFIX=gdas.t18z.
+ exgdas_enkf_ecen.sh[44]GPREFIX_ENS=enkfgdas.t18z.
+ exgdas_enkf_ecen.sh[47]imp_physics=8
+ exgdas_enkf_ecen.sh[48]INCREMENTS_TO_ZERO=''\''liq_wat_inc'\'','\''icmr_inc'\'','\''rwmr_inc'\'','\''snmr_inc'\'','\''grle_inc'\'''
+ exgdas_enkf_ecen.sh[49]DOIAU=YES
+ exgdas_enkf_ecen.sh[50]FHMIN=009
+ exgdas_enkf_ecen.sh[51]FHMAX=009
+ exgdas_enkf_ecen.sh[52]FHOUT=009
+ exgdas_enkf_ecen.sh[53]FHSFC=009
+ exgdas_enkf_ecen.sh[54]NMEM_ENS_MAX=2
+ exgdas_enkf_ecen.sh[55][[ enkfgfs = \e\n\k\f\g\f\s ]]
+ exgdas_enkf_ecen.sh[56]DO_CALC_INCREMENT=NO
+ exgdas_enkf_ecen.sh[57]NMEM_ENS=2
+ exgdas_enkf_ecen.sh[58]ec_offset=0
+ exgdas_enkf_ecen.sh[59]mem_offset=0
+ exgdas_enkf_ecen.sh[67]CHGRESNEMS=/work2/noaa/global/mterry/global-workflow_forked/exec/enkf_chgres_recenter.x
+ exgdas_enkf_ecen.sh[68]CHGRESNC=/work2/noaa/global/mterry/global-workflow_forked/exec/enkf_chgres_recenter_nc.x
+ exgdas_enkf_ecen.sh[69]NTHREADS_CHGRES=12
+ exgdas_enkf_ecen.sh[70]APRUN_CHGRES=time
+ exgdas_enkf_ecen.sh[73]CYCLESH=/work2/noaa/global/mterry/global-workflow_forked/ush/global_cycle.sh
+ exgdas_enkf_ecen.sh[74]export CYCLEXEC=/work2/noaa/global/mterry/global-workflow_forked/exec/global_cycle
+ exgdas_enkf_ecen.sh[74]CYCLEXEC=/work2/noaa/global/mterry/global-workflow_forked/exec/global_cycle
+ exgdas_enkf_ecen.sh[75]APRUN_CYCLE=
+ exgdas_enkf_ecen.sh[76]NTHREADS_CYCLE=1
+ exgdas_enkf_ecen.sh[77]export CYCLVARS=FSNOL=-2.,FSNOS=99999.,
+ exgdas_enkf_ecen.sh[77]CYCLVARS=FSNOL=-2.,FSNOS=99999.,
+ exgdas_enkf_ecen.sh[78]export FHOUR=0
+ exgdas_enkf_ecen.sh[78]FHOUR=0
+ exgdas_enkf_ecen.sh[79]export DELTSFC=6
+ exgdas_enkf_ecen.sh[79]DELTSFC=6
+ exgdas_enkf_ecen.sh[82]RECENTER_ENKF=YES
+ exgdas_enkf_ecen.sh[83]SMOOTH_ENKF=NO
+ exgdas_enkf_ecen.sh[85]APRUN_ECEN='srun -l --export=ALL --hint=nomultithread -n 80 --cpus-per-task=2'
+ exgdas_enkf_ecen.sh[86]NTHREADS_ECEN=2
+ exgdas_enkf_ecen.sh[87]APRUN_CALCINC='srun -l --export=ALL --hint=nomultithread -n 80 --cpus-per-task=1'
+ exgdas_enkf_ecen.sh[88]NTHREADS_CALCINC=1
+ exgdas_enkf_ecen.sh[93]ENKF_SUFFIX=s
+ exgdas_enkf_ecen.sh[94][[ NO == \N\O ]]
+ exgdas_enkf_ecen.sh[95]ENKF_SUFFIX=
++ exgdas_enkf_ecen.sh[100]seq 009 009 009
+ exgdas_enkf_ecen.sh[100]for FHR in $(seq ${FHMIN} ${FHOUT} ${FHMAX})
++ exgdas_enkf_ecen.sh[102]seq 1 2
+ exgdas_enkf_ecen.sh[102]for imem in $(seq 1 ${NMEM_ENS})
+ exgdas_enkf_ecen.sh[103]smem=1
+ exgdas_enkf_ecen.sh[104]((  smem > NMEM_ENS_MAX  ))
++ exgdas_enkf_ecen.sh[107]printf %03i 1
+ exgdas_enkf_ecen.sh[107]gmemchar=mem001
++ exgdas_enkf_ecen.sh[108]printf %03i 1
+ exgdas_enkf_ecen.sh[108]memchar=mem001
+ exgdas_enkf_ecen.sh[110]MEMDIR=mem001
+ exgdas_enkf_ecen.sh[110]YMD=20211221
+ exgdas_enkf_ecen.sh[110]HH=00
+ exgdas_enkf_ecen.sh[110]declare_from_tmpl -x COMOUT_ATMOS_ANALYSIS_MEM:COM_ATMOS_ANALYSIS_TMPL
+ environment[0][[ NO == \N\O ]]
+ environment[1]set +x
declare_from_tmpl :: COMOUT_ATMOS_ANALYSIS_MEM=/work2/noaa/global/mterry/RUNTESTS/COMROOT/C96C48mx500_S2SW_cyc_gfs/enkfgfs.20211221/00/mem001/analysis/atmos
+ exgdas_enkf_ecen.sh[113]MEMDIR=mem001
+ exgdas_enkf_ecen.sh[113]RUN=enkfgdas
+ exgdas_enkf_ecen.sh[113]YMD=20211220
+ exgdas_enkf_ecen.sh[113]HH=18
+ exgdas_enkf_ecen.sh[113]declare_from_tmpl -x COMIN_ATMOS_HISTORY_MEM_PREV:COM_ATMOS_HISTORY_TMPL
+ environment[0][[ NO == \N\O ]]
+ environment[1]set +x
declare_from_tmpl :: COMIN_ATMOS_HISTORY_MEM_PREV=/work2/noaa/global/mterry/RUNTESTS/COMROOT/C96C48mx500_S2SW_cyc_gfs/enkfgdas.20211220/18/mem001/model/atmos/history
+ exgdas_enkf_ecen.sh[116]/bin/ln -sf /work2/noaa/global/mterry/RUNTESTS/COMROOT/C96C48mx500_S2SW_cyc_gfs/enkfgdas.20211220/18/mem001/model/atmos/history/enkfgdas.t18z.atmf009.nc ./atmges_mem001
+ exgdas_enkf_ecen.sh[117][[ NO = \Y\E\S ]]
+ exgdas_enkf_ecen.sh[124]mkdir -p /work2/noaa/global/mterry/RUNTESTS/COMROOT/C96C48mx500_S2SW_cyc_gfs/enkfgfs.20211221/00/mem001/analysis/atmos
+ exgdas_enkf_ecen.sh[125][[ 9 -eq 6 ]]
+ exgdas_enkf_ecen.sh[128]/bin/ln -sf /work2/noaa/global/mterry/RUNTESTS/COMROOT/C96C48mx500_S2SW_cyc_gfs/enkfgfs.20211221/00/mem001/analysis/atmos/enkfgfs.t00z.atmi009.nc ./atminc_mem001
+ exgdas_enkf_ecen.sh[130][[ YES = \Y\E\S ]]
+ exgdas_enkf_ecen.sh[131][[ NO = \Y\E\S ]]
+ exgdas_enkf_ecen.sh[138][[ 9 -eq 6 ]]
+ exgdas_enkf_ecen.sh[141]/bin/ln -sf /work2/noaa/global/mterry/RUNTESTS/COMROOT/C96C48mx500_S2SW_cyc_gfs/enkfgfs.20211221/00/mem001/analysis/atmos/enkfgfs.t00z.ratmi009.nc ./ratminc_mem001
+ exgdas_enkf_ecen.sh[102]for imem in $(seq 1 ${NMEM_ENS})
+ exgdas_enkf_ecen.sh[103]smem=2
+ exgdas_enkf_ecen.sh[104]((  smem > NMEM_ENS_MAX  ))
++ exgdas_enkf_ecen.sh[107]printf %03i 2
+ exgdas_enkf_ecen.sh[107]gmemchar=mem002
++ exgdas_enkf_ecen.sh[108]printf %03i 2
+ exgdas_enkf_ecen.sh[108]memchar=mem002
+ exgdas_enkf_ecen.sh[110]MEMDIR=mem002
+ exgdas_enkf_ecen.sh[110]YMD=20211221
+ exgdas_enkf_ecen.sh[110]HH=00
+ exgdas_enkf_ecen.sh[110]declare_from_tmpl -x COMOUT_ATMOS_ANALYSIS_MEM:COM_ATMOS_ANALYSIS_TMPL
+ environment[0][[ NO == \N\O ]]
+ environment[1]set +x
declare_from_tmpl :: COMOUT_ATMOS_ANALYSIS_MEM=/work2/noaa/global/mterry/RUNTESTS/COMROOT/C96C48mx500_S2SW_cyc_gfs/enkfgfs.20211221/00/mem002/analysis/atmos
+ exgdas_enkf_ecen.sh[113]MEMDIR=mem002
+ exgdas_enkf_ecen.sh[113]RUN=enkfgdas
+ exgdas_enkf_ecen.sh[113]YMD=20211220
+ exgdas_enkf_ecen.sh[113]HH=18
+ exgdas_enkf_ecen.sh[113]declare_from_tmpl -x COMIN_ATMOS_HISTORY_MEM_PREV:COM_ATMOS_HISTORY_TMPL
+ environment[0][[ NO == \N\O ]]
+ environment[1]set +x
declare_from_tmpl :: COMIN_ATMOS_HISTORY_MEM_PREV=/work2/noaa/global/mterry/RUNTESTS/COMROOT/C96C48mx500_S2SW_cyc_gfs/enkfgdas.20211220/18/mem002/model/atmos/history
+ exgdas_enkf_ecen.sh[116]/bin/ln -sf /work2/noaa/global/mterry/RUNTESTS/COMROOT/C96C48mx500_S2SW_cyc_gfs/enkfgdas.20211220/18/mem002/model/atmos/history/enkfgdas.t18z.atmf009.nc ./atmges_mem002
+ exgdas_enkf_ecen.sh[117][[ NO = \Y\E\S ]]
+ exgdas_enkf_ecen.sh[124]mkdir -p /work2/noaa/global/mterry/RUNTESTS/COMROOT/C96C48mx500_S2SW_cyc_gfs/enkfgfs.20211221/00/mem002/analysis/atmos
+ exgdas_enkf_ecen.sh[125][[ 9 -eq 6 ]]
+ exgdas_enkf_ecen.sh[128]/bin/ln -sf /work2/noaa/global/mterry/RUNTESTS/COMROOT/C96C48mx500_S2SW_cyc_gfs/enkfgfs.20211221/00/mem002/analysis/atmos/enkfgfs.t00z.atmi009.nc ./atminc_mem002
+ exgdas_enkf_ecen.sh[130][[ YES = \Y\E\S ]]
+ exgdas_enkf_ecen.sh[131][[ NO = \Y\E\S ]]
+ exgdas_enkf_ecen.sh[138][[ 9 -eq 6 ]]
+ exgdas_enkf_ecen.sh[141]/bin/ln -sf /work2/noaa/global/mterry/RUNTESTS/COMROOT/C96C48mx500_S2SW_cyc_gfs/enkfgfs.20211221/00/mem002/analysis/atmos/enkfgfs.t00z.ratmi009.nc ./ratminc_mem002
+ exgdas_enkf_ecen.sh[147][[ NO = \Y\E\S ]]
+ exgdas_enkf_ecen.sh[172][[ 9 -eq 6 ]]
+ exgdas_enkf_ecen.sh[175]/bin/ln -sf /work2/noaa/global/mterry/RUNTESTS/COMROOT/C96C48mx500_S2SW_cyc_gfs/enkfgfs.20211221/00/ensstat/analysis/atmos/enkfgfs.t00z.atmi009.ensmean.nc ./atminc_ensmean
+ exgdas_enkf_ecen.sh[179]DATAPATH=./
+ exgdas_enkf_ecen.sh[180]ATMINCNAME=atminc
+ exgdas_enkf_ecen.sh[181]ATMINCMEANNAME=atminc_ensmean
+ exgdas_enkf_ecen.sh[183]export OMP_NUM_THREADS=2
+ exgdas_enkf_ecen.sh[183]OMP_NUM_THREADS=2
+ exgdas_enkf_ecen.sh[184]export pgm=/work2/noaa/global/mterry/global-workflow_forked/exec/getsigensmeanp_smooth.x
+ exgdas_enkf_ecen.sh[184]pgm=/work2/noaa/global/mterry/global-workflow_forked/exec/getsigensmeanp_smooth.x
+ exgdas_enkf_ecen.sh[185]source prep_step
++ prep_step[3]'[' -n /work2/noaa/global/mterry/global-workflow_forked/exec/getsigensmeanp_smooth.x ']'
++ prep_step[3]'[' -n OUTPUT.299447 ']'
++ prep_step[4]echo /work2/noaa/global/mterry/global-workflow_forked/exec/getsigensmeanp_smooth.x
++ prep_step[7]'[' -f errfile ']'
++ prep_step[11]export FORT01=0
++ prep_step[11]FORT01=0
+++ prep_step[12]env
+++ prep_step[12]awk -F= '{print $1}'
+++ prep_step[12]grep '^FORT[0-9]\{1,\}='
++ prep_step[12]unset FORT01
+ exgdas_enkf_ecen.sh[187]cpreq /work2/noaa/global/mterry/global-workflow_forked/exec/getsigensmeanp_smooth.x /work2/noaa/stmp/mterry/HERCULES/RUNDIRS/C96C48mx500_S2SW_cyc_gfs/enkfgfs.2021122100/ecen.298988
+ cpreq[3]cp /work2/noaa/global/mterry/global-workflow_forked/exec/getsigensmeanp_smooth.x /work2/noaa/stmp/mterry/HERCULES/RUNDIRS/C96C48mx500_S2SW_cyc_gfs/enkfgfs.2021122100/ecen.298988
+ cpreq[4]'[' 0 -ne 0 ']'
++ exgdas_enkf_ecen.sh[188]basename /work2/noaa/global/mterry/global-workflow_forked/exec/getsigensmeanp_smooth.x
+ exgdas_enkf_ecen.sh[188]srun -l --export=ALL --hint=nomultithread -n 80 --cpus-per-task=2 /work2/noaa/stmp/mterry/HERCULES/RUNDIRS/C96C48mx500_S2SW_cyc_gfs/enkfgfs.2021122100/ecen.298988/getsigensmeanp_smooth.x ./ atminc_ensmean atminc 2
 0: MPI startup(): I_MPI_EXTRA_FILESYSTEM_LIST environment variable is not supported.
 0: MPI startup(): Similar variables:
 0: 	 I_MPI_EXTRA_FILESYSTEM
 0: 	 I_MPI_EXTRA_FILESYSTEM_FORCE
 0: 	 I_MPI_EXTRA_FILESYSTEM_NFS_DIRECT
 0: MPI startup(): To check the list of supported variables, use the impi_info utility or refer to https://software.intel.com/en-us/mpi-library/documentation/get-started.
 0: 
 0: 
 0: * . * . * . * . * . * . * . * . * . * . * . * . * . * . * . * . * . * . * . * . 
 0:      PROGRAM GETSIGENSMEAN_SMOOTH HAS BEGUN. COMPILED 2011319.55     ORG: NP25
 0:      STARTING DATE-TIME  JUL 29,2025  02:15:19.290  210  TUE   2460886
 0: 
 0: 
 0: Command line input for   4 arguments
 0:  datapath    = ./
 0:  filenameout = ./atminc_ensmean
 0:  fileprefix  = atminc
 0:  nanals      = 2
 0:  
36: No files to process for mpi task =    36
33: No files to process for mpi task =    33
39: No files to process for mpi task =    39
38: No files to process for mpi task =    38
20: No files to process for mpi task =    20
35: No files to process for mpi task =    35
32: No files to process for mpi task =    32
 8: No files to process for mpi task =     8
30: No files to process for mpi task =    30
27: No files to process for mpi task =    27
 4: No files to process for mpi task =     4
29: No files to process for mpi task =    29
40: No files to process for mpi task =    40
 2: No files to process for mpi task =     2
51: No files to process for mpi task =    51
26: No files to process for mpi task =    26
58: No files to process for mpi task =    58
15: No files to process for mpi task =    15
 7: No files to process for mpi task =     7
79: No files to process for mpi task =    79
 6: No files to process for mpi task =     6
75: No files to process for mpi task =    75
14: No files to process for mpi task =    14
18: No files to process for mpi task =    18
23: No files to process for mpi task =    23
12: No files to process for mpi task =    12
73: No files to process for mpi task =    73
11: No files to process for mpi task =    11
25: No files to process for mpi task =    25
57: No files to process for mpi task =    57
17: No files to process for mpi task =    17
74: No files to process for mpi task =    74
34: No files to process for mpi task =    34
46: No files to process for mpi task =    46
10: No files to process for mpi task =    10
68: No files to process for mpi task =    68
49: No files to process for mpi task =    49
60: No files to process for mpi task =    60
31: No files to process for mpi task =    31
22: No files to process for mpi task =    22
 5: No files to process for mpi task =     5
71: No files to process for mpi task =    71
16: No files to process for mpi task =    16
62: No files to process for mpi task =    62
72: No files to process for mpi task =    72
37: No files to process for mpi task =    37
45: No files to process for mpi task =    45
 3: No files to process for mpi task =     3
55: No files to process for mpi task =    55
 9: No files to process for mpi task =     9
63: No files to process for mpi task =    63
13: No files to process for mpi task =    13
69: No files to process for mpi task =    69
19: No files to process for mpi task =    19
70: No files to process for mpi task =    70
21: No files to process for mpi task =    21
41: No files to process for mpi task =    41
24: No files to process for mpi task =    24
28: No files to process for mpi task =    28
42: No files to process for mpi task =    42
43: No files to process for mpi task =    43
64: No files to process for mpi task =    64
50: No files to process for mpi task =    50
59: No files to process for mpi task =    59
77: No files to process for mpi task =    77
53: No files to process for mpi task =    53
54: No files to process for mpi task =    54
61: No files to process for mpi task =    61
44: No files to process for mpi task =    44
47: No files to process for mpi task =    47
48: No files to process for mpi task =    48
52: No files to process for mpi task =    52
67: No files to process for mpi task =    67
56: No files to process for mpi task =    56
65: No files to process for mpi task =    65
66: No files to process for mpi task =    66
76: No files to process for mpi task =    76
78: No files to process for mpi task =    78
 0:  Read netCDF increment
 0:  
 0: Read header information from ./atminc_mem001
 0:  ntrunc  =        94
 0:  ntrac   =      9999
 0:  nlevs   =       127
 0:  lonb    =       192
 0:  latb    =        96
 0:  
 0: ***WARNING***  hybens_smoothinfo not found - no smoothing
 0: dosmooth = F
 0:  processing u_inc
 0:  processing v_inc
 0:  processing delp_inc
 0:  processing delz_inc
 0:  processing T_inc
 0:  processing sphum_inc
 0:  processing liq_wat_inc
 0:  processing o3mr_inc
 0:  processing icmr_inc
 0:  processing rwmr_inc
 0:  processing snmr_inc
 0:  processing grle_inc
 0:  time to write ens mean on root  0.496277341153473     
 0: Write increment ensemble mean ./atminc_ensmean iret =     0
 0: 
 0: 
 0:      ENDING DATE-TIME    JUL 29,2025  02:15:19.867  210  TUE   2460886
 0:      PROGRAM GETSIGENSMEAN_SMOOTH HAS ENDED.
 0: * . * . * . * . * . * . * . * . * . * . * . * . * . * . * . * . * . * . * . * . 
 0: *****************RESOURCE STATISTICS*******************************
 0: The total amount of wall time                        = 0.578107
 0: The total amount of time in user mode                = 0.675897
 0: The total amount of time in sys mode                 = 0.690995
 0: The maximum resident set size (KB)                   = 189632
 0: Number of page faults without I/O activity           = 11140
 0: Number of page faults with I/O activity              = 756
 0: Number of times filesystem performed INPUT           = 222816
 0: Number of times filesystem performed OUTPUT          = 424136
 0: Number of Voluntary Context Switches                 = 4105
 0: Number of InVoluntary Context Switches               = 41
 0: *****************END OF RESOURCE STATISTICS*************************
 0: 
+ exgdas_enkf_ecen.sh[189]export err=0
+ exgdas_enkf_ecen.sh[189]err=0
+ exgdas_enkf_ecen.sh[190][[ 0 -ne 0 ]]
+ exgdas_enkf_ecen.sh[195][[ -s /work2/noaa/global/mterry/RUNTESTS/COMROOT/C96C48mx500_S2SW_cyc_gfs/gdas.20211220/18/ensstat/model/atmos/history/enkfgdas.t18z.atmf009.ensmean.nc ]]
+ exgdas_enkf_ecen.sh[198]DATAPATH=./
+ exgdas_enkf_ecen.sh[199]ATMGESNAME=atmges
+ exgdas_enkf_ecen.sh[200]ATMGESMEANNAME=atmges_ensmean
+ exgdas_enkf_ecen.sh[202]export OMP_NUM_THREADS=2
+ exgdas_enkf_ecen.sh[202]OMP_NUM_THREADS=2
+ exgdas_enkf_ecen.sh[203]export pgm=/work2/noaa/global/mterry/global-workflow_forked/exec/getsigensmeanp_smooth.x
+ exgdas_enkf_ecen.sh[203]pgm=/work2/noaa/global/mterry/global-workflow_forked/exec/getsigensmeanp_smooth.x
+ exgdas_enkf_ecen.sh[204]source prep_step
++ prep_step[3]'[' -n /work2/noaa/global/mterry/global-workflow_forked/exec/getsigensmeanp_smooth.x ']'
++ prep_step[3]'[' -n OUTPUT.299447 ']'
++ prep_step[4]echo /work2/noaa/global/mterry/global-workflow_forked/exec/getsigensmeanp_smooth.x
++ prep_step[7]'[' -f errfile ']'
++ prep_step[11]export FORT01=0
++ prep_step[11]FORT01=0
+++ prep_step[12]env
+++ prep_step[12]awk -F= '{print $1}'
+++ prep_step[12]grep '^FORT[0-9]\{1,\}='
++ prep_step[12]unset FORT01
+ exgdas_enkf_ecen.sh[206]cpreq /work2/noaa/global/mterry/global-workflow_forked/exec/getsigensmeanp_smooth.x /work2/noaa/stmp/mterry/HERCULES/RUNDIRS/C96C48mx500_S2SW_cyc_gfs/enkfgfs.2021122100/ecen.298988
+ cpreq[3]cp /work2/noaa/global/mterry/global-workflow_forked/exec/getsigensmeanp_smooth.x /work2/noaa/stmp/mterry/HERCULES/RUNDIRS/C96C48mx500_S2SW_cyc_gfs/enkfgfs.2021122100/ecen.298988
+ cpreq[4]'[' 0 -ne 0 ']'
++ exgdas_enkf_ecen.sh[207]basename /work2/noaa/global/mterry/global-workflow_forked/exec/getsigensmeanp_smooth.x
+ exgdas_enkf_ecen.sh[207]srun -l --export=ALL --hint=nomultithread -n 80 --cpus-per-task=2 /work2/noaa/stmp/mterry/HERCULES/RUNDIRS/C96C48mx500_S2SW_cyc_gfs/enkfgfs.2021122100/ecen.298988/getsigensmeanp_smooth.x ./ atmges_ensmean atmges 2
 0: MPI startup(): I_MPI_EXTRA_FILESYSTEM_LIST environment variable is not supported.
 0: MPI startup(): Similar variables:
 0: 	 I_MPI_EXTRA_FILESYSTEM
 0: 	 I_MPI_EXTRA_FILESYSTEM_FORCE
 0: 	 I_MPI_EXTRA_FILESYSTEM_NFS_DIRECT
 0: MPI startup(): To check the list of supported variables, use the impi_info utility or refer to https://software.intel.com/en-us/mpi-library/documentation/get-started.
 0: 
 0: 
 0: * . * . * . * . * . * . * . * . * . * . * . * . * . * . * . * . * . * . * . * . 
 0:      PROGRAM GETSIGENSMEAN_SMOOTH HAS BEGUN. COMPILED 2011319.55     ORG: NP25
 0:      STARTING DATE-TIME  JUL 29,2025  02:15:25.223  210  TUE   2460886
 0: 
 0: 
 0: Command line input for   4 arguments
 0:  datapath    = ./
 0:  filenameout = ./atmges_ensmean
 0:  fileprefix  = atmges
 0:  nanals      = 2
 0:  
32: No files to process for mpi task =    32
 6: No files to process for mpi task =     6
 2: No files to process for mpi task =     2
 8: No files to process for mpi task =     8
36: No files to process for mpi task =    36
 7: No files to process for mpi task =     7
44: No files to process for mpi task =    44
74: No files to process for mpi task =    74
48: No files to process for mpi task =    48
38: No files to process for mpi task =    38
78: No files to process for mpi task =    78
64: No files to process for mpi task =    64
37: No files to process for mpi task =    37
76: No files to process for mpi task =    76
15: No files to process for mpi task =    15
72: No files to process for mpi task =    72
23: No files to process for mpi task =    23
29: No files to process for mpi task =    29
34: No files to process for mpi task =    34
 9: No files to process for mpi task =     9
11: No files to process for mpi task =    11
45: No files to process for mpi task =    45
35: No files to process for mpi task =    35
19: No files to process for mpi task =    19
21: No files to process for mpi task =    21
46: No files to process for mpi task =    46
20: No files to process for mpi task =    20
60: No files to process for mpi task =    60
66: No files to process for mpi task =    66
24: No files to process for mpi task =    24
33: No files to process for mpi task =    33
22: No files to process for mpi task =    22
67: No files to process for mpi task =    67
71: No files to process for mpi task =    71
59: No files to process for mpi task =    59
61: No files to process for mpi task =    61
 5: No files to process for mpi task =     5
62: No files to process for mpi task =    62
14: No files to process for mpi task =    14
40: No files to process for mpi task =    40
16: No files to process for mpi task =    16
79: No files to process for mpi task =    79
13: No files to process for mpi task =    13
77: No files to process for mpi task =    77
17: No files to process for mpi task =    17
51: No files to process for mpi task =    51
70: No files to process for mpi task =    70
18: No files to process for mpi task =    18
47: No files to process for mpi task =    47
 4: No files to process for mpi task =     4
25: No files to process for mpi task =    25
28: No files to process for mpi task =    28
31: No files to process for mpi task =    31
58: No files to process for mpi task =    58
 3: No files to process for mpi task =     3
42: No files to process for mpi task =    42
10: No files to process for mpi task =    10
75: No files to process for mpi task =    75
12: No files to process for mpi task =    12
56: No files to process for mpi task =    56
26: No files to process for mpi task =    26
68: No files to process for mpi task =    68
27: No files to process for mpi task =    27
49: No files to process for mpi task =    49
30: No files to process for mpi task =    30
50: No files to process for mpi task =    50
54: No files to process for mpi task =    54
39: No files to process for mpi task =    39
55: No files to process for mpi task =    55
57: No files to process for mpi task =    57
65: No files to process for mpi task =    65
69: No files to process for mpi task =    69
41: No files to process for mpi task =    41
43: No files to process for mpi task =    43
52: No files to process for mpi task =    52
53: No files to process for mpi task =    53
63: No files to process for mpi task =    63
73: No files to process for mpi task =    73
 0:  Read netcdf
 0:  
 0: Read header information from ./atmges_mem001
 0:  ntrunc  =        94
 0:  ntrac   =        11
 0:  nlevs   =       127
 0:  lonb    =       192
 0:  latb    =        96
 0:  
 0: ***WARNING***  hybens_smoothinfo not found - no smoothing
 0: dosmooth = F
 0:  processing clwmr
 0:  processing delz
 0:  processing dpres
 0:  processing dzdt
 0:  processing grle
 0:  processing icmr
 0:  processing nccice
 0:  processing nconrd
 0:  processing o3mr
 0:  processing omga
 0:  processing pressfc
 0:  processing rwmr
 0:  processing snmr
 0:  processing spfh
 0:  processing tmp
 0:  processing ugrd
 0:  processing vgrd
 0:  time to write ens mean on root  0.856099570170045     
 0: Write ncio ensemble mean ./atmges_ensmean iret =     0
 0: 
 0: 
 0:      ENDING DATE-TIME    JUL 29,2025  02:15:26.146  210  TUE   2460886
 0:      PROGRAM GETSIGENSMEAN_SMOOTH HAS ENDED.
 0: * . * . * . * . * . * . * . * . * . * . * . * . * . * . * . * . * . * . * . * . 
 0: *****************RESOURCE STATISTICS*******************************
 0: The total amount of wall time                        = 0.923868
 0: The total amount of time in user mode                = 1.059357
 0: The total amount of time in sys mode                 = 0.635313
 0: The maximum resident set size (KB)                   = 181496
 0: Number of page faults without I/O activity           = 11844
 0: Number of page faults with I/O activity              = 580
 0: Number of times filesystem performed INPUT           = 293872
 0: Number of times filesystem performed OUTPUT          = 577792
 0: Number of Voluntary Context Switches                 = 1949
 0: Number of InVoluntary Context Switches               = 86
 0: *****************END OF RESOURCE STATISTICS*************************
 0: 
+ exgdas_enkf_ecen.sh[208]export err=0
+ exgdas_enkf_ecen.sh[208]err=0
+ exgdas_enkf_ecen.sh[209][[ 0 -ne 0 ]]
+ exgdas_enkf_ecen.sh[215][[ NO = \Y\E\S ]]
++ exgdas_enkf_ecen.sh[220]/work2/noaa/global/mterry/global-workflow_forked/ush/getncdimlen atminc_ensmean lon
+ exgdas_enkf_ecen.sh[220]LONB_ENKF=192
++ exgdas_enkf_ecen.sh[221]/work2/noaa/global/mterry/global-workflow_forked/ush/getncdimlen atminc_ensmean lat
+ exgdas_enkf_ecen.sh[221]LATB_ENKF=96
++ exgdas_enkf_ecen.sh[222]/work2/noaa/global/mterry/global-workflow_forked/ush/getncdimlen atminc_ensmean lev
+ exgdas_enkf_ecen.sh[222]LEVS_ENKF=127
+ exgdas_enkf_ecen.sh[224]JCAP_ENKF=-9999
+ exgdas_enkf_ecen.sh[225][[ -9999 -eq -9999 ]]
+ exgdas_enkf_ecen.sh[225][[ 96 -ne -9999 ]]
+ exgdas_enkf_ecen.sh[226]JCAP_ENKF=94
+ exgdas_enkf_ecen.sh[228][[ 192 -eq -9999 ]]
+ exgdas_enkf_ecen.sh[228][[ 96 -eq -9999 ]]
+ exgdas_enkf_ecen.sh[228][[ 127 -eq -9999 ]]
+ exgdas_enkf_ecen.sh[228][[ 94 -eq -9999 ]]
+ exgdas_enkf_ecen.sh[235][[ YES = \Y\E\S ]]
+ exgdas_enkf_ecen.sh[238][[ 9 -eq 6 ]]
+ exgdas_enkf_ecen.sh[242]ATMANL_GSI=/work2/noaa/global/mterry/RUNTESTS/COMROOT/C96C48mx500_S2SW_cyc_gfs/gfs.20211221/00//analysis/atmos/gfs.t00z.atma009.nc
+ exgdas_enkf_ecen.sh[243]ATMANL_GSI_ENSRES=/work2/noaa/global/mterry/RUNTESTS/COMROOT/C96C48mx500_S2SW_cyc_gfs/gfs.20211221/00//analysis/atmos/gfs.t00z.atma009.ensres.nc
+ exgdas_enkf_ecen.sh[247][[ -f /work2/noaa/global/mterry/RUNTESTS/COMROOT/C96C48mx500_S2SW_cyc_gfs/gfs.20211221/00//analysis/atmos/gfs.t00z.atma009.ensres.nc ]]
+ exgdas_enkf_ecen.sh[249]/bin/ln -sf /work2/noaa/global/mterry/RUNTESTS/COMROOT/C96C48mx500_S2SW_cyc_gfs/gfs.20211221/00//analysis/atmos/gfs.t00z.atma009.ensres.nc atmanl_gsi_ensres
+ exgdas_enkf_ecen.sh[281][[ NO = \Y\E\S ]]
+ exgdas_enkf_ecen.sh[304]FILENAMEIN=atminc
+ exgdas_enkf_ecen.sh[305]FILENAME_INCMEANIN=atminc_ensmean
+ exgdas_enkf_ecen.sh[306]FILENAME_GESMEANIN=atmges_ensmean
+ exgdas_enkf_ecen.sh[307]FILENAME_GSIDET=atmanl_gsi_ensres
+ exgdas_enkf_ecen.sh[308]FILENAMEOUT=ratminc
+ exgdas_enkf_ecen.sh[310]export OMP_NUM_THREADS=2
+ exgdas_enkf_ecen.sh[310]OMP_NUM_THREADS=2
+ exgdas_enkf_ecen.sh[314]rm -f recenter.nml
+ exgdas_enkf_ecen.sh[315]cat
+ exgdas_enkf_ecen.sh[320]cat recenter.nml
&recenter
  incvars_to_zero = 'liq_wat_inc','icmr_inc','rwmr_inc','snmr_inc','grle_inc'
/
+ exgdas_enkf_ecen.sh[322]export pgm=/work2/noaa/global/mterry/global-workflow_forked/exec/recentersigp.x
+ exgdas_enkf_ecen.sh[322]pgm=/work2/noaa/global/mterry/global-workflow_forked/exec/recentersigp.x
+ exgdas_enkf_ecen.sh[323]source prep_step
++ prep_step[3]'[' -n /work2/noaa/global/mterry/global-workflow_forked/exec/recentersigp.x ']'
++ prep_step[3]'[' -n OUTPUT.299447 ']'
++ prep_step[4]echo /work2/noaa/global/mterry/global-workflow_forked/exec/recentersigp.x
++ prep_step[7]'[' -f errfile ']'
++ prep_step[11]export FORT01=0
++ prep_step[11]FORT01=0
+++ prep_step[12]env
+++ prep_step[12]awk -F= '{print $1}'
+++ prep_step[12]grep '^FORT[0-9]\{1,\}='
++ prep_step[12]unset FORT01
+ exgdas_enkf_ecen.sh[325]cpreq /work2/noaa/global/mterry/global-workflow_forked/exec/recentersigp.x /work2/noaa/stmp/mterry/HERCULES/RUNDIRS/C96C48mx500_S2SW_cyc_gfs/enkfgfs.2021122100/ecen.298988
+ cpreq[3]cp /work2/noaa/global/mterry/global-workflow_forked/exec/recentersigp.x /work2/noaa/stmp/mterry/HERCULES/RUNDIRS/C96C48mx500_S2SW_cyc_gfs/enkfgfs.2021122100/ecen.298988
+ cpreq[4]'[' 0 -ne 0 ']'
++ exgdas_enkf_ecen.sh[326]basename /work2/noaa/global/mterry/global-workflow_forked/exec/recentersigp.x
+ exgdas_enkf_ecen.sh[326]srun -l --export=ALL --hint=nomultithread -n 80 --cpus-per-task=2 /work2/noaa/stmp/mterry/HERCULES/RUNDIRS/C96C48mx500_S2SW_cyc_gfs/enkfgfs.2021122100/ecen.298988/recentersigp.x atminc atminc_ensmean atmanl_gsi_ensres ratminc 2 atmges_ensmean
 0: MPI startup(): I_MPI_EXTRA_FILESYSTEM_LIST environment variable is not supported.
33:  no files to process for mpi task =           33
 0: MPI startup(): Similar variables:
 0: 	 I_MPI_EXTRA_FILESYSTEM
 0: 	 I_MPI_EXTRA_FILESYSTEM_FORCE
 0: 	 I_MPI_EXTRA_FILESYSTEM_NFS_DIRECT
 0: MPI startup(): To check the list of supported variables, use the impi_info utility or refer to https://software.intel.com/en-us/mpi-library/documentation/get-started.
14:  no files to process for mpi task =           14
30:  no files to process for mpi task =           30
 7:  no files to process for mpi task =            7
27:  no files to process for mpi task =           27
 3:  no files to process for mpi task =            3
26:  no files to process for mpi task =           26
28:  no files to process for mpi task =           28
 9:  no files to process for mpi task =            9
23:  no files to process for mpi task =           23
 6:  no files to process for mpi task =            6
 4:  no files to process for mpi task =            4
38:  no files to process for mpi task =           38
11:  no files to process for mpi task =           11
21:  no files to process for mpi task =           21
25:  no files to process for mpi task =           25
13:  no files to process for mpi task =           13
32:  no files to process for mpi task =           32
18:  no files to process for mpi task =           18
17:  no files to process for mpi task =           17
29:  no files to process for mpi task =           29
15:  no files to process for mpi task =           15
22:  no files to process for mpi task =           22
31:  no files to process for mpi task =           31
35:  no files to process for mpi task =           35
 8:  no files to process for mpi task =            8
10:  no files to process for mpi task =           10
24:  no files to process for mpi task =           24
 5:  no files to process for mpi task =            5
16:  no files to process for mpi task =           16
37:  no files to process for mpi task =           37
12:  no files to process for mpi task =           12
36:  no files to process for mpi task =           36
 0: 
 0: 
 0: * . * . * . * . * . * . * . * . * . * . * . * . * . * . * . * . * . * . * . * . 
 2:  no files to process for mpi task =            2
34:  no files to process for mpi task =           34
19:  no files to process for mpi task =           19
20:  no files to process for mpi task =           20
39:  no files to process for mpi task =           39
 0:      PROGRAM RECENTERSIGP HAS BEGUN. COMPILED 2011319.55     ORG: NP25
 0:      STARTING DATE-TIME  JUL 29,2025  02:15:33.467  210  TUE   2460886
 0: 
 0: 
 0:  RECENTERSIGP:  PROCESS            2  ENSEMBLE MEMBERS
 0:  filenamein=atminc
 0:  filename_meani=atminc_ensmean
 0:  filename_meano=atmanl_gsi_ensres
 0:  filenameout=ratminc
 0:  processing files with nemsio= F  sigio= F  ncio= F  increment= T
 0:  Read netcdf increment
60:  no files to process for mpi task =           60
75:  no files to process for mpi task =           75
47:  no files to process for mpi task =           47
54:  no files to process for mpi task =           54
65:  no files to process for mpi task =           65
79:  no files to process for mpi task =           79
45:  no files to process for mpi task =           45
71:  no files to process for mpi task =           71
69:  no files to process for mpi task =           69
55:  no files to process for mpi task =           55
62:  no files to process for mpi task =           62
40:  no files to process for mpi task =           40
73:  no files to process for mpi task =           73
59:  no files to process for mpi task =           59
72:  no files to process for mpi task =           72
77:  no files to process for mpi task =           77
51:  no files to process for mpi task =           51
64:  no files to process for mpi task =           64
66:  no files to process for mpi task =           66
57:  no files to process for mpi task =           57
52:  no files to process for mpi task =           52
53:  no files to process for mpi task =           53
76:  no files to process for mpi task =           76
46:  no files to process for mpi task =           46
70:  no files to process for mpi task =           70
42:  no files to process for mpi task =           42
61:  no files to process for mpi task =           61
43:  no files to process for mpi task =           43
50:  no files to process for mpi task =           50
41:  no files to process for mpi task =           41
58:  no files to process for mpi task =           58
74:  no files to process for mpi task =           74
48:  no files to process for mpi task =           48
67:  no files to process for mpi task =           67
68:  no files to process for mpi task =           68
44:  no files to process for mpi task =           44
49:  no files to process for mpi task =           49
56:  no files to process for mpi task =           56
63:  no files to process for mpi task =           63
78:  no files to process for mpi task =           78
 0: 
 0: 
 0:      ENDING DATE-TIME    JUL 29,2025  02:15:33.987  210  TUE   2460886
 0:      PROGRAM RECENTERSIGP HAS ENDED.
 0: * . * . * . * . * . * . * . * . * . * . * . * . * . * . * . * . * . * . * . * . 
 0: *****************RESOURCE STATISTICS*******************************
 0: The total amount of wall time                        = 0.521001
 0: The total amount of time in user mode                = 0.639245
 0: The total amount of time in sys mode                 = 0.657401
 0: The maximum resident set size (KB)                   = 195992
 0: Number of page faults without I/O activity           = 15937
 0: Number of page faults with I/O activity              = 353
 0: Number of times filesystem performed INPUT           = 74360
 0: Number of times filesystem performed OUTPUT          = 424136
 0: Number of Voluntary Context Switches                 = 2782
 0: Number of InVoluntary Context Switches               = 70
 0: *****************END OF RESOURCE STATISTICS*************************
 0: 
+ exgdas_enkf_ecen.sh[327]export err=0
+ exgdas_enkf_ecen.sh[327]err=0
+ exgdas_enkf_ecen.sh[328][[ 0 -ne 0 ]]
+ exgdas_enkf_ecen.sh[336][[ NO = \Y\E\S ]]
+ exgdas_enkf_ecen.sh[380]cd /work2/noaa/stmp/mterry/HERCULES/RUNDIRS/C96C48mx500_S2SW_cyc_gfs/enkfgfs.2021122100/ecen.298988
+ exgdas_enkf_ecen.sh[382]exit 0
+ JGDAS_ENKF_ECEN[41]true
+ JGDAS_ENKF_ECEN[42]export err=0
+ JGDAS_ENKF_ECEN[42]err=0
+ JGDAS_ENKF_ECEN[43][[ 0 -ne 0 ]]
+ JGDAS_ENKF_ECEN[54][[ -e OUTPUT.299447 ]]
+ JGDAS_ENKF_ECEN[55]cat OUTPUT.299447
/work2/noaa/global/mterry/global-workflow_forked/exec/getsigensmeanp_smooth.x
/work2/noaa/global/mterry/global-workflow_forked/exec/getsigensmeanp_smooth.x
/work2/noaa/global/mterry/global-workflow_forked/exec/recentersigp.x
+ JGDAS_ENKF_ECEN[61]cd /work2/noaa/stmp/mterry/HERCULES/RUNDIRS/C96C48mx500_S2SW_cyc_gfs/enkfgfs.2021122100
+ JGDAS_ENKF_ECEN[62][[ NO == \N\O ]]
+ JGDAS_ENKF_ECEN[63]rm -rf /work2/noaa/stmp/mterry/HERCULES/RUNDIRS/C96C48mx500_S2SW_cyc_gfs/enkfgfs.2021122100/ecen.298988
+ JGDAS_ENKF_ECEN[67]exit 0
+ JGDAS_ENKF_ECEN[1]postamble /work2/noaa/global/mterry/global-workflow_forked/jobs/JGDAS_ENKF_ECEN 1753773299 0
+ preamble.sh[62]set +x
End /work2/noaa/global/mterry/global-workflow_forked/jobs/JGDAS_ENKF_ECEN at 07:15:35 with error code 0 (time elapsed: 00:00:36)
+ status=0
+ [[ 0 -ne 0 ]]
+ exit 0
