2025-07-28 17:55:59 -0500 :: hercules-login-1.hpc.msstate.edu :: Submitting gfs_prep
2025-07-28 17:55:59 -0500 :: hercules-login-1.hpc.msstate.edu :: Submitting gdas_prep
2025-07-28 17:55:59 -0500 :: hercules-login-1.hpc.msstate.edu :: Submission of gfs_prep succeeded, jobid=5950888
2025-07-28 17:55:59 -0500 :: hercules-login-1.hpc.msstate.edu :: Submission status of gdas_prep is pending at druby://130.18.14.151:32961
2025-07-28 18:02:02 -0500 :: hercules-login-1.hpc.msstate.edu :: Submission status of previously pending gdas_prep is success, jobid=5950889
2025-07-28 18:02:02 -0500 :: hercules-login-1.hpc.msstate.edu :: Task gfs_prep, jobid=5950888, in state QUEUED (PENDING)
2025-07-28 18:02:02 -0500 :: hercules-login-1.hpc.msstate.edu :: Task gdas_prep, jobid=5950889, in state QUEUED (PENDING)
2025-07-28 18:08:04 -0500 :: hercules-login-1.hpc.msstate.edu :: Task gfs_prep, jobid=5950888, in state QUEUED (PENDING)
2025-07-28 18:08:04 -0500 :: hercules-login-1.hpc.msstate.edu :: Task gdas_prep, jobid=5950889, in state QUEUED (PENDING)
2025-07-28 18:14:07 -0500 :: hercules-login-1.hpc.msstate.edu :: Task gfs_prep, jobid=5950888, in state QUEUED (PENDING)
2025-07-28 18:14:07 -0500 :: hercules-login-1.hpc.msstate.edu :: Task gdas_prep, jobid=5950889, in state QUEUED (PENDING)
2025-07-28 18:20:10 -0500 :: hercules-login-1.hpc.msstate.edu :: Task gfs_prep, jobid=5950888, in state QUEUED (PENDING)
2025-07-28 18:20:10 -0500 :: hercules-login-1.hpc.msstate.edu :: Task gdas_prep, jobid=5950889, in state QUEUED (PENDING)
2025-07-28 18:26:12 -0500 :: hercules-login-1.hpc.msstate.edu :: Task gfs_prep, jobid=5950888, in state QUEUED (PENDING)
2025-07-28 18:26:12 -0500 :: hercules-login-1.hpc.msstate.edu :: Task gdas_prep, jobid=5950889, in state QUEUED (PENDING)
2025-07-28 18:32:15 -0500 :: hercules-login-1.hpc.msstate.edu :: Task gfs_prep, jobid=5950888, in state QUEUED (PENDING)
2025-07-28 18:32:15 -0500 :: hercules-login-1.hpc.msstate.edu :: Task gdas_prep, jobid=5950889, in state QUEUED (PENDING)
2025-07-28 18:38:18 -0500 :: hercules-login-1.hpc.msstate.edu :: Task gfs_prep, jobid=5950888, in state QUEUED (PENDING)
2025-07-28 18:38:18 -0500 :: hercules-login-1.hpc.msstate.edu :: Task gdas_prep, jobid=5950889, in state QUEUED (PENDING)
2025-07-28 18:44:20 -0500 :: hercules-login-1.hpc.msstate.edu :: Task gfs_prep, jobid=5950888, in state QUEUED (PENDING)
2025-07-28 18:44:20 -0500 :: hercules-login-1.hpc.msstate.edu :: Task gdas_prep, jobid=5950889, in state QUEUED (PENDING)
2025-07-28 18:50:23 -0500 :: hercules-login-1.hpc.msstate.edu :: Task gfs_prep, jobid=5950888, in state QUEUED (PENDING)
2025-07-28 18:50:23 -0500 :: hercules-login-1.hpc.msstate.edu :: Task gdas_prep, jobid=5950889, in state QUEUED (PENDING)
2025-07-28 18:56:26 -0500 :: hercules-login-1.hpc.msstate.edu :: Task gfs_prep, jobid=5950888, in state QUEUED (PENDING)
2025-07-28 18:56:26 -0500 :: hercules-login-1.hpc.msstate.edu :: Task gdas_prep, jobid=5950889, in state QUEUED (PENDING)
2025-07-28 19:02:28 -0500 :: hercules-login-1.hpc.msstate.edu :: Task gfs_prep, jobid=5950888, in state QUEUED (PENDING)
2025-07-28 19:02:28 -0500 :: hercules-login-1.hpc.msstate.edu :: Task gdas_prep, jobid=5950889, in state QUEUED (PENDING)
2025-07-28 19:08:31 -0500 :: hercules-login-1.hpc.msstate.edu :: Task gfs_prep, jobid=5950888, in state QUEUED (PENDING)
2025-07-28 19:08:31 -0500 :: hercules-login-1.hpc.msstate.edu :: Task gdas_prep, jobid=5950889, in state QUEUED (PENDING)
2025-07-28 19:14:34 -0500 :: hercules-login-1.hpc.msstate.edu :: Task gfs_prep, jobid=5950888, in state QUEUED (PENDING)
2025-07-28 19:14:34 -0500 :: hercules-login-1.hpc.msstate.edu :: Task gdas_prep, jobid=5950889, in state QUEUED (PENDING)
2025-07-28 19:20:36 -0500 :: hercules-login-1.hpc.msstate.edu :: Task gfs_prep, jobid=5950888, in state QUEUED (PENDING)
2025-07-28 19:20:36 -0500 :: hercules-login-1.hpc.msstate.edu :: Task gdas_prep, jobid=5950889, in state QUEUED (PENDING)
2025-07-28 19:26:39 -0500 :: hercules-login-1.hpc.msstate.edu :: Task gfs_prep, jobid=5950888, in state QUEUED (PENDING)
2025-07-28 19:26:39 -0500 :: hercules-login-1.hpc.msstate.edu :: Task gdas_prep, jobid=5950889, in state QUEUED (PENDING)
2025-07-28 19:32:46 -0500 :: hercules-login-1.hpc.msstate.edu :: Task gfs_prep, jobid=5950888, in state QUEUED (PENDING)
2025-07-28 19:32:46 -0500 :: hercules-login-1.hpc.msstate.edu :: Task gdas_prep, jobid=5950889, in state QUEUED (PENDING)
2025-07-28 19:38:49 -0500 :: hercules-login-1.hpc.msstate.edu :: Task gfs_prep, jobid=5950888, in state QUEUED (PENDING)
2025-07-28 19:38:49 -0500 :: hercules-login-1.hpc.msstate.edu :: Task gdas_prep, jobid=5950889, in state QUEUED (PENDING)
2025-07-28 19:44:52 -0500 :: hercules-login-1.hpc.msstate.edu :: Task gfs_prep, jobid=5950888, in state QUEUED (PENDING)
2025-07-28 19:44:52 -0500 :: hercules-login-1.hpc.msstate.edu :: Task gdas_prep, jobid=5950889, in state QUEUED (PENDING)
2025-07-28 19:50:55 -0500 :: hercules-login-1.hpc.msstate.edu :: Task gfs_prep, jobid=5950888, in state QUEUED (PENDING)
2025-07-28 19:50:55 -0500 :: hercules-login-1.hpc.msstate.edu :: Task gdas_prep, jobid=5950889, in state QUEUED (PENDING)
2025-07-28 19:56:57 -0500 :: hercules-login-1.hpc.msstate.edu :: Task gfs_prep, jobid=5950888, in state QUEUED (PENDING)
2025-07-28 19:56:57 -0500 :: hercules-login-1.hpc.msstate.edu :: Task gdas_prep, jobid=5950889, in state QUEUED (PENDING)
2025-07-28 20:03:00 -0500 :: hercules-login-1.hpc.msstate.edu :: Task gfs_prep, jobid=5950888, in state QUEUED (PENDING)
2025-07-28 20:03:00 -0500 :: hercules-login-1.hpc.msstate.edu :: Task gdas_prep, jobid=5950889, in state QUEUED (PENDING)
2025-07-28 20:09:03 -0500 :: hercules-login-1.hpc.msstate.edu :: Task gfs_prep, jobid=5950888, in state QUEUED (PENDING)
2025-07-28 20:09:03 -0500 :: hercules-login-1.hpc.msstate.edu :: Task gdas_prep, jobid=5950889, in state QUEUED (PENDING)
2025-07-28 20:15:05 -0500 :: hercules-login-1.hpc.msstate.edu :: Task gfs_prep, jobid=5950888, in state QUEUED (PENDING)
2025-07-28 20:15:05 -0500 :: hercules-login-1.hpc.msstate.edu :: Task gdas_prep, jobid=5950889, in state QUEUED (PENDING)
2025-07-28 20:21:08 -0500 :: hercules-login-1.hpc.msstate.edu :: Task gfs_prep, jobid=5950888, in state QUEUED (PENDING)
2025-07-28 20:21:08 -0500 :: hercules-login-1.hpc.msstate.edu :: Task gdas_prep, jobid=5950889, in state QUEUED (PENDING)
2025-07-28 20:27:11 -0500 :: hercules-login-1.hpc.msstate.edu :: Task gfs_prep, jobid=5950888, in state QUEUED (PENDING)
2025-07-28 20:27:11 -0500 :: hercules-login-1.hpc.msstate.edu :: Task gdas_prep, jobid=5950889, in state QUEUED (PENDING)
2025-07-28 20:33:13 -0500 :: hercules-login-1.hpc.msstate.edu :: Task gfs_prep, jobid=5950888, in state QUEUED (PENDING)
2025-07-28 20:33:13 -0500 :: hercules-login-1.hpc.msstate.edu :: Task gdas_prep, jobid=5950889, in state QUEUED (PENDING)
2025-07-28 20:39:21 -0500 :: hercules-login-1.hpc.msstate.edu :: Task gfs_prep, jobid=5950888, in state QUEUED (PENDING)
2025-07-28 20:39:21 -0500 :: hercules-login-1.hpc.msstate.edu :: Task gdas_prep, jobid=5950889, in state QUEUED (PENDING)
2025-07-28 20:45:23 -0500 :: hercules-login-1.hpc.msstate.edu :: Task gfs_prep, jobid=5950888, in state QUEUED (PENDING)
2025-07-28 20:45:23 -0500 :: hercules-login-1.hpc.msstate.edu :: Task gdas_prep, jobid=5950889, in state QUEUED (PENDING)
2025-07-28 20:51:26 -0500 :: hercules-login-1.hpc.msstate.edu :: Task gfs_prep, jobid=5950888, in state QUEUED (PENDING)
2025-07-28 20:51:26 -0500 :: hercules-login-1.hpc.msstate.edu :: Task gdas_prep, jobid=5950889, in state QUEUED (PENDING)
2025-07-28 20:57:29 -0500 :: hercules-login-1.hpc.msstate.edu :: Task gfs_prep, jobid=5950888, in state QUEUED (PENDING)
2025-07-28 20:57:29 -0500 :: hercules-login-1.hpc.msstate.edu :: Task gdas_prep, jobid=5950889, in state QUEUED (PENDING)
2025-07-28 21:03:31 -0500 :: hercules-login-1.hpc.msstate.edu :: Task gfs_prep, jobid=5950888, in state QUEUED (PENDING)
2025-07-28 21:03:31 -0500 :: hercules-login-1.hpc.msstate.edu :: Task gdas_prep, jobid=5950889, in state QUEUED (PENDING)
2025-07-28 21:09:34 -0500 :: hercules-login-1.hpc.msstate.edu :: Task gfs_prep, jobid=5950888, in state QUEUED (PENDING)
2025-07-28 21:09:34 -0500 :: hercules-login-1.hpc.msstate.edu :: Task gdas_prep, jobid=5950889, in state QUEUED (PENDING)
2025-07-28 21:15:37 -0500 :: hercules-login-1.hpc.msstate.edu :: Task gfs_prep, jobid=5950888, in state QUEUED (PENDING)
2025-07-28 21:15:37 -0500 :: hercules-login-1.hpc.msstate.edu :: Task gdas_prep, jobid=5950889, in state QUEUED (PENDING)
2025-07-28 21:21:39 -0500 :: hercules-login-1.hpc.msstate.edu :: Task gfs_prep, jobid=5950888, in state RUNNING (RUNNING)
2025-07-28 21:21:39 -0500 :: hercules-login-1.hpc.msstate.edu :: Task gdas_prep, jobid=5950889, in state SUCCEEDED (COMPLETED), ran for 139.0 seconds, exit status=0, try=1 (of 2)
2025-07-28 21:21:39 -0500 :: hercules-login-1.hpc.msstate.edu :: Submitting gdas_anal
2025-07-28 21:21:39 -0500 :: hercules-login-1.hpc.msstate.edu :: Submitting enkfgdas_eobs
2025-07-28 21:21:39 -0500 :: hercules-login-1.hpc.msstate.edu :: Submission status of gdas_anal is pending at druby://130.18.14.151:37669
2025-07-28 21:21:39 -0500 :: hercules-login-1.hpc.msstate.edu :: Submission status of enkfgdas_eobs is pending at druby://130.18.14.151:37669
2025-07-28 21:27:42 -0500 :: hercules-login-1.hpc.msstate.edu :: Submission status of previously pending gdas_anal is success, jobid=5951610
2025-07-28 21:27:42 -0500 :: hercules-login-1.hpc.msstate.edu :: Submission status of previously pending enkfgdas_eobs is success, jobid=5951611
2025-07-28 21:27:42 -0500 :: hercules-login-1.hpc.msstate.edu :: Task gfs_prep, jobid=5950888, in state SUCCEEDED (COMPLETED), ran for 227.0 seconds, exit status=0, try=1 (of 2)
2025-07-28 21:27:42 -0500 :: hercules-login-1.hpc.msstate.edu :: Task gdas_anal, jobid=5951610, in state QUEUED (PENDING)
2025-07-28 21:27:42 -0500 :: hercules-login-1.hpc.msstate.edu :: Task enkfgdas_eobs, jobid=5951611, in state RUNNING (RUNNING)
2025-07-28 21:27:42 -0500 :: hercules-login-1.hpc.msstate.edu :: Submitting gfs_anal
2025-07-28 21:27:42 -0500 :: hercules-login-1.hpc.msstate.edu :: Submission status of gfs_anal is pending at druby://130.18.14.151:42331
2025-07-28 21:33:44 -0500 :: hercules-login-1.hpc.msstate.edu :: Submission status of previously pending gfs_anal is success, jobid=5951667
2025-07-28 21:33:45 -0500 :: hercules-login-1.hpc.msstate.edu :: Task gfs_anal, jobid=5951667, in state QUEUED (PENDING)
2025-07-28 21:33:45 -0500 :: hercules-login-1.hpc.msstate.edu :: Task gdas_anal, jobid=5951610, in state QUEUED (PENDING)
2025-07-28 21:33:45 -0500 :: hercules-login-1.hpc.msstate.edu :: Task enkfgdas_eobs, jobid=5951611, in state SUCCEEDED (COMPLETED), ran for 412.0 seconds, exit status=0, try=1 (of 2)
2025-07-28 21:33:45 -0500 :: hercules-login-1.hpc.msstate.edu :: Submitting enkfgdas_ediag
2025-07-28 21:33:45 -0500 :: hercules-login-1.hpc.msstate.edu :: Submission status of enkfgdas_ediag is pending at druby://130.18.14.151:37809
2025-07-28 21:39:47 -0500 :: hercules-login-1.hpc.msstate.edu :: Submission status of previously pending enkfgdas_ediag is success, jobid=5951714
2025-07-28 21:39:47 -0500 :: hercules-login-1.hpc.msstate.edu :: Task gfs_anal, jobid=5951667, in state QUEUED (PENDING)
2025-07-28 21:39:47 -0500 :: hercules-login-1.hpc.msstate.edu :: Task gdas_anal, jobid=5951610, in state RUNNING (RUNNING)
2025-07-28 21:39:47 -0500 :: hercules-login-1.hpc.msstate.edu :: Task enkfgdas_ediag, jobid=5951714, in state QUEUED (PENDING)
2025-07-28 21:45:50 -0500 :: hercules-login-1.hpc.msstate.edu :: Task gfs_anal, jobid=5951667, in state QUEUED (PENDING)
2025-07-28 21:45:50 -0500 :: hercules-login-1.hpc.msstate.edu :: Task gdas_anal, jobid=5951610, in state RUNNING (RUNNING)
2025-07-28 21:45:50 -0500 :: hercules-login-1.hpc.msstate.edu :: Task enkfgdas_ediag, jobid=5951714, in state QUEUED (PENDING)
2025-07-28 21:51:52 -0500 :: hercules-login-1.hpc.msstate.edu :: Task gfs_anal, jobid=5951667, in state RUNNING (RUNNING)
2025-07-28 21:51:52 -0500 :: hercules-login-1.hpc.msstate.edu :: Task gdas_anal, jobid=5951610, in state SUCCEEDED (COMPLETED), ran for 712.0 seconds, exit status=0, try=1 (of 2)
2025-07-28 21:51:52 -0500 :: hercules-login-1.hpc.msstate.edu :: Task enkfgdas_ediag, jobid=5951714, in state SUCCEEDED (COMPLETED), ran for 143.0 seconds, exit status=0, try=1 (of 2)
2025-07-28 21:51:52 -0500 :: hercules-login-1.hpc.msstate.edu :: Submitting gdas_analdiag
2025-07-28 21:51:52 -0500 :: hercules-login-1.hpc.msstate.edu :: Submitting gdas_vminmon
2025-07-28 21:51:52 -0500 :: hercules-login-1.hpc.msstate.edu :: Submitting enkfgdas_eupd
2025-07-28 21:51:52 -0500 :: hercules-login-1.hpc.msstate.edu :: Submission of gdas_analdiag succeeded, jobid=5951878
2025-07-28 21:51:52 -0500 :: hercules-login-1.hpc.msstate.edu :: Submission of gdas_vminmon succeeded, jobid=5951879
2025-07-28 21:51:52 -0500 :: hercules-login-1.hpc.msstate.edu :: Submission of enkfgdas_eupd succeeded, jobid=5951880
2025-07-28 21:57:55 -0500 :: hercules-login-1.hpc.msstate.edu :: Task gfs_anal, jobid=5951667, in state SUCCEEDED (COMPLETED), ran for 380.0 seconds, exit status=0, try=1 (of 2)
2025-07-28 21:57:55 -0500 :: hercules-login-1.hpc.msstate.edu :: Task gdas_analdiag, jobid=5951878, in state QUEUED (PENDING)
2025-07-28 21:57:55 -0500 :: hercules-login-1.hpc.msstate.edu :: Task gdas_vminmon, jobid=5951879, in state SUCCEEDED (COMPLETED), ran for 16.0 seconds, exit status=0, try=1 (of 2)
2025-07-28 21:57:55 -0500 :: hercules-login-1.hpc.msstate.edu :: Task enkfgdas_eupd, jobid=5951880, in state QUEUED (PENDING)
2025-07-28 21:57:55 -0500 :: hercules-login-1.hpc.msstate.edu :: Submitting gfs_sfcanl
2025-07-28 21:57:55 -0500 :: hercules-login-1.hpc.msstate.edu :: Submitting gfs_vminmon
2025-07-28 21:57:55 -0500 :: hercules-login-1.hpc.msstate.edu :: Submission of gfs_sfcanl succeeded, jobid=5951901
2025-07-28 21:57:55 -0500 :: hercules-login-1.hpc.msstate.edu :: Submission status of gfs_vminmon is pending at druby://130.18.14.151:40229
2025-07-28 22:03:58 -0500 :: hercules-login-1.hpc.msstate.edu :: Submission status of previously pending gfs_vminmon is success, jobid=5951902
2025-07-28 22:03:58 -0500 :: hercules-login-1.hpc.msstate.edu :: Task gfs_sfcanl, jobid=5951901, in state QUEUED (PENDING)
2025-07-28 22:03:58 -0500 :: hercules-login-1.hpc.msstate.edu :: Task gfs_vminmon, jobid=5951902, in state SUCCEEDED (COMPLETED), ran for 16.0 seconds, exit status=0, try=1 (of 2)
2025-07-28 22:03:58 -0500 :: hercules-login-1.hpc.msstate.edu :: Task gdas_analdiag, jobid=5951878, in state QUEUED (PENDING)
2025-07-28 22:03:58 -0500 :: hercules-login-1.hpc.msstate.edu :: Task enkfgdas_eupd, jobid=5951880, in state QUEUED (PENDING)
2025-07-28 22:10:00 -0500 :: hercules-login-1.hpc.msstate.edu :: Task gfs_sfcanl, jobid=5951901, in state QUEUED (PENDING)
2025-07-28 22:10:00 -0500 :: hercules-login-1.hpc.msstate.edu :: Task gdas_analdiag, jobid=5951878, in state RUNNING (RUNNING)
2025-07-28 22:10:00 -0500 :: hercules-login-1.hpc.msstate.edu :: Task enkfgdas_eupd, jobid=5951880, in state QUEUED (PENDING)
2025-07-28 22:16:03 -0500 :: hercules-login-1.hpc.msstate.edu :: Task gfs_sfcanl, jobid=5951901, in state QUEUED (PENDING)
2025-07-28 22:16:03 -0500 :: hercules-login-1.hpc.msstate.edu :: Task gdas_analdiag, jobid=5951878, in state SUCCEEDED (COMPLETED), ran for 125.0 seconds, exit status=0, try=1 (of 2)
2025-07-28 22:16:03 -0500 :: hercules-login-1.hpc.msstate.edu :: Task enkfgdas_eupd, jobid=5951880, in state QUEUED (PENDING)
2025-07-28 22:16:03 -0500 :: hercules-login-1.hpc.msstate.edu :: Submitting gdas_verfozn
2025-07-28 22:16:03 -0500 :: hercules-login-1.hpc.msstate.edu :: Submitting gdas_verfrad
2025-07-28 22:16:03 -0500 :: hercules-login-1.hpc.msstate.edu :: Submission status of gdas_verfozn is pending at druby://130.18.14.151:41833
2025-07-28 22:16:03 -0500 :: hercules-login-1.hpc.msstate.edu :: Submission status of gdas_verfrad is pending at druby://130.18.14.151:41833
2025-07-28 22:22:11 -0500 :: hercules-login-1.hpc.msstate.edu :: Submission status of previously pending gdas_verfozn is success, jobid=5951983
2025-07-28 22:22:11 -0500 :: hercules-login-1.hpc.msstate.edu :: Submission status of previously pending gdas_verfrad is success, jobid=5951984
2025-07-28 22:22:11 -0500 :: hercules-login-1.hpc.msstate.edu :: Task gfs_sfcanl, jobid=5951901, in state QUEUED (PENDING)
2025-07-28 22:22:11 -0500 :: hercules-login-1.hpc.msstate.edu :: Task gdas_verfozn, jobid=5951983, in state SUCCEEDED (COMPLETED), ran for 71.0 seconds, exit status=0, try=1 (of 2)
2025-07-28 22:22:11 -0500 :: hercules-login-1.hpc.msstate.edu :: Task gdas_verfrad, jobid=5951984, in state RUNNING (RUNNING)
2025-07-28 22:22:11 -0500 :: hercules-login-1.hpc.msstate.edu :: Task enkfgdas_eupd, jobid=5951880, in state SUCCEEDED (COMPLETED), ran for 148.0 seconds, exit status=0, try=1 (of 2)
2025-07-28 22:22:11 -0500 :: hercules-login-1.hpc.msstate.edu :: Submitting gdas_sfcanl
2025-07-28 22:22:11 -0500 :: hercules-login-1.hpc.msstate.edu :: Submission status of gdas_sfcanl is pending at druby://130.18.14.151:38217
2025-07-28 22:28:14 -0500 :: hercules-login-1.hpc.msstate.edu :: Submission status of previously pending gdas_sfcanl is success, jobid=5952005
2025-07-28 22:28:14 -0500 :: hercules-login-1.hpc.msstate.edu :: Task gfs_sfcanl, jobid=5951901, in state QUEUED (PENDING)
2025-07-28 22:28:14 -0500 :: hercules-login-1.hpc.msstate.edu :: Task gdas_sfcanl, jobid=5952005, in state QUEUED (PENDING)
2025-07-28 22:28:14 -0500 :: hercules-login-1.hpc.msstate.edu :: Task gdas_verfrad, jobid=5951984, in state RUNNING (RUNNING)
2025-07-28 22:34:16 -0500 :: hercules-login-1.hpc.msstate.edu :: Task gfs_sfcanl, jobid=5951901, in state QUEUED (PENDING)
2025-07-28 22:34:16 -0500 :: hercules-login-1.hpc.msstate.edu :: Task gdas_sfcanl, jobid=5952005, in state QUEUED (PENDING)
2025-07-28 22:34:16 -0500 :: hercules-login-1.hpc.msstate.edu :: Task gdas_verfrad, jobid=5951984, in state SUCCEEDED (COMPLETED), ran for 595.0 seconds, exit status=0, try=1 (of 2)
2025-07-28 22:40:19 -0500 :: hercules-login-1.hpc.msstate.edu :: Task gfs_sfcanl, jobid=5951901, in state SUCCEEDED (COMPLETED), ran for 46.0 seconds, exit status=0, try=1 (of 2)
2025-07-28 22:40:19 -0500 :: hercules-login-1.hpc.msstate.edu :: Task gdas_sfcanl, jobid=5952005, in state QUEUED (PENDING)
2025-07-28 22:40:19 -0500 :: hercules-login-1.hpc.msstate.edu :: Submitting gfs_analcalc
2025-07-28 22:40:19 -0500 :: hercules-login-1.hpc.msstate.edu :: Submitting gfs_fcst_seg0
2025-07-28 22:40:19 -0500 :: hercules-login-1.hpc.msstate.edu :: Submission of gfs_analcalc succeeded, jobid=5952027
2025-07-28 22:40:19 -0500 :: hercules-login-1.hpc.msstate.edu :: Submission of gfs_fcst_seg0 succeeded, jobid=5952028
2025-07-28 22:46:22 -0500 :: hercules-login-1.hpc.msstate.edu :: Task gfs_analcalc, jobid=5952027, in state QUEUED (PENDING)
2025-07-28 22:46:22 -0500 :: hercules-login-1.hpc.msstate.edu :: Task gfs_fcst_seg0, jobid=5952028, in state QUEUED (PENDING)
2025-07-28 22:46:22 -0500 :: hercules-login-1.hpc.msstate.edu :: Task gdas_sfcanl, jobid=5952005, in state QUEUED (PENDING)
2025-07-28 22:52:24 -0500 :: hercules-login-1.hpc.msstate.edu :: Task gfs_analcalc, jobid=5952027, in state QUEUED (PENDING)
2025-07-28 22:52:24 -0500 :: hercules-login-1.hpc.msstate.edu :: Task gfs_fcst_seg0, jobid=5952028, in state QUEUED (PENDING)
2025-07-28 22:52:24 -0500 :: hercules-login-1.hpc.msstate.edu :: Task gdas_sfcanl, jobid=5952005, in state QUEUED (PENDING)
2025-07-28 22:58:27 -0500 :: hercules-login-1.hpc.msstate.edu :: Task gfs_analcalc, jobid=5952027, in state QUEUED (PENDING)
2025-07-28 22:58:27 -0500 :: hercules-login-1.hpc.msstate.edu :: Task gfs_fcst_seg0, jobid=5952028, in state QUEUED (PENDING)
2025-07-28 22:58:27 -0500 :: hercules-login-1.hpc.msstate.edu :: Task gdas_sfcanl, jobid=5952005, in state QUEUED (PENDING)
2025-07-28 23:04:30 -0500 :: hercules-login-1.hpc.msstate.edu :: Task gfs_analcalc, jobid=5952027, in state QUEUED (PENDING)
2025-07-28 23:04:30 -0500 :: hercules-login-1.hpc.msstate.edu :: Task gfs_fcst_seg0, jobid=5952028, in state QUEUED (PENDING)
2025-07-28 23:04:30 -0500 :: hercules-login-1.hpc.msstate.edu :: Task gdas_sfcanl, jobid=5952005, in state QUEUED (PENDING)
2025-07-28 23:10:32 -0500 :: hercules-login-1.hpc.msstate.edu :: Task gfs_analcalc, jobid=5952027, in state QUEUED (PENDING)
2025-07-28 23:10:32 -0500 :: hercules-login-1.hpc.msstate.edu :: Task gfs_fcst_seg0, jobid=5952028, in state QUEUED (PENDING)
2025-07-28 23:10:32 -0500 :: hercules-login-1.hpc.msstate.edu :: Task gdas_sfcanl, jobid=5952005, in state QUEUED (PENDING)
2025-07-28 23:16:35 -0500 :: hercules-login-1.hpc.msstate.edu :: Task gfs_analcalc, jobid=5952027, in state QUEUED (PENDING)
2025-07-28 23:16:35 -0500 :: hercules-login-1.hpc.msstate.edu :: Task gfs_fcst_seg0, jobid=5952028, in state QUEUED (PENDING)
2025-07-28 23:16:35 -0500 :: hercules-login-1.hpc.msstate.edu :: Task gdas_sfcanl, jobid=5952005, in state QUEUED (PENDING)
2025-07-28 23:22:37 -0500 :: hercules-login-1.hpc.msstate.edu :: Task gfs_analcalc, jobid=5952027, in state QUEUED (PENDING)
2025-07-28 23:22:37 -0500 :: hercules-login-1.hpc.msstate.edu :: Task gfs_fcst_seg0, jobid=5952028, in state QUEUED (PENDING)
2025-07-28 23:22:37 -0500 :: hercules-login-1.hpc.msstate.edu :: Task gdas_sfcanl, jobid=5952005, in state QUEUED (PENDING)
2025-07-28 23:28:40 -0500 :: hercules-login-1.hpc.msstate.edu :: Task gfs_analcalc, jobid=5952027, in state QUEUED (PENDING)
2025-07-28 23:28:40 -0500 :: hercules-login-1.hpc.msstate.edu :: Task gfs_fcst_seg0, jobid=5952028, in state QUEUED (PENDING)
2025-07-28 23:28:40 -0500 :: hercules-login-1.hpc.msstate.edu :: Task gdas_sfcanl, jobid=5952005, in state QUEUED (PENDING)
2025-07-28 23:34:48 -0500 :: hercules-login-1.hpc.msstate.edu :: Task gfs_analcalc, jobid=5952027, in state QUEUED (PENDING)
2025-07-28 23:34:48 -0500 :: hercules-login-1.hpc.msstate.edu :: Task gfs_fcst_seg0, jobid=5952028, in state QUEUED (PENDING)
2025-07-28 23:34:48 -0500 :: hercules-login-1.hpc.msstate.edu :: Task gdas_sfcanl, jobid=5952005, in state QUEUED (PENDING)
2025-07-28 23:40:50 -0500 :: hercules-login-1.hpc.msstate.edu :: Task gfs_analcalc, jobid=5952027, in state QUEUED (PENDING)
2025-07-28 23:40:50 -0500 :: hercules-login-1.hpc.msstate.edu :: Task gfs_fcst_seg0, jobid=5952028, in state QUEUED (PENDING)
2025-07-28 23:40:50 -0500 :: hercules-login-1.hpc.msstate.edu :: Task gdas_sfcanl, jobid=5952005, in state QUEUED (PENDING)
2025-07-28 23:46:53 -0500 :: hercules-login-1.hpc.msstate.edu :: Task gfs_analcalc, jobid=5952027, in state QUEUED (PENDING)
2025-07-28 23:46:53 -0500 :: hercules-login-1.hpc.msstate.edu :: Task gfs_fcst_seg0, jobid=5952028, in state QUEUED (PENDING)
2025-07-28 23:46:53 -0500 :: hercules-login-1.hpc.msstate.edu :: Task gdas_sfcanl, jobid=5952005, in state QUEUED (PENDING)
2025-07-28 23:52:56 -0500 :: hercules-login-1.hpc.msstate.edu :: Task gfs_analcalc, jobid=5952027, in state QUEUED (PENDING)
2025-07-28 23:52:56 -0500 :: hercules-login-1.hpc.msstate.edu :: Task gfs_fcst_seg0, jobid=5952028, in state QUEUED (PENDING)
2025-07-28 23:52:56 -0500 :: hercules-login-1.hpc.msstate.edu :: Task gdas_sfcanl, jobid=5952005, in state QUEUED (PENDING)
2025-07-28 23:58:58 -0500 :: hercules-login-1.hpc.msstate.edu :: Task gfs_analcalc, jobid=5952027, in state SUCCEEDED (COMPLETED), ran for 73.0 seconds, exit status=0, try=1 (of 2)
2025-07-28 23:58:58 -0500 :: hercules-login-1.hpc.msstate.edu :: Task gfs_fcst_seg0, jobid=5952028, in state RUNNING (RUNNING)
2025-07-28 23:58:58 -0500 :: hercules-login-1.hpc.msstate.edu :: Task gdas_sfcanl, jobid=5952005, in state SUCCEEDED (COMPLETED), ran for 68.0 seconds, exit status=0, try=1 (of 2)
2025-07-28 23:58:58 -0500 :: hercules-login-1.hpc.msstate.edu :: Submitting gfs_atmanlupp
2025-07-28 23:58:58 -0500 :: hercules-login-1.hpc.msstate.edu :: Submitting gdas_analcalc
2025-07-28 23:58:58 -0500 :: hercules-login-1.hpc.msstate.edu :: Submitting gdas_fcst_seg0
2025-07-28 23:58:58 -0500 :: hercules-login-1.hpc.msstate.edu :: Submission of gfs_atmanlupp succeeded, jobid=5952284
2025-07-28 23:58:58 -0500 :: hercules-login-1.hpc.msstate.edu :: Submission of gdas_analcalc succeeded, jobid=5952285
2025-07-28 23:58:58 -0500 :: hercules-login-1.hpc.msstate.edu :: Submission of gdas_fcst_seg0 succeeded, jobid=5952286
2025-07-29 00:05:01 -0500 :: hercules-login-1.hpc.msstate.edu :: Task gfs_atmanlupp, jobid=5952284, in state QUEUED (PENDING)
2025-07-29 00:05:01 -0500 :: hercules-login-1.hpc.msstate.edu :: Task gfs_fcst_seg0, jobid=5952028, in state RUNNING (RUNNING)
2025-07-29 00:05:01 -0500 :: hercules-login-1.hpc.msstate.edu :: Task gdas_analcalc, jobid=5952285, in state QUEUED (PENDING)
2025-07-29 00:05:01 -0500 :: hercules-login-1.hpc.msstate.edu :: Task gdas_fcst_seg0, jobid=5952286, in state QUEUED (PENDING)
2025-07-29 00:05:01 -0500 :: hercules-login-1.hpc.msstate.edu :: Submitting gfs_atmos_prod_f000-f002
2025-07-29 00:05:01 -0500 :: hercules-login-1.hpc.msstate.edu :: Submitting gfs_atmos_prod_f003-f005
2025-07-29 00:05:01 -0500 :: hercules-login-1.hpc.msstate.edu :: Submitting gfs_atmos_prod_f006-f008
2025-07-29 00:05:01 -0500 :: hercules-login-1.hpc.msstate.edu :: Submitting gfs_atmos_prod_f009-f011
2025-07-29 00:05:01 -0500 :: hercules-login-1.hpc.msstate.edu :: Submission of gfs_atmos_prod_f000-f002 succeeded, jobid=5952324
2025-07-29 00:05:01 -0500 :: hercules-login-1.hpc.msstate.edu :: Submission of gfs_atmos_prod_f003-f005 succeeded, jobid=5952325
2025-07-29 00:05:01 -0500 :: hercules-login-1.hpc.msstate.edu :: Submission of gfs_atmos_prod_f006-f008 succeeded, jobid=5952326
2025-07-29 00:05:01 -0500 :: hercules-login-1.hpc.msstate.edu :: Submission of gfs_atmos_prod_f009-f011 succeeded, jobid=5952327
2025-07-29 00:11:04 -0500 :: hercules-login-1.hpc.msstate.edu :: Task gfs_atmanlupp, jobid=5952284, in state QUEUED (PENDING)
2025-07-29 00:11:04 -0500 :: hercules-login-1.hpc.msstate.edu :: Task gfs_fcst_seg0, jobid=5952028, in state RUNNING (RUNNING)
2025-07-29 00:11:04 -0500 :: hercules-login-1.hpc.msstate.edu :: Task gfs_atmos_prod_f000-f002, jobid=5952324, in state QUEUED (PENDING)
2025-07-29 00:11:04 -0500 :: hercules-login-1.hpc.msstate.edu :: Task gfs_atmos_prod_f003-f005, jobid=5952325, in state QUEUED (PENDING)
2025-07-29 00:11:04 -0500 :: hercules-login-1.hpc.msstate.edu :: Task gfs_atmos_prod_f006-f008, jobid=5952326, in state QUEUED (PENDING)
2025-07-29 00:11:04 -0500 :: hercules-login-1.hpc.msstate.edu :: Task gfs_atmos_prod_f009-f011, jobid=5952327, in state QUEUED (PENDING)
2025-07-29 00:11:04 -0500 :: hercules-login-1.hpc.msstate.edu :: Task gdas_analcalc, jobid=5952285, in state QUEUED (PENDING)
2025-07-29 00:11:04 -0500 :: hercules-login-1.hpc.msstate.edu :: Task gdas_fcst_seg0, jobid=5952286, in state QUEUED (PENDING)
2025-07-29 00:11:04 -0500 :: hercules-login-1.hpc.msstate.edu :: Submitting gfs_atmos_prod_f012-f014
2025-07-29 00:11:04 -0500 :: hercules-login-1.hpc.msstate.edu :: Submitting gfs_atmos_prod_f015-f017
2025-07-29 00:11:04 -0500 :: hercules-login-1.hpc.msstate.edu :: Submitting gfs_atmos_prod_f018-f020
2025-07-29 00:11:04 -0500 :: hercules-login-1.hpc.msstate.edu :: Submitting gfs_atmos_prod_f021-f023
2025-07-29 00:11:04 -0500 :: hercules-login-1.hpc.msstate.edu :: Submitting gfs_atmos_prod_f024-f026
2025-07-29 00:11:04 -0500 :: hercules-login-1.hpc.msstate.edu :: Submission of gfs_atmos_prod_f012-f014 succeeded, jobid=5952379
2025-07-29 00:11:04 -0500 :: hercules-login-1.hpc.msstate.edu :: Submission of gfs_atmos_prod_f015-f017 succeeded, jobid=5952380
2025-07-29 00:11:04 -0500 :: hercules-login-1.hpc.msstate.edu :: Submission of gfs_atmos_prod_f018-f020 succeeded, jobid=5952381
2025-07-29 00:11:04 -0500 :: hercules-login-1.hpc.msstate.edu :: Submission of gfs_atmos_prod_f021-f023 succeeded, jobid=5952382
2025-07-29 00:11:04 -0500 :: hercules-login-1.hpc.msstate.edu :: Submission of gfs_atmos_prod_f024-f026 succeeded, jobid=5952383
2025-07-29 00:17:12 -0500 :: hercules-login-1.hpc.msstate.edu :: Task gfs_atmanlupp, jobid=5952284, in state QUEUED (PENDING)
2025-07-29 00:17:12 -0500 :: hercules-login-1.hpc.msstate.edu :: Task gfs_fcst_seg0, jobid=5952028, in state RUNNING (RUNNING)
2025-07-29 00:17:12 -0500 :: hercules-login-1.hpc.msstate.edu :: Task gfs_atmos_prod_f000-f002, jobid=5952324, in state QUEUED (PENDING)
2025-07-29 00:17:12 -0500 :: hercules-login-1.hpc.msstate.edu :: Task gfs_atmos_prod_f003-f005, jobid=5952325, in state QUEUED (PENDING)
2025-07-29 00:17:12 -0500 :: hercules-login-1.hpc.msstate.edu :: Task gfs_atmos_prod_f006-f008, jobid=5952326, in state QUEUED (PENDING)
2025-07-29 00:17:12 -0500 :: hercules-login-1.hpc.msstate.edu :: Task gfs_atmos_prod_f009-f011, jobid=5952327, in state QUEUED (PENDING)
2025-07-29 00:17:12 -0500 :: hercules-login-1.hpc.msstate.edu :: Task gfs_atmos_prod_f012-f014, jobid=5952379, in state QUEUED (PENDING)
2025-07-29 00:17:12 -0500 :: hercules-login-1.hpc.msstate.edu :: Task gfs_atmos_prod_f015-f017, jobid=5952380, in state QUEUED (PENDING)
2025-07-29 00:17:12 -0500 :: hercules-login-1.hpc.msstate.edu :: Task gfs_atmos_prod_f018-f020, jobid=5952381, in state QUEUED (PENDING)
2025-07-29 00:17:12 -0500 :: hercules-login-1.hpc.msstate.edu :: Task gfs_atmos_prod_f021-f023, jobid=5952382, in state QUEUED (PENDING)
2025-07-29 00:17:12 -0500 :: hercules-login-1.hpc.msstate.edu :: Task gfs_atmos_prod_f024-f026, jobid=5952383, in state QUEUED (PENDING)
2025-07-29 00:17:12 -0500 :: hercules-login-1.hpc.msstate.edu :: Task gdas_analcalc, jobid=5952285, in state QUEUED (PENDING)
2025-07-29 00:17:12 -0500 :: hercules-login-1.hpc.msstate.edu :: Task gdas_fcst_seg0, jobid=5952286, in state QUEUED (PENDING)
2025-07-29 00:17:12 -0500 :: hercules-login-1.hpc.msstate.edu :: Submitting gfs_atmos_prod_f027-f029
2025-07-29 00:17:12 -0500 :: hercules-login-1.hpc.msstate.edu :: Submitting gfs_atmos_prod_f030-f032
2025-07-29 00:17:12 -0500 :: hercules-login-1.hpc.msstate.edu :: Submitting gfs_atmos_prod_f033-f035
2025-07-29 00:17:12 -0500 :: hercules-login-1.hpc.msstate.edu :: Submitting gfs_atmos_prod_f036-f038
2025-07-29 00:17:12 -0500 :: hercules-login-1.hpc.msstate.edu :: Submitting gfs_atmos_prod_f039-f041
2025-07-29 00:17:12 -0500 :: hercules-login-1.hpc.msstate.edu :: Submission of gfs_atmos_prod_f027-f029 succeeded, jobid=5952418
2025-07-29 00:17:12 -0500 :: hercules-login-1.hpc.msstate.edu :: Submission of gfs_atmos_prod_f030-f032 succeeded, jobid=5952419
2025-07-29 00:17:12 -0500 :: hercules-login-1.hpc.msstate.edu :: Submission of gfs_atmos_prod_f033-f035 succeeded, jobid=5952420
2025-07-29 00:17:12 -0500 :: hercules-login-1.hpc.msstate.edu :: Submission of gfs_atmos_prod_f036-f038 succeeded, jobid=5952421
2025-07-29 00:17:12 -0500 :: hercules-login-1.hpc.msstate.edu :: Submission of gfs_atmos_prod_f039-f041 succeeded, jobid=5952422
2025-07-29 00:23:14 -0500 :: hercules-login-1.hpc.msstate.edu :: Task gfs_atmanlupp, jobid=5952284, in state QUEUED (PENDING)
2025-07-29 00:23:14 -0500 :: hercules-login-1.hpc.msstate.edu :: Task gfs_fcst_seg0, jobid=5952028, in state RUNNING (RUNNING)
2025-07-29 00:23:14 -0500 :: hercules-login-1.hpc.msstate.edu :: Task gfs_atmos_prod_f000-f002, jobid=5952324, in state QUEUED (PENDING)
2025-07-29 00:23:14 -0500 :: hercules-login-1.hpc.msstate.edu :: Task gfs_atmos_prod_f003-f005, jobid=5952325, in state QUEUED (PENDING)
2025-07-29 00:23:14 -0500 :: hercules-login-1.hpc.msstate.edu :: Task gfs_atmos_prod_f006-f008, jobid=5952326, in state QUEUED (PENDING)
2025-07-29 00:23:14 -0500 :: hercules-login-1.hpc.msstate.edu :: Task gfs_atmos_prod_f009-f011, jobid=5952327, in state QUEUED (PENDING)
2025-07-29 00:23:14 -0500 :: hercules-login-1.hpc.msstate.edu :: Task gfs_atmos_prod_f012-f014, jobid=5952379, in state QUEUED (PENDING)
2025-07-29 00:23:14 -0500 :: hercules-login-1.hpc.msstate.edu :: Task gfs_atmos_prod_f015-f017, jobid=5952380, in state QUEUED (PENDING)
2025-07-29 00:23:14 -0500 :: hercules-login-1.hpc.msstate.edu :: Task gfs_atmos_prod_f018-f020, jobid=5952381, in state QUEUED (PENDING)
2025-07-29 00:23:14 -0500 :: hercules-login-1.hpc.msstate.edu :: Task gfs_atmos_prod_f021-f023, jobid=5952382, in state QUEUED (PENDING)
2025-07-29 00:23:14 -0500 :: hercules-login-1.hpc.msstate.edu :: Task gfs_atmos_prod_f024-f026, jobid=5952383, in state QUEUED (PENDING)
2025-07-29 00:23:14 -0500 :: hercules-login-1.hpc.msstate.edu :: Task gfs_atmos_prod_f027-f029, jobid=5952418, in state QUEUED (PENDING)
2025-07-29 00:23:14 -0500 :: hercules-login-1.hpc.msstate.edu :: Task gfs_atmos_prod_f030-f032, jobid=5952419, in state QUEUED (PENDING)
2025-07-29 00:23:14 -0500 :: hercules-login-1.hpc.msstate.edu :: Task gfs_atmos_prod_f033-f035, jobid=5952420, in state QUEUED (PENDING)
2025-07-29 00:23:14 -0500 :: hercules-login-1.hpc.msstate.edu :: Task gfs_atmos_prod_f036-f038, jobid=5952421, in state QUEUED (PENDING)
2025-07-29 00:23:14 -0500 :: hercules-login-1.hpc.msstate.edu :: Task gfs_atmos_prod_f039-f041, jobid=5952422, in state QUEUED (PENDING)
2025-07-29 00:23:14 -0500 :: hercules-login-1.hpc.msstate.edu :: Task gdas_analcalc, jobid=5952285, in state QUEUED (PENDING)
2025-07-29 00:23:14 -0500 :: hercules-login-1.hpc.msstate.edu :: Task gdas_fcst_seg0, jobid=5952286, in state QUEUED (PENDING)
2025-07-29 00:23:14 -0500 :: hercules-login-1.hpc.msstate.edu :: Submitting gfs_atmos_prod_f042-f044
2025-07-29 00:23:14 -0500 :: hercules-login-1.hpc.msstate.edu :: Submitting gfs_atmos_prod_f045-f047
2025-07-29 00:23:14 -0500 :: hercules-login-1.hpc.msstate.edu :: Submitting gfs_atmos_prod_f048-f054
2025-07-29 00:23:14 -0500 :: hercules-login-1.hpc.msstate.edu :: Submission of gfs_atmos_prod_f042-f044 succeeded, jobid=5952440
2025-07-29 00:23:14 -0500 :: hercules-login-1.hpc.msstate.edu :: Submission of gfs_atmos_prod_f045-f047 succeeded, jobid=5952441
2025-07-29 00:23:14 -0500 :: hercules-login-1.hpc.msstate.edu :: Submission of gfs_atmos_prod_f048-f054 succeeded, jobid=5952442
2025-07-29 00:29:17 -0500 :: hercules-login-1.hpc.msstate.edu :: Task gfs_atmanlupp, jobid=5952284, in state SUCCEEDED (COMPLETED), ran for 39.0 seconds, exit status=0, try=1 (of 2)
2025-07-29 00:29:17 -0500 :: hercules-login-1.hpc.msstate.edu :: Task gfs_fcst_seg0, jobid=5952028, in state RUNNING (RUNNING)
2025-07-29 00:29:17 -0500 :: hercules-login-1.hpc.msstate.edu :: Task gfs_atmos_prod_f000-f002, jobid=5952324, in state QUEUED (PENDING)
2025-07-29 00:29:17 -0500 :: hercules-login-1.hpc.msstate.edu :: Task gfs_atmos_prod_f003-f005, jobid=5952325, in state QUEUED (PENDING)
2025-07-29 00:29:17 -0500 :: hercules-login-1.hpc.msstate.edu :: Task gfs_atmos_prod_f006-f008, jobid=5952326, in state QUEUED (PENDING)
2025-07-29 00:29:17 -0500 :: hercules-login-1.hpc.msstate.edu :: Task gfs_atmos_prod_f009-f011, jobid=5952327, in state QUEUED (PENDING)
2025-07-29 00:29:17 -0500 :: hercules-login-1.hpc.msstate.edu :: Task gfs_atmos_prod_f012-f014, jobid=5952379, in state QUEUED (PENDING)
2025-07-29 00:29:17 -0500 :: hercules-login-1.hpc.msstate.edu :: Task gfs_atmos_prod_f015-f017, jobid=5952380, in state QUEUED (PENDING)
2025-07-29 00:29:17 -0500 :: hercules-login-1.hpc.msstate.edu :: Task gfs_atmos_prod_f018-f020, jobid=5952381, in state QUEUED (PENDING)
2025-07-29 00:29:17 -0500 :: hercules-login-1.hpc.msstate.edu :: Task gfs_atmos_prod_f021-f023, jobid=5952382, in state QUEUED (PENDING)
2025-07-29 00:29:17 -0500 :: hercules-login-1.hpc.msstate.edu :: Task gfs_atmos_prod_f024-f026, jobid=5952383, in state QUEUED (PENDING)
2025-07-29 00:29:17 -0500 :: hercules-login-1.hpc.msstate.edu :: Task gfs_atmos_prod_f027-f029, jobid=5952418, in state QUEUED (PENDING)
2025-07-29 00:29:17 -0500 :: hercules-login-1.hpc.msstate.edu :: Task gfs_atmos_prod_f030-f032, jobid=5952419, in state QUEUED (PENDING)
2025-07-29 00:29:17 -0500 :: hercules-login-1.hpc.msstate.edu :: Task gfs_atmos_prod_f033-f035, jobid=5952420, in state QUEUED (PENDING)
2025-07-29 00:29:17 -0500 :: hercules-login-1.hpc.msstate.edu :: Task gfs_atmos_prod_f036-f038, jobid=5952421, in state QUEUED (PENDING)
2025-07-29 00:29:17 -0500 :: hercules-login-1.hpc.msstate.edu :: Task gfs_atmos_prod_f039-f041, jobid=5952422, in state QUEUED (PENDING)
2025-07-29 00:29:17 -0500 :: hercules-login-1.hpc.msstate.edu :: Task gfs_atmos_prod_f042-f044, jobid=5952440, in state QUEUED (PENDING)
2025-07-29 00:29:17 -0500 :: hercules-login-1.hpc.msstate.edu :: Task gfs_atmos_prod_f045-f047, jobid=5952441, in state QUEUED (PENDING)
2025-07-29 00:29:17 -0500 :: hercules-login-1.hpc.msstate.edu :: Task gfs_atmos_prod_f048-f054, jobid=5952442, in state QUEUED (PENDING)
2025-07-29 00:29:17 -0500 :: hercules-login-1.hpc.msstate.edu :: Task gdas_analcalc, jobid=5952285, in state SUCCEEDED (COMPLETED), ran for 61.0 seconds, exit status=0, try=1 (of 2)
2025-07-29 00:29:17 -0500 :: hercules-login-1.hpc.msstate.edu :: Task gdas_fcst_seg0, jobid=5952286, in state RUNNING (RUNNING)
2025-07-29 00:29:17 -0500 :: hercules-login-1.hpc.msstate.edu :: Submitting gfs_atmanlprod
2025-07-29 00:29:17 -0500 :: hercules-login-1.hpc.msstate.edu :: Submitting gfs_atmos_prod_f057-f063
2025-07-29 00:29:17 -0500 :: hercules-login-1.hpc.msstate.edu :: Submitting gdas_atmanlupp
2025-07-29 00:29:17 -0500 :: hercules-login-1.hpc.msstate.edu :: Submitting enkfgdas_ecen000
2025-07-29 00:29:17 -0500 :: hercules-login-1.hpc.msstate.edu :: Submitting enkfgdas_ecen001
2025-07-29 00:29:17 -0500 :: hercules-login-1.hpc.msstate.edu :: Submitting enkfgdas_ecen002
2025-07-29 00:29:17 -0500 :: hercules-login-1.hpc.msstate.edu :: Cannot submit enkfgdas_esfc, because maximum global task throttle of 25 will be violated.
2025-07-29 00:29:17 -0500 :: hercules-login-1.hpc.msstate.edu :: Submission of gfs_atmanlprod succeeded, jobid=5952466
2025-07-29 00:29:17 -0500 :: hercules-login-1.hpc.msstate.edu :: Submission of gfs_atmos_prod_f057-f063 succeeded, jobid=5952467
2025-07-29 00:29:17 -0500 :: hercules-login-1.hpc.msstate.edu :: Submission of gdas_atmanlupp succeeded, jobid=5952468
2025-07-29 00:29:17 -0500 :: hercules-login-1.hpc.msstate.edu :: Submission of enkfgdas_ecen000 succeeded, jobid=5952469
2025-07-29 00:29:17 -0500 :: hercules-login-1.hpc.msstate.edu :: Submission of enkfgdas_ecen001 succeeded, jobid=5952470
2025-07-29 00:29:17 -0500 :: hercules-login-1.hpc.msstate.edu :: Submission of enkfgdas_ecen002 succeeded, jobid=5952471
2025-07-29 00:35:20 -0500 :: hercules-login-1.hpc.msstate.edu :: Task gfs_atmanlprod, jobid=5952466, in state QUEUED (PENDING)
2025-07-29 00:35:20 -0500 :: hercules-login-1.hpc.msstate.edu :: Task gfs_fcst_seg0, jobid=5952028, in state RUNNING (RUNNING)
2025-07-29 00:35:20 -0500 :: hercules-login-1.hpc.msstate.edu :: Task gfs_atmos_prod_f000-f002, jobid=5952324, in state SUCCEEDED (COMPLETED), ran for 273.0 seconds, exit status=0, try=1 (of 2)
2025-07-29 00:35:20 -0500 :: hercules-login-1.hpc.msstate.edu :: Task gfs_atmos_prod_f003-f005, jobid=5952325, in state SUCCEEDED (COMPLETED), ran for 278.0 seconds, exit status=0, try=1 (of 2)
2025-07-29 00:35:20 -0500 :: hercules-login-1.hpc.msstate.edu :: Task gfs_atmos_prod_f006-f008, jobid=5952326, in state SUCCEEDED (COMPLETED), ran for 276.0 seconds, exit status=0, try=1 (of 2)
2025-07-29 00:35:20 -0500 :: hercules-login-1.hpc.msstate.edu :: Task gfs_atmos_prod_f009-f011, jobid=5952327, in state SUCCEEDED (COMPLETED), ran for 273.0 seconds, exit status=0, try=1 (of 2)
2025-07-29 00:35:20 -0500 :: hercules-login-1.hpc.msstate.edu :: Task gfs_atmos_prod_f012-f014, jobid=5952379, in state RUNNING (RUNNING)
2025-07-29 00:35:20 -0500 :: hercules-login-1.hpc.msstate.edu :: Task gfs_atmos_prod_f015-f017, jobid=5952380, in state RUNNING (RUNNING)
2025-07-29 00:35:20 -0500 :: hercules-login-1.hpc.msstate.edu :: Task gfs_atmos_prod_f018-f020, jobid=5952381, in state RUNNING (RUNNING)
2025-07-29 00:35:20 -0500 :: hercules-login-1.hpc.msstate.edu :: Task gfs_atmos_prod_f021-f023, jobid=5952382, in state RUNNING (RUNNING)
2025-07-29 00:35:20 -0500 :: hercules-login-1.hpc.msstate.edu :: Task gfs_atmos_prod_f024-f026, jobid=5952383, in state RUNNING (RUNNING)
2025-07-29 00:35:20 -0500 :: hercules-login-1.hpc.msstate.edu :: Task gfs_atmos_prod_f027-f029, jobid=5952418, in state RUNNING (RUNNING)
2025-07-29 00:35:20 -0500 :: hercules-login-1.hpc.msstate.edu :: Task gfs_atmos_prod_f030-f032, jobid=5952419, in state RUNNING (RUNNING)
2025-07-29 00:35:20 -0500 :: hercules-login-1.hpc.msstate.edu :: Task gfs_atmos_prod_f033-f035, jobid=5952420, in state RUNNING (RUNNING)
2025-07-29 00:35:20 -0500 :: hercules-login-1.hpc.msstate.edu :: Task gfs_atmos_prod_f036-f038, jobid=5952421, in state RUNNING (RUNNING)
2025-07-29 00:35:20 -0500 :: hercules-login-1.hpc.msstate.edu :: Task gfs_atmos_prod_f039-f041, jobid=5952422, in state RUNNING (RUNNING)
2025-07-29 00:35:20 -0500 :: hercules-login-1.hpc.msstate.edu :: Task gfs_atmos_prod_f042-f044, jobid=5952440, in state QUEUED (PENDING)
2025-07-29 00:35:20 -0500 :: hercules-login-1.hpc.msstate.edu :: Task gfs_atmos_prod_f045-f047, jobid=5952441, in state QUEUED (PENDING)
2025-07-29 00:35:20 -0500 :: hercules-login-1.hpc.msstate.edu :: Task gfs_atmos_prod_f048-f054, jobid=5952442, in state QUEUED (PENDING)
2025-07-29 00:35:20 -0500 :: hercules-login-1.hpc.msstate.edu :: Task gfs_atmos_prod_f057-f063, jobid=5952467, in state QUEUED (PENDING)
2025-07-29 00:35:20 -0500 :: hercules-login-1.hpc.msstate.edu :: Task gdas_atmanlupp, jobid=5952468, in state SUCCEEDED (COMPLETED), ran for 44.0 seconds, exit status=0, try=1 (of 2)
2025-07-29 00:35:20 -0500 :: hercules-login-1.hpc.msstate.edu :: Task gdas_fcst_seg0, jobid=5952286, in state SUCCEEDED (COMPLETED), ran for 456.0 seconds, exit status=0, try=1 (of 2)
2025-07-29 00:35:20 -0500 :: hercules-login-1.hpc.msstate.edu :: Task enkfgdas_ecen000, jobid=5952469, in state SUCCEEDED (COMPLETED), ran for 40.0 seconds, exit status=0, try=1 (of 2)
2025-07-29 00:35:20 -0500 :: hercules-login-1.hpc.msstate.edu :: Task enkfgdas_ecen001, jobid=5952470, in state SUCCEEDED (COMPLETED), ran for 40.0 seconds, exit status=0, try=1 (of 2)
2025-07-29 00:35:20 -0500 :: hercules-login-1.hpc.msstate.edu :: Task enkfgdas_ecen002, jobid=5952471, in state RUNNING (RUNNING)
2025-07-29 00:35:20 -0500 :: hercules-login-1.hpc.msstate.edu :: Submitting gfs_atmos_prod_f066-f072
2025-07-29 00:35:20 -0500 :: hercules-login-1.hpc.msstate.edu :: Submitting gfs_atmos_prod_f075-f081
2025-07-29 00:35:20 -0500 :: hercules-login-1.hpc.msstate.edu :: Submitting gdas_atmanlprod
2025-07-29 00:35:20 -0500 :: hercules-login-1.hpc.msstate.edu :: Submitting gdas_atmos_prod_f000
2025-07-29 00:35:20 -0500 :: hercules-login-1.hpc.msstate.edu :: Submitting gdas_atmos_prod_f001
2025-07-29 00:35:20 -0500 :: hercules-login-1.hpc.msstate.edu :: Submitting gdas_atmos_prod_f002
2025-07-29 00:35:20 -0500 :: hercules-login-1.hpc.msstate.edu :: Submitting gdas_atmos_prod_f003
2025-07-29 00:35:20 -0500 :: hercules-login-1.hpc.msstate.edu :: Submitting gdas_atmos_prod_f004
2025-07-29 00:35:20 -0500 :: hercules-login-1.hpc.msstate.edu :: Cannot submit gdas_atmos_prod_f005, because maximum global task throttle of 25 will be violated.
2025-07-29 00:35:20 -0500 :: hercules-login-1.hpc.msstate.edu :: Cannot submit gdas_atmos_prod_f006, because maximum global task throttle of 25 will be violated.
2025-07-29 00:35:20 -0500 :: hercules-login-1.hpc.msstate.edu :: Cannot submit gdas_atmos_prod_f007, because maximum global task throttle of 25 will be violated.
2025-07-29 00:35:20 -0500 :: hercules-login-1.hpc.msstate.edu :: Cannot submit gdas_atmos_prod_f008, because maximum global task throttle of 25 will be violated.
2025-07-29 00:35:20 -0500 :: hercules-login-1.hpc.msstate.edu :: Cannot submit gdas_atmos_prod_f009, because maximum global task throttle of 25 will be violated.
2025-07-29 00:35:20 -0500 :: hercules-login-1.hpc.msstate.edu :: Cannot submit enkfgdas_esfc, because maximum global task throttle of 25 will be violated.
2025-07-29 00:35:20 -0500 :: hercules-login-1.hpc.msstate.edu :: Submission of gfs_atmos_prod_f066-f072 succeeded, jobid=5952545
2025-07-29 00:35:20 -0500 :: hercules-login-1.hpc.msstate.edu :: Submission of gfs_atmos_prod_f075-f081 succeeded, jobid=5952546
2025-07-29 00:35:20 -0500 :: hercules-login-1.hpc.msstate.edu :: Submission of gdas_atmanlprod succeeded, jobid=5952547
2025-07-29 00:35:20 -0500 :: hercules-login-1.hpc.msstate.edu :: Submission of gdas_atmos_prod_f000 succeeded, jobid=5952548
2025-07-29 00:35:20 -0500 :: hercules-login-1.hpc.msstate.edu :: Submission of gdas_atmos_prod_f001 succeeded, jobid=5952549
2025-07-29 00:35:20 -0500 :: hercules-login-1.hpc.msstate.edu :: Submission of gdas_atmos_prod_f002 succeeded, jobid=5952550
2025-07-29 00:35:20 -0500 :: hercules-login-1.hpc.msstate.edu :: Submission of gdas_atmos_prod_f003 succeeded, jobid=5952551
2025-07-29 00:35:20 -0500 :: hercules-login-1.hpc.msstate.edu :: Submission of gdas_atmos_prod_f004 succeeded, jobid=5952552
2025-07-29 00:41:23 -0500 :: hercules-login-1.hpc.msstate.edu :: Task gfs_atmanlprod, jobid=5952466, in state RUNNING (RUNNING)
2025-07-29 00:41:23 -0500 :: hercules-login-1.hpc.msstate.edu :: Task gfs_fcst_seg0, jobid=5952028, in state RUNNING (RUNNING)
2025-07-29 00:41:23 -0500 :: hercules-login-1.hpc.msstate.edu :: Task gfs_atmos_prod_f012-f014, jobid=5952379, in state SUCCEEDED (COMPLETED), ran for 274.0 seconds, exit status=0, try=1 (of 2)
2025-07-29 00:41:23 -0500 :: hercules-login-1.hpc.msstate.edu :: Task gfs_atmos_prod_f015-f017, jobid=5952380, in state SUCCEEDED (COMPLETED), ran for 271.0 seconds, exit status=0, try=1 (of 2)
2025-07-29 00:41:23 -0500 :: hercules-login-1.hpc.msstate.edu :: Task gfs_atmos_prod_f018-f020, jobid=5952381, in state SUCCEEDED (COMPLETED), ran for 277.0 seconds, exit status=0, try=1 (of 2)
2025-07-29 00:41:23 -0500 :: hercules-login-1.hpc.msstate.edu :: Task gfs_atmos_prod_f021-f023, jobid=5952382, in state SUCCEEDED (COMPLETED), ran for 269.0 seconds, exit status=0, try=1 (of 2)
2025-07-29 00:41:23 -0500 :: hercules-login-1.hpc.msstate.edu :: Task gfs_atmos_prod_f024-f026, jobid=5952383, in state SUCCEEDED (COMPLETED), ran for 276.0 seconds, exit status=0, try=1 (of 2)
2025-07-29 00:41:23 -0500 :: hercules-login-1.hpc.msstate.edu :: Task gfs_atmos_prod_f027-f029, jobid=5952418, in state SUCCEEDED (COMPLETED), ran for 274.0 seconds, exit status=0, try=1 (of 2)
2025-07-29 00:41:23 -0500 :: hercules-login-1.hpc.msstate.edu :: Task gfs_atmos_prod_f030-f032, jobid=5952419, in state SUCCEEDED (COMPLETED), ran for 270.0 seconds, exit status=0, try=1 (of 2)
2025-07-29 00:41:23 -0500 :: hercules-login-1.hpc.msstate.edu :: Task gfs_atmos_prod_f033-f035, jobid=5952420, in state SUCCEEDED (COMPLETED), ran for 283.0 seconds, exit status=0, try=1 (of 2)
2025-07-29 00:41:23 -0500 :: hercules-login-1.hpc.msstate.edu :: Task gfs_atmos_prod_f036-f038, jobid=5952421, in state SUCCEEDED (COMPLETED), ran for 285.0 seconds, exit status=0, try=1 (of 2)
2025-07-29 00:41:23 -0500 :: hercules-login-1.hpc.msstate.edu :: Task gfs_atmos_prod_f039-f041, jobid=5952422, in state SUCCEEDED (COMPLETED), ran for 271.0 seconds, exit status=0, try=1 (of 2)
2025-07-29 00:41:23 -0500 :: hercules-login-1.hpc.msstate.edu :: Task gfs_atmos_prod_f042-f044, jobid=5952440, in state RUNNING (RUNNING)
2025-07-29 00:41:23 -0500 :: hercules-login-1.hpc.msstate.edu :: Task gfs_atmos_prod_f045-f047, jobid=5952441, in state RUNNING (RUNNING)
2025-07-29 00:41:23 -0500 :: hercules-login-1.hpc.msstate.edu :: Task gfs_atmos_prod_f048-f054, jobid=5952442, in state RUNNING (RUNNING)
2025-07-29 00:41:23 -0500 :: hercules-login-1.hpc.msstate.edu :: Task gfs_atmos_prod_f057-f063, jobid=5952467, in state RUNNING (RUNNING)
2025-07-29 00:41:23 -0500 :: hercules-login-1.hpc.msstate.edu :: Task gfs_atmos_prod_f066-f072, jobid=5952545, in state QUEUED (PENDING)
2025-07-29 00:41:23 -0500 :: hercules-login-1.hpc.msstate.edu :: Task gfs_atmos_prod_f075-f081, jobid=5952546, in state QUEUED (PENDING)
2025-07-29 00:41:23 -0500 :: hercules-login-1.hpc.msstate.edu :: Task gdas_atmanlprod, jobid=5952547, in state QUEUED (PENDING)
2025-07-29 00:41:23 -0500 :: hercules-login-1.hpc.msstate.edu :: Task gdas_atmos_prod_f000, jobid=5952548, in state QUEUED (PENDING)
2025-07-29 00:41:23 -0500 :: hercules-login-1.hpc.msstate.edu :: Task gdas_atmos_prod_f001, jobid=5952549, in state QUEUED (PENDING)
2025-07-29 00:41:23 -0500 :: hercules-login-1.hpc.msstate.edu :: Task gdas_atmos_prod_f002, jobid=5952550, in state QUEUED (PENDING)
2025-07-29 00:41:24 -0500 :: hercules-login-1.hpc.msstate.edu :: Task gdas_atmos_prod_f003, jobid=5952551, in state QUEUED (PENDING)
2025-07-29 00:41:24 -0500 :: hercules-login-1.hpc.msstate.edu :: Task gdas_atmos_prod_f004, jobid=5952552, in state QUEUED (PENDING)
2025-07-29 00:41:24 -0500 :: hercules-login-1.hpc.msstate.edu :: Task enkfgdas_ecen002, jobid=5952471, in state SUCCEEDED (COMPLETED), ran for 38.0 seconds, exit status=0, try=1 (of 2)
2025-07-29 00:41:24 -0500 :: hercules-login-1.hpc.msstate.edu :: Submitting gfs_atmos_prod_f084-f090
2025-07-29 00:41:24 -0500 :: hercules-login-1.hpc.msstate.edu :: Submitting gfs_atmos_prod_f093-f099
2025-07-29 00:41:24 -0500 :: hercules-login-1.hpc.msstate.edu :: Submitting gdas_atmos_prod_f005
2025-07-29 00:41:24 -0500 :: hercules-login-1.hpc.msstate.edu :: Submitting gdas_atmos_prod_f006
2025-07-29 00:41:24 -0500 :: hercules-login-1.hpc.msstate.edu :: Submitting gdas_atmos_prod_f007
2025-07-29 00:41:24 -0500 :: hercules-login-1.hpc.msstate.edu :: Submitting gdas_atmos_prod_f008
2025-07-29 00:41:24 -0500 :: hercules-login-1.hpc.msstate.edu :: Submitting gdas_atmos_prod_f009
2025-07-29 00:41:24 -0500 :: hercules-login-1.hpc.msstate.edu :: Submitting enkfgdas_esfc
2025-07-29 00:41:24 -0500 :: hercules-login-1.hpc.msstate.edu :: Submission of gfs_atmos_prod_f084-f090 succeeded, jobid=5952571
2025-07-29 00:41:24 -0500 :: hercules-login-1.hpc.msstate.edu :: Submission of gfs_atmos_prod_f093-f099 succeeded, jobid=5952572
2025-07-29 00:41:24 -0500 :: hercules-login-1.hpc.msstate.edu :: Submission of gdas_atmos_prod_f005 succeeded, jobid=5952573
2025-07-29 00:41:24 -0500 :: hercules-login-1.hpc.msstate.edu :: Submission of gdas_atmos_prod_f006 succeeded, jobid=5952574
2025-07-29 00:41:24 -0500 :: hercules-login-1.hpc.msstate.edu :: Submission of gdas_atmos_prod_f007 succeeded, jobid=5952575
2025-07-29 00:41:24 -0500 :: hercules-login-1.hpc.msstate.edu :: Submission of gdas_atmos_prod_f008 succeeded, jobid=5952576
2025-07-29 00:41:24 -0500 :: hercules-login-1.hpc.msstate.edu :: Submission of gdas_atmos_prod_f009 succeeded, jobid=5952577
2025-07-29 00:41:24 -0500 :: hercules-login-1.hpc.msstate.edu :: Submission of enkfgdas_esfc succeeded, jobid=5952578
2025-07-29 00:47:27 -0500 :: hercules-login-1.hpc.msstate.edu :: Task gfs_atmanlprod, jobid=5952466, in state SUCCEEDED (COMPLETED), ran for 106.0 seconds, exit status=0, try=1 (of 2)
2025-07-29 00:47:27 -0500 :: hercules-login-1.hpc.msstate.edu :: Task gfs_fcst_seg0, jobid=5952028, in state RUNNING (RUNNING)
2025-07-29 00:47:27 -0500 :: hercules-login-1.hpc.msstate.edu :: Task gfs_atmos_prod_f042-f044, jobid=5952440, in state SUCCEEDED (COMPLETED), ran for 271.0 seconds, exit status=0, try=1 (of 2)
2025-07-29 00:47:27 -0500 :: hercules-login-1.hpc.msstate.edu :: Task gfs_atmos_prod_f045-f047, jobid=5952441, in state SUCCEEDED (COMPLETED), ran for 279.0 seconds, exit status=0, try=1 (of 2)
2025-07-29 00:47:27 -0500 :: hercules-login-1.hpc.msstate.edu :: Task gfs_atmos_prod_f048-f054, jobid=5952442, in state SUCCEEDED (COMPLETED), ran for 325.0 seconds, exit status=0, try=1 (of 2)
2025-07-29 00:47:27 -0500 :: hercules-login-1.hpc.msstate.edu :: Task gfs_atmos_prod_f057-f063, jobid=5952467, in state SUCCEEDED (COMPLETED), ran for 326.0 seconds, exit status=0, try=1 (of 2)
2025-07-29 00:47:27 -0500 :: hercules-login-1.hpc.msstate.edu :: Task gfs_atmos_prod_f066-f072, jobid=5952545, in state RUNNING (RUNNING)
2025-07-29 00:47:27 -0500 :: hercules-login-1.hpc.msstate.edu :: Task gfs_atmos_prod_f075-f081, jobid=5952546, in state QUEUED (PENDING)
2025-07-29 00:47:27 -0500 :: hercules-login-1.hpc.msstate.edu :: Task gfs_atmos_prod_f084-f090, jobid=5952571, in state QUEUED (PENDING)
2025-07-29 00:47:27 -0500 :: hercules-login-1.hpc.msstate.edu :: Task gfs_atmos_prod_f093-f099, jobid=5952572, in state QUEUED (PENDING)
2025-07-29 00:47:27 -0500 :: hercules-login-1.hpc.msstate.edu :: Task gdas_atmanlprod, jobid=5952547, in state QUEUED (PENDING)
2025-07-29 00:47:27 -0500 :: hercules-login-1.hpc.msstate.edu :: Task gdas_atmos_prod_f000, jobid=5952548, in state QUEUED (PENDING)
2025-07-29 00:47:27 -0500 :: hercules-login-1.hpc.msstate.edu :: Task gdas_atmos_prod_f001, jobid=5952549, in state QUEUED (PENDING)
2025-07-29 00:47:27 -0500 :: hercules-login-1.hpc.msstate.edu :: Task gdas_atmos_prod_f002, jobid=5952550, in state QUEUED (PENDING)
2025-07-29 00:47:27 -0500 :: hercules-login-1.hpc.msstate.edu :: Task gdas_atmos_prod_f003, jobid=5952551, in state QUEUED (PENDING)
2025-07-29 00:47:27 -0500 :: hercules-login-1.hpc.msstate.edu :: Task gdas_atmos_prod_f004, jobid=5952552, in state QUEUED (PENDING)
2025-07-29 00:47:27 -0500 :: hercules-login-1.hpc.msstate.edu :: Task gdas_atmos_prod_f005, jobid=5952573, in state QUEUED (PENDING)
2025-07-29 00:47:27 -0500 :: hercules-login-1.hpc.msstate.edu :: Task gdas_atmos_prod_f006, jobid=5952574, in state QUEUED (PENDING)
2025-07-29 00:47:27 -0500 :: hercules-login-1.hpc.msstate.edu :: Task gdas_atmos_prod_f007, jobid=5952575, in state QUEUED (PENDING)
2025-07-29 00:47:27 -0500 :: hercules-login-1.hpc.msstate.edu :: Task gdas_atmos_prod_f008, jobid=5952576, in state QUEUED (PENDING)
2025-07-29 00:47:27 -0500 :: hercules-login-1.hpc.msstate.edu :: Task gdas_atmos_prod_f009, jobid=5952577, in state QUEUED (PENDING)
2025-07-29 00:47:27 -0500 :: hercules-login-1.hpc.msstate.edu :: Task enkfgdas_esfc, jobid=5952578, in state QUEUED (PENDING)
2025-07-29 00:47:27 -0500 :: hercules-login-1.hpc.msstate.edu :: Submitting gfs_atmos_prod_f102-f108
2025-07-29 00:47:27 -0500 :: hercules-login-1.hpc.msstate.edu :: Submission status of gfs_atmos_prod_f102-f108 is pending at druby://130.18.14.151:44675
2025-07-29 00:53:29 -0500 :: hercules-login-1.hpc.msstate.edu :: Submission status of previously pending gfs_atmos_prod_f102-f108 is success, jobid=5952628
2025-07-29 00:53:30 -0500 :: hercules-login-1.hpc.msstate.edu :: Task gfs_fcst_seg0, jobid=5952028, in state SUCCEEDED (COMPLETED), ran for 3218.0 seconds, exit status=0, try=1 (of 2)
2025-07-29 00:53:30 -0500 :: hercules-login-1.hpc.msstate.edu :: Task gfs_atmos_prod_f066-f072, jobid=5952545, in state SUCCEEDED (COMPLETED), ran for 328.0 seconds, exit status=0, try=1 (of 2)
2025-07-29 00:53:30 -0500 :: hercules-login-1.hpc.msstate.edu :: Task gfs_atmos_prod_f075-f081, jobid=5952546, in state QUEUED (PENDING)
2025-07-29 00:53:30 -0500 :: hercules-login-1.hpc.msstate.edu :: Task gfs_atmos_prod_f084-f090, jobid=5952571, in state QUEUED (PENDING)
2025-07-29 00:53:30 -0500 :: hercules-login-1.hpc.msstate.edu :: Task gfs_atmos_prod_f093-f099, jobid=5952572, in state QUEUED (PENDING)
2025-07-29 00:53:30 -0500 :: hercules-login-1.hpc.msstate.edu :: Task gfs_atmos_prod_f102-f108, jobid=5952628, in state QUEUED (PENDING)
2025-07-29 00:53:30 -0500 :: hercules-login-1.hpc.msstate.edu :: Task gdas_atmanlprod, jobid=5952547, in state QUEUED (PENDING)
2025-07-29 00:53:30 -0500 :: hercules-login-1.hpc.msstate.edu :: Task gdas_atmos_prod_f000, jobid=5952548, in state QUEUED (PENDING)
2025-07-29 00:53:30 -0500 :: hercules-login-1.hpc.msstate.edu :: Task gdas_atmos_prod_f001, jobid=5952549, in state QUEUED (PENDING)
2025-07-29 00:53:30 -0500 :: hercules-login-1.hpc.msstate.edu :: Task gdas_atmos_prod_f002, jobid=5952550, in state QUEUED (PENDING)
2025-07-29 00:53:30 -0500 :: hercules-login-1.hpc.msstate.edu :: Task gdas_atmos_prod_f003, jobid=5952551, in state QUEUED (PENDING)
2025-07-29 00:53:30 -0500 :: hercules-login-1.hpc.msstate.edu :: Task gdas_atmos_prod_f004, jobid=5952552, in state QUEUED (PENDING)
2025-07-29 00:53:30 -0500 :: hercules-login-1.hpc.msstate.edu :: Task gdas_atmos_prod_f005, jobid=5952573, in state QUEUED (PENDING)
2025-07-29 00:53:30 -0500 :: hercules-login-1.hpc.msstate.edu :: Task gdas_atmos_prod_f006, jobid=5952574, in state QUEUED (PENDING)
2025-07-29 00:53:30 -0500 :: hercules-login-1.hpc.msstate.edu :: Task gdas_atmos_prod_f007, jobid=5952575, in state QUEUED (PENDING)
2025-07-29 00:53:30 -0500 :: hercules-login-1.hpc.msstate.edu :: Task gdas_atmos_prod_f008, jobid=5952576, in state QUEUED (PENDING)
2025-07-29 00:53:30 -0500 :: hercules-login-1.hpc.msstate.edu :: Task gdas_atmos_prod_f009, jobid=5952577, in state QUEUED (PENDING)
2025-07-29 00:53:30 -0500 :: hercules-login-1.hpc.msstate.edu :: Task enkfgdas_esfc, jobid=5952578, in state SUCCEEDED (COMPLETED), ran for 143.0 seconds, exit status=0, try=1 (of 2)
2025-07-29 00:53:30 -0500 :: hercules-login-1.hpc.msstate.edu :: Submitting gfs_atmos_prod_f111-f114
2025-07-29 00:53:30 -0500 :: hercules-login-1.hpc.msstate.edu :: Submitting gfs_atmos_prod_f117-f120
2025-07-29 00:53:30 -0500 :: hercules-login-1.hpc.msstate.edu :: Submitting enkfgdas_fcst_mem001
2025-07-29 00:53:30 -0500 :: hercules-login-1.hpc.msstate.edu :: Submitting enkfgdas_fcst_mem002
2025-07-29 00:53:30 -0500 :: hercules-login-1.hpc.msstate.edu :: Submission of gfs_atmos_prod_f111-f114 succeeded, jobid=5952654
2025-07-29 00:53:30 -0500 :: hercules-login-1.hpc.msstate.edu :: Submission of gfs_atmos_prod_f117-f120 succeeded, jobid=5952655
2025-07-29 00:53:30 -0500 :: hercules-login-1.hpc.msstate.edu :: Submission of enkfgdas_fcst_mem001 succeeded, jobid=5952656
2025-07-29 00:53:30 -0500 :: hercules-login-1.hpc.msstate.edu :: Submission of enkfgdas_fcst_mem002 succeeded, jobid=5952657
2025-07-29 00:59:32 -0500 :: hercules-login-1.hpc.msstate.edu :: Task gfs_atmos_prod_f075-f081, jobid=5952546, in state RUNNING (RUNNING)
2025-07-29 00:59:32 -0500 :: hercules-login-1.hpc.msstate.edu :: Task gfs_atmos_prod_f084-f090, jobid=5952571, in state RUNNING (RUNNING)
2025-07-29 00:59:32 -0500 :: hercules-login-1.hpc.msstate.edu :: Task gfs_atmos_prod_f093-f099, jobid=5952572, in state RUNNING (RUNNING)
2025-07-29 00:59:32 -0500 :: hercules-login-1.hpc.msstate.edu :: Task gfs_atmos_prod_f102-f108, jobid=5952628, in state QUEUED (PENDING)
2025-07-29 00:59:32 -0500 :: hercules-login-1.hpc.msstate.edu :: Task gfs_atmos_prod_f111-f114, jobid=5952654, in state QUEUED (PENDING)
2025-07-29 00:59:32 -0500 :: hercules-login-1.hpc.msstate.edu :: Task gfs_atmos_prod_f117-f120, jobid=5952655, in state QUEUED (PENDING)
2025-07-29 00:59:32 -0500 :: hercules-login-1.hpc.msstate.edu :: Task gdas_atmanlprod, jobid=5952547, in state SUCCEEDED (COMPLETED), ran for 63.0 seconds, exit status=0, try=1 (of 2)
2025-07-29 00:59:32 -0500 :: hercules-login-1.hpc.msstate.edu :: Task gdas_atmos_prod_f000, jobid=5952548, in state SUCCEEDED (COMPLETED), ran for 65.0 seconds, exit status=0, try=1 (of 2)
2025-07-29 00:59:32 -0500 :: hercules-login-1.hpc.msstate.edu :: Task gdas_atmos_prod_f001, jobid=5952549, in state SUCCEEDED (COMPLETED), ran for 67.0 seconds, exit status=0, try=1 (of 2)
2025-07-29 00:59:32 -0500 :: hercules-login-1.hpc.msstate.edu :: Task gdas_atmos_prod_f002, jobid=5952550, in state SUCCEEDED (COMPLETED), ran for 66.0 seconds, exit status=0, try=1 (of 2)
2025-07-29 00:59:32 -0500 :: hercules-login-1.hpc.msstate.edu :: Task gdas_atmos_prod_f003, jobid=5952551, in state SUCCEEDED (COMPLETED), ran for 67.0 seconds, exit status=0, try=1 (of 2)
2025-07-29 00:59:32 -0500 :: hercules-login-1.hpc.msstate.edu :: Task gdas_atmos_prod_f004, jobid=5952552, in state SUCCEEDED (COMPLETED), ran for 76.0 seconds, exit status=0, try=1 (of 2)
2025-07-29 00:59:32 -0500 :: hercules-login-1.hpc.msstate.edu :: Task gdas_atmos_prod_f005, jobid=5952573, in state SUCCEEDED (COMPLETED), ran for 68.0 seconds, exit status=0, try=1 (of 2)
2025-07-29 00:59:32 -0500 :: hercules-login-1.hpc.msstate.edu :: Task gdas_atmos_prod_f006, jobid=5952574, in state SUCCEEDED (COMPLETED), ran for 66.0 seconds, exit status=0, try=1 (of 2)
2025-07-29 00:59:32 -0500 :: hercules-login-1.hpc.msstate.edu :: Task gdas_atmos_prod_f007, jobid=5952575, in state SUCCEEDED (COMPLETED), ran for 64.0 seconds, exit status=0, try=1 (of 2)
2025-07-29 00:59:32 -0500 :: hercules-login-1.hpc.msstate.edu :: Task gdas_atmos_prod_f008, jobid=5952576, in state SUCCEEDED (COMPLETED), ran for 68.0 seconds, exit status=0, try=1 (of 2)
2025-07-29 00:59:32 -0500 :: hercules-login-1.hpc.msstate.edu :: Task gdas_atmos_prod_f009, jobid=5952577, in state SUCCEEDED (COMPLETED), ran for 66.0 seconds, exit status=0, try=1 (of 2)
2025-07-29 00:59:32 -0500 :: hercules-login-1.hpc.msstate.edu :: Task enkfgdas_fcst_mem001, jobid=5952656, in state QUEUED (PENDING)
2025-07-29 00:59:32 -0500 :: hercules-login-1.hpc.msstate.edu :: Task enkfgdas_fcst_mem002, jobid=5952657, in state QUEUED (PENDING)
2025-07-29 00:59:32 -0500 :: hercules-login-1.hpc.msstate.edu :: Submitting gdas_fit2obs
2025-07-29 00:59:32 -0500 :: hercules-login-1.hpc.msstate.edu :: Submission status of gdas_fit2obs is pending at druby://130.18.14.151:38847
2025-07-29 01:05:35 -0500 :: hercules-login-1.hpc.msstate.edu :: Submission status of previously pending gdas_fit2obs is success, jobid=5952678
2025-07-29 01:05:35 -0500 :: hercules-login-1.hpc.msstate.edu :: Task gfs_atmos_prod_f075-f081, jobid=5952546, in state SUCCEEDED (COMPLETED), ran for 321.0 seconds, exit status=0, try=1 (of 2)
2025-07-29 01:05:35 -0500 :: hercules-login-1.hpc.msstate.edu :: Task gfs_atmos_prod_f084-f090, jobid=5952571, in state SUCCEEDED (COMPLETED), ran for 325.0 seconds, exit status=0, try=1 (of 2)
2025-07-29 01:05:35 -0500 :: hercules-login-1.hpc.msstate.edu :: Task gfs_atmos_prod_f093-f099, jobid=5952572, in state SUCCEEDED (COMPLETED), ran for 333.0 seconds, exit status=0, try=1 (of 2)
2025-07-29 01:05:35 -0500 :: hercules-login-1.hpc.msstate.edu :: Task gfs_atmos_prod_f102-f108, jobid=5952628, in state QUEUED (PENDING)
2025-07-29 01:05:35 -0500 :: hercules-login-1.hpc.msstate.edu :: Task gfs_atmos_prod_f111-f114, jobid=5952654, in state QUEUED (PENDING)
2025-07-29 01:05:35 -0500 :: hercules-login-1.hpc.msstate.edu :: Task gfs_atmos_prod_f117-f120, jobid=5952655, in state QUEUED (PENDING)
2025-07-29 01:05:35 -0500 :: hercules-login-1.hpc.msstate.edu :: Task gdas_fit2obs, jobid=5952678, in state SUCCEEDED (COMPLETED), ran for 19.0 seconds, exit status=0, try=1 (of 2)
2025-07-29 01:05:35 -0500 :: hercules-login-1.hpc.msstate.edu :: Task enkfgdas_fcst_mem001, jobid=5952656, in state QUEUED (PENDING)
2025-07-29 01:05:35 -0500 :: hercules-login-1.hpc.msstate.edu :: Task enkfgdas_fcst_mem002, jobid=5952657, in state QUEUED (PENDING)
2025-07-29 01:05:35 -0500 :: hercules-login-1.hpc.msstate.edu :: Submitting gdas_arch_vrfy
2025-07-29 01:05:35 -0500 :: hercules-login-1.hpc.msstate.edu :: Submission status of gdas_arch_vrfy is pending at druby://130.18.14.151:37477
2025-07-29 01:11:38 -0500 :: hercules-login-1.hpc.msstate.edu :: Submission status of previously pending gdas_arch_vrfy is success, jobid=5952703
2025-07-29 01:11:38 -0500 :: hercules-login-1.hpc.msstate.edu :: Task gfs_atmos_prod_f102-f108, jobid=5952628, in state RUNNING (RUNNING)
2025-07-29 01:11:38 -0500 :: hercules-login-1.hpc.msstate.edu :: Task gfs_atmos_prod_f111-f114, jobid=5952654, in state QUEUED (PENDING)
2025-07-29 01:11:38 -0500 :: hercules-login-1.hpc.msstate.edu :: Task gfs_atmos_prod_f117-f120, jobid=5952655, in state QUEUED (PENDING)
2025-07-29 01:11:38 -0500 :: hercules-login-1.hpc.msstate.edu :: Task gdas_arch_vrfy, jobid=5952703, in state SUCCEEDED (COMPLETED), ran for 34.0 seconds, exit status=0, try=1 (of 2)
2025-07-29 01:11:38 -0500 :: hercules-login-1.hpc.msstate.edu :: Task enkfgdas_fcst_mem001, jobid=5952656, in state QUEUED (PENDING)
2025-07-29 01:11:38 -0500 :: hercules-login-1.hpc.msstate.edu :: Task enkfgdas_fcst_mem002, jobid=5952657, in state QUEUED (PENDING)
2025-07-29 01:11:38 -0500 :: hercules-login-1.hpc.msstate.edu :: Submitting gdas_cleanup
2025-07-29 01:11:38 -0500 :: hercules-login-1.hpc.msstate.edu :: Submission status of gdas_cleanup is pending at druby://130.18.14.151:40839
2025-07-29 01:17:41 -0500 :: hercules-login-1.hpc.msstate.edu :: Submission status of previously pending gdas_cleanup is success, jobid=5952717
2025-07-29 01:17:41 -0500 :: hercules-login-1.hpc.msstate.edu :: Task gfs_atmos_prod_f102-f108, jobid=5952628, in state SUCCEEDED (COMPLETED), ran for 327.0 seconds, exit status=0, try=1 (of 2)
2025-07-29 01:17:41 -0500 :: hercules-login-1.hpc.msstate.edu :: Task gfs_atmos_prod_f111-f114, jobid=5952654, in state RUNNING (RUNNING)
2025-07-29 01:17:41 -0500 :: hercules-login-1.hpc.msstate.edu :: Task gfs_atmos_prod_f117-f120, jobid=5952655, in state RUNNING (RUNNING)
2025-07-29 01:17:41 -0500 :: hercules-login-1.hpc.msstate.edu :: Task gdas_cleanup, jobid=5952717, in state SUCCEEDED (COMPLETED), ran for 18.0 seconds, exit status=0, try=1 (of 2)
2025-07-29 01:17:41 -0500 :: hercules-login-1.hpc.msstate.edu :: Task enkfgdas_fcst_mem001, jobid=5952656, in state RUNNING (RUNNING)
2025-07-29 01:17:41 -0500 :: hercules-login-1.hpc.msstate.edu :: Task enkfgdas_fcst_mem002, jobid=5952657, in state QUEUED (PENDING)
2025-07-29 01:23:44 -0500 :: hercules-login-1.hpc.msstate.edu :: Task gfs_atmos_prod_f111-f114, jobid=5952654, in state SUCCEEDED (COMPLETED), ran for 215.0 seconds, exit status=0, try=1 (of 2)
2025-07-29 01:23:44 -0500 :: hercules-login-1.hpc.msstate.edu :: Task gfs_atmos_prod_f117-f120, jobid=5952655, in state SUCCEEDED (COMPLETED), ran for 216.0 seconds, exit status=0, try=1 (of 2)
2025-07-29 01:23:44 -0500 :: hercules-login-1.hpc.msstate.edu :: Task enkfgdas_fcst_mem001, jobid=5952656, in state SUCCEEDED (COMPLETED), ran for 269.0 seconds, exit status=0, try=1 (of 2)
2025-07-29 01:23:44 -0500 :: hercules-login-1.hpc.msstate.edu :: Task enkfgdas_fcst_mem002, jobid=5952657, in state RUNNING (RUNNING)
2025-07-29 01:23:44 -0500 :: hercules-login-1.hpc.msstate.edu :: Submitting gfs_tracker
2025-07-29 01:23:44 -0500 :: hercules-login-1.hpc.msstate.edu :: Submitting gfs_genesis
2025-07-29 01:23:44 -0500 :: hercules-login-1.hpc.msstate.edu :: Submitting enkfgdas_echgres
2025-07-29 01:23:44 -0500 :: hercules-login-1.hpc.msstate.edu :: Submission of gfs_tracker succeeded, jobid=5952735
2025-07-29 01:23:44 -0500 :: hercules-login-1.hpc.msstate.edu :: Submission of gfs_genesis succeeded, jobid=5952736
2025-07-29 01:23:44 -0500 :: hercules-login-1.hpc.msstate.edu :: Submission of enkfgdas_echgres succeeded, jobid=5952737
2025-07-29 01:29:47 -0500 :: hercules-login-1.hpc.msstate.edu :: Task gfs_tracker, jobid=5952735, in state SUCCEEDED (COMPLETED), ran for 68.0 seconds, exit status=0, try=1 (of 2)
2025-07-29 01:29:47 -0500 :: hercules-login-1.hpc.msstate.edu :: Task gfs_genesis, jobid=5952736, in state RUNNING (RUNNING)
2025-07-29 01:29:47 -0500 :: hercules-login-1.hpc.msstate.edu :: Task enkfgdas_echgres, jobid=5952737, in state SUCCEEDED (COMPLETED), ran for 33.0 seconds, exit status=0, try=1 (of 2)
2025-07-29 01:29:47 -0500 :: hercules-login-1.hpc.msstate.edu :: Task enkfgdas_fcst_mem002, jobid=5952657, in state SUCCEEDED (COMPLETED), ran for 264.0 seconds, exit status=0, try=1 (of 2)
2025-07-29 01:29:47 -0500 :: hercules-login-1.hpc.msstate.edu :: Submitting enkfgdas_epos000
2025-07-29 01:29:47 -0500 :: hercules-login-1.hpc.msstate.edu :: Submitting enkfgdas_epos001
2025-07-29 01:29:47 -0500 :: hercules-login-1.hpc.msstate.edu :: Submitting enkfgdas_epos002
2025-07-29 01:29:47 -0500 :: hercules-login-1.hpc.msstate.edu :: Submitting enkfgdas_epos003
2025-07-29 01:29:47 -0500 :: hercules-login-1.hpc.msstate.edu :: Submitting enkfgdas_epos004
2025-07-29 01:29:47 -0500 :: hercules-login-1.hpc.msstate.edu :: Submitting enkfgdas_epos005
2025-07-29 01:29:47 -0500 :: hercules-login-1.hpc.msstate.edu :: Submitting enkfgdas_epos006
2025-07-29 01:29:47 -0500 :: hercules-login-1.hpc.msstate.edu :: Submission of enkfgdas_epos000 succeeded, jobid=5952758
2025-07-29 01:29:47 -0500 :: hercules-login-1.hpc.msstate.edu :: Submission of enkfgdas_epos001 succeeded, jobid=5952759
2025-07-29 01:29:47 -0500 :: hercules-login-1.hpc.msstate.edu :: Submission of enkfgdas_epos002 succeeded, jobid=5952760
2025-07-29 01:29:47 -0500 :: hercules-login-1.hpc.msstate.edu :: Submission of enkfgdas_epos003 succeeded, jobid=5952761
2025-07-29 01:29:47 -0500 :: hercules-login-1.hpc.msstate.edu :: Submission of enkfgdas_epos004 succeeded, jobid=5952762
2025-07-29 01:29:47 -0500 :: hercules-login-1.hpc.msstate.edu :: Submission of enkfgdas_epos005 succeeded, jobid=5952763
2025-07-29 01:29:47 -0500 :: hercules-login-1.hpc.msstate.edu :: Submission of enkfgdas_epos006 succeeded, jobid=5952764
2025-07-29 01:35:49 -0500 :: hercules-login-1.hpc.msstate.edu :: Task gfs_genesis, jobid=5952736, in state SUCCEEDED (COMPLETED), ran for 517.0 seconds, exit status=0, try=1 (of 2)
2025-07-29 01:35:49 -0500 :: hercules-login-1.hpc.msstate.edu :: Task enkfgdas_epos000, jobid=5952758, in state SUCCEEDED (COMPLETED), ran for 38.0 seconds, exit status=0, try=1 (of 2)
2025-07-29 01:35:49 -0500 :: hercules-login-1.hpc.msstate.edu :: Task enkfgdas_epos001, jobid=5952759, in state SUCCEEDED (COMPLETED), ran for 38.0 seconds, exit status=0, try=1 (of 2)
2025-07-29 01:35:49 -0500 :: hercules-login-1.hpc.msstate.edu :: Task enkfgdas_epos002, jobid=5952760, in state SUCCEEDED (COMPLETED), ran for 38.0 seconds, exit status=0, try=1 (of 2)
2025-07-29 01:35:49 -0500 :: hercules-login-1.hpc.msstate.edu :: Task enkfgdas_epos003, jobid=5952761, in state SUCCEEDED (COMPLETED), ran for 38.0 seconds, exit status=0, try=1 (of 2)
2025-07-29 01:35:50 -0500 :: hercules-login-1.hpc.msstate.edu :: Task enkfgdas_epos004, jobid=5952762, in state SUCCEEDED (COMPLETED), ran for 37.0 seconds, exit status=0, try=1 (of 2)
2025-07-29 01:35:50 -0500 :: hercules-login-1.hpc.msstate.edu :: Task enkfgdas_epos005, jobid=5952763, in state SUCCEEDED (COMPLETED), ran for 38.0 seconds, exit status=0, try=1 (of 2)
2025-07-29 01:35:50 -0500 :: hercules-login-1.hpc.msstate.edu :: Task enkfgdas_epos006, jobid=5952764, in state SUCCEEDED (COMPLETED), ran for 38.0 seconds, exit status=0, try=1 (of 2)
2025-07-29 01:35:50 -0500 :: hercules-login-1.hpc.msstate.edu :: Submitting gfs_arch_vrfy
2025-07-29 01:35:50 -0500 :: hercules-login-1.hpc.msstate.edu :: Submitting enkfgdas_earc_vrfy
2025-07-29 01:35:50 -0500 :: hercules-login-1.hpc.msstate.edu :: Submission of gfs_arch_vrfy succeeded, jobid=5952796
2025-07-29 01:35:50 -0500 :: hercules-login-1.hpc.msstate.edu :: Submission of enkfgdas_earc_vrfy succeeded, jobid=5952797
2025-07-29 01:41:53 -0500 :: hercules-login-1.hpc.msstate.edu :: Task gfs_arch_vrfy, jobid=5952796, in state SUCCEEDED (COMPLETED), ran for 59.0 seconds, exit status=0, try=1 (of 2)
2025-07-29 01:41:53 -0500 :: hercules-login-1.hpc.msstate.edu :: Task enkfgdas_earc_vrfy, jobid=5952797, in state SUCCEEDED (COMPLETED), ran for 15.0 seconds, exit status=0, try=1 (of 2)
2025-07-29 01:41:53 -0500 :: hercules-login-1.hpc.msstate.edu :: Submitting gfs_metpg2g1
2025-07-29 01:41:53 -0500 :: hercules-login-1.hpc.msstate.edu :: Submitting enkfgdas_cleanup
2025-07-29 01:41:53 -0500 :: hercules-login-1.hpc.msstate.edu :: Submission status of gfs_metpg2g1 is pending at druby://130.18.14.151:35039
2025-07-29 01:41:53 -0500 :: hercules-login-1.hpc.msstate.edu :: Submission status of enkfgdas_cleanup is pending at druby://130.18.14.151:35039
2025-07-29 01:47:55 -0500 :: hercules-login-1.hpc.msstate.edu :: Submission status of previously pending gfs_metpg2g1 is success, jobid=5952816
2025-07-29 01:47:55 -0500 :: hercules-login-1.hpc.msstate.edu :: Submission status of previously pending enkfgdas_cleanup is success, jobid=5952817
2025-07-29 01:47:56 -0500 :: hercules-login-1.hpc.msstate.edu :: Task gfs_metpg2g1, jobid=5952816, in state SUCCEEDED (COMPLETED), ran for 110.0 seconds, exit status=0, try=1 (of 2)
2025-07-29 01:47:56 -0500 :: hercules-login-1.hpc.msstate.edu :: Task enkfgdas_cleanup, jobid=5952817, in state SUCCEEDED (COMPLETED), ran for 18.0 seconds, exit status=0, try=1 (of 2)
2025-07-29 01:47:56 -0500 :: hercules-login-1.hpc.msstate.edu :: Submitting gfs_metpg2o1
2025-07-29 01:47:56 -0500 :: hercules-login-1.hpc.msstate.edu :: Submission status of gfs_metpg2o1 is pending at druby://130.18.14.151:38343
2025-07-29 01:53:58 -0500 :: hercules-login-1.hpc.msstate.edu :: Submission status of previously pending gfs_metpg2o1 is success, jobid=5952853
2025-07-29 01:53:58 -0500 :: hercules-login-1.hpc.msstate.edu :: Task gfs_metpg2o1, jobid=5952853, in state RUNNING (RUNNING)
2025-07-29 02:00:01 -0500 :: hercules-login-1.hpc.msstate.edu :: Task gfs_metpg2o1, jobid=5952853, in state SUCCEEDED (COMPLETED), ran for 358.0 seconds, exit status=0, try=1 (of 2)
2025-07-29 02:00:01 -0500 :: hercules-login-1.hpc.msstate.edu :: Submitting gfs_metppcp1
2025-07-29 02:00:01 -0500 :: hercules-login-1.hpc.msstate.edu :: Submission of gfs_metppcp1 succeeded, jobid=5952923
2025-07-29 02:06:04 -0500 :: hercules-login-1.hpc.msstate.edu :: Task gfs_metppcp1, jobid=5952923, in state SUCCEEDED (COMPLETED), ran for 28.0 seconds, exit status=0, try=1 (of 2)
2025-07-29 02:06:04 -0500 :: hercules-login-1.hpc.msstate.edu :: Submitting gfs_cleanup
2025-07-29 02:06:04 -0500 :: hercules-login-1.hpc.msstate.edu :: Submission of gfs_cleanup succeeded, jobid=5952999
2025-07-29 02:12:06 -0500 :: hercules-login-1.hpc.msstate.edu :: Task gfs_cleanup, jobid=5952999, in state SUCCEEDED (COMPLETED), ran for 21.0 seconds, exit status=0, try=1 (of 2)
2025-07-29 02:12:06 -0500 :: hercules-login-1.hpc.msstate.edu :: This cycle is complete: Success
