2025-07-29 00:59:32 -0500 :: hercules-login-1.hpc.msstate.edu :: Submitting gdas_prep
2025-07-29 00:59:32 -0500 :: hercules-login-1.hpc.msstate.edu :: Submission status of gdas_prep is pending at druby://130.18.14.151:38847
2025-07-29 01:05:35 -0500 :: hercules-login-1.hpc.msstate.edu :: Submission status of previously pending gdas_prep is success, jobid=5952679
2025-07-29 01:05:35 -0500 :: hercules-login-1.hpc.msstate.edu :: Task gdas_prep, jobid=5952679, in state QUEUED (PENDING)
2025-07-29 01:11:38 -0500 :: hercules-login-1.hpc.msstate.edu :: Task gdas_prep, jobid=5952679, in state QUEUED (PENDING)
2025-07-29 01:17:41 -0500 :: hercules-login-1.hpc.msstate.edu :: Task gdas_prep, jobid=5952679, in state QUEUED (PENDING)
2025-07-29 01:23:44 -0500 :: hercules-login-1.hpc.msstate.edu :: Task gdas_prep, jobid=5952679, in state SUCCEEDED (COMPLETED), ran for 115.0 seconds, exit status=0, try=1 (of 2)
2025-07-29 01:35:50 -0500 :: hercules-login-1.hpc.msstate.edu :: Submitting gdas_anal
2025-07-29 01:35:50 -0500 :: hercules-login-1.hpc.msstate.edu :: Submitting enkfgdas_eobs
2025-07-29 01:35:50 -0500 :: hercules-login-1.hpc.msstate.edu :: Submission of gdas_anal succeeded, jobid=5952798
2025-07-29 01:35:50 -0500 :: hercules-login-1.hpc.msstate.edu :: Submission of enkfgdas_eobs succeeded, jobid=5952799
2025-07-29 01:41:53 -0500 :: hercules-login-1.hpc.msstate.edu :: Task gdas_anal, jobid=5952798, in state RUNNING (RUNNING)
2025-07-29 01:41:53 -0500 :: hercules-login-1.hpc.msstate.edu :: Task enkfgdas_eobs, jobid=5952799, in state RUNNING (RUNNING)
2025-07-29 01:47:56 -0500 :: hercules-login-1.hpc.msstate.edu :: Task gdas_anal, jobid=5952798, in state RUNNING (RUNNING)
2025-07-29 01:47:56 -0500 :: hercules-login-1.hpc.msstate.edu :: Task enkfgdas_eobs, jobid=5952799, in state SUCCEEDED (COMPLETED), ran for 415.0 seconds, exit status=0, try=1 (of 2)
2025-07-29 01:47:56 -0500 :: hercules-login-1.hpc.msstate.edu :: Submitting enkfgdas_ediag
2025-07-29 01:47:56 -0500 :: hercules-login-1.hpc.msstate.edu :: Submission status of enkfgdas_ediag is pending at druby://130.18.14.151:38343
2025-07-29 01:53:58 -0500 :: hercules-login-1.hpc.msstate.edu :: Submission status of previously pending enkfgdas_ediag is success, jobid=5952854
2025-07-29 01:53:58 -0500 :: hercules-login-1.hpc.msstate.edu :: Task gdas_anal, jobid=5952798, in state SUCCEEDED (COMPLETED), ran for 773.0 seconds, exit status=0, try=1 (of 2)
2025-07-29 01:53:58 -0500 :: hercules-login-1.hpc.msstate.edu :: Task enkfgdas_ediag, jobid=5952854, in state SUCCEEDED (COMPLETED), ran for 142.0 seconds, exit status=0, try=1 (of 2)
2025-07-29 01:53:58 -0500 :: hercules-login-1.hpc.msstate.edu :: Submitting gdas_analdiag
2025-07-29 01:53:58 -0500 :: hercules-login-1.hpc.msstate.edu :: Submitting gdas_vminmon
2025-07-29 01:53:58 -0500 :: hercules-login-1.hpc.msstate.edu :: Submitting enkfgdas_eupd
2025-07-29 01:53:58 -0500 :: hercules-login-1.hpc.msstate.edu :: Submission of gdas_analdiag succeeded, jobid=5952891
2025-07-29 01:53:58 -0500 :: hercules-login-1.hpc.msstate.edu :: Submission of gdas_vminmon succeeded, jobid=5952892
2025-07-29 01:53:58 -0500 :: hercules-login-1.hpc.msstate.edu :: Submission status of enkfgdas_eupd is pending at druby://130.18.14.151:43449
2025-07-29 02:00:01 -0500 :: hercules-login-1.hpc.msstate.edu :: Submission status of previously pending enkfgdas_eupd is success, jobid=5952893
2025-07-29 02:00:01 -0500 :: hercules-login-1.hpc.msstate.edu :: Task gdas_analdiag, jobid=5952891, in state SUCCEEDED (COMPLETED), ran for 123.0 seconds, exit status=0, try=1 (of 2)
2025-07-29 02:00:01 -0500 :: hercules-login-1.hpc.msstate.edu :: Task gdas_vminmon, jobid=5952892, in state SUCCEEDED (COMPLETED), ran for 15.0 seconds, exit status=0, try=1 (of 2)
2025-07-29 02:00:01 -0500 :: hercules-login-1.hpc.msstate.edu :: Task enkfgdas_eupd, jobid=5952893, in state SUCCEEDED (COMPLETED), ran for 136.0 seconds, exit status=0, try=1 (of 2)
2025-07-29 02:00:01 -0500 :: hercules-login-1.hpc.msstate.edu :: Submitting gdas_sfcanl
2025-07-29 02:00:01 -0500 :: hercules-login-1.hpc.msstate.edu :: Submitting gdas_verfozn
2025-07-29 02:00:01 -0500 :: hercules-login-1.hpc.msstate.edu :: Submitting gdas_verfrad
2025-07-29 02:00:01 -0500 :: hercules-login-1.hpc.msstate.edu :: Submission of gdas_sfcanl succeeded, jobid=5952924
2025-07-29 02:00:01 -0500 :: hercules-login-1.hpc.msstate.edu :: Submission of gdas_verfozn succeeded, jobid=5952925
2025-07-29 02:00:01 -0500 :: hercules-login-1.hpc.msstate.edu :: Submission of gdas_verfrad succeeded, jobid=5952926
2025-07-29 02:06:04 -0500 :: hercules-login-1.hpc.msstate.edu :: Task gdas_sfcanl, jobid=5952924, in state SUCCEEDED (COMPLETED), ran for 64.0 seconds, exit status=0, try=1 (of 2)
2025-07-29 02:06:04 -0500 :: hercules-login-1.hpc.msstate.edu :: Task gdas_verfozn, jobid=5952925, in state SUCCEEDED (COMPLETED), ran for 69.0 seconds, exit status=0, try=1 (of 2)
2025-07-29 02:06:04 -0500 :: hercules-login-1.hpc.msstate.edu :: Task gdas_verfrad, jobid=5952926, in state RUNNING (RUNNING)
2025-07-29 02:06:04 -0500 :: hercules-login-1.hpc.msstate.edu :: Submitting gdas_analcalc
2025-07-29 02:06:04 -0500 :: hercules-login-1.hpc.msstate.edu :: Submitting gdas_fcst_seg0
2025-07-29 02:06:04 -0500 :: hercules-login-1.hpc.msstate.edu :: Submission of gdas_analcalc succeeded, jobid=5953000
2025-07-29 02:06:04 -0500 :: hercules-login-1.hpc.msstate.edu :: Submission status of gdas_fcst_seg0 is pending at druby://130.18.14.151:36151
2025-07-29 02:12:06 -0500 :: hercules-login-1.hpc.msstate.edu :: Submission status of previously pending gdas_fcst_seg0 is success, jobid=5953001
2025-07-29 02:12:06 -0500 :: hercules-login-1.hpc.msstate.edu :: Task gdas_analcalc, jobid=5953000, in state SUCCEEDED (COMPLETED), ran for 59.0 seconds, exit status=0, try=1 (of 2)
2025-07-29 02:12:06 -0500 :: hercules-login-1.hpc.msstate.edu :: Task gdas_fcst_seg0, jobid=5953001, in state RUNNING (RUNNING)
2025-07-29 02:12:06 -0500 :: hercules-login-1.hpc.msstate.edu :: Task gdas_verfrad, jobid=5952926, in state RUNNING (RUNNING)
2025-07-29 02:12:06 -0500 :: hercules-login-1.hpc.msstate.edu :: Submitting enkfgdas_ecen000
2025-07-29 02:12:06 -0500 :: hercules-login-1.hpc.msstate.edu :: Submitting enkfgdas_ecen001
2025-07-29 02:12:06 -0500 :: hercules-login-1.hpc.msstate.edu :: Submitting enkfgdas_ecen002
2025-07-29 02:12:06 -0500 :: hercules-login-1.hpc.msstate.edu :: Submitting enkfgdas_esfc
2025-07-29 02:12:06 -0500 :: hercules-login-1.hpc.msstate.edu :: Submission of enkfgdas_ecen000 succeeded, jobid=5953069
2025-07-29 02:12:06 -0500 :: hercules-login-1.hpc.msstate.edu :: Submission of enkfgdas_ecen001 succeeded, jobid=5953070
2025-07-29 02:12:06 -0500 :: hercules-login-1.hpc.msstate.edu :: Submission of enkfgdas_ecen002 succeeded, jobid=5953071
2025-07-29 02:12:06 -0500 :: hercules-login-1.hpc.msstate.edu :: Submission of enkfgdas_esfc succeeded, jobid=5953072
2025-07-29 02:18:09 -0500 :: hercules-login-1.hpc.msstate.edu :: Task gdas_fcst_seg0, jobid=5953001, in state SUCCEEDED (COMPLETED), ran for 421.0 seconds, exit status=0, try=1 (of 2)
2025-07-29 02:18:09 -0500 :: hercules-login-1.hpc.msstate.edu :: Task gdas_verfrad, jobid=5952926, in state SUCCEEDED (COMPLETED), ran for 716.0 seconds, exit status=0, try=1 (of 2)
2025-07-29 02:18:09 -0500 :: hercules-login-1.hpc.msstate.edu :: Task enkfgdas_ecen000, jobid=5953069, in state SUCCEEDED (COMPLETED), ran for 38.0 seconds, exit status=0, try=1 (of 2)
2025-07-29 02:18:09 -0500 :: hercules-login-1.hpc.msstate.edu :: Task enkfgdas_ecen001, jobid=5953070, in state SUCCEEDED (COMPLETED), ran for 34.0 seconds, exit status=0, try=1 (of 2)
2025-07-29 02:18:09 -0500 :: hercules-login-1.hpc.msstate.edu :: Task enkfgdas_ecen002, jobid=5953071, in state SUCCEEDED (COMPLETED), ran for 37.0 seconds, exit status=0, try=1 (of 2)
2025-07-29 02:18:09 -0500 :: hercules-login-1.hpc.msstate.edu :: Task enkfgdas_esfc, jobid=5953072, in state SUCCEEDED (COMPLETED), ran for 143.0 seconds, exit status=0, try=1 (of 2)
2025-07-29 02:18:09 -0500 :: hercules-login-1.hpc.msstate.edu :: Submitting gdas_atmanlupp
2025-07-29 02:18:09 -0500 :: hercules-login-1.hpc.msstate.edu :: Submitting gdas_atmos_prod_f000
2025-07-29 02:18:09 -0500 :: hercules-login-1.hpc.msstate.edu :: Submitting gdas_atmos_prod_f001
2025-07-29 02:18:09 -0500 :: hercules-login-1.hpc.msstate.edu :: Submitting gdas_atmos_prod_f002
2025-07-29 02:18:09 -0500 :: hercules-login-1.hpc.msstate.edu :: Submitting gdas_atmos_prod_f003
2025-07-29 02:18:09 -0500 :: hercules-login-1.hpc.msstate.edu :: Submitting gdas_atmos_prod_f004
2025-07-29 02:18:09 -0500 :: hercules-login-1.hpc.msstate.edu :: Submitting gdas_atmos_prod_f005
2025-07-29 02:18:09 -0500 :: hercules-login-1.hpc.msstate.edu :: Submitting gdas_atmos_prod_f006
2025-07-29 02:18:09 -0500 :: hercules-login-1.hpc.msstate.edu :: Submitting gdas_atmos_prod_f007
2025-07-29 02:18:09 -0500 :: hercules-login-1.hpc.msstate.edu :: Submitting gdas_atmos_prod_f008
2025-07-29 02:18:09 -0500 :: hercules-login-1.hpc.msstate.edu :: Submitting gdas_atmos_prod_f009
2025-07-29 02:18:09 -0500 :: hercules-login-1.hpc.msstate.edu :: Submitting enkfgdas_fcst_mem001
2025-07-29 02:18:09 -0500 :: hercules-login-1.hpc.msstate.edu :: Submitting enkfgdas_fcst_mem002
2025-07-29 02:18:09 -0500 :: hercules-login-1.hpc.msstate.edu :: Submission of gdas_atmanlupp succeeded, jobid=5953101
2025-07-29 02:18:09 -0500 :: hercules-login-1.hpc.msstate.edu :: Submission of gdas_atmos_prod_f000 succeeded, jobid=5953102
2025-07-29 02:18:09 -0500 :: hercules-login-1.hpc.msstate.edu :: Submission of gdas_atmos_prod_f001 succeeded, jobid=5953103
2025-07-29 02:18:09 -0500 :: hercules-login-1.hpc.msstate.edu :: Submission of gdas_atmos_prod_f002 succeeded, jobid=5953104
2025-07-29 02:18:09 -0500 :: hercules-login-1.hpc.msstate.edu :: Submission of gdas_atmos_prod_f003 succeeded, jobid=5953105
2025-07-29 02:18:09 -0500 :: hercules-login-1.hpc.msstate.edu :: Submission of gdas_atmos_prod_f004 succeeded, jobid=5953106
2025-07-29 02:18:09 -0500 :: hercules-login-1.hpc.msstate.edu :: Submission of gdas_atmos_prod_f005 succeeded, jobid=5953107
2025-07-29 02:18:09 -0500 :: hercules-login-1.hpc.msstate.edu :: Submission of gdas_atmos_prod_f006 succeeded, jobid=5953108
2025-07-29 02:18:09 -0500 :: hercules-login-1.hpc.msstate.edu :: Submission of gdas_atmos_prod_f007 succeeded, jobid=5953109
2025-07-29 02:18:09 -0500 :: hercules-login-1.hpc.msstate.edu :: Submission of gdas_atmos_prod_f008 succeeded, jobid=5953110
2025-07-29 02:18:09 -0500 :: hercules-login-1.hpc.msstate.edu :: Submission of gdas_atmos_prod_f009 succeeded, jobid=5953111
2025-07-29 02:18:09 -0500 :: hercules-login-1.hpc.msstate.edu :: Submission of enkfgdas_fcst_mem001 succeeded, jobid=5953112
2025-07-29 02:18:09 -0500 :: hercules-login-1.hpc.msstate.edu :: Submission of enkfgdas_fcst_mem002 succeeded, jobid=5953113
2025-07-29 02:24:12 -0500 :: hercules-login-1.hpc.msstate.edu :: Task gdas_atmanlupp, jobid=5953101, in state SUCCEEDED (COMPLETED), ran for 38.0 seconds, exit status=0, try=1 (of 2)
2025-07-29 02:24:12 -0500 :: hercules-login-1.hpc.msstate.edu :: Task gdas_atmos_prod_f000, jobid=5953102, in state SUCCEEDED (COMPLETED), ran for 67.0 seconds, exit status=0, try=1 (of 2)
2025-07-29 02:24:12 -0500 :: hercules-login-1.hpc.msstate.edu :: Task gdas_atmos_prod_f001, jobid=5953103, in state SUCCEEDED (COMPLETED), ran for 61.0 seconds, exit status=0, try=1 (of 2)
2025-07-29 02:24:12 -0500 :: hercules-login-1.hpc.msstate.edu :: Task gdas_atmos_prod_f002, jobid=5953104, in state SUCCEEDED (COMPLETED), ran for 67.0 seconds, exit status=0, try=1 (of 2)
2025-07-29 02:24:12 -0500 :: hercules-login-1.hpc.msstate.edu :: Task gdas_atmos_prod_f003, jobid=5953105, in state SUCCEEDED (COMPLETED), ran for 67.0 seconds, exit status=0, try=1 (of 2)
2025-07-29 02:24:12 -0500 :: hercules-login-1.hpc.msstate.edu :: Task gdas_atmos_prod_f004, jobid=5953106, in state SUCCEEDED (COMPLETED), ran for 67.0 seconds, exit status=0, try=1 (of 2)
2025-07-29 02:24:12 -0500 :: hercules-login-1.hpc.msstate.edu :: Task gdas_atmos_prod_f005, jobid=5953107, in state SUCCEEDED (COMPLETED), ran for 67.0 seconds, exit status=0, try=1 (of 2)
2025-07-29 02:24:12 -0500 :: hercules-login-1.hpc.msstate.edu :: Task gdas_atmos_prod_f006, jobid=5953108, in state SUCCEEDED (COMPLETED), ran for 65.0 seconds, exit status=0, try=1 (of 2)
2025-07-29 02:24:12 -0500 :: hercules-login-1.hpc.msstate.edu :: Task gdas_atmos_prod_f007, jobid=5953109, in state SUCCEEDED (COMPLETED), ran for 67.0 seconds, exit status=0, try=1 (of 2)
2025-07-29 02:24:12 -0500 :: hercules-login-1.hpc.msstate.edu :: Task gdas_atmos_prod_f008, jobid=5953110, in state SUCCEEDED (COMPLETED), ran for 67.0 seconds, exit status=0, try=1 (of 2)
2025-07-29 02:24:12 -0500 :: hercules-login-1.hpc.msstate.edu :: Task gdas_atmos_prod_f009, jobid=5953111, in state SUCCEEDED (COMPLETED), ran for 60.0 seconds, exit status=0, try=1 (of 2)
2025-07-29 02:24:12 -0500 :: hercules-login-1.hpc.msstate.edu :: Task enkfgdas_fcst_mem001, jobid=5953112, in state RUNNING (RUNNING)
2025-07-29 02:24:12 -0500 :: hercules-login-1.hpc.msstate.edu :: Task enkfgdas_fcst_mem002, jobid=5953113, in state SUCCEEDED (COMPLETED), ran for 247.0 seconds, exit status=0, try=1 (of 2)
2025-07-29 02:24:12 -0500 :: hercules-login-1.hpc.msstate.edu :: Submitting gdas_atmanlprod
2025-07-29 02:24:12 -0500 :: hercules-login-1.hpc.msstate.edu :: Submitting gdas_fit2obs
2025-07-29 02:24:12 -0500 :: hercules-login-1.hpc.msstate.edu :: Submission status of gdas_atmanlprod is pending at druby://130.18.14.151:40885
2025-07-29 02:24:12 -0500 :: hercules-login-1.hpc.msstate.edu :: Submission status of gdas_fit2obs is pending at druby://130.18.14.151:40885
2025-07-29 02:30:15 -0500 :: hercules-login-1.hpc.msstate.edu :: Submission status of previously pending gdas_atmanlprod is success, jobid=5953154
2025-07-29 02:30:15 -0500 :: hercules-login-1.hpc.msstate.edu :: Submission status of previously pending gdas_fit2obs is success, jobid=5953155
2025-07-29 02:30:15 -0500 :: hercules-login-1.hpc.msstate.edu :: Task gdas_atmanlprod, jobid=5953154, in state SUCCEEDED (COMPLETED), ran for 63.0 seconds, exit status=0, try=1 (of 2)
2025-07-29 02:30:15 -0500 :: hercules-login-1.hpc.msstate.edu :: Task gdas_fit2obs, jobid=5953155, in state SUCCEEDED (COMPLETED), ran for 15.0 seconds, exit status=0, try=1 (of 2)
2025-07-29 02:30:15 -0500 :: hercules-login-1.hpc.msstate.edu :: Task enkfgdas_fcst_mem001, jobid=5953112, in state SUCCEEDED (COMPLETED), ran for 269.0 seconds, exit status=0, try=1 (of 2)
2025-07-29 02:30:15 -0500 :: hercules-login-1.hpc.msstate.edu :: Submitting gdas_arch_vrfy
2025-07-29 02:30:15 -0500 :: hercules-login-1.hpc.msstate.edu :: Submitting enkfgdas_echgres
2025-07-29 02:30:15 -0500 :: hercules-login-1.hpc.msstate.edu :: Submitting enkfgdas_epos000
2025-07-29 02:30:15 -0500 :: hercules-login-1.hpc.msstate.edu :: Submitting enkfgdas_epos001
2025-07-29 02:30:15 -0500 :: hercules-login-1.hpc.msstate.edu :: Submitting enkfgdas_epos002
2025-07-29 02:30:15 -0500 :: hercules-login-1.hpc.msstate.edu :: Submitting enkfgdas_epos003
2025-07-29 02:30:15 -0500 :: hercules-login-1.hpc.msstate.edu :: Submitting enkfgdas_epos004
2025-07-29 02:30:15 -0500 :: hercules-login-1.hpc.msstate.edu :: Submitting enkfgdas_epos005
2025-07-29 02:30:15 -0500 :: hercules-login-1.hpc.msstate.edu :: Submitting enkfgdas_epos006
2025-07-29 02:30:15 -0500 :: hercules-login-1.hpc.msstate.edu :: Submission of gdas_arch_vrfy succeeded, jobid=5953187
2025-07-29 02:30:15 -0500 :: hercules-login-1.hpc.msstate.edu :: Submission of enkfgdas_echgres succeeded, jobid=5953188
2025-07-29 02:30:15 -0500 :: hercules-login-1.hpc.msstate.edu :: Submission of enkfgdas_epos000 succeeded, jobid=5953189
2025-07-29 02:30:15 -0500 :: hercules-login-1.hpc.msstate.edu :: Submission of enkfgdas_epos001 succeeded, jobid=5953190
2025-07-29 02:30:15 -0500 :: hercules-login-1.hpc.msstate.edu :: Submission of enkfgdas_epos002 succeeded, jobid=5953191
2025-07-29 02:30:15 -0500 :: hercules-login-1.hpc.msstate.edu :: Submission of enkfgdas_epos003 succeeded, jobid=5953192
2025-07-29 02:30:15 -0500 :: hercules-login-1.hpc.msstate.edu :: Submission of enkfgdas_epos004 succeeded, jobid=5953193
2025-07-29 02:30:15 -0500 :: hercules-login-1.hpc.msstate.edu :: Submission of enkfgdas_epos005 succeeded, jobid=5953194
2025-07-29 02:30:15 -0500 :: hercules-login-1.hpc.msstate.edu :: Submission of enkfgdas_epos006 succeeded, jobid=5953195
2025-07-29 02:36:17 -0500 :: hercules-login-1.hpc.msstate.edu :: Task gdas_arch_vrfy, jobid=5953187, in state SUCCEEDED (COMPLETED), ran for 41.0 seconds, exit status=0, try=1 (of 2)
2025-07-29 02:36:17 -0500 :: hercules-login-1.hpc.msstate.edu :: Task enkfgdas_echgres, jobid=5953188, in state SUCCEEDED (COMPLETED), ran for 26.0 seconds, exit status=0, try=1 (of 2)
2025-07-29 02:36:17 -0500 :: hercules-login-1.hpc.msstate.edu :: Task enkfgdas_epos000, jobid=5953189, in state SUCCEEDED (COMPLETED), ran for 33.0 seconds, exit status=0, try=1 (of 2)
2025-07-29 02:36:17 -0500 :: hercules-login-1.hpc.msstate.edu :: Task enkfgdas_epos001, jobid=5953190, in state SUCCEEDED (COMPLETED), ran for 36.0 seconds, exit status=0, try=1 (of 2)
2025-07-29 02:36:17 -0500 :: hercules-login-1.hpc.msstate.edu :: Task enkfgdas_epos002, jobid=5953191, in state SUCCEEDED (COMPLETED), ran for 36.0 seconds, exit status=0, try=1 (of 2)
2025-07-29 02:36:17 -0500 :: hercules-login-1.hpc.msstate.edu :: Task enkfgdas_epos003, jobid=5953192, in state SUCCEEDED (COMPLETED), ran for 36.0 seconds, exit status=0, try=1 (of 2)
2025-07-29 02:36:17 -0500 :: hercules-login-1.hpc.msstate.edu :: Task enkfgdas_epos004, jobid=5953193, in state SUCCEEDED (COMPLETED), ran for 35.0 seconds, exit status=0, try=1 (of 2)
2025-07-29 02:36:18 -0500 :: hercules-login-1.hpc.msstate.edu :: Task enkfgdas_epos005, jobid=5953194, in state SUCCEEDED (COMPLETED), ran for 39.0 seconds, exit status=0, try=1 (of 2)
2025-07-29 02:36:18 -0500 :: hercules-login-1.hpc.msstate.edu :: Task enkfgdas_epos006, jobid=5953195, in state SUCCEEDED (COMPLETED), ran for 37.0 seconds, exit status=0, try=1 (of 2)
2025-07-29 02:36:18 -0500 :: hercules-login-1.hpc.msstate.edu :: Submitting gdas_cleanup
2025-07-29 02:36:18 -0500 :: hercules-login-1.hpc.msstate.edu :: Submitting enkfgdas_earc_vrfy
2025-07-29 02:36:18 -0500 :: hercules-login-1.hpc.msstate.edu :: Submission status of gdas_cleanup is pending at druby://130.18.14.151:43779
2025-07-29 02:36:18 -0500 :: hercules-login-1.hpc.msstate.edu :: Submission status of enkfgdas_earc_vrfy is pending at druby://130.18.14.151:43779
2025-07-29 02:42:20 -0500 :: hercules-login-1.hpc.msstate.edu :: Submission status of previously pending gdas_cleanup is success, jobid=5953217
2025-07-29 02:42:20 -0500 :: hercules-login-1.hpc.msstate.edu :: Submission status of previously pending enkfgdas_earc_vrfy is success, jobid=5953218
2025-07-29 02:42:20 -0500 :: hercules-login-1.hpc.msstate.edu :: Task gdas_cleanup, jobid=5953217, in state SUCCEEDED (COMPLETED), ran for 19.0 seconds, exit status=0, try=1 (of 2)
2025-07-29 02:42:20 -0500 :: hercules-login-1.hpc.msstate.edu :: Task enkfgdas_earc_vrfy, jobid=5953218, in state SUCCEEDED (COMPLETED), ran for 35.0 seconds, exit status=0, try=1 (of 2)
2025-07-29 02:42:20 -0500 :: hercules-login-1.hpc.msstate.edu :: Submitting enkfgdas_cleanup
2025-07-29 02:42:20 -0500 :: hercules-login-1.hpc.msstate.edu :: Submission status of enkfgdas_cleanup is pending at druby://130.18.14.151:40577
