2025-07-28 14:48:24 -0500 :: hercules-login-1.hpc.msstate.edu :: Submitting gdas_waveinit
2025-07-28 14:48:24 -0500 :: hercules-login-1.hpc.msstate.edu :: Submitting gdas_stage_ic
2025-07-28 14:48:24 -0500 :: hercules-login-1.hpc.msstate.edu :: Submitting enkfgdas_stage_ic
2025-07-28 14:48:24 -0500 :: hercules-login-1.hpc.msstate.edu :: Submission of gdas_waveinit succeeded, jobid=5950276
2025-07-28 14:48:24 -0500 :: hercules-login-1.hpc.msstate.edu :: Submission of gdas_stage_ic succeeded, jobid=5950277
2025-07-28 14:48:24 -0500 :: hercules-login-1.hpc.msstate.edu :: Submission of enkfgdas_stage_ic succeeded, jobid=5950278
2025-07-28 14:48:35 -0500 :: hercules-login-1.hpc.msstate.edu :: Task gdas_waveinit, jobid=5950276, in state QUEUED (PENDING)
2025-07-28 14:48:35 -0500 :: hercules-login-1.hpc.msstate.edu :: Task gdas_stage_ic, jobid=5950277, in state RUNNING (RUNNING)
2025-07-28 14:48:35 -0500 :: hercules-login-1.hpc.msstate.edu :: Task enkfgdas_stage_ic, jobid=5950278, in state RUNNING (RUNNING)
2025-07-28 14:54:38 -0500 :: hercules-login-1.hpc.msstate.edu :: Task gdas_waveinit, jobid=5950276, in state QUEUED (PENDING)
2025-07-28 14:54:38 -0500 :: hercules-login-1.hpc.msstate.edu :: Task gdas_stage_ic, jobid=5950277, in state SUCCEEDED (COMPLETED), ran for 38.0 seconds, exit status=0, try=1 (of 2)
2025-07-28 14:54:38 -0500 :: hercules-login-1.hpc.msstate.edu :: Task enkfgdas_stage_ic, jobid=5950278, in state SUCCEEDED (COMPLETED), ran for 39.0 seconds, exit status=0, try=1 (of 2)
2025-07-28 14:54:38 -0500 :: hercules-login-1.hpc.msstate.edu :: Submitting gdas_fcst_seg0
2025-07-28 14:54:38 -0500 :: hercules-login-1.hpc.msstate.edu :: Submitting enkfgdas_fcst_mem001
2025-07-28 14:54:38 -0500 :: hercules-login-1.hpc.msstate.edu :: Submitting enkfgdas_fcst_mem002
2025-07-28 14:54:38 -0500 :: hercules-login-1.hpc.msstate.edu :: Submission of gdas_fcst_seg0 succeeded, jobid=5950294
2025-07-28 14:54:38 -0500 :: hercules-login-1.hpc.msstate.edu :: Submission of enkfgdas_fcst_mem001 succeeded, jobid=5950295
2025-07-28 14:54:38 -0500 :: hercules-login-1.hpc.msstate.edu :: Submission of enkfgdas_fcst_mem002 succeeded, jobid=5950296
2025-07-28 15:00:42 -0500 :: hercules-login-1.hpc.msstate.edu :: Task gdas_waveinit, jobid=5950276, in state SUCCEEDED (COMPLETED), ran for 36.0 seconds, exit status=0, try=1 (of 2)
2025-07-28 15:00:42 -0500 :: hercules-login-1.hpc.msstate.edu :: Task gdas_fcst_seg0, jobid=5950294, in state QUEUED (PENDING)
2025-07-28 15:00:42 -0500 :: hercules-login-1.hpc.msstate.edu :: Task enkfgdas_fcst_mem001, jobid=5950295, in state QUEUED (PENDING)
2025-07-28 15:00:42 -0500 :: hercules-login-1.hpc.msstate.edu :: Task enkfgdas_fcst_mem002, jobid=5950296, in state QUEUED (PENDING)
2025-07-28 15:06:45 -0500 :: hercules-login-1.hpc.msstate.edu :: Task gdas_fcst_seg0, jobid=5950294, in state RUNNING (RUNNING)
2025-07-28 15:06:45 -0500 :: hercules-login-1.hpc.msstate.edu :: Task enkfgdas_fcst_mem001, jobid=5950295, in state QUEUED (PENDING)
2025-07-28 15:06:45 -0500 :: hercules-login-1.hpc.msstate.edu :: Task enkfgdas_fcst_mem002, jobid=5950296, in state QUEUED (PENDING)
2025-07-28 15:12:49 -0500 :: hercules-login-1.hpc.msstate.edu :: Task gdas_fcst_seg0, jobid=5950294, in state SUCCEEDED (COMPLETED), ran for 389.0 seconds, exit status=0, try=1 (of 2)
2025-07-28 15:12:49 -0500 :: hercules-login-1.hpc.msstate.edu :: Task enkfgdas_fcst_mem001, jobid=5950295, in state SUCCEEDED (COMPLETED), ran for 241.0 seconds, exit status=0, try=1 (of 2)
2025-07-28 15:12:49 -0500 :: hercules-login-1.hpc.msstate.edu :: Task enkfgdas_fcst_mem002, jobid=5950296, in state SUCCEEDED (COMPLETED), ran for 254.0 seconds, exit status=0, try=1 (of 2)
2025-07-28 15:12:49 -0500 :: hercules-login-1.hpc.msstate.edu :: Submitting gdas_atmos_prod_f000
2025-07-28 15:12:49 -0500 :: hercules-login-1.hpc.msstate.edu :: Submitting gdas_atmos_prod_f001
2025-07-28 15:12:49 -0500 :: hercules-login-1.hpc.msstate.edu :: Submitting gdas_atmos_prod_f002
2025-07-28 15:12:49 -0500 :: hercules-login-1.hpc.msstate.edu :: Submitting gdas_atmos_prod_f003
2025-07-28 15:12:49 -0500 :: hercules-login-1.hpc.msstate.edu :: Submitting gdas_atmos_prod_f004
2025-07-28 15:12:49 -0500 :: hercules-login-1.hpc.msstate.edu :: Submitting gdas_atmos_prod_f005
2025-07-28 15:12:49 -0500 :: hercules-login-1.hpc.msstate.edu :: Submitting gdas_atmos_prod_f006
2025-07-28 15:12:49 -0500 :: hercules-login-1.hpc.msstate.edu :: Submitting gdas_atmos_prod_f007
2025-07-28 15:12:49 -0500 :: hercules-login-1.hpc.msstate.edu :: Submitting gdas_atmos_prod_f008
2025-07-28 15:12:49 -0500 :: hercules-login-1.hpc.msstate.edu :: Submitting gdas_atmos_prod_f009
2025-07-28 15:12:49 -0500 :: hercules-login-1.hpc.msstate.edu :: Submitting enkfgdas_echgres
2025-07-28 15:12:49 -0500 :: hercules-login-1.hpc.msstate.edu :: Submitting enkfgdas_epos000
2025-07-28 15:12:49 -0500 :: hercules-login-1.hpc.msstate.edu :: Submitting enkfgdas_epos001
2025-07-28 15:12:49 -0500 :: hercules-login-1.hpc.msstate.edu :: Submitting enkfgdas_epos002
2025-07-28 15:12:49 -0500 :: hercules-login-1.hpc.msstate.edu :: Submitting enkfgdas_epos003
2025-07-28 15:12:49 -0500 :: hercules-login-1.hpc.msstate.edu :: Submitting enkfgdas_epos004
2025-07-28 15:12:49 -0500 :: hercules-login-1.hpc.msstate.edu :: Submitting enkfgdas_epos005
2025-07-28 15:12:49 -0500 :: hercules-login-1.hpc.msstate.edu :: Submitting enkfgdas_epos006
2025-07-28 15:12:49 -0500 :: hercules-login-1.hpc.msstate.edu :: Submission of gdas_atmos_prod_f000 succeeded, jobid=5950387
2025-07-28 15:12:49 -0500 :: hercules-login-1.hpc.msstate.edu :: Submission of gdas_atmos_prod_f001 succeeded, jobid=5950388
2025-07-28 15:12:49 -0500 :: hercules-login-1.hpc.msstate.edu :: Submission of gdas_atmos_prod_f002 succeeded, jobid=5950389
2025-07-28 15:12:49 -0500 :: hercules-login-1.hpc.msstate.edu :: Submission of gdas_atmos_prod_f003 succeeded, jobid=5950390
2025-07-28 15:12:49 -0500 :: hercules-login-1.hpc.msstate.edu :: Submission of gdas_atmos_prod_f004 succeeded, jobid=5950391
2025-07-28 15:12:49 -0500 :: hercules-login-1.hpc.msstate.edu :: Submission of gdas_atmos_prod_f005 succeeded, jobid=5950392
2025-07-28 15:12:49 -0500 :: hercules-login-1.hpc.msstate.edu :: Submission of gdas_atmos_prod_f006 succeeded, jobid=5950393
2025-07-28 15:12:49 -0500 :: hercules-login-1.hpc.msstate.edu :: Submission of gdas_atmos_prod_f007 succeeded, jobid=5950394
2025-07-28 15:12:49 -0500 :: hercules-login-1.hpc.msstate.edu :: Submission of gdas_atmos_prod_f008 succeeded, jobid=5950395
2025-07-28 15:12:49 -0500 :: hercules-login-1.hpc.msstate.edu :: Submission of gdas_atmos_prod_f009 succeeded, jobid=5950396
2025-07-28 15:12:49 -0500 :: hercules-login-1.hpc.msstate.edu :: Submission of enkfgdas_echgres succeeded, jobid=5950397
2025-07-28 15:12:49 -0500 :: hercules-login-1.hpc.msstate.edu :: Submission of enkfgdas_epos000 succeeded, jobid=5950398
2025-07-28 15:12:49 -0500 :: hercules-login-1.hpc.msstate.edu :: Submission of enkfgdas_epos001 succeeded, jobid=5950399
2025-07-28 15:12:49 -0500 :: hercules-login-1.hpc.msstate.edu :: Submission of enkfgdas_epos002 succeeded, jobid=5950400
2025-07-28 15:12:49 -0500 :: hercules-login-1.hpc.msstate.edu :: Submission of enkfgdas_epos003 succeeded, jobid=5950401
2025-07-28 15:12:49 -0500 :: hercules-login-1.hpc.msstate.edu :: Submission of enkfgdas_epos004 succeeded, jobid=5950402
2025-07-28 15:12:49 -0500 :: hercules-login-1.hpc.msstate.edu :: Submission of enkfgdas_epos005 succeeded, jobid=5950403
2025-07-28 15:12:49 -0500 :: hercules-login-1.hpc.msstate.edu :: Submission of enkfgdas_epos006 succeeded, jobid=5950404
2025-07-28 15:18:52 -0500 :: hercules-login-1.hpc.msstate.edu :: Task gdas_atmos_prod_f000, jobid=5950387, in state QUEUED (PENDING)
2025-07-28 15:18:52 -0500 :: hercules-login-1.hpc.msstate.edu :: Task gdas_atmos_prod_f001, jobid=5950388, in state QUEUED (PENDING)
2025-07-28 15:18:52 -0500 :: hercules-login-1.hpc.msstate.edu :: Task gdas_atmos_prod_f002, jobid=5950389, in state QUEUED (PENDING)
2025-07-28 15:18:52 -0500 :: hercules-login-1.hpc.msstate.edu :: Task gdas_atmos_prod_f003, jobid=5950390, in state QUEUED (PENDING)
2025-07-28 15:18:52 -0500 :: hercules-login-1.hpc.msstate.edu :: Task gdas_atmos_prod_f004, jobid=5950391, in state QUEUED (PENDING)
2025-07-28 15:18:52 -0500 :: hercules-login-1.hpc.msstate.edu :: Task gdas_atmos_prod_f005, jobid=5950392, in state QUEUED (PENDING)
2025-07-28 15:18:52 -0500 :: hercules-login-1.hpc.msstate.edu :: Task gdas_atmos_prod_f006, jobid=5950393, in state QUEUED (PENDING)
2025-07-28 15:18:52 -0500 :: hercules-login-1.hpc.msstate.edu :: Task gdas_atmos_prod_f007, jobid=5950394, in state QUEUED (PENDING)
2025-07-28 15:18:52 -0500 :: hercules-login-1.hpc.msstate.edu :: Task gdas_atmos_prod_f008, jobid=5950395, in state QUEUED (PENDING)
2025-07-28 15:18:52 -0500 :: hercules-login-1.hpc.msstate.edu :: Task gdas_atmos_prod_f009, jobid=5950396, in state QUEUED (PENDING)
2025-07-28 15:18:52 -0500 :: hercules-login-1.hpc.msstate.edu :: Task enkfgdas_echgres, jobid=5950397, in state QUEUED (PENDING)
2025-07-28 15:18:52 -0500 :: hercules-login-1.hpc.msstate.edu :: Task enkfgdas_epos000, jobid=5950398, in state QUEUED (PENDING)
2025-07-28 15:18:52 -0500 :: hercules-login-1.hpc.msstate.edu :: Task enkfgdas_epos001, jobid=5950399, in state QUEUED (PENDING)
2025-07-28 15:18:52 -0500 :: hercules-login-1.hpc.msstate.edu :: Task enkfgdas_epos002, jobid=5950400, in state QUEUED (PENDING)
2025-07-28 15:18:52 -0500 :: hercules-login-1.hpc.msstate.edu :: Task enkfgdas_epos003, jobid=5950401, in state QUEUED (PENDING)
2025-07-28 15:18:52 -0500 :: hercules-login-1.hpc.msstate.edu :: Task enkfgdas_epos004, jobid=5950402, in state QUEUED (PENDING)
2025-07-28 15:18:52 -0500 :: hercules-login-1.hpc.msstate.edu :: Task enkfgdas_epos005, jobid=5950403, in state QUEUED (PENDING)
2025-07-28 15:18:52 -0500 :: hercules-login-1.hpc.msstate.edu :: Task enkfgdas_epos006, jobid=5950404, in state QUEUED (PENDING)
2025-07-28 15:24:56 -0500 :: hercules-login-1.hpc.msstate.edu :: Task gdas_atmos_prod_f000, jobid=5950387, in state QUEUED (PENDING)
2025-07-28 15:24:56 -0500 :: hercules-login-1.hpc.msstate.edu :: Task gdas_atmos_prod_f001, jobid=5950388, in state QUEUED (PENDING)
2025-07-28 15:24:56 -0500 :: hercules-login-1.hpc.msstate.edu :: Task gdas_atmos_prod_f002, jobid=5950389, in state QUEUED (PENDING)
2025-07-28 15:24:56 -0500 :: hercules-login-1.hpc.msstate.edu :: Task gdas_atmos_prod_f003, jobid=5950390, in state QUEUED (PENDING)
2025-07-28 15:24:56 -0500 :: hercules-login-1.hpc.msstate.edu :: Task gdas_atmos_prod_f004, jobid=5950391, in state QUEUED (PENDING)
2025-07-28 15:24:56 -0500 :: hercules-login-1.hpc.msstate.edu :: Task gdas_atmos_prod_f005, jobid=5950392, in state QUEUED (PENDING)
2025-07-28 15:24:56 -0500 :: hercules-login-1.hpc.msstate.edu :: Task gdas_atmos_prod_f006, jobid=5950393, in state QUEUED (PENDING)
2025-07-28 15:24:56 -0500 :: hercules-login-1.hpc.msstate.edu :: Task gdas_atmos_prod_f007, jobid=5950394, in state QUEUED (PENDING)
2025-07-28 15:24:56 -0500 :: hercules-login-1.hpc.msstate.edu :: Task gdas_atmos_prod_f008, jobid=5950395, in state QUEUED (PENDING)
2025-07-28 15:24:56 -0500 :: hercules-login-1.hpc.msstate.edu :: Task gdas_atmos_prod_f009, jobid=5950396, in state QUEUED (PENDING)
2025-07-28 15:24:56 -0500 :: hercules-login-1.hpc.msstate.edu :: Task enkfgdas_echgres, jobid=5950397, in state QUEUED (PENDING)
2025-07-28 15:24:56 -0500 :: hercules-login-1.hpc.msstate.edu :: Task enkfgdas_epos000, jobid=5950398, in state QUEUED (PENDING)
2025-07-28 15:24:56 -0500 :: hercules-login-1.hpc.msstate.edu :: Task enkfgdas_epos001, jobid=5950399, in state QUEUED (PENDING)
2025-07-28 15:24:56 -0500 :: hercules-login-1.hpc.msstate.edu :: Task enkfgdas_epos002, jobid=5950400, in state QUEUED (PENDING)
2025-07-28 15:24:56 -0500 :: hercules-login-1.hpc.msstate.edu :: Task enkfgdas_epos003, jobid=5950401, in state QUEUED (PENDING)
2025-07-28 15:24:56 -0500 :: hercules-login-1.hpc.msstate.edu :: Task enkfgdas_epos004, jobid=5950402, in state QUEUED (PENDING)
2025-07-28 15:24:56 -0500 :: hercules-login-1.hpc.msstate.edu :: Task enkfgdas_epos005, jobid=5950403, in state QUEUED (PENDING)
2025-07-28 15:24:56 -0500 :: hercules-login-1.hpc.msstate.edu :: Task enkfgdas_epos006, jobid=5950404, in state QUEUED (PENDING)
2025-07-28 15:30:59 -0500 :: hercules-login-1.hpc.msstate.edu :: Task gdas_atmos_prod_f000, jobid=5950387, in state QUEUED (PENDING)
2025-07-28 15:30:59 -0500 :: hercules-login-1.hpc.msstate.edu :: Task gdas_atmos_prod_f001, jobid=5950388, in state QUEUED (PENDING)
2025-07-28 15:30:59 -0500 :: hercules-login-1.hpc.msstate.edu :: Task gdas_atmos_prod_f002, jobid=5950389, in state QUEUED (PENDING)
2025-07-28 15:30:59 -0500 :: hercules-login-1.hpc.msstate.edu :: Task gdas_atmos_prod_f003, jobid=5950390, in state QUEUED (PENDING)
2025-07-28 15:30:59 -0500 :: hercules-login-1.hpc.msstate.edu :: Task gdas_atmos_prod_f004, jobid=5950391, in state QUEUED (PENDING)
2025-07-28 15:30:59 -0500 :: hercules-login-1.hpc.msstate.edu :: Task gdas_atmos_prod_f005, jobid=5950392, in state QUEUED (PENDING)
2025-07-28 15:30:59 -0500 :: hercules-login-1.hpc.msstate.edu :: Task gdas_atmos_prod_f006, jobid=5950393, in state QUEUED (PENDING)
2025-07-28 15:30:59 -0500 :: hercules-login-1.hpc.msstate.edu :: Task gdas_atmos_prod_f007, jobid=5950394, in state QUEUED (PENDING)
2025-07-28 15:30:59 -0500 :: hercules-login-1.hpc.msstate.edu :: Task gdas_atmos_prod_f008, jobid=5950395, in state QUEUED (PENDING)
2025-07-28 15:30:59 -0500 :: hercules-login-1.hpc.msstate.edu :: Task gdas_atmos_prod_f009, jobid=5950396, in state QUEUED (PENDING)
2025-07-28 15:30:59 -0500 :: hercules-login-1.hpc.msstate.edu :: Task enkfgdas_echgres, jobid=5950397, in state QUEUED (PENDING)
2025-07-28 15:30:59 -0500 :: hercules-login-1.hpc.msstate.edu :: Task enkfgdas_epos000, jobid=5950398, in state QUEUED (PENDING)
2025-07-28 15:30:59 -0500 :: hercules-login-1.hpc.msstate.edu :: Task enkfgdas_epos001, jobid=5950399, in state QUEUED (PENDING)
2025-07-28 15:30:59 -0500 :: hercules-login-1.hpc.msstate.edu :: Task enkfgdas_epos002, jobid=5950400, in state QUEUED (PENDING)
2025-07-28 15:30:59 -0500 :: hercules-login-1.hpc.msstate.edu :: Task enkfgdas_epos003, jobid=5950401, in state QUEUED (PENDING)
2025-07-28 15:30:59 -0500 :: hercules-login-1.hpc.msstate.edu :: Task enkfgdas_epos004, jobid=5950402, in state QUEUED (PENDING)
2025-07-28 15:30:59 -0500 :: hercules-login-1.hpc.msstate.edu :: Task enkfgdas_epos005, jobid=5950403, in state QUEUED (PENDING)
2025-07-28 15:30:59 -0500 :: hercules-login-1.hpc.msstate.edu :: Task enkfgdas_epos006, jobid=5950404, in state QUEUED (PENDING)
2025-07-28 15:37:02 -0500 :: hercules-login-1.hpc.msstate.edu :: Task gdas_atmos_prod_f000, jobid=5950387, in state QUEUED (PENDING)
2025-07-28 15:37:02 -0500 :: hercules-login-1.hpc.msstate.edu :: Task gdas_atmos_prod_f001, jobid=5950388, in state QUEUED (PENDING)
2025-07-28 15:37:02 -0500 :: hercules-login-1.hpc.msstate.edu :: Task gdas_atmos_prod_f002, jobid=5950389, in state QUEUED (PENDING)
2025-07-28 15:37:02 -0500 :: hercules-login-1.hpc.msstate.edu :: Task gdas_atmos_prod_f003, jobid=5950390, in state QUEUED (PENDING)
2025-07-28 15:37:02 -0500 :: hercules-login-1.hpc.msstate.edu :: Task gdas_atmos_prod_f004, jobid=5950391, in state QUEUED (PENDING)
2025-07-28 15:37:02 -0500 :: hercules-login-1.hpc.msstate.edu :: Task gdas_atmos_prod_f005, jobid=5950392, in state QUEUED (PENDING)
2025-07-28 15:37:02 -0500 :: hercules-login-1.hpc.msstate.edu :: Task gdas_atmos_prod_f006, jobid=5950393, in state QUEUED (PENDING)
2025-07-28 15:37:02 -0500 :: hercules-login-1.hpc.msstate.edu :: Task gdas_atmos_prod_f007, jobid=5950394, in state QUEUED (PENDING)
2025-07-28 15:37:02 -0500 :: hercules-login-1.hpc.msstate.edu :: Task gdas_atmos_prod_f008, jobid=5950395, in state QUEUED (PENDING)
2025-07-28 15:37:02 -0500 :: hercules-login-1.hpc.msstate.edu :: Task gdas_atmos_prod_f009, jobid=5950396, in state QUEUED (PENDING)
2025-07-28 15:37:02 -0500 :: hercules-login-1.hpc.msstate.edu :: Task enkfgdas_echgres, jobid=5950397, in state QUEUED (PENDING)
2025-07-28 15:37:02 -0500 :: hercules-login-1.hpc.msstate.edu :: Task enkfgdas_epos000, jobid=5950398, in state QUEUED (PENDING)
2025-07-28 15:37:02 -0500 :: hercules-login-1.hpc.msstate.edu :: Task enkfgdas_epos001, jobid=5950399, in state QUEUED (PENDING)
2025-07-28 15:37:02 -0500 :: hercules-login-1.hpc.msstate.edu :: Task enkfgdas_epos002, jobid=5950400, in state QUEUED (PENDING)
2025-07-28 15:37:02 -0500 :: hercules-login-1.hpc.msstate.edu :: Task enkfgdas_epos003, jobid=5950401, in state QUEUED (PENDING)
2025-07-28 15:37:02 -0500 :: hercules-login-1.hpc.msstate.edu :: Task enkfgdas_epos004, jobid=5950402, in state QUEUED (PENDING)
2025-07-28 15:37:02 -0500 :: hercules-login-1.hpc.msstate.edu :: Task enkfgdas_epos005, jobid=5950403, in state QUEUED (PENDING)
2025-07-28 15:37:02 -0500 :: hercules-login-1.hpc.msstate.edu :: Task enkfgdas_epos006, jobid=5950404, in state QUEUED (PENDING)
2025-07-28 15:43:06 -0500 :: hercules-login-1.hpc.msstate.edu :: Task gdas_atmos_prod_f000, jobid=5950387, in state QUEUED (PENDING)
2025-07-28 15:43:06 -0500 :: hercules-login-1.hpc.msstate.edu :: Task gdas_atmos_prod_f001, jobid=5950388, in state QUEUED (PENDING)
2025-07-28 15:43:06 -0500 :: hercules-login-1.hpc.msstate.edu :: Task gdas_atmos_prod_f002, jobid=5950389, in state QUEUED (PENDING)
2025-07-28 15:43:06 -0500 :: hercules-login-1.hpc.msstate.edu :: Task gdas_atmos_prod_f003, jobid=5950390, in state QUEUED (PENDING)
2025-07-28 15:43:06 -0500 :: hercules-login-1.hpc.msstate.edu :: Task gdas_atmos_prod_f004, jobid=5950391, in state QUEUED (PENDING)
2025-07-28 15:43:06 -0500 :: hercules-login-1.hpc.msstate.edu :: Task gdas_atmos_prod_f005, jobid=5950392, in state QUEUED (PENDING)
2025-07-28 15:43:06 -0500 :: hercules-login-1.hpc.msstate.edu :: Task gdas_atmos_prod_f006, jobid=5950393, in state QUEUED (PENDING)
2025-07-28 15:43:06 -0500 :: hercules-login-1.hpc.msstate.edu :: Task gdas_atmos_prod_f007, jobid=5950394, in state QUEUED (PENDING)
2025-07-28 15:43:06 -0500 :: hercules-login-1.hpc.msstate.edu :: Task gdas_atmos_prod_f008, jobid=5950395, in state QUEUED (PENDING)
2025-07-28 15:43:06 -0500 :: hercules-login-1.hpc.msstate.edu :: Task gdas_atmos_prod_f009, jobid=5950396, in state QUEUED (PENDING)
2025-07-28 15:43:06 -0500 :: hercules-login-1.hpc.msstate.edu :: Task enkfgdas_echgres, jobid=5950397, in state QUEUED (PENDING)
2025-07-28 15:43:06 -0500 :: hercules-login-1.hpc.msstate.edu :: Task enkfgdas_epos000, jobid=5950398, in state QUEUED (PENDING)
2025-07-28 15:43:06 -0500 :: hercules-login-1.hpc.msstate.edu :: Task enkfgdas_epos001, jobid=5950399, in state QUEUED (PENDING)
2025-07-28 15:43:06 -0500 :: hercules-login-1.hpc.msstate.edu :: Task enkfgdas_epos002, jobid=5950400, in state QUEUED (PENDING)
2025-07-28 15:43:06 -0500 :: hercules-login-1.hpc.msstate.edu :: Task enkfgdas_epos003, jobid=5950401, in state QUEUED (PENDING)
2025-07-28 15:43:06 -0500 :: hercules-login-1.hpc.msstate.edu :: Task enkfgdas_epos004, jobid=5950402, in state QUEUED (PENDING)
2025-07-28 15:43:06 -0500 :: hercules-login-1.hpc.msstate.edu :: Task enkfgdas_epos005, jobid=5950403, in state QUEUED (PENDING)
2025-07-28 15:43:06 -0500 :: hercules-login-1.hpc.msstate.edu :: Task enkfgdas_epos006, jobid=5950404, in state QUEUED (PENDING)
2025-07-28 15:49:09 -0500 :: hercules-login-1.hpc.msstate.edu :: Task gdas_atmos_prod_f000, jobid=5950387, in state QUEUED (PENDING)
2025-07-28 15:49:09 -0500 :: hercules-login-1.hpc.msstate.edu :: Task gdas_atmos_prod_f001, jobid=5950388, in state QUEUED (PENDING)
2025-07-28 15:49:09 -0500 :: hercules-login-1.hpc.msstate.edu :: Task gdas_atmos_prod_f002, jobid=5950389, in state QUEUED (PENDING)
2025-07-28 15:49:09 -0500 :: hercules-login-1.hpc.msstate.edu :: Task gdas_atmos_prod_f003, jobid=5950390, in state QUEUED (PENDING)
2025-07-28 15:49:09 -0500 :: hercules-login-1.hpc.msstate.edu :: Task gdas_atmos_prod_f004, jobid=5950391, in state QUEUED (PENDING)
2025-07-28 15:49:09 -0500 :: hercules-login-1.hpc.msstate.edu :: Task gdas_atmos_prod_f005, jobid=5950392, in state QUEUED (PENDING)
2025-07-28 15:49:09 -0500 :: hercules-login-1.hpc.msstate.edu :: Task gdas_atmos_prod_f006, jobid=5950393, in state QUEUED (PENDING)
2025-07-28 15:49:09 -0500 :: hercules-login-1.hpc.msstate.edu :: Task gdas_atmos_prod_f007, jobid=5950394, in state QUEUED (PENDING)
2025-07-28 15:49:09 -0500 :: hercules-login-1.hpc.msstate.edu :: Task gdas_atmos_prod_f008, jobid=5950395, in state QUEUED (PENDING)
2025-07-28 15:49:09 -0500 :: hercules-login-1.hpc.msstate.edu :: Task gdas_atmos_prod_f009, jobid=5950396, in state QUEUED (PENDING)
2025-07-28 15:49:09 -0500 :: hercules-login-1.hpc.msstate.edu :: Task enkfgdas_echgres, jobid=5950397, in state QUEUED (PENDING)
2025-07-28 15:49:09 -0500 :: hercules-login-1.hpc.msstate.edu :: Task enkfgdas_epos000, jobid=5950398, in state QUEUED (PENDING)
2025-07-28 15:49:09 -0500 :: hercules-login-1.hpc.msstate.edu :: Task enkfgdas_epos001, jobid=5950399, in state QUEUED (PENDING)
2025-07-28 15:49:09 -0500 :: hercules-login-1.hpc.msstate.edu :: Task enkfgdas_epos002, jobid=5950400, in state QUEUED (PENDING)
2025-07-28 15:49:09 -0500 :: hercules-login-1.hpc.msstate.edu :: Task enkfgdas_epos003, jobid=5950401, in state QUEUED (PENDING)
2025-07-28 15:49:09 -0500 :: hercules-login-1.hpc.msstate.edu :: Task enkfgdas_epos004, jobid=5950402, in state QUEUED (PENDING)
2025-07-28 15:49:09 -0500 :: hercules-login-1.hpc.msstate.edu :: Task enkfgdas_epos005, jobid=5950403, in state QUEUED (PENDING)
2025-07-28 15:49:09 -0500 :: hercules-login-1.hpc.msstate.edu :: Task enkfgdas_epos006, jobid=5950404, in state QUEUED (PENDING)
2025-07-28 15:55:12 -0500 :: hercules-login-1.hpc.msstate.edu :: Task gdas_atmos_prod_f000, jobid=5950387, in state QUEUED (PENDING)
2025-07-28 15:55:12 -0500 :: hercules-login-1.hpc.msstate.edu :: Task gdas_atmos_prod_f001, jobid=5950388, in state QUEUED (PENDING)
2025-07-28 15:55:12 -0500 :: hercules-login-1.hpc.msstate.edu :: Task gdas_atmos_prod_f002, jobid=5950389, in state QUEUED (PENDING)
2025-07-28 15:55:12 -0500 :: hercules-login-1.hpc.msstate.edu :: Task gdas_atmos_prod_f003, jobid=5950390, in state QUEUED (PENDING)
2025-07-28 15:55:12 -0500 :: hercules-login-1.hpc.msstate.edu :: Task gdas_atmos_prod_f004, jobid=5950391, in state QUEUED (PENDING)
2025-07-28 15:55:12 -0500 :: hercules-login-1.hpc.msstate.edu :: Task gdas_atmos_prod_f005, jobid=5950392, in state QUEUED (PENDING)
2025-07-28 15:55:12 -0500 :: hercules-login-1.hpc.msstate.edu :: Task gdas_atmos_prod_f006, jobid=5950393, in state QUEUED (PENDING)
2025-07-28 15:55:12 -0500 :: hercules-login-1.hpc.msstate.edu :: Task gdas_atmos_prod_f007, jobid=5950394, in state QUEUED (PENDING)
2025-07-28 15:55:12 -0500 :: hercules-login-1.hpc.msstate.edu :: Task gdas_atmos_prod_f008, jobid=5950395, in state QUEUED (PENDING)
2025-07-28 15:55:12 -0500 :: hercules-login-1.hpc.msstate.edu :: Task gdas_atmos_prod_f009, jobid=5950396, in state QUEUED (PENDING)
2025-07-28 15:55:12 -0500 :: hercules-login-1.hpc.msstate.edu :: Task enkfgdas_echgres, jobid=5950397, in state QUEUED (PENDING)
2025-07-28 15:55:12 -0500 :: hercules-login-1.hpc.msstate.edu :: Task enkfgdas_epos000, jobid=5950398, in state QUEUED (PENDING)
2025-07-28 15:55:12 -0500 :: hercules-login-1.hpc.msstate.edu :: Task enkfgdas_epos001, jobid=5950399, in state QUEUED (PENDING)
2025-07-28 15:55:12 -0500 :: hercules-login-1.hpc.msstate.edu :: Task enkfgdas_epos002, jobid=5950400, in state QUEUED (PENDING)
2025-07-28 15:55:12 -0500 :: hercules-login-1.hpc.msstate.edu :: Task enkfgdas_epos003, jobid=5950401, in state QUEUED (PENDING)
2025-07-28 15:55:12 -0500 :: hercules-login-1.hpc.msstate.edu :: Task enkfgdas_epos004, jobid=5950402, in state QUEUED (PENDING)
2025-07-28 15:55:12 -0500 :: hercules-login-1.hpc.msstate.edu :: Task enkfgdas_epos005, jobid=5950403, in state QUEUED (PENDING)
2025-07-28 15:55:12 -0500 :: hercules-login-1.hpc.msstate.edu :: Task enkfgdas_epos006, jobid=5950404, in state QUEUED (PENDING)
2025-07-28 16:01:16 -0500 :: hercules-login-1.hpc.msstate.edu :: Task gdas_atmos_prod_f000, jobid=5950387, in state QUEUED (PENDING)
2025-07-28 16:01:16 -0500 :: hercules-login-1.hpc.msstate.edu :: Task gdas_atmos_prod_f001, jobid=5950388, in state QUEUED (PENDING)
2025-07-28 16:01:16 -0500 :: hercules-login-1.hpc.msstate.edu :: Task gdas_atmos_prod_f002, jobid=5950389, in state QUEUED (PENDING)
2025-07-28 16:01:16 -0500 :: hercules-login-1.hpc.msstate.edu :: Task gdas_atmos_prod_f003, jobid=5950390, in state QUEUED (PENDING)
2025-07-28 16:01:16 -0500 :: hercules-login-1.hpc.msstate.edu :: Task gdas_atmos_prod_f004, jobid=5950391, in state QUEUED (PENDING)
2025-07-28 16:01:16 -0500 :: hercules-login-1.hpc.msstate.edu :: Task gdas_atmos_prod_f005, jobid=5950392, in state QUEUED (PENDING)
2025-07-28 16:01:16 -0500 :: hercules-login-1.hpc.msstate.edu :: Task gdas_atmos_prod_f006, jobid=5950393, in state QUEUED (PENDING)
2025-07-28 16:01:16 -0500 :: hercules-login-1.hpc.msstate.edu :: Task gdas_atmos_prod_f007, jobid=5950394, in state QUEUED (PENDING)
2025-07-28 16:01:16 -0500 :: hercules-login-1.hpc.msstate.edu :: Task gdas_atmos_prod_f008, jobid=5950395, in state QUEUED (PENDING)
2025-07-28 16:01:16 -0500 :: hercules-login-1.hpc.msstate.edu :: Task gdas_atmos_prod_f009, jobid=5950396, in state QUEUED (PENDING)
2025-07-28 16:01:16 -0500 :: hercules-login-1.hpc.msstate.edu :: Task enkfgdas_echgres, jobid=5950397, in state QUEUED (PENDING)
2025-07-28 16:01:16 -0500 :: hercules-login-1.hpc.msstate.edu :: Task enkfgdas_epos000, jobid=5950398, in state QUEUED (PENDING)
2025-07-28 16:01:16 -0500 :: hercules-login-1.hpc.msstate.edu :: Task enkfgdas_epos001, jobid=5950399, in state QUEUED (PENDING)
2025-07-28 16:01:16 -0500 :: hercules-login-1.hpc.msstate.edu :: Task enkfgdas_epos002, jobid=5950400, in state QUEUED (PENDING)
2025-07-28 16:01:16 -0500 :: hercules-login-1.hpc.msstate.edu :: Task enkfgdas_epos003, jobid=5950401, in state QUEUED (PENDING)
2025-07-28 16:01:16 -0500 :: hercules-login-1.hpc.msstate.edu :: Task enkfgdas_epos004, jobid=5950402, in state QUEUED (PENDING)
2025-07-28 16:01:16 -0500 :: hercules-login-1.hpc.msstate.edu :: Task enkfgdas_epos005, jobid=5950403, in state QUEUED (PENDING)
2025-07-28 16:01:16 -0500 :: hercules-login-1.hpc.msstate.edu :: Task enkfgdas_epos006, jobid=5950404, in state QUEUED (PENDING)
2025-07-28 16:07:19 -0500 :: hercules-login-1.hpc.msstate.edu :: Task gdas_atmos_prod_f000, jobid=5950387, in state QUEUED (PENDING)
2025-07-28 16:07:19 -0500 :: hercules-login-1.hpc.msstate.edu :: Task gdas_atmos_prod_f001, jobid=5950388, in state QUEUED (PENDING)
2025-07-28 16:07:19 -0500 :: hercules-login-1.hpc.msstate.edu :: Task gdas_atmos_prod_f002, jobid=5950389, in state QUEUED (PENDING)
2025-07-28 16:07:19 -0500 :: hercules-login-1.hpc.msstate.edu :: Task gdas_atmos_prod_f003, jobid=5950390, in state QUEUED (PENDING)
2025-07-28 16:07:19 -0500 :: hercules-login-1.hpc.msstate.edu :: Task gdas_atmos_prod_f004, jobid=5950391, in state QUEUED (PENDING)
2025-07-28 16:07:19 -0500 :: hercules-login-1.hpc.msstate.edu :: Task gdas_atmos_prod_f005, jobid=5950392, in state QUEUED (PENDING)
2025-07-28 16:07:19 -0500 :: hercules-login-1.hpc.msstate.edu :: Task gdas_atmos_prod_f006, jobid=5950393, in state QUEUED (PENDING)
2025-07-28 16:07:19 -0500 :: hercules-login-1.hpc.msstate.edu :: Task gdas_atmos_prod_f007, jobid=5950394, in state QUEUED (PENDING)
2025-07-28 16:07:19 -0500 :: hercules-login-1.hpc.msstate.edu :: Task gdas_atmos_prod_f008, jobid=5950395, in state QUEUED (PENDING)
2025-07-28 16:07:19 -0500 :: hercules-login-1.hpc.msstate.edu :: Task gdas_atmos_prod_f009, jobid=5950396, in state QUEUED (PENDING)
2025-07-28 16:07:19 -0500 :: hercules-login-1.hpc.msstate.edu :: Task enkfgdas_echgres, jobid=5950397, in state QUEUED (PENDING)
2025-07-28 16:07:19 -0500 :: hercules-login-1.hpc.msstate.edu :: Task enkfgdas_epos000, jobid=5950398, in state QUEUED (PENDING)
2025-07-28 16:07:19 -0500 :: hercules-login-1.hpc.msstate.edu :: Task enkfgdas_epos001, jobid=5950399, in state QUEUED (PENDING)
2025-07-28 16:07:19 -0500 :: hercules-login-1.hpc.msstate.edu :: Task enkfgdas_epos002, jobid=5950400, in state QUEUED (PENDING)
2025-07-28 16:07:19 -0500 :: hercules-login-1.hpc.msstate.edu :: Task enkfgdas_epos003, jobid=5950401, in state QUEUED (PENDING)
2025-07-28 16:07:19 -0500 :: hercules-login-1.hpc.msstate.edu :: Task enkfgdas_epos004, jobid=5950402, in state QUEUED (PENDING)
2025-07-28 16:07:19 -0500 :: hercules-login-1.hpc.msstate.edu :: Task enkfgdas_epos005, jobid=5950403, in state QUEUED (PENDING)
2025-07-28 16:07:19 -0500 :: hercules-login-1.hpc.msstate.edu :: Task enkfgdas_epos006, jobid=5950404, in state QUEUED (PENDING)
2025-07-28 16:13:22 -0500 :: hercules-login-1.hpc.msstate.edu :: Task gdas_atmos_prod_f000, jobid=5950387, in state QUEUED (PENDING)
2025-07-28 16:13:22 -0500 :: hercules-login-1.hpc.msstate.edu :: Task gdas_atmos_prod_f001, jobid=5950388, in state QUEUED (PENDING)
2025-07-28 16:13:22 -0500 :: hercules-login-1.hpc.msstate.edu :: Task gdas_atmos_prod_f002, jobid=5950389, in state QUEUED (PENDING)
2025-07-28 16:13:22 -0500 :: hercules-login-1.hpc.msstate.edu :: Task gdas_atmos_prod_f003, jobid=5950390, in state QUEUED (PENDING)
2025-07-28 16:13:22 -0500 :: hercules-login-1.hpc.msstate.edu :: Task gdas_atmos_prod_f004, jobid=5950391, in state QUEUED (PENDING)
2025-07-28 16:13:22 -0500 :: hercules-login-1.hpc.msstate.edu :: Task gdas_atmos_prod_f005, jobid=5950392, in state QUEUED (PENDING)
2025-07-28 16:13:22 -0500 :: hercules-login-1.hpc.msstate.edu :: Task gdas_atmos_prod_f006, jobid=5950393, in state QUEUED (PENDING)
2025-07-28 16:13:22 -0500 :: hercules-login-1.hpc.msstate.edu :: Task gdas_atmos_prod_f007, jobid=5950394, in state QUEUED (PENDING)
2025-07-28 16:13:22 -0500 :: hercules-login-1.hpc.msstate.edu :: Task gdas_atmos_prod_f008, jobid=5950395, in state QUEUED (PENDING)
2025-07-28 16:13:22 -0500 :: hercules-login-1.hpc.msstate.edu :: Task gdas_atmos_prod_f009, jobid=5950396, in state QUEUED (PENDING)
2025-07-28 16:13:22 -0500 :: hercules-login-1.hpc.msstate.edu :: Task enkfgdas_echgres, jobid=5950397, in state QUEUED (PENDING)
2025-07-28 16:13:22 -0500 :: hercules-login-1.hpc.msstate.edu :: Task enkfgdas_epos000, jobid=5950398, in state QUEUED (PENDING)
2025-07-28 16:13:22 -0500 :: hercules-login-1.hpc.msstate.edu :: Task enkfgdas_epos001, jobid=5950399, in state QUEUED (PENDING)
2025-07-28 16:13:22 -0500 :: hercules-login-1.hpc.msstate.edu :: Task enkfgdas_epos002, jobid=5950400, in state QUEUED (PENDING)
2025-07-28 16:13:22 -0500 :: hercules-login-1.hpc.msstate.edu :: Task enkfgdas_epos003, jobid=5950401, in state QUEUED (PENDING)
2025-07-28 16:13:22 -0500 :: hercules-login-1.hpc.msstate.edu :: Task enkfgdas_epos004, jobid=5950402, in state QUEUED (PENDING)
2025-07-28 16:13:22 -0500 :: hercules-login-1.hpc.msstate.edu :: Task enkfgdas_epos005, jobid=5950403, in state QUEUED (PENDING)
2025-07-28 16:13:22 -0500 :: hercules-login-1.hpc.msstate.edu :: Task enkfgdas_epos006, jobid=5950404, in state QUEUED (PENDING)
2025-07-28 16:19:26 -0500 :: hercules-login-1.hpc.msstate.edu :: Task gdas_atmos_prod_f000, jobid=5950387, in state QUEUED (PENDING)
2025-07-28 16:19:26 -0500 :: hercules-login-1.hpc.msstate.edu :: Task gdas_atmos_prod_f001, jobid=5950388, in state QUEUED (PENDING)
2025-07-28 16:19:26 -0500 :: hercules-login-1.hpc.msstate.edu :: Task gdas_atmos_prod_f002, jobid=5950389, in state QUEUED (PENDING)
2025-07-28 16:19:26 -0500 :: hercules-login-1.hpc.msstate.edu :: Task gdas_atmos_prod_f003, jobid=5950390, in state QUEUED (PENDING)
2025-07-28 16:19:26 -0500 :: hercules-login-1.hpc.msstate.edu :: Task gdas_atmos_prod_f004, jobid=5950391, in state QUEUED (PENDING)
2025-07-28 16:19:26 -0500 :: hercules-login-1.hpc.msstate.edu :: Task gdas_atmos_prod_f005, jobid=5950392, in state QUEUED (PENDING)
2025-07-28 16:19:26 -0500 :: hercules-login-1.hpc.msstate.edu :: Task gdas_atmos_prod_f006, jobid=5950393, in state QUEUED (PENDING)
2025-07-28 16:19:26 -0500 :: hercules-login-1.hpc.msstate.edu :: Task gdas_atmos_prod_f007, jobid=5950394, in state QUEUED (PENDING)
2025-07-28 16:19:26 -0500 :: hercules-login-1.hpc.msstate.edu :: Task gdas_atmos_prod_f008, jobid=5950395, in state QUEUED (PENDING)
2025-07-28 16:19:26 -0500 :: hercules-login-1.hpc.msstate.edu :: Task gdas_atmos_prod_f009, jobid=5950396, in state QUEUED (PENDING)
2025-07-28 16:19:26 -0500 :: hercules-login-1.hpc.msstate.edu :: Task enkfgdas_echgres, jobid=5950397, in state QUEUED (PENDING)
2025-07-28 16:19:26 -0500 :: hercules-login-1.hpc.msstate.edu :: Task enkfgdas_epos000, jobid=5950398, in state QUEUED (PENDING)
2025-07-28 16:19:26 -0500 :: hercules-login-1.hpc.msstate.edu :: Task enkfgdas_epos001, jobid=5950399, in state QUEUED (PENDING)
2025-07-28 16:19:26 -0500 :: hercules-login-1.hpc.msstate.edu :: Task enkfgdas_epos002, jobid=5950400, in state QUEUED (PENDING)
2025-07-28 16:19:26 -0500 :: hercules-login-1.hpc.msstate.edu :: Task enkfgdas_epos003, jobid=5950401, in state QUEUED (PENDING)
2025-07-28 16:19:26 -0500 :: hercules-login-1.hpc.msstate.edu :: Task enkfgdas_epos004, jobid=5950402, in state QUEUED (PENDING)
2025-07-28 16:19:26 -0500 :: hercules-login-1.hpc.msstate.edu :: Task enkfgdas_epos005, jobid=5950403, in state QUEUED (PENDING)
2025-07-28 16:19:26 -0500 :: hercules-login-1.hpc.msstate.edu :: Task enkfgdas_epos006, jobid=5950404, in state QUEUED (PENDING)
2025-07-28 16:25:29 -0500 :: hercules-login-1.hpc.msstate.edu :: Task gdas_atmos_prod_f000, jobid=5950387, in state QUEUED (PENDING)
2025-07-28 16:25:29 -0500 :: hercules-login-1.hpc.msstate.edu :: Task gdas_atmos_prod_f001, jobid=5950388, in state QUEUED (PENDING)
2025-07-28 16:25:29 -0500 :: hercules-login-1.hpc.msstate.edu :: Task gdas_atmos_prod_f002, jobid=5950389, in state QUEUED (PENDING)
2025-07-28 16:25:29 -0500 :: hercules-login-1.hpc.msstate.edu :: Task gdas_atmos_prod_f003, jobid=5950390, in state QUEUED (PENDING)
2025-07-28 16:25:29 -0500 :: hercules-login-1.hpc.msstate.edu :: Task gdas_atmos_prod_f004, jobid=5950391, in state QUEUED (PENDING)
2025-07-28 16:25:29 -0500 :: hercules-login-1.hpc.msstate.edu :: Task gdas_atmos_prod_f005, jobid=5950392, in state QUEUED (PENDING)
2025-07-28 16:25:29 -0500 :: hercules-login-1.hpc.msstate.edu :: Task gdas_atmos_prod_f006, jobid=5950393, in state QUEUED (PENDING)
2025-07-28 16:25:29 -0500 :: hercules-login-1.hpc.msstate.edu :: Task gdas_atmos_prod_f007, jobid=5950394, in state QUEUED (PENDING)
2025-07-28 16:25:29 -0500 :: hercules-login-1.hpc.msstate.edu :: Task gdas_atmos_prod_f008, jobid=5950395, in state QUEUED (PENDING)
2025-07-28 16:25:29 -0500 :: hercules-login-1.hpc.msstate.edu :: Task gdas_atmos_prod_f009, jobid=5950396, in state QUEUED (PENDING)
2025-07-28 16:25:29 -0500 :: hercules-login-1.hpc.msstate.edu :: Task enkfgdas_echgres, jobid=5950397, in state QUEUED (PENDING)
2025-07-28 16:25:29 -0500 :: hercules-login-1.hpc.msstate.edu :: Task enkfgdas_epos000, jobid=5950398, in state QUEUED (PENDING)
2025-07-28 16:25:29 -0500 :: hercules-login-1.hpc.msstate.edu :: Task enkfgdas_epos001, jobid=5950399, in state QUEUED (PENDING)
2025-07-28 16:25:29 -0500 :: hercules-login-1.hpc.msstate.edu :: Task enkfgdas_epos002, jobid=5950400, in state QUEUED (PENDING)
2025-07-28 16:25:29 -0500 :: hercules-login-1.hpc.msstate.edu :: Task enkfgdas_epos003, jobid=5950401, in state QUEUED (PENDING)
2025-07-28 16:25:29 -0500 :: hercules-login-1.hpc.msstate.edu :: Task enkfgdas_epos004, jobid=5950402, in state QUEUED (PENDING)
2025-07-28 16:25:29 -0500 :: hercules-login-1.hpc.msstate.edu :: Task enkfgdas_epos005, jobid=5950403, in state QUEUED (PENDING)
2025-07-28 16:25:29 -0500 :: hercules-login-1.hpc.msstate.edu :: Task enkfgdas_epos006, jobid=5950404, in state QUEUED (PENDING)
2025-07-28 16:31:32 -0500 :: hercules-login-1.hpc.msstate.edu :: Task gdas_atmos_prod_f000, jobid=5950387, in state QUEUED (PENDING)
2025-07-28 16:31:32 -0500 :: hercules-login-1.hpc.msstate.edu :: Task gdas_atmos_prod_f001, jobid=5950388, in state QUEUED (PENDING)
2025-07-28 16:31:32 -0500 :: hercules-login-1.hpc.msstate.edu :: Task gdas_atmos_prod_f002, jobid=5950389, in state QUEUED (PENDING)
2025-07-28 16:31:32 -0500 :: hercules-login-1.hpc.msstate.edu :: Task gdas_atmos_prod_f003, jobid=5950390, in state QUEUED (PENDING)
2025-07-28 16:31:32 -0500 :: hercules-login-1.hpc.msstate.edu :: Task gdas_atmos_prod_f004, jobid=5950391, in state QUEUED (PENDING)
2025-07-28 16:31:32 -0500 :: hercules-login-1.hpc.msstate.edu :: Task gdas_atmos_prod_f005, jobid=5950392, in state QUEUED (PENDING)
2025-07-28 16:31:32 -0500 :: hercules-login-1.hpc.msstate.edu :: Task gdas_atmos_prod_f006, jobid=5950393, in state QUEUED (PENDING)
2025-07-28 16:31:32 -0500 :: hercules-login-1.hpc.msstate.edu :: Task gdas_atmos_prod_f007, jobid=5950394, in state QUEUED (PENDING)
2025-07-28 16:31:32 -0500 :: hercules-login-1.hpc.msstate.edu :: Task gdas_atmos_prod_f008, jobid=5950395, in state QUEUED (PENDING)
2025-07-28 16:31:32 -0500 :: hercules-login-1.hpc.msstate.edu :: Task gdas_atmos_prod_f009, jobid=5950396, in state QUEUED (PENDING)
2025-07-28 16:31:32 -0500 :: hercules-login-1.hpc.msstate.edu :: Task enkfgdas_echgres, jobid=5950397, in state QUEUED (PENDING)
2025-07-28 16:31:32 -0500 :: hercules-login-1.hpc.msstate.edu :: Task enkfgdas_epos000, jobid=5950398, in state QUEUED (PENDING)
2025-07-28 16:31:32 -0500 :: hercules-login-1.hpc.msstate.edu :: Task enkfgdas_epos001, jobid=5950399, in state QUEUED (PENDING)
2025-07-28 16:31:32 -0500 :: hercules-login-1.hpc.msstate.edu :: Task enkfgdas_epos002, jobid=5950400, in state QUEUED (PENDING)
2025-07-28 16:31:32 -0500 :: hercules-login-1.hpc.msstate.edu :: Task enkfgdas_epos003, jobid=5950401, in state QUEUED (PENDING)
2025-07-28 16:31:32 -0500 :: hercules-login-1.hpc.msstate.edu :: Task enkfgdas_epos004, jobid=5950402, in state QUEUED (PENDING)
2025-07-28 16:31:32 -0500 :: hercules-login-1.hpc.msstate.edu :: Task enkfgdas_epos005, jobid=5950403, in state QUEUED (PENDING)
2025-07-28 16:31:32 -0500 :: hercules-login-1.hpc.msstate.edu :: Task enkfgdas_epos006, jobid=5950404, in state QUEUED (PENDING)
2025-07-28 16:37:36 -0500 :: hercules-login-1.hpc.msstate.edu :: Task gdas_atmos_prod_f000, jobid=5950387, in state QUEUED (PENDING)
2025-07-28 16:37:36 -0500 :: hercules-login-1.hpc.msstate.edu :: Task gdas_atmos_prod_f001, jobid=5950388, in state QUEUED (PENDING)
2025-07-28 16:37:36 -0500 :: hercules-login-1.hpc.msstate.edu :: Task gdas_atmos_prod_f002, jobid=5950389, in state QUEUED (PENDING)
2025-07-28 16:37:36 -0500 :: hercules-login-1.hpc.msstate.edu :: Task gdas_atmos_prod_f003, jobid=5950390, in state QUEUED (PENDING)
2025-07-28 16:37:36 -0500 :: hercules-login-1.hpc.msstate.edu :: Task gdas_atmos_prod_f004, jobid=5950391, in state QUEUED (PENDING)
2025-07-28 16:37:36 -0500 :: hercules-login-1.hpc.msstate.edu :: Task gdas_atmos_prod_f005, jobid=5950392, in state QUEUED (PENDING)
2025-07-28 16:37:36 -0500 :: hercules-login-1.hpc.msstate.edu :: Task gdas_atmos_prod_f006, jobid=5950393, in state QUEUED (PENDING)
2025-07-28 16:37:36 -0500 :: hercules-login-1.hpc.msstate.edu :: Task gdas_atmos_prod_f007, jobid=5950394, in state QUEUED (PENDING)
2025-07-28 16:37:36 -0500 :: hercules-login-1.hpc.msstate.edu :: Task gdas_atmos_prod_f008, jobid=5950395, in state QUEUED (PENDING)
2025-07-28 16:37:36 -0500 :: hercules-login-1.hpc.msstate.edu :: Task gdas_atmos_prod_f009, jobid=5950396, in state QUEUED (PENDING)
2025-07-28 16:37:36 -0500 :: hercules-login-1.hpc.msstate.edu :: Task enkfgdas_echgres, jobid=5950397, in state SUCCEEDED (COMPLETED), ran for 31.0 seconds, exit status=0, try=1 (of 2)
2025-07-28 16:37:36 -0500 :: hercules-login-1.hpc.msstate.edu :: Task enkfgdas_epos000, jobid=5950398, in state QUEUED (PENDING)
2025-07-28 16:37:36 -0500 :: hercules-login-1.hpc.msstate.edu :: Task enkfgdas_epos001, jobid=5950399, in state QUEUED (PENDING)
2025-07-28 16:37:36 -0500 :: hercules-login-1.hpc.msstate.edu :: Task enkfgdas_epos002, jobid=5950400, in state QUEUED (PENDING)
2025-07-28 16:37:36 -0500 :: hercules-login-1.hpc.msstate.edu :: Task enkfgdas_epos003, jobid=5950401, in state QUEUED (PENDING)
2025-07-28 16:37:36 -0500 :: hercules-login-1.hpc.msstate.edu :: Task enkfgdas_epos004, jobid=5950402, in state QUEUED (PENDING)
2025-07-28 16:37:36 -0500 :: hercules-login-1.hpc.msstate.edu :: Task enkfgdas_epos005, jobid=5950403, in state QUEUED (PENDING)
2025-07-28 16:37:36 -0500 :: hercules-login-1.hpc.msstate.edu :: Task enkfgdas_epos006, jobid=5950404, in state QUEUED (PENDING)
2025-07-28 16:43:39 -0500 :: hercules-login-1.hpc.msstate.edu :: Task gdas_atmos_prod_f000, jobid=5950387, in state QUEUED (PENDING)
2025-07-28 16:43:39 -0500 :: hercules-login-1.hpc.msstate.edu :: Task gdas_atmos_prod_f001, jobid=5950388, in state QUEUED (PENDING)
2025-07-28 16:43:39 -0500 :: hercules-login-1.hpc.msstate.edu :: Task gdas_atmos_prod_f002, jobid=5950389, in state QUEUED (PENDING)
2025-07-28 16:43:39 -0500 :: hercules-login-1.hpc.msstate.edu :: Task gdas_atmos_prod_f003, jobid=5950390, in state QUEUED (PENDING)
2025-07-28 16:43:39 -0500 :: hercules-login-1.hpc.msstate.edu :: Task gdas_atmos_prod_f004, jobid=5950391, in state QUEUED (PENDING)
2025-07-28 16:43:39 -0500 :: hercules-login-1.hpc.msstate.edu :: Task gdas_atmos_prod_f005, jobid=5950392, in state QUEUED (PENDING)
2025-07-28 16:43:39 -0500 :: hercules-login-1.hpc.msstate.edu :: Task gdas_atmos_prod_f006, jobid=5950393, in state QUEUED (PENDING)
2025-07-28 16:43:39 -0500 :: hercules-login-1.hpc.msstate.edu :: Task gdas_atmos_prod_f007, jobid=5950394, in state QUEUED (PENDING)
2025-07-28 16:43:39 -0500 :: hercules-login-1.hpc.msstate.edu :: Task gdas_atmos_prod_f008, jobid=5950395, in state QUEUED (PENDING)
2025-07-28 16:43:39 -0500 :: hercules-login-1.hpc.msstate.edu :: Task gdas_atmos_prod_f009, jobid=5950396, in state QUEUED (PENDING)
2025-07-28 16:43:39 -0500 :: hercules-login-1.hpc.msstate.edu :: Task enkfgdas_epos000, jobid=5950398, in state QUEUED (PENDING)
2025-07-28 16:43:39 -0500 :: hercules-login-1.hpc.msstate.edu :: Task enkfgdas_epos001, jobid=5950399, in state QUEUED (PENDING)
2025-07-28 16:43:39 -0500 :: hercules-login-1.hpc.msstate.edu :: Task enkfgdas_epos002, jobid=5950400, in state QUEUED (PENDING)
2025-07-28 16:43:39 -0500 :: hercules-login-1.hpc.msstate.edu :: Task enkfgdas_epos003, jobid=5950401, in state QUEUED (PENDING)
2025-07-28 16:43:39 -0500 :: hercules-login-1.hpc.msstate.edu :: Task enkfgdas_epos004, jobid=5950402, in state QUEUED (PENDING)
2025-07-28 16:43:39 -0500 :: hercules-login-1.hpc.msstate.edu :: Task enkfgdas_epos005, jobid=5950403, in state QUEUED (PENDING)
2025-07-28 16:43:39 -0500 :: hercules-login-1.hpc.msstate.edu :: Task enkfgdas_epos006, jobid=5950404, in state QUEUED (PENDING)
2025-07-28 16:49:43 -0500 :: hercules-login-1.hpc.msstate.edu :: Task gdas_atmos_prod_f000, jobid=5950387, in state QUEUED (PENDING)
2025-07-28 16:49:43 -0500 :: hercules-login-1.hpc.msstate.edu :: Task gdas_atmos_prod_f001, jobid=5950388, in state QUEUED (PENDING)
2025-07-28 16:49:43 -0500 :: hercules-login-1.hpc.msstate.edu :: Task gdas_atmos_prod_f002, jobid=5950389, in state QUEUED (PENDING)
2025-07-28 16:49:43 -0500 :: hercules-login-1.hpc.msstate.edu :: Task gdas_atmos_prod_f003, jobid=5950390, in state QUEUED (PENDING)
2025-07-28 16:49:43 -0500 :: hercules-login-1.hpc.msstate.edu :: Task gdas_atmos_prod_f004, jobid=5950391, in state QUEUED (PENDING)
2025-07-28 16:49:43 -0500 :: hercules-login-1.hpc.msstate.edu :: Task gdas_atmos_prod_f005, jobid=5950392, in state QUEUED (PENDING)
2025-07-28 16:49:43 -0500 :: hercules-login-1.hpc.msstate.edu :: Task gdas_atmos_prod_f006, jobid=5950393, in state QUEUED (PENDING)
2025-07-28 16:49:43 -0500 :: hercules-login-1.hpc.msstate.edu :: Task gdas_atmos_prod_f007, jobid=5950394, in state QUEUED (PENDING)
2025-07-28 16:49:43 -0500 :: hercules-login-1.hpc.msstate.edu :: Task gdas_atmos_prod_f008, jobid=5950395, in state QUEUED (PENDING)
2025-07-28 16:49:43 -0500 :: hercules-login-1.hpc.msstate.edu :: Task gdas_atmos_prod_f009, jobid=5950396, in state QUEUED (PENDING)
2025-07-28 16:49:43 -0500 :: hercules-login-1.hpc.msstate.edu :: Task enkfgdas_epos000, jobid=5950398, in state QUEUED (PENDING)
2025-07-28 16:49:43 -0500 :: hercules-login-1.hpc.msstate.edu :: Task enkfgdas_epos001, jobid=5950399, in state QUEUED (PENDING)
2025-07-28 16:49:43 -0500 :: hercules-login-1.hpc.msstate.edu :: Task enkfgdas_epos002, jobid=5950400, in state QUEUED (PENDING)
2025-07-28 16:49:43 -0500 :: hercules-login-1.hpc.msstate.edu :: Task enkfgdas_epos003, jobid=5950401, in state QUEUED (PENDING)
2025-07-28 16:49:43 -0500 :: hercules-login-1.hpc.msstate.edu :: Task enkfgdas_epos004, jobid=5950402, in state QUEUED (PENDING)
2025-07-28 16:49:43 -0500 :: hercules-login-1.hpc.msstate.edu :: Task enkfgdas_epos005, jobid=5950403, in state QUEUED (PENDING)
2025-07-28 16:49:43 -0500 :: hercules-login-1.hpc.msstate.edu :: Task enkfgdas_epos006, jobid=5950404, in state QUEUED (PENDING)
2025-07-28 16:55:46 -0500 :: hercules-login-1.hpc.msstate.edu :: Task gdas_atmos_prod_f000, jobid=5950387, in state QUEUED (PENDING)
2025-07-28 16:55:46 -0500 :: hercules-login-1.hpc.msstate.edu :: Task gdas_atmos_prod_f001, jobid=5950388, in state QUEUED (PENDING)
2025-07-28 16:55:46 -0500 :: hercules-login-1.hpc.msstate.edu :: Task gdas_atmos_prod_f002, jobid=5950389, in state QUEUED (PENDING)
2025-07-28 16:55:46 -0500 :: hercules-login-1.hpc.msstate.edu :: Task gdas_atmos_prod_f003, jobid=5950390, in state QUEUED (PENDING)
2025-07-28 16:55:46 -0500 :: hercules-login-1.hpc.msstate.edu :: Task gdas_atmos_prod_f004, jobid=5950391, in state QUEUED (PENDING)
2025-07-28 16:55:46 -0500 :: hercules-login-1.hpc.msstate.edu :: Task gdas_atmos_prod_f005, jobid=5950392, in state QUEUED (PENDING)
2025-07-28 16:55:46 -0500 :: hercules-login-1.hpc.msstate.edu :: Task gdas_atmos_prod_f006, jobid=5950393, in state QUEUED (PENDING)
2025-07-28 16:55:46 -0500 :: hercules-login-1.hpc.msstate.edu :: Task gdas_atmos_prod_f007, jobid=5950394, in state QUEUED (PENDING)
2025-07-28 16:55:46 -0500 :: hercules-login-1.hpc.msstate.edu :: Task gdas_atmos_prod_f008, jobid=5950395, in state QUEUED (PENDING)
2025-07-28 16:55:46 -0500 :: hercules-login-1.hpc.msstate.edu :: Task gdas_atmos_prod_f009, jobid=5950396, in state QUEUED (PENDING)
2025-07-28 16:55:46 -0500 :: hercules-login-1.hpc.msstate.edu :: Task enkfgdas_epos000, jobid=5950398, in state QUEUED (PENDING)
2025-07-28 16:55:46 -0500 :: hercules-login-1.hpc.msstate.edu :: Task enkfgdas_epos001, jobid=5950399, in state QUEUED (PENDING)
2025-07-28 16:55:46 -0500 :: hercules-login-1.hpc.msstate.edu :: Task enkfgdas_epos002, jobid=5950400, in state QUEUED (PENDING)
2025-07-28 16:55:46 -0500 :: hercules-login-1.hpc.msstate.edu :: Task enkfgdas_epos003, jobid=5950401, in state QUEUED (PENDING)
2025-07-28 16:55:46 -0500 :: hercules-login-1.hpc.msstate.edu :: Task enkfgdas_epos004, jobid=5950402, in state QUEUED (PENDING)
2025-07-28 16:55:46 -0500 :: hercules-login-1.hpc.msstate.edu :: Task enkfgdas_epos005, jobid=5950403, in state QUEUED (PENDING)
2025-07-28 16:55:46 -0500 :: hercules-login-1.hpc.msstate.edu :: Task enkfgdas_epos006, jobid=5950404, in state QUEUED (PENDING)
2025-07-28 17:01:49 -0500 :: hercules-login-1.hpc.msstate.edu :: Task gdas_atmos_prod_f000, jobid=5950387, in state QUEUED (PENDING)
2025-07-28 17:01:49 -0500 :: hercules-login-1.hpc.msstate.edu :: Task gdas_atmos_prod_f001, jobid=5950388, in state QUEUED (PENDING)
2025-07-28 17:01:49 -0500 :: hercules-login-1.hpc.msstate.edu :: Task gdas_atmos_prod_f002, jobid=5950389, in state QUEUED (PENDING)
2025-07-28 17:01:49 -0500 :: hercules-login-1.hpc.msstate.edu :: Task gdas_atmos_prod_f003, jobid=5950390, in state QUEUED (PENDING)
2025-07-28 17:01:49 -0500 :: hercules-login-1.hpc.msstate.edu :: Task gdas_atmos_prod_f004, jobid=5950391, in state QUEUED (PENDING)
2025-07-28 17:01:49 -0500 :: hercules-login-1.hpc.msstate.edu :: Task gdas_atmos_prod_f005, jobid=5950392, in state QUEUED (PENDING)
2025-07-28 17:01:49 -0500 :: hercules-login-1.hpc.msstate.edu :: Task gdas_atmos_prod_f006, jobid=5950393, in state QUEUED (PENDING)
2025-07-28 17:01:49 -0500 :: hercules-login-1.hpc.msstate.edu :: Task gdas_atmos_prod_f007, jobid=5950394, in state QUEUED (PENDING)
2025-07-28 17:01:49 -0500 :: hercules-login-1.hpc.msstate.edu :: Task gdas_atmos_prod_f008, jobid=5950395, in state QUEUED (PENDING)
2025-07-28 17:01:49 -0500 :: hercules-login-1.hpc.msstate.edu :: Task gdas_atmos_prod_f009, jobid=5950396, in state QUEUED (PENDING)
2025-07-28 17:01:49 -0500 :: hercules-login-1.hpc.msstate.edu :: Task enkfgdas_epos000, jobid=5950398, in state QUEUED (PENDING)
2025-07-28 17:01:49 -0500 :: hercules-login-1.hpc.msstate.edu :: Task enkfgdas_epos001, jobid=5950399, in state QUEUED (PENDING)
2025-07-28 17:01:49 -0500 :: hercules-login-1.hpc.msstate.edu :: Task enkfgdas_epos002, jobid=5950400, in state QUEUED (PENDING)
2025-07-28 17:01:49 -0500 :: hercules-login-1.hpc.msstate.edu :: Task enkfgdas_epos003, jobid=5950401, in state QUEUED (PENDING)
2025-07-28 17:01:49 -0500 :: hercules-login-1.hpc.msstate.edu :: Task enkfgdas_epos004, jobid=5950402, in state QUEUED (PENDING)
2025-07-28 17:01:49 -0500 :: hercules-login-1.hpc.msstate.edu :: Task enkfgdas_epos005, jobid=5950403, in state QUEUED (PENDING)
2025-07-28 17:01:49 -0500 :: hercules-login-1.hpc.msstate.edu :: Task enkfgdas_epos006, jobid=5950404, in state QUEUED (PENDING)
2025-07-28 17:07:53 -0500 :: hercules-login-1.hpc.msstate.edu :: Task gdas_atmos_prod_f000, jobid=5950387, in state QUEUED (PENDING)
2025-07-28 17:07:53 -0500 :: hercules-login-1.hpc.msstate.edu :: Task gdas_atmos_prod_f001, jobid=5950388, in state QUEUED (PENDING)
2025-07-28 17:07:53 -0500 :: hercules-login-1.hpc.msstate.edu :: Task gdas_atmos_prod_f002, jobid=5950389, in state QUEUED (PENDING)
2025-07-28 17:07:53 -0500 :: hercules-login-1.hpc.msstate.edu :: Task gdas_atmos_prod_f003, jobid=5950390, in state QUEUED (PENDING)
2025-07-28 17:07:53 -0500 :: hercules-login-1.hpc.msstate.edu :: Task gdas_atmos_prod_f004, jobid=5950391, in state QUEUED (PENDING)
2025-07-28 17:07:53 -0500 :: hercules-login-1.hpc.msstate.edu :: Task gdas_atmos_prod_f005, jobid=5950392, in state QUEUED (PENDING)
2025-07-28 17:07:53 -0500 :: hercules-login-1.hpc.msstate.edu :: Task gdas_atmos_prod_f006, jobid=5950393, in state QUEUED (PENDING)
2025-07-28 17:07:53 -0500 :: hercules-login-1.hpc.msstate.edu :: Task gdas_atmos_prod_f007, jobid=5950394, in state QUEUED (PENDING)
2025-07-28 17:07:53 -0500 :: hercules-login-1.hpc.msstate.edu :: Task gdas_atmos_prod_f008, jobid=5950395, in state QUEUED (PENDING)
2025-07-28 17:07:53 -0500 :: hercules-login-1.hpc.msstate.edu :: Task gdas_atmos_prod_f009, jobid=5950396, in state QUEUED (PENDING)
2025-07-28 17:07:53 -0500 :: hercules-login-1.hpc.msstate.edu :: Task enkfgdas_epos000, jobid=5950398, in state QUEUED (PENDING)
2025-07-28 17:07:53 -0500 :: hercules-login-1.hpc.msstate.edu :: Task enkfgdas_epos001, jobid=5950399, in state QUEUED (PENDING)
2025-07-28 17:07:53 -0500 :: hercules-login-1.hpc.msstate.edu :: Task enkfgdas_epos002, jobid=5950400, in state QUEUED (PENDING)
2025-07-28 17:07:53 -0500 :: hercules-login-1.hpc.msstate.edu :: Task enkfgdas_epos003, jobid=5950401, in state QUEUED (PENDING)
2025-07-28 17:07:53 -0500 :: hercules-login-1.hpc.msstate.edu :: Task enkfgdas_epos004, jobid=5950402, in state QUEUED (PENDING)
2025-07-28 17:07:53 -0500 :: hercules-login-1.hpc.msstate.edu :: Task enkfgdas_epos005, jobid=5950403, in state QUEUED (PENDING)
2025-07-28 17:07:53 -0500 :: hercules-login-1.hpc.msstate.edu :: Task enkfgdas_epos006, jobid=5950404, in state QUEUED (PENDING)
2025-07-28 17:13:56 -0500 :: hercules-login-1.hpc.msstate.edu :: Task gdas_atmos_prod_f000, jobid=5950387, in state QUEUED (PENDING)
2025-07-28 17:13:56 -0500 :: hercules-login-1.hpc.msstate.edu :: Task gdas_atmos_prod_f001, jobid=5950388, in state QUEUED (PENDING)
2025-07-28 17:13:56 -0500 :: hercules-login-1.hpc.msstate.edu :: Task gdas_atmos_prod_f002, jobid=5950389, in state QUEUED (PENDING)
2025-07-28 17:13:56 -0500 :: hercules-login-1.hpc.msstate.edu :: Task gdas_atmos_prod_f003, jobid=5950390, in state QUEUED (PENDING)
2025-07-28 17:13:56 -0500 :: hercules-login-1.hpc.msstate.edu :: Task gdas_atmos_prod_f004, jobid=5950391, in state QUEUED (PENDING)
2025-07-28 17:13:56 -0500 :: hercules-login-1.hpc.msstate.edu :: Task gdas_atmos_prod_f005, jobid=5950392, in state QUEUED (PENDING)
2025-07-28 17:13:56 -0500 :: hercules-login-1.hpc.msstate.edu :: Task gdas_atmos_prod_f006, jobid=5950393, in state QUEUED (PENDING)
2025-07-28 17:13:56 -0500 :: hercules-login-1.hpc.msstate.edu :: Task gdas_atmos_prod_f007, jobid=5950394, in state QUEUED (PENDING)
2025-07-28 17:13:56 -0500 :: hercules-login-1.hpc.msstate.edu :: Task gdas_atmos_prod_f008, jobid=5950395, in state QUEUED (PENDING)
2025-07-28 17:13:56 -0500 :: hercules-login-1.hpc.msstate.edu :: Task gdas_atmos_prod_f009, jobid=5950396, in state QUEUED (PENDING)
2025-07-28 17:13:56 -0500 :: hercules-login-1.hpc.msstate.edu :: Task enkfgdas_epos000, jobid=5950398, in state QUEUED (PENDING)
2025-07-28 17:13:56 -0500 :: hercules-login-1.hpc.msstate.edu :: Task enkfgdas_epos001, jobid=5950399, in state QUEUED (PENDING)
2025-07-28 17:13:56 -0500 :: hercules-login-1.hpc.msstate.edu :: Task enkfgdas_epos002, jobid=5950400, in state QUEUED (PENDING)
2025-07-28 17:13:56 -0500 :: hercules-login-1.hpc.msstate.edu :: Task enkfgdas_epos003, jobid=5950401, in state QUEUED (PENDING)
2025-07-28 17:13:56 -0500 :: hercules-login-1.hpc.msstate.edu :: Task enkfgdas_epos004, jobid=5950402, in state QUEUED (PENDING)
2025-07-28 17:13:56 -0500 :: hercules-login-1.hpc.msstate.edu :: Task enkfgdas_epos005, jobid=5950403, in state QUEUED (PENDING)
2025-07-28 17:13:56 -0500 :: hercules-login-1.hpc.msstate.edu :: Task enkfgdas_epos006, jobid=5950404, in state QUEUED (PENDING)
2025-07-28 17:19:59 -0500 :: hercules-login-1.hpc.msstate.edu :: Task gdas_atmos_prod_f000, jobid=5950387, in state QUEUED (PENDING)
2025-07-28 17:19:59 -0500 :: hercules-login-1.hpc.msstate.edu :: Task gdas_atmos_prod_f001, jobid=5950388, in state QUEUED (PENDING)
2025-07-28 17:19:59 -0500 :: hercules-login-1.hpc.msstate.edu :: Task gdas_atmos_prod_f002, jobid=5950389, in state QUEUED (PENDING)
2025-07-28 17:19:59 -0500 :: hercules-login-1.hpc.msstate.edu :: Task gdas_atmos_prod_f003, jobid=5950390, in state QUEUED (PENDING)
2025-07-28 17:19:59 -0500 :: hercules-login-1.hpc.msstate.edu :: Task gdas_atmos_prod_f004, jobid=5950391, in state QUEUED (PENDING)
2025-07-28 17:19:59 -0500 :: hercules-login-1.hpc.msstate.edu :: Task gdas_atmos_prod_f005, jobid=5950392, in state QUEUED (PENDING)
2025-07-28 17:19:59 -0500 :: hercules-login-1.hpc.msstate.edu :: Task gdas_atmos_prod_f006, jobid=5950393, in state QUEUED (PENDING)
2025-07-28 17:19:59 -0500 :: hercules-login-1.hpc.msstate.edu :: Task gdas_atmos_prod_f007, jobid=5950394, in state QUEUED (PENDING)
2025-07-28 17:19:59 -0500 :: hercules-login-1.hpc.msstate.edu :: Task gdas_atmos_prod_f008, jobid=5950395, in state QUEUED (PENDING)
2025-07-28 17:19:59 -0500 :: hercules-login-1.hpc.msstate.edu :: Task gdas_atmos_prod_f009, jobid=5950396, in state QUEUED (PENDING)
2025-07-28 17:19:59 -0500 :: hercules-login-1.hpc.msstate.edu :: Task enkfgdas_epos000, jobid=5950398, in state QUEUED (PENDING)
2025-07-28 17:19:59 -0500 :: hercules-login-1.hpc.msstate.edu :: Task enkfgdas_epos001, jobid=5950399, in state QUEUED (PENDING)
2025-07-28 17:19:59 -0500 :: hercules-login-1.hpc.msstate.edu :: Task enkfgdas_epos002, jobid=5950400, in state QUEUED (PENDING)
2025-07-28 17:19:59 -0500 :: hercules-login-1.hpc.msstate.edu :: Task enkfgdas_epos003, jobid=5950401, in state QUEUED (PENDING)
2025-07-28 17:19:59 -0500 :: hercules-login-1.hpc.msstate.edu :: Task enkfgdas_epos004, jobid=5950402, in state QUEUED (PENDING)
2025-07-28 17:19:59 -0500 :: hercules-login-1.hpc.msstate.edu :: Task enkfgdas_epos005, jobid=5950403, in state QUEUED (PENDING)
2025-07-28 17:19:59 -0500 :: hercules-login-1.hpc.msstate.edu :: Task enkfgdas_epos006, jobid=5950404, in state QUEUED (PENDING)
2025-07-28 17:26:03 -0500 :: hercules-login-1.hpc.msstate.edu :: Task gdas_atmos_prod_f000, jobid=5950387, in state QUEUED (PENDING)
2025-07-28 17:26:03 -0500 :: hercules-login-1.hpc.msstate.edu :: Task gdas_atmos_prod_f001, jobid=5950388, in state QUEUED (PENDING)
2025-07-28 17:26:03 -0500 :: hercules-login-1.hpc.msstate.edu :: Task gdas_atmos_prod_f002, jobid=5950389, in state QUEUED (PENDING)
2025-07-28 17:26:03 -0500 :: hercules-login-1.hpc.msstate.edu :: Task gdas_atmos_prod_f003, jobid=5950390, in state QUEUED (PENDING)
2025-07-28 17:26:03 -0500 :: hercules-login-1.hpc.msstate.edu :: Task gdas_atmos_prod_f004, jobid=5950391, in state QUEUED (PENDING)
2025-07-28 17:26:03 -0500 :: hercules-login-1.hpc.msstate.edu :: Task gdas_atmos_prod_f005, jobid=5950392, in state QUEUED (PENDING)
2025-07-28 17:26:03 -0500 :: hercules-login-1.hpc.msstate.edu :: Task gdas_atmos_prod_f006, jobid=5950393, in state QUEUED (PENDING)
2025-07-28 17:26:03 -0500 :: hercules-login-1.hpc.msstate.edu :: Task gdas_atmos_prod_f007, jobid=5950394, in state QUEUED (PENDING)
2025-07-28 17:26:03 -0500 :: hercules-login-1.hpc.msstate.edu :: Task gdas_atmos_prod_f008, jobid=5950395, in state QUEUED (PENDING)
2025-07-28 17:26:03 -0500 :: hercules-login-1.hpc.msstate.edu :: Task gdas_atmos_prod_f009, jobid=5950396, in state QUEUED (PENDING)
2025-07-28 17:26:03 -0500 :: hercules-login-1.hpc.msstate.edu :: Task enkfgdas_epos000, jobid=5950398, in state QUEUED (PENDING)
2025-07-28 17:26:03 -0500 :: hercules-login-1.hpc.msstate.edu :: Task enkfgdas_epos001, jobid=5950399, in state QUEUED (PENDING)
2025-07-28 17:26:03 -0500 :: hercules-login-1.hpc.msstate.edu :: Task enkfgdas_epos002, jobid=5950400, in state QUEUED (PENDING)
2025-07-28 17:26:03 -0500 :: hercules-login-1.hpc.msstate.edu :: Task enkfgdas_epos003, jobid=5950401, in state QUEUED (PENDING)
2025-07-28 17:26:03 -0500 :: hercules-login-1.hpc.msstate.edu :: Task enkfgdas_epos004, jobid=5950402, in state QUEUED (PENDING)
2025-07-28 17:26:03 -0500 :: hercules-login-1.hpc.msstate.edu :: Task enkfgdas_epos005, jobid=5950403, in state QUEUED (PENDING)
2025-07-28 17:26:03 -0500 :: hercules-login-1.hpc.msstate.edu :: Task enkfgdas_epos006, jobid=5950404, in state QUEUED (PENDING)
2025-07-28 17:32:06 -0500 :: hercules-login-1.hpc.msstate.edu :: Task gdas_atmos_prod_f000, jobid=5950387, in state QUEUED (PENDING)
2025-07-28 17:32:06 -0500 :: hercules-login-1.hpc.msstate.edu :: Task gdas_atmos_prod_f001, jobid=5950388, in state QUEUED (PENDING)
2025-07-28 17:32:06 -0500 :: hercules-login-1.hpc.msstate.edu :: Task gdas_atmos_prod_f002, jobid=5950389, in state QUEUED (PENDING)
2025-07-28 17:32:06 -0500 :: hercules-login-1.hpc.msstate.edu :: Task gdas_atmos_prod_f003, jobid=5950390, in state QUEUED (PENDING)
2025-07-28 17:32:06 -0500 :: hercules-login-1.hpc.msstate.edu :: Task gdas_atmos_prod_f004, jobid=5950391, in state QUEUED (PENDING)
2025-07-28 17:32:06 -0500 :: hercules-login-1.hpc.msstate.edu :: Task gdas_atmos_prod_f005, jobid=5950392, in state QUEUED (PENDING)
2025-07-28 17:32:06 -0500 :: hercules-login-1.hpc.msstate.edu :: Task gdas_atmos_prod_f006, jobid=5950393, in state QUEUED (PENDING)
2025-07-28 17:32:06 -0500 :: hercules-login-1.hpc.msstate.edu :: Task gdas_atmos_prod_f007, jobid=5950394, in state QUEUED (PENDING)
2025-07-28 17:32:06 -0500 :: hercules-login-1.hpc.msstate.edu :: Task gdas_atmos_prod_f008, jobid=5950395, in state QUEUED (PENDING)
2025-07-28 17:32:06 -0500 :: hercules-login-1.hpc.msstate.edu :: Task gdas_atmos_prod_f009, jobid=5950396, in state QUEUED (PENDING)
2025-07-28 17:32:06 -0500 :: hercules-login-1.hpc.msstate.edu :: Task enkfgdas_epos000, jobid=5950398, in state QUEUED (PENDING)
2025-07-28 17:32:06 -0500 :: hercules-login-1.hpc.msstate.edu :: Task enkfgdas_epos001, jobid=5950399, in state QUEUED (PENDING)
2025-07-28 17:32:06 -0500 :: hercules-login-1.hpc.msstate.edu :: Task enkfgdas_epos002, jobid=5950400, in state QUEUED (PENDING)
2025-07-28 17:32:06 -0500 :: hercules-login-1.hpc.msstate.edu :: Task enkfgdas_epos003, jobid=5950401, in state QUEUED (PENDING)
2025-07-28 17:32:06 -0500 :: hercules-login-1.hpc.msstate.edu :: Task enkfgdas_epos004, jobid=5950402, in state QUEUED (PENDING)
2025-07-28 17:32:06 -0500 :: hercules-login-1.hpc.msstate.edu :: Task enkfgdas_epos005, jobid=5950403, in state QUEUED (PENDING)
2025-07-28 17:32:06 -0500 :: hercules-login-1.hpc.msstate.edu :: Task enkfgdas_epos006, jobid=5950404, in state QUEUED (PENDING)
2025-07-28 17:38:10 -0500 :: hercules-login-1.hpc.msstate.edu :: Task gdas_atmos_prod_f000, jobid=5950387, in state QUEUED (PENDING)
2025-07-28 17:38:10 -0500 :: hercules-login-1.hpc.msstate.edu :: Task gdas_atmos_prod_f001, jobid=5950388, in state QUEUED (PENDING)
2025-07-28 17:38:10 -0500 :: hercules-login-1.hpc.msstate.edu :: Task gdas_atmos_prod_f002, jobid=5950389, in state QUEUED (PENDING)
2025-07-28 17:38:10 -0500 :: hercules-login-1.hpc.msstate.edu :: Task gdas_atmos_prod_f003, jobid=5950390, in state QUEUED (PENDING)
2025-07-28 17:38:10 -0500 :: hercules-login-1.hpc.msstate.edu :: Task gdas_atmos_prod_f004, jobid=5950391, in state QUEUED (PENDING)
2025-07-28 17:38:10 -0500 :: hercules-login-1.hpc.msstate.edu :: Task gdas_atmos_prod_f005, jobid=5950392, in state QUEUED (PENDING)
2025-07-28 17:38:10 -0500 :: hercules-login-1.hpc.msstate.edu :: Task gdas_atmos_prod_f006, jobid=5950393, in state QUEUED (PENDING)
2025-07-28 17:38:10 -0500 :: hercules-login-1.hpc.msstate.edu :: Task gdas_atmos_prod_f007, jobid=5950394, in state QUEUED (PENDING)
2025-07-28 17:38:10 -0500 :: hercules-login-1.hpc.msstate.edu :: Task gdas_atmos_prod_f008, jobid=5950395, in state QUEUED (PENDING)
2025-07-28 17:38:10 -0500 :: hercules-login-1.hpc.msstate.edu :: Task gdas_atmos_prod_f009, jobid=5950396, in state QUEUED (PENDING)
2025-07-28 17:38:10 -0500 :: hercules-login-1.hpc.msstate.edu :: Task enkfgdas_epos000, jobid=5950398, in state QUEUED (PENDING)
2025-07-28 17:38:10 -0500 :: hercules-login-1.hpc.msstate.edu :: Task enkfgdas_epos001, jobid=5950399, in state QUEUED (PENDING)
2025-07-28 17:38:10 -0500 :: hercules-login-1.hpc.msstate.edu :: Task enkfgdas_epos002, jobid=5950400, in state QUEUED (PENDING)
2025-07-28 17:38:10 -0500 :: hercules-login-1.hpc.msstate.edu :: Task enkfgdas_epos003, jobid=5950401, in state QUEUED (PENDING)
2025-07-28 17:38:10 -0500 :: hercules-login-1.hpc.msstate.edu :: Task enkfgdas_epos004, jobid=5950402, in state QUEUED (PENDING)
2025-07-28 17:38:10 -0500 :: hercules-login-1.hpc.msstate.edu :: Task enkfgdas_epos005, jobid=5950403, in state QUEUED (PENDING)
2025-07-28 17:38:10 -0500 :: hercules-login-1.hpc.msstate.edu :: Task enkfgdas_epos006, jobid=5950404, in state QUEUED (PENDING)
2025-07-28 17:44:13 -0500 :: hercules-login-1.hpc.msstate.edu :: Task gdas_atmos_prod_f000, jobid=5950387, in state QUEUED (PENDING)
2025-07-28 17:44:13 -0500 :: hercules-login-1.hpc.msstate.edu :: Task gdas_atmos_prod_f001, jobid=5950388, in state QUEUED (PENDING)
2025-07-28 17:44:13 -0500 :: hercules-login-1.hpc.msstate.edu :: Task gdas_atmos_prod_f002, jobid=5950389, in state QUEUED (PENDING)
2025-07-28 17:44:13 -0500 :: hercules-login-1.hpc.msstate.edu :: Task gdas_atmos_prod_f003, jobid=5950390, in state QUEUED (PENDING)
2025-07-28 17:44:13 -0500 :: hercules-login-1.hpc.msstate.edu :: Task gdas_atmos_prod_f004, jobid=5950391, in state QUEUED (PENDING)
2025-07-28 17:44:13 -0500 :: hercules-login-1.hpc.msstate.edu :: Task gdas_atmos_prod_f005, jobid=5950392, in state QUEUED (PENDING)
2025-07-28 17:44:13 -0500 :: hercules-login-1.hpc.msstate.edu :: Task gdas_atmos_prod_f006, jobid=5950393, in state QUEUED (PENDING)
2025-07-28 17:44:13 -0500 :: hercules-login-1.hpc.msstate.edu :: Task gdas_atmos_prod_f007, jobid=5950394, in state QUEUED (PENDING)
2025-07-28 17:44:13 -0500 :: hercules-login-1.hpc.msstate.edu :: Task gdas_atmos_prod_f008, jobid=5950395, in state QUEUED (PENDING)
2025-07-28 17:44:13 -0500 :: hercules-login-1.hpc.msstate.edu :: Task gdas_atmos_prod_f009, jobid=5950396, in state QUEUED (PENDING)
2025-07-28 17:44:13 -0500 :: hercules-login-1.hpc.msstate.edu :: Task enkfgdas_epos000, jobid=5950398, in state QUEUED (PENDING)
2025-07-28 17:44:13 -0500 :: hercules-login-1.hpc.msstate.edu :: Task enkfgdas_epos001, jobid=5950399, in state QUEUED (PENDING)
2025-07-28 17:44:13 -0500 :: hercules-login-1.hpc.msstate.edu :: Task enkfgdas_epos002, jobid=5950400, in state QUEUED (PENDING)
2025-07-28 17:44:13 -0500 :: hercules-login-1.hpc.msstate.edu :: Task enkfgdas_epos003, jobid=5950401, in state QUEUED (PENDING)
2025-07-28 17:44:13 -0500 :: hercules-login-1.hpc.msstate.edu :: Task enkfgdas_epos004, jobid=5950402, in state QUEUED (PENDING)
2025-07-28 17:44:13 -0500 :: hercules-login-1.hpc.msstate.edu :: Task enkfgdas_epos005, jobid=5950403, in state QUEUED (PENDING)
2025-07-28 17:44:13 -0500 :: hercules-login-1.hpc.msstate.edu :: Task enkfgdas_epos006, jobid=5950404, in state QUEUED (PENDING)
2025-07-28 17:50:16 -0500 :: hercules-login-1.hpc.msstate.edu :: Task gdas_atmos_prod_f000, jobid=5950387, in state QUEUED (PENDING)
2025-07-28 17:50:16 -0500 :: hercules-login-1.hpc.msstate.edu :: Task gdas_atmos_prod_f001, jobid=5950388, in state QUEUED (PENDING)
2025-07-28 17:50:16 -0500 :: hercules-login-1.hpc.msstate.edu :: Task gdas_atmos_prod_f002, jobid=5950389, in state QUEUED (PENDING)
2025-07-28 17:50:16 -0500 :: hercules-login-1.hpc.msstate.edu :: Task gdas_atmos_prod_f003, jobid=5950390, in state QUEUED (PENDING)
2025-07-28 17:50:16 -0500 :: hercules-login-1.hpc.msstate.edu :: Task gdas_atmos_prod_f004, jobid=5950391, in state QUEUED (PENDING)
2025-07-28 17:50:16 -0500 :: hercules-login-1.hpc.msstate.edu :: Task gdas_atmos_prod_f005, jobid=5950392, in state QUEUED (PENDING)
2025-07-28 17:50:16 -0500 :: hercules-login-1.hpc.msstate.edu :: Task gdas_atmos_prod_f006, jobid=5950393, in state QUEUED (PENDING)
2025-07-28 17:50:16 -0500 :: hercules-login-1.hpc.msstate.edu :: Task gdas_atmos_prod_f007, jobid=5950394, in state QUEUED (PENDING)
2025-07-28 17:50:16 -0500 :: hercules-login-1.hpc.msstate.edu :: Task gdas_atmos_prod_f008, jobid=5950395, in state QUEUED (PENDING)
2025-07-28 17:50:16 -0500 :: hercules-login-1.hpc.msstate.edu :: Task gdas_atmos_prod_f009, jobid=5950396, in state QUEUED (PENDING)
2025-07-28 17:50:16 -0500 :: hercules-login-1.hpc.msstate.edu :: Task enkfgdas_epos000, jobid=5950398, in state QUEUED (PENDING)
2025-07-28 17:50:16 -0500 :: hercules-login-1.hpc.msstate.edu :: Task enkfgdas_epos001, jobid=5950399, in state QUEUED (PENDING)
2025-07-28 17:50:16 -0500 :: hercules-login-1.hpc.msstate.edu :: Task enkfgdas_epos002, jobid=5950400, in state QUEUED (PENDING)
2025-07-28 17:50:16 -0500 :: hercules-login-1.hpc.msstate.edu :: Task enkfgdas_epos003, jobid=5950401, in state QUEUED (PENDING)
2025-07-28 17:50:16 -0500 :: hercules-login-1.hpc.msstate.edu :: Task enkfgdas_epos004, jobid=5950402, in state QUEUED (PENDING)
2025-07-28 17:50:16 -0500 :: hercules-login-1.hpc.msstate.edu :: Task enkfgdas_epos005, jobid=5950403, in state QUEUED (PENDING)
2025-07-28 17:50:16 -0500 :: hercules-login-1.hpc.msstate.edu :: Task enkfgdas_epos006, jobid=5950404, in state QUEUED (PENDING)
2025-07-28 17:56:19 -0500 :: hercules-login-1.hpc.msstate.edu :: Task gdas_atmos_prod_f000, jobid=5950387, in state QUEUED (PENDING)
2025-07-28 17:56:19 -0500 :: hercules-login-1.hpc.msstate.edu :: Task gdas_atmos_prod_f001, jobid=5950388, in state QUEUED (PENDING)
2025-07-28 17:56:19 -0500 :: hercules-login-1.hpc.msstate.edu :: Task gdas_atmos_prod_f002, jobid=5950389, in state QUEUED (PENDING)
2025-07-28 17:56:19 -0500 :: hercules-login-1.hpc.msstate.edu :: Task gdas_atmos_prod_f003, jobid=5950390, in state QUEUED (PENDING)
2025-07-28 17:56:19 -0500 :: hercules-login-1.hpc.msstate.edu :: Task gdas_atmos_prod_f004, jobid=5950391, in state QUEUED (PENDING)
2025-07-28 17:56:19 -0500 :: hercules-login-1.hpc.msstate.edu :: Task gdas_atmos_prod_f005, jobid=5950392, in state QUEUED (PENDING)
2025-07-28 17:56:19 -0500 :: hercules-login-1.hpc.msstate.edu :: Task gdas_atmos_prod_f006, jobid=5950393, in state QUEUED (PENDING)
2025-07-28 17:56:19 -0500 :: hercules-login-1.hpc.msstate.edu :: Task gdas_atmos_prod_f007, jobid=5950394, in state QUEUED (PENDING)
2025-07-28 17:56:19 -0500 :: hercules-login-1.hpc.msstate.edu :: Task gdas_atmos_prod_f008, jobid=5950395, in state QUEUED (PENDING)
2025-07-28 17:56:19 -0500 :: hercules-login-1.hpc.msstate.edu :: Task gdas_atmos_prod_f009, jobid=5950396, in state QUEUED (PENDING)
2025-07-28 17:56:19 -0500 :: hercules-login-1.hpc.msstate.edu :: Task enkfgdas_epos000, jobid=5950398, in state QUEUED (PENDING)
2025-07-28 17:56:19 -0500 :: hercules-login-1.hpc.msstate.edu :: Task enkfgdas_epos001, jobid=5950399, in state QUEUED (PENDING)
2025-07-28 17:56:19 -0500 :: hercules-login-1.hpc.msstate.edu :: Task enkfgdas_epos002, jobid=5950400, in state QUEUED (PENDING)
2025-07-28 17:56:19 -0500 :: hercules-login-1.hpc.msstate.edu :: Task enkfgdas_epos003, jobid=5950401, in state QUEUED (PENDING)
2025-07-28 17:56:19 -0500 :: hercules-login-1.hpc.msstate.edu :: Task enkfgdas_epos004, jobid=5950402, in state QUEUED (PENDING)
2025-07-28 17:56:19 -0500 :: hercules-login-1.hpc.msstate.edu :: Task enkfgdas_epos005, jobid=5950403, in state QUEUED (PENDING)
2025-07-28 17:56:19 -0500 :: hercules-login-1.hpc.msstate.edu :: Task enkfgdas_epos006, jobid=5950404, in state QUEUED (PENDING)
2025-07-28 18:02:23 -0500 :: hercules-login-1.hpc.msstate.edu :: Task gdas_atmos_prod_f000, jobid=5950387, in state QUEUED (PENDING)
2025-07-28 18:02:23 -0500 :: hercules-login-1.hpc.msstate.edu :: Task gdas_atmos_prod_f001, jobid=5950388, in state QUEUED (PENDING)
2025-07-28 18:02:23 -0500 :: hercules-login-1.hpc.msstate.edu :: Task gdas_atmos_prod_f002, jobid=5950389, in state QUEUED (PENDING)
2025-07-28 18:02:23 -0500 :: hercules-login-1.hpc.msstate.edu :: Task gdas_atmos_prod_f003, jobid=5950390, in state QUEUED (PENDING)
2025-07-28 18:02:23 -0500 :: hercules-login-1.hpc.msstate.edu :: Task gdas_atmos_prod_f004, jobid=5950391, in state QUEUED (PENDING)
2025-07-28 18:02:23 -0500 :: hercules-login-1.hpc.msstate.edu :: Task gdas_atmos_prod_f005, jobid=5950392, in state QUEUED (PENDING)
2025-07-28 18:02:23 -0500 :: hercules-login-1.hpc.msstate.edu :: Task gdas_atmos_prod_f006, jobid=5950393, in state QUEUED (PENDING)
2025-07-28 18:02:23 -0500 :: hercules-login-1.hpc.msstate.edu :: Task gdas_atmos_prod_f007, jobid=5950394, in state QUEUED (PENDING)
2025-07-28 18:02:23 -0500 :: hercules-login-1.hpc.msstate.edu :: Task gdas_atmos_prod_f008, jobid=5950395, in state QUEUED (PENDING)
2025-07-28 18:02:23 -0500 :: hercules-login-1.hpc.msstate.edu :: Task gdas_atmos_prod_f009, jobid=5950396, in state QUEUED (PENDING)
2025-07-28 18:02:23 -0500 :: hercules-login-1.hpc.msstate.edu :: Task enkfgdas_epos000, jobid=5950398, in state QUEUED (PENDING)
2025-07-28 18:02:23 -0500 :: hercules-login-1.hpc.msstate.edu :: Task enkfgdas_epos001, jobid=5950399, in state QUEUED (PENDING)
2025-07-28 18:02:23 -0500 :: hercules-login-1.hpc.msstate.edu :: Task enkfgdas_epos002, jobid=5950400, in state QUEUED (PENDING)
2025-07-28 18:02:23 -0500 :: hercules-login-1.hpc.msstate.edu :: Task enkfgdas_epos003, jobid=5950401, in state QUEUED (PENDING)
2025-07-28 18:02:23 -0500 :: hercules-login-1.hpc.msstate.edu :: Task enkfgdas_epos004, jobid=5950402, in state QUEUED (PENDING)
2025-07-28 18:02:23 -0500 :: hercules-login-1.hpc.msstate.edu :: Task enkfgdas_epos005, jobid=5950403, in state QUEUED (PENDING)
2025-07-28 18:02:23 -0500 :: hercules-login-1.hpc.msstate.edu :: Task enkfgdas_epos006, jobid=5950404, in state QUEUED (PENDING)
2025-07-28 18:08:26 -0500 :: hercules-login-1.hpc.msstate.edu :: Task gdas_atmos_prod_f000, jobid=5950387, in state QUEUED (PENDING)
2025-07-28 18:08:26 -0500 :: hercules-login-1.hpc.msstate.edu :: Task gdas_atmos_prod_f001, jobid=5950388, in state QUEUED (PENDING)
2025-07-28 18:08:26 -0500 :: hercules-login-1.hpc.msstate.edu :: Task gdas_atmos_prod_f002, jobid=5950389, in state QUEUED (PENDING)
2025-07-28 18:08:26 -0500 :: hercules-login-1.hpc.msstate.edu :: Task gdas_atmos_prod_f003, jobid=5950390, in state QUEUED (PENDING)
2025-07-28 18:08:26 -0500 :: hercules-login-1.hpc.msstate.edu :: Task gdas_atmos_prod_f004, jobid=5950391, in state QUEUED (PENDING)
2025-07-28 18:08:26 -0500 :: hercules-login-1.hpc.msstate.edu :: Task gdas_atmos_prod_f005, jobid=5950392, in state QUEUED (PENDING)
2025-07-28 18:08:26 -0500 :: hercules-login-1.hpc.msstate.edu :: Task gdas_atmos_prod_f006, jobid=5950393, in state QUEUED (PENDING)
2025-07-28 18:08:26 -0500 :: hercules-login-1.hpc.msstate.edu :: Task gdas_atmos_prod_f007, jobid=5950394, in state QUEUED (PENDING)
2025-07-28 18:08:26 -0500 :: hercules-login-1.hpc.msstate.edu :: Task gdas_atmos_prod_f008, jobid=5950395, in state QUEUED (PENDING)
2025-07-28 18:08:26 -0500 :: hercules-login-1.hpc.msstate.edu :: Task gdas_atmos_prod_f009, jobid=5950396, in state QUEUED (PENDING)
2025-07-28 18:08:26 -0500 :: hercules-login-1.hpc.msstate.edu :: Task enkfgdas_epos000, jobid=5950398, in state QUEUED (PENDING)
2025-07-28 18:08:26 -0500 :: hercules-login-1.hpc.msstate.edu :: Task enkfgdas_epos001, jobid=5950399, in state QUEUED (PENDING)
2025-07-28 18:08:26 -0500 :: hercules-login-1.hpc.msstate.edu :: Task enkfgdas_epos002, jobid=5950400, in state QUEUED (PENDING)
2025-07-28 18:08:26 -0500 :: hercules-login-1.hpc.msstate.edu :: Task enkfgdas_epos003, jobid=5950401, in state QUEUED (PENDING)
2025-07-28 18:08:26 -0500 :: hercules-login-1.hpc.msstate.edu :: Task enkfgdas_epos004, jobid=5950402, in state QUEUED (PENDING)
2025-07-28 18:08:26 -0500 :: hercules-login-1.hpc.msstate.edu :: Task enkfgdas_epos005, jobid=5950403, in state QUEUED (PENDING)
2025-07-28 18:08:26 -0500 :: hercules-login-1.hpc.msstate.edu :: Task enkfgdas_epos006, jobid=5950404, in state QUEUED (PENDING)
2025-07-28 18:14:29 -0500 :: hercules-login-1.hpc.msstate.edu :: Task gdas_atmos_prod_f000, jobid=5950387, in state QUEUED (PENDING)
2025-07-28 18:14:29 -0500 :: hercules-login-1.hpc.msstate.edu :: Task gdas_atmos_prod_f001, jobid=5950388, in state QUEUED (PENDING)
2025-07-28 18:14:29 -0500 :: hercules-login-1.hpc.msstate.edu :: Task gdas_atmos_prod_f002, jobid=5950389, in state QUEUED (PENDING)
2025-07-28 18:14:29 -0500 :: hercules-login-1.hpc.msstate.edu :: Task gdas_atmos_prod_f003, jobid=5950390, in state QUEUED (PENDING)
2025-07-28 18:14:29 -0500 :: hercules-login-1.hpc.msstate.edu :: Task gdas_atmos_prod_f004, jobid=5950391, in state QUEUED (PENDING)
2025-07-28 18:14:29 -0500 :: hercules-login-1.hpc.msstate.edu :: Task gdas_atmos_prod_f005, jobid=5950392, in state QUEUED (PENDING)
2025-07-28 18:14:29 -0500 :: hercules-login-1.hpc.msstate.edu :: Task gdas_atmos_prod_f006, jobid=5950393, in state QUEUED (PENDING)
2025-07-28 18:14:29 -0500 :: hercules-login-1.hpc.msstate.edu :: Task gdas_atmos_prod_f007, jobid=5950394, in state QUEUED (PENDING)
2025-07-28 18:14:29 -0500 :: hercules-login-1.hpc.msstate.edu :: Task gdas_atmos_prod_f008, jobid=5950395, in state QUEUED (PENDING)
2025-07-28 18:14:29 -0500 :: hercules-login-1.hpc.msstate.edu :: Task gdas_atmos_prod_f009, jobid=5950396, in state QUEUED (PENDING)
2025-07-28 18:14:29 -0500 :: hercules-login-1.hpc.msstate.edu :: Task enkfgdas_epos000, jobid=5950398, in state QUEUED (PENDING)
2025-07-28 18:14:29 -0500 :: hercules-login-1.hpc.msstate.edu :: Task enkfgdas_epos001, jobid=5950399, in state QUEUED (PENDING)
2025-07-28 18:14:29 -0500 :: hercules-login-1.hpc.msstate.edu :: Task enkfgdas_epos002, jobid=5950400, in state QUEUED (PENDING)
2025-07-28 18:14:29 -0500 :: hercules-login-1.hpc.msstate.edu :: Task enkfgdas_epos003, jobid=5950401, in state QUEUED (PENDING)
2025-07-28 18:14:29 -0500 :: hercules-login-1.hpc.msstate.edu :: Task enkfgdas_epos004, jobid=5950402, in state QUEUED (PENDING)
2025-07-28 18:14:29 -0500 :: hercules-login-1.hpc.msstate.edu :: Task enkfgdas_epos005, jobid=5950403, in state QUEUED (PENDING)
2025-07-28 18:14:29 -0500 :: hercules-login-1.hpc.msstate.edu :: Task enkfgdas_epos006, jobid=5950404, in state QUEUED (PENDING)
2025-07-28 18:20:33 -0500 :: hercules-login-1.hpc.msstate.edu :: Task gdas_atmos_prod_f000, jobid=5950387, in state QUEUED (PENDING)
2025-07-28 18:20:33 -0500 :: hercules-login-1.hpc.msstate.edu :: Task gdas_atmos_prod_f001, jobid=5950388, in state QUEUED (PENDING)
2025-07-28 18:20:33 -0500 :: hercules-login-1.hpc.msstate.edu :: Task gdas_atmos_prod_f002, jobid=5950389, in state QUEUED (PENDING)
2025-07-28 18:20:33 -0500 :: hercules-login-1.hpc.msstate.edu :: Task gdas_atmos_prod_f003, jobid=5950390, in state QUEUED (PENDING)
2025-07-28 18:20:33 -0500 :: hercules-login-1.hpc.msstate.edu :: Task gdas_atmos_prod_f004, jobid=5950391, in state QUEUED (PENDING)
2025-07-28 18:20:33 -0500 :: hercules-login-1.hpc.msstate.edu :: Task gdas_atmos_prod_f005, jobid=5950392, in state QUEUED (PENDING)
2025-07-28 18:20:33 -0500 :: hercules-login-1.hpc.msstate.edu :: Task gdas_atmos_prod_f006, jobid=5950393, in state QUEUED (PENDING)
2025-07-28 18:20:33 -0500 :: hercules-login-1.hpc.msstate.edu :: Task gdas_atmos_prod_f007, jobid=5950394, in state QUEUED (PENDING)
2025-07-28 18:20:33 -0500 :: hercules-login-1.hpc.msstate.edu :: Task gdas_atmos_prod_f008, jobid=5950395, in state QUEUED (PENDING)
2025-07-28 18:20:33 -0500 :: hercules-login-1.hpc.msstate.edu :: Task gdas_atmos_prod_f009, jobid=5950396, in state QUEUED (PENDING)
2025-07-28 18:20:33 -0500 :: hercules-login-1.hpc.msstate.edu :: Task enkfgdas_epos000, jobid=5950398, in state QUEUED (PENDING)
2025-07-28 18:20:33 -0500 :: hercules-login-1.hpc.msstate.edu :: Task enkfgdas_epos001, jobid=5950399, in state QUEUED (PENDING)
2025-07-28 18:20:33 -0500 :: hercules-login-1.hpc.msstate.edu :: Task enkfgdas_epos002, jobid=5950400, in state QUEUED (PENDING)
2025-07-28 18:20:33 -0500 :: hercules-login-1.hpc.msstate.edu :: Task enkfgdas_epos003, jobid=5950401, in state QUEUED (PENDING)
2025-07-28 18:20:33 -0500 :: hercules-login-1.hpc.msstate.edu :: Task enkfgdas_epos004, jobid=5950402, in state QUEUED (PENDING)
2025-07-28 18:20:33 -0500 :: hercules-login-1.hpc.msstate.edu :: Task enkfgdas_epos005, jobid=5950403, in state QUEUED (PENDING)
2025-07-28 18:20:33 -0500 :: hercules-login-1.hpc.msstate.edu :: Task enkfgdas_epos006, jobid=5950404, in state QUEUED (PENDING)
2025-07-28 18:26:36 -0500 :: hercules-login-1.hpc.msstate.edu :: Task gdas_atmos_prod_f000, jobid=5950387, in state QUEUED (PENDING)
2025-07-28 18:26:36 -0500 :: hercules-login-1.hpc.msstate.edu :: Task gdas_atmos_prod_f001, jobid=5950388, in state QUEUED (PENDING)
2025-07-28 18:26:36 -0500 :: hercules-login-1.hpc.msstate.edu :: Task gdas_atmos_prod_f002, jobid=5950389, in state QUEUED (PENDING)
2025-07-28 18:26:36 -0500 :: hercules-login-1.hpc.msstate.edu :: Task gdas_atmos_prod_f003, jobid=5950390, in state QUEUED (PENDING)
2025-07-28 18:26:36 -0500 :: hercules-login-1.hpc.msstate.edu :: Task gdas_atmos_prod_f004, jobid=5950391, in state QUEUED (PENDING)
2025-07-28 18:26:36 -0500 :: hercules-login-1.hpc.msstate.edu :: Task gdas_atmos_prod_f005, jobid=5950392, in state QUEUED (PENDING)
2025-07-28 18:26:36 -0500 :: hercules-login-1.hpc.msstate.edu :: Task gdas_atmos_prod_f006, jobid=5950393, in state QUEUED (PENDING)
2025-07-28 18:26:36 -0500 :: hercules-login-1.hpc.msstate.edu :: Task gdas_atmos_prod_f007, jobid=5950394, in state QUEUED (PENDING)
2025-07-28 18:26:36 -0500 :: hercules-login-1.hpc.msstate.edu :: Task gdas_atmos_prod_f008, jobid=5950395, in state QUEUED (PENDING)
2025-07-28 18:26:36 -0500 :: hercules-login-1.hpc.msstate.edu :: Task gdas_atmos_prod_f009, jobid=5950396, in state QUEUED (PENDING)
2025-07-28 18:26:36 -0500 :: hercules-login-1.hpc.msstate.edu :: Task enkfgdas_epos000, jobid=5950398, in state QUEUED (PENDING)
2025-07-28 18:26:36 -0500 :: hercules-login-1.hpc.msstate.edu :: Task enkfgdas_epos001, jobid=5950399, in state QUEUED (PENDING)
2025-07-28 18:26:36 -0500 :: hercules-login-1.hpc.msstate.edu :: Task enkfgdas_epos002, jobid=5950400, in state QUEUED (PENDING)
2025-07-28 18:26:36 -0500 :: hercules-login-1.hpc.msstate.edu :: Task enkfgdas_epos003, jobid=5950401, in state QUEUED (PENDING)
2025-07-28 18:26:36 -0500 :: hercules-login-1.hpc.msstate.edu :: Task enkfgdas_epos004, jobid=5950402, in state QUEUED (PENDING)
2025-07-28 18:26:36 -0500 :: hercules-login-1.hpc.msstate.edu :: Task enkfgdas_epos005, jobid=5950403, in state QUEUED (PENDING)
2025-07-28 18:26:36 -0500 :: hercules-login-1.hpc.msstate.edu :: Task enkfgdas_epos006, jobid=5950404, in state QUEUED (PENDING)
2025-07-28 18:32:39 -0500 :: hercules-login-1.hpc.msstate.edu :: Task gdas_atmos_prod_f000, jobid=5950387, in state QUEUED (PENDING)
2025-07-28 18:32:39 -0500 :: hercules-login-1.hpc.msstate.edu :: Task gdas_atmos_prod_f001, jobid=5950388, in state QUEUED (PENDING)
2025-07-28 18:32:39 -0500 :: hercules-login-1.hpc.msstate.edu :: Task gdas_atmos_prod_f002, jobid=5950389, in state QUEUED (PENDING)
2025-07-28 18:32:39 -0500 :: hercules-login-1.hpc.msstate.edu :: Task gdas_atmos_prod_f003, jobid=5950390, in state QUEUED (PENDING)
2025-07-28 18:32:39 -0500 :: hercules-login-1.hpc.msstate.edu :: Task gdas_atmos_prod_f004, jobid=5950391, in state QUEUED (PENDING)
2025-07-28 18:32:39 -0500 :: hercules-login-1.hpc.msstate.edu :: Task gdas_atmos_prod_f005, jobid=5950392, in state QUEUED (PENDING)
2025-07-28 18:32:39 -0500 :: hercules-login-1.hpc.msstate.edu :: Task gdas_atmos_prod_f006, jobid=5950393, in state QUEUED (PENDING)
2025-07-28 18:32:39 -0500 :: hercules-login-1.hpc.msstate.edu :: Task gdas_atmos_prod_f007, jobid=5950394, in state QUEUED (PENDING)
2025-07-28 18:32:39 -0500 :: hercules-login-1.hpc.msstate.edu :: Task gdas_atmos_prod_f008, jobid=5950395, in state QUEUED (PENDING)
2025-07-28 18:32:39 -0500 :: hercules-login-1.hpc.msstate.edu :: Task gdas_atmos_prod_f009, jobid=5950396, in state QUEUED (PENDING)
2025-07-28 18:32:39 -0500 :: hercules-login-1.hpc.msstate.edu :: Task enkfgdas_epos000, jobid=5950398, in state QUEUED (PENDING)
2025-07-28 18:32:39 -0500 :: hercules-login-1.hpc.msstate.edu :: Task enkfgdas_epos001, jobid=5950399, in state QUEUED (PENDING)
2025-07-28 18:32:39 -0500 :: hercules-login-1.hpc.msstate.edu :: Task enkfgdas_epos002, jobid=5950400, in state QUEUED (PENDING)
2025-07-28 18:32:39 -0500 :: hercules-login-1.hpc.msstate.edu :: Task enkfgdas_epos003, jobid=5950401, in state QUEUED (PENDING)
2025-07-28 18:32:39 -0500 :: hercules-login-1.hpc.msstate.edu :: Task enkfgdas_epos004, jobid=5950402, in state QUEUED (PENDING)
2025-07-28 18:32:39 -0500 :: hercules-login-1.hpc.msstate.edu :: Task enkfgdas_epos005, jobid=5950403, in state QUEUED (PENDING)
2025-07-28 18:32:39 -0500 :: hercules-login-1.hpc.msstate.edu :: Task enkfgdas_epos006, jobid=5950404, in state QUEUED (PENDING)
2025-07-28 18:38:43 -0500 :: hercules-login-1.hpc.msstate.edu :: Task gdas_atmos_prod_f000, jobid=5950387, in state RUNNING (RUNNING)
2025-07-28 18:38:43 -0500 :: hercules-login-1.hpc.msstate.edu :: Task gdas_atmos_prod_f001, jobid=5950388, in state QUEUED (PENDING)
2025-07-28 18:38:43 -0500 :: hercules-login-1.hpc.msstate.edu :: Task gdas_atmos_prod_f002, jobid=5950389, in state QUEUED (PENDING)
2025-07-28 18:38:43 -0500 :: hercules-login-1.hpc.msstate.edu :: Task gdas_atmos_prod_f003, jobid=5950390, in state QUEUED (PENDING)
2025-07-28 18:38:43 -0500 :: hercules-login-1.hpc.msstate.edu :: Task gdas_atmos_prod_f004, jobid=5950391, in state QUEUED (PENDING)
2025-07-28 18:38:43 -0500 :: hercules-login-1.hpc.msstate.edu :: Task gdas_atmos_prod_f005, jobid=5950392, in state QUEUED (PENDING)
2025-07-28 18:38:43 -0500 :: hercules-login-1.hpc.msstate.edu :: Task gdas_atmos_prod_f006, jobid=5950393, in state QUEUED (PENDING)
2025-07-28 18:38:43 -0500 :: hercules-login-1.hpc.msstate.edu :: Task gdas_atmos_prod_f007, jobid=5950394, in state QUEUED (PENDING)
2025-07-28 18:38:43 -0500 :: hercules-login-1.hpc.msstate.edu :: Task gdas_atmos_prod_f008, jobid=5950395, in state QUEUED (PENDING)
2025-07-28 18:38:43 -0500 :: hercules-login-1.hpc.msstate.edu :: Task gdas_atmos_prod_f009, jobid=5950396, in state QUEUED (PENDING)
2025-07-28 18:38:43 -0500 :: hercules-login-1.hpc.msstate.edu :: Task enkfgdas_epos000, jobid=5950398, in state QUEUED (PENDING)
2025-07-28 18:38:43 -0500 :: hercules-login-1.hpc.msstate.edu :: Task enkfgdas_epos001, jobid=5950399, in state QUEUED (PENDING)
2025-07-28 18:38:43 -0500 :: hercules-login-1.hpc.msstate.edu :: Task enkfgdas_epos002, jobid=5950400, in state QUEUED (PENDING)
2025-07-28 18:38:43 -0500 :: hercules-login-1.hpc.msstate.edu :: Task enkfgdas_epos003, jobid=5950401, in state QUEUED (PENDING)
2025-07-28 18:38:43 -0500 :: hercules-login-1.hpc.msstate.edu :: Task enkfgdas_epos004, jobid=5950402, in state QUEUED (PENDING)
2025-07-28 18:38:43 -0500 :: hercules-login-1.hpc.msstate.edu :: Task enkfgdas_epos005, jobid=5950403, in state QUEUED (PENDING)
2025-07-28 18:38:43 -0500 :: hercules-login-1.hpc.msstate.edu :: Task enkfgdas_epos006, jobid=5950404, in state QUEUED (PENDING)
2025-07-28 18:44:46 -0500 :: hercules-login-1.hpc.msstate.edu :: Task gdas_atmos_prod_f000, jobid=5950387, in state SUCCEEDED (COMPLETED), ran for 63.0 seconds, exit status=0, try=1 (of 2)
2025-07-28 18:44:46 -0500 :: hercules-login-1.hpc.msstate.edu :: Task gdas_atmos_prod_f001, jobid=5950388, in state QUEUED (PENDING)
2025-07-28 18:44:46 -0500 :: hercules-login-1.hpc.msstate.edu :: Task gdas_atmos_prod_f002, jobid=5950389, in state QUEUED (PENDING)
2025-07-28 18:44:46 -0500 :: hercules-login-1.hpc.msstate.edu :: Task gdas_atmos_prod_f003, jobid=5950390, in state QUEUED (PENDING)
2025-07-28 18:44:46 -0500 :: hercules-login-1.hpc.msstate.edu :: Task gdas_atmos_prod_f004, jobid=5950391, in state QUEUED (PENDING)
2025-07-28 18:44:46 -0500 :: hercules-login-1.hpc.msstate.edu :: Task gdas_atmos_prod_f005, jobid=5950392, in state QUEUED (PENDING)
2025-07-28 18:44:46 -0500 :: hercules-login-1.hpc.msstate.edu :: Task gdas_atmos_prod_f006, jobid=5950393, in state QUEUED (PENDING)
2025-07-28 18:44:46 -0500 :: hercules-login-1.hpc.msstate.edu :: Task gdas_atmos_prod_f007, jobid=5950394, in state QUEUED (PENDING)
2025-07-28 18:44:46 -0500 :: hercules-login-1.hpc.msstate.edu :: Task gdas_atmos_prod_f008, jobid=5950395, in state QUEUED (PENDING)
2025-07-28 18:44:46 -0500 :: hercules-login-1.hpc.msstate.edu :: Task gdas_atmos_prod_f009, jobid=5950396, in state QUEUED (PENDING)
2025-07-28 18:44:46 -0500 :: hercules-login-1.hpc.msstate.edu :: Task enkfgdas_epos000, jobid=5950398, in state QUEUED (PENDING)
2025-07-28 18:44:46 -0500 :: hercules-login-1.hpc.msstate.edu :: Task enkfgdas_epos001, jobid=5950399, in state QUEUED (PENDING)
2025-07-28 18:44:46 -0500 :: hercules-login-1.hpc.msstate.edu :: Task enkfgdas_epos002, jobid=5950400, in state QUEUED (PENDING)
2025-07-28 18:44:46 -0500 :: hercules-login-1.hpc.msstate.edu :: Task enkfgdas_epos003, jobid=5950401, in state QUEUED (PENDING)
2025-07-28 18:44:46 -0500 :: hercules-login-1.hpc.msstate.edu :: Task enkfgdas_epos004, jobid=5950402, in state QUEUED (PENDING)
2025-07-28 18:44:46 -0500 :: hercules-login-1.hpc.msstate.edu :: Task enkfgdas_epos005, jobid=5950403, in state QUEUED (PENDING)
2025-07-28 18:44:46 -0500 :: hercules-login-1.hpc.msstate.edu :: Task enkfgdas_epos006, jobid=5950404, in state QUEUED (PENDING)
2025-07-28 18:50:49 -0500 :: hercules-login-1.hpc.msstate.edu :: Task gdas_atmos_prod_f001, jobid=5950388, in state QUEUED (PENDING)
2025-07-28 18:50:49 -0500 :: hercules-login-1.hpc.msstate.edu :: Task gdas_atmos_prod_f002, jobid=5950389, in state QUEUED (PENDING)
2025-07-28 18:50:49 -0500 :: hercules-login-1.hpc.msstate.edu :: Task gdas_atmos_prod_f003, jobid=5950390, in state QUEUED (PENDING)
2025-07-28 18:50:49 -0500 :: hercules-login-1.hpc.msstate.edu :: Task gdas_atmos_prod_f004, jobid=5950391, in state QUEUED (PENDING)
2025-07-28 18:50:49 -0500 :: hercules-login-1.hpc.msstate.edu :: Task gdas_atmos_prod_f005, jobid=5950392, in state QUEUED (PENDING)
2025-07-28 18:50:49 -0500 :: hercules-login-1.hpc.msstate.edu :: Task gdas_atmos_prod_f006, jobid=5950393, in state QUEUED (PENDING)
2025-07-28 18:50:49 -0500 :: hercules-login-1.hpc.msstate.edu :: Task gdas_atmos_prod_f007, jobid=5950394, in state QUEUED (PENDING)
2025-07-28 18:50:49 -0500 :: hercules-login-1.hpc.msstate.edu :: Task gdas_atmos_prod_f008, jobid=5950395, in state QUEUED (PENDING)
2025-07-28 18:50:49 -0500 :: hercules-login-1.hpc.msstate.edu :: Task gdas_atmos_prod_f009, jobid=5950396, in state QUEUED (PENDING)
2025-07-28 18:50:49 -0500 :: hercules-login-1.hpc.msstate.edu :: Task enkfgdas_epos000, jobid=5950398, in state QUEUED (PENDING)
2025-07-28 18:50:49 -0500 :: hercules-login-1.hpc.msstate.edu :: Task enkfgdas_epos001, jobid=5950399, in state QUEUED (PENDING)
2025-07-28 18:50:49 -0500 :: hercules-login-1.hpc.msstate.edu :: Task enkfgdas_epos002, jobid=5950400, in state QUEUED (PENDING)
2025-07-28 18:50:49 -0500 :: hercules-login-1.hpc.msstate.edu :: Task enkfgdas_epos003, jobid=5950401, in state QUEUED (PENDING)
2025-07-28 18:50:49 -0500 :: hercules-login-1.hpc.msstate.edu :: Task enkfgdas_epos004, jobid=5950402, in state QUEUED (PENDING)
2025-07-28 18:50:49 -0500 :: hercules-login-1.hpc.msstate.edu :: Task enkfgdas_epos005, jobid=5950403, in state QUEUED (PENDING)
2025-07-28 18:50:49 -0500 :: hercules-login-1.hpc.msstate.edu :: Task enkfgdas_epos006, jobid=5950404, in state QUEUED (PENDING)
2025-07-28 18:56:53 -0500 :: hercules-login-1.hpc.msstate.edu :: Task gdas_atmos_prod_f001, jobid=5950388, in state SUCCEEDED (COMPLETED), ran for 67.0 seconds, exit status=0, try=1 (of 2)
2025-07-28 18:56:53 -0500 :: hercules-login-1.hpc.msstate.edu :: Task gdas_atmos_prod_f002, jobid=5950389, in state SUCCEEDED (COMPLETED), ran for 67.0 seconds, exit status=0, try=1 (of 2)
2025-07-28 18:56:53 -0500 :: hercules-login-1.hpc.msstate.edu :: Task gdas_atmos_prod_f003, jobid=5950390, in state SUCCEEDED (COMPLETED), ran for 68.0 seconds, exit status=0, try=1 (of 2)
2025-07-28 18:56:53 -0500 :: hercules-login-1.hpc.msstate.edu :: Task gdas_atmos_prod_f004, jobid=5950391, in state SUCCEEDED (COMPLETED), ran for 67.0 seconds, exit status=0, try=1 (of 2)
2025-07-28 18:56:53 -0500 :: hercules-login-1.hpc.msstate.edu :: Task gdas_atmos_prod_f005, jobid=5950392, in state SUCCEEDED (COMPLETED), ran for 68.0 seconds, exit status=0, try=1 (of 2)
2025-07-28 18:56:53 -0500 :: hercules-login-1.hpc.msstate.edu :: Task gdas_atmos_prod_f006, jobid=5950393, in state SUCCEEDED (COMPLETED), ran for 69.0 seconds, exit status=0, try=1 (of 2)
2025-07-28 18:56:53 -0500 :: hercules-login-1.hpc.msstate.edu :: Task gdas_atmos_prod_f007, jobid=5950394, in state SUCCEEDED (COMPLETED), ran for 68.0 seconds, exit status=0, try=1 (of 2)
2025-07-28 18:56:53 -0500 :: hercules-login-1.hpc.msstate.edu :: Task gdas_atmos_prod_f008, jobid=5950395, in state SUCCEEDED (COMPLETED), ran for 69.0 seconds, exit status=0, try=1 (of 2)
2025-07-28 18:56:53 -0500 :: hercules-login-1.hpc.msstate.edu :: Task gdas_atmos_prod_f009, jobid=5950396, in state SUCCEEDED (COMPLETED), ran for 67.0 seconds, exit status=0, try=1 (of 2)
2025-07-28 18:56:53 -0500 :: hercules-login-1.hpc.msstate.edu :: Task enkfgdas_epos000, jobid=5950398, in state SUCCEEDED (COMPLETED), ran for 41.0 seconds, exit status=0, try=1 (of 2)
2025-07-28 18:56:53 -0500 :: hercules-login-1.hpc.msstate.edu :: Task enkfgdas_epos001, jobid=5950399, in state QUEUED (PENDING)
2025-07-28 18:56:53 -0500 :: hercules-login-1.hpc.msstate.edu :: Task enkfgdas_epos002, jobid=5950400, in state QUEUED (PENDING)
2025-07-28 18:56:53 -0500 :: hercules-login-1.hpc.msstate.edu :: Task enkfgdas_epos003, jobid=5950401, in state QUEUED (PENDING)
2025-07-28 18:56:53 -0500 :: hercules-login-1.hpc.msstate.edu :: Task enkfgdas_epos004, jobid=5950402, in state QUEUED (PENDING)
2025-07-28 18:56:53 -0500 :: hercules-login-1.hpc.msstate.edu :: Task enkfgdas_epos005, jobid=5950403, in state QUEUED (PENDING)
2025-07-28 18:56:53 -0500 :: hercules-login-1.hpc.msstate.edu :: Task enkfgdas_epos006, jobid=5950404, in state QUEUED (PENDING)
2025-07-28 19:02:56 -0500 :: hercules-login-1.hpc.msstate.edu :: Task enkfgdas_epos001, jobid=5950399, in state SUCCEEDED (COMPLETED), ran for 39.0 seconds, exit status=0, try=1 (of 2)
2025-07-28 19:02:56 -0500 :: hercules-login-1.hpc.msstate.edu :: Task enkfgdas_epos002, jobid=5950400, in state SUCCEEDED (COMPLETED), ran for 39.0 seconds, exit status=0, try=1 (of 2)
2025-07-28 19:02:56 -0500 :: hercules-login-1.hpc.msstate.edu :: Task enkfgdas_epos003, jobid=5950401, in state SUCCEEDED (COMPLETED), ran for 38.0 seconds, exit status=0, try=1 (of 2)
2025-07-28 19:02:56 -0500 :: hercules-login-1.hpc.msstate.edu :: Task enkfgdas_epos004, jobid=5950402, in state SUCCEEDED (COMPLETED), ran for 38.0 seconds, exit status=0, try=1 (of 2)
2025-07-28 19:02:56 -0500 :: hercules-login-1.hpc.msstate.edu :: Task enkfgdas_epos005, jobid=5950403, in state QUEUED (PENDING)
2025-07-28 19:02:56 -0500 :: hercules-login-1.hpc.msstate.edu :: Task enkfgdas_epos006, jobid=5950404, in state QUEUED (PENDING)
2025-07-28 19:08:59 -0500 :: hercules-login-1.hpc.msstate.edu :: Task enkfgdas_epos005, jobid=5950403, in state SUCCEEDED (COMPLETED), ran for 36.0 seconds, exit status=0, try=1 (of 2)
2025-07-28 19:08:59 -0500 :: hercules-login-1.hpc.msstate.edu :: Task enkfgdas_epos006, jobid=5950404, in state SUCCEEDED (COMPLETED), ran for 38.0 seconds, exit status=0, try=1 (of 2)
2025-07-28 19:08:59 -0500 :: hercules-login-1.hpc.msstate.edu :: This cycle is complete: Success
