2025-07-29 00:34:43 -0500 :: hercules-login-1.hpc.msstate.edu :: Submitting gdas_prep
2025-07-29 00:34:43 -0500 :: hercules-login-1.hpc.msstate.edu :: Submission of gdas_prep succeeded, jobid=5952537
2025-07-29 00:40:46 -0500 :: hercules-login-1.hpc.msstate.edu :: Task gdas_prep, jobid=5952537, in state QUEUED (PENDING)
2025-07-29 00:46:48 -0500 :: hercules-login-1.hpc.msstate.edu :: Task gdas_prep, jobid=5952537, in state SUCCEEDED (COMPLETED), ran for 116.0 seconds, exit status=0, try=1 (of 2)
2025-07-29 00:46:48 -0500 :: hercules-login-1.hpc.msstate.edu :: Submitting gdas_anal
2025-07-29 00:46:48 -0500 :: hercules-login-1.hpc.msstate.edu :: Submission status of gdas_anal is pending at druby://130.18.14.151:43769
2025-07-29 00:52:51 -0500 :: hercules-login-1.hpc.msstate.edu :: Submission status of previously pending gdas_anal is success, jobid=5952627
2025-07-29 00:52:51 -0500 :: hercules-login-1.hpc.msstate.edu :: Task gdas_anal, jobid=5952627, in state QUEUED (PENDING)
2025-07-29 00:58:54 -0500 :: hercules-login-1.hpc.msstate.edu :: Task gdas_anal, jobid=5952627, in state QUEUED (PENDING)
2025-07-29 01:04:56 -0500 :: hercules-login-1.hpc.msstate.edu :: Task gdas_anal, jobid=5952627, in state RUNNING (RUNNING)
2025-07-29 01:10:59 -0500 :: hercules-login-1.hpc.msstate.edu :: Task gdas_anal, jobid=5952627, in state RUNNING (RUNNING)
2025-07-29 01:17:01 -0500 :: hercules-login-1.hpc.msstate.edu :: Task gdas_anal, jobid=5952627, in state RUNNING (RUNNING)
2025-07-29 01:23:04 -0500 :: hercules-login-1.hpc.msstate.edu :: Task gdas_anal, jobid=5952627, in state SUCCEEDED (COMPLETED), ran for 1171.0 seconds, exit status=0, try=1 (of 2)
2025-07-29 01:23:04 -0500 :: hercules-login-1.hpc.msstate.edu :: Submitting gdas_sfcanl
2025-07-29 01:23:04 -0500 :: hercules-login-1.hpc.msstate.edu :: Submitting gdas_analdiag
2025-07-29 01:23:04 -0500 :: hercules-login-1.hpc.msstate.edu :: Submitting gdas_vminmon
2025-07-29 01:23:04 -0500 :: hercules-login-1.hpc.msstate.edu :: Submission status of gdas_sfcanl is pending at druby://130.18.14.151:41693
2025-07-29 01:23:04 -0500 :: hercules-login-1.hpc.msstate.edu :: Submission status of gdas_analdiag is pending at druby://130.18.14.151:41693
2025-07-29 01:23:04 -0500 :: hercules-login-1.hpc.msstate.edu :: Submission status of gdas_vminmon is pending at druby://130.18.14.151:41693
2025-07-29 01:29:06 -0500 :: hercules-login-1.hpc.msstate.edu :: Submission status of previously pending gdas_sfcanl is success, jobid=5952732
2025-07-29 01:29:06 -0500 :: hercules-login-1.hpc.msstate.edu :: Submission status of previously pending gdas_analdiag is success, jobid=5952733
2025-07-29 01:29:06 -0500 :: hercules-login-1.hpc.msstate.edu :: Submission status of previously pending gdas_vminmon is success, jobid=5952734
2025-07-29 01:29:06 -0500 :: hercules-login-1.hpc.msstate.edu :: Task gdas_sfcanl, jobid=5952732, in state SUCCEEDED (COMPLETED), ran for 41.0 seconds, exit status=0, try=1 (of 2)
2025-07-29 01:29:06 -0500 :: hercules-login-1.hpc.msstate.edu :: Task gdas_analdiag, jobid=5952733, in state SUCCEEDED (COMPLETED), ran for 122.0 seconds, exit status=0, try=1 (of 2)
2025-07-29 01:29:06 -0500 :: hercules-login-1.hpc.msstate.edu :: Task gdas_vminmon, jobid=5952734, in state SUCCEEDED (COMPLETED), ran for 21.0 seconds, exit status=0, try=1 (of 2)
2025-07-29 01:29:06 -0500 :: hercules-login-1.hpc.msstate.edu :: Submitting gdas_analcalc
2025-07-29 01:29:06 -0500 :: hercules-login-1.hpc.msstate.edu :: Submitting gdas_fcst_seg0
2025-07-29 01:29:06 -0500 :: hercules-login-1.hpc.msstate.edu :: Submitting gdas_verfozn
2025-07-29 01:29:06 -0500 :: hercules-login-1.hpc.msstate.edu :: Submitting gdas_verfrad
2025-07-29 01:29:06 -0500 :: hercules-login-1.hpc.msstate.edu :: Submission of gdas_analcalc succeeded, jobid=5952752
2025-07-29 01:29:06 -0500 :: hercules-login-1.hpc.msstate.edu :: Submission of gdas_fcst_seg0 succeeded, jobid=5952753
2025-07-29 01:29:06 -0500 :: hercules-login-1.hpc.msstate.edu :: Submission of gdas_verfozn succeeded, jobid=5952754
2025-07-29 01:29:06 -0500 :: hercules-login-1.hpc.msstate.edu :: Submission of gdas_verfrad succeeded, jobid=5952755
2025-07-29 01:35:09 -0500 :: hercules-login-1.hpc.msstate.edu :: Task gdas_analcalc, jobid=5952752, in state SUCCEEDED (COMPLETED), ran for 40.0 seconds, exit status=0, try=1 (of 2)
2025-07-29 01:35:09 -0500 :: hercules-login-1.hpc.msstate.edu :: Task gdas_fcst_seg0, jobid=5952753, in state RUNNING (RUNNING)
2025-07-29 01:35:09 -0500 :: hercules-login-1.hpc.msstate.edu :: Task gdas_verfozn, jobid=5952754, in state SUCCEEDED (COMPLETED), ran for 61.0 seconds, exit status=0, try=1 (of 2)
2025-07-29 01:35:09 -0500 :: hercules-login-1.hpc.msstate.edu :: Task gdas_verfrad, jobid=5952755, in state RUNNING (RUNNING)
2025-07-29 01:35:09 -0500 :: hercules-login-1.hpc.msstate.edu :: Submitting gdas_atmanlupp
2025-07-29 01:35:09 -0500 :: hercules-login-1.hpc.msstate.edu :: Submission status of gdas_atmanlupp is pending at druby://130.18.14.151:43293
2025-07-29 01:41:11 -0500 :: hercules-login-1.hpc.msstate.edu :: Submission status of previously pending gdas_atmanlupp is success, jobid=5952795
2025-07-29 01:41:12 -0500 :: hercules-login-1.hpc.msstate.edu :: Task gdas_atmanlupp, jobid=5952795, in state SUCCEEDED (COMPLETED), ran for 43.0 seconds, exit status=0, try=1 (of 2)
2025-07-29 01:41:12 -0500 :: hercules-login-1.hpc.msstate.edu :: Task gdas_fcst_seg0, jobid=5952753, in state RUNNING (RUNNING)
2025-07-29 01:41:12 -0500 :: hercules-login-1.hpc.msstate.edu :: Task gdas_verfrad, jobid=5952755, in state SUCCEEDED (COMPLETED), ran for 678.0 seconds, exit status=0, try=1 (of 2)
2025-07-29 01:41:12 -0500 :: hercules-login-1.hpc.msstate.edu :: Submitting gdas_atmos_prod_f000
2025-07-29 01:41:12 -0500 :: hercules-login-1.hpc.msstate.edu :: Submitting gdas_atmos_prod_f003
2025-07-29 01:41:12 -0500 :: hercules-login-1.hpc.msstate.edu :: Submission status of gdas_atmos_prod_f000 is pending at druby://130.18.14.151:46007
2025-07-29 01:41:12 -0500 :: hercules-login-1.hpc.msstate.edu :: Submission status of gdas_atmos_prod_f003 is pending at druby://130.18.14.151:46007
2025-07-29 01:47:14 -0500 :: hercules-login-1.hpc.msstate.edu :: Submission status of previously pending gdas_atmos_prod_f000 is success, jobid=5952814
2025-07-29 01:47:14 -0500 :: hercules-login-1.hpc.msstate.edu :: Submission status of previously pending gdas_atmos_prod_f003 is success, jobid=5952815
2025-07-29 01:47:14 -0500 :: hercules-login-1.hpc.msstate.edu :: Task gdas_fcst_seg0, jobid=5952753, in state SUCCEEDED (COMPLETED), ran for 443.0 seconds, exit status=0, try=1 (of 2)
2025-07-29 01:47:14 -0500 :: hercules-login-1.hpc.msstate.edu :: Task gdas_atmos_prod_f000, jobid=5952814, in state SUCCEEDED (COMPLETED), ran for 66.0 seconds, exit status=0, try=1 (of 2)
2025-07-29 01:47:14 -0500 :: hercules-login-1.hpc.msstate.edu :: Task gdas_atmos_prod_f003, jobid=5952815, in state SUCCEEDED (COMPLETED), ran for 65.0 seconds, exit status=0, try=1 (of 2)
2025-07-29 01:47:14 -0500 :: hercules-login-1.hpc.msstate.edu :: Submitting gdas_atmanlprod
2025-07-29 01:47:14 -0500 :: hercules-login-1.hpc.msstate.edu :: Submitting gdas_atmos_prod_f006
2025-07-29 01:47:14 -0500 :: hercules-login-1.hpc.msstate.edu :: Submitting gdas_atmos_prod_f009
2025-07-29 01:47:14 -0500 :: hercules-login-1.hpc.msstate.edu :: Submission of gdas_atmanlprod succeeded, jobid=5952849
2025-07-29 01:47:14 -0500 :: hercules-login-1.hpc.msstate.edu :: Submission of gdas_atmos_prod_f006 succeeded, jobid=5952850
2025-07-29 01:47:14 -0500 :: hercules-login-1.hpc.msstate.edu :: Submission status of gdas_atmos_prod_f009 is pending at druby://130.18.14.151:45699
2025-07-29 01:53:17 -0500 :: hercules-login-1.hpc.msstate.edu :: Submission status of previously pending gdas_atmos_prod_f009 is success, jobid=5952851
2025-07-29 01:53:17 -0500 :: hercules-login-1.hpc.msstate.edu :: Task gdas_atmanlprod, jobid=5952849, in state SUCCEEDED (COMPLETED), ran for 64.0 seconds, exit status=0, try=1 (of 2)
2025-07-29 01:53:17 -0500 :: hercules-login-1.hpc.msstate.edu :: Task gdas_atmos_prod_f006, jobid=5952850, in state SUCCEEDED (COMPLETED), ran for 66.0 seconds, exit status=0, try=1 (of 2)
2025-07-29 01:53:17 -0500 :: hercules-login-1.hpc.msstate.edu :: Task gdas_atmos_prod_f009, jobid=5952851, in state SUCCEEDED (COMPLETED), ran for 66.0 seconds, exit status=0, try=1 (of 2)
2025-07-29 01:53:17 -0500 :: hercules-login-1.hpc.msstate.edu :: Submitting gdas_fit2obs
2025-07-29 01:53:17 -0500 :: hercules-login-1.hpc.msstate.edu :: Submission status of gdas_fit2obs is pending at druby://130.18.14.151:44613
2025-07-29 01:59:19 -0500 :: hercules-login-1.hpc.msstate.edu :: Submission status of previously pending gdas_fit2obs is success, jobid=5952889
2025-07-29 01:59:19 -0500 :: hercules-login-1.hpc.msstate.edu :: Task gdas_fit2obs, jobid=5952889, in state SUCCEEDED (COMPLETED), ran for 19.0 seconds, exit status=0, try=1 (of 2)
2025-07-29 01:59:19 -0500 :: hercules-login-1.hpc.msstate.edu :: Submitting gdas_arch_vrfy
2025-07-29 01:59:19 -0500 :: hercules-login-1.hpc.msstate.edu :: Submission status of gdas_arch_vrfy is pending at druby://130.18.14.151:41715
2025-07-29 02:05:22 -0500 :: hercules-login-1.hpc.msstate.edu :: Submission status of previously pending gdas_arch_vrfy is success, jobid=5952922
2025-07-29 02:05:22 -0500 :: hercules-login-1.hpc.msstate.edu :: Task gdas_arch_vrfy, jobid=5952922, in state SUCCEEDED (COMPLETED), ran for 17.0 seconds, exit status=0, try=1 (of 2)
2025-07-29 02:05:22 -0500 :: hercules-login-1.hpc.msstate.edu :: Submitting gdas_cleanup
2025-07-29 02:05:22 -0500 :: hercules-login-1.hpc.msstate.edu :: Submission status of gdas_cleanup is pending at druby://130.18.14.151:37107
2025-07-29 02:11:25 -0500 :: hercules-login-1.hpc.msstate.edu :: Submission status of previously pending gdas_cleanup is success, jobid=5952997
2025-07-29 02:11:25 -0500 :: hercules-login-1.hpc.msstate.edu :: Task gdas_cleanup, jobid=5952997, in state SUCCEEDED (COMPLETED), ran for 18.0 seconds, exit status=0, try=1 (of 2)
2025-07-29 02:11:25 -0500 :: hercules-login-1.hpc.msstate.edu :: This cycle is complete: Success
