2025-07-28 15:06:42 -0500 :: hercules-login-1.hpc.msstate.edu :: Submitting gdas_prepoceanobs
2025-07-28 15:06:42 -0500 :: hercules-login-1.hpc.msstate.edu :: Submission of gdas_prepoceanobs succeeded, jobid=5950326
2025-07-28 15:12:45 -0500 :: hercules-login-1.hpc.msstate.edu :: Task gdas_prepoceanobs, jobid=5950326, in state SUCCEEDED (COMPLETED), ran for 215.0 seconds, exit status=0, try=1 (of 2)
2025-07-28 15:12:45 -0500 :: hercules-login-1.hpc.msstate.edu :: Submitting gdas_marinebmatinit
2025-07-28 15:12:45 -0500 :: hercules-login-1.hpc.msstate.edu :: Submission of gdas_marinebmatinit succeeded, jobid=5950371
2025-07-28 15:18:48 -0500 :: hercules-login-1.hpc.msstate.edu :: Task gdas_marinebmatinit, jobid=5950371, in state QUEUED (PENDING)
2025-07-28 15:24:51 -0500 :: hercules-login-1.hpc.msstate.edu :: Task gdas_marinebmatinit, jobid=5950371, in state QUEUED (PENDING)
2025-07-28 15:24:51 -0500 :: hercules-login-1.hpc.msstate.edu :: Submitting gdas_prep
2025-07-28 15:24:51 -0500 :: hercules-login-1.hpc.msstate.edu :: Submission status of gdas_prep is pending at druby://130.18.14.151:43315
2025-07-28 15:30:53 -0500 :: hercules-login-1.hpc.msstate.edu :: Submission status of previously pending gdas_prep is success, jobid=5950445
2025-07-28 15:30:53 -0500 :: hercules-login-1.hpc.msstate.edu :: Task gdas_prep, jobid=5950445, in state QUEUED (PENDING)
2025-07-28 15:30:53 -0500 :: hercules-login-1.hpc.msstate.edu :: Task gdas_marinebmatinit, jobid=5950371, in state QUEUED (PENDING)
2025-07-28 15:36:56 -0500 :: hercules-login-1.hpc.msstate.edu :: Task gdas_prep, jobid=5950445, in state QUEUED (PENDING)
2025-07-28 15:36:56 -0500 :: hercules-login-1.hpc.msstate.edu :: Task gdas_marinebmatinit, jobid=5950371, in state QUEUED (PENDING)
2025-07-28 15:42:58 -0500 :: hercules-login-1.hpc.msstate.edu :: Task gdas_prep, jobid=5950445, in state QUEUED (PENDING)
2025-07-28 15:42:58 -0500 :: hercules-login-1.hpc.msstate.edu :: Task gdas_marinebmatinit, jobid=5950371, in state QUEUED (PENDING)
2025-07-28 15:49:01 -0500 :: hercules-login-1.hpc.msstate.edu :: Task gdas_prep, jobid=5950445, in state QUEUED (PENDING)
2025-07-28 15:49:01 -0500 :: hercules-login-1.hpc.msstate.edu :: Task gdas_marinebmatinit, jobid=5950371, in state QUEUED (PENDING)
2025-07-28 15:55:04 -0500 :: hercules-login-1.hpc.msstate.edu :: Task gdas_prep, jobid=5950445, in state QUEUED (PENDING)
2025-07-28 15:55:04 -0500 :: hercules-login-1.hpc.msstate.edu :: Task gdas_marinebmatinit, jobid=5950371, in state QUEUED (PENDING)
2025-07-28 16:01:06 -0500 :: hercules-login-1.hpc.msstate.edu :: Task gdas_prep, jobid=5950445, in state QUEUED (PENDING)
2025-07-28 16:01:06 -0500 :: hercules-login-1.hpc.msstate.edu :: Task gdas_marinebmatinit, jobid=5950371, in state QUEUED (PENDING)
2025-07-28 16:07:09 -0500 :: hercules-login-1.hpc.msstate.edu :: Task gdas_prep, jobid=5950445, in state QUEUED (PENDING)
2025-07-28 16:07:09 -0500 :: hercules-login-1.hpc.msstate.edu :: Task gdas_marinebmatinit, jobid=5950371, in state QUEUED (PENDING)
2025-07-28 16:13:11 -0500 :: hercules-login-1.hpc.msstate.edu :: Task gdas_prep, jobid=5950445, in state QUEUED (PENDING)
2025-07-28 16:13:11 -0500 :: hercules-login-1.hpc.msstate.edu :: Task gdas_marinebmatinit, jobid=5950371, in state QUEUED (PENDING)
2025-07-28 16:19:14 -0500 :: hercules-login-1.hpc.msstate.edu :: Task gdas_prep, jobid=5950445, in state QUEUED (PENDING)
2025-07-28 16:19:14 -0500 :: hercules-login-1.hpc.msstate.edu :: Task gdas_marinebmatinit, jobid=5950371, in state QUEUED (PENDING)
2025-07-28 16:25:16 -0500 :: hercules-login-1.hpc.msstate.edu :: Task gdas_prep, jobid=5950445, in state QUEUED (PENDING)
2025-07-28 16:25:16 -0500 :: hercules-login-1.hpc.msstate.edu :: Task gdas_marinebmatinit, jobid=5950371, in state QUEUED (PENDING)
2025-07-28 16:31:19 -0500 :: hercules-login-1.hpc.msstate.edu :: Task gdas_prep, jobid=5950445, in state QUEUED (PENDING)
2025-07-28 16:31:19 -0500 :: hercules-login-1.hpc.msstate.edu :: Task gdas_marinebmatinit, jobid=5950371, in state SUCCEEDED (COMPLETED), ran for 33.0 seconds, exit status=0, try=1 (of 2)
2025-07-28 16:31:19 -0500 :: hercules-login-1.hpc.msstate.edu :: Submitting gdas_marinebmat
2025-07-28 16:31:19 -0500 :: hercules-login-1.hpc.msstate.edu :: Submitting gdas_ocnanalecen
2025-07-28 16:31:19 -0500 :: hercules-login-1.hpc.msstate.edu :: Submission status of gdas_marinebmat is pending at druby://130.18.14.151:40859
2025-07-28 16:31:19 -0500 :: hercules-login-1.hpc.msstate.edu :: Submission status of gdas_ocnanalecen is pending at druby://130.18.14.151:40859
2025-07-28 16:37:21 -0500 :: hercules-login-1.hpc.msstate.edu :: Submission status of previously pending gdas_marinebmat is success, jobid=5950656
2025-07-28 16:37:21 -0500 :: hercules-login-1.hpc.msstate.edu :: Submission status of previously pending gdas_ocnanalecen is success, jobid=5950657
2025-07-28 16:37:21 -0500 :: hercules-login-1.hpc.msstate.edu :: Task gdas_prep, jobid=5950445, in state QUEUED (PENDING)
2025-07-28 16:37:21 -0500 :: hercules-login-1.hpc.msstate.edu :: Task gdas_marinebmat, jobid=5950656, in state QUEUED (PENDING)
2025-07-28 16:37:21 -0500 :: hercules-login-1.hpc.msstate.edu :: Task gdas_ocnanalecen, jobid=5950657, in state SUCCEEDED (COMPLETED), ran for 63.0 seconds, exit status=0, try=1 (of 2)
2025-07-28 16:43:24 -0500 :: hercules-login-1.hpc.msstate.edu :: Task gdas_prep, jobid=5950445, in state QUEUED (PENDING)
2025-07-28 16:43:24 -0500 :: hercules-login-1.hpc.msstate.edu :: Task gdas_marinebmat, jobid=5950656, in state QUEUED (PENDING)
2025-07-28 16:49:26 -0500 :: hercules-login-1.hpc.msstate.edu :: Task gdas_prep, jobid=5950445, in state QUEUED (PENDING)
2025-07-28 16:49:26 -0500 :: hercules-login-1.hpc.msstate.edu :: Task gdas_marinebmat, jobid=5950656, in state QUEUED (PENDING)
2025-07-28 16:55:28 -0500 :: hercules-login-1.hpc.msstate.edu :: Task gdas_prep, jobid=5950445, in state QUEUED (PENDING)
2025-07-28 16:55:28 -0500 :: hercules-login-1.hpc.msstate.edu :: Task gdas_marinebmat, jobid=5950656, in state QUEUED (PENDING)
2025-07-28 17:01:31 -0500 :: hercules-login-1.hpc.msstate.edu :: Task gdas_prep, jobid=5950445, in state QUEUED (PENDING)
2025-07-28 17:01:31 -0500 :: hercules-login-1.hpc.msstate.edu :: Task gdas_marinebmat, jobid=5950656, in state QUEUED (PENDING)
2025-07-28 17:07:33 -0500 :: hercules-login-1.hpc.msstate.edu :: Task gdas_prep, jobid=5950445, in state QUEUED (PENDING)
2025-07-28 17:07:33 -0500 :: hercules-login-1.hpc.msstate.edu :: Task gdas_marinebmat, jobid=5950656, in state QUEUED (PENDING)
2025-07-28 17:13:36 -0500 :: hercules-login-1.hpc.msstate.edu :: Task gdas_prep, jobid=5950445, in state QUEUED (PENDING)
2025-07-28 17:13:36 -0500 :: hercules-login-1.hpc.msstate.edu :: Task gdas_marinebmat, jobid=5950656, in state QUEUED (PENDING)
2025-07-28 17:19:38 -0500 :: hercules-login-1.hpc.msstate.edu :: Task gdas_prep, jobid=5950445, in state QUEUED (PENDING)
2025-07-28 17:19:38 -0500 :: hercules-login-1.hpc.msstate.edu :: Task gdas_marinebmat, jobid=5950656, in state QUEUED (PENDING)
2025-07-28 17:25:41 -0500 :: hercules-login-1.hpc.msstate.edu :: Task gdas_prep, jobid=5950445, in state QUEUED (PENDING)
2025-07-28 17:25:41 -0500 :: hercules-login-1.hpc.msstate.edu :: Task gdas_marinebmat, jobid=5950656, in state QUEUED (PENDING)
2025-07-28 17:31:43 -0500 :: hercules-login-1.hpc.msstate.edu :: Task gdas_prep, jobid=5950445, in state QUEUED (PENDING)
2025-07-28 17:31:43 -0500 :: hercules-login-1.hpc.msstate.edu :: Task gdas_marinebmat, jobid=5950656, in state QUEUED (PENDING)
2025-07-28 17:37:46 -0500 :: hercules-login-1.hpc.msstate.edu :: Task gdas_prep, jobid=5950445, in state QUEUED (PENDING)
2025-07-28 17:37:46 -0500 :: hercules-login-1.hpc.msstate.edu :: Task gdas_marinebmat, jobid=5950656, in state QUEUED (PENDING)
2025-07-28 17:43:48 -0500 :: hercules-login-1.hpc.msstate.edu :: Task gdas_prep, jobid=5950445, in state QUEUED (PENDING)
2025-07-28 17:43:48 -0500 :: hercules-login-1.hpc.msstate.edu :: Task gdas_marinebmat, jobid=5950656, in state QUEUED (PENDING)
2025-07-28 17:49:51 -0500 :: hercules-login-1.hpc.msstate.edu :: Task gdas_prep, jobid=5950445, in state QUEUED (PENDING)
2025-07-28 17:49:51 -0500 :: hercules-login-1.hpc.msstate.edu :: Task gdas_marinebmat, jobid=5950656, in state QUEUED (PENDING)
2025-07-28 17:55:53 -0500 :: hercules-login-1.hpc.msstate.edu :: Task gdas_prep, jobid=5950445, in state QUEUED (PENDING)
2025-07-28 17:55:53 -0500 :: hercules-login-1.hpc.msstate.edu :: Task gdas_marinebmat, jobid=5950656, in state QUEUED (PENDING)
2025-07-28 18:01:56 -0500 :: hercules-login-1.hpc.msstate.edu :: Task gdas_prep, jobid=5950445, in state QUEUED (PENDING)
2025-07-28 18:01:56 -0500 :: hercules-login-1.hpc.msstate.edu :: Task gdas_marinebmat, jobid=5950656, in state QUEUED (PENDING)
2025-07-28 18:07:58 -0500 :: hercules-login-1.hpc.msstate.edu :: Task gdas_prep, jobid=5950445, in state QUEUED (PENDING)
2025-07-28 18:07:58 -0500 :: hercules-login-1.hpc.msstate.edu :: Task gdas_marinebmat, jobid=5950656, in state QUEUED (PENDING)
2025-07-28 18:14:01 -0500 :: hercules-login-1.hpc.msstate.edu :: Task gdas_prep, jobid=5950445, in state QUEUED (PENDING)
2025-07-28 18:14:01 -0500 :: hercules-login-1.hpc.msstate.edu :: Task gdas_marinebmat, jobid=5950656, in state QUEUED (PENDING)
2025-07-28 18:20:03 -0500 :: hercules-login-1.hpc.msstate.edu :: Task gdas_prep, jobid=5950445, in state QUEUED (PENDING)
2025-07-28 18:20:03 -0500 :: hercules-login-1.hpc.msstate.edu :: Task gdas_marinebmat, jobid=5950656, in state QUEUED (PENDING)
2025-07-28 18:26:06 -0500 :: hercules-login-1.hpc.msstate.edu :: Task gdas_prep, jobid=5950445, in state QUEUED (PENDING)
2025-07-28 18:26:06 -0500 :: hercules-login-1.hpc.msstate.edu :: Task gdas_marinebmat, jobid=5950656, in state QUEUED (PENDING)
2025-07-28 18:32:08 -0500 :: hercules-login-1.hpc.msstate.edu :: Task gdas_prep, jobid=5950445, in state QUEUED (PENDING)
2025-07-28 18:32:08 -0500 :: hercules-login-1.hpc.msstate.edu :: Task gdas_marinebmat, jobid=5950656, in state QUEUED (PENDING)
2025-07-28 18:38:11 -0500 :: hercules-login-1.hpc.msstate.edu :: Task gdas_prep, jobid=5950445, in state QUEUED (PENDING)
2025-07-28 18:38:11 -0500 :: hercules-login-1.hpc.msstate.edu :: Task gdas_marinebmat, jobid=5950656, in state QUEUED (PENDING)
2025-07-28 18:44:13 -0500 :: hercules-login-1.hpc.msstate.edu :: Task gdas_prep, jobid=5950445, in state QUEUED (PENDING)
2025-07-28 18:44:13 -0500 :: hercules-login-1.hpc.msstate.edu :: Task gdas_marinebmat, jobid=5950656, in state QUEUED (PENDING)
2025-07-28 18:50:16 -0500 :: hercules-login-1.hpc.msstate.edu :: Task gdas_prep, jobid=5950445, in state QUEUED (PENDING)
2025-07-28 18:50:16 -0500 :: hercules-login-1.hpc.msstate.edu :: Task gdas_marinebmat, jobid=5950656, in state QUEUED (PENDING)
2025-07-28 18:56:18 -0500 :: hercules-login-1.hpc.msstate.edu :: Task gdas_prep, jobid=5950445, in state QUEUED (PENDING)
2025-07-28 18:56:18 -0500 :: hercules-login-1.hpc.msstate.edu :: Task gdas_marinebmat, jobid=5950656, in state QUEUED (PENDING)
2025-07-28 19:02:20 -0500 :: hercules-login-1.hpc.msstate.edu :: Task gdas_prep, jobid=5950445, in state QUEUED (PENDING)
2025-07-28 19:02:20 -0500 :: hercules-login-1.hpc.msstate.edu :: Task gdas_marinebmat, jobid=5950656, in state QUEUED (PENDING)
2025-07-28 19:08:23 -0500 :: hercules-login-1.hpc.msstate.edu :: Task gdas_prep, jobid=5950445, in state QUEUED (PENDING)
2025-07-28 19:08:23 -0500 :: hercules-login-1.hpc.msstate.edu :: Task gdas_marinebmat, jobid=5950656, in state QUEUED (PENDING)
2025-07-28 19:14:26 -0500 :: hercules-login-1.hpc.msstate.edu :: Task gdas_prep, jobid=5950445, in state QUEUED (PENDING)
2025-07-28 19:14:26 -0500 :: hercules-login-1.hpc.msstate.edu :: Task gdas_marinebmat, jobid=5950656, in state QUEUED (PENDING)
2025-07-28 19:20:28 -0500 :: hercules-login-1.hpc.msstate.edu :: Task gdas_prep, jobid=5950445, in state SUCCEEDED (COMPLETED), ran for 101.0 seconds, exit status=0, try=1 (of 2)
2025-07-28 19:20:28 -0500 :: hercules-login-1.hpc.msstate.edu :: Task gdas_marinebmat, jobid=5950656, in state QUEUED (PENDING)
2025-07-28 19:20:28 -0500 :: hercules-login-1.hpc.msstate.edu :: Submitting gdas_anal
2025-07-28 19:20:28 -0500 :: hercules-login-1.hpc.msstate.edu :: Submitting enkfgdas_eobs
2025-07-28 19:20:28 -0500 :: hercules-login-1.hpc.msstate.edu :: Submission status of gdas_anal is pending at druby://130.18.14.151:36903
2025-07-28 19:20:28 -0500 :: hercules-login-1.hpc.msstate.edu :: Submission status of enkfgdas_eobs is pending at druby://130.18.14.151:36903
2025-07-28 19:26:31 -0500 :: hercules-login-1.hpc.msstate.edu :: Submission status of previously pending gdas_anal is success, jobid=5951103
2025-07-28 19:26:31 -0500 :: hercules-login-1.hpc.msstate.edu :: Submission status of previously pending enkfgdas_eobs is success, jobid=5951104
2025-07-28 19:26:31 -0500 :: hercules-login-1.hpc.msstate.edu :: Task gdas_anal, jobid=5951103, in state QUEUED (PENDING)
2025-07-28 19:26:31 -0500 :: hercules-login-1.hpc.msstate.edu :: Task gdas_marinebmat, jobid=5950656, in state QUEUED (PENDING)
2025-07-28 19:26:31 -0500 :: hercules-login-1.hpc.msstate.edu :: Task enkfgdas_eobs, jobid=5951104, in state QUEUED (PENDING)
2025-07-28 19:32:33 -0500 :: hercules-login-1.hpc.msstate.edu :: Task gdas_anal, jobid=5951103, in state QUEUED (PENDING)
2025-07-28 19:32:33 -0500 :: hercules-login-1.hpc.msstate.edu :: Task gdas_marinebmat, jobid=5950656, in state QUEUED (PENDING)
2025-07-28 19:32:33 -0500 :: hercules-login-1.hpc.msstate.edu :: Task enkfgdas_eobs, jobid=5951104, in state QUEUED (PENDING)
2025-07-28 19:38:36 -0500 :: hercules-login-1.hpc.msstate.edu :: Task gdas_anal, jobid=5951103, in state QUEUED (PENDING)
2025-07-28 19:38:36 -0500 :: hercules-login-1.hpc.msstate.edu :: Task gdas_marinebmat, jobid=5950656, in state QUEUED (PENDING)
2025-07-28 19:38:36 -0500 :: hercules-login-1.hpc.msstate.edu :: Task enkfgdas_eobs, jobid=5951104, in state QUEUED (PENDING)
2025-07-28 19:44:38 -0500 :: hercules-login-1.hpc.msstate.edu :: Task gdas_anal, jobid=5951103, in state QUEUED (PENDING)
2025-07-28 19:44:38 -0500 :: hercules-login-1.hpc.msstate.edu :: Task gdas_marinebmat, jobid=5950656, in state QUEUED (PENDING)
2025-07-28 19:44:38 -0500 :: hercules-login-1.hpc.msstate.edu :: Task enkfgdas_eobs, jobid=5951104, in state QUEUED (PENDING)
2025-07-28 19:50:41 -0500 :: hercules-login-1.hpc.msstate.edu :: Task gdas_anal, jobid=5951103, in state QUEUED (PENDING)
2025-07-28 19:50:41 -0500 :: hercules-login-1.hpc.msstate.edu :: Task gdas_marinebmat, jobid=5950656, in state SUCCEEDED (COMPLETED), ran for 80.0 seconds, exit status=0, try=1 (of 2)
2025-07-28 19:50:41 -0500 :: hercules-login-1.hpc.msstate.edu :: Task enkfgdas_eobs, jobid=5951104, in state QUEUED (PENDING)
2025-07-28 19:50:41 -0500 :: hercules-login-1.hpc.msstate.edu :: Submitting gdas_marineanlinit
2025-07-28 19:50:41 -0500 :: hercules-login-1.hpc.msstate.edu :: Submitting gdas_marineanlletkf
2025-07-28 19:50:41 -0500 :: hercules-login-1.hpc.msstate.edu :: Submission status of gdas_marineanlinit is pending at druby://130.18.14.151:42671
2025-07-28 19:50:41 -0500 :: hercules-login-1.hpc.msstate.edu :: Submission status of gdas_marineanlletkf is pending at druby://130.18.14.151:42671
2025-07-28 19:56:43 -0500 :: hercules-login-1.hpc.msstate.edu :: Submission status of previously pending gdas_marineanlinit is success, jobid=5951198
2025-07-28 19:56:43 -0500 :: hercules-login-1.hpc.msstate.edu :: Submission status of previously pending gdas_marineanlletkf is success, jobid=5951199
2025-07-28 19:56:43 -0500 :: hercules-login-1.hpc.msstate.edu :: Task gdas_anal, jobid=5951103, in state QUEUED (PENDING)
2025-07-28 19:56:43 -0500 :: hercules-login-1.hpc.msstate.edu :: Task gdas_marineanlinit, jobid=5951198, in state QUEUED (PENDING)
2025-07-28 19:56:43 -0500 :: hercules-login-1.hpc.msstate.edu :: Task gdas_marineanlletkf, jobid=5951199, in state QUEUED (PENDING)
2025-07-28 19:56:43 -0500 :: hercules-login-1.hpc.msstate.edu :: Task enkfgdas_eobs, jobid=5951104, in state QUEUED (PENDING)
2025-07-28 20:02:46 -0500 :: hercules-login-1.hpc.msstate.edu :: Task gdas_anal, jobid=5951103, in state QUEUED (PENDING)
2025-07-28 20:02:46 -0500 :: hercules-login-1.hpc.msstate.edu :: Task gdas_marineanlinit, jobid=5951198, in state QUEUED (PENDING)
2025-07-28 20:02:46 -0500 :: hercules-login-1.hpc.msstate.edu :: Task gdas_marineanlletkf, jobid=5951199, in state QUEUED (PENDING)
2025-07-28 20:02:46 -0500 :: hercules-login-1.hpc.msstate.edu :: Task enkfgdas_eobs, jobid=5951104, in state QUEUED (PENDING)
2025-07-28 20:08:48 -0500 :: hercules-login-1.hpc.msstate.edu :: Task gdas_anal, jobid=5951103, in state QUEUED (PENDING)
2025-07-28 20:08:48 -0500 :: hercules-login-1.hpc.msstate.edu :: Task gdas_marineanlinit, jobid=5951198, in state QUEUED (PENDING)
2025-07-28 20:08:48 -0500 :: hercules-login-1.hpc.msstate.edu :: Task gdas_marineanlletkf, jobid=5951199, in state QUEUED (PENDING)
2025-07-28 20:08:48 -0500 :: hercules-login-1.hpc.msstate.edu :: Task enkfgdas_eobs, jobid=5951104, in state QUEUED (PENDING)
2025-07-28 20:14:50 -0500 :: hercules-login-1.hpc.msstate.edu :: Task gdas_anal, jobid=5951103, in state QUEUED (PENDING)
2025-07-28 20:14:50 -0500 :: hercules-login-1.hpc.msstate.edu :: Task gdas_marineanlinit, jobid=5951198, in state QUEUED (PENDING)
2025-07-28 20:14:50 -0500 :: hercules-login-1.hpc.msstate.edu :: Task gdas_marineanlletkf, jobid=5951199, in state QUEUED (PENDING)
2025-07-28 20:14:50 -0500 :: hercules-login-1.hpc.msstate.edu :: Task enkfgdas_eobs, jobid=5951104, in state QUEUED (PENDING)
2025-07-28 20:20:53 -0500 :: hercules-login-1.hpc.msstate.edu :: Task gdas_anal, jobid=5951103, in state QUEUED (PENDING)
2025-07-28 20:20:53 -0500 :: hercules-login-1.hpc.msstate.edu :: Task gdas_marineanlinit, jobid=5951198, in state QUEUED (PENDING)
2025-07-28 20:20:53 -0500 :: hercules-login-1.hpc.msstate.edu :: Task gdas_marineanlletkf, jobid=5951199, in state QUEUED (PENDING)
2025-07-28 20:20:53 -0500 :: hercules-login-1.hpc.msstate.edu :: Task enkfgdas_eobs, jobid=5951104, in state QUEUED (PENDING)
2025-07-28 20:26:55 -0500 :: hercules-login-1.hpc.msstate.edu :: Task gdas_anal, jobid=5951103, in state QUEUED (PENDING)
2025-07-28 20:26:55 -0500 :: hercules-login-1.hpc.msstate.edu :: Task gdas_marineanlinit, jobid=5951198, in state SUCCEEDED (COMPLETED), ran for 33.0 seconds, exit status=0, try=1 (of 2)
2025-07-28 20:26:55 -0500 :: hercules-login-1.hpc.msstate.edu :: Task gdas_marineanlletkf, jobid=5951199, in state QUEUED (PENDING)
2025-07-28 20:26:55 -0500 :: hercules-login-1.hpc.msstate.edu :: Task enkfgdas_eobs, jobid=5951104, in state RUNNING (RUNNING)
2025-07-28 20:26:55 -0500 :: hercules-login-1.hpc.msstate.edu :: Submitting gdas_marineanlvar
2025-07-28 20:26:55 -0500 :: hercules-login-1.hpc.msstate.edu :: Submission status of gdas_marineanlvar is pending at druby://130.18.14.151:34343
2025-07-28 20:32:58 -0500 :: hercules-login-1.hpc.msstate.edu :: Submission status of previously pending gdas_marineanlvar is success, jobid=5951341
2025-07-28 20:32:58 -0500 :: hercules-login-1.hpc.msstate.edu :: Task gdas_anal, jobid=5951103, in state QUEUED (PENDING)
2025-07-28 20:32:58 -0500 :: hercules-login-1.hpc.msstate.edu :: Task gdas_marineanlvar, jobid=5951341, in state QUEUED (PENDING)
2025-07-28 20:32:58 -0500 :: hercules-login-1.hpc.msstate.edu :: Task gdas_marineanlletkf, jobid=5951199, in state QUEUED (PENDING)
2025-07-28 20:32:58 -0500 :: hercules-login-1.hpc.msstate.edu :: Task enkfgdas_eobs, jobid=5951104, in state SUCCEEDED (COMPLETED), ran for 429.0 seconds, exit status=0, try=1 (of 2)
2025-07-28 20:32:58 -0500 :: hercules-login-1.hpc.msstate.edu :: Submitting enkfgdas_ediag
2025-07-28 20:32:58 -0500 :: hercules-login-1.hpc.msstate.edu :: Submission status of enkfgdas_ediag is pending at druby://130.18.14.151:38093
2025-07-28 20:39:00 -0500 :: hercules-login-1.hpc.msstate.edu :: Submission status of previously pending enkfgdas_ediag is success, jobid=5951396
2025-07-28 20:39:00 -0500 :: hercules-login-1.hpc.msstate.edu :: Task gdas_anal, jobid=5951103, in state QUEUED (PENDING)
2025-07-28 20:39:00 -0500 :: hercules-login-1.hpc.msstate.edu :: Task gdas_marineanlvar, jobid=5951341, in state QUEUED (PENDING)
2025-07-28 20:39:00 -0500 :: hercules-login-1.hpc.msstate.edu :: Task gdas_marineanlletkf, jobid=5951199, in state QUEUED (PENDING)
2025-07-28 20:39:00 -0500 :: hercules-login-1.hpc.msstate.edu :: Task enkfgdas_ediag, jobid=5951396, in state SUCCEEDED (COMPLETED), ran for 143.0 seconds, exit status=0, try=1 (of 2)
2025-07-28 20:39:00 -0500 :: hercules-login-1.hpc.msstate.edu :: Submitting enkfgdas_eupd
2025-07-28 20:39:00 -0500 :: hercules-login-1.hpc.msstate.edu :: Submission status of enkfgdas_eupd is pending at druby://130.18.14.151:39029
2025-07-28 20:45:03 -0500 :: hercules-login-1.hpc.msstate.edu :: Submission status of previously pending enkfgdas_eupd is success, jobid=5951426
2025-07-28 20:45:03 -0500 :: hercules-login-1.hpc.msstate.edu :: Task gdas_anal, jobid=5951103, in state QUEUED (PENDING)
2025-07-28 20:45:03 -0500 :: hercules-login-1.hpc.msstate.edu :: Task gdas_marineanlvar, jobid=5951341, in state QUEUED (PENDING)
2025-07-28 20:45:03 -0500 :: hercules-login-1.hpc.msstate.edu :: Task gdas_marineanlletkf, jobid=5951199, in state QUEUED (PENDING)
2025-07-28 20:45:03 -0500 :: hercules-login-1.hpc.msstate.edu :: Task enkfgdas_eupd, jobid=5951426, in state QUEUED (PENDING)
2025-07-28 20:51:06 -0500 :: hercules-login-1.hpc.msstate.edu :: Task gdas_anal, jobid=5951103, in state QUEUED (PENDING)
2025-07-28 20:51:06 -0500 :: hercules-login-1.hpc.msstate.edu :: Task gdas_marineanlvar, jobid=5951341, in state QUEUED (PENDING)
2025-07-28 20:51:06 -0500 :: hercules-login-1.hpc.msstate.edu :: Task gdas_marineanlletkf, jobid=5951199, in state QUEUED (PENDING)
2025-07-28 20:51:06 -0500 :: hercules-login-1.hpc.msstate.edu :: Task enkfgdas_eupd, jobid=5951426, in state QUEUED (PENDING)
2025-07-28 20:57:08 -0500 :: hercules-login-1.hpc.msstate.edu :: Task gdas_anal, jobid=5951103, in state QUEUED (PENDING)
2025-07-28 20:57:08 -0500 :: hercules-login-1.hpc.msstate.edu :: Task gdas_marineanlvar, jobid=5951341, in state QUEUED (PENDING)
2025-07-28 20:57:08 -0500 :: hercules-login-1.hpc.msstate.edu :: Task gdas_marineanlletkf, jobid=5951199, in state QUEUED (PENDING)
2025-07-28 20:57:08 -0500 :: hercules-login-1.hpc.msstate.edu :: Task enkfgdas_eupd, jobid=5951426, in state QUEUED (PENDING)
2025-07-28 21:03:11 -0500 :: hercules-login-1.hpc.msstate.edu :: Task gdas_anal, jobid=5951103, in state QUEUED (PENDING)
2025-07-28 21:03:11 -0500 :: hercules-login-1.hpc.msstate.edu :: Task gdas_marineanlvar, jobid=5951341, in state QUEUED (PENDING)
2025-07-28 21:03:11 -0500 :: hercules-login-1.hpc.msstate.edu :: Task gdas_marineanlletkf, jobid=5951199, in state QUEUED (PENDING)
2025-07-28 21:03:11 -0500 :: hercules-login-1.hpc.msstate.edu :: Task enkfgdas_eupd, jobid=5951426, in state QUEUED (PENDING)
2025-07-28 21:09:13 -0500 :: hercules-login-1.hpc.msstate.edu :: Task gdas_anal, jobid=5951103, in state QUEUED (PENDING)
2025-07-28 21:09:13 -0500 :: hercules-login-1.hpc.msstate.edu :: Task gdas_marineanlvar, jobid=5951341, in state QUEUED (PENDING)
2025-07-28 21:09:13 -0500 :: hercules-login-1.hpc.msstate.edu :: Task gdas_marineanlletkf, jobid=5951199, in state QUEUED (PENDING)
2025-07-28 21:09:13 -0500 :: hercules-login-1.hpc.msstate.edu :: Task enkfgdas_eupd, jobid=5951426, in state QUEUED (PENDING)
2025-07-28 21:15:15 -0500 :: hercules-login-1.hpc.msstate.edu :: Task gdas_anal, jobid=5951103, in state QUEUED (PENDING)
2025-07-28 21:15:15 -0500 :: hercules-login-1.hpc.msstate.edu :: Task gdas_marineanlvar, jobid=5951341, in state QUEUED (PENDING)
2025-07-28 21:15:15 -0500 :: hercules-login-1.hpc.msstate.edu :: Task gdas_marineanlletkf, jobid=5951199, in state QUEUED (PENDING)
2025-07-28 21:15:15 -0500 :: hercules-login-1.hpc.msstate.edu :: Task enkfgdas_eupd, jobid=5951426, in state QUEUED (PENDING)
2025-07-28 21:21:18 -0500 :: hercules-login-1.hpc.msstate.edu :: Task gdas_anal, jobid=5951103, in state RUNNING (RUNNING)
2025-07-28 21:21:18 -0500 :: hercules-login-1.hpc.msstate.edu :: Task gdas_marineanlvar, jobid=5951341, in state QUEUED (PENDING)
2025-07-28 21:21:18 -0500 :: hercules-login-1.hpc.msstate.edu :: Task gdas_marineanlletkf, jobid=5951199, in state QUEUED (PENDING)
2025-07-28 21:21:18 -0500 :: hercules-login-1.hpc.msstate.edu :: Task enkfgdas_eupd, jobid=5951426, in state RUNNING (RUNNING)
2025-07-28 21:27:21 -0500 :: hercules-login-1.hpc.msstate.edu :: Task gdas_anal, jobid=5951103, in state RUNNING (RUNNING)
2025-07-28 21:27:21 -0500 :: hercules-login-1.hpc.msstate.edu :: Task gdas_marineanlvar, jobid=5951341, in state SUCCEEDED (COMPLETED), ran for 51.0 seconds, exit status=0, try=1 (of 2)
2025-07-28 21:27:21 -0500 :: hercules-login-1.hpc.msstate.edu :: Task gdas_marineanlletkf, jobid=5951199, in state SUCCEEDED (COMPLETED), ran for 115.0 seconds, exit status=0, try=1 (of 2)
2025-07-28 21:27:21 -0500 :: hercules-login-1.hpc.msstate.edu :: Task enkfgdas_eupd, jobid=5951426, in state SUCCEEDED (COMPLETED), ran for 153.0 seconds, exit status=0, try=1 (of 2)
2025-07-28 21:27:21 -0500 :: hercules-login-1.hpc.msstate.edu :: Submitting gdas_marineanlchkpt
2025-07-28 21:27:21 -0500 :: hercules-login-1.hpc.msstate.edu :: Submission status of gdas_marineanlchkpt is pending at druby://130.18.14.151:43559
2025-07-28 21:33:23 -0500 :: hercules-login-1.hpc.msstate.edu :: Submission status of previously pending gdas_marineanlchkpt is success, jobid=5951660
2025-07-28 21:33:23 -0500 :: hercules-login-1.hpc.msstate.edu :: Task gdas_anal, jobid=5951103, in state RUNNING (RUNNING)
2025-07-28 21:33:23 -0500 :: hercules-login-1.hpc.msstate.edu :: Task gdas_marineanlchkpt, jobid=5951660, in state SUCCEEDED (COMPLETED), ran for 50.0 seconds, exit status=0, try=1 (of 2)
2025-07-28 21:33:23 -0500 :: hercules-login-1.hpc.msstate.edu :: Submitting gdas_marineanlfinal
2025-07-28 21:33:23 -0500 :: hercules-login-1.hpc.msstate.edu :: Submission status of gdas_marineanlfinal is pending at druby://130.18.14.151:41643
2025-07-28 21:39:25 -0500 :: hercules-login-1.hpc.msstate.edu :: Submission status of previously pending gdas_marineanlfinal is success, jobid=5951709
2025-07-28 21:39:25 -0500 :: hercules-login-1.hpc.msstate.edu :: Task gdas_anal, jobid=5951103, in state SUCCEEDED (COMPLETED), ran for 936.0 seconds, exit status=0, try=1 (of 2)
2025-07-28 21:39:25 -0500 :: hercules-login-1.hpc.msstate.edu :: Task gdas_marineanlfinal, jobid=5951709, in state QUEUED (PENDING)
2025-07-28 21:39:26 -0500 :: hercules-login-1.hpc.msstate.edu :: Submitting gdas_sfcanl
2025-07-28 21:39:26 -0500 :: hercules-login-1.hpc.msstate.edu :: Submitting gdas_analdiag
2025-07-28 21:39:26 -0500 :: hercules-login-1.hpc.msstate.edu :: Submitting gdas_vminmon
2025-07-28 21:39:26 -0500 :: hercules-login-1.hpc.msstate.edu :: Submission of gdas_sfcanl succeeded, jobid=5951770
2025-07-28 21:39:26 -0500 :: hercules-login-1.hpc.msstate.edu :: Submission of gdas_analdiag succeeded, jobid=5951771
2025-07-28 21:39:26 -0500 :: hercules-login-1.hpc.msstate.edu :: Submission status of gdas_vminmon is pending at druby://130.18.14.151:35331
2025-07-28 21:45:28 -0500 :: hercules-login-1.hpc.msstate.edu :: Submission status of previously pending gdas_vminmon is success, jobid=5951772
2025-07-28 21:45:28 -0500 :: hercules-login-1.hpc.msstate.edu :: Task gdas_marineanlfinal, jobid=5951709, in state QUEUED (PENDING)
2025-07-28 21:45:28 -0500 :: hercules-login-1.hpc.msstate.edu :: Task gdas_sfcanl, jobid=5951770, in state QUEUED (PENDING)
2025-07-28 21:45:28 -0500 :: hercules-login-1.hpc.msstate.edu :: Task gdas_analdiag, jobid=5951771, in state QUEUED (PENDING)
2025-07-28 21:45:28 -0500 :: hercules-login-1.hpc.msstate.edu :: Task gdas_vminmon, jobid=5951772, in state SUCCEEDED (COMPLETED), ran for 17.0 seconds, exit status=0, try=1 (of 2)
2025-07-28 21:51:30 -0500 :: hercules-login-1.hpc.msstate.edu :: Task gdas_marineanlfinal, jobid=5951709, in state SUCCEEDED (COMPLETED), ran for 33.0 seconds, exit status=0, try=1 (of 2)
2025-07-28 21:51:30 -0500 :: hercules-login-1.hpc.msstate.edu :: Task gdas_sfcanl, jobid=5951770, in state QUEUED (PENDING)
2025-07-28 21:51:30 -0500 :: hercules-login-1.hpc.msstate.edu :: Task gdas_analdiag, jobid=5951771, in state QUEUED (PENDING)
2025-07-28 21:51:30 -0500 :: hercules-login-1.hpc.msstate.edu :: Submitting gdas_anlstat
2025-07-28 21:51:30 -0500 :: hercules-login-1.hpc.msstate.edu :: Submission status of gdas_anlstat is pending at druby://130.18.14.151:39335
2025-07-28 21:57:33 -0500 :: hercules-login-1.hpc.msstate.edu :: Submission status of previously pending gdas_anlstat is success, jobid=5951865
2025-07-28 21:57:33 -0500 :: hercules-login-1.hpc.msstate.edu :: Task gdas_sfcanl, jobid=5951770, in state QUEUED (PENDING)
2025-07-28 21:57:33 -0500 :: hercules-login-1.hpc.msstate.edu :: Task gdas_analdiag, jobid=5951771, in state QUEUED (PENDING)
2025-07-28 21:57:33 -0500 :: hercules-login-1.hpc.msstate.edu :: Task gdas_anlstat, jobid=5951865, in state SUCCEEDED (COMPLETED), ran for 31.0 seconds, exit status=0, try=1 (of 2)
2025-07-28 22:03:35 -0500 :: hercules-login-1.hpc.msstate.edu :: Task gdas_sfcanl, jobid=5951770, in state QUEUED (PENDING)
2025-07-28 22:03:35 -0500 :: hercules-login-1.hpc.msstate.edu :: Task gdas_analdiag, jobid=5951771, in state QUEUED (PENDING)
2025-07-28 22:09:38 -0500 :: hercules-login-1.hpc.msstate.edu :: Task gdas_sfcanl, jobid=5951770, in state SUCCEEDED (COMPLETED), ran for 38.0 seconds, exit status=0, try=1 (of 2)
2025-07-28 22:09:38 -0500 :: hercules-login-1.hpc.msstate.edu :: Task gdas_analdiag, jobid=5951771, in state SUCCEEDED (COMPLETED), ran for 126.0 seconds, exit status=0, try=1 (of 2)
2025-07-28 22:09:38 -0500 :: hercules-login-1.hpc.msstate.edu :: Submitting gdas_analcalc
2025-07-28 22:09:38 -0500 :: hercules-login-1.hpc.msstate.edu :: Submitting gdas_fcst_seg0
2025-07-28 22:09:38 -0500 :: hercules-login-1.hpc.msstate.edu :: Submitting gdas_verfozn
2025-07-28 22:09:38 -0500 :: hercules-login-1.hpc.msstate.edu :: Submitting gdas_verfrad
2025-07-28 22:09:38 -0500 :: hercules-login-1.hpc.msstate.edu :: Submission of gdas_analcalc succeeded, jobid=5951946
2025-07-28 22:09:38 -0500 :: hercules-login-1.hpc.msstate.edu :: Submission of gdas_fcst_seg0 succeeded, jobid=5951947
2025-07-28 22:09:38 -0500 :: hercules-login-1.hpc.msstate.edu :: Submission of gdas_verfozn succeeded, jobid=5951948
2025-07-28 22:09:38 -0500 :: hercules-login-1.hpc.msstate.edu :: Submission of gdas_verfrad succeeded, jobid=5951949
2025-07-28 22:15:40 -0500 :: hercules-login-1.hpc.msstate.edu :: Task gdas_analcalc, jobid=5951946, in state QUEUED (PENDING)
2025-07-28 22:15:40 -0500 :: hercules-login-1.hpc.msstate.edu :: Task gdas_fcst_seg0, jobid=5951947, in state QUEUED (PENDING)
2025-07-28 22:15:40 -0500 :: hercules-login-1.hpc.msstate.edu :: Task gdas_verfozn, jobid=5951948, in state RUNNING (RUNNING)
2025-07-28 22:15:40 -0500 :: hercules-login-1.hpc.msstate.edu :: Task gdas_verfrad, jobid=5951949, in state RUNNING (RUNNING)
2025-07-28 22:21:43 -0500 :: hercules-login-1.hpc.msstate.edu :: Task gdas_analcalc, jobid=5951946, in state QUEUED (PENDING)
2025-07-28 22:21:43 -0500 :: hercules-login-1.hpc.msstate.edu :: Task gdas_fcst_seg0, jobid=5951947, in state QUEUED (PENDING)
2025-07-28 22:21:43 -0500 :: hercules-login-1.hpc.msstate.edu :: Task gdas_verfozn, jobid=5951948, in state SUCCEEDED (COMPLETED), ran for 78.0 seconds, exit status=0, try=1 (of 2)
2025-07-28 22:21:43 -0500 :: hercules-login-1.hpc.msstate.edu :: Task gdas_verfrad, jobid=5951949, in state RUNNING (RUNNING)
2025-07-28 22:27:45 -0500 :: hercules-login-1.hpc.msstate.edu :: Task gdas_analcalc, jobid=5951946, in state QUEUED (PENDING)
2025-07-28 22:27:45 -0500 :: hercules-login-1.hpc.msstate.edu :: Task gdas_fcst_seg0, jobid=5951947, in state QUEUED (PENDING)
2025-07-28 22:27:45 -0500 :: hercules-login-1.hpc.msstate.edu :: Task gdas_verfrad, jobid=5951949, in state SUCCEEDED (COMPLETED), ran for 713.0 seconds, exit status=0, try=1 (of 2)
2025-07-28 22:33:48 -0500 :: hercules-login-1.hpc.msstate.edu :: Task gdas_analcalc, jobid=5951946, in state QUEUED (PENDING)
2025-07-28 22:33:48 -0500 :: hercules-login-1.hpc.msstate.edu :: Task gdas_fcst_seg0, jobid=5951947, in state QUEUED (PENDING)
2025-07-28 22:39:50 -0500 :: hercules-login-1.hpc.msstate.edu :: Task gdas_analcalc, jobid=5951946, in state QUEUED (PENDING)
2025-07-28 22:39:50 -0500 :: hercules-login-1.hpc.msstate.edu :: Task gdas_fcst_seg0, jobid=5951947, in state QUEUED (PENDING)
2025-07-28 22:45:53 -0500 :: hercules-login-1.hpc.msstate.edu :: Task gdas_analcalc, jobid=5951946, in state QUEUED (PENDING)
2025-07-28 22:45:53 -0500 :: hercules-login-1.hpc.msstate.edu :: Task gdas_fcst_seg0, jobid=5951947, in state QUEUED (PENDING)
2025-07-28 22:51:55 -0500 :: hercules-login-1.hpc.msstate.edu :: Task gdas_analcalc, jobid=5951946, in state QUEUED (PENDING)
2025-07-28 22:51:55 -0500 :: hercules-login-1.hpc.msstate.edu :: Task gdas_fcst_seg0, jobid=5951947, in state QUEUED (PENDING)
2025-07-28 22:57:58 -0500 :: hercules-login-1.hpc.msstate.edu :: Task gdas_analcalc, jobid=5951946, in state QUEUED (PENDING)
2025-07-28 22:57:58 -0500 :: hercules-login-1.hpc.msstate.edu :: Task gdas_fcst_seg0, jobid=5951947, in state QUEUED (PENDING)
2025-07-28 23:04:00 -0500 :: hercules-login-1.hpc.msstate.edu :: Task gdas_analcalc, jobid=5951946, in state SUCCEEDED (COMPLETED), ran for 67.0 seconds, exit status=0, try=1 (of 2)
2025-07-28 23:04:00 -0500 :: hercules-login-1.hpc.msstate.edu :: Task gdas_fcst_seg0, jobid=5951947, in state QUEUED (PENDING)
2025-07-28 23:04:00 -0500 :: hercules-login-1.hpc.msstate.edu :: Submitting gdas_atmanlupp
2025-07-28 23:04:00 -0500 :: hercules-login-1.hpc.msstate.edu :: Submitting enkfgdas_ecen000
2025-07-28 23:04:00 -0500 :: hercules-login-1.hpc.msstate.edu :: Submitting enkfgdas_ecen001
2025-07-28 23:04:00 -0500 :: hercules-login-1.hpc.msstate.edu :: Submitting enkfgdas_ecen002
2025-07-28 23:04:00 -0500 :: hercules-login-1.hpc.msstate.edu :: Submitting enkfgdas_esfc
2025-07-28 23:04:00 -0500 :: hercules-login-1.hpc.msstate.edu :: Submission of gdas_atmanlupp succeeded, jobid=5952083
2025-07-28 23:04:00 -0500 :: hercules-login-1.hpc.msstate.edu :: Submission of enkfgdas_ecen000 succeeded, jobid=5952084
2025-07-28 23:04:00 -0500 :: hercules-login-1.hpc.msstate.edu :: Submission of enkfgdas_ecen001 succeeded, jobid=5952085
2025-07-28 23:04:00 -0500 :: hercules-login-1.hpc.msstate.edu :: Submission of enkfgdas_ecen002 succeeded, jobid=5952086
2025-07-28 23:04:00 -0500 :: hercules-login-1.hpc.msstate.edu :: Submission of enkfgdas_esfc succeeded, jobid=5952087
2025-07-28 23:10:03 -0500 :: hercules-login-1.hpc.msstate.edu :: Task gdas_atmanlupp, jobid=5952083, in state QUEUED (PENDING)
2025-07-28 23:10:03 -0500 :: hercules-login-1.hpc.msstate.edu :: Task gdas_fcst_seg0, jobid=5951947, in state SUCCEEDED (COMPLETED), ran for 288.0 seconds, exit status=0, try=1 (of 2)
2025-07-28 23:10:03 -0500 :: hercules-login-1.hpc.msstate.edu :: Task enkfgdas_ecen000, jobid=5952084, in state QUEUED (PENDING)
2025-07-28 23:10:03 -0500 :: hercules-login-1.hpc.msstate.edu :: Task enkfgdas_ecen001, jobid=5952085, in state QUEUED (PENDING)
2025-07-28 23:10:03 -0500 :: hercules-login-1.hpc.msstate.edu :: Task enkfgdas_ecen002, jobid=5952086, in state QUEUED (PENDING)
2025-07-28 23:10:03 -0500 :: hercules-login-1.hpc.msstate.edu :: Task enkfgdas_esfc, jobid=5952087, in state QUEUED (PENDING)
2025-07-28 23:10:03 -0500 :: hercules-login-1.hpc.msstate.edu :: Submitting gdas_atmos_prod_f000
2025-07-28 23:10:03 -0500 :: hercules-login-1.hpc.msstate.edu :: Submitting gdas_atmos_prod_f001
2025-07-28 23:10:03 -0500 :: hercules-login-1.hpc.msstate.edu :: Submitting gdas_atmos_prod_f002
2025-07-28 23:10:03 -0500 :: hercules-login-1.hpc.msstate.edu :: Submitting gdas_atmos_prod_f003
2025-07-28 23:10:03 -0500 :: hercules-login-1.hpc.msstate.edu :: Submitting gdas_atmos_prod_f004
2025-07-28 23:10:03 -0500 :: hercules-login-1.hpc.msstate.edu :: Submitting gdas_atmos_prod_f005
2025-07-28 23:10:03 -0500 :: hercules-login-1.hpc.msstate.edu :: Submitting gdas_atmos_prod_f006
2025-07-28 23:10:03 -0500 :: hercules-login-1.hpc.msstate.edu :: Submitting gdas_atmos_prod_f007
2025-07-28 23:10:03 -0500 :: hercules-login-1.hpc.msstate.edu :: Submitting gdas_atmos_prod_f008
2025-07-28 23:10:03 -0500 :: hercules-login-1.hpc.msstate.edu :: Submitting gdas_atmos_prod_f009
2025-07-28 23:10:03 -0500 :: hercules-login-1.hpc.msstate.edu :: Submission of gdas_atmos_prod_f000 succeeded, jobid=5952103
2025-07-28 23:10:03 -0500 :: hercules-login-1.hpc.msstate.edu :: Submission of gdas_atmos_prod_f001 succeeded, jobid=5952104
2025-07-28 23:10:03 -0500 :: hercules-login-1.hpc.msstate.edu :: Submission of gdas_atmos_prod_f002 succeeded, jobid=5952105
2025-07-28 23:10:03 -0500 :: hercules-login-1.hpc.msstate.edu :: Submission of gdas_atmos_prod_f003 succeeded, jobid=5952106
2025-07-28 23:10:03 -0500 :: hercules-login-1.hpc.msstate.edu :: Submission of gdas_atmos_prod_f004 succeeded, jobid=5952107
2025-07-28 23:10:03 -0500 :: hercules-login-1.hpc.msstate.edu :: Submission of gdas_atmos_prod_f005 succeeded, jobid=5952108
2025-07-28 23:10:03 -0500 :: hercules-login-1.hpc.msstate.edu :: Submission of gdas_atmos_prod_f006 succeeded, jobid=5952109
2025-07-28 23:10:03 -0500 :: hercules-login-1.hpc.msstate.edu :: Submission of gdas_atmos_prod_f007 succeeded, jobid=5952110
2025-07-28 23:10:03 -0500 :: hercules-login-1.hpc.msstate.edu :: Submission of gdas_atmos_prod_f008 succeeded, jobid=5952111
2025-07-28 23:10:03 -0500 :: hercules-login-1.hpc.msstate.edu :: Submission of gdas_atmos_prod_f009 succeeded, jobid=5952112
2025-07-28 23:16:06 -0500 :: hercules-login-1.hpc.msstate.edu :: Task gdas_atmanlupp, jobid=5952083, in state QUEUED (PENDING)
2025-07-28 23:16:06 -0500 :: hercules-login-1.hpc.msstate.edu :: Task gdas_atmos_prod_f000, jobid=5952103, in state QUEUED (PENDING)
2025-07-28 23:16:06 -0500 :: hercules-login-1.hpc.msstate.edu :: Task gdas_atmos_prod_f001, jobid=5952104, in state QUEUED (PENDING)
2025-07-28 23:16:06 -0500 :: hercules-login-1.hpc.msstate.edu :: Task gdas_atmos_prod_f002, jobid=5952105, in state QUEUED (PENDING)
2025-07-28 23:16:06 -0500 :: hercules-login-1.hpc.msstate.edu :: Task gdas_atmos_prod_f003, jobid=5952106, in state QUEUED (PENDING)
2025-07-28 23:16:06 -0500 :: hercules-login-1.hpc.msstate.edu :: Task gdas_atmos_prod_f004, jobid=5952107, in state QUEUED (PENDING)
2025-07-28 23:16:06 -0500 :: hercules-login-1.hpc.msstate.edu :: Task gdas_atmos_prod_f005, jobid=5952108, in state QUEUED (PENDING)
2025-07-28 23:16:06 -0500 :: hercules-login-1.hpc.msstate.edu :: Task gdas_atmos_prod_f006, jobid=5952109, in state QUEUED (PENDING)
2025-07-28 23:16:06 -0500 :: hercules-login-1.hpc.msstate.edu :: Task gdas_atmos_prod_f007, jobid=5952110, in state QUEUED (PENDING)
2025-07-28 23:16:06 -0500 :: hercules-login-1.hpc.msstate.edu :: Task gdas_atmos_prod_f008, jobid=5952111, in state QUEUED (PENDING)
2025-07-28 23:16:06 -0500 :: hercules-login-1.hpc.msstate.edu :: Task gdas_atmos_prod_f009, jobid=5952112, in state QUEUED (PENDING)
2025-07-28 23:16:06 -0500 :: hercules-login-1.hpc.msstate.edu :: Task enkfgdas_ecen000, jobid=5952084, in state QUEUED (PENDING)
2025-07-28 23:16:06 -0500 :: hercules-login-1.hpc.msstate.edu :: Task enkfgdas_ecen001, jobid=5952085, in state QUEUED (PENDING)
2025-07-28 23:16:06 -0500 :: hercules-login-1.hpc.msstate.edu :: Task enkfgdas_ecen002, jobid=5952086, in state QUEUED (PENDING)
2025-07-28 23:16:06 -0500 :: hercules-login-1.hpc.msstate.edu :: Task enkfgdas_esfc, jobid=5952087, in state QUEUED (PENDING)
2025-07-28 23:22:08 -0500 :: hercules-login-1.hpc.msstate.edu :: Task gdas_atmanlupp, jobid=5952083, in state QUEUED (PENDING)
2025-07-28 23:22:08 -0500 :: hercules-login-1.hpc.msstate.edu :: Task gdas_atmos_prod_f000, jobid=5952103, in state QUEUED (PENDING)
2025-07-28 23:22:08 -0500 :: hercules-login-1.hpc.msstate.edu :: Task gdas_atmos_prod_f001, jobid=5952104, in state QUEUED (PENDING)
2025-07-28 23:22:08 -0500 :: hercules-login-1.hpc.msstate.edu :: Task gdas_atmos_prod_f002, jobid=5952105, in state QUEUED (PENDING)
2025-07-28 23:22:08 -0500 :: hercules-login-1.hpc.msstate.edu :: Task gdas_atmos_prod_f003, jobid=5952106, in state QUEUED (PENDING)
2025-07-28 23:22:08 -0500 :: hercules-login-1.hpc.msstate.edu :: Task gdas_atmos_prod_f004, jobid=5952107, in state QUEUED (PENDING)
2025-07-28 23:22:08 -0500 :: hercules-login-1.hpc.msstate.edu :: Task gdas_atmos_prod_f005, jobid=5952108, in state QUEUED (PENDING)
2025-07-28 23:22:08 -0500 :: hercules-login-1.hpc.msstate.edu :: Task gdas_atmos_prod_f006, jobid=5952109, in state QUEUED (PENDING)
2025-07-28 23:22:08 -0500 :: hercules-login-1.hpc.msstate.edu :: Task gdas_atmos_prod_f007, jobid=5952110, in state QUEUED (PENDING)
2025-07-28 23:22:08 -0500 :: hercules-login-1.hpc.msstate.edu :: Task gdas_atmos_prod_f008, jobid=5952111, in state QUEUED (PENDING)
2025-07-28 23:22:08 -0500 :: hercules-login-1.hpc.msstate.edu :: Task gdas_atmos_prod_f009, jobid=5952112, in state QUEUED (PENDING)
2025-07-28 23:22:08 -0500 :: hercules-login-1.hpc.msstate.edu :: Task enkfgdas_ecen000, jobid=5952084, in state QUEUED (PENDING)
2025-07-28 23:22:08 -0500 :: hercules-login-1.hpc.msstate.edu :: Task enkfgdas_ecen001, jobid=5952085, in state QUEUED (PENDING)
2025-07-28 23:22:08 -0500 :: hercules-login-1.hpc.msstate.edu :: Task enkfgdas_ecen002, jobid=5952086, in state QUEUED (PENDING)
2025-07-28 23:22:08 -0500 :: hercules-login-1.hpc.msstate.edu :: Task enkfgdas_esfc, jobid=5952087, in state QUEUED (PENDING)
2025-07-28 23:28:11 -0500 :: hercules-login-1.hpc.msstate.edu :: Task gdas_atmanlupp, jobid=5952083, in state QUEUED (PENDING)
2025-07-28 23:28:11 -0500 :: hercules-login-1.hpc.msstate.edu :: Task gdas_atmos_prod_f000, jobid=5952103, in state QUEUED (PENDING)
2025-07-28 23:28:11 -0500 :: hercules-login-1.hpc.msstate.edu :: Task gdas_atmos_prod_f001, jobid=5952104, in state QUEUED (PENDING)
2025-07-28 23:28:11 -0500 :: hercules-login-1.hpc.msstate.edu :: Task gdas_atmos_prod_f002, jobid=5952105, in state QUEUED (PENDING)
2025-07-28 23:28:11 -0500 :: hercules-login-1.hpc.msstate.edu :: Task gdas_atmos_prod_f003, jobid=5952106, in state QUEUED (PENDING)
2025-07-28 23:28:11 -0500 :: hercules-login-1.hpc.msstate.edu :: Task gdas_atmos_prod_f004, jobid=5952107, in state QUEUED (PENDING)
2025-07-28 23:28:11 -0500 :: hercules-login-1.hpc.msstate.edu :: Task gdas_atmos_prod_f005, jobid=5952108, in state QUEUED (PENDING)
2025-07-28 23:28:11 -0500 :: hercules-login-1.hpc.msstate.edu :: Task gdas_atmos_prod_f006, jobid=5952109, in state QUEUED (PENDING)
2025-07-28 23:28:11 -0500 :: hercules-login-1.hpc.msstate.edu :: Task gdas_atmos_prod_f007, jobid=5952110, in state QUEUED (PENDING)
2025-07-28 23:28:11 -0500 :: hercules-login-1.hpc.msstate.edu :: Task gdas_atmos_prod_f008, jobid=5952111, in state QUEUED (PENDING)
2025-07-28 23:28:11 -0500 :: hercules-login-1.hpc.msstate.edu :: Task gdas_atmos_prod_f009, jobid=5952112, in state QUEUED (PENDING)
2025-07-28 23:28:11 -0500 :: hercules-login-1.hpc.msstate.edu :: Task enkfgdas_ecen000, jobid=5952084, in state QUEUED (PENDING)
2025-07-28 23:28:11 -0500 :: hercules-login-1.hpc.msstate.edu :: Task enkfgdas_ecen001, jobid=5952085, in state QUEUED (PENDING)
2025-07-28 23:28:11 -0500 :: hercules-login-1.hpc.msstate.edu :: Task enkfgdas_ecen002, jobid=5952086, in state QUEUED (PENDING)
2025-07-28 23:28:11 -0500 :: hercules-login-1.hpc.msstate.edu :: Task enkfgdas_esfc, jobid=5952087, in state QUEUED (PENDING)
2025-07-28 23:34:13 -0500 :: hercules-login-1.hpc.msstate.edu :: Task gdas_atmanlupp, jobid=5952083, in state QUEUED (PENDING)
2025-07-28 23:34:13 -0500 :: hercules-login-1.hpc.msstate.edu :: Task gdas_atmos_prod_f000, jobid=5952103, in state QUEUED (PENDING)
2025-07-28 23:34:13 -0500 :: hercules-login-1.hpc.msstate.edu :: Task gdas_atmos_prod_f001, jobid=5952104, in state QUEUED (PENDING)
2025-07-28 23:34:13 -0500 :: hercules-login-1.hpc.msstate.edu :: Task gdas_atmos_prod_f002, jobid=5952105, in state QUEUED (PENDING)
2025-07-28 23:34:13 -0500 :: hercules-login-1.hpc.msstate.edu :: Task gdas_atmos_prod_f003, jobid=5952106, in state QUEUED (PENDING)
2025-07-28 23:34:13 -0500 :: hercules-login-1.hpc.msstate.edu :: Task gdas_atmos_prod_f004, jobid=5952107, in state QUEUED (PENDING)
2025-07-28 23:34:13 -0500 :: hercules-login-1.hpc.msstate.edu :: Task gdas_atmos_prod_f005, jobid=5952108, in state QUEUED (PENDING)
2025-07-28 23:34:13 -0500 :: hercules-login-1.hpc.msstate.edu :: Task gdas_atmos_prod_f006, jobid=5952109, in state QUEUED (PENDING)
2025-07-28 23:34:13 -0500 :: hercules-login-1.hpc.msstate.edu :: Task gdas_atmos_prod_f007, jobid=5952110, in state QUEUED (PENDING)
2025-07-28 23:34:13 -0500 :: hercules-login-1.hpc.msstate.edu :: Task gdas_atmos_prod_f008, jobid=5952111, in state QUEUED (PENDING)
2025-07-28 23:34:13 -0500 :: hercules-login-1.hpc.msstate.edu :: Task gdas_atmos_prod_f009, jobid=5952112, in state QUEUED (PENDING)
2025-07-28 23:34:13 -0500 :: hercules-login-1.hpc.msstate.edu :: Task enkfgdas_ecen000, jobid=5952084, in state QUEUED (PENDING)
2025-07-28 23:34:13 -0500 :: hercules-login-1.hpc.msstate.edu :: Task enkfgdas_ecen001, jobid=5952085, in state QUEUED (PENDING)
2025-07-28 23:34:13 -0500 :: hercules-login-1.hpc.msstate.edu :: Task enkfgdas_ecen002, jobid=5952086, in state QUEUED (PENDING)
2025-07-28 23:34:13 -0500 :: hercules-login-1.hpc.msstate.edu :: Task enkfgdas_esfc, jobid=5952087, in state QUEUED (PENDING)
2025-07-28 23:40:16 -0500 :: hercules-login-1.hpc.msstate.edu :: Task gdas_atmanlupp, jobid=5952083, in state QUEUED (PENDING)
2025-07-28 23:40:16 -0500 :: hercules-login-1.hpc.msstate.edu :: Task gdas_atmos_prod_f000, jobid=5952103, in state QUEUED (PENDING)
2025-07-28 23:40:16 -0500 :: hercules-login-1.hpc.msstate.edu :: Task gdas_atmos_prod_f001, jobid=5952104, in state QUEUED (PENDING)
2025-07-28 23:40:16 -0500 :: hercules-login-1.hpc.msstate.edu :: Task gdas_atmos_prod_f002, jobid=5952105, in state QUEUED (PENDING)
2025-07-28 23:40:16 -0500 :: hercules-login-1.hpc.msstate.edu :: Task gdas_atmos_prod_f003, jobid=5952106, in state QUEUED (PENDING)
2025-07-28 23:40:16 -0500 :: hercules-login-1.hpc.msstate.edu :: Task gdas_atmos_prod_f004, jobid=5952107, in state QUEUED (PENDING)
2025-07-28 23:40:16 -0500 :: hercules-login-1.hpc.msstate.edu :: Task gdas_atmos_prod_f005, jobid=5952108, in state QUEUED (PENDING)
2025-07-28 23:40:16 -0500 :: hercules-login-1.hpc.msstate.edu :: Task gdas_atmos_prod_f006, jobid=5952109, in state QUEUED (PENDING)
2025-07-28 23:40:16 -0500 :: hercules-login-1.hpc.msstate.edu :: Task gdas_atmos_prod_f007, jobid=5952110, in state QUEUED (PENDING)
2025-07-28 23:40:16 -0500 :: hercules-login-1.hpc.msstate.edu :: Task gdas_atmos_prod_f008, jobid=5952111, in state QUEUED (PENDING)
2025-07-28 23:40:16 -0500 :: hercules-login-1.hpc.msstate.edu :: Task gdas_atmos_prod_f009, jobid=5952112, in state QUEUED (PENDING)
2025-07-28 23:40:16 -0500 :: hercules-login-1.hpc.msstate.edu :: Task enkfgdas_ecen000, jobid=5952084, in state QUEUED (PENDING)
2025-07-28 23:40:16 -0500 :: hercules-login-1.hpc.msstate.edu :: Task enkfgdas_ecen001, jobid=5952085, in state QUEUED (PENDING)
2025-07-28 23:40:16 -0500 :: hercules-login-1.hpc.msstate.edu :: Task enkfgdas_ecen002, jobid=5952086, in state QUEUED (PENDING)
2025-07-28 23:40:16 -0500 :: hercules-login-1.hpc.msstate.edu :: Task enkfgdas_esfc, jobid=5952087, in state QUEUED (PENDING)
2025-07-28 23:46:18 -0500 :: hercules-login-1.hpc.msstate.edu :: Task gdas_atmanlupp, jobid=5952083, in state QUEUED (PENDING)
2025-07-28 23:46:18 -0500 :: hercules-login-1.hpc.msstate.edu :: Task gdas_atmos_prod_f000, jobid=5952103, in state QUEUED (PENDING)
2025-07-28 23:46:18 -0500 :: hercules-login-1.hpc.msstate.edu :: Task gdas_atmos_prod_f001, jobid=5952104, in state QUEUED (PENDING)
2025-07-28 23:46:18 -0500 :: hercules-login-1.hpc.msstate.edu :: Task gdas_atmos_prod_f002, jobid=5952105, in state QUEUED (PENDING)
2025-07-28 23:46:18 -0500 :: hercules-login-1.hpc.msstate.edu :: Task gdas_atmos_prod_f003, jobid=5952106, in state QUEUED (PENDING)
2025-07-28 23:46:18 -0500 :: hercules-login-1.hpc.msstate.edu :: Task gdas_atmos_prod_f004, jobid=5952107, in state QUEUED (PENDING)
2025-07-28 23:46:18 -0500 :: hercules-login-1.hpc.msstate.edu :: Task gdas_atmos_prod_f005, jobid=5952108, in state QUEUED (PENDING)
2025-07-28 23:46:18 -0500 :: hercules-login-1.hpc.msstate.edu :: Task gdas_atmos_prod_f006, jobid=5952109, in state QUEUED (PENDING)
2025-07-28 23:46:18 -0500 :: hercules-login-1.hpc.msstate.edu :: Task gdas_atmos_prod_f007, jobid=5952110, in state QUEUED (PENDING)
2025-07-28 23:46:18 -0500 :: hercules-login-1.hpc.msstate.edu :: Task gdas_atmos_prod_f008, jobid=5952111, in state QUEUED (PENDING)
2025-07-28 23:46:18 -0500 :: hercules-login-1.hpc.msstate.edu :: Task gdas_atmos_prod_f009, jobid=5952112, in state QUEUED (PENDING)
2025-07-28 23:46:18 -0500 :: hercules-login-1.hpc.msstate.edu :: Task enkfgdas_ecen000, jobid=5952084, in state QUEUED (PENDING)
2025-07-28 23:46:18 -0500 :: hercules-login-1.hpc.msstate.edu :: Task enkfgdas_ecen001, jobid=5952085, in state QUEUED (PENDING)
2025-07-28 23:46:18 -0500 :: hercules-login-1.hpc.msstate.edu :: Task enkfgdas_ecen002, jobid=5952086, in state QUEUED (PENDING)
2025-07-28 23:46:18 -0500 :: hercules-login-1.hpc.msstate.edu :: Task enkfgdas_esfc, jobid=5952087, in state QUEUED (PENDING)
2025-07-28 23:52:21 -0500 :: hercules-login-1.hpc.msstate.edu :: Task gdas_atmanlupp, jobid=5952083, in state QUEUED (PENDING)
2025-07-28 23:52:21 -0500 :: hercules-login-1.hpc.msstate.edu :: Task gdas_atmos_prod_f000, jobid=5952103, in state QUEUED (PENDING)
2025-07-28 23:52:21 -0500 :: hercules-login-1.hpc.msstate.edu :: Task gdas_atmos_prod_f001, jobid=5952104, in state QUEUED (PENDING)
2025-07-28 23:52:21 -0500 :: hercules-login-1.hpc.msstate.edu :: Task gdas_atmos_prod_f002, jobid=5952105, in state QUEUED (PENDING)
2025-07-28 23:52:21 -0500 :: hercules-login-1.hpc.msstate.edu :: Task gdas_atmos_prod_f003, jobid=5952106, in state QUEUED (PENDING)
2025-07-28 23:52:21 -0500 :: hercules-login-1.hpc.msstate.edu :: Task gdas_atmos_prod_f004, jobid=5952107, in state QUEUED (PENDING)
2025-07-28 23:52:21 -0500 :: hercules-login-1.hpc.msstate.edu :: Task gdas_atmos_prod_f005, jobid=5952108, in state QUEUED (PENDING)
2025-07-28 23:52:21 -0500 :: hercules-login-1.hpc.msstate.edu :: Task gdas_atmos_prod_f006, jobid=5952109, in state QUEUED (PENDING)
2025-07-28 23:52:21 -0500 :: hercules-login-1.hpc.msstate.edu :: Task gdas_atmos_prod_f007, jobid=5952110, in state QUEUED (PENDING)
2025-07-28 23:52:21 -0500 :: hercules-login-1.hpc.msstate.edu :: Task gdas_atmos_prod_f008, jobid=5952111, in state QUEUED (PENDING)
2025-07-28 23:52:21 -0500 :: hercules-login-1.hpc.msstate.edu :: Task gdas_atmos_prod_f009, jobid=5952112, in state QUEUED (PENDING)
2025-07-28 23:52:21 -0500 :: hercules-login-1.hpc.msstate.edu :: Task enkfgdas_ecen000, jobid=5952084, in state QUEUED (PENDING)
2025-07-28 23:52:21 -0500 :: hercules-login-1.hpc.msstate.edu :: Task enkfgdas_ecen001, jobid=5952085, in state QUEUED (PENDING)
2025-07-28 23:52:21 -0500 :: hercules-login-1.hpc.msstate.edu :: Task enkfgdas_ecen002, jobid=5952086, in state QUEUED (PENDING)
2025-07-28 23:52:21 -0500 :: hercules-login-1.hpc.msstate.edu :: Task enkfgdas_esfc, jobid=5952087, in state QUEUED (PENDING)
2025-07-28 23:58:23 -0500 :: hercules-login-1.hpc.msstate.edu :: Task gdas_atmanlupp, jobid=5952083, in state QUEUED (PENDING)
2025-07-28 23:58:23 -0500 :: hercules-login-1.hpc.msstate.edu :: Task gdas_atmos_prod_f000, jobid=5952103, in state QUEUED (PENDING)
2025-07-28 23:58:23 -0500 :: hercules-login-1.hpc.msstate.edu :: Task gdas_atmos_prod_f001, jobid=5952104, in state QUEUED (PENDING)
2025-07-28 23:58:23 -0500 :: hercules-login-1.hpc.msstate.edu :: Task gdas_atmos_prod_f002, jobid=5952105, in state QUEUED (PENDING)
2025-07-28 23:58:23 -0500 :: hercules-login-1.hpc.msstate.edu :: Task gdas_atmos_prod_f003, jobid=5952106, in state QUEUED (PENDING)
2025-07-28 23:58:23 -0500 :: hercules-login-1.hpc.msstate.edu :: Task gdas_atmos_prod_f004, jobid=5952107, in state QUEUED (PENDING)
2025-07-28 23:58:23 -0500 :: hercules-login-1.hpc.msstate.edu :: Task gdas_atmos_prod_f005, jobid=5952108, in state QUEUED (PENDING)
2025-07-28 23:58:23 -0500 :: hercules-login-1.hpc.msstate.edu :: Task gdas_atmos_prod_f006, jobid=5952109, in state QUEUED (PENDING)
2025-07-28 23:58:23 -0500 :: hercules-login-1.hpc.msstate.edu :: Task gdas_atmos_prod_f007, jobid=5952110, in state QUEUED (PENDING)
2025-07-28 23:58:23 -0500 :: hercules-login-1.hpc.msstate.edu :: Task gdas_atmos_prod_f008, jobid=5952111, in state QUEUED (PENDING)
2025-07-28 23:58:23 -0500 :: hercules-login-1.hpc.msstate.edu :: Task gdas_atmos_prod_f009, jobid=5952112, in state QUEUED (PENDING)
2025-07-28 23:58:23 -0500 :: hercules-login-1.hpc.msstate.edu :: Task enkfgdas_ecen000, jobid=5952084, in state QUEUED (PENDING)
2025-07-28 23:58:23 -0500 :: hercules-login-1.hpc.msstate.edu :: Task enkfgdas_ecen001, jobid=5952085, in state QUEUED (PENDING)
2025-07-28 23:58:23 -0500 :: hercules-login-1.hpc.msstate.edu :: Task enkfgdas_ecen002, jobid=5952086, in state QUEUED (PENDING)
2025-07-28 23:58:23 -0500 :: hercules-login-1.hpc.msstate.edu :: Task enkfgdas_esfc, jobid=5952087, in state QUEUED (PENDING)
2025-07-29 00:04:26 -0500 :: hercules-login-1.hpc.msstate.edu :: Task gdas_atmanlupp, jobid=5952083, in state QUEUED (PENDING)
2025-07-29 00:04:26 -0500 :: hercules-login-1.hpc.msstate.edu :: Task gdas_atmos_prod_f000, jobid=5952103, in state QUEUED (PENDING)
2025-07-29 00:04:26 -0500 :: hercules-login-1.hpc.msstate.edu :: Task gdas_atmos_prod_f001, jobid=5952104, in state QUEUED (PENDING)
2025-07-29 00:04:26 -0500 :: hercules-login-1.hpc.msstate.edu :: Task gdas_atmos_prod_f002, jobid=5952105, in state QUEUED (PENDING)
2025-07-29 00:04:26 -0500 :: hercules-login-1.hpc.msstate.edu :: Task gdas_atmos_prod_f003, jobid=5952106, in state QUEUED (PENDING)
2025-07-29 00:04:26 -0500 :: hercules-login-1.hpc.msstate.edu :: Task gdas_atmos_prod_f004, jobid=5952107, in state QUEUED (PENDING)
2025-07-29 00:04:26 -0500 :: hercules-login-1.hpc.msstate.edu :: Task gdas_atmos_prod_f005, jobid=5952108, in state QUEUED (PENDING)
2025-07-29 00:04:26 -0500 :: hercules-login-1.hpc.msstate.edu :: Task gdas_atmos_prod_f006, jobid=5952109, in state QUEUED (PENDING)
2025-07-29 00:04:26 -0500 :: hercules-login-1.hpc.msstate.edu :: Task gdas_atmos_prod_f007, jobid=5952110, in state QUEUED (PENDING)
2025-07-29 00:04:26 -0500 :: hercules-login-1.hpc.msstate.edu :: Task gdas_atmos_prod_f008, jobid=5952111, in state QUEUED (PENDING)
2025-07-29 00:04:26 -0500 :: hercules-login-1.hpc.msstate.edu :: Task gdas_atmos_prod_f009, jobid=5952112, in state QUEUED (PENDING)
2025-07-29 00:04:26 -0500 :: hercules-login-1.hpc.msstate.edu :: Task enkfgdas_ecen000, jobid=5952084, in state QUEUED (PENDING)
2025-07-29 00:04:26 -0500 :: hercules-login-1.hpc.msstate.edu :: Task enkfgdas_ecen001, jobid=5952085, in state QUEUED (PENDING)
2025-07-29 00:04:26 -0500 :: hercules-login-1.hpc.msstate.edu :: Task enkfgdas_ecen002, jobid=5952086, in state QUEUED (PENDING)
2025-07-29 00:04:26 -0500 :: hercules-login-1.hpc.msstate.edu :: Task enkfgdas_esfc, jobid=5952087, in state QUEUED (PENDING)
2025-07-29 00:10:28 -0500 :: hercules-login-1.hpc.msstate.edu :: Task gdas_atmanlupp, jobid=5952083, in state SUCCEEDED (COMPLETED), ran for 36.0 seconds, exit status=0, try=1 (of 2)
2025-07-29 00:10:28 -0500 :: hercules-login-1.hpc.msstate.edu :: Task gdas_atmos_prod_f000, jobid=5952103, in state RUNNING (RUNNING)
2025-07-29 00:10:28 -0500 :: hercules-login-1.hpc.msstate.edu :: Task gdas_atmos_prod_f001, jobid=5952104, in state RUNNING (RUNNING)
2025-07-29 00:10:29 -0500 :: hercules-login-1.hpc.msstate.edu :: Task gdas_atmos_prod_f002, jobid=5952105, in state RUNNING (RUNNING)
2025-07-29 00:10:29 -0500 :: hercules-login-1.hpc.msstate.edu :: Task gdas_atmos_prod_f003, jobid=5952106, in state QUEUED (PENDING)
2025-07-29 00:10:29 -0500 :: hercules-login-1.hpc.msstate.edu :: Task gdas_atmos_prod_f004, jobid=5952107, in state QUEUED (PENDING)
2025-07-29 00:10:29 -0500 :: hercules-login-1.hpc.msstate.edu :: Task gdas_atmos_prod_f005, jobid=5952108, in state QUEUED (PENDING)
2025-07-29 00:10:29 -0500 :: hercules-login-1.hpc.msstate.edu :: Task gdas_atmos_prod_f006, jobid=5952109, in state QUEUED (PENDING)
2025-07-29 00:10:29 -0500 :: hercules-login-1.hpc.msstate.edu :: Task gdas_atmos_prod_f007, jobid=5952110, in state QUEUED (PENDING)
2025-07-29 00:10:29 -0500 :: hercules-login-1.hpc.msstate.edu :: Task gdas_atmos_prod_f008, jobid=5952111, in state QUEUED (PENDING)
2025-07-29 00:10:29 -0500 :: hercules-login-1.hpc.msstate.edu :: Task gdas_atmos_prod_f009, jobid=5952112, in state QUEUED (PENDING)
2025-07-29 00:10:29 -0500 :: hercules-login-1.hpc.msstate.edu :: Task enkfgdas_ecen000, jobid=5952084, in state SUCCEEDED (COMPLETED), ran for 38.0 seconds, exit status=0, try=1 (of 2)
2025-07-29 00:10:29 -0500 :: hercules-login-1.hpc.msstate.edu :: Task enkfgdas_ecen001, jobid=5952085, in state SUCCEEDED (COMPLETED), ran for 43.0 seconds, exit status=0, try=1 (of 2)
2025-07-29 00:10:29 -0500 :: hercules-login-1.hpc.msstate.edu :: Task enkfgdas_ecen002, jobid=5952086, in state SUCCEEDED (COMPLETED), ran for 43.0 seconds, exit status=0, try=1 (of 2)
2025-07-29 00:10:29 -0500 :: hercules-login-1.hpc.msstate.edu :: Task enkfgdas_esfc, jobid=5952087, in state SUCCEEDED (COMPLETED), ran for 121.0 seconds, exit status=0, try=1 (of 2)
2025-07-29 00:10:29 -0500 :: hercules-login-1.hpc.msstate.edu :: Submitting gdas_atmanlprod
2025-07-29 00:10:29 -0500 :: hercules-login-1.hpc.msstate.edu :: Submitting enkfgdas_fcst_mem001
2025-07-29 00:10:29 -0500 :: hercules-login-1.hpc.msstate.edu :: Submitting enkfgdas_fcst_mem002
2025-07-29 00:10:29 -0500 :: hercules-login-1.hpc.msstate.edu :: Submission of gdas_atmanlprod succeeded, jobid=5952374
2025-07-29 00:10:29 -0500 :: hercules-login-1.hpc.msstate.edu :: Submission status of enkfgdas_fcst_mem001 is pending at druby://130.18.14.151:39857
2025-07-29 00:10:29 -0500 :: hercules-login-1.hpc.msstate.edu :: Submission status of enkfgdas_fcst_mem002 is pending at druby://130.18.14.151:39857
2025-07-29 00:16:31 -0500 :: hercules-login-1.hpc.msstate.edu :: Submission status of previously pending enkfgdas_fcst_mem001 is success, jobid=5952375
2025-07-29 00:16:31 -0500 :: hercules-login-1.hpc.msstate.edu :: Submission status of previously pending enkfgdas_fcst_mem002 is success, jobid=5952376
2025-07-29 00:16:32 -0500 :: hercules-login-1.hpc.msstate.edu :: Task gdas_atmanlprod, jobid=5952374, in state QUEUED (PENDING)
2025-07-29 00:16:32 -0500 :: hercules-login-1.hpc.msstate.edu :: Task gdas_atmos_prod_f000, jobid=5952103, in state SUCCEEDED (COMPLETED), ran for 65.0 seconds, exit status=0, try=1 (of 2)
2025-07-29 00:16:32 -0500 :: hercules-login-1.hpc.msstate.edu :: Task gdas_atmos_prod_f001, jobid=5952104, in state SUCCEEDED (COMPLETED), ran for 67.0 seconds, exit status=0, try=1 (of 2)
2025-07-29 00:16:32 -0500 :: hercules-login-1.hpc.msstate.edu :: Task gdas_atmos_prod_f002, jobid=5952105, in state SUCCEEDED (COMPLETED), ran for 64.0 seconds, exit status=0, try=1 (of 2)
2025-07-29 00:16:32 -0500 :: hercules-login-1.hpc.msstate.edu :: Task gdas_atmos_prod_f003, jobid=5952106, in state SUCCEEDED (COMPLETED), ran for 67.0 seconds, exit status=0, try=1 (of 2)
2025-07-29 00:16:32 -0500 :: hercules-login-1.hpc.msstate.edu :: Task gdas_atmos_prod_f004, jobid=5952107, in state SUCCEEDED (COMPLETED), ran for 66.0 seconds, exit status=0, try=1 (of 2)
2025-07-29 00:16:32 -0500 :: hercules-login-1.hpc.msstate.edu :: Task gdas_atmos_prod_f005, jobid=5952108, in state SUCCEEDED (COMPLETED), ran for 65.0 seconds, exit status=0, try=1 (of 2)
2025-07-29 00:16:32 -0500 :: hercules-login-1.hpc.msstate.edu :: Task gdas_atmos_prod_f006, jobid=5952109, in state SUCCEEDED (COMPLETED), ran for 69.0 seconds, exit status=0, try=1 (of 2)
2025-07-29 00:16:32 -0500 :: hercules-login-1.hpc.msstate.edu :: Task gdas_atmos_prod_f007, jobid=5952110, in state SUCCEEDED (COMPLETED), ran for 68.0 seconds, exit status=0, try=1 (of 2)
2025-07-29 00:16:32 -0500 :: hercules-login-1.hpc.msstate.edu :: Task gdas_atmos_prod_f008, jobid=5952111, in state SUCCEEDED (COMPLETED), ran for 65.0 seconds, exit status=0, try=1 (of 2)
2025-07-29 00:16:32 -0500 :: hercules-login-1.hpc.msstate.edu :: Task gdas_atmos_prod_f009, jobid=5952112, in state SUCCEEDED (COMPLETED), ran for 67.0 seconds, exit status=0, try=1 (of 2)
2025-07-29 00:16:32 -0500 :: hercules-login-1.hpc.msstate.edu :: Task enkfgdas_fcst_mem001, jobid=5952375, in state QUEUED (PENDING)
2025-07-29 00:16:32 -0500 :: hercules-login-1.hpc.msstate.edu :: Task enkfgdas_fcst_mem002, jobid=5952376, in state QUEUED (PENDING)
2025-07-29 00:16:32 -0500 :: hercules-login-1.hpc.msstate.edu :: Submitting gdas_fit2obs
2025-07-29 00:16:32 -0500 :: hercules-login-1.hpc.msstate.edu :: Submission status of gdas_fit2obs is pending at druby://130.18.14.151:37743
2025-07-29 00:22:34 -0500 :: hercules-login-1.hpc.msstate.edu :: Submission status of previously pending gdas_fit2obs is success, jobid=5952417
2025-07-29 00:22:34 -0500 :: hercules-login-1.hpc.msstate.edu :: Task gdas_atmanlprod, jobid=5952374, in state QUEUED (PENDING)
2025-07-29 00:22:34 -0500 :: hercules-login-1.hpc.msstate.edu :: Task gdas_fit2obs, jobid=5952417, in state SUCCEEDED (COMPLETED), ran for 24.0 seconds, exit status=0, try=1 (of 2)
2025-07-29 00:22:34 -0500 :: hercules-login-1.hpc.msstate.edu :: Task enkfgdas_fcst_mem001, jobid=5952375, in state QUEUED (PENDING)
2025-07-29 00:22:34 -0500 :: hercules-login-1.hpc.msstate.edu :: Task enkfgdas_fcst_mem002, jobid=5952376, in state QUEUED (PENDING)
2025-07-29 00:28:37 -0500 :: hercules-login-1.hpc.msstate.edu :: Task gdas_atmanlprod, jobid=5952374, in state QUEUED (PENDING)
2025-07-29 00:28:37 -0500 :: hercules-login-1.hpc.msstate.edu :: Task enkfgdas_fcst_mem001, jobid=5952375, in state RUNNING (RUNNING)
2025-07-29 00:28:37 -0500 :: hercules-login-1.hpc.msstate.edu :: Task enkfgdas_fcst_mem002, jobid=5952376, in state RUNNING (RUNNING)
2025-07-29 00:34:39 -0500 :: hercules-login-1.hpc.msstate.edu :: Task gdas_atmanlprod, jobid=5952374, in state QUEUED (PENDING)
2025-07-29 00:34:39 -0500 :: hercules-login-1.hpc.msstate.edu :: Task enkfgdas_fcst_mem001, jobid=5952375, in state SUCCEEDED (COMPLETED), ran for 292.0 seconds, exit status=0, try=1 (of 2)
2025-07-29 00:34:39 -0500 :: hercules-login-1.hpc.msstate.edu :: Task enkfgdas_fcst_mem002, jobid=5952376, in state SUCCEEDED (COMPLETED), ran for 295.0 seconds, exit status=0, try=1 (of 2)
2025-07-29 00:34:39 -0500 :: hercules-login-1.hpc.msstate.edu :: Submitting enkfgdas_echgres
2025-07-29 00:34:39 -0500 :: hercules-login-1.hpc.msstate.edu :: Submitting enkfgdas_epos000
2025-07-29 00:34:39 -0500 :: hercules-login-1.hpc.msstate.edu :: Submitting enkfgdas_epos001
2025-07-29 00:34:39 -0500 :: hercules-login-1.hpc.msstate.edu :: Submitting enkfgdas_epos002
2025-07-29 00:34:39 -0500 :: hercules-login-1.hpc.msstate.edu :: Submitting enkfgdas_epos003
2025-07-29 00:34:39 -0500 :: hercules-login-1.hpc.msstate.edu :: Submitting enkfgdas_epos004
2025-07-29 00:34:39 -0500 :: hercules-login-1.hpc.msstate.edu :: Submitting enkfgdas_epos005
2025-07-29 00:34:39 -0500 :: hercules-login-1.hpc.msstate.edu :: Submitting enkfgdas_epos006
2025-07-29 00:34:39 -0500 :: hercules-login-1.hpc.msstate.edu :: Submission of enkfgdas_echgres succeeded, jobid=5952526
2025-07-29 00:34:39 -0500 :: hercules-login-1.hpc.msstate.edu :: Submission of enkfgdas_epos000 succeeded, jobid=5952527
2025-07-29 00:34:39 -0500 :: hercules-login-1.hpc.msstate.edu :: Submission of enkfgdas_epos001 succeeded, jobid=5952528
2025-07-29 00:34:39 -0500 :: hercules-login-1.hpc.msstate.edu :: Submission of enkfgdas_epos002 succeeded, jobid=5952529
2025-07-29 00:34:39 -0500 :: hercules-login-1.hpc.msstate.edu :: Submission of enkfgdas_epos003 succeeded, jobid=5952530
2025-07-29 00:34:39 -0500 :: hercules-login-1.hpc.msstate.edu :: Submission of enkfgdas_epos004 succeeded, jobid=5952531
2025-07-29 00:34:39 -0500 :: hercules-login-1.hpc.msstate.edu :: Submission of enkfgdas_epos005 succeeded, jobid=5952532
2025-07-29 00:34:39 -0500 :: hercules-login-1.hpc.msstate.edu :: Submission of enkfgdas_epos006 succeeded, jobid=5952533
2025-07-29 00:40:42 -0500 :: hercules-login-1.hpc.msstate.edu :: Task gdas_atmanlprod, jobid=5952374, in state SUCCEEDED (COMPLETED), ran for 63.0 seconds, exit status=0, try=1 (of 2)
2025-07-29 00:40:42 -0500 :: hercules-login-1.hpc.msstate.edu :: Task enkfgdas_echgres, jobid=5952526, in state SUCCEEDED (COMPLETED), ran for 24.0 seconds, exit status=0, try=1 (of 2)
2025-07-29 00:40:42 -0500 :: hercules-login-1.hpc.msstate.edu :: Task enkfgdas_epos000, jobid=5952527, in state SUCCEEDED (COMPLETED), ran for 37.0 seconds, exit status=0, try=1 (of 2)
2025-07-29 00:40:42 -0500 :: hercules-login-1.hpc.msstate.edu :: Task enkfgdas_epos001, jobid=5952528, in state SUCCEEDED (COMPLETED), ran for 36.0 seconds, exit status=0, try=1 (of 2)
2025-07-29 00:40:42 -0500 :: hercules-login-1.hpc.msstate.edu :: Task enkfgdas_epos002, jobid=5952529, in state SUCCEEDED (COMPLETED), ran for 39.0 seconds, exit status=0, try=1 (of 2)
2025-07-29 00:40:42 -0500 :: hercules-login-1.hpc.msstate.edu :: Task enkfgdas_epos003, jobid=5952530, in state SUCCEEDED (COMPLETED), ran for 36.0 seconds, exit status=0, try=1 (of 2)
2025-07-29 00:40:42 -0500 :: hercules-login-1.hpc.msstate.edu :: Task enkfgdas_epos004, jobid=5952531, in state QUEUED (PENDING)
2025-07-29 00:40:42 -0500 :: hercules-login-1.hpc.msstate.edu :: Task enkfgdas_epos005, jobid=5952532, in state QUEUED (PENDING)
2025-07-29 00:40:42 -0500 :: hercules-login-1.hpc.msstate.edu :: Task enkfgdas_epos006, jobid=5952533, in state QUEUED (PENDING)
2025-07-29 00:40:42 -0500 :: hercules-login-1.hpc.msstate.edu :: Submitting gdas_arch_vrfy
2025-07-29 00:40:42 -0500 :: hercules-login-1.hpc.msstate.edu :: Submission status of gdas_arch_vrfy is pending at druby://130.18.14.151:45427
2025-07-29 00:46:45 -0500 :: hercules-login-1.hpc.msstate.edu :: Submission status of previously pending gdas_arch_vrfy is success, jobid=5952568
2025-07-29 00:46:45 -0500 :: hercules-login-1.hpc.msstate.edu :: Task gdas_arch_vrfy, jobid=5952568, in state SUCCEEDED (COMPLETED), ran for 19.0 seconds, exit status=0, try=1 (of 2)
2025-07-29 00:46:45 -0500 :: hercules-login-1.hpc.msstate.edu :: Task enkfgdas_epos004, jobid=5952531, in state SUCCEEDED (COMPLETED), ran for 62.0 seconds, exit status=0, try=1 (of 2)
2025-07-29 00:46:45 -0500 :: hercules-login-1.hpc.msstate.edu :: Task enkfgdas_epos005, jobid=5952532, in state SUCCEEDED (COMPLETED), ran for 36.0 seconds, exit status=0, try=1 (of 2)
2025-07-29 00:46:45 -0500 :: hercules-login-1.hpc.msstate.edu :: Task enkfgdas_epos006, jobid=5952533, in state SUCCEEDED (COMPLETED), ran for 37.0 seconds, exit status=0, try=1 (of 2)
2025-07-29 00:46:45 -0500 :: hercules-login-1.hpc.msstate.edu :: Submitting gdas_cleanup
2025-07-29 00:46:45 -0500 :: hercules-login-1.hpc.msstate.edu :: Submitting enkfgdas_earc_vrfy
2025-07-29 00:46:45 -0500 :: hercules-login-1.hpc.msstate.edu :: Submission status of gdas_cleanup is pending at druby://130.18.14.151:42953
2025-07-29 00:46:45 -0500 :: hercules-login-1.hpc.msstate.edu :: Submission status of enkfgdas_earc_vrfy is pending at druby://130.18.14.151:42953
2025-07-29 00:52:47 -0500 :: hercules-login-1.hpc.msstate.edu :: Submission status of previously pending gdas_cleanup is success, jobid=5952623
2025-07-29 00:52:47 -0500 :: hercules-login-1.hpc.msstate.edu :: Submission status of previously pending enkfgdas_earc_vrfy is success, jobid=5952624
2025-07-29 00:52:48 -0500 :: hercules-login-1.hpc.msstate.edu :: Task gdas_cleanup, jobid=5952623, in state SUCCEEDED (COMPLETED), ran for 19.0 seconds, exit status=0, try=1 (of 2)
2025-07-29 00:52:48 -0500 :: hercules-login-1.hpc.msstate.edu :: Task enkfgdas_earc_vrfy, jobid=5952624, in state SUCCEEDED (COMPLETED), ran for 15.0 seconds, exit status=0, try=1 (of 2)
2025-07-29 00:52:48 -0500 :: hercules-login-1.hpc.msstate.edu :: Submitting enkfgdas_cleanup
2025-07-29 00:52:48 -0500 :: hercules-login-1.hpc.msstate.edu :: Submission status of enkfgdas_cleanup is pending at druby://130.18.14.151:44371
2025-07-29 00:58:50 -0500 :: hercules-login-1.hpc.msstate.edu :: Submission status of previously pending enkfgdas_cleanup is success, jobid=5952652
2025-07-29 00:58:51 -0500 :: hercules-login-1.hpc.msstate.edu :: Task enkfgdas_cleanup, jobid=5952652, in state SUCCEEDED (COMPLETED), ran for 18.0 seconds, exit status=0, try=1 (of 2)
2025-07-29 00:58:51 -0500 :: hercules-login-1.hpc.msstate.edu :: This cycle is complete: Success
