2025-07-28 15:49:01 -0500 :: hercules-login-1.hpc.msstate.edu :: Submitting gfs_prep
2025-07-28 15:49:01 -0500 :: hercules-login-1.hpc.msstate.edu :: Submitting gdas_prep
2025-07-28 15:49:01 -0500 :: hercules-login-1.hpc.msstate.edu :: Submission of gfs_prep succeeded, jobid=5950559
2025-07-28 15:49:01 -0500 :: hercules-login-1.hpc.msstate.edu :: Submission status of gdas_prep is pending at druby://130.18.14.151:33161
2025-07-28 15:55:04 -0500 :: hercules-login-1.hpc.msstate.edu :: Submission status of previously pending gdas_prep is success, jobid=5950561
2025-07-28 15:55:04 -0500 :: hercules-login-1.hpc.msstate.edu :: Task gfs_prep, jobid=5950559, in state QUEUED (PENDING)
2025-07-28 15:55:04 -0500 :: hercules-login-1.hpc.msstate.edu :: Task gdas_prep, jobid=5950561, in state QUEUED (PENDING)
2025-07-28 16:01:06 -0500 :: hercules-login-1.hpc.msstate.edu :: Task gfs_prep, jobid=5950559, in state QUEUED (PENDING)
2025-07-28 16:01:06 -0500 :: hercules-login-1.hpc.msstate.edu :: Task gdas_prep, jobid=5950561, in state QUEUED (PENDING)
2025-07-28 16:07:09 -0500 :: hercules-login-1.hpc.msstate.edu :: Task gfs_prep, jobid=5950559, in state QUEUED (PENDING)
2025-07-28 16:07:09 -0500 :: hercules-login-1.hpc.msstate.edu :: Task gdas_prep, jobid=5950561, in state QUEUED (PENDING)
2025-07-28 16:13:11 -0500 :: hercules-login-1.hpc.msstate.edu :: Task gfs_prep, jobid=5950559, in state QUEUED (PENDING)
2025-07-28 16:13:11 -0500 :: hercules-login-1.hpc.msstate.edu :: Task gdas_prep, jobid=5950561, in state QUEUED (PENDING)
2025-07-28 16:19:14 -0500 :: hercules-login-1.hpc.msstate.edu :: Task gfs_prep, jobid=5950559, in state QUEUED (PENDING)
2025-07-28 16:19:14 -0500 :: hercules-login-1.hpc.msstate.edu :: Task gdas_prep, jobid=5950561, in state QUEUED (PENDING)
2025-07-28 16:25:16 -0500 :: hercules-login-1.hpc.msstate.edu :: Task gfs_prep, jobid=5950559, in state QUEUED (PENDING)
2025-07-28 16:25:16 -0500 :: hercules-login-1.hpc.msstate.edu :: Task gdas_prep, jobid=5950561, in state QUEUED (PENDING)
2025-07-28 16:31:19 -0500 :: hercules-login-1.hpc.msstate.edu :: Task gfs_prep, jobid=5950559, in state QUEUED (PENDING)
2025-07-28 16:31:19 -0500 :: hercules-login-1.hpc.msstate.edu :: Task gdas_prep, jobid=5950561, in state QUEUED (PENDING)
2025-07-28 16:37:21 -0500 :: hercules-login-1.hpc.msstate.edu :: Task gfs_prep, jobid=5950559, in state QUEUED (PENDING)
2025-07-28 16:37:21 -0500 :: hercules-login-1.hpc.msstate.edu :: Task gdas_prep, jobid=5950561, in state QUEUED (PENDING)
2025-07-28 16:43:24 -0500 :: hercules-login-1.hpc.msstate.edu :: Task gfs_prep, jobid=5950559, in state QUEUED (PENDING)
2025-07-28 16:43:24 -0500 :: hercules-login-1.hpc.msstate.edu :: Task gdas_prep, jobid=5950561, in state QUEUED (PENDING)
2025-07-28 16:49:27 -0500 :: hercules-login-1.hpc.msstate.edu :: Task gfs_prep, jobid=5950559, in state QUEUED (PENDING)
2025-07-28 16:49:27 -0500 :: hercules-login-1.hpc.msstate.edu :: Task gdas_prep, jobid=5950561, in state QUEUED (PENDING)
2025-07-28 16:55:29 -0500 :: hercules-login-1.hpc.msstate.edu :: Task gfs_prep, jobid=5950559, in state QUEUED (PENDING)
2025-07-28 16:55:29 -0500 :: hercules-login-1.hpc.msstate.edu :: Task gdas_prep, jobid=5950561, in state QUEUED (PENDING)
2025-07-28 17:01:32 -0500 :: hercules-login-1.hpc.msstate.edu :: Task gfs_prep, jobid=5950559, in state QUEUED (PENDING)
2025-07-28 17:01:32 -0500 :: hercules-login-1.hpc.msstate.edu :: Task gdas_prep, jobid=5950561, in state QUEUED (PENDING)
2025-07-28 17:07:34 -0500 :: hercules-login-1.hpc.msstate.edu :: Task gfs_prep, jobid=5950559, in state QUEUED (PENDING)
2025-07-28 17:07:34 -0500 :: hercules-login-1.hpc.msstate.edu :: Task gdas_prep, jobid=5950561, in state QUEUED (PENDING)
2025-07-28 17:13:37 -0500 :: hercules-login-1.hpc.msstate.edu :: Task gfs_prep, jobid=5950559, in state QUEUED (PENDING)
2025-07-28 17:13:37 -0500 :: hercules-login-1.hpc.msstate.edu :: Task gdas_prep, jobid=5950561, in state QUEUED (PENDING)
2025-07-28 17:19:39 -0500 :: hercules-login-1.hpc.msstate.edu :: Task gfs_prep, jobid=5950559, in state QUEUED (PENDING)
2025-07-28 17:19:39 -0500 :: hercules-login-1.hpc.msstate.edu :: Task gdas_prep, jobid=5950561, in state QUEUED (PENDING)
2025-07-28 17:25:42 -0500 :: hercules-login-1.hpc.msstate.edu :: Task gfs_prep, jobid=5950559, in state QUEUED (PENDING)
2025-07-28 17:25:42 -0500 :: hercules-login-1.hpc.msstate.edu :: Task gdas_prep, jobid=5950561, in state QUEUED (PENDING)
2025-07-28 17:31:44 -0500 :: hercules-login-1.hpc.msstate.edu :: Task gfs_prep, jobid=5950559, in state QUEUED (PENDING)
2025-07-28 17:31:44 -0500 :: hercules-login-1.hpc.msstate.edu :: Task gdas_prep, jobid=5950561, in state QUEUED (PENDING)
2025-07-28 17:37:47 -0500 :: hercules-login-1.hpc.msstate.edu :: Task gfs_prep, jobid=5950559, in state QUEUED (PENDING)
2025-07-28 17:37:47 -0500 :: hercules-login-1.hpc.msstate.edu :: Task gdas_prep, jobid=5950561, in state QUEUED (PENDING)
2025-07-28 17:43:49 -0500 :: hercules-login-1.hpc.msstate.edu :: Task gfs_prep, jobid=5950559, in state QUEUED (PENDING)
2025-07-28 17:43:49 -0500 :: hercules-login-1.hpc.msstate.edu :: Task gdas_prep, jobid=5950561, in state QUEUED (PENDING)
2025-07-28 17:49:52 -0500 :: hercules-login-1.hpc.msstate.edu :: Task gfs_prep, jobid=5950559, in state QUEUED (PENDING)
2025-07-28 17:49:52 -0500 :: hercules-login-1.hpc.msstate.edu :: Task gdas_prep, jobid=5950561, in state QUEUED (PENDING)
2025-07-28 17:55:54 -0500 :: hercules-login-1.hpc.msstate.edu :: Task gfs_prep, jobid=5950559, in state QUEUED (PENDING)
2025-07-28 17:55:54 -0500 :: hercules-login-1.hpc.msstate.edu :: Task gdas_prep, jobid=5950561, in state QUEUED (PENDING)
2025-07-28 18:01:57 -0500 :: hercules-login-1.hpc.msstate.edu :: Task gfs_prep, jobid=5950559, in state QUEUED (PENDING)
2025-07-28 18:01:57 -0500 :: hercules-login-1.hpc.msstate.edu :: Task gdas_prep, jobid=5950561, in state QUEUED (PENDING)
2025-07-28 18:07:59 -0500 :: hercules-login-1.hpc.msstate.edu :: Task gfs_prep, jobid=5950559, in state QUEUED (PENDING)
2025-07-28 18:07:59 -0500 :: hercules-login-1.hpc.msstate.edu :: Task gdas_prep, jobid=5950561, in state QUEUED (PENDING)
2025-07-28 18:14:02 -0500 :: hercules-login-1.hpc.msstate.edu :: Task gfs_prep, jobid=5950559, in state QUEUED (PENDING)
2025-07-28 18:14:02 -0500 :: hercules-login-1.hpc.msstate.edu :: Task gdas_prep, jobid=5950561, in state QUEUED (PENDING)
2025-07-28 18:20:04 -0500 :: hercules-login-1.hpc.msstate.edu :: Task gfs_prep, jobid=5950559, in state QUEUED (PENDING)
2025-07-28 18:20:04 -0500 :: hercules-login-1.hpc.msstate.edu :: Task gdas_prep, jobid=5950561, in state QUEUED (PENDING)
2025-07-28 18:26:07 -0500 :: hercules-login-1.hpc.msstate.edu :: Task gfs_prep, jobid=5950559, in state QUEUED (PENDING)
2025-07-28 18:26:07 -0500 :: hercules-login-1.hpc.msstate.edu :: Task gdas_prep, jobid=5950561, in state QUEUED (PENDING)
2025-07-28 18:32:09 -0500 :: hercules-login-1.hpc.msstate.edu :: Task gfs_prep, jobid=5950559, in state QUEUED (PENDING)
2025-07-28 18:32:09 -0500 :: hercules-login-1.hpc.msstate.edu :: Task gdas_prep, jobid=5950561, in state QUEUED (PENDING)
2025-07-28 18:38:12 -0500 :: hercules-login-1.hpc.msstate.edu :: Task gfs_prep, jobid=5950559, in state QUEUED (PENDING)
2025-07-28 18:38:12 -0500 :: hercules-login-1.hpc.msstate.edu :: Task gdas_prep, jobid=5950561, in state QUEUED (PENDING)
2025-07-28 18:44:14 -0500 :: hercules-login-1.hpc.msstate.edu :: Task gfs_prep, jobid=5950559, in state QUEUED (PENDING)
2025-07-28 18:44:14 -0500 :: hercules-login-1.hpc.msstate.edu :: Task gdas_prep, jobid=5950561, in state QUEUED (PENDING)
2025-07-28 18:50:17 -0500 :: hercules-login-1.hpc.msstate.edu :: Task gfs_prep, jobid=5950559, in state QUEUED (PENDING)
2025-07-28 18:50:17 -0500 :: hercules-login-1.hpc.msstate.edu :: Task gdas_prep, jobid=5950561, in state QUEUED (PENDING)
2025-07-28 18:56:19 -0500 :: hercules-login-1.hpc.msstate.edu :: Task gfs_prep, jobid=5950559, in state QUEUED (PENDING)
2025-07-28 18:56:19 -0500 :: hercules-login-1.hpc.msstate.edu :: Task gdas_prep, jobid=5950561, in state QUEUED (PENDING)
2025-07-28 19:02:22 -0500 :: hercules-login-1.hpc.msstate.edu :: Task gfs_prep, jobid=5950559, in state QUEUED (PENDING)
2025-07-28 19:02:22 -0500 :: hercules-login-1.hpc.msstate.edu :: Task gdas_prep, jobid=5950561, in state QUEUED (PENDING)
2025-07-28 19:08:24 -0500 :: hercules-login-1.hpc.msstate.edu :: Task gfs_prep, jobid=5950559, in state QUEUED (PENDING)
2025-07-28 19:08:24 -0500 :: hercules-login-1.hpc.msstate.edu :: Task gdas_prep, jobid=5950561, in state QUEUED (PENDING)
2025-07-28 19:14:27 -0500 :: hercules-login-1.hpc.msstate.edu :: Task gfs_prep, jobid=5950559, in state QUEUED (PENDING)
2025-07-28 19:14:27 -0500 :: hercules-login-1.hpc.msstate.edu :: Task gdas_prep, jobid=5950561, in state QUEUED (PENDING)
2025-07-28 19:20:29 -0500 :: hercules-login-1.hpc.msstate.edu :: Task gfs_prep, jobid=5950559, in state RUNNING (RUNNING)
2025-07-28 19:20:29 -0500 :: hercules-login-1.hpc.msstate.edu :: Task gdas_prep, jobid=5950561, in state QUEUED (PENDING)
2025-07-28 19:26:32 -0500 :: hercules-login-1.hpc.msstate.edu :: Task gfs_prep, jobid=5950559, in state SUCCEEDED (COMPLETED), ran for 130.0 seconds, exit status=0, try=1 (of 2)
2025-07-28 19:26:32 -0500 :: hercules-login-1.hpc.msstate.edu :: Task gdas_prep, jobid=5950561, in state QUEUED (PENDING)
2025-07-28 19:26:32 -0500 :: hercules-login-1.hpc.msstate.edu :: Submitting gfs_anal
2025-07-28 19:26:32 -0500 :: hercules-login-1.hpc.msstate.edu :: Submission status of gfs_anal is pending at druby://130.18.14.151:45575
2025-07-28 19:32:34 -0500 :: hercules-login-1.hpc.msstate.edu :: Submission status of previously pending gfs_anal is success, jobid=5951167
2025-07-28 19:32:34 -0500 :: hercules-login-1.hpc.msstate.edu :: Task gfs_anal, jobid=5951167, in state QUEUED (PENDING)
2025-07-28 19:32:34 -0500 :: hercules-login-1.hpc.msstate.edu :: Task gdas_prep, jobid=5950561, in state QUEUED (PENDING)
2025-07-28 19:38:37 -0500 :: hercules-login-1.hpc.msstate.edu :: Task gfs_anal, jobid=5951167, in state QUEUED (PENDING)
2025-07-28 19:38:37 -0500 :: hercules-login-1.hpc.msstate.edu :: Task gdas_prep, jobid=5950561, in state QUEUED (PENDING)
2025-07-28 19:44:39 -0500 :: hercules-login-1.hpc.msstate.edu :: Task gfs_anal, jobid=5951167, in state QUEUED (PENDING)
2025-07-28 19:44:39 -0500 :: hercules-login-1.hpc.msstate.edu :: Task gdas_prep, jobid=5950561, in state QUEUED (PENDING)
2025-07-28 19:50:42 -0500 :: hercules-login-1.hpc.msstate.edu :: Task gfs_anal, jobid=5951167, in state QUEUED (PENDING)
2025-07-28 19:50:42 -0500 :: hercules-login-1.hpc.msstate.edu :: Task gdas_prep, jobid=5950561, in state RUNNING (RUNNING)
2025-07-28 19:56:44 -0500 :: hercules-login-1.hpc.msstate.edu :: Task gfs_anal, jobid=5951167, in state QUEUED (PENDING)
2025-07-28 19:56:44 -0500 :: hercules-login-1.hpc.msstate.edu :: Task gdas_prep, jobid=5950561, in state SUCCEEDED (COMPLETED), ran for 136.0 seconds, exit status=0, try=1 (of 2)
2025-07-28 19:56:44 -0500 :: hercules-login-1.hpc.msstate.edu :: Submitting gdas_anal
2025-07-28 19:56:44 -0500 :: hercules-login-1.hpc.msstate.edu :: Submission status of gdas_anal is pending at druby://130.18.14.151:37721
2025-07-28 20:02:47 -0500 :: hercules-login-1.hpc.msstate.edu :: Submission status of previously pending gdas_anal is success, jobid=5951227
2025-07-28 20:02:47 -0500 :: hercules-login-1.hpc.msstate.edu :: Task gfs_anal, jobid=5951167, in state QUEUED (PENDING)
2025-07-28 20:02:47 -0500 :: hercules-login-1.hpc.msstate.edu :: Task gdas_anal, jobid=5951227, in state QUEUED (PENDING)
2025-07-28 20:08:49 -0500 :: hercules-login-1.hpc.msstate.edu :: Task gfs_anal, jobid=5951167, in state QUEUED (PENDING)
2025-07-28 20:08:49 -0500 :: hercules-login-1.hpc.msstate.edu :: Task gdas_anal, jobid=5951227, in state QUEUED (PENDING)
2025-07-28 20:14:52 -0500 :: hercules-login-1.hpc.msstate.edu :: Task gfs_anal, jobid=5951167, in state QUEUED (PENDING)
2025-07-28 20:14:52 -0500 :: hercules-login-1.hpc.msstate.edu :: Task gdas_anal, jobid=5951227, in state QUEUED (PENDING)
2025-07-28 20:20:54 -0500 :: hercules-login-1.hpc.msstate.edu :: Task gfs_anal, jobid=5951167, in state QUEUED (PENDING)
2025-07-28 20:20:54 -0500 :: hercules-login-1.hpc.msstate.edu :: Task gdas_anal, jobid=5951227, in state QUEUED (PENDING)
2025-07-28 20:26:57 -0500 :: hercules-login-1.hpc.msstate.edu :: Task gfs_anal, jobid=5951167, in state QUEUED (PENDING)
2025-07-28 20:26:57 -0500 :: hercules-login-1.hpc.msstate.edu :: Task gdas_anal, jobid=5951227, in state QUEUED (PENDING)
2025-07-28 20:32:59 -0500 :: hercules-login-1.hpc.msstate.edu :: Task gfs_anal, jobid=5951167, in state QUEUED (PENDING)
2025-07-28 20:32:59 -0500 :: hercules-login-1.hpc.msstate.edu :: Task gdas_anal, jobid=5951227, in state QUEUED (PENDING)
2025-07-28 20:39:02 -0500 :: hercules-login-1.hpc.msstate.edu :: Task gfs_anal, jobid=5951167, in state QUEUED (PENDING)
2025-07-28 20:39:02 -0500 :: hercules-login-1.hpc.msstate.edu :: Task gdas_anal, jobid=5951227, in state QUEUED (PENDING)
2025-07-28 20:45:05 -0500 :: hercules-login-1.hpc.msstate.edu :: Task gfs_anal, jobid=5951167, in state QUEUED (PENDING)
2025-07-28 20:45:05 -0500 :: hercules-login-1.hpc.msstate.edu :: Task gdas_anal, jobid=5951227, in state QUEUED (PENDING)
2025-07-28 20:51:07 -0500 :: hercules-login-1.hpc.msstate.edu :: Task gfs_anal, jobid=5951167, in state QUEUED (PENDING)
2025-07-28 20:51:07 -0500 :: hercules-login-1.hpc.msstate.edu :: Task gdas_anal, jobid=5951227, in state QUEUED (PENDING)
2025-07-28 20:57:10 -0500 :: hercules-login-1.hpc.msstate.edu :: Task gfs_anal, jobid=5951167, in state QUEUED (PENDING)
2025-07-28 20:57:10 -0500 :: hercules-login-1.hpc.msstate.edu :: Task gdas_anal, jobid=5951227, in state QUEUED (PENDING)
2025-07-28 21:03:12 -0500 :: hercules-login-1.hpc.msstate.edu :: Task gfs_anal, jobid=5951167, in state QUEUED (PENDING)
2025-07-28 21:03:12 -0500 :: hercules-login-1.hpc.msstate.edu :: Task gdas_anal, jobid=5951227, in state QUEUED (PENDING)
2025-07-28 21:09:15 -0500 :: hercules-login-1.hpc.msstate.edu :: Task gfs_anal, jobid=5951167, in state QUEUED (PENDING)
2025-07-28 21:09:15 -0500 :: hercules-login-1.hpc.msstate.edu :: Task gdas_anal, jobid=5951227, in state QUEUED (PENDING)
2025-07-28 21:15:17 -0500 :: hercules-login-1.hpc.msstate.edu :: Task gfs_anal, jobid=5951167, in state QUEUED (PENDING)
2025-07-28 21:15:17 -0500 :: hercules-login-1.hpc.msstate.edu :: Task gdas_anal, jobid=5951227, in state QUEUED (PENDING)
2025-07-28 21:21:20 -0500 :: hercules-login-1.hpc.msstate.edu :: Task gfs_anal, jobid=5951167, in state RUNNING (RUNNING)
2025-07-28 21:21:20 -0500 :: hercules-login-1.hpc.msstate.edu :: Task gdas_anal, jobid=5951227, in state RUNNING (RUNNING)
2025-07-28 21:27:22 -0500 :: hercules-login-1.hpc.msstate.edu :: Task gfs_anal, jobid=5951167, in state RUNNING (RUNNING)
2025-07-28 21:27:22 -0500 :: hercules-login-1.hpc.msstate.edu :: Task gdas_anal, jobid=5951227, in state RUNNING (RUNNING)
2025-07-28 21:33:25 -0500 :: hercules-login-1.hpc.msstate.edu :: Task gfs_anal, jobid=5951167, in state SUCCEEDED (COMPLETED), ran for 708.0 seconds, exit status=0, try=1 (of 2)
2025-07-28 21:33:25 -0500 :: hercules-login-1.hpc.msstate.edu :: Task gdas_anal, jobid=5951227, in state RUNNING (RUNNING)
2025-07-28 21:33:25 -0500 :: hercules-login-1.hpc.msstate.edu :: Submitting gfs_sfcanl
2025-07-28 21:33:25 -0500 :: hercules-login-1.hpc.msstate.edu :: Submitting gfs_vminmon
2025-07-28 21:33:25 -0500 :: hercules-login-1.hpc.msstate.edu :: Submission of gfs_sfcanl succeeded, jobid=5951710
2025-07-28 21:33:25 -0500 :: hercules-login-1.hpc.msstate.edu :: Submission status of gfs_vminmon is pending at druby://130.18.14.151:41059
2025-07-28 21:39:27 -0500 :: hercules-login-1.hpc.msstate.edu :: Submission status of previously pending gfs_vminmon is success, jobid=5951711
2025-07-28 21:39:27 -0500 :: hercules-login-1.hpc.msstate.edu :: Task gfs_sfcanl, jobid=5951710, in state QUEUED (PENDING)
2025-07-28 21:39:27 -0500 :: hercules-login-1.hpc.msstate.edu :: Task gfs_vminmon, jobid=5951711, in state SUCCEEDED (COMPLETED), ran for 19.0 seconds, exit status=0, try=1 (of 2)
2025-07-28 21:39:27 -0500 :: hercules-login-1.hpc.msstate.edu :: Task gdas_anal, jobid=5951227, in state SUCCEEDED (COMPLETED), ran for 1031.0 seconds, exit status=0, try=1 (of 2)
2025-07-28 21:39:27 -0500 :: hercules-login-1.hpc.msstate.edu :: Submitting gdas_sfcanl
2025-07-28 21:39:27 -0500 :: hercules-login-1.hpc.msstate.edu :: Submitting gdas_analdiag
2025-07-28 21:39:27 -0500 :: hercules-login-1.hpc.msstate.edu :: Submitting gdas_vminmon
2025-07-28 21:39:27 -0500 :: hercules-login-1.hpc.msstate.edu :: Submission of gdas_sfcanl succeeded, jobid=5951773
2025-07-28 21:39:27 -0500 :: hercules-login-1.hpc.msstate.edu :: Submission of gdas_analdiag succeeded, jobid=5951774
2025-07-28 21:39:27 -0500 :: hercules-login-1.hpc.msstate.edu :: Submission of gdas_vminmon succeeded, jobid=5951775
2025-07-28 21:45:30 -0500 :: hercules-login-1.hpc.msstate.edu :: Task gfs_sfcanl, jobid=5951710, in state QUEUED (PENDING)
2025-07-28 21:45:30 -0500 :: hercules-login-1.hpc.msstate.edu :: Task gdas_sfcanl, jobid=5951773, in state QUEUED (PENDING)
2025-07-28 21:45:30 -0500 :: hercules-login-1.hpc.msstate.edu :: Task gdas_analdiag, jobid=5951774, in state QUEUED (PENDING)
2025-07-28 21:45:30 -0500 :: hercules-login-1.hpc.msstate.edu :: Task gdas_vminmon, jobid=5951775, in state SUCCEEDED (COMPLETED), ran for 17.0 seconds, exit status=0, try=1 (of 2)
2025-07-28 21:51:32 -0500 :: hercules-login-1.hpc.msstate.edu :: Task gfs_sfcanl, jobid=5951710, in state SUCCEEDED (COMPLETED), ran for 48.0 seconds, exit status=0, try=1 (of 2)
2025-07-28 21:51:32 -0500 :: hercules-login-1.hpc.msstate.edu :: Task gdas_sfcanl, jobid=5951773, in state QUEUED (PENDING)
2025-07-28 21:51:32 -0500 :: hercules-login-1.hpc.msstate.edu :: Task gdas_analdiag, jobid=5951774, in state QUEUED (PENDING)
2025-07-28 21:51:32 -0500 :: hercules-login-1.hpc.msstate.edu :: Submitting gfs_analcalc
2025-07-28 21:51:32 -0500 :: hercules-login-1.hpc.msstate.edu :: Submitting gfs_fcst_seg0
2025-07-28 21:51:32 -0500 :: hercules-login-1.hpc.msstate.edu :: Submission status of gfs_analcalc is pending at druby://130.18.14.151:40679
2025-07-28 21:51:32 -0500 :: hercules-login-1.hpc.msstate.edu :: Submission status of gfs_fcst_seg0 is pending at druby://130.18.14.151:40679
2025-07-28 21:57:35 -0500 :: hercules-login-1.hpc.msstate.edu :: Submission status of previously pending gfs_analcalc is success, jobid=5951866
2025-07-28 21:57:35 -0500 :: hercules-login-1.hpc.msstate.edu :: Submission status of previously pending gfs_fcst_seg0 is success, jobid=5951867
2025-07-28 21:57:35 -0500 :: hercules-login-1.hpc.msstate.edu :: Task gfs_analcalc, jobid=5951866, in state QUEUED (PENDING)
2025-07-28 21:57:35 -0500 :: hercules-login-1.hpc.msstate.edu :: Task gfs_fcst_seg0, jobid=5951867, in state QUEUED (PENDING)
2025-07-28 21:57:35 -0500 :: hercules-login-1.hpc.msstate.edu :: Task gdas_sfcanl, jobid=5951773, in state QUEUED (PENDING)
2025-07-28 21:57:35 -0500 :: hercules-login-1.hpc.msstate.edu :: Task gdas_analdiag, jobid=5951774, in state QUEUED (PENDING)
2025-07-28 22:03:37 -0500 :: hercules-login-1.hpc.msstate.edu :: Task gfs_analcalc, jobid=5951866, in state QUEUED (PENDING)
2025-07-28 22:03:37 -0500 :: hercules-login-1.hpc.msstate.edu :: Task gfs_fcst_seg0, jobid=5951867, in state QUEUED (PENDING)
2025-07-28 22:03:37 -0500 :: hercules-login-1.hpc.msstate.edu :: Task gdas_sfcanl, jobid=5951773, in state QUEUED (PENDING)
2025-07-28 22:03:37 -0500 :: hercules-login-1.hpc.msstate.edu :: Task gdas_analdiag, jobid=5951774, in state QUEUED (PENDING)
2025-07-28 22:09:40 -0500 :: hercules-login-1.hpc.msstate.edu :: Task gfs_analcalc, jobid=5951866, in state RUNNING (RUNNING)
2025-07-28 22:09:40 -0500 :: hercules-login-1.hpc.msstate.edu :: Task gfs_fcst_seg0, jobid=5951867, in state QUEUED (PENDING)
2025-07-28 22:09:40 -0500 :: hercules-login-1.hpc.msstate.edu :: Task gdas_sfcanl, jobid=5951773, in state SUCCEEDED (COMPLETED), ran for 44.0 seconds, exit status=0, try=1 (of 2)
2025-07-28 22:09:40 -0500 :: hercules-login-1.hpc.msstate.edu :: Task gdas_analdiag, jobid=5951774, in state SUCCEEDED (COMPLETED), ran for 124.0 seconds, exit status=0, try=1 (of 2)
2025-07-28 22:09:40 -0500 :: hercules-login-1.hpc.msstate.edu :: Submitting gdas_analcalc
2025-07-28 22:09:40 -0500 :: hercules-login-1.hpc.msstate.edu :: Submitting gdas_fcst_seg0
2025-07-28 22:09:40 -0500 :: hercules-login-1.hpc.msstate.edu :: Submitting gdas_verfozn
2025-07-28 22:09:40 -0500 :: hercules-login-1.hpc.msstate.edu :: Submitting gdas_verfrad
2025-07-28 22:09:40 -0500 :: hercules-login-1.hpc.msstate.edu :: Submission of gdas_analcalc succeeded, jobid=5951950
2025-07-28 22:09:40 -0500 :: hercules-login-1.hpc.msstate.edu :: Submission of gdas_fcst_seg0 succeeded, jobid=5951951
2025-07-28 22:09:40 -0500 :: hercules-login-1.hpc.msstate.edu :: Submission of gdas_verfozn succeeded, jobid=5951952
2025-07-28 22:09:40 -0500 :: hercules-login-1.hpc.msstate.edu :: Submission of gdas_verfrad succeeded, jobid=5951953
2025-07-28 22:15:42 -0500 :: hercules-login-1.hpc.msstate.edu :: Task gfs_analcalc, jobid=5951866, in state SUCCEEDED (COMPLETED), ran for 47.0 seconds, exit status=0, try=1 (of 2)
2025-07-28 22:15:42 -0500 :: hercules-login-1.hpc.msstate.edu :: Task gfs_fcst_seg0, jobid=5951867, in state QUEUED (PENDING)
2025-07-28 22:15:42 -0500 :: hercules-login-1.hpc.msstate.edu :: Task gdas_analcalc, jobid=5951950, in state QUEUED (PENDING)
2025-07-28 22:15:42 -0500 :: hercules-login-1.hpc.msstate.edu :: Task gdas_fcst_seg0, jobid=5951951, in state QUEUED (PENDING)
2025-07-28 22:15:42 -0500 :: hercules-login-1.hpc.msstate.edu :: Task gdas_verfozn, jobid=5951952, in state SUCCEEDED (COMPLETED), ran for 72.0 seconds, exit status=0, try=1 (of 2)
2025-07-28 22:15:42 -0500 :: hercules-login-1.hpc.msstate.edu :: Task gdas_verfrad, jobid=5951953, in state RUNNING (RUNNING)
2025-07-28 22:15:42 -0500 :: hercules-login-1.hpc.msstate.edu :: Submitting gfs_atmanlupp
2025-07-28 22:15:42 -0500 :: hercules-login-1.hpc.msstate.edu :: Submission status of gfs_atmanlupp is pending at druby://130.18.14.151:44767
2025-07-28 22:21:45 -0500 :: hercules-login-1.hpc.msstate.edu :: Submission status of previously pending gfs_atmanlupp is success, jobid=5951981
2025-07-28 22:21:45 -0500 :: hercules-login-1.hpc.msstate.edu :: Task gfs_atmanlupp, jobid=5951981, in state QUEUED (PENDING)
2025-07-28 22:21:45 -0500 :: hercules-login-1.hpc.msstate.edu :: Task gfs_fcst_seg0, jobid=5951867, in state QUEUED (PENDING)
2025-07-28 22:21:45 -0500 :: hercules-login-1.hpc.msstate.edu :: Task gdas_analcalc, jobid=5951950, in state QUEUED (PENDING)
2025-07-28 22:21:45 -0500 :: hercules-login-1.hpc.msstate.edu :: Task gdas_fcst_seg0, jobid=5951951, in state QUEUED (PENDING)
2025-07-28 22:21:45 -0500 :: hercules-login-1.hpc.msstate.edu :: Task gdas_verfrad, jobid=5951953, in state RUNNING (RUNNING)
2025-07-28 22:27:47 -0500 :: hercules-login-1.hpc.msstate.edu :: Task gfs_atmanlupp, jobid=5951981, in state QUEUED (PENDING)
2025-07-28 22:27:47 -0500 :: hercules-login-1.hpc.msstate.edu :: Task gfs_fcst_seg0, jobid=5951867, in state QUEUED (PENDING)
2025-07-28 22:27:47 -0500 :: hercules-login-1.hpc.msstate.edu :: Task gdas_analcalc, jobid=5951950, in state QUEUED (PENDING)
2025-07-28 22:27:47 -0500 :: hercules-login-1.hpc.msstate.edu :: Task gdas_fcst_seg0, jobid=5951951, in state QUEUED (PENDING)
2025-07-28 22:27:48 -0500 :: hercules-login-1.hpc.msstate.edu :: Task gdas_verfrad, jobid=5951953, in state SUCCEEDED (COMPLETED), ran for 599.0 seconds, exit status=0, try=1 (of 2)
2025-07-28 22:33:50 -0500 :: hercules-login-1.hpc.msstate.edu :: Task gfs_atmanlupp, jobid=5951981, in state QUEUED (PENDING)
2025-07-28 22:33:50 -0500 :: hercules-login-1.hpc.msstate.edu :: Task gfs_fcst_seg0, jobid=5951867, in state RUNNING (RUNNING)
2025-07-28 22:33:50 -0500 :: hercules-login-1.hpc.msstate.edu :: Task gdas_analcalc, jobid=5951950, in state QUEUED (PENDING)
2025-07-28 22:33:50 -0500 :: hercules-login-1.hpc.msstate.edu :: Task gdas_fcst_seg0, jobid=5951951, in state QUEUED (PENDING)
2025-07-28 22:39:52 -0500 :: hercules-login-1.hpc.msstate.edu :: Task gfs_atmanlupp, jobid=5951981, in state QUEUED (PENDING)
2025-07-28 22:39:52 -0500 :: hercules-login-1.hpc.msstate.edu :: Task gfs_fcst_seg0, jobid=5951867, in state RUNNING (RUNNING)
2025-07-28 22:39:52 -0500 :: hercules-login-1.hpc.msstate.edu :: Task gdas_analcalc, jobid=5951950, in state QUEUED (PENDING)
2025-07-28 22:39:52 -0500 :: hercules-login-1.hpc.msstate.edu :: Task gdas_fcst_seg0, jobid=5951951, in state QUEUED (PENDING)
2025-07-28 22:39:52 -0500 :: hercules-login-1.hpc.msstate.edu :: Submitting gfs_atmos_prod_f000-f002
2025-07-28 22:39:53 -0500 :: hercules-login-1.hpc.msstate.edu :: Submitting gfs_atmos_prod_f003-f005
2025-07-28 22:39:53 -0500 :: hercules-login-1.hpc.msstate.edu :: Submitting gfs_atmos_prod_f006-f008
2025-07-28 22:39:53 -0500 :: hercules-login-1.hpc.msstate.edu :: Submitting gfs_atmos_prod_f009-f011
2025-07-28 22:39:53 -0500 :: hercules-login-1.hpc.msstate.edu :: Submission of gfs_atmos_prod_f000-f002 succeeded, jobid=5952022
2025-07-28 22:39:53 -0500 :: hercules-login-1.hpc.msstate.edu :: Submission of gfs_atmos_prod_f003-f005 succeeded, jobid=5952023
2025-07-28 22:39:53 -0500 :: hercules-login-1.hpc.msstate.edu :: Submission of gfs_atmos_prod_f006-f008 succeeded, jobid=5952024
2025-07-28 22:39:53 -0500 :: hercules-login-1.hpc.msstate.edu :: Submission of gfs_atmos_prod_f009-f011 succeeded, jobid=5952025
2025-07-28 22:45:55 -0500 :: hercules-login-1.hpc.msstate.edu :: Task gfs_atmanlupp, jobid=5951981, in state QUEUED (PENDING)
2025-07-28 22:45:55 -0500 :: hercules-login-1.hpc.msstate.edu :: Task gfs_fcst_seg0, jobid=5951867, in state RUNNING (RUNNING)
2025-07-28 22:45:55 -0500 :: hercules-login-1.hpc.msstate.edu :: Task gfs_atmos_prod_f000-f002, jobid=5952022, in state QUEUED (PENDING)
2025-07-28 22:45:55 -0500 :: hercules-login-1.hpc.msstate.edu :: Task gfs_atmos_prod_f003-f005, jobid=5952023, in state QUEUED (PENDING)
2025-07-28 22:45:55 -0500 :: hercules-login-1.hpc.msstate.edu :: Task gfs_atmos_prod_f006-f008, jobid=5952024, in state QUEUED (PENDING)
2025-07-28 22:45:55 -0500 :: hercules-login-1.hpc.msstate.edu :: Task gfs_atmos_prod_f009-f011, jobid=5952025, in state QUEUED (PENDING)
2025-07-28 22:45:55 -0500 :: hercules-login-1.hpc.msstate.edu :: Task gdas_analcalc, jobid=5951950, in state QUEUED (PENDING)
2025-07-28 22:45:55 -0500 :: hercules-login-1.hpc.msstate.edu :: Task gdas_fcst_seg0, jobid=5951951, in state QUEUED (PENDING)
2025-07-28 22:45:55 -0500 :: hercules-login-1.hpc.msstate.edu :: Submitting gfs_atmos_prod_f012-f014
2025-07-28 22:45:55 -0500 :: hercules-login-1.hpc.msstate.edu :: Submitting gfs_atmos_prod_f015-f017
2025-07-28 22:45:55 -0500 :: hercules-login-1.hpc.msstate.edu :: Submitting gfs_atmos_prod_f018-f020
2025-07-28 22:45:55 -0500 :: hercules-login-1.hpc.msstate.edu :: Submitting gfs_atmos_prod_f021-f023
2025-07-28 22:45:55 -0500 :: hercules-login-1.hpc.msstate.edu :: Submitting gfs_atmos_prod_f024-f026
2025-07-28 22:45:55 -0500 :: hercules-login-1.hpc.msstate.edu :: Submission of gfs_atmos_prod_f012-f014 succeeded, jobid=5952032
2025-07-28 22:45:55 -0500 :: hercules-login-1.hpc.msstate.edu :: Submission of gfs_atmos_prod_f015-f017 succeeded, jobid=5952033
2025-07-28 22:45:55 -0500 :: hercules-login-1.hpc.msstate.edu :: Submission of gfs_atmos_prod_f018-f020 succeeded, jobid=5952034
2025-07-28 22:45:55 -0500 :: hercules-login-1.hpc.msstate.edu :: Submission of gfs_atmos_prod_f021-f023 succeeded, jobid=5952036
2025-07-28 22:45:55 -0500 :: hercules-login-1.hpc.msstate.edu :: Submission of gfs_atmos_prod_f024-f026 succeeded, jobid=5952037
2025-07-28 22:51:58 -0500 :: hercules-login-1.hpc.msstate.edu :: Task gfs_atmanlupp, jobid=5951981, in state QUEUED (PENDING)
2025-07-28 22:51:58 -0500 :: hercules-login-1.hpc.msstate.edu :: Task gfs_fcst_seg0, jobid=5951867, in state RUNNING (RUNNING)
2025-07-28 22:51:58 -0500 :: hercules-login-1.hpc.msstate.edu :: Task gfs_atmos_prod_f000-f002, jobid=5952022, in state QUEUED (PENDING)
2025-07-28 22:51:58 -0500 :: hercules-login-1.hpc.msstate.edu :: Task gfs_atmos_prod_f003-f005, jobid=5952023, in state QUEUED (PENDING)
2025-07-28 22:51:58 -0500 :: hercules-login-1.hpc.msstate.edu :: Task gfs_atmos_prod_f006-f008, jobid=5952024, in state QUEUED (PENDING)
2025-07-28 22:51:58 -0500 :: hercules-login-1.hpc.msstate.edu :: Task gfs_atmos_prod_f009-f011, jobid=5952025, in state QUEUED (PENDING)
2025-07-28 22:51:58 -0500 :: hercules-login-1.hpc.msstate.edu :: Task gfs_atmos_prod_f012-f014, jobid=5952032, in state QUEUED (PENDING)
2025-07-28 22:51:58 -0500 :: hercules-login-1.hpc.msstate.edu :: Task gfs_atmos_prod_f015-f017, jobid=5952033, in state QUEUED (PENDING)
2025-07-28 22:51:58 -0500 :: hercules-login-1.hpc.msstate.edu :: Task gfs_atmos_prod_f018-f020, jobid=5952034, in state QUEUED (PENDING)
2025-07-28 22:51:58 -0500 :: hercules-login-1.hpc.msstate.edu :: Task gfs_atmos_prod_f021-f023, jobid=5952036, in state QUEUED (PENDING)
2025-07-28 22:51:58 -0500 :: hercules-login-1.hpc.msstate.edu :: Task gfs_atmos_prod_f024-f026, jobid=5952037, in state QUEUED (PENDING)
2025-07-28 22:51:58 -0500 :: hercules-login-1.hpc.msstate.edu :: Task gdas_analcalc, jobid=5951950, in state QUEUED (PENDING)
2025-07-28 22:51:58 -0500 :: hercules-login-1.hpc.msstate.edu :: Task gdas_fcst_seg0, jobid=5951951, in state QUEUED (PENDING)
2025-07-28 22:51:58 -0500 :: hercules-login-1.hpc.msstate.edu :: Submitting gfs_atmos_prod_f027-f029
2025-07-28 22:51:58 -0500 :: hercules-login-1.hpc.msstate.edu :: Submitting gfs_atmos_prod_f030-f032
2025-07-28 22:51:58 -0500 :: hercules-login-1.hpc.msstate.edu :: Submitting gfs_atmos_prod_f033-f035
2025-07-28 22:51:58 -0500 :: hercules-login-1.hpc.msstate.edu :: Submitting gfs_atmos_prod_f036-f038
2025-07-28 22:51:58 -0500 :: hercules-login-1.hpc.msstate.edu :: Submitting gfs_atmos_prod_f039-f041
2025-07-28 22:51:58 -0500 :: hercules-login-1.hpc.msstate.edu :: Submission of gfs_atmos_prod_f027-f029 succeeded, jobid=5952047
2025-07-28 22:51:58 -0500 :: hercules-login-1.hpc.msstate.edu :: Submission of gfs_atmos_prod_f030-f032 succeeded, jobid=5952048
2025-07-28 22:51:58 -0500 :: hercules-login-1.hpc.msstate.edu :: Submission of gfs_atmos_prod_f033-f035 succeeded, jobid=5952049
2025-07-28 22:51:58 -0500 :: hercules-login-1.hpc.msstate.edu :: Submission of gfs_atmos_prod_f036-f038 succeeded, jobid=5952050
2025-07-28 22:51:58 -0500 :: hercules-login-1.hpc.msstate.edu :: Submission of gfs_atmos_prod_f039-f041 succeeded, jobid=5952051
2025-07-28 22:58:00 -0500 :: hercules-login-1.hpc.msstate.edu :: Task gfs_atmanlupp, jobid=5951981, in state QUEUED (PENDING)
2025-07-28 22:58:00 -0500 :: hercules-login-1.hpc.msstate.edu :: Task gfs_fcst_seg0, jobid=5951867, in state RUNNING (RUNNING)
2025-07-28 22:58:00 -0500 :: hercules-login-1.hpc.msstate.edu :: Task gfs_atmos_prod_f000-f002, jobid=5952022, in state QUEUED (PENDING)
2025-07-28 22:58:00 -0500 :: hercules-login-1.hpc.msstate.edu :: Task gfs_atmos_prod_f003-f005, jobid=5952023, in state QUEUED (PENDING)
2025-07-28 22:58:00 -0500 :: hercules-login-1.hpc.msstate.edu :: Task gfs_atmos_prod_f006-f008, jobid=5952024, in state QUEUED (PENDING)
2025-07-28 22:58:00 -0500 :: hercules-login-1.hpc.msstate.edu :: Task gfs_atmos_prod_f009-f011, jobid=5952025, in state QUEUED (PENDING)
2025-07-28 22:58:00 -0500 :: hercules-login-1.hpc.msstate.edu :: Task gfs_atmos_prod_f012-f014, jobid=5952032, in state QUEUED (PENDING)
2025-07-28 22:58:00 -0500 :: hercules-login-1.hpc.msstate.edu :: Task gfs_atmos_prod_f015-f017, jobid=5952033, in state QUEUED (PENDING)
2025-07-28 22:58:00 -0500 :: hercules-login-1.hpc.msstate.edu :: Task gfs_atmos_prod_f018-f020, jobid=5952034, in state QUEUED (PENDING)
2025-07-28 22:58:00 -0500 :: hercules-login-1.hpc.msstate.edu :: Task gfs_atmos_prod_f021-f023, jobid=5952036, in state QUEUED (PENDING)
2025-07-28 22:58:00 -0500 :: hercules-login-1.hpc.msstate.edu :: Task gfs_atmos_prod_f024-f026, jobid=5952037, in state QUEUED (PENDING)
2025-07-28 22:58:00 -0500 :: hercules-login-1.hpc.msstate.edu :: Task gfs_atmos_prod_f027-f029, jobid=5952047, in state QUEUED (PENDING)
2025-07-28 22:58:00 -0500 :: hercules-login-1.hpc.msstate.edu :: Task gfs_atmos_prod_f030-f032, jobid=5952048, in state QUEUED (PENDING)
2025-07-28 22:58:00 -0500 :: hercules-login-1.hpc.msstate.edu :: Task gfs_atmos_prod_f033-f035, jobid=5952049, in state QUEUED (PENDING)
2025-07-28 22:58:00 -0500 :: hercules-login-1.hpc.msstate.edu :: Task gfs_atmos_prod_f036-f038, jobid=5952050, in state QUEUED (PENDING)
2025-07-28 22:58:00 -0500 :: hercules-login-1.hpc.msstate.edu :: Task gfs_atmos_prod_f039-f041, jobid=5952051, in state QUEUED (PENDING)
2025-07-28 22:58:00 -0500 :: hercules-login-1.hpc.msstate.edu :: Task gdas_analcalc, jobid=5951950, in state QUEUED (PENDING)
2025-07-28 22:58:00 -0500 :: hercules-login-1.hpc.msstate.edu :: Task gdas_fcst_seg0, jobid=5951951, in state QUEUED (PENDING)
2025-07-28 22:58:00 -0500 :: hercules-login-1.hpc.msstate.edu :: Submitting gfs_atmos_prod_f042-f044
2025-07-28 22:58:00 -0500 :: hercules-login-1.hpc.msstate.edu :: Submitting gfs_atmos_prod_f045-f047
2025-07-28 22:58:00 -0500 :: hercules-login-1.hpc.msstate.edu :: Submitting gfs_atmos_prod_f048-f054
2025-07-28 22:58:00 -0500 :: hercules-login-1.hpc.msstate.edu :: Submission of gfs_atmos_prod_f042-f044 succeeded, jobid=5952061
2025-07-28 22:58:00 -0500 :: hercules-login-1.hpc.msstate.edu :: Submission of gfs_atmos_prod_f045-f047 succeeded, jobid=5952062
2025-07-28 22:58:00 -0500 :: hercules-login-1.hpc.msstate.edu :: Submission of gfs_atmos_prod_f048-f054 succeeded, jobid=5952063
2025-07-28 23:04:03 -0500 :: hercules-login-1.hpc.msstate.edu :: Task gfs_atmanlupp, jobid=5951981, in state QUEUED (PENDING)
2025-07-28 23:04:03 -0500 :: hercules-login-1.hpc.msstate.edu :: Task gfs_fcst_seg0, jobid=5951867, in state RUNNING (RUNNING)
2025-07-28 23:04:03 -0500 :: hercules-login-1.hpc.msstate.edu :: Task gfs_atmos_prod_f000-f002, jobid=5952022, in state QUEUED (PENDING)
2025-07-28 23:04:03 -0500 :: hercules-login-1.hpc.msstate.edu :: Task gfs_atmos_prod_f003-f005, jobid=5952023, in state QUEUED (PENDING)
2025-07-28 23:04:03 -0500 :: hercules-login-1.hpc.msstate.edu :: Task gfs_atmos_prod_f006-f008, jobid=5952024, in state QUEUED (PENDING)
2025-07-28 23:04:03 -0500 :: hercules-login-1.hpc.msstate.edu :: Task gfs_atmos_prod_f009-f011, jobid=5952025, in state QUEUED (PENDING)
2025-07-28 23:04:03 -0500 :: hercules-login-1.hpc.msstate.edu :: Task gfs_atmos_prod_f012-f014, jobid=5952032, in state QUEUED (PENDING)
2025-07-28 23:04:03 -0500 :: hercules-login-1.hpc.msstate.edu :: Task gfs_atmos_prod_f015-f017, jobid=5952033, in state QUEUED (PENDING)
2025-07-28 23:04:03 -0500 :: hercules-login-1.hpc.msstate.edu :: Task gfs_atmos_prod_f018-f020, jobid=5952034, in state QUEUED (PENDING)
2025-07-28 23:04:03 -0500 :: hercules-login-1.hpc.msstate.edu :: Task gfs_atmos_prod_f021-f023, jobid=5952036, in state QUEUED (PENDING)
2025-07-28 23:04:03 -0500 :: hercules-login-1.hpc.msstate.edu :: Task gfs_atmos_prod_f024-f026, jobid=5952037, in state QUEUED (PENDING)
2025-07-28 23:04:03 -0500 :: hercules-login-1.hpc.msstate.edu :: Task gfs_atmos_prod_f027-f029, jobid=5952047, in state QUEUED (PENDING)
2025-07-28 23:04:03 -0500 :: hercules-login-1.hpc.msstate.edu :: Task gfs_atmos_prod_f030-f032, jobid=5952048, in state QUEUED (PENDING)
2025-07-28 23:04:03 -0500 :: hercules-login-1.hpc.msstate.edu :: Task gfs_atmos_prod_f033-f035, jobid=5952049, in state QUEUED (PENDING)
2025-07-28 23:04:03 -0500 :: hercules-login-1.hpc.msstate.edu :: Task gfs_atmos_prod_f036-f038, jobid=5952050, in state QUEUED (PENDING)
2025-07-28 23:04:03 -0500 :: hercules-login-1.hpc.msstate.edu :: Task gfs_atmos_prod_f039-f041, jobid=5952051, in state QUEUED (PENDING)
2025-07-28 23:04:03 -0500 :: hercules-login-1.hpc.msstate.edu :: Task gfs_atmos_prod_f042-f044, jobid=5952061, in state QUEUED (PENDING)
2025-07-28 23:04:03 -0500 :: hercules-login-1.hpc.msstate.edu :: Task gfs_atmos_prod_f045-f047, jobid=5952062, in state QUEUED (PENDING)
2025-07-28 23:04:03 -0500 :: hercules-login-1.hpc.msstate.edu :: Task gfs_atmos_prod_f048-f054, jobid=5952063, in state QUEUED (PENDING)
2025-07-28 23:04:03 -0500 :: hercules-login-1.hpc.msstate.edu :: Task gdas_analcalc, jobid=5951950, in state QUEUED (PENDING)
2025-07-28 23:04:03 -0500 :: hercules-login-1.hpc.msstate.edu :: Task gdas_fcst_seg0, jobid=5951951, in state QUEUED (PENDING)
2025-07-28 23:04:03 -0500 :: hercules-login-1.hpc.msstate.edu :: Submitting gfs_atmos_prod_f057-f063
2025-07-28 23:04:03 -0500 :: hercules-login-1.hpc.msstate.edu :: Submission status of gfs_atmos_prod_f057-f063 is pending at druby://130.18.14.151:42559
2025-07-28 23:10:05 -0500 :: hercules-login-1.hpc.msstate.edu :: Submission status of previously pending gfs_atmos_prod_f057-f063 is success, jobid=5952088
2025-07-28 23:10:05 -0500 :: hercules-login-1.hpc.msstate.edu :: Task gfs_atmanlupp, jobid=5951981, in state QUEUED (PENDING)
2025-07-28 23:10:05 -0500 :: hercules-login-1.hpc.msstate.edu :: Task gfs_fcst_seg0, jobid=5951867, in state RUNNING (RUNNING)
2025-07-28 23:10:05 -0500 :: hercules-login-1.hpc.msstate.edu :: Task gfs_atmos_prod_f000-f002, jobid=5952022, in state QUEUED (PENDING)
2025-07-28 23:10:05 -0500 :: hercules-login-1.hpc.msstate.edu :: Task gfs_atmos_prod_f003-f005, jobid=5952023, in state QUEUED (PENDING)
2025-07-28 23:10:05 -0500 :: hercules-login-1.hpc.msstate.edu :: Task gfs_atmos_prod_f006-f008, jobid=5952024, in state QUEUED (PENDING)
2025-07-28 23:10:05 -0500 :: hercules-login-1.hpc.msstate.edu :: Task gfs_atmos_prod_f009-f011, jobid=5952025, in state QUEUED (PENDING)
2025-07-28 23:10:05 -0500 :: hercules-login-1.hpc.msstate.edu :: Task gfs_atmos_prod_f012-f014, jobid=5952032, in state QUEUED (PENDING)
2025-07-28 23:10:05 -0500 :: hercules-login-1.hpc.msstate.edu :: Task gfs_atmos_prod_f015-f017, jobid=5952033, in state QUEUED (PENDING)
2025-07-28 23:10:05 -0500 :: hercules-login-1.hpc.msstate.edu :: Task gfs_atmos_prod_f018-f020, jobid=5952034, in state QUEUED (PENDING)
2025-07-28 23:10:05 -0500 :: hercules-login-1.hpc.msstate.edu :: Task gfs_atmos_prod_f021-f023, jobid=5952036, in state QUEUED (PENDING)
2025-07-28 23:10:05 -0500 :: hercules-login-1.hpc.msstate.edu :: Task gfs_atmos_prod_f024-f026, jobid=5952037, in state QUEUED (PENDING)
2025-07-28 23:10:05 -0500 :: hercules-login-1.hpc.msstate.edu :: Task gfs_atmos_prod_f027-f029, jobid=5952047, in state QUEUED (PENDING)
2025-07-28 23:10:05 -0500 :: hercules-login-1.hpc.msstate.edu :: Task gfs_atmos_prod_f030-f032, jobid=5952048, in state QUEUED (PENDING)
2025-07-28 23:10:05 -0500 :: hercules-login-1.hpc.msstate.edu :: Task gfs_atmos_prod_f033-f035, jobid=5952049, in state QUEUED (PENDING)
2025-07-28 23:10:05 -0500 :: hercules-login-1.hpc.msstate.edu :: Task gfs_atmos_prod_f036-f038, jobid=5952050, in state QUEUED (PENDING)
2025-07-28 23:10:05 -0500 :: hercules-login-1.hpc.msstate.edu :: Task gfs_atmos_prod_f039-f041, jobid=5952051, in state QUEUED (PENDING)
2025-07-28 23:10:05 -0500 :: hercules-login-1.hpc.msstate.edu :: Task gfs_atmos_prod_f042-f044, jobid=5952061, in state QUEUED (PENDING)
2025-07-28 23:10:05 -0500 :: hercules-login-1.hpc.msstate.edu :: Task gfs_atmos_prod_f045-f047, jobid=5952062, in state QUEUED (PENDING)
2025-07-28 23:10:05 -0500 :: hercules-login-1.hpc.msstate.edu :: Task gfs_atmos_prod_f048-f054, jobid=5952063, in state QUEUED (PENDING)
2025-07-28 23:10:05 -0500 :: hercules-login-1.hpc.msstate.edu :: Task gfs_atmos_prod_f057-f063, jobid=5952088, in state QUEUED (PENDING)
2025-07-28 23:10:05 -0500 :: hercules-login-1.hpc.msstate.edu :: Task gdas_analcalc, jobid=5951950, in state SUCCEEDED (COMPLETED), ran for 45.0 seconds, exit status=0, try=1 (of 2)
2025-07-28 23:10:05 -0500 :: hercules-login-1.hpc.msstate.edu :: Task gdas_fcst_seg0, jobid=5951951, in state RUNNING (RUNNING)
2025-07-28 23:10:05 -0500 :: hercules-login-1.hpc.msstate.edu :: Submitting gfs_atmos_prod_f066-f072
2025-07-28 23:10:05 -0500 :: hercules-login-1.hpc.msstate.edu :: Submitting gfs_atmos_prod_f075-f081
2025-07-28 23:10:05 -0500 :: hercules-login-1.hpc.msstate.edu :: Submitting gdas_atmanlupp
2025-07-28 23:10:05 -0500 :: hercules-login-1.hpc.msstate.edu :: Submission of gfs_atmos_prod_f066-f072 succeeded, jobid=5952113
2025-07-28 23:10:06 -0500 :: hercules-login-1.hpc.msstate.edu :: Submission of gfs_atmos_prod_f075-f081 succeeded, jobid=5952114
2025-07-28 23:10:06 -0500 :: hercules-login-1.hpc.msstate.edu :: Submission of gdas_atmanlupp succeeded, jobid=5952115
2025-07-28 23:16:08 -0500 :: hercules-login-1.hpc.msstate.edu :: Task gfs_atmanlupp, jobid=5951981, in state QUEUED (PENDING)
2025-07-28 23:16:08 -0500 :: hercules-login-1.hpc.msstate.edu :: Task gfs_fcst_seg0, jobid=5951867, in state RUNNING (RUNNING)
2025-07-28 23:16:08 -0500 :: hercules-login-1.hpc.msstate.edu :: Task gfs_atmos_prod_f000-f002, jobid=5952022, in state QUEUED (PENDING)
2025-07-28 23:16:08 -0500 :: hercules-login-1.hpc.msstate.edu :: Task gfs_atmos_prod_f003-f005, jobid=5952023, in state QUEUED (PENDING)
2025-07-28 23:16:08 -0500 :: hercules-login-1.hpc.msstate.edu :: Task gfs_atmos_prod_f006-f008, jobid=5952024, in state QUEUED (PENDING)
2025-07-28 23:16:08 -0500 :: hercules-login-1.hpc.msstate.edu :: Task gfs_atmos_prod_f009-f011, jobid=5952025, in state QUEUED (PENDING)
2025-07-28 23:16:08 -0500 :: hercules-login-1.hpc.msstate.edu :: Task gfs_atmos_prod_f012-f014, jobid=5952032, in state QUEUED (PENDING)
2025-07-28 23:16:08 -0500 :: hercules-login-1.hpc.msstate.edu :: Task gfs_atmos_prod_f015-f017, jobid=5952033, in state QUEUED (PENDING)
2025-07-28 23:16:08 -0500 :: hercules-login-1.hpc.msstate.edu :: Task gfs_atmos_prod_f018-f020, jobid=5952034, in state QUEUED (PENDING)
2025-07-28 23:16:08 -0500 :: hercules-login-1.hpc.msstate.edu :: Task gfs_atmos_prod_f021-f023, jobid=5952036, in state QUEUED (PENDING)
2025-07-28 23:16:08 -0500 :: hercules-login-1.hpc.msstate.edu :: Task gfs_atmos_prod_f024-f026, jobid=5952037, in state QUEUED (PENDING)
2025-07-28 23:16:08 -0500 :: hercules-login-1.hpc.msstate.edu :: Task gfs_atmos_prod_f027-f029, jobid=5952047, in state QUEUED (PENDING)
2025-07-28 23:16:08 -0500 :: hercules-login-1.hpc.msstate.edu :: Task gfs_atmos_prod_f030-f032, jobid=5952048, in state QUEUED (PENDING)
2025-07-28 23:16:08 -0500 :: hercules-login-1.hpc.msstate.edu :: Task gfs_atmos_prod_f033-f035, jobid=5952049, in state QUEUED (PENDING)
2025-07-28 23:16:08 -0500 :: hercules-login-1.hpc.msstate.edu :: Task gfs_atmos_prod_f036-f038, jobid=5952050, in state QUEUED (PENDING)
2025-07-28 23:16:08 -0500 :: hercules-login-1.hpc.msstate.edu :: Task gfs_atmos_prod_f039-f041, jobid=5952051, in state QUEUED (PENDING)
2025-07-28 23:16:08 -0500 :: hercules-login-1.hpc.msstate.edu :: Task gfs_atmos_prod_f042-f044, jobid=5952061, in state QUEUED (PENDING)
2025-07-28 23:16:08 -0500 :: hercules-login-1.hpc.msstate.edu :: Task gfs_atmos_prod_f045-f047, jobid=5952062, in state QUEUED (PENDING)
2025-07-28 23:16:08 -0500 :: hercules-login-1.hpc.msstate.edu :: Task gfs_atmos_prod_f048-f054, jobid=5952063, in state QUEUED (PENDING)
2025-07-28 23:16:08 -0500 :: hercules-login-1.hpc.msstate.edu :: Task gfs_atmos_prod_f057-f063, jobid=5952088, in state QUEUED (PENDING)
2025-07-28 23:16:08 -0500 :: hercules-login-1.hpc.msstate.edu :: Task gfs_atmos_prod_f066-f072, jobid=5952113, in state QUEUED (PENDING)
2025-07-28 23:16:08 -0500 :: hercules-login-1.hpc.msstate.edu :: Task gfs_atmos_prod_f075-f081, jobid=5952114, in state QUEUED (PENDING)
2025-07-28 23:16:08 -0500 :: hercules-login-1.hpc.msstate.edu :: Task gdas_atmanlupp, jobid=5952115, in state QUEUED (PENDING)
2025-07-28 23:16:08 -0500 :: hercules-login-1.hpc.msstate.edu :: Task gdas_fcst_seg0, jobid=5951951, in state RUNNING (RUNNING)
2025-07-28 23:16:08 -0500 :: hercules-login-1.hpc.msstate.edu :: Submitting gfs_atmos_prod_f084-f090
2025-07-28 23:16:08 -0500 :: hercules-login-1.hpc.msstate.edu :: Cannot submit gfs_atmos_prod_f093-f099, because maximum global task throttle of 25 will be violated.
2025-07-28 23:16:08 -0500 :: hercules-login-1.hpc.msstate.edu :: Cannot submit gdas_atmos_prod_f000, because maximum global task throttle of 25 will be violated.
2025-07-28 23:16:08 -0500 :: hercules-login-1.hpc.msstate.edu :: Cannot submit gdas_atmos_prod_f003, because maximum global task throttle of 25 will be violated.
2025-07-28 23:16:08 -0500 :: hercules-login-1.hpc.msstate.edu :: Submission status of gfs_atmos_prod_f084-f090 is pending at druby://130.18.14.151:36201
2025-07-28 23:22:11 -0500 :: hercules-login-1.hpc.msstate.edu :: Submission status of previously pending gfs_atmos_prod_f084-f090 is success, jobid=5952134
2025-07-28 23:22:11 -0500 :: hercules-login-1.hpc.msstate.edu :: Task gfs_atmanlupp, jobid=5951981, in state QUEUED (PENDING)
2025-07-28 23:22:11 -0500 :: hercules-login-1.hpc.msstate.edu :: Task gfs_fcst_seg0, jobid=5951867, in state RUNNING (RUNNING)
2025-07-28 23:22:11 -0500 :: hercules-login-1.hpc.msstate.edu :: Task gfs_atmos_prod_f000-f002, jobid=5952022, in state QUEUED (PENDING)
2025-07-28 23:22:11 -0500 :: hercules-login-1.hpc.msstate.edu :: Task gfs_atmos_prod_f003-f005, jobid=5952023, in state QUEUED (PENDING)
2025-07-28 23:22:11 -0500 :: hercules-login-1.hpc.msstate.edu :: Task gfs_atmos_prod_f006-f008, jobid=5952024, in state QUEUED (PENDING)
2025-07-28 23:22:11 -0500 :: hercules-login-1.hpc.msstate.edu :: Task gfs_atmos_prod_f009-f011, jobid=5952025, in state QUEUED (PENDING)
2025-07-28 23:22:11 -0500 :: hercules-login-1.hpc.msstate.edu :: Task gfs_atmos_prod_f012-f014, jobid=5952032, in state QUEUED (PENDING)
2025-07-28 23:22:11 -0500 :: hercules-login-1.hpc.msstate.edu :: Task gfs_atmos_prod_f015-f017, jobid=5952033, in state QUEUED (PENDING)
2025-07-28 23:22:11 -0500 :: hercules-login-1.hpc.msstate.edu :: Task gfs_atmos_prod_f018-f020, jobid=5952034, in state QUEUED (PENDING)
2025-07-28 23:22:11 -0500 :: hercules-login-1.hpc.msstate.edu :: Task gfs_atmos_prod_f021-f023, jobid=5952036, in state QUEUED (PENDING)
2025-07-28 23:22:11 -0500 :: hercules-login-1.hpc.msstate.edu :: Task gfs_atmos_prod_f024-f026, jobid=5952037, in state QUEUED (PENDING)
2025-07-28 23:22:11 -0500 :: hercules-login-1.hpc.msstate.edu :: Task gfs_atmos_prod_f027-f029, jobid=5952047, in state QUEUED (PENDING)
2025-07-28 23:22:11 -0500 :: hercules-login-1.hpc.msstate.edu :: Task gfs_atmos_prod_f030-f032, jobid=5952048, in state QUEUED (PENDING)
2025-07-28 23:22:11 -0500 :: hercules-login-1.hpc.msstate.edu :: Task gfs_atmos_prod_f033-f035, jobid=5952049, in state QUEUED (PENDING)
2025-07-28 23:22:11 -0500 :: hercules-login-1.hpc.msstate.edu :: Task gfs_atmos_prod_f036-f038, jobid=5952050, in state QUEUED (PENDING)
2025-07-28 23:22:11 -0500 :: hercules-login-1.hpc.msstate.edu :: Task gfs_atmos_prod_f039-f041, jobid=5952051, in state QUEUED (PENDING)
2025-07-28 23:22:11 -0500 :: hercules-login-1.hpc.msstate.edu :: Task gfs_atmos_prod_f042-f044, jobid=5952061, in state QUEUED (PENDING)
2025-07-28 23:22:11 -0500 :: hercules-login-1.hpc.msstate.edu :: Task gfs_atmos_prod_f045-f047, jobid=5952062, in state QUEUED (PENDING)
2025-07-28 23:22:11 -0500 :: hercules-login-1.hpc.msstate.edu :: Task gfs_atmos_prod_f048-f054, jobid=5952063, in state QUEUED (PENDING)
2025-07-28 23:22:11 -0500 :: hercules-login-1.hpc.msstate.edu :: Task gfs_atmos_prod_f057-f063, jobid=5952088, in state QUEUED (PENDING)
2025-07-28 23:22:11 -0500 :: hercules-login-1.hpc.msstate.edu :: Task gfs_atmos_prod_f066-f072, jobid=5952113, in state QUEUED (PENDING)
2025-07-28 23:22:11 -0500 :: hercules-login-1.hpc.msstate.edu :: Task gfs_atmos_prod_f075-f081, jobid=5952114, in state QUEUED (PENDING)
2025-07-28 23:22:11 -0500 :: hercules-login-1.hpc.msstate.edu :: Task gfs_atmos_prod_f084-f090, jobid=5952134, in state QUEUED (PENDING)
2025-07-28 23:22:11 -0500 :: hercules-login-1.hpc.msstate.edu :: Task gdas_atmanlupp, jobid=5952115, in state QUEUED (PENDING)
2025-07-28 23:22:11 -0500 :: hercules-login-1.hpc.msstate.edu :: Task gdas_fcst_seg0, jobid=5951951, in state SUCCEEDED (COMPLETED), ran for 438.0 seconds, exit status=0, try=1 (of 2)
2025-07-28 23:22:11 -0500 :: hercules-login-1.hpc.msstate.edu :: Submitting gfs_atmos_prod_f093-f099
2025-07-28 23:22:11 -0500 :: hercules-login-1.hpc.msstate.edu :: Cannot submit gfs_atmos_prod_f102-f108, because maximum global task throttle of 25 will be violated.
2025-07-28 23:22:11 -0500 :: hercules-login-1.hpc.msstate.edu :: Cannot submit gdas_atmos_prod_f000, because maximum global task throttle of 25 will be violated.
2025-07-28 23:22:11 -0500 :: hercules-login-1.hpc.msstate.edu :: Cannot submit gdas_atmos_prod_f003, because maximum global task throttle of 25 will be violated.
2025-07-28 23:22:11 -0500 :: hercules-login-1.hpc.msstate.edu :: Cannot submit gdas_atmos_prod_f006, because maximum global task throttle of 25 will be violated.
2025-07-28 23:22:11 -0500 :: hercules-login-1.hpc.msstate.edu :: Cannot submit gdas_atmos_prod_f009, because maximum global task throttle of 25 will be violated.
2025-07-28 23:22:11 -0500 :: hercules-login-1.hpc.msstate.edu :: Submission of gfs_atmos_prod_f093-f099 succeeded, jobid=5952145
2025-07-28 23:28:13 -0500 :: hercules-login-1.hpc.msstate.edu :: Task gfs_atmanlupp, jobid=5951981, in state QUEUED (PENDING)
2025-07-28 23:28:13 -0500 :: hercules-login-1.hpc.msstate.edu :: Task gfs_fcst_seg0, jobid=5951867, in state SUCCEEDED (COMPLETED), ran for 3214.0 seconds, exit status=0, try=1 (of 2)
2025-07-28 23:28:13 -0500 :: hercules-login-1.hpc.msstate.edu :: Task gfs_atmos_prod_f000-f002, jobid=5952022, in state QUEUED (PENDING)
2025-07-28 23:28:13 -0500 :: hercules-login-1.hpc.msstate.edu :: Task gfs_atmos_prod_f003-f005, jobid=5952023, in state QUEUED (PENDING)
2025-07-28 23:28:13 -0500 :: hercules-login-1.hpc.msstate.edu :: Task gfs_atmos_prod_f006-f008, jobid=5952024, in state QUEUED (PENDING)
2025-07-28 23:28:13 -0500 :: hercules-login-1.hpc.msstate.edu :: Task gfs_atmos_prod_f009-f011, jobid=5952025, in state QUEUED (PENDING)
2025-07-28 23:28:13 -0500 :: hercules-login-1.hpc.msstate.edu :: Task gfs_atmos_prod_f012-f014, jobid=5952032, in state QUEUED (PENDING)
2025-07-28 23:28:13 -0500 :: hercules-login-1.hpc.msstate.edu :: Task gfs_atmos_prod_f015-f017, jobid=5952033, in state QUEUED (PENDING)
2025-07-28 23:28:13 -0500 :: hercules-login-1.hpc.msstate.edu :: Task gfs_atmos_prod_f018-f020, jobid=5952034, in state QUEUED (PENDING)
2025-07-28 23:28:13 -0500 :: hercules-login-1.hpc.msstate.edu :: Task gfs_atmos_prod_f021-f023, jobid=5952036, in state QUEUED (PENDING)
2025-07-28 23:28:13 -0500 :: hercules-login-1.hpc.msstate.edu :: Task gfs_atmos_prod_f024-f026, jobid=5952037, in state QUEUED (PENDING)
2025-07-28 23:28:13 -0500 :: hercules-login-1.hpc.msstate.edu :: Task gfs_atmos_prod_f027-f029, jobid=5952047, in state QUEUED (PENDING)
2025-07-28 23:28:13 -0500 :: hercules-login-1.hpc.msstate.edu :: Task gfs_atmos_prod_f030-f032, jobid=5952048, in state QUEUED (PENDING)
2025-07-28 23:28:13 -0500 :: hercules-login-1.hpc.msstate.edu :: Task gfs_atmos_prod_f033-f035, jobid=5952049, in state QUEUED (PENDING)
2025-07-28 23:28:13 -0500 :: hercules-login-1.hpc.msstate.edu :: Task gfs_atmos_prod_f036-f038, jobid=5952050, in state QUEUED (PENDING)
2025-07-28 23:28:13 -0500 :: hercules-login-1.hpc.msstate.edu :: Task gfs_atmos_prod_f039-f041, jobid=5952051, in state QUEUED (PENDING)
2025-07-28 23:28:13 -0500 :: hercules-login-1.hpc.msstate.edu :: Task gfs_atmos_prod_f042-f044, jobid=5952061, in state QUEUED (PENDING)
2025-07-28 23:28:13 -0500 :: hercules-login-1.hpc.msstate.edu :: Task gfs_atmos_prod_f045-f047, jobid=5952062, in state QUEUED (PENDING)
2025-07-28 23:28:13 -0500 :: hercules-login-1.hpc.msstate.edu :: Task gfs_atmos_prod_f048-f054, jobid=5952063, in state QUEUED (PENDING)
2025-07-28 23:28:13 -0500 :: hercules-login-1.hpc.msstate.edu :: Task gfs_atmos_prod_f057-f063, jobid=5952088, in state QUEUED (PENDING)
2025-07-28 23:28:13 -0500 :: hercules-login-1.hpc.msstate.edu :: Task gfs_atmos_prod_f066-f072, jobid=5952113, in state QUEUED (PENDING)
2025-07-28 23:28:13 -0500 :: hercules-login-1.hpc.msstate.edu :: Task gfs_atmos_prod_f075-f081, jobid=5952114, in state QUEUED (PENDING)
2025-07-28 23:28:13 -0500 :: hercules-login-1.hpc.msstate.edu :: Task gfs_atmos_prod_f084-f090, jobid=5952134, in state QUEUED (PENDING)
2025-07-28 23:28:13 -0500 :: hercules-login-1.hpc.msstate.edu :: Task gfs_atmos_prod_f093-f099, jobid=5952145, in state QUEUED (PENDING)
2025-07-28 23:28:13 -0500 :: hercules-login-1.hpc.msstate.edu :: Task gdas_atmanlupp, jobid=5952115, in state QUEUED (PENDING)
2025-07-28 23:28:13 -0500 :: hercules-login-1.hpc.msstate.edu :: Submitting gfs_atmos_prod_f102-f108
2025-07-28 23:28:13 -0500 :: hercules-login-1.hpc.msstate.edu :: Cannot submit gfs_atmos_prod_f111-f114, because maximum global task throttle of 25 will be violated.
2025-07-28 23:28:13 -0500 :: hercules-login-1.hpc.msstate.edu :: Cannot submit gfs_atmos_prod_f117-f120, because maximum global task throttle of 25 will be violated.
2025-07-28 23:28:13 -0500 :: hercules-login-1.hpc.msstate.edu :: Cannot submit gdas_atmos_prod_f000, because maximum global task throttle of 25 will be violated.
2025-07-28 23:28:13 -0500 :: hercules-login-1.hpc.msstate.edu :: Cannot submit gdas_atmos_prod_f003, because maximum global task throttle of 25 will be violated.
2025-07-28 23:28:13 -0500 :: hercules-login-1.hpc.msstate.edu :: Cannot submit gdas_atmos_prod_f006, because maximum global task throttle of 25 will be violated.
2025-07-28 23:28:13 -0500 :: hercules-login-1.hpc.msstate.edu :: Cannot submit gdas_atmos_prod_f009, because maximum global task throttle of 25 will be violated.
2025-07-28 23:28:13 -0500 :: hercules-login-1.hpc.msstate.edu :: Submission of gfs_atmos_prod_f102-f108 succeeded, jobid=5952157
2025-07-28 23:34:16 -0500 :: hercules-login-1.hpc.msstate.edu :: Task gfs_atmanlupp, jobid=5951981, in state SUCCEEDED (COMPLETED), ran for 44.0 seconds, exit status=0, try=1 (of 2)
2025-07-28 23:34:16 -0500 :: hercules-login-1.hpc.msstate.edu :: Task gfs_atmos_prod_f000-f002, jobid=5952022, in state QUEUED (PENDING)
2025-07-28 23:34:16 -0500 :: hercules-login-1.hpc.msstate.edu :: Task gfs_atmos_prod_f003-f005, jobid=5952023, in state QUEUED (PENDING)
2025-07-28 23:34:16 -0500 :: hercules-login-1.hpc.msstate.edu :: Task gfs_atmos_prod_f006-f008, jobid=5952024, in state QUEUED (PENDING)
2025-07-28 23:34:16 -0500 :: hercules-login-1.hpc.msstate.edu :: Task gfs_atmos_prod_f009-f011, jobid=5952025, in state QUEUED (PENDING)
2025-07-28 23:34:16 -0500 :: hercules-login-1.hpc.msstate.edu :: Task gfs_atmos_prod_f012-f014, jobid=5952032, in state QUEUED (PENDING)
2025-07-28 23:34:16 -0500 :: hercules-login-1.hpc.msstate.edu :: Task gfs_atmos_prod_f015-f017, jobid=5952033, in state QUEUED (PENDING)
2025-07-28 23:34:16 -0500 :: hercules-login-1.hpc.msstate.edu :: Task gfs_atmos_prod_f018-f020, jobid=5952034, in state QUEUED (PENDING)
2025-07-28 23:34:16 -0500 :: hercules-login-1.hpc.msstate.edu :: Task gfs_atmos_prod_f021-f023, jobid=5952036, in state QUEUED (PENDING)
2025-07-28 23:34:16 -0500 :: hercules-login-1.hpc.msstate.edu :: Task gfs_atmos_prod_f024-f026, jobid=5952037, in state QUEUED (PENDING)
2025-07-28 23:34:16 -0500 :: hercules-login-1.hpc.msstate.edu :: Task gfs_atmos_prod_f027-f029, jobid=5952047, in state QUEUED (PENDING)
2025-07-28 23:34:16 -0500 :: hercules-login-1.hpc.msstate.edu :: Task gfs_atmos_prod_f030-f032, jobid=5952048, in state QUEUED (PENDING)
2025-07-28 23:34:16 -0500 :: hercules-login-1.hpc.msstate.edu :: Task gfs_atmos_prod_f033-f035, jobid=5952049, in state QUEUED (PENDING)
2025-07-28 23:34:16 -0500 :: hercules-login-1.hpc.msstate.edu :: Task gfs_atmos_prod_f036-f038, jobid=5952050, in state QUEUED (PENDING)
2025-07-28 23:34:16 -0500 :: hercules-login-1.hpc.msstate.edu :: Task gfs_atmos_prod_f039-f041, jobid=5952051, in state QUEUED (PENDING)
2025-07-28 23:34:16 -0500 :: hercules-login-1.hpc.msstate.edu :: Task gfs_atmos_prod_f042-f044, jobid=5952061, in state QUEUED (PENDING)
2025-07-28 23:34:16 -0500 :: hercules-login-1.hpc.msstate.edu :: Task gfs_atmos_prod_f045-f047, jobid=5952062, in state QUEUED (PENDING)
2025-07-28 23:34:16 -0500 :: hercules-login-1.hpc.msstate.edu :: Task gfs_atmos_prod_f048-f054, jobid=5952063, in state QUEUED (PENDING)
2025-07-28 23:34:16 -0500 :: hercules-login-1.hpc.msstate.edu :: Task gfs_atmos_prod_f057-f063, jobid=5952088, in state QUEUED (PENDING)
2025-07-28 23:34:16 -0500 :: hercules-login-1.hpc.msstate.edu :: Task gfs_atmos_prod_f066-f072, jobid=5952113, in state QUEUED (PENDING)
2025-07-28 23:34:16 -0500 :: hercules-login-1.hpc.msstate.edu :: Task gfs_atmos_prod_f075-f081, jobid=5952114, in state QUEUED (PENDING)
2025-07-28 23:34:16 -0500 :: hercules-login-1.hpc.msstate.edu :: Task gfs_atmos_prod_f084-f090, jobid=5952134, in state QUEUED (PENDING)
2025-07-28 23:34:16 -0500 :: hercules-login-1.hpc.msstate.edu :: Task gfs_atmos_prod_f093-f099, jobid=5952145, in state QUEUED (PENDING)
2025-07-28 23:34:16 -0500 :: hercules-login-1.hpc.msstate.edu :: Task gfs_atmos_prod_f102-f108, jobid=5952157, in state QUEUED (PENDING)
2025-07-28 23:34:16 -0500 :: hercules-login-1.hpc.msstate.edu :: Task gdas_atmanlupp, jobid=5952115, in state QUEUED (PENDING)
2025-07-28 23:34:16 -0500 :: hercules-login-1.hpc.msstate.edu :: Submitting gfs_atmanlprod
2025-07-28 23:34:16 -0500 :: hercules-login-1.hpc.msstate.edu :: Cannot submit gfs_atmos_prod_f111-f114, because maximum global task throttle of 25 will be violated.
2025-07-28 23:34:16 -0500 :: hercules-login-1.hpc.msstate.edu :: Cannot submit gfs_atmos_prod_f117-f120, because maximum global task throttle of 25 will be violated.
2025-07-28 23:34:16 -0500 :: hercules-login-1.hpc.msstate.edu :: Cannot submit gdas_atmos_prod_f000, because maximum global task throttle of 25 will be violated.
2025-07-28 23:34:16 -0500 :: hercules-login-1.hpc.msstate.edu :: Cannot submit gdas_atmos_prod_f003, because maximum global task throttle of 25 will be violated.
2025-07-28 23:34:16 -0500 :: hercules-login-1.hpc.msstate.edu :: Cannot submit gdas_atmos_prod_f006, because maximum global task throttle of 25 will be violated.
2025-07-28 23:34:16 -0500 :: hercules-login-1.hpc.msstate.edu :: Cannot submit gdas_atmos_prod_f009, because maximum global task throttle of 25 will be violated.
2025-07-28 23:34:16 -0500 :: hercules-login-1.hpc.msstate.edu :: Submission status of gfs_atmanlprod is pending at druby://130.18.14.151:38913
2025-07-28 23:40:18 -0500 :: hercules-login-1.hpc.msstate.edu :: Submission status of previously pending gfs_atmanlprod is success, jobid=5952169
2025-07-28 23:40:18 -0500 :: hercules-login-1.hpc.msstate.edu :: Task gfs_atmanlprod, jobid=5952169, in state QUEUED (PENDING)
2025-07-28 23:40:18 -0500 :: hercules-login-1.hpc.msstate.edu :: Task gfs_atmos_prod_f000-f002, jobid=5952022, in state QUEUED (PENDING)
2025-07-28 23:40:18 -0500 :: hercules-login-1.hpc.msstate.edu :: Task gfs_atmos_prod_f003-f005, jobid=5952023, in state QUEUED (PENDING)
2025-07-28 23:40:18 -0500 :: hercules-login-1.hpc.msstate.edu :: Task gfs_atmos_prod_f006-f008, jobid=5952024, in state QUEUED (PENDING)
2025-07-28 23:40:18 -0500 :: hercules-login-1.hpc.msstate.edu :: Task gfs_atmos_prod_f009-f011, jobid=5952025, in state QUEUED (PENDING)
2025-07-28 23:40:18 -0500 :: hercules-login-1.hpc.msstate.edu :: Task gfs_atmos_prod_f012-f014, jobid=5952032, in state QUEUED (PENDING)
2025-07-28 23:40:18 -0500 :: hercules-login-1.hpc.msstate.edu :: Task gfs_atmos_prod_f015-f017, jobid=5952033, in state QUEUED (PENDING)
2025-07-28 23:40:18 -0500 :: hercules-login-1.hpc.msstate.edu :: Task gfs_atmos_prod_f018-f020, jobid=5952034, in state QUEUED (PENDING)
2025-07-28 23:40:18 -0500 :: hercules-login-1.hpc.msstate.edu :: Task gfs_atmos_prod_f021-f023, jobid=5952036, in state QUEUED (PENDING)
2025-07-28 23:40:18 -0500 :: hercules-login-1.hpc.msstate.edu :: Task gfs_atmos_prod_f024-f026, jobid=5952037, in state QUEUED (PENDING)
2025-07-28 23:40:18 -0500 :: hercules-login-1.hpc.msstate.edu :: Task gfs_atmos_prod_f027-f029, jobid=5952047, in state QUEUED (PENDING)
2025-07-28 23:40:18 -0500 :: hercules-login-1.hpc.msstate.edu :: Task gfs_atmos_prod_f030-f032, jobid=5952048, in state QUEUED (PENDING)
2025-07-28 23:40:18 -0500 :: hercules-login-1.hpc.msstate.edu :: Task gfs_atmos_prod_f033-f035, jobid=5952049, in state QUEUED (PENDING)
2025-07-28 23:40:18 -0500 :: hercules-login-1.hpc.msstate.edu :: Task gfs_atmos_prod_f036-f038, jobid=5952050, in state QUEUED (PENDING)
2025-07-28 23:40:18 -0500 :: hercules-login-1.hpc.msstate.edu :: Task gfs_atmos_prod_f039-f041, jobid=5952051, in state QUEUED (PENDING)
2025-07-28 23:40:18 -0500 :: hercules-login-1.hpc.msstate.edu :: Task gfs_atmos_prod_f042-f044, jobid=5952061, in state QUEUED (PENDING)
2025-07-28 23:40:18 -0500 :: hercules-login-1.hpc.msstate.edu :: Task gfs_atmos_prod_f045-f047, jobid=5952062, in state QUEUED (PENDING)
2025-07-28 23:40:18 -0500 :: hercules-login-1.hpc.msstate.edu :: Task gfs_atmos_prod_f048-f054, jobid=5952063, in state QUEUED (PENDING)
2025-07-28 23:40:18 -0500 :: hercules-login-1.hpc.msstate.edu :: Task gfs_atmos_prod_f057-f063, jobid=5952088, in state QUEUED (PENDING)
2025-07-28 23:40:18 -0500 :: hercules-login-1.hpc.msstate.edu :: Task gfs_atmos_prod_f066-f072, jobid=5952113, in state QUEUED (PENDING)
2025-07-28 23:40:18 -0500 :: hercules-login-1.hpc.msstate.edu :: Task gfs_atmos_prod_f075-f081, jobid=5952114, in state QUEUED (PENDING)
2025-07-28 23:40:18 -0500 :: hercules-login-1.hpc.msstate.edu :: Task gfs_atmos_prod_f084-f090, jobid=5952134, in state QUEUED (PENDING)
2025-07-28 23:40:18 -0500 :: hercules-login-1.hpc.msstate.edu :: Task gfs_atmos_prod_f093-f099, jobid=5952145, in state QUEUED (PENDING)
2025-07-28 23:40:18 -0500 :: hercules-login-1.hpc.msstate.edu :: Task gfs_atmos_prod_f102-f108, jobid=5952157, in state QUEUED (PENDING)
2025-07-28 23:40:18 -0500 :: hercules-login-1.hpc.msstate.edu :: Task gdas_atmanlupp, jobid=5952115, in state QUEUED (PENDING)
2025-07-28 23:40:18 -0500 :: hercules-login-1.hpc.msstate.edu :: Cannot submit gfs_atmos_prod_f111-f114, because maximum global task throttle of 25 will be violated.
2025-07-28 23:40:18 -0500 :: hercules-login-1.hpc.msstate.edu :: Cannot submit gfs_atmos_prod_f117-f120, because maximum global task throttle of 25 will be violated.
2025-07-28 23:40:18 -0500 :: hercules-login-1.hpc.msstate.edu :: Cannot submit gdas_atmos_prod_f000, because maximum global task throttle of 25 will be violated.
2025-07-28 23:40:18 -0500 :: hercules-login-1.hpc.msstate.edu :: Cannot submit gdas_atmos_prod_f003, because maximum global task throttle of 25 will be violated.
2025-07-28 23:40:18 -0500 :: hercules-login-1.hpc.msstate.edu :: Cannot submit gdas_atmos_prod_f006, because maximum global task throttle of 25 will be violated.
2025-07-28 23:40:18 -0500 :: hercules-login-1.hpc.msstate.edu :: Cannot submit gdas_atmos_prod_f009, because maximum global task throttle of 25 will be violated.
2025-07-28 23:46:21 -0500 :: hercules-login-1.hpc.msstate.edu :: Task gfs_atmanlprod, jobid=5952169, in state QUEUED (PENDING)
2025-07-28 23:46:21 -0500 :: hercules-login-1.hpc.msstate.edu :: Task gfs_atmos_prod_f000-f002, jobid=5952022, in state QUEUED (PENDING)
2025-07-28 23:46:21 -0500 :: hercules-login-1.hpc.msstate.edu :: Task gfs_atmos_prod_f003-f005, jobid=5952023, in state QUEUED (PENDING)
2025-07-28 23:46:21 -0500 :: hercules-login-1.hpc.msstate.edu :: Task gfs_atmos_prod_f006-f008, jobid=5952024, in state QUEUED (PENDING)
2025-07-28 23:46:21 -0500 :: hercules-login-1.hpc.msstate.edu :: Task gfs_atmos_prod_f009-f011, jobid=5952025, in state QUEUED (PENDING)
2025-07-28 23:46:21 -0500 :: hercules-login-1.hpc.msstate.edu :: Task gfs_atmos_prod_f012-f014, jobid=5952032, in state QUEUED (PENDING)
2025-07-28 23:46:21 -0500 :: hercules-login-1.hpc.msstate.edu :: Task gfs_atmos_prod_f015-f017, jobid=5952033, in state QUEUED (PENDING)
2025-07-28 23:46:21 -0500 :: hercules-login-1.hpc.msstate.edu :: Task gfs_atmos_prod_f018-f020, jobid=5952034, in state QUEUED (PENDING)
2025-07-28 23:46:21 -0500 :: hercules-login-1.hpc.msstate.edu :: Task gfs_atmos_prod_f021-f023, jobid=5952036, in state QUEUED (PENDING)
2025-07-28 23:46:21 -0500 :: hercules-login-1.hpc.msstate.edu :: Task gfs_atmos_prod_f024-f026, jobid=5952037, in state QUEUED (PENDING)
2025-07-28 23:46:21 -0500 :: hercules-login-1.hpc.msstate.edu :: Task gfs_atmos_prod_f027-f029, jobid=5952047, in state QUEUED (PENDING)
2025-07-28 23:46:21 -0500 :: hercules-login-1.hpc.msstate.edu :: Task gfs_atmos_prod_f030-f032, jobid=5952048, in state QUEUED (PENDING)
2025-07-28 23:46:21 -0500 :: hercules-login-1.hpc.msstate.edu :: Task gfs_atmos_prod_f033-f035, jobid=5952049, in state QUEUED (PENDING)
2025-07-28 23:46:21 -0500 :: hercules-login-1.hpc.msstate.edu :: Task gfs_atmos_prod_f036-f038, jobid=5952050, in state QUEUED (PENDING)
2025-07-28 23:46:21 -0500 :: hercules-login-1.hpc.msstate.edu :: Task gfs_atmos_prod_f039-f041, jobid=5952051, in state QUEUED (PENDING)
2025-07-28 23:46:21 -0500 :: hercules-login-1.hpc.msstate.edu :: Task gfs_atmos_prod_f042-f044, jobid=5952061, in state QUEUED (PENDING)
2025-07-28 23:46:21 -0500 :: hercules-login-1.hpc.msstate.edu :: Task gfs_atmos_prod_f045-f047, jobid=5952062, in state QUEUED (PENDING)
2025-07-28 23:46:21 -0500 :: hercules-login-1.hpc.msstate.edu :: Task gfs_atmos_prod_f048-f054, jobid=5952063, in state QUEUED (PENDING)
2025-07-28 23:46:21 -0500 :: hercules-login-1.hpc.msstate.edu :: Task gfs_atmos_prod_f057-f063, jobid=5952088, in state QUEUED (PENDING)
2025-07-28 23:46:21 -0500 :: hercules-login-1.hpc.msstate.edu :: Task gfs_atmos_prod_f066-f072, jobid=5952113, in state QUEUED (PENDING)
2025-07-28 23:46:21 -0500 :: hercules-login-1.hpc.msstate.edu :: Task gfs_atmos_prod_f075-f081, jobid=5952114, in state QUEUED (PENDING)
2025-07-28 23:46:21 -0500 :: hercules-login-1.hpc.msstate.edu :: Task gfs_atmos_prod_f084-f090, jobid=5952134, in state QUEUED (PENDING)
2025-07-28 23:46:21 -0500 :: hercules-login-1.hpc.msstate.edu :: Task gfs_atmos_prod_f093-f099, jobid=5952145, in state QUEUED (PENDING)
2025-07-28 23:46:21 -0500 :: hercules-login-1.hpc.msstate.edu :: Task gfs_atmos_prod_f102-f108, jobid=5952157, in state QUEUED (PENDING)
2025-07-28 23:46:21 -0500 :: hercules-login-1.hpc.msstate.edu :: Task gdas_atmanlupp, jobid=5952115, in state QUEUED (PENDING)
2025-07-28 23:46:21 -0500 :: hercules-login-1.hpc.msstate.edu :: Cannot submit gfs_atmos_prod_f111-f114, because maximum global task throttle of 25 will be violated.
2025-07-28 23:46:21 -0500 :: hercules-login-1.hpc.msstate.edu :: Cannot submit gfs_atmos_prod_f117-f120, because maximum global task throttle of 25 will be violated.
2025-07-28 23:46:21 -0500 :: hercules-login-1.hpc.msstate.edu :: Cannot submit gdas_atmos_prod_f000, because maximum global task throttle of 25 will be violated.
2025-07-28 23:46:21 -0500 :: hercules-login-1.hpc.msstate.edu :: Cannot submit gdas_atmos_prod_f003, because maximum global task throttle of 25 will be violated.
2025-07-28 23:46:21 -0500 :: hercules-login-1.hpc.msstate.edu :: Cannot submit gdas_atmos_prod_f006, because maximum global task throttle of 25 will be violated.
2025-07-28 23:46:21 -0500 :: hercules-login-1.hpc.msstate.edu :: Cannot submit gdas_atmos_prod_f009, because maximum global task throttle of 25 will be violated.
2025-07-28 23:52:23 -0500 :: hercules-login-1.hpc.msstate.edu :: Task gfs_atmanlprod, jobid=5952169, in state QUEUED (PENDING)
2025-07-28 23:52:23 -0500 :: hercules-login-1.hpc.msstate.edu :: Task gfs_atmos_prod_f000-f002, jobid=5952022, in state QUEUED (PENDING)
2025-07-28 23:52:23 -0500 :: hercules-login-1.hpc.msstate.edu :: Task gfs_atmos_prod_f003-f005, jobid=5952023, in state QUEUED (PENDING)
2025-07-28 23:52:23 -0500 :: hercules-login-1.hpc.msstate.edu :: Task gfs_atmos_prod_f006-f008, jobid=5952024, in state QUEUED (PENDING)
2025-07-28 23:52:23 -0500 :: hercules-login-1.hpc.msstate.edu :: Task gfs_atmos_prod_f009-f011, jobid=5952025, in state QUEUED (PENDING)
2025-07-28 23:52:23 -0500 :: hercules-login-1.hpc.msstate.edu :: Task gfs_atmos_prod_f012-f014, jobid=5952032, in state QUEUED (PENDING)
2025-07-28 23:52:23 -0500 :: hercules-login-1.hpc.msstate.edu :: Task gfs_atmos_prod_f015-f017, jobid=5952033, in state QUEUED (PENDING)
2025-07-28 23:52:23 -0500 :: hercules-login-1.hpc.msstate.edu :: Task gfs_atmos_prod_f018-f020, jobid=5952034, in state QUEUED (PENDING)
2025-07-28 23:52:23 -0500 :: hercules-login-1.hpc.msstate.edu :: Task gfs_atmos_prod_f021-f023, jobid=5952036, in state QUEUED (PENDING)
2025-07-28 23:52:23 -0500 :: hercules-login-1.hpc.msstate.edu :: Task gfs_atmos_prod_f024-f026, jobid=5952037, in state QUEUED (PENDING)
2025-07-28 23:52:23 -0500 :: hercules-login-1.hpc.msstate.edu :: Task gfs_atmos_prod_f027-f029, jobid=5952047, in state QUEUED (PENDING)
2025-07-28 23:52:23 -0500 :: hercules-login-1.hpc.msstate.edu :: Task gfs_atmos_prod_f030-f032, jobid=5952048, in state QUEUED (PENDING)
2025-07-28 23:52:23 -0500 :: hercules-login-1.hpc.msstate.edu :: Task gfs_atmos_prod_f033-f035, jobid=5952049, in state QUEUED (PENDING)
2025-07-28 23:52:23 -0500 :: hercules-login-1.hpc.msstate.edu :: Task gfs_atmos_prod_f036-f038, jobid=5952050, in state QUEUED (PENDING)
2025-07-28 23:52:23 -0500 :: hercules-login-1.hpc.msstate.edu :: Task gfs_atmos_prod_f039-f041, jobid=5952051, in state QUEUED (PENDING)
2025-07-28 23:52:23 -0500 :: hercules-login-1.hpc.msstate.edu :: Task gfs_atmos_prod_f042-f044, jobid=5952061, in state QUEUED (PENDING)
2025-07-28 23:52:23 -0500 :: hercules-login-1.hpc.msstate.edu :: Task gfs_atmos_prod_f045-f047, jobid=5952062, in state QUEUED (PENDING)
2025-07-28 23:52:23 -0500 :: hercules-login-1.hpc.msstate.edu :: Task gfs_atmos_prod_f048-f054, jobid=5952063, in state QUEUED (PENDING)
2025-07-28 23:52:23 -0500 :: hercules-login-1.hpc.msstate.edu :: Task gfs_atmos_prod_f057-f063, jobid=5952088, in state QUEUED (PENDING)
2025-07-28 23:52:23 -0500 :: hercules-login-1.hpc.msstate.edu :: Task gfs_atmos_prod_f066-f072, jobid=5952113, in state QUEUED (PENDING)
2025-07-28 23:52:23 -0500 :: hercules-login-1.hpc.msstate.edu :: Task gfs_atmos_prod_f075-f081, jobid=5952114, in state QUEUED (PENDING)
2025-07-28 23:52:23 -0500 :: hercules-login-1.hpc.msstate.edu :: Task gfs_atmos_prod_f084-f090, jobid=5952134, in state QUEUED (PENDING)
2025-07-28 23:52:23 -0500 :: hercules-login-1.hpc.msstate.edu :: Task gfs_atmos_prod_f093-f099, jobid=5952145, in state QUEUED (PENDING)
2025-07-28 23:52:23 -0500 :: hercules-login-1.hpc.msstate.edu :: Task gfs_atmos_prod_f102-f108, jobid=5952157, in state QUEUED (PENDING)
2025-07-28 23:52:23 -0500 :: hercules-login-1.hpc.msstate.edu :: Task gdas_atmanlupp, jobid=5952115, in state QUEUED (PENDING)
2025-07-28 23:52:23 -0500 :: hercules-login-1.hpc.msstate.edu :: Cannot submit gfs_atmos_prod_f111-f114, because maximum global task throttle of 25 will be violated.
2025-07-28 23:52:23 -0500 :: hercules-login-1.hpc.msstate.edu :: Cannot submit gfs_atmos_prod_f117-f120, because maximum global task throttle of 25 will be violated.
2025-07-28 23:52:23 -0500 :: hercules-login-1.hpc.msstate.edu :: Cannot submit gdas_atmos_prod_f000, because maximum global task throttle of 25 will be violated.
2025-07-28 23:52:23 -0500 :: hercules-login-1.hpc.msstate.edu :: Cannot submit gdas_atmos_prod_f003, because maximum global task throttle of 25 will be violated.
2025-07-28 23:52:23 -0500 :: hercules-login-1.hpc.msstate.edu :: Cannot submit gdas_atmos_prod_f006, because maximum global task throttle of 25 will be violated.
2025-07-28 23:52:23 -0500 :: hercules-login-1.hpc.msstate.edu :: Cannot submit gdas_atmos_prod_f009, because maximum global task throttle of 25 will be violated.
2025-07-28 23:58:26 -0500 :: hercules-login-1.hpc.msstate.edu :: Task gfs_atmanlprod, jobid=5952169, in state QUEUED (PENDING)
2025-07-28 23:58:26 -0500 :: hercules-login-1.hpc.msstate.edu :: Task gfs_atmos_prod_f000-f002, jobid=5952022, in state RUNNING (RUNNING)
2025-07-28 23:58:26 -0500 :: hercules-login-1.hpc.msstate.edu :: Task gfs_atmos_prod_f003-f005, jobid=5952023, in state RUNNING (RUNNING)
2025-07-28 23:58:26 -0500 :: hercules-login-1.hpc.msstate.edu :: Task gfs_atmos_prod_f006-f008, jobid=5952024, in state RUNNING (RUNNING)
2025-07-28 23:58:26 -0500 :: hercules-login-1.hpc.msstate.edu :: Task gfs_atmos_prod_f009-f011, jobid=5952025, in state QUEUED (PENDING)
2025-07-28 23:58:26 -0500 :: hercules-login-1.hpc.msstate.edu :: Task gfs_atmos_prod_f012-f014, jobid=5952032, in state QUEUED (PENDING)
2025-07-28 23:58:26 -0500 :: hercules-login-1.hpc.msstate.edu :: Task gfs_atmos_prod_f015-f017, jobid=5952033, in state QUEUED (PENDING)
2025-07-28 23:58:26 -0500 :: hercules-login-1.hpc.msstate.edu :: Task gfs_atmos_prod_f018-f020, jobid=5952034, in state QUEUED (PENDING)
2025-07-28 23:58:26 -0500 :: hercules-login-1.hpc.msstate.edu :: Task gfs_atmos_prod_f021-f023, jobid=5952036, in state QUEUED (PENDING)
2025-07-28 23:58:26 -0500 :: hercules-login-1.hpc.msstate.edu :: Task gfs_atmos_prod_f024-f026, jobid=5952037, in state QUEUED (PENDING)
2025-07-28 23:58:26 -0500 :: hercules-login-1.hpc.msstate.edu :: Task gfs_atmos_prod_f027-f029, jobid=5952047, in state QUEUED (PENDING)
2025-07-28 23:58:26 -0500 :: hercules-login-1.hpc.msstate.edu :: Task gfs_atmos_prod_f030-f032, jobid=5952048, in state QUEUED (PENDING)
2025-07-28 23:58:26 -0500 :: hercules-login-1.hpc.msstate.edu :: Task gfs_atmos_prod_f033-f035, jobid=5952049, in state QUEUED (PENDING)
2025-07-28 23:58:26 -0500 :: hercules-login-1.hpc.msstate.edu :: Task gfs_atmos_prod_f036-f038, jobid=5952050, in state QUEUED (PENDING)
2025-07-28 23:58:26 -0500 :: hercules-login-1.hpc.msstate.edu :: Task gfs_atmos_prod_f039-f041, jobid=5952051, in state QUEUED (PENDING)
2025-07-28 23:58:26 -0500 :: hercules-login-1.hpc.msstate.edu :: Task gfs_atmos_prod_f042-f044, jobid=5952061, in state QUEUED (PENDING)
2025-07-28 23:58:26 -0500 :: hercules-login-1.hpc.msstate.edu :: Task gfs_atmos_prod_f045-f047, jobid=5952062, in state QUEUED (PENDING)
2025-07-28 23:58:26 -0500 :: hercules-login-1.hpc.msstate.edu :: Task gfs_atmos_prod_f048-f054, jobid=5952063, in state QUEUED (PENDING)
2025-07-28 23:58:26 -0500 :: hercules-login-1.hpc.msstate.edu :: Task gfs_atmos_prod_f057-f063, jobid=5952088, in state QUEUED (PENDING)
2025-07-28 23:58:26 -0500 :: hercules-login-1.hpc.msstate.edu :: Task gfs_atmos_prod_f066-f072, jobid=5952113, in state QUEUED (PENDING)
2025-07-28 23:58:26 -0500 :: hercules-login-1.hpc.msstate.edu :: Task gfs_atmos_prod_f075-f081, jobid=5952114, in state QUEUED (PENDING)
2025-07-28 23:58:26 -0500 :: hercules-login-1.hpc.msstate.edu :: Task gfs_atmos_prod_f084-f090, jobid=5952134, in state QUEUED (PENDING)
2025-07-28 23:58:26 -0500 :: hercules-login-1.hpc.msstate.edu :: Task gfs_atmos_prod_f093-f099, jobid=5952145, in state QUEUED (PENDING)
2025-07-28 23:58:26 -0500 :: hercules-login-1.hpc.msstate.edu :: Task gfs_atmos_prod_f102-f108, jobid=5952157, in state QUEUED (PENDING)
2025-07-28 23:58:26 -0500 :: hercules-login-1.hpc.msstate.edu :: Task gdas_atmanlupp, jobid=5952115, in state QUEUED (PENDING)
2025-07-28 23:58:26 -0500 :: hercules-login-1.hpc.msstate.edu :: Cannot submit gfs_atmos_prod_f111-f114, because maximum global task throttle of 25 will be violated.
2025-07-28 23:58:26 -0500 :: hercules-login-1.hpc.msstate.edu :: Cannot submit gfs_atmos_prod_f117-f120, because maximum global task throttle of 25 will be violated.
2025-07-28 23:58:26 -0500 :: hercules-login-1.hpc.msstate.edu :: Cannot submit gdas_atmos_prod_f000, because maximum global task throttle of 25 will be violated.
2025-07-28 23:58:26 -0500 :: hercules-login-1.hpc.msstate.edu :: Cannot submit gdas_atmos_prod_f003, because maximum global task throttle of 25 will be violated.
2025-07-28 23:58:26 -0500 :: hercules-login-1.hpc.msstate.edu :: Cannot submit gdas_atmos_prod_f006, because maximum global task throttle of 25 will be violated.
2025-07-28 23:58:26 -0500 :: hercules-login-1.hpc.msstate.edu :: Cannot submit gdas_atmos_prod_f009, because maximum global task throttle of 25 will be violated.
2025-07-29 00:04:29 -0500 :: hercules-login-1.hpc.msstate.edu :: Task gfs_atmanlprod, jobid=5952169, in state QUEUED (PENDING)
2025-07-29 00:04:29 -0500 :: hercules-login-1.hpc.msstate.edu :: Task gfs_atmos_prod_f000-f002, jobid=5952022, in state SUCCEEDED (COMPLETED), ran for 267.0 seconds, exit status=0, try=1 (of 2)
2025-07-29 00:04:29 -0500 :: hercules-login-1.hpc.msstate.edu :: Task gfs_atmos_prod_f003-f005, jobid=5952023, in state SUCCEEDED (COMPLETED), ran for 279.0 seconds, exit status=0, try=1 (of 2)
2025-07-29 00:04:29 -0500 :: hercules-login-1.hpc.msstate.edu :: Task gfs_atmos_prod_f006-f008, jobid=5952024, in state SUCCEEDED (COMPLETED), ran for 279.0 seconds, exit status=0, try=1 (of 2)
2025-07-29 00:04:29 -0500 :: hercules-login-1.hpc.msstate.edu :: Task gfs_atmos_prod_f009-f011, jobid=5952025, in state SUCCEEDED (COMPLETED), ran for 278.0 seconds, exit status=0, try=1 (of 2)
2025-07-29 00:04:29 -0500 :: hercules-login-1.hpc.msstate.edu :: Task gfs_atmos_prod_f012-f014, jobid=5952032, in state SUCCEEDED (COMPLETED), ran for 281.0 seconds, exit status=0, try=1 (of 2)
2025-07-29 00:04:29 -0500 :: hercules-login-1.hpc.msstate.edu :: Task gfs_atmos_prod_f015-f017, jobid=5952033, in state SUCCEEDED (COMPLETED), ran for 278.0 seconds, exit status=0, try=1 (of 2)
2025-07-29 00:04:29 -0500 :: hercules-login-1.hpc.msstate.edu :: Task gfs_atmos_prod_f018-f020, jobid=5952034, in state SUCCEEDED (COMPLETED), ran for 272.0 seconds, exit status=0, try=1 (of 2)
2025-07-29 00:04:29 -0500 :: hercules-login-1.hpc.msstate.edu :: Task gfs_atmos_prod_f021-f023, jobid=5952036, in state SUCCEEDED (COMPLETED), ran for 273.0 seconds, exit status=0, try=1 (of 2)
2025-07-29 00:04:29 -0500 :: hercules-login-1.hpc.msstate.edu :: Task gfs_atmos_prod_f024-f026, jobid=5952037, in state SUCCEEDED (COMPLETED), ran for 275.0 seconds, exit status=0, try=1 (of 2)
2025-07-29 00:04:29 -0500 :: hercules-login-1.hpc.msstate.edu :: Task gfs_atmos_prod_f027-f029, jobid=5952047, in state SUCCEEDED (COMPLETED), ran for 273.0 seconds, exit status=0, try=1 (of 2)
2025-07-29 00:04:29 -0500 :: hercules-login-1.hpc.msstate.edu :: Task gfs_atmos_prod_f030-f032, jobid=5952048, in state SUCCEEDED (COMPLETED), ran for 272.0 seconds, exit status=0, try=1 (of 2)
2025-07-29 00:04:29 -0500 :: hercules-login-1.hpc.msstate.edu :: Task gfs_atmos_prod_f033-f035, jobid=5952049, in state SUCCEEDED (COMPLETED), ran for 269.0 seconds, exit status=0, try=1 (of 2)
2025-07-29 00:04:29 -0500 :: hercules-login-1.hpc.msstate.edu :: Task gfs_atmos_prod_f036-f038, jobid=5952050, in state SUCCEEDED (COMPLETED), ran for 271.0 seconds, exit status=0, try=1 (of 2)
2025-07-29 00:04:29 -0500 :: hercules-login-1.hpc.msstate.edu :: Task gfs_atmos_prod_f039-f041, jobid=5952051, in state SUCCEEDED (COMPLETED), ran for 273.0 seconds, exit status=0, try=1 (of 2)
2025-07-29 00:04:29 -0500 :: hercules-login-1.hpc.msstate.edu :: Task gfs_atmos_prod_f042-f044, jobid=5952061, in state SUCCEEDED (COMPLETED), ran for 277.0 seconds, exit status=0, try=1 (of 2)
2025-07-29 00:04:29 -0500 :: hercules-login-1.hpc.msstate.edu :: Task gfs_atmos_prod_f045-f047, jobid=5952062, in state SUCCEEDED (COMPLETED), ran for 274.0 seconds, exit status=0, try=1 (of 2)
2025-07-29 00:04:29 -0500 :: hercules-login-1.hpc.msstate.edu :: Task gfs_atmos_prod_f048-f054, jobid=5952063, in state RUNNING (RUNNING)
2025-07-29 00:04:29 -0500 :: hercules-login-1.hpc.msstate.edu :: Task gfs_atmos_prod_f057-f063, jobid=5952088, in state QUEUED (PENDING)
2025-07-29 00:04:29 -0500 :: hercules-login-1.hpc.msstate.edu :: Task gfs_atmos_prod_f066-f072, jobid=5952113, in state QUEUED (PENDING)
2025-07-29 00:04:29 -0500 :: hercules-login-1.hpc.msstate.edu :: Task gfs_atmos_prod_f075-f081, jobid=5952114, in state QUEUED (PENDING)
2025-07-29 00:04:29 -0500 :: hercules-login-1.hpc.msstate.edu :: Task gfs_atmos_prod_f084-f090, jobid=5952134, in state QUEUED (PENDING)
2025-07-29 00:04:29 -0500 :: hercules-login-1.hpc.msstate.edu :: Task gfs_atmos_prod_f093-f099, jobid=5952145, in state QUEUED (PENDING)
2025-07-29 00:04:29 -0500 :: hercules-login-1.hpc.msstate.edu :: Task gfs_atmos_prod_f102-f108, jobid=5952157, in state QUEUED (PENDING)
2025-07-29 00:04:29 -0500 :: hercules-login-1.hpc.msstate.edu :: Task gdas_atmanlupp, jobid=5952115, in state QUEUED (PENDING)
2025-07-29 00:04:30 -0500 :: hercules-login-1.hpc.msstate.edu :: Submitting gfs_atmos_prod_f111-f114
2025-07-29 00:04:30 -0500 :: hercules-login-1.hpc.msstate.edu :: Submitting gfs_atmos_prod_f117-f120
2025-07-29 00:04:30 -0500 :: hercules-login-1.hpc.msstate.edu :: Submitting gdas_atmos_prod_f000
2025-07-29 00:04:30 -0500 :: hercules-login-1.hpc.msstate.edu :: Submitting gdas_atmos_prod_f003
2025-07-29 00:04:30 -0500 :: hercules-login-1.hpc.msstate.edu :: Submitting gdas_atmos_prod_f006
2025-07-29 00:04:30 -0500 :: hercules-login-1.hpc.msstate.edu :: Submitting gdas_atmos_prod_f009
2025-07-29 00:04:30 -0500 :: hercules-login-1.hpc.msstate.edu :: Submission of gfs_atmos_prod_f111-f114 succeeded, jobid=5952318
2025-07-29 00:04:30 -0500 :: hercules-login-1.hpc.msstate.edu :: Submission of gfs_atmos_prod_f117-f120 succeeded, jobid=5952319
2025-07-29 00:04:30 -0500 :: hercules-login-1.hpc.msstate.edu :: Submission of gdas_atmos_prod_f000 succeeded, jobid=5952320
2025-07-29 00:04:30 -0500 :: hercules-login-1.hpc.msstate.edu :: Submission of gdas_atmos_prod_f003 succeeded, jobid=5952321
2025-07-29 00:04:30 -0500 :: hercules-login-1.hpc.msstate.edu :: Submission of gdas_atmos_prod_f006 succeeded, jobid=5952322
2025-07-29 00:04:30 -0500 :: hercules-login-1.hpc.msstate.edu :: Submission of gdas_atmos_prod_f009 succeeded, jobid=5952323
2025-07-29 00:10:33 -0500 :: hercules-login-1.hpc.msstate.edu :: Task gfs_atmanlprod, jobid=5952169, in state QUEUED (PENDING)
2025-07-29 00:10:33 -0500 :: hercules-login-1.hpc.msstate.edu :: Task gfs_atmos_prod_f048-f054, jobid=5952063, in state SUCCEEDED (COMPLETED), ran for 319.0 seconds, exit status=0, try=1 (of 2)
2025-07-29 00:10:33 -0500 :: hercules-login-1.hpc.msstate.edu :: Task gfs_atmos_prod_f057-f063, jobid=5952088, in state SUCCEEDED (COMPLETED), ran for 316.0 seconds, exit status=0, try=1 (of 2)
2025-07-29 00:10:33 -0500 :: hercules-login-1.hpc.msstate.edu :: Task gfs_atmos_prod_f066-f072, jobid=5952113, in state QUEUED (PENDING)
2025-07-29 00:10:33 -0500 :: hercules-login-1.hpc.msstate.edu :: Task gfs_atmos_prod_f075-f081, jobid=5952114, in state QUEUED (PENDING)
2025-07-29 00:10:33 -0500 :: hercules-login-1.hpc.msstate.edu :: Task gfs_atmos_prod_f084-f090, jobid=5952134, in state QUEUED (PENDING)
2025-07-29 00:10:33 -0500 :: hercules-login-1.hpc.msstate.edu :: Task gfs_atmos_prod_f093-f099, jobid=5952145, in state QUEUED (PENDING)
2025-07-29 00:10:33 -0500 :: hercules-login-1.hpc.msstate.edu :: Task gfs_atmos_prod_f102-f108, jobid=5952157, in state QUEUED (PENDING)
2025-07-29 00:10:33 -0500 :: hercules-login-1.hpc.msstate.edu :: Task gfs_atmos_prod_f111-f114, jobid=5952318, in state QUEUED (PENDING)
2025-07-29 00:10:33 -0500 :: hercules-login-1.hpc.msstate.edu :: Task gfs_atmos_prod_f117-f120, jobid=5952319, in state QUEUED (PENDING)
2025-07-29 00:10:33 -0500 :: hercules-login-1.hpc.msstate.edu :: Task gdas_atmanlupp, jobid=5952115, in state SUCCEEDED (COMPLETED), ran for 41.0 seconds, exit status=0, try=1 (of 2)
2025-07-29 00:10:33 -0500 :: hercules-login-1.hpc.msstate.edu :: Task gdas_atmos_prod_f000, jobid=5952320, in state QUEUED (PENDING)
2025-07-29 00:10:33 -0500 :: hercules-login-1.hpc.msstate.edu :: Task gdas_atmos_prod_f003, jobid=5952321, in state QUEUED (PENDING)
2025-07-29 00:10:33 -0500 :: hercules-login-1.hpc.msstate.edu :: Task gdas_atmos_prod_f006, jobid=5952322, in state QUEUED (PENDING)
2025-07-29 00:10:33 -0500 :: hercules-login-1.hpc.msstate.edu :: Task gdas_atmos_prod_f009, jobid=5952323, in state QUEUED (PENDING)
2025-07-29 00:10:33 -0500 :: hercules-login-1.hpc.msstate.edu :: Submitting gdas_atmanlprod
2025-07-29 00:10:33 -0500 :: hercules-login-1.hpc.msstate.edu :: Submission status of gdas_atmanlprod is pending at druby://130.18.14.151:45731
2025-07-29 00:16:35 -0500 :: hercules-login-1.hpc.msstate.edu :: Submission status of previously pending gdas_atmanlprod is success, jobid=5952377
2025-07-29 00:16:35 -0500 :: hercules-login-1.hpc.msstate.edu :: Task gfs_atmanlprod, jobid=5952169, in state QUEUED (PENDING)
2025-07-29 00:16:35 -0500 :: hercules-login-1.hpc.msstate.edu :: Task gfs_atmos_prod_f066-f072, jobid=5952113, in state RUNNING (RUNNING)
2025-07-29 00:16:35 -0500 :: hercules-login-1.hpc.msstate.edu :: Task gfs_atmos_prod_f075-f081, jobid=5952114, in state RUNNING (RUNNING)
2025-07-29 00:16:35 -0500 :: hercules-login-1.hpc.msstate.edu :: Task gfs_atmos_prod_f084-f090, jobid=5952134, in state QUEUED (PENDING)
2025-07-29 00:16:35 -0500 :: hercules-login-1.hpc.msstate.edu :: Task gfs_atmos_prod_f093-f099, jobid=5952145, in state QUEUED (PENDING)
2025-07-29 00:16:35 -0500 :: hercules-login-1.hpc.msstate.edu :: Task gfs_atmos_prod_f102-f108, jobid=5952157, in state QUEUED (PENDING)
2025-07-29 00:16:35 -0500 :: hercules-login-1.hpc.msstate.edu :: Task gfs_atmos_prod_f111-f114, jobid=5952318, in state QUEUED (PENDING)
2025-07-29 00:16:35 -0500 :: hercules-login-1.hpc.msstate.edu :: Task gfs_atmos_prod_f117-f120, jobid=5952319, in state QUEUED (PENDING)
2025-07-29 00:16:35 -0500 :: hercules-login-1.hpc.msstate.edu :: Task gdas_atmanlprod, jobid=5952377, in state QUEUED (PENDING)
2025-07-29 00:16:35 -0500 :: hercules-login-1.hpc.msstate.edu :: Task gdas_atmos_prod_f000, jobid=5952320, in state QUEUED (PENDING)
2025-07-29 00:16:35 -0500 :: hercules-login-1.hpc.msstate.edu :: Task gdas_atmos_prod_f003, jobid=5952321, in state QUEUED (PENDING)
2025-07-29 00:16:35 -0500 :: hercules-login-1.hpc.msstate.edu :: Task gdas_atmos_prod_f006, jobid=5952322, in state QUEUED (PENDING)
2025-07-29 00:16:35 -0500 :: hercules-login-1.hpc.msstate.edu :: Task gdas_atmos_prod_f009, jobid=5952323, in state QUEUED (PENDING)
2025-07-29 00:22:38 -0500 :: hercules-login-1.hpc.msstate.edu :: Task gfs_atmanlprod, jobid=5952169, in state SUCCEEDED (COMPLETED), ran for 107.0 seconds, exit status=0, try=1 (of 2)
2025-07-29 00:22:38 -0500 :: hercules-login-1.hpc.msstate.edu :: Task gfs_atmos_prod_f066-f072, jobid=5952113, in state SUCCEEDED (COMPLETED), ran for 316.0 seconds, exit status=0, try=1 (of 2)
2025-07-29 00:22:38 -0500 :: hercules-login-1.hpc.msstate.edu :: Task gfs_atmos_prod_f075-f081, jobid=5952114, in state SUCCEEDED (COMPLETED), ran for 317.0 seconds, exit status=0, try=1 (of 2)
2025-07-29 00:22:38 -0500 :: hercules-login-1.hpc.msstate.edu :: Task gfs_atmos_prod_f084-f090, jobid=5952134, in state RUNNING (RUNNING)
2025-07-29 00:22:38 -0500 :: hercules-login-1.hpc.msstate.edu :: Task gfs_atmos_prod_f093-f099, jobid=5952145, in state RUNNING (RUNNING)
2025-07-29 00:22:38 -0500 :: hercules-login-1.hpc.msstate.edu :: Task gfs_atmos_prod_f102-f108, jobid=5952157, in state RUNNING (RUNNING)
2025-07-29 00:22:38 -0500 :: hercules-login-1.hpc.msstate.edu :: Task gfs_atmos_prod_f111-f114, jobid=5952318, in state QUEUED (PENDING)
2025-07-29 00:22:38 -0500 :: hercules-login-1.hpc.msstate.edu :: Task gfs_atmos_prod_f117-f120, jobid=5952319, in state QUEUED (PENDING)
2025-07-29 00:22:38 -0500 :: hercules-login-1.hpc.msstate.edu :: Task gdas_atmanlprod, jobid=5952377, in state QUEUED (PENDING)
2025-07-29 00:22:38 -0500 :: hercules-login-1.hpc.msstate.edu :: Task gdas_atmos_prod_f000, jobid=5952320, in state QUEUED (PENDING)
2025-07-29 00:22:38 -0500 :: hercules-login-1.hpc.msstate.edu :: Task gdas_atmos_prod_f003, jobid=5952321, in state QUEUED (PENDING)
2025-07-29 00:22:38 -0500 :: hercules-login-1.hpc.msstate.edu :: Task gdas_atmos_prod_f006, jobid=5952322, in state QUEUED (PENDING)
2025-07-29 00:22:38 -0500 :: hercules-login-1.hpc.msstate.edu :: Task gdas_atmos_prod_f009, jobid=5952323, in state QUEUED (PENDING)
2025-07-29 00:28:40 -0500 :: hercules-login-1.hpc.msstate.edu :: Task gfs_atmos_prod_f084-f090, jobid=5952134, in state SUCCEEDED (COMPLETED), ran for 326.0 seconds, exit status=0, try=1 (of 2)
2025-07-29 00:28:40 -0500 :: hercules-login-1.hpc.msstate.edu :: Task gfs_atmos_prod_f093-f099, jobid=5952145, in state SUCCEEDED (COMPLETED), ran for 324.0 seconds, exit status=0, try=1 (of 2)
2025-07-29 00:28:40 -0500 :: hercules-login-1.hpc.msstate.edu :: Task gfs_atmos_prod_f102-f108, jobid=5952157, in state SUCCEEDED (COMPLETED), ran for 331.0 seconds, exit status=0, try=1 (of 2)
2025-07-29 00:28:40 -0500 :: hercules-login-1.hpc.msstate.edu :: Task gfs_atmos_prod_f111-f114, jobid=5952318, in state QUEUED (PENDING)
2025-07-29 00:28:40 -0500 :: hercules-login-1.hpc.msstate.edu :: Task gfs_atmos_prod_f117-f120, jobid=5952319, in state QUEUED (PENDING)
2025-07-29 00:28:40 -0500 :: hercules-login-1.hpc.msstate.edu :: Task gdas_atmanlprod, jobid=5952377, in state QUEUED (PENDING)
2025-07-29 00:28:40 -0500 :: hercules-login-1.hpc.msstate.edu :: Task gdas_atmos_prod_f000, jobid=5952320, in state QUEUED (PENDING)
2025-07-29 00:28:40 -0500 :: hercules-login-1.hpc.msstate.edu :: Task gdas_atmos_prod_f003, jobid=5952321, in state QUEUED (PENDING)
2025-07-29 00:28:40 -0500 :: hercules-login-1.hpc.msstate.edu :: Task gdas_atmos_prod_f006, jobid=5952322, in state QUEUED (PENDING)
2025-07-29 00:28:40 -0500 :: hercules-login-1.hpc.msstate.edu :: Task gdas_atmos_prod_f009, jobid=5952323, in state QUEUED (PENDING)
2025-07-29 00:34:43 -0500 :: hercules-login-1.hpc.msstate.edu :: Task gfs_atmos_prod_f111-f114, jobid=5952318, in state SUCCEEDED (COMPLETED), ran for 218.0 seconds, exit status=0, try=1 (of 2)
2025-07-29 00:34:43 -0500 :: hercules-login-1.hpc.msstate.edu :: Task gfs_atmos_prod_f117-f120, jobid=5952319, in state SUCCEEDED (COMPLETED), ran for 216.0 seconds, exit status=0, try=1 (of 2)
2025-07-29 00:34:43 -0500 :: hercules-login-1.hpc.msstate.edu :: Task gdas_atmanlprod, jobid=5952377, in state QUEUED (PENDING)
2025-07-29 00:34:43 -0500 :: hercules-login-1.hpc.msstate.edu :: Task gdas_atmos_prod_f000, jobid=5952320, in state SUCCEEDED (COMPLETED), ran for 65.0 seconds, exit status=0, try=1 (of 2)
2025-07-29 00:34:43 -0500 :: hercules-login-1.hpc.msstate.edu :: Task gdas_atmos_prod_f003, jobid=5952321, in state SUCCEEDED (COMPLETED), ran for 67.0 seconds, exit status=0, try=1 (of 2)
2025-07-29 00:34:43 -0500 :: hercules-login-1.hpc.msstate.edu :: Task gdas_atmos_prod_f006, jobid=5952322, in state SUCCEEDED (COMPLETED), ran for 67.0 seconds, exit status=0, try=1 (of 2)
2025-07-29 00:34:43 -0500 :: hercules-login-1.hpc.msstate.edu :: Task gdas_atmos_prod_f009, jobid=5952323, in state SUCCEEDED (COMPLETED), ran for 68.0 seconds, exit status=0, try=1 (of 2)
2025-07-29 00:34:43 -0500 :: hercules-login-1.hpc.msstate.edu :: Submitting gfs_tracker
2025-07-29 00:34:43 -0500 :: hercules-login-1.hpc.msstate.edu :: Submitting gfs_genesis
2025-07-29 00:34:43 -0500 :: hercules-login-1.hpc.msstate.edu :: Submitting gdas_fit2obs
2025-07-29 00:34:43 -0500 :: hercules-login-1.hpc.msstate.edu :: Submission of gfs_tracker succeeded, jobid=5952534
2025-07-29 00:34:43 -0500 :: hercules-login-1.hpc.msstate.edu :: Submission of gfs_genesis succeeded, jobid=5952535
2025-07-29 00:34:43 -0500 :: hercules-login-1.hpc.msstate.edu :: Submission of gdas_fit2obs succeeded, jobid=5952536
2025-07-29 00:40:46 -0500 :: hercules-login-1.hpc.msstate.edu :: Task gfs_tracker, jobid=5952534, in state SUCCEEDED (COMPLETED), ran for 65.0 seconds, exit status=0, try=1 (of 2)
2025-07-29 00:40:46 -0500 :: hercules-login-1.hpc.msstate.edu :: Task gfs_genesis, jobid=5952535, in state RUNNING (RUNNING)
2025-07-29 00:40:46 -0500 :: hercules-login-1.hpc.msstate.edu :: Task gdas_atmanlprod, jobid=5952377, in state SUCCEEDED (COMPLETED), ran for 64.0 seconds, exit status=0, try=1 (of 2)
2025-07-29 00:40:46 -0500 :: hercules-login-1.hpc.msstate.edu :: Task gdas_fit2obs, jobid=5952536, in state SUCCEEDED (COMPLETED), ran for 22.0 seconds, exit status=0, try=1 (of 2)
2025-07-29 00:40:46 -0500 :: hercules-login-1.hpc.msstate.edu :: Submitting gdas_arch_vrfy
2025-07-29 00:40:46 -0500 :: hercules-login-1.hpc.msstate.edu :: Submission status of gdas_arch_vrfy is pending at druby://130.18.14.151:45597
2025-07-29 00:46:48 -0500 :: hercules-login-1.hpc.msstate.edu :: Submission status of previously pending gdas_arch_vrfy is success, jobid=5952569
2025-07-29 00:46:48 -0500 :: hercules-login-1.hpc.msstate.edu :: Task gfs_genesis, jobid=5952535, in state SUCCEEDED (COMPLETED), ran for 504.0 seconds, exit status=0, try=1 (of 2)
2025-07-29 00:46:48 -0500 :: hercules-login-1.hpc.msstate.edu :: Task gdas_arch_vrfy, jobid=5952569, in state SUCCEEDED (COMPLETED), ran for 40.0 seconds, exit status=0, try=1 (of 2)
2025-07-29 00:46:48 -0500 :: hercules-login-1.hpc.msstate.edu :: Submitting gfs_arch_vrfy
2025-07-29 00:46:48 -0500 :: hercules-login-1.hpc.msstate.edu :: Submitting gdas_cleanup
2025-07-29 00:46:48 -0500 :: hercules-login-1.hpc.msstate.edu :: Submission of gfs_arch_vrfy succeeded, jobid=5952625
2025-07-29 00:46:48 -0500 :: hercules-login-1.hpc.msstate.edu :: Submission of gdas_cleanup succeeded, jobid=5952626
2025-07-29 00:52:51 -0500 :: hercules-login-1.hpc.msstate.edu :: Task gfs_arch_vrfy, jobid=5952625, in state SUCCEEDED (COMPLETED), ran for 75.0 seconds, exit status=0, try=1 (of 2)
2025-07-29 00:52:51 -0500 :: hercules-login-1.hpc.msstate.edu :: Task gdas_cleanup, jobid=5952626, in state SUCCEEDED (COMPLETED), ran for 24.0 seconds, exit status=0, try=1 (of 2)
2025-07-29 00:52:51 -0500 :: hercules-login-1.hpc.msstate.edu :: Submitting gfs_metpg2g1
2025-07-29 00:52:51 -0500 :: hercules-login-1.hpc.msstate.edu :: Submission status of gfs_metpg2g1 is pending at druby://130.18.14.151:46259
2025-07-29 00:58:54 -0500 :: hercules-login-1.hpc.msstate.edu :: Submission status of previously pending gfs_metpg2g1 is success, jobid=5952653
2025-07-29 00:58:54 -0500 :: hercules-login-1.hpc.msstate.edu :: Task gfs_metpg2g1, jobid=5952653, in state SUCCEEDED (COMPLETED), ran for 115.0 seconds, exit status=0, try=1 (of 2)
2025-07-29 00:58:54 -0500 :: hercules-login-1.hpc.msstate.edu :: Submitting gfs_metpg2o1
2025-07-29 00:58:54 -0500 :: hercules-login-1.hpc.msstate.edu :: Submission status of gfs_metpg2o1 is pending at druby://130.18.14.151:38815
2025-07-29 01:04:56 -0500 :: hercules-login-1.hpc.msstate.edu :: Submission status of previously pending gfs_metpg2o1 is success, jobid=5952677
2025-07-29 01:04:56 -0500 :: hercules-login-1.hpc.msstate.edu :: Task gfs_metpg2o1, jobid=5952677, in state RUNNING (RUNNING)
2025-07-29 01:10:59 -0500 :: hercules-login-1.hpc.msstate.edu :: Task gfs_metpg2o1, jobid=5952677, in state SUCCEEDED (COMPLETED), ran for 404.0 seconds, exit status=0, try=1 (of 2)
2025-07-29 01:10:59 -0500 :: hercules-login-1.hpc.msstate.edu :: Submitting gfs_metppcp1
2025-07-29 01:10:59 -0500 :: hercules-login-1.hpc.msstate.edu :: Submission status of gfs_metppcp1 is pending at druby://130.18.14.151:42859
2025-07-29 01:17:01 -0500 :: hercules-login-1.hpc.msstate.edu :: Submission status of previously pending gfs_metppcp1 is success, jobid=5952716
2025-07-29 01:17:01 -0500 :: hercules-login-1.hpc.msstate.edu :: Task gfs_metppcp1, jobid=5952716, in state SUCCEEDED (COMPLETED), ran for 28.0 seconds, exit status=0, try=1 (of 2)
2025-07-29 01:17:01 -0500 :: hercules-login-1.hpc.msstate.edu :: Submitting gfs_cleanup
2025-07-29 01:17:01 -0500 :: hercules-login-1.hpc.msstate.edu :: Submission status of gfs_cleanup is pending at druby://130.18.14.151:44137
2025-07-29 01:23:04 -0500 :: hercules-login-1.hpc.msstate.edu :: Submission status of previously pending gfs_cleanup is success, jobid=5952724
2025-07-29 01:23:04 -0500 :: hercules-login-1.hpc.msstate.edu :: Task gfs_cleanup, jobid=5952724, in state SUCCEEDED (COMPLETED), ran for 20.0 seconds, exit status=0, try=1 (of 2)
2025-07-29 01:23:04 -0500 :: hercules-login-1.hpc.msstate.edu :: This cycle is complete: Success
