      *** WAVEWATCH III Program shell ***      
===============================================


 Wave wav_coupling_to_cice setting is  F
 WW3 runtype is continue
  Time interval : 
--------------------------------------------------
 Starting time : 2021/03/25 12:00:00 UTC
 start_ymd, stop_ymd = 20210325  20210328
(wav_comp_nuopc):(InitializeAdvertise): Wave use_restartnc setting is    T
(wav_comp_nuopc):(InitializeAdvertise): Custom restart prefix is ufs.cpld.ww3.r.
(wav_comp_nuopc):(InitializeAdvertise): Wave use_historync setting is    F
(wav_comp_nuopc):(InitializeAdvertise): Wave restart_from_binary setting is    F
 wav_pio_init : pio_netcdf_format = 64BIT_OFFSET         512
 wav_pio_init : pio_typename = PNETCDF           1
 wav_pio_init : pio_root =            1
 wav_pio_init : pio_stride =            4
 wav_pio_init : pio_numiotasks =          -99
 wav_pio_init : update pio_numiotasks =            3
 wav_pio_init : pio_rearranger = BOX           1
 wav_pio_init calling pio init
 wav_pio_init : pio_root =            1
 wav_pio_init : pio_stride =            4
 wav_pio_init : pio_numiotasks =            3
 wav_pio_init : pio_debug_level =            0
(wav_comp_nuopc:wavinit_ufs) call read_shel_config
  Hybrid MPI/OMP thread support level:
     Requested:  1
      Provided:  1


  Input fields : 
 --------------------------------------------------
       water levels   ---/NO                      
       currents       YES/--  (coupling field)    
       winds          YES/--  (coupling field)    
       ice fields     YES/--  (coupling field)    
       momentum       ---/NO                      
       air density    ---/NO                      
       mean param.    ---/NO                      
       1D spectra     ---/NO                      
       2D spectra     ---/NO                      
 
            Fields   : Current vel.        
                       Wind speed          
                       Ice concentration   
                       Wave height         
                       Mean wave period(+2)
                       Mean wave period(+1)
                       Peak frequency      
                       Mean wave dir. a1b1 
                       Peak direction      
                       Part. wave height   
                       Part. peak period   
                       Part. mean direction
                       Charnock parameter  
            Point  1 :   -85.08  -19.42  32012                                   
                   2 :   -90.00  -55.00  34002                                   
                   3 :   -72.52   34.50  41001                                   
                   4 :   -74.93   31.89  41002                                   
                   5 :   -79.10   32.50  41004                                   
                   6 :   -80.87   31.40  41008                                   
                   7 :   -80.18   28.51  41009                                   
                   8 :   -78.49   28.88  41010                                   
                   9 :   -77.74   33.44  41013                                   
                  10 :   -78.48   33.84  41024                                   
                  11 :   -75.36   35.03  41025                                   
                  12 :   -79.62   32.80  41029                                   
                  13 :   -80.41   32.28  41033                                   
                  14 :   -77.36   33.99  41037                                   
                  15 :   -77.71   34.14  41038                                   
                  16 :   -53.04   14.55  41040                                   
                  17 :   -46.09   14.31  41041                                   
                  18 :   -64.83   21.12  41043                                   
                  19 :   -58.63   21.58  41044                                   
                  20 :   -68.38   23.82  41046                                   
                  21 :   -71.49   27.51  41047                                   
                  22 :   -69.58   31.84  41048                                   
                  23 :   -62.94   27.49  41049                                   
                  24 :   -65.00   18.26  41051                                   
                  25 :   -64.76   18.25  41052                                   
                  26 :   -65.46   18.26  41056                                   
                  27 :   -65.16   18.48  41058                                   
                  28 :   -51.02   14.82  41060                                   
                  29 :   -75.10   35.78  41062                                   
                  30 :   -75.94   34.78  41063                                   
                  31 :   -76.95   34.21  41064                                   
                  32 :   -78.01   33.72  41108                                   
                  33 :   -77.72   34.14  41110                                   
                  34 :   -81.29   30.71  41112                                   
                  35 :   -80.53   28.40  41113                                   
                  36 :   -80.19   28.52  41116                                   
                  37 :   -81.08   30.00  41117                                   
                  38 :   -80.59   28.61  41118                                   
                  39 :   -78.48   33.84  41119                                   
                  40 :   -76.95   34.21  41159                                   
                  41 :   -89.65   25.96  42001                                   
                  42 :   -93.76   26.09  42002                                   
                  43 :   -85.61   25.92  42003                                   
                  44 :   -87.55   30.06  42012                                   
                  45 :   -95.35   27.91  42019                                   
                  46 :   -96.69   26.97  42020                                   
                  47 :   -83.74   27.50  42022                                   
                  48 :   -83.09   26.01  42023                                   
                  49 :   -83.47   25.17  42026                                   
                  50 :   -94.41   29.23  42035                                   
                  51 :   -84.52   28.50  42036                                   
                  52 :   -86.01   28.79  42039                                   
                  53 :   -88.23   29.21  42040                                   
                  54 :   -94.90   28.98  42043                                   
                  55 :   -96.50   26.22  42045                                   
                  56 :   -94.04   27.89  42046                                   
                  57 :   -93.60   27.90  42047                                   
                  58 :   -93.94   22.12  42055                                   
                  59 :   -84.95   19.81  42056                                   
                  60 :   -81.42   16.91  42057                                   
                  61 :   -74.56   14.77  42058                                   
                  62 :   -67.48   15.25  42059                                   
                  63 :   -63.35   16.41  42060                                   
                  64 :   -81.25   24.50  42078                                   
                  65 :   -81.24   24.53  42079                                   
                  66 :   -66.53   17.87  42085                                   
                  67 :   -60.85   11.19  42087                                   
                  68 :   -60.52   11.30  42088                                   
                  69 :   -80.06   19.70  42089                                   
                  70 :   -69.58   18.43  42090                                   
                  71 :   -81.97   24.41  42095                                   
                  72 :   -83.65   25.70  42097                                   
                  73 :   -84.28   27.34  42099                                   
                  74 :   -90.46   26.69  42360                                   
                  75 :   -92.49   27.55  42361                                   
                  76 :   -90.65   27.80  42362                                   
                  77 :   -89.22   28.16  42363                                   
                  78 :   -88.09   29.06  42364                                   
                  79 :   -90.28   27.21  42369                                   
                  80 :   -88.29   28.52  42375                                   
                  81 :   -94.90   26.13  42390                                   
                  82 :   -90.03   27.20  42392                                   
                  83 :   -89.24   28.16  42394                                   
                  84 :   -90.79   26.40  42395                                   
                  85 :  -125.03   10.05  43010                                   
                  86 :   -69.13   43.20  44005                                   
                  87 :   -70.14   43.53  44007                                   
                  88 :   -69.25   40.50  44008                                   
                  89 :   -74.70   38.46  44009                                   
                  90 :   -66.59   41.07  44011                                   
                  91 :   -70.65   42.35  44013                                   
                  92 :   -74.84   36.61  44014                                   
                  93 :   -72.05   40.69  44017                                   
                  94 :   -70.14   42.21  44018                                   
                  95 :   -70.28   41.49  44020                                   
                  96 :   -73.73   40.88  44022                                   
                  97 :   -65.91   42.33  44024                                   
                  98 :   -73.16   40.25  44025                                   
                  99 :   -67.30   44.28  44027                                   
                 100 :   -70.57   42.52  44029                                   
                 101 :   -70.43   43.18  44030                                   
                 102 :   -69.36   43.72  44032                                   
                 103 :   -69.00   44.06  44033                                   
                 104 :   -68.11   44.10  44034                                   
                 105 :   -67.88   43.50  44037                                   
                 106 :   -73.58   40.96  44040                                   
                 107 :   -75.71   36.20  44056                                   
                 108 :   -73.70   40.37  44065                                   
                 109 :   -72.64   39.62  44066                                   
                 110 :   -73.09   40.70  44069                                   
                 111 :   -70.54   43.02  44073                                   
                 112 :   -75.42   36.00  44086                                   
                 113 :   -74.84   36.61  44088                                   
                 114 :   -75.33   37.76  44089                                   
                 115 :   -70.33   41.84  44090                                   
                 116 :   -73.77   39.78  44091                                   
                 117 :   -75.49   36.87  44093                                   
                 118 :   -75.33   35.75  44095                                   
                 119 :   -75.81   37.02  44096                                   
                 120 :   -71.13   40.97  44097                                   
                 121 :   -70.17   42.80  44098                                   
                 122 :   -75.72   36.91  44099                                   
                 123 :   -75.59   36.26  44100                                   
                 124 :   -62.00   42.26  44137                                   
                 125 :   -57.10   44.24  44139                                   
                 126 :   -64.02   42.50  44150                                   
                 127 :   -63.40   44.50  44258                                   
                 128 :  -147.95   56.23  46001                                   
                 129 :  -130.54   42.61  46002                                   
                 130 :  -136.10   50.93  46004                                   
                 131 :  -131.08   46.13  46005                                   
                 132 :  -137.40   40.78  46006                                   
                 133 :  -121.02   34.96  46011                                   
                 134 :  -160.00   57.70  46021                                   
                 135 :  -120.97   34.71  46023                                   
                 136 :  -119.20   33.00  46024                                   
                 137 :  -119.05   33.76  46025                                   
                 138 :  -121.86   35.70  46028                                   
                 139 :  -177.71   57.02  46035                                   
                 140 :  -122.40   36.78  46042                                   
                 141 :  -119.51   32.40  46047                                   
                 142 :  -120.48   34.26  46054                                   
                 143 :  -129.95   38.09  46059                                   
                 144 :  -146.80   60.58  46060                                   
                 145 :  -154.99   52.76  46066                                   
                 146 :  -120.21   33.68  46069                                   
                 147 :   175.15   55.08  46070                                   
                 148 :   179.01   51.12  46071                                   
                 149 :  -172.09   51.67  46072                                   
                 150 :  -172.00   55.03  46073                                   
                 151 :  -160.82   53.98  46075                                   
                 152 :  -147.99   59.50  46076                                   
                 153 :  -152.58   55.56  46078                                   
                 154 :  -150.04   57.95  46080                                   
                 155 :  -143.37   59.68  46082                                   
                 156 :  -138.00   58.30  46083                                   
                 157 :  -136.10   56.62  46084                                   
                 158 :  -142.88   55.88  46085                                   
                 159 :  -118.05   32.50  46086                                   
                 160 :  -125.77   45.92  46089                                   
                 161 :  -122.03   36.75  46092                                   
                 162 :  -122.35   36.72  46114                                   
                 163 :  -131.22   51.83  46147                                   
                 164 :  -131.10   53.62  46183                                   
                 165 :  -138.85   53.91  46184                                   
                 166 :  -129.79   52.42  46185                                   
                 167 :  -128.77   51.38  46204                                   
                 168 :  -134.32   54.19  46205                                   
                 169 :  -126.00   48.84  46206                                   
                 170 :  -129.92   50.87  46207                                   
                 171 :  -132.69   52.52  46208                                   
                 172 :  -123.47   37.95  46214                                   
                 173 :  -120.78   34.45  46218                                   
                 174 :  -119.88   33.22  46219                                   
                 175 :  -118.63   33.85  46221                                   
                 176 :  -118.32   33.62  46222                                   
                 177 :  -117.39   32.93  46225                                   
                 178 :  -117.37   32.75  46231                                   
                 179 :  -117.42   32.53  46232                                   
                 180 :  -117.17   32.57  46235                                   
                 181 :  -122.10   36.34  46239                                   
                 182 :  -145.20   50.03  46246                                   
                 183 :  -119.56   33.76  46251                                   
                 184 :  -118.18   33.58  46253                                   
                 185 :  -117.27   32.87  46254                                   
                 186 :  -119.65   33.40  46255                                   
                 187 :  -118.20   33.70  46256                                   
                 188 :  -120.77   34.44  46257                                   
                 189 :  -117.50   32.75  46258                                   
                 190 :  -121.50   34.77  46259                                   
                 191 :  -119.00   33.70  46262                                   
                 192 :  -151.70   57.48  46264                                   
                 193 :  -165.48   64.47  46265                                   
                 194 :  -153.78   23.53  51000                                   
                 195 :  -162.00   24.45  51001                                   
                 196 :  -157.74   17.04  51002                                   
                 197 :  -160.66   19.17  51003                                   
                 198 :  -152.36   17.60  51004                                   
                 199 :  -162.07   24.36  51101                                   
                 200 :  -158.12   21.67  51201                                   
                 201 :  -157.68   21.42  51202                                   
                 202 :  -157.01   20.79  51203                                   
                 203 :  -158.12   21.28  51204                                   
                 204 :  -156.43   21.02  51205                                   
                 205 :  -154.97   19.78  51206                                   
                 206 :  -157.75   21.48  51207                                   
                 207 :  -159.57   22.28  51208                                   
                 208 :  -170.49  -14.26  51209                                   
                 209 :  -157.76   21.48  51210                                   
                 210 :  -157.96   21.30  51211                                   
                 211 :  -158.15   21.32  51212                                   
                 212 :  -157.00   20.75  51213                                   
                 213 :   144.79   13.35  52200                                   
                 214 :   171.39    7.08  52201                                   
                 215 :   144.81   13.68  52202                                   
                 216 :   145.66   15.27  52211                                   
                 217 :   134.67    7.63  52212                                   
                 218 :    -5.00   45.23  62001                                   
                 219 :   -12.43   48.72  62029                                   
                 220 :    -4.40   50.00  62050                                   
                 221 :    -2.90   49.90  62103                                   
                 222 :   -12.57   55.42  62105                                   
                 223 :    -6.10   50.10  62107                                   
                 224 :     0.00   58.30  62114                                   
                 225 :     0.70   54.00  62127                                   
                 226 :     1.70   53.40  62144                                   
                 227 :     2.80   53.10  62145                                   
                 228 :     2.10   57.20  62146                                   
                 229 :     1.50   53.60  62148                                   
                 230 :     1.10   53.70  62149                                   
                 231 :    -8.47   47.55  62163                                   
                 232 :     1.10   54.00  62165                                   
                 233 :     0.00   50.40  62305                                   
                 234 :     1.50   59.50  63110                                   
                 235 :     1.00   61.10  63112                                   
                 236 :     1.71   61.00  63113                                   
                 237 :     1.30   61.60  63115                                   
                 238 :     1.10   61.40  63117                                   
                 239 :   -11.42   59.07  64045                                   
                 240 :    -4.17   60.48  64046                                   
                 241 :     0.00    0.00  STOPSTRING                              
            Fields   : Ice concentration   

  Time interval : 
 --------------------------------------------------
       Starting time : 2021/03/25 12:00:00 UTC
       Ending time   : 2021/03/28 12:00:00 UTC


  Output requests : 
 --------------------------------------------------
       No dedicated output process, any file system.

       Type 1 : Fields of mean wave parameters
      -----------------------------------------
            From     : 2021/03/25 12:00:00 UTC
            To       : 2021/03/28 12:00:00 UTC
            Interval :            01:00:00


       Type 2 : Point output                  
      -----------------------------------------
            From     : 2021/03/25 12:00:00 UTC
            To       : 2021/03/28 12:00:00 UTC
            Interval :            01:00:00

            output dates out of run dates : Restart files second request deactivated
       Wave model ...
(wav_comp_nuopc:wavinit_ufs) call w3init

 WAVEWATCH III log file                                 version 7.14      
 =====================================================================
                                                  date : 2025/07/28
                                                  time :  21:26:44

 Model definition file read.
 Reading restart file ufs.cpld.ww3.r.2021-03-25-43200.nc

 *** WAVEWATCH-III WARNING :
     OUTPUT POINT ON LAND :    -87.551    30.064  42012                                   
     POINT SKIPPPED 


 Grid name : GLOBAL 5 deg grid lat 85      

 No water levels.
 Prescribed curents.
 Prescribed winds.
 Prescribed ice fields.
 No momentum
 No air density
 No mud density.
 No mud thickness.
 No mud viscosity.
 No ice parameter 1
 No ice parameter 2
 No ice parameter 3
 No ice parameter 4
 No ice parameter 5

 Gridded output fields : 
--------------------------------------------------
     Current vel.        
     Wind speed          
     Ice concentration   
     Wave height         
     Mean wave period(+2)
     Mean wave period(+1)
     Peak frequency      
     Mean wave dir. a1b1 
     Peak direction      
     Part. wave height   
     Part. peak period   
     Part. mean direction
     Charnock parameter  

 Point output requested for   240 points : 
------------------------------------------

      point  |  longitude  |   latitude  |  name  
     --------|-------------|-------------|----------------
         1   |    -85.08   |    -19.42   |  32012                                   
         2   |    -90.00   |    -55.00   |  34002                                   
         3   |    -72.52   |     34.50   |  41001                                   
         4   |    -74.93   |     31.89   |  41002                                   
         5   |    -79.10   |     32.50   |  41004                                   
         6   |    -80.87   |     31.40   |  41008                                   
         7   |    -80.18   |     28.51   |  41009                                   
         8   |    -78.49   |     28.88   |  41010                                   
         9   |    -77.74   |     33.44   |  41013                                   
        10   |    -78.48   |     33.84   |  41024                                   
        11   |    -75.36   |     35.03   |  41025                                   
        12   |    -79.62   |     32.80   |  41029                                   
        13   |    -80.41   |     32.28   |  41033                                   
        14   |    -77.36   |     33.99   |  41037                                   
        15   |    -77.71   |     34.14   |  41038                                   
        16   |    -53.04   |     14.55   |  41040                                   
        17   |    -46.09   |     14.31   |  41041                                   
        18   |    -64.83   |     21.12   |  41043                                   
        19   |    -58.63   |     21.58   |  41044                                   
        20   |    -68.38   |     23.82   |  41046                                   
        21   |    -71.49   |     27.51   |  41047                                   
        22   |    -69.58   |     31.84   |  41048                                   
        23   |    -62.94   |     27.49   |  41049                                   
        24   |    -65.00   |     18.26   |  41051                                   
        25   |    -64.76   |     18.25   |  41052                                   
        26   |    -65.46   |     18.26   |  41056                                   
        27   |    -65.16   |     18.48   |  41058                                   
        28   |    -51.02   |     14.82   |  41060                                   
        29   |    -75.10   |     35.78   |  41062                                   
        30   |    -75.94   |     34.78   |  41063                                   
        31   |    -76.95   |     34.21   |  41064                                   
        32   |    -78.01   |     33.72   |  41108                                   
        33   |    -77.72   |     34.14   |  41110                                   
        34   |    -81.29   |     30.71   |  41112                                   
        35   |    -80.53   |     28.40   |  41113                                   
        36   |    -80.19   |     28.52   |  41116                                   
        37   |    -81.08   |     30.00   |  41117                                   
        38   |    -80.59   |     28.61   |  41118                                   
        39   |    -78.48   |     33.84   |  41119                                   
        40   |    -76.95   |     34.21   |  41159                                   
        41   |    -89.65   |     25.96   |  42001                                   
        42   |    -93.76   |     26.09   |  42002                                   
        43   |    -85.61   |     25.92   |  42003                                   
        44   |    -95.35   |     27.91   |  42019                                   
        45   |    -96.69   |     26.97   |  42020                                   
        46   |    -83.74   |     27.50   |  42022                                   
        47   |    -83.09   |     26.01   |  42023                                   
        48   |    -83.47   |     25.17   |  42026                                   
        49   |    -94.41   |     29.23   |  42035                                   
        50   |    -84.52   |     28.50   |  42036                                   
        51   |    -86.01   |     28.79   |  42039                                   
        52   |    -88.23   |     29.21   |  42040                                   
        53   |    -94.90   |     28.98   |  42043                                   
        54   |    -96.50   |     26.22   |  42045                                   
        55   |    -94.04   |     27.89   |  42046                                   
        56   |    -93.60   |     27.90   |  42047                                   
        57   |    -93.94   |     22.12   |  42055                                   
        58   |    -84.95   |     19.81   |  42056                                   
        59   |    -81.42   |     16.91   |  42057                                   
        60   |    -74.56   |     14.77   |  42058                                   
        61   |    -67.48   |     15.25   |  42059                                   
        62   |    -63.35   |     16.41   |  42060                                   
        63   |    -81.25   |     24.50   |  42078                                   
        64   |    -81.24   |     24.53   |  42079                                   
        65   |    -66.53   |     17.87   |  42085                                   
        66   |    -60.85   |     11.19   |  42087                                   
        67   |    -60.52   |     11.30   |  42088                                   
        68   |    -80.06   |     19.70   |  42089                                   
        69   |    -69.58   |     18.43   |  42090                                   
        70   |    -81.97   |     24.41   |  42095                                   
        71   |    -83.65   |     25.70   |  42097                                   
        72   |    -84.28   |     27.34   |  42099                                   
        73   |    -90.46   |     26.69   |  42360                                   
        74   |    -92.49   |     27.55   |  42361                                   
        75   |    -90.65   |     27.80   |  42362                                   
        76   |    -89.22   |     28.16   |  42363                                   
        77   |    -88.09   |     29.06   |  42364                                   
        78   |    -90.28   |     27.21   |  42369                                   
        79   |    -88.29   |     28.52   |  42375                                   
        80   |    -94.90   |     26.13   |  42390                                   
        81   |    -90.03   |     27.20   |  42392                                   
        82   |    -89.24   |     28.16   |  42394                                   
        83   |    -90.79   |     26.40   |  42395                                   
        84   |   -125.03   |     10.05   |  43010                                   
        85   |    -69.13   |     43.20   |  44005                                   
        86   |    -70.14   |     43.53   |  44007                                   
        87   |    -69.25   |     40.50   |  44008                                   
        88   |    -74.70   |     38.46   |  44009                                   
        89   |    -66.59   |     41.07   |  44011                                   
        90   |    -70.65   |     42.35   |  44013                                   
        91   |    -74.84   |     36.61   |  44014                                   
        92   |    -72.05   |     40.69   |  44017                                   
        93   |    -70.14   |     42.21   |  44018                                   
        94   |    -70.28   |     41.49   |  44020                                   
        95   |    -73.73   |     40.88   |  44022                                   
        96   |    -65.91   |     42.33   |  44024                                   
        97   |    -73.16   |     40.25   |  44025                                   
        98   |    -67.30   |     44.28   |  44027                                   
        99   |    -70.57   |     42.52   |  44029                                   
       100   |    -70.43   |     43.18   |  44030                                   
       101   |    -69.36   |     43.72   |  44032                                   
       102   |    -69.00   |     44.06   |  44033                                   
       103   |    -68.11   |     44.10   |  44034                                   
       104   |    -67.88   |     43.50   |  44037                                   
       105   |    -73.58   |     40.96   |  44040                                   
       106   |    -75.71   |     36.20   |  44056                                   
       107   |    -73.70   |     40.37   |  44065                                   
       108   |    -72.64   |     39.62   |  44066                                   
       109   |    -73.09   |     40.70   |  44069                                   
       110   |    -70.54   |     43.02   |  44073                                   
       111   |    -75.42   |     36.00   |  44086                                   
       112   |    -74.84   |     36.61   |  44088                                   
       113   |    -75.33   |     37.76   |  44089                                   
       114   |    -70.33   |     41.84   |  44090                                   
       115   |    -73.77   |     39.78   |  44091                                   
       116   |    -75.49   |     36.87   |  44093                                   
       117   |    -75.33   |     35.75   |  44095                                   
       118   |    -75.81   |     37.02   |  44096                                   
       119   |    -71.13   |     40.97   |  44097                                   
       120   |    -70.17   |     42.80   |  44098                                   
       121   |    -75.72   |     36.91   |  44099                                   
       122   |    -75.59   |     36.26   |  44100                                   
       123   |    -62.00   |     42.26   |  44137                                   
       124   |    -57.10   |     44.24   |  44139                                   
       125   |    -64.02   |     42.50   |  44150                                   
       126   |    -63.40   |     44.50   |  44258                                   
       127   |   -147.95   |     56.23   |  46001                                   
       128   |   -130.54   |     42.61   |  46002                                   
       129   |   -136.10   |     50.93   |  46004                                   
       130   |   -131.08   |     46.13   |  46005                                   
       131   |   -137.40   |     40.78   |  46006                                   
       132   |   -121.02   |     34.96   |  46011                                   
       133   |   -160.00   |     57.70   |  46021                                   
       134   |   -120.97   |     34.71   |  46023                                   
       135   |   -119.20   |     33.00   |  46024                                   
       136   |   -119.05   |     33.76   |  46025                                   
       137   |   -121.86   |     35.70   |  46028                                   
       138   |   -177.71   |     57.02   |  46035                                   
       139   |   -122.40   |     36.78   |  46042                                   
       140   |   -119.51   |     32.40   |  46047                                   
       141   |   -120.48   |     34.26   |  46054                                   
       142   |   -129.95   |     38.09   |  46059                                   
       143   |   -146.80   |     60.58   |  46060                                   
       144   |   -154.99   |     52.76   |  46066                                   
       145   |   -120.21   |     33.68   |  46069                                   
       146   |    175.15   |     55.08   |  46070                                   
       147   |    179.01   |     51.12   |  46071                                   
       148   |   -172.09   |     51.67   |  46072                                   
       149   |   -172.00   |     55.03   |  46073                                   
       150   |   -160.82   |     53.98   |  46075                                   
       151   |   -147.99   |     59.50   |  46076                                   
       152   |   -152.58   |     55.56   |  46078                                   
       153   |   -150.04   |     57.95   |  46080                                   
       154   |   -143.37   |     59.68   |  46082                                   
       155   |   -138.00   |     58.30   |  46083                                   
       156   |   -136.10   |     56.62   |  46084                                   
       157   |   -142.88   |     55.88   |  46085                                   
       158   |   -118.05   |     32.50   |  46086                                   
       159   |   -125.77   |     45.92   |  46089                                   
       160   |   -122.03   |     36.75   |  46092                                   
       161   |   -122.35   |     36.72   |  46114                                   
       162   |   -131.22   |     51.83   |  46147                                   
       163   |   -131.10   |     53.62   |  46183                                   
       164   |   -138.85   |     53.91   |  46184                                   
       165   |   -129.79   |     52.42   |  46185                                   
       166   |   -128.77   |     51.38   |  46204                                   
       167   |   -134.32   |     54.19   |  46205                                   
       168   |   -126.00   |     48.84   |  46206                                   
       169   |   -129.92   |     50.87   |  46207                                   
       170   |   -132.69   |     52.52   |  46208                                   
       171   |   -123.47   |     37.95   |  46214                                   
       172   |   -120.78   |     34.45   |  46218                                   
       173   |   -119.88   |     33.22   |  46219                                   
       174   |   -118.63   |     33.85   |  46221                                   
       175   |   -118.32   |     33.62   |  46222                                   
       176   |   -117.39   |     32.93   |  46225                                   
       177   |   -117.37   |     32.75   |  46231                                   
       178   |   -117.42   |     32.53   |  46232                                   
       179   |   -117.17   |     32.57   |  46235                                   
       180   |   -122.10   |     36.34   |  46239                                   
       181   |   -145.20   |     50.03   |  46246                                   
       182   |   -119.56   |     33.76   |  46251                                   
       183   |   -118.18   |     33.58   |  46253                                   
       184   |   -117.27   |     32.87   |  46254                                   
       185   |   -119.65   |     33.40   |  46255                                   
       186   |   -118.20   |     33.70   |  46256                                   
       187   |   -120.77   |     34.44   |  46257                                   
       188   |   -117.50   |     32.75   |  46258                                   
       189   |   -121.50   |     34.77   |  46259                                   
       190   |   -119.00   |     33.70   |  46262                                   
       191   |   -151.70   |     57.48   |  46264                                   
       192   |   -165.48   |     64.47   |  46265                                   
       193   |   -153.78   |     23.53   |  51000                                   
       194   |   -162.00   |     24.45   |  51001                                   
       195   |   -157.74   |     17.04   |  51002                                   
       196   |   -160.66   |     19.17   |  51003                                   
       197   |   -152.36   |     17.60   |  51004                                   
       198   |   -162.07   |     24.36   |  51101                                   
       199   |   -158.12   |     21.67   |  51201                                   
       200   |   -157.68   |     21.42   |  51202                                   
       201   |   -157.01   |     20.79   |  51203                                   
       202   |   -158.12   |     21.28   |  51204                                   
       203   |   -156.43   |     21.02   |  51205                                   
       204   |   -154.97   |     19.78   |  51206                                   
       205   |   -157.75   |     21.48   |  51207                                   
       206   |   -159.57   |     22.28   |  51208                                   
       207   |   -170.49   |    -14.26   |  51209                                   
       208   |   -157.76   |     21.48   |  51210                                   
       209   |   -157.96   |     21.30   |  51211                                   
       210   |   -158.15   |     21.32   |  51212                                   
       211   |   -157.00   |     20.75   |  51213                                   
       212   |    144.79   |     13.35   |  52200                                   
       213   |    171.39   |      7.08   |  52201                                   
       214   |    144.81   |     13.68   |  52202                                   
       215   |    145.66   |     15.27   |  52211                                   
       216   |    134.67   |      7.63   |  52212                                   
       217   |     -5.00   |     45.23   |  62001                                   
       218   |    -12.43   |     48.72   |  62029                                   
       219   |     -4.40   |     50.00   |  62050                                   
       220   |     -2.90   |     49.90   |  62103                                   
       221   |    -12.57   |     55.42   |  62105                                   
       222   |     -6.10   |     50.10   |  62107                                   
       223   |      0.00   |     58.30   |  62114                                   
       224   |      0.70   |     54.00   |  62127                                   
       225   |      1.70   |     53.40   |  62144                                   
       226   |      2.80   |     53.10   |  62145                                   
       227   |      2.10   |     57.20   |  62146                                   
       228   |      1.50   |     53.60   |  62148                                   
       229   |      1.10   |     53.70   |  62149                                   
       230   |     -8.47   |     47.55   |  62163                                   
       231   |      1.10   |     54.00   |  62165                                   
       232   |      0.00   |     50.40   |  62305                                   
       233   |      1.50   |     59.50   |  63110                                   
       234   |      1.00   |     61.10   |  63112                                   
       235   |      1.71   |     61.00   |  63113                                   
       236   |      1.30   |     61.60   |  63115                                   
       237   |      1.10   |     61.40   |  63117                                   
       238   |    -11.42   |     59.07   |  64045                                   
       239   |     -4.17   |     60.48   |  64046                                   
       240   |      0.00   |      0.00   |  STOPSTRING                              

 Initial time     : 2021/03/25 12:00:00 UTC
 Ice field time   : 2021/03/25 12:00:00 UTC
(wav_comp_nuopc:wavinit_ufs): WW3 timesteps from mod_def     3600.0    1800.0    1800.0     500.0
(wav_comp_nuopc:wavinit_ufs): WW3 timesteps     3600.0    1800.0    1800.0     500.0
(wav_comp_nuopc:wavinit_ufs): WW3 additional restart field :   1  ice


                                     |         input         |      output      |
                                     |-----------------------|------------------|
     step | pass |    date      time   | b w l c t r i i1 i5 d | g p t r b f c r2 |
  --------|------|---------------------|-----------------------|------------------|
  --------+------+---------------------+---------------------------+--------------+
         0|     1| 2021/03/25 12:00:00 |   F   F               | X X              |
         1|     1|            13:00:00 |   X   X     U         | X X              |
  --------+------+---------------------+-----------------------+------------------+
         2|     2|            14:00:00 |   X   X     U         | X X              |
  --------+------+---------------------+-----------------------+------------------+
         3|     3|            15:00:00 |   X   X     U         | X X              |
  --------+------+---------------------+-----------------------+------------------+
         4|     4|            16:00:00 |   X   X     U         | X X              |
  --------+------+---------------------+-----------------------+------------------+
         5|     5|            17:00:00 |   X   X     U         | X X              |
  --------+------+---------------------+-----------------------+------------------+
         6|     6|            18:00:00 |   X   X     U         | X X              |
  --------+------+---------------------+-----------------------+------------------+
         7|     7|            19:00:00 |   X   X     U         | X X              |
  --------+------+---------------------+-----------------------+------------------+
         8|     8|            20:00:00 |   X   X     U         | X X              |
  --------+------+---------------------+-----------------------+------------------+
         9|     9|            21:00:00 |   X   X     U         | X X              |
  --------+------+---------------------+-----------------------+------------------+
        10|    10|            22:00:00 |   X   X     U         | X X              |
  --------+------+---------------------+-----------------------+------------------+
        11|    11|            23:00:00 |   X   X     U         | X X              |
  --------+------+---------------------+-----------------------+------------------+
 Writing restart file ./WW3_RESTART/ufs.cpld.ww3.r.2021-03-26-00000.nc
        12|    12| 2021/03/26 00:00:00 |   X   X     U         | X X              |
  --------+------+---------------------+-----------------------+------------------+
        13|    13|            01:00:00 |   X   X     U         | X X              |
  --------+------+---------------------+-----------------------+------------------+
        14|    14|            02:00:00 |   X   X     U         | X X              |
  --------+------+---------------------+-----------------------+------------------+
        15|    15|            03:00:00 |   X   X     U         | X X              |
  --------+------+---------------------+-----------------------+------------------+
        16|    16|            04:00:00 |   X   X     U         | X X              |
  --------+------+---------------------+-----------------------+------------------+
        17|    17|            05:00:00 |   X   X     U         | X X              |
  --------+------+---------------------+-----------------------+------------------+
        18|    18|            06:00:00 |   X   X     U         | X X              |
  --------+------+---------------------+-----------------------+------------------+
        19|    19|            07:00:00 |   X   X     U         | X X              |
  --------+------+---------------------+-----------------------+------------------+
        20|    20|            08:00:00 |   X   X     U         | X X              |
  --------+------+---------------------+-----------------------+------------------+
        21|    21|            09:00:00 |   X   X     U         | X X              |
  --------+------+---------------------+-----------------------+------------------+
        22|    22|            10:00:00 |   X   X     U         | X X              |
  --------+------+---------------------+-----------------------+------------------+
        23|    23|            11:00:00 |   X   X     U         | X X              |
  --------+------+---------------------+-----------------------+------------------+
 Writing restart file ./WW3_RESTART/ufs.cpld.ww3.r.2021-03-26-43200.nc
        24|    24|            12:00:00 |   X   X     U         | X X              |
  --------+------+---------------------+-----------------------+------------------+
        25|    25|            13:00:00 |   X   X     U         | X X              |
  --------+------+---------------------+-----------------------+------------------+
        26|    26|            14:00:00 |   X   X     U         | X X              |
  --------+------+---------------------+-----------------------+------------------+
        27|    27|            15:00:00 |   X   X     U         | X X              |
  --------+------+---------------------+-----------------------+------------------+
        28|    28|            16:00:00 |   X   X     U         | X X              |
  --------+------+---------------------+-----------------------+------------------+
        29|    29|            17:00:00 |   X   X     U         | X X              |
  --------+------+---------------------+-----------------------+------------------+
        30|    30|            18:00:00 |   X   X     U         | X X              |
  --------+------+---------------------+-----------------------+------------------+
        31|    31|            19:00:00 |   X   X     U         | X X              |
  --------+------+---------------------+-----------------------+------------------+
        32|    32|            20:00:00 |   X   X     U         | X X              |
  --------+------+---------------------+-----------------------+------------------+
        33|    33|            21:00:00 |   X   X     U         | X X              |
  --------+------+---------------------+-----------------------+------------------+
        34|    34|            22:00:00 |   X   X     U         | X X              |
  --------+------+---------------------+-----------------------+------------------+
        35|    35|            23:00:00 |   X   X     U         | X X              |
  --------+------+---------------------+-----------------------+------------------+
 Writing restart file ./WW3_RESTART/ufs.cpld.ww3.r.2021-03-27-00000.nc
        36|    36| 2021/03/27 00:00:00 |   X   X     U         | X X              |
  --------+------+---------------------+-----------------------+------------------+
        37|    37|            01:00:00 |   X   X     U         | X X              |
  --------+------+---------------------+-----------------------+------------------+
        38|    38|            02:00:00 |   X   X     U         | X X              |
  --------+------+---------------------+-----------------------+------------------+
        39|    39|            03:00:00 |   X   X     U         | X X              |
  --------+------+---------------------+-----------------------+------------------+
        40|    40|            04:00:00 |   X   X     U         | X X              |
  --------+------+---------------------+-----------------------+------------------+
        41|    41|            05:00:00 |   X   X     U         | X X              |
  --------+------+---------------------+-----------------------+------------------+
        42|    42|            06:00:00 |   X   X     U         | X X              |
  --------+------+---------------------+-----------------------+------------------+
        43|    43|            07:00:00 |   X   X     U         | X X              |
  --------+------+---------------------+-----------------------+------------------+
        44|    44|            08:00:00 |   X   X     U         | X X              |
  --------+------+---------------------+-----------------------+------------------+
        45|    45|            09:00:00 |   X   X     U         | X X              |
  --------+------+---------------------+-----------------------+------------------+
        46|    46|            10:00:00 |   X   X     U         | X X              |
  --------+------+---------------------+-----------------------+------------------+
        47|    47|            11:00:00 |   X   X     U         | X X              |
  --------+------+---------------------+-----------------------+------------------+
 Writing restart file ./WW3_RESTART/ufs.cpld.ww3.r.2021-03-27-43200.nc
        48|    48|            12:00:00 |   X   X     U         | X X              |
  --------+------+---------------------+-----------------------+------------------+
        49|    49|            13:00:00 |   X   X     U         | X X              |
  --------+------+---------------------+-----------------------+------------------+
        50|    50|            14:00:00 |   X   X     U         | X X              |
  --------+------+---------------------+-----------------------+------------------+
        51|    51|            15:00:00 |   X   X     U         | X X              |
  --------+------+---------------------+-----------------------+------------------+
        52|    52|            16:00:00 |   X   X     U         | X X              |
  --------+------+---------------------+-----------------------+------------------+
        53|    53|            17:00:00 |   X   X     U         | X X              |
  --------+------+---------------------+-----------------------+------------------+
        54|    54|            18:00:00 |   X   X     U         | X X              |
  --------+------+---------------------+-----------------------+------------------+
        55|    55|            19:00:00 |   X   X     U         | X X              |
  --------+------+---------------------+-----------------------+------------------+
        56|    56|            20:00:00 |   X   X     U         | X X              |
  --------+------+---------------------+-----------------------+------------------+
        57|    57|            21:00:00 |   X   X     U         | X X              |
  --------+------+---------------------+-----------------------+------------------+
        58|    58|            22:00:00 |   X   X     U         | X X              |
  --------+------+---------------------+-----------------------+------------------+
        59|    59|            23:00:00 |   X   X     U         | X X              |
  --------+------+---------------------+-----------------------+------------------+
 Writing restart file ./WW3_RESTART/ufs.cpld.ww3.r.2021-03-28-00000.nc
        60|    60| 2021/03/28 00:00:00 |   X   X     U         | X X              |
  --------+------+---------------------+-----------------------+------------------+
        61|    61|            01:00:00 |   X   X     U         | X X              |
  --------+------+---------------------+-----------------------+------------------+
        62|    62|            02:00:00 |   X   X     U         | X X              |
  --------+------+---------------------+-----------------------+------------------+
        63|    63|            03:00:00 |   X   X     U         | X X              |
  --------+------+---------------------+-----------------------+------------------+
        64|    64|            04:00:00 |   X   X     U         | X X              |
  --------+------+---------------------+-----------------------+------------------+
        65|    65|            05:00:00 |   X   X     U         | X X              |
  --------+------+---------------------+-----------------------+------------------+
        66|    66|            06:00:00 |   X   X     U         | X X              |
  --------+------+---------------------+-----------------------+------------------+
        67|    67|            07:00:00 |   X   X     U         | X X              |
  --------+------+---------------------+-----------------------+------------------+
        68|    68|            08:00:00 |   X   X     U         | X X              |
  --------+------+---------------------+-----------------------+------------------+
        69|    69|            09:00:00 |   X   X     U         | X X              |
  --------+------+---------------------+-----------------------+------------------+
        70|    70|            10:00:00 |   X   X     U         | X X              |
  --------+------+---------------------+-----------------------+------------------+
        71|    71|            11:00:00 |   X   X     U         | X X              |
  --------+------+---------------------+-----------------------+------------------+
 Writing restart file ./WW3_RESTART/ufs.cpld.ww3.r.2021-03-28-43200.nc
        72|    72|            12:00:00 |   X   X     U         | L L              |
  --------+------+---------------------+-----------------------+------------------+
(ww3_comp_nuopc) -------------------------------------------------------------------------
(ww3_comp_nuopc) WW3: end of main integration loop
(ww3_comp_nuopc) -------------------------------------------------------------------------
