2025-07-28 14:49:35,677 - INFO     - root        : [START] USER_THREAD_COUNT: mterry has 64/1028698 threads (0.01% utilization)
2025-07-28 14:49:36,551 - INFO     - root        : [ROCOTO_SUCCESS_ATTEMPT_1] USER_THREAD_COUNT: mterry has 80/1028698 threads (0.01% utilization)
2025-07-28 14:49:36,551 - INFO     - root        : Rocoto call successful on attempt 1: call_time=0.81s, total_time=0.81s
2025-07-28 14:49:37,352 - INFO     - root        : [ROCOTO_SUCCESS_ATTEMPT_1] USER_THREAD_COUNT: mterry has 39/1028698 threads (0.0% utilization)
2025-07-28 14:49:37,353 - INFO     - root        : Rocoto call successful on attempt 1: call_time=0.74s, total_time=0.74s
2025-07-28 14:49:37,407 - INFO     - root        : [END] USER_THREAD_COUNT: mterry has 44/1028698 threads (0.0% utilization)
2025-07-28 14:55:38,753 - INFO     - root        : [START] USER_THREAD_COUNT: mterry has 95/1028698 threads (0.01% utilization)
2025-07-28 14:55:39,609 - INFO     - root        : [ROCOTO_SUCCESS_ATTEMPT_1] USER_THREAD_COUNT: mterry has 100/1028698 threads (0.01% utilization)
2025-07-28 14:55:39,610 - INFO     - root        : Rocoto call successful on attempt 1: call_time=0.79s, total_time=0.79s
2025-07-28 14:55:40,406 - INFO     - root        : [ROCOTO_SUCCESS_ATTEMPT_1] USER_THREAD_COUNT: mterry has 69/1028698 threads (0.01% utilization)
2025-07-28 14:55:40,407 - INFO     - root        : Rocoto call successful on attempt 1: call_time=0.74s, total_time=0.74s
2025-07-28 14:55:40,462 - INFO     - root        : [END] USER_THREAD_COUNT: mterry has 69/1028698 threads (0.01% utilization)
2025-07-28 15:01:41,783 - INFO     - root        : [START] USER_THREAD_COUNT: mterry has 54/1028698 threads (0.01% utilization)
2025-07-28 15:01:42,633 - INFO     - root        : [ROCOTO_SUCCESS_ATTEMPT_1] USER_THREAD_COUNT: mterry has 44/1028698 threads (0.0% utilization)
2025-07-28 15:01:42,633 - INFO     - root        : Rocoto call successful on attempt 1: call_time=0.79s, total_time=0.79s
2025-07-28 15:01:43,428 - INFO     - root        : [ROCOTO_SUCCESS_ATTEMPT_1] USER_THREAD_COUNT: mterry has 44/1028698 threads (0.0% utilization)
2025-07-28 15:01:43,428 - INFO     - root        : Rocoto call successful on attempt 1: call_time=0.74s, total_time=0.74s
2025-07-28 15:01:43,482 - INFO     - root        : [END] USER_THREAD_COUNT: mterry has 44/1028698 threads (0.0% utilization)
2025-07-28 15:07:44,774 - INFO     - root        : [START] USER_THREAD_COUNT: mterry has 33/1028698 threads (0.0% utilization)
2025-07-28 15:07:45,625 - INFO     - root        : [ROCOTO_SUCCESS_ATTEMPT_1] USER_THREAD_COUNT: mterry has 43/1028698 threads (0.0% utilization)
2025-07-28 15:07:45,625 - INFO     - root        : Rocoto call successful on attempt 1: call_time=0.79s, total_time=0.79s
2025-07-28 15:07:46,426 - INFO     - root        : [ROCOTO_SUCCESS_ATTEMPT_1] USER_THREAD_COUNT: mterry has 53/1028698 threads (0.01% utilization)
2025-07-28 15:07:46,426 - INFO     - root        : Rocoto call successful on attempt 1: call_time=0.74s, total_time=0.74s
2025-07-28 15:07:46,483 - INFO     - root        : [END] USER_THREAD_COUNT: mterry has 39/1028698 threads (0.0% utilization)
2025-07-28 15:13:47,765 - INFO     - root        : [START] USER_THREAD_COUNT: mterry has 30/1028698 threads (0.0% utilization)
2025-07-28 15:13:48,608 - INFO     - root        : [ROCOTO_SUCCESS_ATTEMPT_1] USER_THREAD_COUNT: mterry has 43/1028698 threads (0.0% utilization)
2025-07-28 15:13:48,608 - INFO     - root        : Rocoto call successful on attempt 1: call_time=0.78s, total_time=0.78s
2025-07-28 15:13:49,397 - INFO     - root        : [ROCOTO_SUCCESS_ATTEMPT_1] USER_THREAD_COUNT: mterry has 43/1028698 threads (0.0% utilization)
2025-07-28 15:13:49,397 - INFO     - root        : Rocoto call successful on attempt 1: call_time=0.73s, total_time=0.73s
2025-07-28 15:13:49,453 - INFO     - root        : [END] USER_THREAD_COUNT: mterry has 43/1028698 threads (0.0% utilization)
2025-07-28 15:19:50,713 - INFO     - root        : [START] USER_THREAD_COUNT: mterry has 53/1028698 threads (0.01% utilization)
2025-07-28 15:19:51,547 - INFO     - root        : [ROCOTO_SUCCESS_ATTEMPT_1] USER_THREAD_COUNT: mterry has 38/1028698 threads (0.0% utilization)
2025-07-28 15:19:51,547 - INFO     - root        : Rocoto call successful on attempt 1: call_time=0.78s, total_time=0.78s
2025-07-28 15:19:52,337 - INFO     - root        : [ROCOTO_SUCCESS_ATTEMPT_1] USER_THREAD_COUNT: mterry has 38/1028698 threads (0.0% utilization)
2025-07-28 15:19:52,337 - INFO     - root        : Rocoto call successful on attempt 1: call_time=0.73s, total_time=0.73s
2025-07-28 15:19:52,391 - INFO     - root        : [END] USER_THREAD_COUNT: mterry has 38/1028698 threads (0.0% utilization)
2025-07-28 15:25:53,658 - INFO     - root        : [START] USER_THREAD_COUNT: mterry has 56/1028698 threads (0.01% utilization)
2025-07-28 15:25:54,511 - INFO     - root        : [ROCOTO_SUCCESS_ATTEMPT_1] USER_THREAD_COUNT: mterry has 51/1028698 threads (0.0% utilization)
2025-07-28 15:25:54,511 - INFO     - root        : Rocoto call successful on attempt 1: call_time=0.79s, total_time=0.79s
2025-07-28 15:25:55,312 - INFO     - root        : [ROCOTO_SUCCESS_ATTEMPT_1] USER_THREAD_COUNT: mterry has 43/1028698 threads (0.0% utilization)
2025-07-28 15:25:55,312 - INFO     - root        : Rocoto call successful on attempt 1: call_time=0.74s, total_time=0.74s
2025-07-28 15:25:55,370 - INFO     - root        : [END] USER_THREAD_COUNT: mterry has 51/1028698 threads (0.0% utilization)
2025-07-28 15:31:56,624 - INFO     - root        : [START] USER_THREAD_COUNT: mterry has 54/1028698 threads (0.01% utilization)
2025-07-28 15:31:57,460 - INFO     - root        : [ROCOTO_SUCCESS_ATTEMPT_1] USER_THREAD_COUNT: mterry has 56/1028698 threads (0.01% utilization)
2025-07-28 15:31:57,460 - INFO     - root        : Rocoto call successful on attempt 1: call_time=0.78s, total_time=0.78s
2025-07-28 15:31:58,250 - INFO     - root        : [ROCOTO_SUCCESS_ATTEMPT_1] USER_THREAD_COUNT: mterry has 56/1028698 threads (0.01% utilization)
2025-07-28 15:31:58,251 - INFO     - root        : Rocoto call successful on attempt 1: call_time=0.73s, total_time=0.73s
2025-07-28 15:31:58,305 - INFO     - root        : [END] USER_THREAD_COUNT: mterry has 56/1028698 threads (0.01% utilization)
2025-07-28 15:37:59,559 - INFO     - root        : [START] USER_THREAD_COUNT: mterry has 28/1028698 threads (0.0% utilization)
2025-07-28 15:38:00,392 - INFO     - root        : [ROCOTO_SUCCESS_ATTEMPT_1] USER_THREAD_COUNT: mterry has 30/1028698 threads (0.0% utilization)
2025-07-28 15:38:00,392 - INFO     - root        : Rocoto call successful on attempt 1: call_time=0.78s, total_time=0.78s
2025-07-28 15:38:01,184 - INFO     - root        : [ROCOTO_SUCCESS_ATTEMPT_1] USER_THREAD_COUNT: mterry has 30/1028698 threads (0.0% utilization)
2025-07-28 15:38:01,184 - INFO     - root        : Rocoto call successful on attempt 1: call_time=0.73s, total_time=0.73s
2025-07-28 15:38:01,242 - INFO     - root        : [END] USER_THREAD_COUNT: mterry has 30/1028698 threads (0.0% utilization)
2025-07-28 15:44:02,523 - INFO     - root        : [START] USER_THREAD_COUNT: mterry has 28/1028698 threads (0.0% utilization)
2025-07-28 15:44:03,398 - INFO     - root        : [ROCOTO_SUCCESS_ATTEMPT_1] USER_THREAD_COUNT: mterry has 30/1028698 threads (0.0% utilization)
2025-07-28 15:44:03,398 - INFO     - root        : Rocoto call successful on attempt 1: call_time=0.81s, total_time=0.81s
2025-07-28 15:44:04,186 - INFO     - root        : [ROCOTO_SUCCESS_ATTEMPT_1] USER_THREAD_COUNT: mterry has 29/1028698 threads (0.0% utilization)
2025-07-28 15:44:04,186 - INFO     - root        : Rocoto call successful on attempt 1: call_time=0.73s, total_time=0.73s
2025-07-28 15:44:04,241 - INFO     - root        : [END] USER_THREAD_COUNT: mterry has 30/1028698 threads (0.0% utilization)
2025-07-28 15:50:05,510 - INFO     - root        : [START] USER_THREAD_COUNT: mterry has 54/1028698 threads (0.01% utilization)
2025-07-28 15:50:06,348 - INFO     - root        : [ROCOTO_SUCCESS_ATTEMPT_1] USER_THREAD_COUNT: mterry has 55/1028698 threads (0.01% utilization)
2025-07-28 15:50:06,348 - INFO     - root        : Rocoto call successful on attempt 1: call_time=0.78s, total_time=0.78s
2025-07-28 15:50:07,137 - INFO     - root        : [ROCOTO_SUCCESS_ATTEMPT_1] USER_THREAD_COUNT: mterry has 55/1028698 threads (0.01% utilization)
2025-07-28 15:50:07,137 - INFO     - root        : Rocoto call successful on attempt 1: call_time=0.73s, total_time=0.73s
2025-07-28 15:50:07,194 - INFO     - root        : [END] USER_THREAD_COUNT: mterry has 55/1028698 threads (0.01% utilization)
2025-07-28 15:56:08,480 - INFO     - root        : [START] USER_THREAD_COUNT: mterry has 28/1028698 threads (0.0% utilization)
2025-07-28 15:56:09,314 - INFO     - root        : [ROCOTO_SUCCESS_ATTEMPT_1] USER_THREAD_COUNT: mterry has 33/1028698 threads (0.0% utilization)
2025-07-28 15:56:09,314 - INFO     - root        : Rocoto call successful on attempt 1: call_time=0.77s, total_time=0.77s
2025-07-28 15:56:10,098 - INFO     - root        : [ROCOTO_SUCCESS_ATTEMPT_1] USER_THREAD_COUNT: mterry has 29/1028698 threads (0.0% utilization)
2025-07-28 15:56:10,098 - INFO     - root        : Rocoto call successful on attempt 1: call_time=0.73s, total_time=0.73s
2025-07-28 15:56:10,153 - INFO     - root        : [END] USER_THREAD_COUNT: mterry has 29/1028698 threads (0.0% utilization)
2025-07-28 16:02:16,430 - INFO     - root        : [START] USER_THREAD_COUNT: mterry has 41/1028698 threads (0.0% utilization)
2025-07-28 16:02:17,269 - INFO     - root        : [ROCOTO_SUCCESS_ATTEMPT_1] USER_THREAD_COUNT: mterry has 56/1028698 threads (0.01% utilization)
2025-07-28 16:02:17,270 - INFO     - root        : Rocoto call successful on attempt 1: call_time=0.78s, total_time=0.78s
2025-07-28 16:02:18,060 - INFO     - root        : [ROCOTO_SUCCESS_ATTEMPT_1] USER_THREAD_COUNT: mterry has 51/1028698 threads (0.0% utilization)
2025-07-28 16:02:18,060 - INFO     - root        : Rocoto call successful on attempt 1: call_time=0.73s, total_time=0.73s
2025-07-28 16:02:18,116 - INFO     - root        : [END] USER_THREAD_COUNT: mterry has 56/1028698 threads (0.01% utilization)
2025-07-28 16:08:19,446 - INFO     - root        : [START] USER_THREAD_COUNT: mterry has 28/1028698 threads (0.0% utilization)
2025-07-28 16:08:20,288 - INFO     - root        : [ROCOTO_SUCCESS_ATTEMPT_1] USER_THREAD_COUNT: mterry has 30/1028698 threads (0.0% utilization)
2025-07-28 16:08:20,288 - INFO     - root        : Rocoto call successful on attempt 1: call_time=0.78s, total_time=0.78s
2025-07-28 16:08:21,080 - INFO     - root        : [ROCOTO_SUCCESS_ATTEMPT_1] USER_THREAD_COUNT: mterry has 29/1028698 threads (0.0% utilization)
2025-07-28 16:08:21,080 - INFO     - root        : Rocoto call successful on attempt 1: call_time=0.73s, total_time=0.73s
2025-07-28 16:08:21,136 - INFO     - root        : [END] USER_THREAD_COUNT: mterry has 29/1028698 threads (0.0% utilization)
2025-07-28 16:14:22,390 - INFO     - root        : [START] USER_THREAD_COUNT: mterry has 28/1028698 threads (0.0% utilization)
2025-07-28 16:14:23,227 - INFO     - root        : [ROCOTO_SUCCESS_ATTEMPT_1] USER_THREAD_COUNT: mterry has 28/1028698 threads (0.0% utilization)
2025-07-28 16:14:23,227 - INFO     - root        : Rocoto call successful on attempt 1: call_time=0.78s, total_time=0.78s
2025-07-28 16:14:24,020 - INFO     - root        : [ROCOTO_SUCCESS_ATTEMPT_1] USER_THREAD_COUNT: mterry has 43/1028698 threads (0.0% utilization)
2025-07-28 16:14:24,021 - INFO     - root        : Rocoto call successful on attempt 1: call_time=0.73s, total_time=0.73s
2025-07-28 16:14:24,076 - INFO     - root        : [END] USER_THREAD_COUNT: mterry has 43/1028698 threads (0.0% utilization)
2025-07-28 16:20:25,362 - INFO     - root        : [START] USER_THREAD_COUNT: mterry has 28/1028698 threads (0.0% utilization)
2025-07-28 16:20:26,193 - INFO     - root        : [ROCOTO_SUCCESS_ATTEMPT_1] USER_THREAD_COUNT: mterry has 28/1028698 threads (0.0% utilization)
2025-07-28 16:20:26,194 - INFO     - root        : Rocoto call successful on attempt 1: call_time=0.77s, total_time=0.77s
2025-07-28 16:20:26,984 - INFO     - root        : [ROCOTO_SUCCESS_ATTEMPT_1] USER_THREAD_COUNT: mterry has 30/1028698 threads (0.0% utilization)
2025-07-28 16:20:26,984 - INFO     - root        : Rocoto call successful on attempt 1: call_time=0.73s, total_time=0.73s
2025-07-28 16:20:27,039 - INFO     - root        : [END] USER_THREAD_COUNT: mterry has 37/1028698 threads (0.0% utilization)
2025-07-28 16:26:28,309 - INFO     - root        : [START] USER_THREAD_COUNT: mterry has 28/1028698 threads (0.0% utilization)
2025-07-28 16:26:29,138 - INFO     - root        : [ROCOTO_SUCCESS_ATTEMPT_1] USER_THREAD_COUNT: mterry has 28/1028698 threads (0.0% utilization)
2025-07-28 16:26:29,138 - INFO     - root        : Rocoto call successful on attempt 1: call_time=0.77s, total_time=0.77s
2025-07-28 16:26:29,926 - INFO     - root        : [ROCOTO_SUCCESS_ATTEMPT_1] USER_THREAD_COUNT: mterry has 28/1028698 threads (0.0% utilization)
2025-07-28 16:26:29,926 - INFO     - root        : Rocoto call successful on attempt 1: call_time=0.73s, total_time=0.73s
2025-07-28 16:26:29,984 - INFO     - root        : [END] USER_THREAD_COUNT: mterry has 29/1028698 threads (0.0% utilization)
2025-07-28 16:32:31,239 - INFO     - root        : [START] USER_THREAD_COUNT: mterry has 41/1028698 threads (0.0% utilization)
2025-07-28 16:32:32,071 - INFO     - root        : [ROCOTO_SUCCESS_ATTEMPT_1] USER_THREAD_COUNT: mterry has 41/1028698 threads (0.0% utilization)
2025-07-28 16:32:32,071 - INFO     - root        : Rocoto call successful on attempt 1: call_time=0.77s, total_time=0.77s
2025-07-28 16:32:32,858 - INFO     - root        : [ROCOTO_SUCCESS_ATTEMPT_1] USER_THREAD_COUNT: mterry has 41/1028698 threads (0.0% utilization)
2025-07-28 16:32:32,859 - INFO     - root        : Rocoto call successful on attempt 1: call_time=0.73s, total_time=0.73s
2025-07-28 16:32:32,912 - INFO     - root        : [END] USER_THREAD_COUNT: mterry has 41/1028698 threads (0.0% utilization)
2025-07-28 16:38:34,478 - INFO     - root        : [START] USER_THREAD_COUNT: mterry has 28/1028698 threads (0.0% utilization)
2025-07-28 16:38:35,306 - INFO     - root        : [ROCOTO_SUCCESS_ATTEMPT_1] USER_THREAD_COUNT: mterry has 28/1028698 threads (0.0% utilization)
2025-07-28 16:38:35,307 - INFO     - root        : Rocoto call successful on attempt 1: call_time=0.77s, total_time=0.77s
2025-07-28 16:38:36,091 - INFO     - root        : [ROCOTO_SUCCESS_ATTEMPT_1] USER_THREAD_COUNT: mterry has 28/1028698 threads (0.0% utilization)
2025-07-28 16:38:36,091 - INFO     - root        : Rocoto call successful on attempt 1: call_time=0.73s, total_time=0.73s
2025-07-28 16:38:36,143 - INFO     - root        : [END] USER_THREAD_COUNT: mterry has 28/1028698 threads (0.0% utilization)
2025-07-28 16:44:37,410 - INFO     - root        : [START] USER_THREAD_COUNT: mterry has 28/1028698 threads (0.0% utilization)
2025-07-28 16:44:38,252 - INFO     - root        : [ROCOTO_SUCCESS_ATTEMPT_1] USER_THREAD_COUNT: mterry has 28/1028698 threads (0.0% utilization)
2025-07-28 16:44:38,252 - INFO     - root        : Rocoto call successful on attempt 1: call_time=0.78s, total_time=0.78s
2025-07-28 16:44:39,035 - INFO     - root        : [ROCOTO_SUCCESS_ATTEMPT_1] USER_THREAD_COUNT: mterry has 28/1028698 threads (0.0% utilization)
2025-07-28 16:44:39,035 - INFO     - root        : Rocoto call successful on attempt 1: call_time=0.73s, total_time=0.73s
2025-07-28 16:44:39,087 - INFO     - root        : [END] USER_THREAD_COUNT: mterry has 28/1028698 threads (0.0% utilization)
2025-07-28 16:50:40,360 - INFO     - root        : [START] USER_THREAD_COUNT: mterry has 28/1028698 threads (0.0% utilization)
2025-07-28 16:50:41,193 - INFO     - root        : [ROCOTO_SUCCESS_ATTEMPT_1] USER_THREAD_COUNT: mterry has 28/1028698 threads (0.0% utilization)
2025-07-28 16:50:41,193 - INFO     - root        : Rocoto call successful on attempt 1: call_time=0.77s, total_time=0.77s
2025-07-28 16:50:41,977 - INFO     - root        : [ROCOTO_SUCCESS_ATTEMPT_1] USER_THREAD_COUNT: mterry has 28/1028698 threads (0.0% utilization)
2025-07-28 16:50:41,978 - INFO     - root        : Rocoto call successful on attempt 1: call_time=0.73s, total_time=0.73s
2025-07-28 16:50:42,030 - INFO     - root        : [END] USER_THREAD_COUNT: mterry has 28/1028698 threads (0.0% utilization)
2025-07-28 16:56:43,297 - INFO     - root        : [START] USER_THREAD_COUNT: mterry has 28/1028698 threads (0.0% utilization)
2025-07-28 16:56:44,124 - INFO     - root        : [ROCOTO_SUCCESS_ATTEMPT_1] USER_THREAD_COUNT: mterry has 28/1028698 threads (0.0% utilization)
2025-07-28 16:56:44,124 - INFO     - root        : Rocoto call successful on attempt 1: call_time=0.77s, total_time=0.77s
2025-07-28 16:56:44,914 - INFO     - root        : [ROCOTO_SUCCESS_ATTEMPT_1] USER_THREAD_COUNT: mterry has 28/1028698 threads (0.0% utilization)
2025-07-28 16:56:44,914 - INFO     - root        : Rocoto call successful on attempt 1: call_time=0.74s, total_time=0.74s
2025-07-28 16:56:44,966 - INFO     - root        : [END] USER_THREAD_COUNT: mterry has 28/1028698 threads (0.0% utilization)
2025-07-28 17:02:46,224 - INFO     - root        : [START] USER_THREAD_COUNT: mterry has 28/1028698 threads (0.0% utilization)
2025-07-28 17:02:47,056 - INFO     - root        : [ROCOTO_SUCCESS_ATTEMPT_1] USER_THREAD_COUNT: mterry has 28/1028698 threads (0.0% utilization)
2025-07-28 17:02:47,056 - INFO     - root        : Rocoto call successful on attempt 1: call_time=0.77s, total_time=0.77s
2025-07-28 17:02:47,845 - INFO     - root        : [ROCOTO_SUCCESS_ATTEMPT_1] USER_THREAD_COUNT: mterry has 28/1028698 threads (0.0% utilization)
2025-07-28 17:02:47,845 - INFO     - root        : Rocoto call successful on attempt 1: call_time=0.73s, total_time=0.73s
2025-07-28 17:02:47,897 - INFO     - root        : [END] USER_THREAD_COUNT: mterry has 28/1028698 threads (0.0% utilization)
2025-07-28 17:08:49,176 - INFO     - root        : [START] USER_THREAD_COUNT: mterry has 28/1028698 threads (0.0% utilization)
2025-07-28 17:08:50,004 - INFO     - root        : [ROCOTO_SUCCESS_ATTEMPT_1] USER_THREAD_COUNT: mterry has 28/1028698 threads (0.0% utilization)
2025-07-28 17:08:50,004 - INFO     - root        : Rocoto call successful on attempt 1: call_time=0.77s, total_time=0.77s
2025-07-28 17:08:50,786 - INFO     - root        : [ROCOTO_SUCCESS_ATTEMPT_1] USER_THREAD_COUNT: mterry has 28/1028698 threads (0.0% utilization)
2025-07-28 17:08:50,786 - INFO     - root        : Rocoto call successful on attempt 1: call_time=0.73s, total_time=0.73s
2025-07-28 17:08:50,838 - INFO     - root        : [END] USER_THREAD_COUNT: mterry has 28/1028698 threads (0.0% utilization)
2025-07-28 17:14:52,095 - INFO     - root        : [START] USER_THREAD_COUNT: mterry has 28/1028698 threads (0.0% utilization)
2025-07-28 17:14:52,924 - INFO     - root        : [ROCOTO_SUCCESS_ATTEMPT_1] USER_THREAD_COUNT: mterry has 28/1028698 threads (0.0% utilization)
2025-07-28 17:14:52,924 - INFO     - root        : Rocoto call successful on attempt 1: call_time=0.77s, total_time=0.77s
2025-07-28 17:14:53,711 - INFO     - root        : [ROCOTO_SUCCESS_ATTEMPT_1] USER_THREAD_COUNT: mterry has 28/1028698 threads (0.0% utilization)
2025-07-28 17:14:53,711 - INFO     - root        : Rocoto call successful on attempt 1: call_time=0.73s, total_time=0.73s
2025-07-28 17:14:53,762 - INFO     - root        : [END] USER_THREAD_COUNT: mterry has 28/1028698 threads (0.0% utilization)
2025-07-28 17:20:55,028 - INFO     - root        : [START] USER_THREAD_COUNT: mterry has 28/1028698 threads (0.0% utilization)
2025-07-28 17:20:55,860 - INFO     - root        : [ROCOTO_SUCCESS_ATTEMPT_1] USER_THREAD_COUNT: mterry has 28/1028698 threads (0.0% utilization)
2025-07-28 17:20:55,860 - INFO     - root        : Rocoto call successful on attempt 1: call_time=0.77s, total_time=0.77s
2025-07-28 17:20:56,649 - INFO     - root        : [ROCOTO_SUCCESS_ATTEMPT_1] USER_THREAD_COUNT: mterry has 28/1028698 threads (0.0% utilization)
2025-07-28 17:20:56,649 - INFO     - root        : Rocoto call successful on attempt 1: call_time=0.73s, total_time=0.73s
2025-07-28 17:20:56,701 - INFO     - root        : [END] USER_THREAD_COUNT: mterry has 28/1028698 threads (0.0% utilization)
2025-07-28 17:26:57,979 - INFO     - root        : [START] USER_THREAD_COUNT: mterry has 28/1028698 threads (0.0% utilization)
2025-07-28 17:26:58,810 - INFO     - root        : [ROCOTO_SUCCESS_ATTEMPT_1] USER_THREAD_COUNT: mterry has 28/1028698 threads (0.0% utilization)
2025-07-28 17:26:58,810 - INFO     - root        : Rocoto call successful on attempt 1: call_time=0.77s, total_time=0.77s
2025-07-28 17:26:59,596 - INFO     - root        : [ROCOTO_SUCCESS_ATTEMPT_1] USER_THREAD_COUNT: mterry has 28/1028698 threads (0.0% utilization)
2025-07-28 17:26:59,596 - INFO     - root        : Rocoto call successful on attempt 1: call_time=0.73s, total_time=0.73s
2025-07-28 17:26:59,648 - INFO     - root        : [END] USER_THREAD_COUNT: mterry has 28/1028698 threads (0.0% utilization)
2025-07-28 17:33:00,923 - INFO     - root        : [START] USER_THREAD_COUNT: mterry has 28/1028698 threads (0.0% utilization)
2025-07-28 17:33:01,761 - INFO     - root        : [ROCOTO_SUCCESS_ATTEMPT_1] USER_THREAD_COUNT: mterry has 28/1028698 threads (0.0% utilization)
2025-07-28 17:33:01,761 - INFO     - root        : Rocoto call successful on attempt 1: call_time=0.78s, total_time=0.78s
2025-07-28 17:33:02,555 - INFO     - root        : [ROCOTO_SUCCESS_ATTEMPT_1] USER_THREAD_COUNT: mterry has 28/1028698 threads (0.0% utilization)
2025-07-28 17:33:02,555 - INFO     - root        : Rocoto call successful on attempt 1: call_time=0.74s, total_time=0.74s
2025-07-28 17:33:02,608 - INFO     - root        : [END] USER_THREAD_COUNT: mterry has 28/1028698 threads (0.0% utilization)
2025-07-28 17:39:03,924 - INFO     - root        : [START] USER_THREAD_COUNT: mterry has 28/1028698 threads (0.0% utilization)
2025-07-28 17:39:04,755 - INFO     - root        : [ROCOTO_SUCCESS_ATTEMPT_1] USER_THREAD_COUNT: mterry has 28/1028698 threads (0.0% utilization)
2025-07-28 17:39:04,755 - INFO     - root        : Rocoto call successful on attempt 1: call_time=0.77s, total_time=0.77s
2025-07-28 17:39:05,542 - INFO     - root        : [ROCOTO_SUCCESS_ATTEMPT_1] USER_THREAD_COUNT: mterry has 28/1028698 threads (0.0% utilization)
2025-07-28 17:39:05,542 - INFO     - root        : Rocoto call successful on attempt 1: call_time=0.73s, total_time=0.73s
2025-07-28 17:39:05,594 - INFO     - root        : [END] USER_THREAD_COUNT: mterry has 28/1028698 threads (0.0% utilization)
2025-07-28 17:45:06,885 - INFO     - root        : [START] USER_THREAD_COUNT: mterry has 28/1028698 threads (0.0% utilization)
2025-07-28 17:45:07,720 - INFO     - root        : [ROCOTO_SUCCESS_ATTEMPT_1] USER_THREAD_COUNT: mterry has 28/1028698 threads (0.0% utilization)
2025-07-28 17:45:07,720 - INFO     - root        : Rocoto call successful on attempt 1: call_time=0.77s, total_time=0.77s
2025-07-28 17:45:08,509 - INFO     - root        : [ROCOTO_SUCCESS_ATTEMPT_1] USER_THREAD_COUNT: mterry has 28/1028698 threads (0.0% utilization)
2025-07-28 17:45:08,509 - INFO     - root        : Rocoto call successful on attempt 1: call_time=0.73s, total_time=0.73s
2025-07-28 17:45:08,564 - INFO     - root        : [END] USER_THREAD_COUNT: mterry has 28/1028698 threads (0.0% utilization)
2025-07-28 17:51:10,045 - INFO     - root        : [START] USER_THREAD_COUNT: mterry has 28/1028698 threads (0.0% utilization)
2025-07-28 17:51:10,878 - INFO     - root        : [ROCOTO_SUCCESS_ATTEMPT_1] USER_THREAD_COUNT: mterry has 28/1028698 threads (0.0% utilization)
2025-07-28 17:51:10,878 - INFO     - root        : Rocoto call successful on attempt 1: call_time=0.77s, total_time=0.77s
2025-07-28 17:51:11,683 - INFO     - root        : [ROCOTO_SUCCESS_ATTEMPT_1] USER_THREAD_COUNT: mterry has 28/1028698 threads (0.0% utilization)
2025-07-28 17:51:11,683 - INFO     - root        : Rocoto call successful on attempt 1: call_time=0.75s, total_time=0.75s
2025-07-28 17:51:11,735 - INFO     - root        : [END] USER_THREAD_COUNT: mterry has 28/1028698 threads (0.0% utilization)
2025-07-28 17:57:13,002 - INFO     - root        : [START] USER_THREAD_COUNT: mterry has 40/1028698 threads (0.0% utilization)
2025-07-28 17:57:13,840 - INFO     - root        : [ROCOTO_SUCCESS_ATTEMPT_1] USER_THREAD_COUNT: mterry has 40/1028698 threads (0.0% utilization)
2025-07-28 17:57:13,840 - INFO     - root        : Rocoto call successful on attempt 1: call_time=0.78s, total_time=0.78s
2025-07-28 17:57:14,625 - INFO     - root        : [ROCOTO_SUCCESS_ATTEMPT_1] USER_THREAD_COUNT: mterry has 40/1028698 threads (0.0% utilization)
2025-07-28 17:57:14,625 - INFO     - root        : Rocoto call successful on attempt 1: call_time=0.73s, total_time=0.73s
2025-07-28 17:57:14,677 - INFO     - root        : [END] USER_THREAD_COUNT: mterry has 40/1028698 threads (0.0% utilization)
2025-07-28 18:03:15,948 - INFO     - root        : [START] USER_THREAD_COUNT: mterry has 27/1028698 threads (0.0% utilization)
2025-07-28 18:03:16,777 - INFO     - root        : [ROCOTO_SUCCESS_ATTEMPT_1] USER_THREAD_COUNT: mterry has 27/1028698 threads (0.0% utilization)
2025-07-28 18:03:16,777 - INFO     - root        : Rocoto call successful on attempt 1: call_time=0.77s, total_time=0.77s
2025-07-28 18:03:17,571 - INFO     - root        : [ROCOTO_SUCCESS_ATTEMPT_1] USER_THREAD_COUNT: mterry has 27/1028698 threads (0.0% utilization)
2025-07-28 18:03:17,571 - INFO     - root        : Rocoto call successful on attempt 1: call_time=0.74s, total_time=0.74s
2025-07-28 18:03:17,624 - INFO     - root        : [END] USER_THREAD_COUNT: mterry has 27/1028698 threads (0.0% utilization)
2025-07-28 18:09:18,922 - INFO     - root        : [START] USER_THREAD_COUNT: mterry has 27/1028698 threads (0.0% utilization)
2025-07-28 18:09:19,780 - INFO     - root        : [ROCOTO_SUCCESS_ATTEMPT_1] USER_THREAD_COUNT: mterry has 27/1028698 threads (0.0% utilization)
2025-07-28 18:09:19,780 - INFO     - root        : Rocoto call successful on attempt 1: call_time=0.80s, total_time=0.80s
2025-07-28 18:09:20,571 - INFO     - root        : [ROCOTO_SUCCESS_ATTEMPT_1] USER_THREAD_COUNT: mterry has 27/1028698 threads (0.0% utilization)
2025-07-28 18:09:20,571 - INFO     - root        : Rocoto call successful on attempt 1: call_time=0.73s, total_time=0.73s
2025-07-28 18:09:20,623 - INFO     - root        : [END] USER_THREAD_COUNT: mterry has 27/1028698 threads (0.0% utilization)
2025-07-28 18:15:21,890 - INFO     - root        : [START] USER_THREAD_COUNT: mterry has 27/1028698 threads (0.0% utilization)
2025-07-28 18:15:22,722 - INFO     - root        : [ROCOTO_SUCCESS_ATTEMPT_1] USER_THREAD_COUNT: mterry has 27/1028698 threads (0.0% utilization)
2025-07-28 18:15:22,722 - INFO     - root        : Rocoto call successful on attempt 1: call_time=0.78s, total_time=0.78s
2025-07-28 18:15:23,508 - INFO     - root        : [ROCOTO_SUCCESS_ATTEMPT_1] USER_THREAD_COUNT: mterry has 27/1028698 threads (0.0% utilization)
2025-07-28 18:15:23,508 - INFO     - root        : Rocoto call successful on attempt 1: call_time=0.73s, total_time=0.73s
2025-07-28 18:15:23,561 - INFO     - root        : [END] USER_THREAD_COUNT: mterry has 27/1028698 threads (0.0% utilization)
2025-07-28 18:21:24,858 - INFO     - root        : [START] USER_THREAD_COUNT: mterry has 27/1028698 threads (0.0% utilization)
2025-07-28 18:21:25,687 - INFO     - root        : [ROCOTO_SUCCESS_ATTEMPT_1] USER_THREAD_COUNT: mterry has 27/1028698 threads (0.0% utilization)
2025-07-28 18:21:25,687 - INFO     - root        : Rocoto call successful on attempt 1: call_time=0.77s, total_time=0.77s
2025-07-28 18:21:26,470 - INFO     - root        : [ROCOTO_SUCCESS_ATTEMPT_1] USER_THREAD_COUNT: mterry has 27/1028698 threads (0.0% utilization)
2025-07-28 18:21:26,470 - INFO     - root        : Rocoto call successful on attempt 1: call_time=0.73s, total_time=0.73s
2025-07-28 18:21:26,521 - INFO     - root        : [END] USER_THREAD_COUNT: mterry has 27/1028698 threads (0.0% utilization)
2025-07-28 18:27:27,772 - INFO     - root        : [START] USER_THREAD_COUNT: mterry has 27/1028698 threads (0.0% utilization)
2025-07-28 18:27:28,602 - INFO     - root        : [ROCOTO_SUCCESS_ATTEMPT_1] USER_THREAD_COUNT: mterry has 27/1028698 threads (0.0% utilization)
2025-07-28 18:27:28,603 - INFO     - root        : Rocoto call successful on attempt 1: call_time=0.77s, total_time=0.77s
2025-07-28 18:27:29,389 - INFO     - root        : [ROCOTO_SUCCESS_ATTEMPT_1] USER_THREAD_COUNT: mterry has 27/1028698 threads (0.0% utilization)
2025-07-28 18:27:29,389 - INFO     - root        : Rocoto call successful on attempt 1: call_time=0.73s, total_time=0.73s
2025-07-28 18:27:29,441 - INFO     - root        : [END] USER_THREAD_COUNT: mterry has 27/1028698 threads (0.0% utilization)
2025-07-28 18:33:30,720 - INFO     - root        : [START] USER_THREAD_COUNT: mterry has 27/1028698 threads (0.0% utilization)
2025-07-28 18:33:31,577 - INFO     - root        : [ROCOTO_SUCCESS_ATTEMPT_1] USER_THREAD_COUNT: mterry has 27/1028698 threads (0.0% utilization)
2025-07-28 18:33:31,577 - INFO     - root        : Rocoto call successful on attempt 1: call_time=0.80s, total_time=0.80s
2025-07-28 18:33:32,359 - INFO     - root        : [ROCOTO_SUCCESS_ATTEMPT_1] USER_THREAD_COUNT: mterry has 27/1028698 threads (0.0% utilization)
2025-07-28 18:33:32,359 - INFO     - root        : Rocoto call successful on attempt 1: call_time=0.73s, total_time=0.73s
2025-07-28 18:33:32,411 - INFO     - root        : [END] USER_THREAD_COUNT: mterry has 27/1028698 threads (0.0% utilization)
2025-07-28 18:39:33,674 - INFO     - root        : [START] USER_THREAD_COUNT: mterry has 40/1028698 threads (0.0% utilization)
2025-07-28 18:39:34,503 - INFO     - root        : [ROCOTO_SUCCESS_ATTEMPT_1] USER_THREAD_COUNT: mterry has 40/1028698 threads (0.0% utilization)
2025-07-28 18:39:34,503 - INFO     - root        : Rocoto call successful on attempt 1: call_time=0.77s, total_time=0.77s
2025-07-28 18:39:35,284 - INFO     - root        : [ROCOTO_SUCCESS_ATTEMPT_1] USER_THREAD_COUNT: mterry has 40/1028698 threads (0.0% utilization)
2025-07-28 18:39:35,284 - INFO     - root        : Rocoto call successful on attempt 1: call_time=0.73s, total_time=0.73s
2025-07-28 18:39:35,335 - INFO     - root        : [END] USER_THREAD_COUNT: mterry has 40/1028698 threads (0.0% utilization)
2025-07-28 18:45:36,605 - INFO     - root        : [START] USER_THREAD_COUNT: mterry has 27/1028698 threads (0.0% utilization)
2025-07-28 18:45:37,432 - INFO     - root        : [ROCOTO_SUCCESS_ATTEMPT_1] USER_THREAD_COUNT: mterry has 27/1028698 threads (0.0% utilization)
2025-07-28 18:45:37,433 - INFO     - root        : Rocoto call successful on attempt 1: call_time=0.77s, total_time=0.77s
2025-07-28 18:45:38,217 - INFO     - root        : [ROCOTO_SUCCESS_ATTEMPT_1] USER_THREAD_COUNT: mterry has 27/1028698 threads (0.0% utilization)
2025-07-28 18:45:38,217 - INFO     - root        : Rocoto call successful on attempt 1: call_time=0.73s, total_time=0.73s
2025-07-28 18:45:38,269 - INFO     - root        : [END] USER_THREAD_COUNT: mterry has 27/1028698 threads (0.0% utilization)
2025-07-28 18:51:39,661 - INFO     - root        : [START] USER_THREAD_COUNT: mterry has 27/1028698 threads (0.0% utilization)
2025-07-28 18:51:40,491 - INFO     - root        : [ROCOTO_SUCCESS_ATTEMPT_1] USER_THREAD_COUNT: mterry has 27/1028698 threads (0.0% utilization)
2025-07-28 18:51:40,491 - INFO     - root        : Rocoto call successful on attempt 1: call_time=0.77s, total_time=0.77s
2025-07-28 18:51:41,272 - INFO     - root        : [ROCOTO_SUCCESS_ATTEMPT_1] USER_THREAD_COUNT: mterry has 27/1028698 threads (0.0% utilization)
2025-07-28 18:51:41,273 - INFO     - root        : Rocoto call successful on attempt 1: call_time=0.73s, total_time=0.73s
2025-07-28 18:51:41,324 - INFO     - root        : [END] USER_THREAD_COUNT: mterry has 27/1028698 threads (0.0% utilization)
2025-07-28 18:57:42,651 - INFO     - root        : [START] USER_THREAD_COUNT: mterry has 27/1028698 threads (0.0% utilization)
2025-07-28 18:57:43,482 - INFO     - root        : [ROCOTO_SUCCESS_ATTEMPT_1] USER_THREAD_COUNT: mterry has 27/1028698 threads (0.0% utilization)
2025-07-28 18:57:43,483 - INFO     - root        : Rocoto call successful on attempt 1: call_time=0.77s, total_time=0.77s
2025-07-28 18:57:44,265 - INFO     - root        : [ROCOTO_SUCCESS_ATTEMPT_1] USER_THREAD_COUNT: mterry has 27/1028698 threads (0.0% utilization)
2025-07-28 18:57:44,265 - INFO     - root        : Rocoto call successful on attempt 1: call_time=0.73s, total_time=0.73s
2025-07-28 18:57:44,316 - INFO     - root        : [END] USER_THREAD_COUNT: mterry has 27/1028698 threads (0.0% utilization)
2025-07-28 19:03:46,252 - INFO     - root        : [START] USER_THREAD_COUNT: mterry has 40/1028698 threads (0.0% utilization)
2025-07-28 19:03:47,080 - INFO     - root        : [ROCOTO_SUCCESS_ATTEMPT_1] USER_THREAD_COUNT: mterry has 40/1028698 threads (0.0% utilization)
2025-07-28 19:03:47,080 - INFO     - root        : Rocoto call successful on attempt 1: call_time=0.77s, total_time=0.77s
2025-07-28 19:03:47,861 - INFO     - root        : [ROCOTO_SUCCESS_ATTEMPT_1] USER_THREAD_COUNT: mterry has 40/1028698 threads (0.0% utilization)
2025-07-28 19:03:47,861 - INFO     - root        : Rocoto call successful on attempt 1: call_time=0.73s, total_time=0.73s
2025-07-28 19:03:47,913 - INFO     - root        : [END] USER_THREAD_COUNT: mterry has 40/1028698 threads (0.0% utilization)
2025-07-28 19:09:49,511 - INFO     - root        : [START] USER_THREAD_COUNT: mterry has 40/1028698 threads (0.0% utilization)
2025-07-28 19:09:50,355 - INFO     - root        : [ROCOTO_SUCCESS_ATTEMPT_1] USER_THREAD_COUNT: mterry has 40/1028698 threads (0.0% utilization)
2025-07-28 19:09:50,355 - INFO     - root        : Rocoto call successful on attempt 1: call_time=0.79s, total_time=0.79s
2025-07-28 19:09:51,138 - INFO     - root        : [ROCOTO_SUCCESS_ATTEMPT_1] USER_THREAD_COUNT: mterry has 40/1028698 threads (0.0% utilization)
2025-07-28 19:09:51,139 - INFO     - root        : Rocoto call successful on attempt 1: call_time=0.73s, total_time=0.73s
2025-07-28 19:09:51,191 - INFO     - root        : [END] USER_THREAD_COUNT: mterry has 40/1028698 threads (0.0% utilization)
2025-07-28 19:15:52,535 - INFO     - root        : [START] USER_THREAD_COUNT: mterry has 27/1028698 threads (0.0% utilization)
2025-07-28 19:15:53,367 - INFO     - root        : [ROCOTO_SUCCESS_ATTEMPT_1] USER_THREAD_COUNT: mterry has 27/1028698 threads (0.0% utilization)
2025-07-28 19:15:53,367 - INFO     - root        : Rocoto call successful on attempt 1: call_time=0.77s, total_time=0.77s
2025-07-28 19:15:54,149 - INFO     - root        : [ROCOTO_SUCCESS_ATTEMPT_1] USER_THREAD_COUNT: mterry has 27/1028698 threads (0.0% utilization)
2025-07-28 19:15:54,150 - INFO     - root        : Rocoto call successful on attempt 1: call_time=0.73s, total_time=0.73s
2025-07-28 19:15:54,201 - INFO     - root        : [END] USER_THREAD_COUNT: mterry has 27/1028698 threads (0.0% utilization)
2025-07-28 19:21:55,574 - INFO     - root        : [START] USER_THREAD_COUNT: mterry has 54/1028698 threads (0.01% utilization)
2025-07-28 19:21:56,405 - INFO     - root        : [ROCOTO_SUCCESS_ATTEMPT_1] USER_THREAD_COUNT: mterry has 54/1028698 threads (0.01% utilization)
2025-07-28 19:21:56,405 - INFO     - root        : Rocoto call successful on attempt 1: call_time=0.77s, total_time=0.77s
2025-07-28 19:21:57,191 - INFO     - root        : [ROCOTO_SUCCESS_ATTEMPT_1] USER_THREAD_COUNT: mterry has 54/1028698 threads (0.01% utilization)
2025-07-28 19:21:57,191 - INFO     - root        : Rocoto call successful on attempt 1: call_time=0.73s, total_time=0.73s
2025-07-28 19:21:57,244 - INFO     - root        : [END] USER_THREAD_COUNT: mterry has 54/1028698 threads (0.01% utilization)
2025-07-28 19:27:58,570 - INFO     - root        : [START] USER_THREAD_COUNT: mterry has 54/1028698 threads (0.01% utilization)
2025-07-28 19:27:59,402 - INFO     - root        : [ROCOTO_SUCCESS_ATTEMPT_1] USER_THREAD_COUNT: mterry has 54/1028698 threads (0.01% utilization)
2025-07-28 19:27:59,402 - INFO     - root        : Rocoto call successful on attempt 1: call_time=0.77s, total_time=0.77s
2025-07-28 19:28:00,189 - INFO     - root        : [ROCOTO_SUCCESS_ATTEMPT_1] USER_THREAD_COUNT: mterry has 54/1028698 threads (0.01% utilization)
2025-07-28 19:28:00,189 - INFO     - root        : Rocoto call successful on attempt 1: call_time=0.73s, total_time=0.73s
2025-07-28 19:28:00,241 - INFO     - root        : [END] USER_THREAD_COUNT: mterry has 54/1028698 threads (0.01% utilization)
2025-07-28 19:34:01,570 - INFO     - root        : [START] USER_THREAD_COUNT: mterry has 28/1028698 threads (0.0% utilization)
2025-07-28 19:34:02,413 - INFO     - root        : [ROCOTO_SUCCESS_ATTEMPT_1] USER_THREAD_COUNT: mterry has 28/1028698 threads (0.0% utilization)
2025-07-28 19:34:02,413 - INFO     - root        : Rocoto call successful on attempt 1: call_time=0.78s, total_time=0.78s
2025-07-28 19:34:03,198 - INFO     - root        : [ROCOTO_SUCCESS_ATTEMPT_1] USER_THREAD_COUNT: mterry has 28/1028698 threads (0.0% utilization)
2025-07-28 19:34:03,198 - INFO     - root        : Rocoto call successful on attempt 1: call_time=0.73s, total_time=0.73s
2025-07-28 19:34:03,249 - INFO     - root        : [END] USER_THREAD_COUNT: mterry has 28/1028698 threads (0.0% utilization)
2025-07-28 19:40:04,602 - INFO     - root        : [START] USER_THREAD_COUNT: mterry has 41/1028698 threads (0.0% utilization)
2025-07-28 19:40:05,445 - INFO     - root        : [ROCOTO_SUCCESS_ATTEMPT_1] USER_THREAD_COUNT: mterry has 41/1028698 threads (0.0% utilization)
2025-07-28 19:40:05,445 - INFO     - root        : Rocoto call successful on attempt 1: call_time=0.78s, total_time=0.78s
2025-07-28 19:40:06,250 - INFO     - root        : [ROCOTO_SUCCESS_ATTEMPT_1] USER_THREAD_COUNT: mterry has 41/1028698 threads (0.0% utilization)
2025-07-28 19:40:06,250 - INFO     - root        : Rocoto call successful on attempt 1: call_time=0.74s, total_time=0.74s
2025-07-28 19:40:06,308 - INFO     - root        : [END] USER_THREAD_COUNT: mterry has 41/1028698 threads (0.0% utilization)
2025-07-28 19:46:07,677 - INFO     - root        : [START] USER_THREAD_COUNT: mterry has 41/1028698 threads (0.0% utilization)
2025-07-28 19:46:08,507 - INFO     - root        : [ROCOTO_SUCCESS_ATTEMPT_1] USER_THREAD_COUNT: mterry has 41/1028698 threads (0.0% utilization)
2025-07-28 19:46:08,508 - INFO     - root        : Rocoto call successful on attempt 1: call_time=0.77s, total_time=0.77s
2025-07-28 19:46:09,302 - INFO     - root        : [ROCOTO_SUCCESS_ATTEMPT_1] USER_THREAD_COUNT: mterry has 41/1028698 threads (0.0% utilization)
2025-07-28 19:46:09,303 - INFO     - root        : Rocoto call successful on attempt 1: call_time=0.74s, total_time=0.74s
2025-07-28 19:46:09,355 - INFO     - root        : [END] USER_THREAD_COUNT: mterry has 41/1028698 threads (0.0% utilization)
2025-07-28 19:52:10,699 - INFO     - root        : [START] USER_THREAD_COUNT: mterry has 39/1028698 threads (0.0% utilization)
2025-07-28 19:52:11,531 - INFO     - root        : [ROCOTO_SUCCESS_ATTEMPT_1] USER_THREAD_COUNT: mterry has 39/1028698 threads (0.0% utilization)
2025-07-28 19:52:11,531 - INFO     - root        : Rocoto call successful on attempt 1: call_time=0.77s, total_time=0.77s
2025-07-28 19:52:12,321 - INFO     - root        : [ROCOTO_SUCCESS_ATTEMPT_1] USER_THREAD_COUNT: mterry has 39/1028698 threads (0.0% utilization)
2025-07-28 19:52:12,321 - INFO     - root        : Rocoto call successful on attempt 1: call_time=0.73s, total_time=0.73s
2025-07-28 19:52:12,374 - INFO     - root        : [END] USER_THREAD_COUNT: mterry has 39/1028698 threads (0.0% utilization)
2025-07-28 19:58:13,710 - INFO     - root        : [START] USER_THREAD_COUNT: mterry has 39/1028698 threads (0.0% utilization)
2025-07-28 19:58:14,541 - INFO     - root        : [ROCOTO_SUCCESS_ATTEMPT_1] USER_THREAD_COUNT: mterry has 39/1028698 threads (0.0% utilization)
2025-07-28 19:58:14,541 - INFO     - root        : Rocoto call successful on attempt 1: call_time=0.77s, total_time=0.77s
2025-07-28 19:58:15,327 - INFO     - root        : [ROCOTO_SUCCESS_ATTEMPT_1] USER_THREAD_COUNT: mterry has 39/1028698 threads (0.0% utilization)
2025-07-28 19:58:15,327 - INFO     - root        : Rocoto call successful on attempt 1: call_time=0.73s, total_time=0.73s
2025-07-28 19:58:15,379 - INFO     - root        : [END] USER_THREAD_COUNT: mterry has 39/1028698 threads (0.0% utilization)
2025-07-28 20:04:16,747 - INFO     - root        : [START] USER_THREAD_COUNT: mterry has 32/1028698 threads (0.0% utilization)
2025-07-28 20:04:17,577 - INFO     - root        : [ROCOTO_SUCCESS_ATTEMPT_1] USER_THREAD_COUNT: mterry has 32/1028698 threads (0.0% utilization)
2025-07-28 20:04:17,578 - INFO     - root        : Rocoto call successful on attempt 1: call_time=0.77s, total_time=0.77s
2025-07-28 20:04:18,364 - INFO     - root        : [ROCOTO_SUCCESS_ATTEMPT_1] USER_THREAD_COUNT: mterry has 28/1028698 threads (0.0% utilization)
2025-07-28 20:04:18,364 - INFO     - root        : Rocoto call successful on attempt 1: call_time=0.73s, total_time=0.73s
2025-07-28 20:04:18,416 - INFO     - root        : [END] USER_THREAD_COUNT: mterry has 28/1028698 threads (0.0% utilization)
2025-07-28 20:10:19,760 - INFO     - root        : [START] USER_THREAD_COUNT: mterry has 26/1028698 threads (0.0% utilization)
2025-07-28 20:10:20,592 - INFO     - root        : [ROCOTO_SUCCESS_ATTEMPT_1] USER_THREAD_COUNT: mterry has 26/1028698 threads (0.0% utilization)
2025-07-28 20:10:20,592 - INFO     - root        : Rocoto call successful on attempt 1: call_time=0.77s, total_time=0.77s
2025-07-28 20:10:21,395 - INFO     - root        : [ROCOTO_SUCCESS_ATTEMPT_1] USER_THREAD_COUNT: mterry has 26/1028698 threads (0.0% utilization)
2025-07-28 20:10:21,395 - INFO     - root        : Rocoto call successful on attempt 1: call_time=0.75s, total_time=0.75s
2025-07-28 20:10:21,446 - INFO     - root        : [END] USER_THREAD_COUNT: mterry has 26/1028698 threads (0.0% utilization)
2025-07-28 20:16:22,801 - INFO     - root        : [START] USER_THREAD_COUNT: mterry has 29/1028698 threads (0.0% utilization)
2025-07-28 20:16:23,642 - INFO     - root        : [ROCOTO_SUCCESS_ATTEMPT_1] USER_THREAD_COUNT: mterry has 27/1028698 threads (0.0% utilization)
2025-07-28 20:16:23,642 - INFO     - root        : Rocoto call successful on attempt 1: call_time=0.78s, total_time=0.78s
2025-07-28 20:16:24,431 - INFO     - root        : [ROCOTO_SUCCESS_ATTEMPT_1] USER_THREAD_COUNT: mterry has 26/1028698 threads (0.0% utilization)
2025-07-28 20:16:24,431 - INFO     - root        : Rocoto call successful on attempt 1: call_time=0.74s, total_time=0.74s
2025-07-28 20:16:24,482 - INFO     - root        : [END] USER_THREAD_COUNT: mterry has 26/1028698 threads (0.0% utilization)
2025-07-28 20:22:25,791 - INFO     - root        : [START] USER_THREAD_COUNT: mterry has 27/1028698 threads (0.0% utilization)
2025-07-28 20:22:26,625 - INFO     - root        : [ROCOTO_SUCCESS_ATTEMPT_1] USER_THREAD_COUNT: mterry has 28/1028698 threads (0.0% utilization)
2025-07-28 20:22:26,625 - INFO     - root        : Rocoto call successful on attempt 1: call_time=0.78s, total_time=0.78s
2025-07-28 20:22:27,420 - INFO     - root        : [ROCOTO_SUCCESS_ATTEMPT_1] USER_THREAD_COUNT: mterry has 26/1028698 threads (0.0% utilization)
2025-07-28 20:22:27,420 - INFO     - root        : Rocoto call successful on attempt 1: call_time=0.74s, total_time=0.74s
2025-07-28 20:22:27,473 - INFO     - root        : [END] USER_THREAD_COUNT: mterry has 26/1028698 threads (0.0% utilization)
2025-07-28 20:28:28,876 - INFO     - root        : [START] USER_THREAD_COUNT: mterry has 75/1028698 threads (0.01% utilization)
2025-07-28 20:28:29,708 - INFO     - root        : [ROCOTO_SUCCESS_ATTEMPT_1] USER_THREAD_COUNT: mterry has 80/1028698 threads (0.01% utilization)
2025-07-28 20:28:29,708 - INFO     - root        : Rocoto call successful on attempt 1: call_time=0.77s, total_time=0.77s
2025-07-28 20:28:30,495 - INFO     - root        : [ROCOTO_SUCCESS_ATTEMPT_1] USER_THREAD_COUNT: mterry has 65/1028698 threads (0.01% utilization)
2025-07-28 20:28:30,496 - INFO     - root        : Rocoto call successful on attempt 1: call_time=0.73s, total_time=0.73s
2025-07-28 20:28:30,547 - INFO     - root        : [END] USER_THREAD_COUNT: mterry has 65/1028698 threads (0.01% utilization)
2025-07-28 20:34:31,925 - INFO     - root        : [START] USER_THREAD_COUNT: mterry has 39/1028698 threads (0.0% utilization)
2025-07-28 20:34:32,755 - INFO     - root        : [ROCOTO_SUCCESS_ATTEMPT_1] USER_THREAD_COUNT: mterry has 40/1028698 threads (0.0% utilization)
2025-07-28 20:34:32,755 - INFO     - root        : Rocoto call successful on attempt 1: call_time=0.77s, total_time=0.77s
2025-07-28 20:34:33,551 - INFO     - root        : [ROCOTO_SUCCESS_ATTEMPT_1] USER_THREAD_COUNT: mterry has 39/1028698 threads (0.0% utilization)
2025-07-28 20:34:33,552 - INFO     - root        : Rocoto call successful on attempt 1: call_time=0.74s, total_time=0.74s
2025-07-28 20:34:33,604 - INFO     - root        : [END] USER_THREAD_COUNT: mterry has 39/1028698 threads (0.0% utilization)
2025-07-28 20:40:35,104 - INFO     - root        : [START] USER_THREAD_COUNT: mterry has 41/1028698 threads (0.0% utilization)
2025-07-28 20:40:35,956 - INFO     - root        : [ROCOTO_SUCCESS_ATTEMPT_1] USER_THREAD_COUNT: mterry has 39/1028698 threads (0.0% utilization)
2025-07-28 20:40:35,956 - INFO     - root        : Rocoto call successful on attempt 1: call_time=0.79s, total_time=0.79s
2025-07-28 20:40:36,751 - INFO     - root        : [ROCOTO_SUCCESS_ATTEMPT_1] USER_THREAD_COUNT: mterry has 39/1028698 threads (0.0% utilization)
2025-07-28 20:40:36,751 - INFO     - root        : Rocoto call successful on attempt 1: call_time=0.74s, total_time=0.74s
2025-07-28 20:40:36,803 - INFO     - root        : [END] USER_THREAD_COUNT: mterry has 39/1028698 threads (0.0% utilization)
2025-07-28 20:46:38,173 - INFO     - root        : [START] USER_THREAD_COUNT: mterry has 36/1028698 threads (0.0% utilization)
2025-07-28 20:46:39,006 - INFO     - root        : [ROCOTO_SUCCESS_ATTEMPT_1] USER_THREAD_COUNT: mterry has 26/1028698 threads (0.0% utilization)
2025-07-28 20:46:39,006 - INFO     - root        : Rocoto call successful on attempt 1: call_time=0.78s, total_time=0.78s
2025-07-28 20:46:39,793 - INFO     - root        : [ROCOTO_SUCCESS_ATTEMPT_1] USER_THREAD_COUNT: mterry has 26/1028698 threads (0.0% utilization)
2025-07-28 20:46:39,793 - INFO     - root        : Rocoto call successful on attempt 1: call_time=0.73s, total_time=0.73s
2025-07-28 20:46:39,845 - INFO     - root        : [END] USER_THREAD_COUNT: mterry has 26/1028698 threads (0.0% utilization)
2025-07-28 20:52:41,204 - INFO     - root        : [START] USER_THREAD_COUNT: mterry has 26/1028698 threads (0.0% utilization)
2025-07-28 20:52:42,033 - INFO     - root        : [ROCOTO_SUCCESS_ATTEMPT_1] USER_THREAD_COUNT: mterry has 26/1028698 threads (0.0% utilization)
2025-07-28 20:52:42,033 - INFO     - root        : Rocoto call successful on attempt 1: call_time=0.77s, total_time=0.77s
2025-07-28 20:52:42,818 - INFO     - root        : [ROCOTO_SUCCESS_ATTEMPT_1] USER_THREAD_COUNT: mterry has 26/1028698 threads (0.0% utilization)
2025-07-28 20:52:42,818 - INFO     - root        : Rocoto call successful on attempt 1: call_time=0.73s, total_time=0.73s
2025-07-28 20:52:42,870 - INFO     - root        : [END] USER_THREAD_COUNT: mterry has 26/1028698 threads (0.0% utilization)
2025-07-28 20:58:44,207 - INFO     - root        : [START] USER_THREAD_COUNT: mterry has 26/1028698 threads (0.0% utilization)
2025-07-28 20:58:45,040 - INFO     - root        : [ROCOTO_SUCCESS_ATTEMPT_1] USER_THREAD_COUNT: mterry has 26/1028698 threads (0.0% utilization)
2025-07-28 20:58:45,040 - INFO     - root        : Rocoto call successful on attempt 1: call_time=0.78s, total_time=0.78s
2025-07-28 20:58:45,823 - INFO     - root        : [ROCOTO_SUCCESS_ATTEMPT_1] USER_THREAD_COUNT: mterry has 26/1028698 threads (0.0% utilization)
2025-07-28 20:58:45,823 - INFO     - root        : Rocoto call successful on attempt 1: call_time=0.73s, total_time=0.73s
2025-07-28 20:58:45,874 - INFO     - root        : [END] USER_THREAD_COUNT: mterry has 26/1028698 threads (0.0% utilization)
2025-07-28 21:04:47,342 - INFO     - root        : [START] USER_THREAD_COUNT: mterry has 26/1028698 threads (0.0% utilization)
2025-07-28 21:04:48,180 - INFO     - root        : [ROCOTO_SUCCESS_ATTEMPT_1] USER_THREAD_COUNT: mterry has 26/1028698 threads (0.0% utilization)
2025-07-28 21:04:48,181 - INFO     - root        : Rocoto call successful on attempt 1: call_time=0.78s, total_time=0.78s
2025-07-28 21:04:48,968 - INFO     - root        : [ROCOTO_SUCCESS_ATTEMPT_1] USER_THREAD_COUNT: mterry has 26/1028698 threads (0.0% utilization)
2025-07-28 21:04:48,968 - INFO     - root        : Rocoto call successful on attempt 1: call_time=0.73s, total_time=0.73s
2025-07-28 21:04:49,020 - INFO     - root        : [END] USER_THREAD_COUNT: mterry has 26/1028698 threads (0.0% utilization)
2025-07-28 21:10:50,407 - INFO     - root        : [START] USER_THREAD_COUNT: mterry has 26/1028698 threads (0.0% utilization)
2025-07-28 21:10:51,236 - INFO     - root        : [ROCOTO_SUCCESS_ATTEMPT_1] USER_THREAD_COUNT: mterry has 26/1028698 threads (0.0% utilization)
2025-07-28 21:10:51,236 - INFO     - root        : Rocoto call successful on attempt 1: call_time=0.77s, total_time=0.77s
2025-07-28 21:10:52,020 - INFO     - root        : [ROCOTO_SUCCESS_ATTEMPT_1] USER_THREAD_COUNT: mterry has 26/1028698 threads (0.0% utilization)
2025-07-28 21:10:52,020 - INFO     - root        : Rocoto call successful on attempt 1: call_time=0.73s, total_time=0.73s
2025-07-28 21:10:52,072 - INFO     - root        : [END] USER_THREAD_COUNT: mterry has 26/1028698 threads (0.0% utilization)
2025-07-28 21:16:53,404 - INFO     - root        : [START] USER_THREAD_COUNT: mterry has 39/1028698 threads (0.0% utilization)
2025-07-28 21:16:54,277 - INFO     - root        : [ROCOTO_SUCCESS_ATTEMPT_1] USER_THREAD_COUNT: mterry has 39/1028698 threads (0.0% utilization)
2025-07-28 21:16:54,277 - INFO     - root        : Rocoto call successful on attempt 1: call_time=0.82s, total_time=0.82s
2025-07-28 21:16:55,063 - INFO     - root        : [ROCOTO_SUCCESS_ATTEMPT_1] USER_THREAD_COUNT: mterry has 39/1028698 threads (0.0% utilization)
2025-07-28 21:16:55,063 - INFO     - root        : Rocoto call successful on attempt 1: call_time=0.73s, total_time=0.73s
2025-07-28 21:16:55,115 - INFO     - root        : [END] USER_THREAD_COUNT: mterry has 39/1028698 threads (0.0% utilization)
2025-07-28 21:22:56,654 - INFO     - root        : [START] USER_THREAD_COUNT: mterry has 52/1028698 threads (0.01% utilization)
2025-07-28 21:22:57,485 - INFO     - root        : [ROCOTO_SUCCESS_ATTEMPT_1] USER_THREAD_COUNT: mterry has 52/1028698 threads (0.01% utilization)
2025-07-28 21:22:57,486 - INFO     - root        : Rocoto call successful on attempt 1: call_time=0.77s, total_time=0.77s
2025-07-28 21:22:58,270 - INFO     - root        : [ROCOTO_SUCCESS_ATTEMPT_1] USER_THREAD_COUNT: mterry has 52/1028698 threads (0.01% utilization)
2025-07-28 21:22:58,270 - INFO     - root        : Rocoto call successful on attempt 1: call_time=0.73s, total_time=0.73s
2025-07-28 21:22:58,321 - INFO     - root        : [END] USER_THREAD_COUNT: mterry has 52/1028698 threads (0.01% utilization)
2025-07-28 21:29:00,038 - INFO     - root        : [START] USER_THREAD_COUNT: mterry has 65/1028698 threads (0.01% utilization)
2025-07-28 21:29:00,869 - INFO     - root        : [ROCOTO_SUCCESS_ATTEMPT_1] USER_THREAD_COUNT: mterry has 65/1028698 threads (0.01% utilization)
2025-07-28 21:29:00,869 - INFO     - root        : Rocoto call successful on attempt 1: call_time=0.77s, total_time=0.77s
2025-07-28 21:29:01,658 - INFO     - root        : [ROCOTO_SUCCESS_ATTEMPT_1] USER_THREAD_COUNT: mterry has 65/1028698 threads (0.01% utilization)
2025-07-28 21:29:01,658 - INFO     - root        : Rocoto call successful on attempt 1: call_time=0.73s, total_time=0.73s
2025-07-28 21:29:01,714 - INFO     - root        : [END] USER_THREAD_COUNT: mterry has 65/1028698 threads (0.01% utilization)
2025-07-28 21:35:03,437 - INFO     - root        : [START] USER_THREAD_COUNT: mterry has 78/1028698 threads (0.01% utilization)
2025-07-28 21:35:04,280 - INFO     - root        : [ROCOTO_SUCCESS_ATTEMPT_1] USER_THREAD_COUNT: mterry has 78/1028698 threads (0.01% utilization)
2025-07-28 21:35:04,280 - INFO     - root        : Rocoto call successful on attempt 1: call_time=0.78s, total_time=0.78s
2025-07-28 21:35:05,065 - INFO     - root        : [ROCOTO_SUCCESS_ATTEMPT_1] USER_THREAD_COUNT: mterry has 78/1028698 threads (0.01% utilization)
2025-07-28 21:35:05,065 - INFO     - root        : Rocoto call successful on attempt 1: call_time=0.73s, total_time=0.73s
2025-07-28 21:35:05,118 - INFO     - root        : [END] USER_THREAD_COUNT: mterry has 78/1028698 threads (0.01% utilization)
2025-07-28 21:41:06,597 - INFO     - root        : [START] USER_THREAD_COUNT: mterry has 39/1028698 threads (0.0% utilization)
2025-07-28 21:41:07,428 - INFO     - root        : [ROCOTO_SUCCESS_ATTEMPT_1] USER_THREAD_COUNT: mterry has 39/1028698 threads (0.0% utilization)
2025-07-28 21:41:07,429 - INFO     - root        : Rocoto call successful on attempt 1: call_time=0.77s, total_time=0.77s
2025-07-28 21:41:08,229 - INFO     - root        : [ROCOTO_SUCCESS_ATTEMPT_1] USER_THREAD_COUNT: mterry has 39/1028698 threads (0.0% utilization)
2025-07-28 21:41:08,229 - INFO     - root        : Rocoto call successful on attempt 1: call_time=0.75s, total_time=0.75s
2025-07-28 21:41:08,281 - INFO     - root        : [END] USER_THREAD_COUNT: mterry has 39/1028698 threads (0.0% utilization)
2025-07-28 21:47:09,786 - INFO     - root        : [START] USER_THREAD_COUNT: mterry has 26/1028698 threads (0.0% utilization)
2025-07-28 21:47:10,619 - INFO     - root        : [ROCOTO_SUCCESS_ATTEMPT_1] USER_THREAD_COUNT: mterry has 26/1028698 threads (0.0% utilization)
2025-07-28 21:47:10,619 - INFO     - root        : Rocoto call successful on attempt 1: call_time=0.78s, total_time=0.78s
2025-07-28 21:47:11,416 - INFO     - root        : [ROCOTO_SUCCESS_ATTEMPT_1] USER_THREAD_COUNT: mterry has 26/1028698 threads (0.0% utilization)
2025-07-28 21:47:11,416 - INFO     - root        : Rocoto call successful on attempt 1: call_time=0.74s, total_time=0.74s
2025-07-28 21:47:11,467 - INFO     - root        : [END] USER_THREAD_COUNT: mterry has 26/1028698 threads (0.0% utilization)
2025-07-28 21:53:12,924 - INFO     - root        : [START] USER_THREAD_COUNT: mterry has 52/1028698 threads (0.01% utilization)
2025-07-28 21:53:13,757 - INFO     - root        : [ROCOTO_SUCCESS_ATTEMPT_1] USER_THREAD_COUNT: mterry has 52/1028698 threads (0.01% utilization)
2025-07-28 21:53:13,758 - INFO     - root        : Rocoto call successful on attempt 1: call_time=0.78s, total_time=0.78s
2025-07-28 21:53:14,542 - INFO     - root        : [ROCOTO_SUCCESS_ATTEMPT_1] USER_THREAD_COUNT: mterry has 52/1028698 threads (0.01% utilization)
2025-07-28 21:53:14,542 - INFO     - root        : Rocoto call successful on attempt 1: call_time=0.73s, total_time=0.73s
2025-07-28 21:53:14,594 - INFO     - root        : [END] USER_THREAD_COUNT: mterry has 52/1028698 threads (0.01% utilization)
2025-07-28 21:59:16,000 - INFO     - root        : [START] USER_THREAD_COUNT: mterry has 52/1028698 threads (0.01% utilization)
2025-07-28 21:59:16,832 - INFO     - root        : [ROCOTO_SUCCESS_ATTEMPT_1] USER_THREAD_COUNT: mterry has 52/1028698 threads (0.01% utilization)
2025-07-28 21:59:16,832 - INFO     - root        : Rocoto call successful on attempt 1: call_time=0.77s, total_time=0.77s
2025-07-28 21:59:17,616 - INFO     - root        : [ROCOTO_SUCCESS_ATTEMPT_1] USER_THREAD_COUNT: mterry has 52/1028698 threads (0.01% utilization)
2025-07-28 21:59:17,617 - INFO     - root        : Rocoto call successful on attempt 1: call_time=0.73s, total_time=0.73s
2025-07-28 21:59:17,669 - INFO     - root        : [END] USER_THREAD_COUNT: mterry has 52/1028698 threads (0.01% utilization)
2025-07-28 22:05:19,290 - INFO     - root        : [START] USER_THREAD_COUNT: mterry has 26/1028698 threads (0.0% utilization)
2025-07-28 22:05:20,124 - INFO     - root        : [ROCOTO_SUCCESS_ATTEMPT_1] USER_THREAD_COUNT: mterry has 26/1028698 threads (0.0% utilization)
2025-07-28 22:05:20,124 - INFO     - root        : Rocoto call successful on attempt 1: call_time=0.78s, total_time=0.78s
2025-07-28 22:05:20,907 - INFO     - root        : [ROCOTO_SUCCESS_ATTEMPT_1] USER_THREAD_COUNT: mterry has 26/1028698 threads (0.0% utilization)
2025-07-28 22:05:20,907 - INFO     - root        : Rocoto call successful on attempt 1: call_time=0.73s, total_time=0.73s
2025-07-28 22:05:20,959 - INFO     - root        : [END] USER_THREAD_COUNT: mterry has 26/1028698 threads (0.0% utilization)
2025-07-28 22:11:22,381 - INFO     - root        : [START] USER_THREAD_COUNT: mterry has 52/1028698 threads (0.01% utilization)
2025-07-28 22:11:23,221 - INFO     - root        : [ROCOTO_SUCCESS_ATTEMPT_1] USER_THREAD_COUNT: mterry has 52/1028698 threads (0.01% utilization)
2025-07-28 22:11:23,221 - INFO     - root        : Rocoto call successful on attempt 1: call_time=0.78s, total_time=0.78s
2025-07-28 22:11:24,004 - INFO     - root        : [ROCOTO_SUCCESS_ATTEMPT_1] USER_THREAD_COUNT: mterry has 52/1028698 threads (0.01% utilization)
2025-07-28 22:11:24,004 - INFO     - root        : Rocoto call successful on attempt 1: call_time=0.73s, total_time=0.73s
2025-07-28 22:11:24,056 - INFO     - root        : [END] USER_THREAD_COUNT: mterry has 52/1028698 threads (0.01% utilization)
2025-07-28 22:17:25,783 - INFO     - root        : [START] USER_THREAD_COUNT: mterry has 65/1028698 threads (0.01% utilization)
2025-07-28 22:17:26,612 - INFO     - root        : [ROCOTO_SUCCESS_ATTEMPT_1] USER_THREAD_COUNT: mterry has 65/1028698 threads (0.01% utilization)
2025-07-28 22:17:26,612 - INFO     - root        : Rocoto call successful on attempt 1: call_time=0.77s, total_time=0.77s
2025-07-28 22:17:27,395 - INFO     - root        : [ROCOTO_SUCCESS_ATTEMPT_1] USER_THREAD_COUNT: mterry has 65/1028698 threads (0.01% utilization)
2025-07-28 22:17:27,395 - INFO     - root        : Rocoto call successful on attempt 1: call_time=0.73s, total_time=0.73s
2025-07-28 22:17:27,447 - INFO     - root        : [END] USER_THREAD_COUNT: mterry has 65/1028698 threads (0.01% utilization)
2025-07-28 22:23:29,131 - INFO     - root        : [START] USER_THREAD_COUNT: mterry has 50/1028698 threads (0.0% utilization)
2025-07-28 22:23:29,960 - INFO     - root        : [ROCOTO_SUCCESS_ATTEMPT_1] USER_THREAD_COUNT: mterry has 50/1028698 threads (0.0% utilization)
2025-07-28 22:23:29,960 - INFO     - root        : Rocoto call successful on attempt 1: call_time=0.77s, total_time=0.77s
2025-07-28 22:23:30,739 - INFO     - root        : [ROCOTO_SUCCESS_ATTEMPT_1] USER_THREAD_COUNT: mterry has 50/1028698 threads (0.0% utilization)
2025-07-28 22:23:30,739 - INFO     - root        : Rocoto call successful on attempt 1: call_time=0.72s, total_time=0.72s
2025-07-28 22:23:30,791 - INFO     - root        : [END] USER_THREAD_COUNT: mterry has 50/1028698 threads (0.0% utilization)
2025-07-28 22:29:32,182 - INFO     - root        : [START] USER_THREAD_COUNT: mterry has 24/1028698 threads (0.0% utilization)
2025-07-28 22:29:33,013 - INFO     - root        : [ROCOTO_SUCCESS_ATTEMPT_1] USER_THREAD_COUNT: mterry has 24/1028698 threads (0.0% utilization)
2025-07-28 22:29:33,014 - INFO     - root        : Rocoto call successful on attempt 1: call_time=0.78s, total_time=0.78s
2025-07-28 22:29:33,796 - INFO     - root        : [ROCOTO_SUCCESS_ATTEMPT_1] USER_THREAD_COUNT: mterry has 24/1028698 threads (0.0% utilization)
2025-07-28 22:29:33,796 - INFO     - root        : Rocoto call successful on attempt 1: call_time=0.73s, total_time=0.73s
2025-07-28 22:29:33,847 - INFO     - root        : [END] USER_THREAD_COUNT: mterry has 24/1028698 threads (0.0% utilization)
2025-07-28 22:35:35,322 - INFO     - root        : [START] USER_THREAD_COUNT: mterry has 24/1028698 threads (0.0% utilization)
2025-07-28 22:35:36,153 - INFO     - root        : [ROCOTO_SUCCESS_ATTEMPT_1] USER_THREAD_COUNT: mterry has 24/1028698 threads (0.0% utilization)
2025-07-28 22:35:36,153 - INFO     - root        : Rocoto call successful on attempt 1: call_time=0.77s, total_time=0.77s
2025-07-28 22:35:36,938 - INFO     - root        : [ROCOTO_SUCCESS_ATTEMPT_1] USER_THREAD_COUNT: mterry has 24/1028698 threads (0.0% utilization)
2025-07-28 22:35:36,938 - INFO     - root        : Rocoto call successful on attempt 1: call_time=0.73s, total_time=0.73s
2025-07-28 22:35:36,989 - INFO     - root        : [END] USER_THREAD_COUNT: mterry has 24/1028698 threads (0.0% utilization)
2025-07-28 22:41:38,388 - INFO     - root        : [START] USER_THREAD_COUNT: mterry has 24/1028698 threads (0.0% utilization)
2025-07-28 22:41:39,218 - INFO     - root        : [ROCOTO_SUCCESS_ATTEMPT_1] USER_THREAD_COUNT: mterry has 24/1028698 threads (0.0% utilization)
2025-07-28 22:41:39,218 - INFO     - root        : Rocoto call successful on attempt 1: call_time=0.77s, total_time=0.77s
2025-07-28 22:41:40,002 - INFO     - root        : [ROCOTO_SUCCESS_ATTEMPT_1] USER_THREAD_COUNT: mterry has 24/1028698 threads (0.0% utilization)
2025-07-28 22:41:40,002 - INFO     - root        : Rocoto call successful on attempt 1: call_time=0.73s, total_time=0.73s
2025-07-28 22:41:40,053 - INFO     - root        : [END] USER_THREAD_COUNT: mterry has 24/1028698 threads (0.0% utilization)
2025-07-28 22:47:41,442 - INFO     - root        : [START] USER_THREAD_COUNT: mterry has 24/1028698 threads (0.0% utilization)
2025-07-28 22:47:42,272 - INFO     - root        : [ROCOTO_SUCCESS_ATTEMPT_1] USER_THREAD_COUNT: mterry has 24/1028698 threads (0.0% utilization)
2025-07-28 22:47:42,272 - INFO     - root        : Rocoto call successful on attempt 1: call_time=0.77s, total_time=0.77s
2025-07-28 22:47:43,058 - INFO     - root        : [ROCOTO_SUCCESS_ATTEMPT_1] USER_THREAD_COUNT: mterry has 24/1028698 threads (0.0% utilization)
2025-07-28 22:47:43,058 - INFO     - root        : Rocoto call successful on attempt 1: call_time=0.73s, total_time=0.73s
2025-07-28 22:47:43,109 - INFO     - root        : [END] USER_THREAD_COUNT: mterry has 24/1028698 threads (0.0% utilization)
2025-07-28 22:53:45,842 - INFO     - root        : [START] USER_THREAD_COUNT: mterry has 24/1028698 threads (0.0% utilization)
2025-07-28 22:53:46,673 - INFO     - root        : [ROCOTO_SUCCESS_ATTEMPT_1] USER_THREAD_COUNT: mterry has 24/1028698 threads (0.0% utilization)
2025-07-28 22:53:46,674 - INFO     - root        : Rocoto call successful on attempt 1: call_time=0.77s, total_time=0.77s
2025-07-28 22:53:47,456 - INFO     - root        : [ROCOTO_SUCCESS_ATTEMPT_1] USER_THREAD_COUNT: mterry has 26/1028698 threads (0.0% utilization)
2025-07-28 22:53:47,456 - INFO     - root        : Rocoto call successful on attempt 1: call_time=0.73s, total_time=0.73s
2025-07-28 22:53:47,508 - INFO     - root        : [END] USER_THREAD_COUNT: mterry has 24/1028698 threads (0.0% utilization)
2025-07-28 22:59:49,080 - INFO     - root        : [START] USER_THREAD_COUNT: mterry has 24/1028698 threads (0.0% utilization)
2025-07-28 22:59:49,914 - INFO     - root        : [ROCOTO_SUCCESS_ATTEMPT_1] USER_THREAD_COUNT: mterry has 24/1028698 threads (0.0% utilization)
2025-07-28 22:59:49,914 - INFO     - root        : Rocoto call successful on attempt 1: call_time=0.78s, total_time=0.78s
2025-07-28 22:59:50,695 - INFO     - root        : [ROCOTO_SUCCESS_ATTEMPT_1] USER_THREAD_COUNT: mterry has 24/1028698 threads (0.0% utilization)
2025-07-28 22:59:50,695 - INFO     - root        : Rocoto call successful on attempt 1: call_time=0.73s, total_time=0.73s
2025-07-28 22:59:50,746 - INFO     - root        : [END] USER_THREAD_COUNT: mterry has 24/1028698 threads (0.0% utilization)
2025-07-28 23:05:52,266 - INFO     - root        : [START] USER_THREAD_COUNT: mterry has 37/1028698 threads (0.0% utilization)
2025-07-28 23:05:53,099 - INFO     - root        : [ROCOTO_SUCCESS_ATTEMPT_1] USER_THREAD_COUNT: mterry has 37/1028698 threads (0.0% utilization)
2025-07-28 23:05:53,099 - INFO     - root        : Rocoto call successful on attempt 1: call_time=0.78s, total_time=0.78s
2025-07-28 23:05:53,882 - INFO     - root        : [ROCOTO_SUCCESS_ATTEMPT_1] USER_THREAD_COUNT: mterry has 37/1028698 threads (0.0% utilization)
2025-07-28 23:05:53,882 - INFO     - root        : Rocoto call successful on attempt 1: call_time=0.73s, total_time=0.73s
2025-07-28 23:05:53,933 - INFO     - root        : [END] USER_THREAD_COUNT: mterry has 37/1028698 threads (0.0% utilization)
2025-07-28 23:11:55,300 - INFO     - root        : [START] USER_THREAD_COUNT: mterry has 37/1028698 threads (0.0% utilization)
2025-07-28 23:11:56,135 - INFO     - root        : [ROCOTO_SUCCESS_ATTEMPT_1] USER_THREAD_COUNT: mterry has 37/1028698 threads (0.0% utilization)
2025-07-28 23:11:56,135 - INFO     - root        : Rocoto call successful on attempt 1: call_time=0.78s, total_time=0.78s
2025-07-28 23:11:56,931 - INFO     - root        : [ROCOTO_SUCCESS_ATTEMPT_1] USER_THREAD_COUNT: mterry has 37/1028698 threads (0.0% utilization)
2025-07-28 23:11:56,931 - INFO     - root        : Rocoto call successful on attempt 1: call_time=0.74s, total_time=0.74s
2025-07-28 23:11:56,982 - INFO     - root        : [END] USER_THREAD_COUNT: mterry has 37/1028698 threads (0.0% utilization)
2025-07-28 23:17:58,289 - INFO     - root        : [START] USER_THREAD_COUNT: mterry has 37/1028698 threads (0.0% utilization)
2025-07-28 23:17:59,119 - INFO     - root        : [ROCOTO_SUCCESS_ATTEMPT_1] USER_THREAD_COUNT: mterry has 37/1028698 threads (0.0% utilization)
2025-07-28 23:17:59,119 - INFO     - root        : Rocoto call successful on attempt 1: call_time=0.77s, total_time=0.77s
2025-07-28 23:17:59,902 - INFO     - root        : [ROCOTO_SUCCESS_ATTEMPT_1] USER_THREAD_COUNT: mterry has 37/1028698 threads (0.0% utilization)
2025-07-28 23:17:59,902 - INFO     - root        : Rocoto call successful on attempt 1: call_time=0.73s, total_time=0.73s
2025-07-28 23:17:59,953 - INFO     - root        : [END] USER_THREAD_COUNT: mterry has 37/1028698 threads (0.0% utilization)
2025-07-28 23:24:01,312 - INFO     - root        : [START] USER_THREAD_COUNT: mterry has 24/1028698 threads (0.0% utilization)
2025-07-28 23:24:02,172 - INFO     - root        : [ROCOTO_SUCCESS_ATTEMPT_1] USER_THREAD_COUNT: mterry has 24/1028698 threads (0.0% utilization)
2025-07-28 23:24:02,172 - INFO     - root        : Rocoto call successful on attempt 1: call_time=0.80s, total_time=0.80s
2025-07-28 23:24:02,975 - INFO     - root        : [ROCOTO_SUCCESS_ATTEMPT_1] USER_THREAD_COUNT: mterry has 24/1028698 threads (0.0% utilization)
2025-07-28 23:24:02,975 - INFO     - root        : Rocoto call successful on attempt 1: call_time=0.74s, total_time=0.74s
2025-07-28 23:24:03,032 - INFO     - root        : [END] USER_THREAD_COUNT: mterry has 24/1028698 threads (0.0% utilization)
2025-07-28 23:30:04,393 - INFO     - root        : [START] USER_THREAD_COUNT: mterry has 37/1028698 threads (0.0% utilization)
2025-07-28 23:30:05,228 - INFO     - root        : [ROCOTO_SUCCESS_ATTEMPT_1] USER_THREAD_COUNT: mterry has 37/1028698 threads (0.0% utilization)
2025-07-28 23:30:05,228 - INFO     - root        : Rocoto call successful on attempt 1: call_time=0.78s, total_time=0.78s
2025-07-28 23:30:06,033 - INFO     - root        : [ROCOTO_SUCCESS_ATTEMPT_1] USER_THREAD_COUNT: mterry has 37/1028698 threads (0.0% utilization)
2025-07-28 23:30:06,033 - INFO     - root        : Rocoto call successful on attempt 1: call_time=0.75s, total_time=0.75s
2025-07-28 23:30:06,091 - INFO     - root        : [END] USER_THREAD_COUNT: mterry has 37/1028698 threads (0.0% utilization)
2025-07-28 23:36:07,424 - INFO     - root        : [START] USER_THREAD_COUNT: mterry has 37/1028698 threads (0.0% utilization)
2025-07-28 23:36:08,267 - INFO     - root        : [ROCOTO_SUCCESS_ATTEMPT_1] USER_THREAD_COUNT: mterry has 37/1028698 threads (0.0% utilization)
2025-07-28 23:36:08,267 - INFO     - root        : Rocoto call successful on attempt 1: call_time=0.78s, total_time=0.78s
2025-07-28 23:36:09,057 - INFO     - root        : [ROCOTO_SUCCESS_ATTEMPT_1] USER_THREAD_COUNT: mterry has 37/1028698 threads (0.0% utilization)
2025-07-28 23:36:09,057 - INFO     - root        : Rocoto call successful on attempt 1: call_time=0.73s, total_time=0.73s
2025-07-28 23:36:09,118 - INFO     - root        : [END] USER_THREAD_COUNT: mterry has 37/1028698 threads (0.0% utilization)
2025-07-28 23:42:10,432 - INFO     - root        : [START] USER_THREAD_COUNT: mterry has 24/1028698 threads (0.0% utilization)
2025-07-28 23:42:11,269 - INFO     - root        : [ROCOTO_SUCCESS_ATTEMPT_1] USER_THREAD_COUNT: mterry has 24/1028698 threads (0.0% utilization)
2025-07-28 23:42:11,269 - INFO     - root        : Rocoto call successful on attempt 1: call_time=0.78s, total_time=0.78s
2025-07-28 23:42:12,056 - INFO     - root        : [ROCOTO_SUCCESS_ATTEMPT_1] USER_THREAD_COUNT: mterry has 24/1028698 threads (0.0% utilization)
2025-07-28 23:42:12,056 - INFO     - root        : Rocoto call successful on attempt 1: call_time=0.73s, total_time=0.73s
2025-07-28 23:42:12,111 - INFO     - root        : [END] USER_THREAD_COUNT: mterry has 24/1028698 threads (0.0% utilization)
2025-07-28 23:48:13,431 - INFO     - root        : [START] USER_THREAD_COUNT: mterry has 24/1028698 threads (0.0% utilization)
2025-07-28 23:48:14,272 - INFO     - root        : [ROCOTO_SUCCESS_ATTEMPT_1] USER_THREAD_COUNT: mterry has 24/1028698 threads (0.0% utilization)
2025-07-28 23:48:14,272 - INFO     - root        : Rocoto call successful on attempt 1: call_time=0.78s, total_time=0.78s
2025-07-28 23:48:15,063 - INFO     - root        : [ROCOTO_SUCCESS_ATTEMPT_1] USER_THREAD_COUNT: mterry has 24/1028698 threads (0.0% utilization)
2025-07-28 23:48:15,063 - INFO     - root        : Rocoto call successful on attempt 1: call_time=0.74s, total_time=0.74s
2025-07-28 23:48:15,114 - INFO     - root        : [END] USER_THREAD_COUNT: mterry has 24/1028698 threads (0.0% utilization)
2025-07-28 23:54:16,428 - INFO     - root        : [START] USER_THREAD_COUNT: mterry has 24/1028698 threads (0.0% utilization)
2025-07-28 23:54:17,262 - INFO     - root        : [ROCOTO_SUCCESS_ATTEMPT_1] USER_THREAD_COUNT: mterry has 24/1028698 threads (0.0% utilization)
2025-07-28 23:54:17,262 - INFO     - root        : Rocoto call successful on attempt 1: call_time=0.78s, total_time=0.78s
2025-07-28 23:54:18,051 - INFO     - root        : [ROCOTO_SUCCESS_ATTEMPT_1] USER_THREAD_COUNT: mterry has 24/1028698 threads (0.0% utilization)
2025-07-28 23:54:18,051 - INFO     - root        : Rocoto call successful on attempt 1: call_time=0.73s, total_time=0.73s
2025-07-28 23:54:18,102 - INFO     - root        : [END] USER_THREAD_COUNT: mterry has 24/1028698 threads (0.0% utilization)
2025-07-29 00:00:19,504 - INFO     - root        : [START] USER_THREAD_COUNT: mterry has 24/1028698 threads (0.0% utilization)
2025-07-29 00:00:20,341 - INFO     - root        : [ROCOTO_SUCCESS_ATTEMPT_1] USER_THREAD_COUNT: mterry has 24/1028698 threads (0.0% utilization)
2025-07-29 00:00:20,341 - INFO     - root        : Rocoto call successful on attempt 1: call_time=0.78s, total_time=0.78s
2025-07-29 00:00:21,131 - INFO     - root        : [ROCOTO_SUCCESS_ATTEMPT_1] USER_THREAD_COUNT: mterry has 24/1028698 threads (0.0% utilization)
2025-07-29 00:00:21,131 - INFO     - root        : Rocoto call successful on attempt 1: call_time=0.73s, total_time=0.73s
2025-07-29 00:00:21,182 - INFO     - root        : [END] USER_THREAD_COUNT: mterry has 24/1028698 threads (0.0% utilization)
2025-07-29 00:06:22,668 - INFO     - root        : [START] USER_THREAD_COUNT: mterry has 24/1028698 threads (0.0% utilization)
2025-07-29 00:06:23,506 - INFO     - root        : [ROCOTO_SUCCESS_ATTEMPT_1] USER_THREAD_COUNT: mterry has 24/1028698 threads (0.0% utilization)
2025-07-29 00:06:23,506 - INFO     - root        : Rocoto call successful on attempt 1: call_time=0.78s, total_time=0.78s
2025-07-29 00:06:24,291 - INFO     - root        : [ROCOTO_SUCCESS_ATTEMPT_1] USER_THREAD_COUNT: mterry has 24/1028698 threads (0.0% utilization)
2025-07-29 00:06:24,291 - INFO     - root        : Rocoto call successful on attempt 1: call_time=0.73s, total_time=0.73s
2025-07-29 00:06:24,343 - INFO     - root        : [END] USER_THREAD_COUNT: mterry has 24/1028698 threads (0.0% utilization)
2025-07-29 00:12:26,120 - INFO     - root        : [START] USER_THREAD_COUNT: mterry has 50/1028698 threads (0.0% utilization)
2025-07-29 00:12:26,955 - INFO     - root        : [ROCOTO_SUCCESS_ATTEMPT_1] USER_THREAD_COUNT: mterry has 50/1028698 threads (0.0% utilization)
2025-07-29 00:12:26,956 - INFO     - root        : Rocoto call successful on attempt 1: call_time=0.78s, total_time=0.78s
2025-07-29 00:12:27,743 - INFO     - root        : [ROCOTO_SUCCESS_ATTEMPT_1] USER_THREAD_COUNT: mterry has 50/1028698 threads (0.0% utilization)
2025-07-29 00:12:27,744 - INFO     - root        : Rocoto call successful on attempt 1: call_time=0.73s, total_time=0.73s
2025-07-29 00:12:27,796 - INFO     - root        : [END] USER_THREAD_COUNT: mterry has 50/1028698 threads (0.0% utilization)
2025-07-29 00:18:29,230 - INFO     - root        : [START] USER_THREAD_COUNT: mterry has 37/1028698 threads (0.0% utilization)
2025-07-29 00:18:30,066 - INFO     - root        : [ROCOTO_SUCCESS_ATTEMPT_1] USER_THREAD_COUNT: mterry has 37/1028698 threads (0.0% utilization)
2025-07-29 00:18:30,066 - INFO     - root        : Rocoto call successful on attempt 1: call_time=0.78s, total_time=0.78s
2025-07-29 00:18:30,853 - INFO     - root        : [ROCOTO_SUCCESS_ATTEMPT_1] USER_THREAD_COUNT: mterry has 37/1028698 threads (0.0% utilization)
2025-07-29 00:18:30,853 - INFO     - root        : Rocoto call successful on attempt 1: call_time=0.73s, total_time=0.73s
2025-07-29 00:18:30,905 - INFO     - root        : [END] USER_THREAD_COUNT: mterry has 37/1028698 threads (0.0% utilization)
2025-07-29 00:24:32,232 - INFO     - root        : [START] USER_THREAD_COUNT: mterry has 37/1028698 threads (0.0% utilization)
2025-07-29 00:24:33,076 - INFO     - root        : [ROCOTO_SUCCESS_ATTEMPT_1] USER_THREAD_COUNT: mterry has 37/1028698 threads (0.0% utilization)
2025-07-29 00:24:33,076 - INFO     - root        : Rocoto call successful on attempt 1: call_time=0.79s, total_time=0.79s
2025-07-29 00:24:33,859 - INFO     - root        : [ROCOTO_SUCCESS_ATTEMPT_1] USER_THREAD_COUNT: mterry has 37/1028698 threads (0.0% utilization)
2025-07-29 00:24:33,859 - INFO     - root        : Rocoto call successful on attempt 1: call_time=0.73s, total_time=0.73s
2025-07-29 00:24:33,910 - INFO     - root        : [END] USER_THREAD_COUNT: mterry has 37/1028698 threads (0.0% utilization)
2025-07-29 00:30:35,487 - INFO     - root        : [START] USER_THREAD_COUNT: mterry has 24/1028698 threads (0.0% utilization)
2025-07-29 00:30:36,325 - INFO     - root        : [ROCOTO_SUCCESS_ATTEMPT_1] USER_THREAD_COUNT: mterry has 24/1028698 threads (0.0% utilization)
2025-07-29 00:30:36,325 - INFO     - root        : Rocoto call successful on attempt 1: call_time=0.78s, total_time=0.78s
2025-07-29 00:30:37,112 - INFO     - root        : [ROCOTO_SUCCESS_ATTEMPT_1] USER_THREAD_COUNT: mterry has 24/1028698 threads (0.0% utilization)
2025-07-29 00:30:37,112 - INFO     - root        : Rocoto call successful on attempt 1: call_time=0.73s, total_time=0.73s
2025-07-29 00:30:37,163 - INFO     - root        : [END] USER_THREAD_COUNT: mterry has 24/1028698 threads (0.0% utilization)
2025-07-29 00:36:38,542 - INFO     - root        : [START] USER_THREAD_COUNT: mterry has 24/1028698 threads (0.0% utilization)
2025-07-29 00:36:39,374 - INFO     - root        : [ROCOTO_SUCCESS_ATTEMPT_1] USER_THREAD_COUNT: mterry has 24/1028698 threads (0.0% utilization)
2025-07-29 00:36:39,374 - INFO     - root        : Rocoto call successful on attempt 1: call_time=0.78s, total_time=0.78s
2025-07-29 00:36:40,161 - INFO     - root        : [ROCOTO_SUCCESS_ATTEMPT_1] USER_THREAD_COUNT: mterry has 24/1028698 threads (0.0% utilization)
2025-07-29 00:36:40,161 - INFO     - root        : Rocoto call successful on attempt 1: call_time=0.73s, total_time=0.73s
2025-07-29 00:36:40,212 - INFO     - root        : [END] USER_THREAD_COUNT: mterry has 24/1028698 threads (0.0% utilization)
2025-07-29 00:42:41,520 - INFO     - root        : [START] USER_THREAD_COUNT: mterry has 89/1028698 threads (0.01% utilization)
2025-07-29 00:42:42,356 - INFO     - root        : [ROCOTO_SUCCESS_ATTEMPT_1] USER_THREAD_COUNT: mterry has 89/1028698 threads (0.01% utilization)
2025-07-29 00:42:42,356 - INFO     - root        : Rocoto call successful on attempt 1: call_time=0.78s, total_time=0.78s
2025-07-29 00:42:43,142 - INFO     - root        : [ROCOTO_SUCCESS_ATTEMPT_1] USER_THREAD_COUNT: mterry has 89/1028698 threads (0.01% utilization)
2025-07-29 00:42:43,143 - INFO     - root        : Rocoto call successful on attempt 1: call_time=0.73s, total_time=0.73s
2025-07-29 00:42:43,195 - INFO     - root        : [END] USER_THREAD_COUNT: mterry has 89/1028698 threads (0.01% utilization)
2025-07-29 00:48:44,743 - INFO     - root        : [START] USER_THREAD_COUNT: mterry has 74/1028698 threads (0.01% utilization)
2025-07-29 00:48:45,578 - INFO     - root        : [ROCOTO_SUCCESS_ATTEMPT_1] USER_THREAD_COUNT: mterry has 74/1028698 threads (0.01% utilization)
2025-07-29 00:48:45,578 - INFO     - root        : Rocoto call successful on attempt 1: call_time=0.78s, total_time=0.78s
2025-07-29 00:48:46,366 - INFO     - root        : [ROCOTO_SUCCESS_ATTEMPT_1] USER_THREAD_COUNT: mterry has 74/1028698 threads (0.01% utilization)
2025-07-29 00:48:46,366 - INFO     - root        : Rocoto call successful on attempt 1: call_time=0.73s, total_time=0.73s
2025-07-29 00:48:46,418 - INFO     - root        : [END] USER_THREAD_COUNT: mterry has 74/1028698 threads (0.01% utilization)
2025-07-29 00:54:53,060 - INFO     - root        : [START] USER_THREAD_COUNT: mterry has 48/1028698 threads (0.0% utilization)
2025-07-29 00:54:53,903 - INFO     - root        : [ROCOTO_SUCCESS_ATTEMPT_1] USER_THREAD_COUNT: mterry has 48/1028698 threads (0.0% utilization)
2025-07-29 00:54:53,903 - INFO     - root        : Rocoto call successful on attempt 1: call_time=0.78s, total_time=0.78s
2025-07-29 00:54:54,689 - INFO     - root        : [ROCOTO_SUCCESS_ATTEMPT_1] USER_THREAD_COUNT: mterry has 48/1028698 threads (0.0% utilization)
2025-07-29 00:54:54,689 - INFO     - root        : Rocoto call successful on attempt 1: call_time=0.73s, total_time=0.73s
2025-07-29 00:54:54,741 - INFO     - root        : [END] USER_THREAD_COUNT: mterry has 48/1028698 threads (0.0% utilization)
