2025-07-28 14:49:35,260 - INFO     - root        : [START] USER_THREAD_COUNT: mterry has 32/1028698 threads (0.0% utilization)
2025-07-28 14:49:35,969 - INFO     - root        : [ROCOTO_SUCCESS_ATTEMPT_1] USER_THREAD_COUNT: mterry has 60/1028698 threads (0.01% utilization)
2025-07-28 14:49:35,969 - INFO     - root        : Rocoto call successful on attempt 1: call_time=0.64s, total_time=0.64s
2025-07-28 14:49:36,656 - INFO     - root        : [ROCOTO_SUCCESS_ATTEMPT_1] USER_THREAD_COUNT: mterry has 69/1028698 threads (0.01% utilization)
2025-07-28 14:49:36,656 - INFO     - root        : Rocoto call successful on attempt 1: call_time=0.63s, total_time=0.63s
2025-07-28 14:49:36,718 - INFO     - root        : [END] USER_THREAD_COUNT: mterry has 64/1028698 threads (0.01% utilization)
2025-07-28 14:55:37,902 - INFO     - root        : [START] USER_THREAD_COUNT: mterry has 70/1028698 threads (0.01% utilization)
2025-07-28 14:55:38,598 - INFO     - root        : [ROCOTO_SUCCESS_ATTEMPT_1] USER_THREAD_COUNT: mterry has 74/1028698 threads (0.01% utilization)
2025-07-28 14:55:38,598 - INFO     - root        : Rocoto call successful on attempt 1: call_time=0.63s, total_time=0.63s
2025-07-28 14:55:39,293 - INFO     - root        : [ROCOTO_SUCCESS_ATTEMPT_1] USER_THREAD_COUNT: mterry has 91/1028698 threads (0.01% utilization)
2025-07-28 14:55:39,293 - INFO     - root        : Rocoto call successful on attempt 1: call_time=0.63s, total_time=0.63s
2025-07-28 14:55:39,353 - INFO     - root        : [END] USER_THREAD_COUNT: mterry has 104/1028698 threads (0.01% utilization)
2025-07-28 15:01:40,504 - INFO     - root        : [START] USER_THREAD_COUNT: mterry has 31/1028698 threads (0.0% utilization)
2025-07-28 15:01:41,208 - INFO     - root        : [ROCOTO_SUCCESS_ATTEMPT_1] USER_THREAD_COUNT: mterry has 37/1028698 threads (0.0% utilization)
2025-07-28 15:01:41,209 - INFO     - root        : Rocoto call successful on attempt 1: call_time=0.64s, total_time=0.64s
2025-07-28 15:01:41,952 - INFO     - root        : [ROCOTO_SUCCESS_ATTEMPT_1] USER_THREAD_COUNT: mterry has 33/1028698 threads (0.0% utilization)
2025-07-28 15:01:41,952 - INFO     - root        : Rocoto call successful on attempt 1: call_time=0.69s, total_time=0.69s
2025-07-28 15:01:42,009 - INFO     - root        : [END] USER_THREAD_COUNT: mterry has 35/1028698 threads (0.0% utilization)
2025-07-28 15:07:43,189 - INFO     - root        : [START] USER_THREAD_COUNT: mterry has 32/1028698 threads (0.0% utilization)
2025-07-28 15:07:43,919 - INFO     - root        : [ROCOTO_SUCCESS_ATTEMPT_1] USER_THREAD_COUNT: mterry has 42/1028698 threads (0.0% utilization)
2025-07-28 15:07:43,919 - INFO     - root        : Rocoto call successful on attempt 1: call_time=0.66s, total_time=0.66s
2025-07-28 15:07:44,620 - INFO     - root        : [ROCOTO_SUCCESS_ATTEMPT_1] USER_THREAD_COUNT: mterry has 44/1028698 threads (0.0% utilization)
2025-07-28 15:07:44,620 - INFO     - root        : Rocoto call successful on attempt 1: call_time=0.64s, total_time=0.64s
2025-07-28 15:07:44,681 - INFO     - root        : [END] USER_THREAD_COUNT: mterry has 29/1028698 threads (0.0% utilization)
2025-07-28 15:13:45,850 - INFO     - root        : [START] USER_THREAD_COUNT: mterry has 37/1028698 threads (0.0% utilization)
2025-07-28 15:13:46,542 - INFO     - root        : [ROCOTO_SUCCESS_ATTEMPT_1] USER_THREAD_COUNT: mterry has 33/1028698 threads (0.0% utilization)
2025-07-28 15:13:46,542 - INFO     - root        : Rocoto call successful on attempt 1: call_time=0.63s, total_time=0.63s
2025-07-28 15:13:47,223 - INFO     - root        : [ROCOTO_SUCCESS_ATTEMPT_1] USER_THREAD_COUNT: mterry has 50/1028698 threads (0.0% utilization)
2025-07-28 15:13:47,224 - INFO     - root        : Rocoto call successful on attempt 1: call_time=0.62s, total_time=0.62s
2025-07-28 15:13:47,281 - INFO     - root        : [END] USER_THREAD_COUNT: mterry has 53/1028698 threads (0.01% utilization)
2025-07-28 15:19:48,691 - INFO     - root        : [START] USER_THREAD_COUNT: mterry has 31/1028698 threads (0.0% utilization)
2025-07-28 15:19:49,405 - INFO     - root        : [ROCOTO_SUCCESS_ATTEMPT_1] USER_THREAD_COUNT: mterry has 32/1028698 threads (0.0% utilization)
2025-07-28 15:19:49,405 - INFO     - root        : Rocoto call successful on attempt 1: call_time=0.65s, total_time=0.65s
2025-07-28 15:19:50,088 - INFO     - root        : [ROCOTO_SUCCESS_ATTEMPT_1] USER_THREAD_COUNT: mterry has 60/1028698 threads (0.01% utilization)
2025-07-28 15:19:50,088 - INFO     - root        : Rocoto call successful on attempt 1: call_time=0.62s, total_time=0.62s
2025-07-28 15:19:50,149 - INFO     - root        : [END] USER_THREAD_COUNT: mterry has 43/1028698 threads (0.0% utilization)
2025-07-28 15:25:51,315 - INFO     - root        : [START] USER_THREAD_COUNT: mterry has 46/1028698 threads (0.0% utilization)
2025-07-28 15:25:52,025 - INFO     - root        : [ROCOTO_SUCCESS_ATTEMPT_1] USER_THREAD_COUNT: mterry has 50/1028698 threads (0.0% utilization)
2025-07-28 15:25:52,025 - INFO     - root        : Rocoto call successful on attempt 1: call_time=0.65s, total_time=0.65s
2025-07-28 15:25:52,745 - INFO     - root        : [ROCOTO_SUCCESS_ATTEMPT_1] USER_THREAD_COUNT: mterry has 65/1028698 threads (0.01% utilization)
2025-07-28 15:25:52,746 - INFO     - root        : Rocoto call successful on attempt 1: call_time=0.66s, total_time=0.66s
2025-07-28 15:25:52,804 - INFO     - root        : [END] USER_THREAD_COUNT: mterry has 54/1028698 threads (0.01% utilization)
2025-07-28 15:31:53,928 - INFO     - root        : [START] USER_THREAD_COUNT: mterry has 63/1028698 threads (0.01% utilization)
2025-07-28 15:31:54,625 - INFO     - root        : [ROCOTO_SUCCESS_ATTEMPT_1] USER_THREAD_COUNT: mterry has 61/1028698 threads (0.01% utilization)
2025-07-28 15:31:54,625 - INFO     - root        : Rocoto call successful on attempt 1: call_time=0.64s, total_time=0.64s
2025-07-28 15:31:55,308 - INFO     - root        : [ROCOTO_SUCCESS_ATTEMPT_1] USER_THREAD_COUNT: mterry has 64/1028698 threads (0.01% utilization)
2025-07-28 15:31:55,309 - INFO     - root        : Rocoto call successful on attempt 1: call_time=0.62s, total_time=0.62s
2025-07-28 15:31:55,364 - INFO     - root        : [END] USER_THREAD_COUNT: mterry has 66/1028698 threads (0.01% utilization)
2025-07-28 15:37:56,478 - INFO     - root        : [START] USER_THREAD_COUNT: mterry has 32/1028698 threads (0.0% utilization)
2025-07-28 15:37:57,175 - INFO     - root        : [ROCOTO_SUCCESS_ATTEMPT_1] USER_THREAD_COUNT: mterry has 31/1028698 threads (0.0% utilization)
2025-07-28 15:37:57,175 - INFO     - root        : Rocoto call successful on attempt 1: call_time=0.64s, total_time=0.64s
2025-07-28 15:37:57,850 - INFO     - root        : [ROCOTO_SUCCESS_ATTEMPT_1] USER_THREAD_COUNT: mterry has 34/1028698 threads (0.0% utilization)
2025-07-28 15:37:57,850 - INFO     - root        : Rocoto call successful on attempt 1: call_time=0.62s, total_time=0.62s
2025-07-28 15:37:57,905 - INFO     - root        : [END] USER_THREAD_COUNT: mterry has 31/1028698 threads (0.0% utilization)
2025-07-28 15:43:59,114 - INFO     - root        : [START] USER_THREAD_COUNT: mterry has 31/1028698 threads (0.0% utilization)
2025-07-28 15:43:59,816 - INFO     - root        : [ROCOTO_SUCCESS_ATTEMPT_1] USER_THREAD_COUNT: mterry has 31/1028698 threads (0.0% utilization)
2025-07-28 15:43:59,816 - INFO     - root        : Rocoto call successful on attempt 1: call_time=0.64s, total_time=0.64s
2025-07-28 15:44:00,494 - INFO     - root        : [ROCOTO_SUCCESS_ATTEMPT_1] USER_THREAD_COUNT: mterry has 33/1028698 threads (0.0% utilization)
2025-07-28 15:44:00,494 - INFO     - root        : Rocoto call successful on attempt 1: call_time=0.62s, total_time=0.62s
2025-07-28 15:44:00,552 - INFO     - root        : [END] USER_THREAD_COUNT: mterry has 28/1028698 threads (0.0% utilization)
2025-07-28 15:50:01,727 - INFO     - root        : [START] USER_THREAD_COUNT: mterry has 60/1028698 threads (0.01% utilization)
2025-07-28 15:50:02,508 - INFO     - root        : [ROCOTO_SUCCESS_ATTEMPT_1] USER_THREAD_COUNT: mterry has 58/1028698 threads (0.01% utilization)
2025-07-28 15:50:02,508 - INFO     - root        : Rocoto call successful on attempt 1: call_time=0.71s, total_time=0.71s
2025-07-28 15:50:03,241 - INFO     - root        : [ROCOTO_SUCCESS_ATTEMPT_1] USER_THREAD_COUNT: mterry has 56/1028698 threads (0.01% utilization)
2025-07-28 15:50:03,241 - INFO     - root        : Rocoto call successful on attempt 1: call_time=0.67s, total_time=0.67s
2025-07-28 15:50:03,305 - INFO     - root        : [END] USER_THREAD_COUNT: mterry has 56/1028698 threads (0.01% utilization)
2025-07-28 15:56:04,469 - INFO     - root        : [START] USER_THREAD_COUNT: mterry has 31/1028698 threads (0.0% utilization)
2025-07-28 15:56:05,185 - INFO     - root        : [ROCOTO_SUCCESS_ATTEMPT_1] USER_THREAD_COUNT: mterry has 34/1028698 threads (0.0% utilization)
2025-07-28 15:56:05,185 - INFO     - root        : Rocoto call successful on attempt 1: call_time=0.65s, total_time=0.65s
2025-07-28 15:56:05,874 - INFO     - root        : [ROCOTO_SUCCESS_ATTEMPT_1] USER_THREAD_COUNT: mterry has 31/1028698 threads (0.0% utilization)
2025-07-28 15:56:05,874 - INFO     - root        : Rocoto call successful on attempt 1: call_time=0.63s, total_time=0.63s
2025-07-28 15:56:05,933 - INFO     - root        : [END] USER_THREAD_COUNT: mterry has 29/1028698 threads (0.0% utilization)
2025-07-28 16:02:07,087 - INFO     - root        : [START] USER_THREAD_COUNT: mterry has 47/1028698 threads (0.0% utilization)
2025-07-28 16:02:07,786 - INFO     - root        : [ROCOTO_SUCCESS_ATTEMPT_1] USER_THREAD_COUNT: mterry has 47/1028698 threads (0.0% utilization)
2025-07-28 16:02:07,787 - INFO     - root        : Rocoto call successful on attempt 1: call_time=0.64s, total_time=0.64s
2025-07-28 16:02:08,474 - INFO     - root        : [ROCOTO_SUCCESS_ATTEMPT_1] USER_THREAD_COUNT: mterry has 42/1028698 threads (0.0% utilization)
2025-07-28 16:02:08,475 - INFO     - root        : Rocoto call successful on attempt 1: call_time=0.63s, total_time=0.63s
2025-07-28 16:02:08,532 - INFO     - root        : [END] USER_THREAD_COUNT: mterry has 43/1028698 threads (0.0% utilization)
2025-07-28 16:08:09,784 - INFO     - root        : [START] USER_THREAD_COUNT: mterry has 41/1028698 threads (0.0% utilization)
2025-07-28 16:08:10,486 - INFO     - root        : [ROCOTO_SUCCESS_ATTEMPT_1] USER_THREAD_COUNT: mterry has 41/1028698 threads (0.0% utilization)
2025-07-28 16:08:10,487 - INFO     - root        : Rocoto call successful on attempt 1: call_time=0.64s, total_time=0.64s
2025-07-28 16:08:11,170 - INFO     - root        : [ROCOTO_SUCCESS_ATTEMPT_1] USER_THREAD_COUNT: mterry has 29/1028698 threads (0.0% utilization)
2025-07-28 16:08:11,170 - INFO     - root        : Rocoto call successful on attempt 1: call_time=0.63s, total_time=0.63s
2025-07-28 16:08:11,227 - INFO     - root        : [END] USER_THREAD_COUNT: mterry has 30/1028698 threads (0.0% utilization)
2025-07-28 16:14:12,379 - INFO     - root        : [START] USER_THREAD_COUNT: mterry has 49/1028698 threads (0.0% utilization)
2025-07-28 16:14:13,082 - INFO     - root        : [ROCOTO_SUCCESS_ATTEMPT_1] USER_THREAD_COUNT: mterry has 54/1028698 threads (0.01% utilization)
2025-07-28 16:14:13,082 - INFO     - root        : Rocoto call successful on attempt 1: call_time=0.64s, total_time=0.64s
2025-07-28 16:14:13,799 - INFO     - root        : [ROCOTO_SUCCESS_ATTEMPT_1] USER_THREAD_COUNT: mterry has 29/1028698 threads (0.0% utilization)
2025-07-28 16:14:13,799 - INFO     - root        : Rocoto call successful on attempt 1: call_time=0.66s, total_time=0.66s
2025-07-28 16:14:13,854 - INFO     - root        : [END] USER_THREAD_COUNT: mterry has 29/1028698 threads (0.0% utilization)
2025-07-28 16:20:14,982 - INFO     - root        : [START] USER_THREAD_COUNT: mterry has 45/1028698 threads (0.0% utilization)
2025-07-28 16:20:15,679 - INFO     - root        : [ROCOTO_SUCCESS_ATTEMPT_1] USER_THREAD_COUNT: mterry has 45/1028698 threads (0.0% utilization)
2025-07-28 16:20:15,680 - INFO     - root        : Rocoto call successful on attempt 1: call_time=0.64s, total_time=0.64s
2025-07-28 16:20:16,356 - INFO     - root        : [ROCOTO_SUCCESS_ATTEMPT_1] USER_THREAD_COUNT: mterry has 31/1028698 threads (0.0% utilization)
2025-07-28 16:20:16,356 - INFO     - root        : Rocoto call successful on attempt 1: call_time=0.62s, total_time=0.62s
2025-07-28 16:20:16,410 - INFO     - root        : [END] USER_THREAD_COUNT: mterry has 29/1028698 threads (0.0% utilization)
2025-07-28 16:26:17,540 - INFO     - root        : [START] USER_THREAD_COUNT: mterry has 32/1028698 threads (0.0% utilization)
2025-07-28 16:26:18,253 - INFO     - root        : [ROCOTO_SUCCESS_ATTEMPT_1] USER_THREAD_COUNT: mterry has 31/1028698 threads (0.0% utilization)
2025-07-28 16:26:18,254 - INFO     - root        : Rocoto call successful on attempt 1: call_time=0.65s, total_time=0.65s
2025-07-28 16:26:18,924 - INFO     - root        : [ROCOTO_SUCCESS_ATTEMPT_1] USER_THREAD_COUNT: mterry has 28/1028698 threads (0.0% utilization)
2025-07-28 16:26:18,925 - INFO     - root        : Rocoto call successful on attempt 1: call_time=0.62s, total_time=0.62s
2025-07-28 16:26:18,976 - INFO     - root        : [END] USER_THREAD_COUNT: mterry has 31/1028698 threads (0.0% utilization)
2025-07-28 16:32:20,109 - INFO     - root        : [START] USER_THREAD_COUNT: mterry has 47/1028698 threads (0.0% utilization)
2025-07-28 16:32:20,806 - INFO     - root        : [ROCOTO_SUCCESS_ATTEMPT_1] USER_THREAD_COUNT: mterry has 42/1028698 threads (0.0% utilization)
2025-07-28 16:32:20,807 - INFO     - root        : Rocoto call successful on attempt 1: call_time=0.64s, total_time=0.64s
2025-07-28 16:32:21,479 - INFO     - root        : [ROCOTO_SUCCESS_ATTEMPT_1] USER_THREAD_COUNT: mterry has 41/1028698 threads (0.0% utilization)
2025-07-28 16:32:21,479 - INFO     - root        : Rocoto call successful on attempt 1: call_time=0.62s, total_time=0.62s
2025-07-28 16:32:21,533 - INFO     - root        : [END] USER_THREAD_COUNT: mterry has 42/1028698 threads (0.0% utilization)
2025-07-28 16:38:22,665 - INFO     - root        : [START] USER_THREAD_COUNT: mterry has 42/1028698 threads (0.0% utilization)
2025-07-28 16:38:23,358 - INFO     - root        : [ROCOTO_SUCCESS_ATTEMPT_1] USER_THREAD_COUNT: mterry has 38/1028698 threads (0.0% utilization)
2025-07-28 16:38:23,358 - INFO     - root        : Rocoto call successful on attempt 1: call_time=0.63s, total_time=0.63s
2025-07-28 16:38:24,026 - INFO     - root        : [ROCOTO_SUCCESS_ATTEMPT_1] USER_THREAD_COUNT: mterry has 28/1028698 threads (0.0% utilization)
2025-07-28 16:38:24,026 - INFO     - root        : Rocoto call successful on attempt 1: call_time=0.61s, total_time=0.61s
2025-07-28 16:38:24,079 - INFO     - root        : [END] USER_THREAD_COUNT: mterry has 28/1028698 threads (0.0% utilization)
2025-07-28 16:44:25,193 - INFO     - root        : [START] USER_THREAD_COUNT: mterry has 41/1028698 threads (0.0% utilization)
2025-07-28 16:44:25,900 - INFO     - root        : [ROCOTO_SUCCESS_ATTEMPT_1] USER_THREAD_COUNT: mterry has 38/1028698 threads (0.0% utilization)
2025-07-28 16:44:25,900 - INFO     - root        : Rocoto call successful on attempt 1: call_time=0.65s, total_time=0.65s
2025-07-28 16:44:26,592 - INFO     - root        : [ROCOTO_SUCCESS_ATTEMPT_1] USER_THREAD_COUNT: mterry has 28/1028698 threads (0.0% utilization)
2025-07-28 16:44:26,592 - INFO     - root        : Rocoto call successful on attempt 1: call_time=0.64s, total_time=0.64s
2025-07-28 16:44:26,646 - INFO     - root        : [END] USER_THREAD_COUNT: mterry has 28/1028698 threads (0.0% utilization)
2025-07-28 16:50:27,789 - INFO     - root        : [START] USER_THREAD_COUNT: mterry has 42/1028698 threads (0.0% utilization)
2025-07-28 16:50:28,480 - INFO     - root        : [ROCOTO_SUCCESS_ATTEMPT_1] USER_THREAD_COUNT: mterry has 38/1028698 threads (0.0% utilization)
2025-07-28 16:50:28,480 - INFO     - root        : Rocoto call successful on attempt 1: call_time=0.63s, total_time=0.63s
2025-07-28 16:50:29,151 - INFO     - root        : [ROCOTO_SUCCESS_ATTEMPT_1] USER_THREAD_COUNT: mterry has 28/1028698 threads (0.0% utilization)
2025-07-28 16:50:29,152 - INFO     - root        : Rocoto call successful on attempt 1: call_time=0.62s, total_time=0.62s
2025-07-28 16:50:29,205 - INFO     - root        : [END] USER_THREAD_COUNT: mterry has 28/1028698 threads (0.0% utilization)
2025-07-28 16:56:30,334 - INFO     - root        : [START] USER_THREAD_COUNT: mterry has 56/1028698 threads (0.01% utilization)
2025-07-28 16:56:31,026 - INFO     - root        : [ROCOTO_SUCCESS_ATTEMPT_1] USER_THREAD_COUNT: mterry has 38/1028698 threads (0.0% utilization)
2025-07-28 16:56:31,026 - INFO     - root        : Rocoto call successful on attempt 1: call_time=0.63s, total_time=0.63s
2025-07-28 16:56:31,694 - INFO     - root        : [ROCOTO_SUCCESS_ATTEMPT_1] USER_THREAD_COUNT: mterry has 28/1028698 threads (0.0% utilization)
2025-07-28 16:56:31,694 - INFO     - root        : Rocoto call successful on attempt 1: call_time=0.61s, total_time=0.61s
2025-07-28 16:56:31,746 - INFO     - root        : [END] USER_THREAD_COUNT: mterry has 28/1028698 threads (0.0% utilization)
2025-07-28 17:02:32,878 - INFO     - root        : [START] USER_THREAD_COUNT: mterry has 63/1028698 threads (0.01% utilization)
2025-07-28 17:02:33,570 - INFO     - root        : [ROCOTO_SUCCESS_ATTEMPT_1] USER_THREAD_COUNT: mterry has 43/1028698 threads (0.0% utilization)
2025-07-28 17:02:33,570 - INFO     - root        : Rocoto call successful on attempt 1: call_time=0.63s, total_time=0.63s
2025-07-28 17:02:34,241 - INFO     - root        : [ROCOTO_SUCCESS_ATTEMPT_1] USER_THREAD_COUNT: mterry has 28/1028698 threads (0.0% utilization)
2025-07-28 17:02:34,241 - INFO     - root        : Rocoto call successful on attempt 1: call_time=0.62s, total_time=0.62s
2025-07-28 17:02:34,293 - INFO     - root        : [END] USER_THREAD_COUNT: mterry has 28/1028698 threads (0.0% utilization)
2025-07-28 17:08:35,420 - INFO     - root        : [START] USER_THREAD_COUNT: mterry has 63/1028698 threads (0.01% utilization)
2025-07-28 17:08:36,111 - INFO     - root        : [ROCOTO_SUCCESS_ATTEMPT_1] USER_THREAD_COUNT: mterry has 43/1028698 threads (0.0% utilization)
2025-07-28 17:08:36,111 - INFO     - root        : Rocoto call successful on attempt 1: call_time=0.63s, total_time=0.63s
2025-07-28 17:08:36,780 - INFO     - root        : [ROCOTO_SUCCESS_ATTEMPT_1] USER_THREAD_COUNT: mterry has 28/1028698 threads (0.0% utilization)
2025-07-28 17:08:36,780 - INFO     - root        : Rocoto call successful on attempt 1: call_time=0.61s, total_time=0.61s
2025-07-28 17:08:36,832 - INFO     - root        : [END] USER_THREAD_COUNT: mterry has 28/1028698 threads (0.0% utilization)
2025-07-28 17:14:37,968 - INFO     - root        : [START] USER_THREAD_COUNT: mterry has 59/1028698 threads (0.01% utilization)
2025-07-28 17:14:38,659 - INFO     - root        : [ROCOTO_SUCCESS_ATTEMPT_1] USER_THREAD_COUNT: mterry has 29/1028698 threads (0.0% utilization)
2025-07-28 17:14:38,659 - INFO     - root        : Rocoto call successful on attempt 1: call_time=0.63s, total_time=0.63s
2025-07-28 17:14:39,329 - INFO     - root        : [ROCOTO_SUCCESS_ATTEMPT_1] USER_THREAD_COUNT: mterry has 28/1028698 threads (0.0% utilization)
2025-07-28 17:14:39,329 - INFO     - root        : Rocoto call successful on attempt 1: call_time=0.61s, total_time=0.61s
2025-07-28 17:14:39,382 - INFO     - root        : [END] USER_THREAD_COUNT: mterry has 28/1028698 threads (0.0% utilization)
2025-07-28 17:20:40,500 - INFO     - root        : [START] USER_THREAD_COUNT: mterry has 30/1028698 threads (0.0% utilization)
2025-07-28 17:20:41,223 - INFO     - root        : [ROCOTO_SUCCESS_ATTEMPT_1] USER_THREAD_COUNT: mterry has 29/1028698 threads (0.0% utilization)
2025-07-28 17:20:41,223 - INFO     - root        : Rocoto call successful on attempt 1: call_time=0.66s, total_time=0.66s
2025-07-28 17:20:41,891 - INFO     - root        : [ROCOTO_SUCCESS_ATTEMPT_1] USER_THREAD_COUNT: mterry has 28/1028698 threads (0.0% utilization)
2025-07-28 17:20:41,891 - INFO     - root        : Rocoto call successful on attempt 1: call_time=0.61s, total_time=0.61s
2025-07-28 17:20:41,944 - INFO     - root        : [END] USER_THREAD_COUNT: mterry has 28/1028698 threads (0.0% utilization)
2025-07-28 17:26:43,066 - INFO     - root        : [START] USER_THREAD_COUNT: mterry has 29/1028698 threads (0.0% utilization)
2025-07-28 17:26:43,756 - INFO     - root        : [ROCOTO_SUCCESS_ATTEMPT_1] USER_THREAD_COUNT: mterry has 27/1028698 threads (0.0% utilization)
2025-07-28 17:26:43,756 - INFO     - root        : Rocoto call successful on attempt 1: call_time=0.63s, total_time=0.63s
2025-07-28 17:26:44,432 - INFO     - root        : [ROCOTO_SUCCESS_ATTEMPT_1] USER_THREAD_COUNT: mterry has 28/1028698 threads (0.0% utilization)
2025-07-28 17:26:44,432 - INFO     - root        : Rocoto call successful on attempt 1: call_time=0.62s, total_time=0.62s
2025-07-28 17:26:44,483 - INFO     - root        : [END] USER_THREAD_COUNT: mterry has 28/1028698 threads (0.0% utilization)
2025-07-28 17:32:45,598 - INFO     - root        : [START] USER_THREAD_COUNT: mterry has 29/1028698 threads (0.0% utilization)
2025-07-28 17:32:46,286 - INFO     - root        : [ROCOTO_SUCCESS_ATTEMPT_1] USER_THREAD_COUNT: mterry has 28/1028698 threads (0.0% utilization)
2025-07-28 17:32:46,286 - INFO     - root        : Rocoto call successful on attempt 1: call_time=0.63s, total_time=0.63s
2025-07-28 17:32:46,951 - INFO     - root        : [ROCOTO_SUCCESS_ATTEMPT_1] USER_THREAD_COUNT: mterry has 28/1028698 threads (0.0% utilization)
2025-07-28 17:32:46,952 - INFO     - root        : Rocoto call successful on attempt 1: call_time=0.61s, total_time=0.61s
2025-07-28 17:32:47,003 - INFO     - root        : [END] USER_THREAD_COUNT: mterry has 28/1028698 threads (0.0% utilization)
2025-07-28 17:38:48,179 - INFO     - root        : [START] USER_THREAD_COUNT: mterry has 29/1028698 threads (0.0% utilization)
2025-07-28 17:38:48,863 - INFO     - root        : [ROCOTO_SUCCESS_ATTEMPT_1] USER_THREAD_COUNT: mterry has 28/1028698 threads (0.0% utilization)
2025-07-28 17:38:48,863 - INFO     - root        : Rocoto call successful on attempt 1: call_time=0.63s, total_time=0.63s
2025-07-28 17:38:49,529 - INFO     - root        : [ROCOTO_SUCCESS_ATTEMPT_1] USER_THREAD_COUNT: mterry has 28/1028698 threads (0.0% utilization)
2025-07-28 17:38:49,529 - INFO     - root        : Rocoto call successful on attempt 1: call_time=0.61s, total_time=0.61s
2025-07-28 17:38:49,581 - INFO     - root        : [END] USER_THREAD_COUNT: mterry has 28/1028698 threads (0.0% utilization)
2025-07-28 17:44:50,695 - INFO     - root        : [START] USER_THREAD_COUNT: mterry has 29/1028698 threads (0.0% utilization)
2025-07-28 17:44:51,383 - INFO     - root        : [ROCOTO_SUCCESS_ATTEMPT_1] USER_THREAD_COUNT: mterry has 28/1028698 threads (0.0% utilization)
2025-07-28 17:44:51,383 - INFO     - root        : Rocoto call successful on attempt 1: call_time=0.63s, total_time=0.63s
2025-07-28 17:44:52,047 - INFO     - root        : [ROCOTO_SUCCESS_ATTEMPT_1] USER_THREAD_COUNT: mterry has 28/1028698 threads (0.0% utilization)
2025-07-28 17:44:52,048 - INFO     - root        : Rocoto call successful on attempt 1: call_time=0.61s, total_time=0.61s
2025-07-28 17:44:52,100 - INFO     - root        : [END] USER_THREAD_COUNT: mterry has 28/1028698 threads (0.0% utilization)
2025-07-28 17:50:53,213 - INFO     - root        : [START] USER_THREAD_COUNT: mterry has 29/1028698 threads (0.0% utilization)
2025-07-28 17:50:53,898 - INFO     - root        : [ROCOTO_SUCCESS_ATTEMPT_1] USER_THREAD_COUNT: mterry has 28/1028698 threads (0.0% utilization)
2025-07-28 17:50:53,899 - INFO     - root        : Rocoto call successful on attempt 1: call_time=0.63s, total_time=0.63s
2025-07-28 17:50:54,567 - INFO     - root        : [ROCOTO_SUCCESS_ATTEMPT_1] USER_THREAD_COUNT: mterry has 28/1028698 threads (0.0% utilization)
2025-07-28 17:50:54,567 - INFO     - root        : Rocoto call successful on attempt 1: call_time=0.61s, total_time=0.61s
2025-07-28 17:50:54,620 - INFO     - root        : [END] USER_THREAD_COUNT: mterry has 28/1028698 threads (0.0% utilization)
2025-07-28 17:56:55,738 - INFO     - root        : [START] USER_THREAD_COUNT: mterry has 41/1028698 threads (0.0% utilization)
2025-07-28 17:56:56,423 - INFO     - root        : [ROCOTO_SUCCESS_ATTEMPT_1] USER_THREAD_COUNT: mterry has 40/1028698 threads (0.0% utilization)
2025-07-28 17:56:56,423 - INFO     - root        : Rocoto call successful on attempt 1: call_time=0.63s, total_time=0.63s
2025-07-28 17:56:57,088 - INFO     - root        : [ROCOTO_SUCCESS_ATTEMPT_1] USER_THREAD_COUNT: mterry has 40/1028698 threads (0.0% utilization)
2025-07-28 17:56:57,088 - INFO     - root        : Rocoto call successful on attempt 1: call_time=0.61s, total_time=0.61s
2025-07-28 17:56:57,142 - INFO     - root        : [END] USER_THREAD_COUNT: mterry has 40/1028698 threads (0.0% utilization)
2025-07-28 18:02:58,283 - INFO     - root        : [START] USER_THREAD_COUNT: mterry has 28/1028698 threads (0.0% utilization)
2025-07-28 18:02:58,972 - INFO     - root        : [ROCOTO_SUCCESS_ATTEMPT_1] USER_THREAD_COUNT: mterry has 27/1028698 threads (0.0% utilization)
2025-07-28 18:02:58,972 - INFO     - root        : Rocoto call successful on attempt 1: call_time=0.63s, total_time=0.63s
2025-07-28 18:02:59,635 - INFO     - root        : [ROCOTO_SUCCESS_ATTEMPT_1] USER_THREAD_COUNT: mterry has 27/1028698 threads (0.0% utilization)
2025-07-28 18:02:59,635 - INFO     - root        : Rocoto call successful on attempt 1: call_time=0.61s, total_time=0.61s
2025-07-28 18:02:59,687 - INFO     - root        : [END] USER_THREAD_COUNT: mterry has 27/1028698 threads (0.0% utilization)
2025-07-28 18:09:00,802 - INFO     - root        : [START] USER_THREAD_COUNT: mterry has 29/1028698 threads (0.0% utilization)
2025-07-28 18:09:01,491 - INFO     - root        : [ROCOTO_SUCCESS_ATTEMPT_1] USER_THREAD_COUNT: mterry has 27/1028698 threads (0.0% utilization)
2025-07-28 18:09:01,491 - INFO     - root        : Rocoto call successful on attempt 1: call_time=0.63s, total_time=0.63s
2025-07-28 18:09:02,171 - INFO     - root        : [ROCOTO_SUCCESS_ATTEMPT_1] USER_THREAD_COUNT: mterry has 27/1028698 threads (0.0% utilization)
2025-07-28 18:09:02,172 - INFO     - root        : Rocoto call successful on attempt 1: call_time=0.62s, total_time=0.62s
2025-07-28 18:09:02,228 - INFO     - root        : [END] USER_THREAD_COUNT: mterry has 27/1028698 threads (0.0% utilization)
2025-07-28 18:15:03,393 - INFO     - root        : [START] USER_THREAD_COUNT: mterry has 29/1028698 threads (0.0% utilization)
2025-07-28 18:15:04,103 - INFO     - root        : [ROCOTO_SUCCESS_ATTEMPT_1] USER_THREAD_COUNT: mterry has 27/1028698 threads (0.0% utilization)
2025-07-28 18:15:04,103 - INFO     - root        : Rocoto call successful on attempt 1: call_time=0.65s, total_time=0.65s
2025-07-28 18:15:04,785 - INFO     - root        : [ROCOTO_SUCCESS_ATTEMPT_1] USER_THREAD_COUNT: mterry has 27/1028698 threads (0.0% utilization)
2025-07-28 18:15:04,785 - INFO     - root        : Rocoto call successful on attempt 1: call_time=0.62s, total_time=0.62s
2025-07-28 18:15:04,839 - INFO     - root        : [END] USER_THREAD_COUNT: mterry has 27/1028698 threads (0.0% utilization)
2025-07-28 18:21:05,962 - INFO     - root        : [START] USER_THREAD_COUNT: mterry has 29/1028698 threads (0.0% utilization)
2025-07-28 18:21:06,651 - INFO     - root        : [ROCOTO_SUCCESS_ATTEMPT_1] USER_THREAD_COUNT: mterry has 27/1028698 threads (0.0% utilization)
2025-07-28 18:21:06,651 - INFO     - root        : Rocoto call successful on attempt 1: call_time=0.63s, total_time=0.63s
2025-07-28 18:21:07,317 - INFO     - root        : [ROCOTO_SUCCESS_ATTEMPT_1] USER_THREAD_COUNT: mterry has 27/1028698 threads (0.0% utilization)
2025-07-28 18:21:07,317 - INFO     - root        : Rocoto call successful on attempt 1: call_time=0.61s, total_time=0.61s
2025-07-28 18:21:07,369 - INFO     - root        : [END] USER_THREAD_COUNT: mterry has 27/1028698 threads (0.0% utilization)
2025-07-28 18:27:08,482 - INFO     - root        : [START] USER_THREAD_COUNT: mterry has 29/1028698 threads (0.0% utilization)
2025-07-28 18:27:09,171 - INFO     - root        : [ROCOTO_SUCCESS_ATTEMPT_1] USER_THREAD_COUNT: mterry has 27/1028698 threads (0.0% utilization)
2025-07-28 18:27:09,171 - INFO     - root        : Rocoto call successful on attempt 1: call_time=0.63s, total_time=0.63s
2025-07-28 18:27:09,844 - INFO     - root        : [ROCOTO_SUCCESS_ATTEMPT_1] USER_THREAD_COUNT: mterry has 27/1028698 threads (0.0% utilization)
2025-07-28 18:27:09,844 - INFO     - root        : Rocoto call successful on attempt 1: call_time=0.62s, total_time=0.62s
2025-07-28 18:27:09,898 - INFO     - root        : [END] USER_THREAD_COUNT: mterry has 27/1028698 threads (0.0% utilization)
2025-07-28 18:33:11,018 - INFO     - root        : [START] USER_THREAD_COUNT: mterry has 29/1028698 threads (0.0% utilization)
2025-07-28 18:33:11,704 - INFO     - root        : [ROCOTO_SUCCESS_ATTEMPT_1] USER_THREAD_COUNT: mterry has 27/1028698 threads (0.0% utilization)
2025-07-28 18:33:11,704 - INFO     - root        : Rocoto call successful on attempt 1: call_time=0.63s, total_time=0.63s
2025-07-28 18:33:12,376 - INFO     - root        : [ROCOTO_SUCCESS_ATTEMPT_1] USER_THREAD_COUNT: mterry has 27/1028698 threads (0.0% utilization)
2025-07-28 18:33:12,376 - INFO     - root        : Rocoto call successful on attempt 1: call_time=0.62s, total_time=0.62s
2025-07-28 18:33:12,430 - INFO     - root        : [END] USER_THREAD_COUNT: mterry has 27/1028698 threads (0.0% utilization)
2025-07-28 18:39:13,541 - INFO     - root        : [START] USER_THREAD_COUNT: mterry has 42/1028698 threads (0.0% utilization)
2025-07-28 18:39:14,228 - INFO     - root        : [ROCOTO_SUCCESS_ATTEMPT_1] USER_THREAD_COUNT: mterry has 40/1028698 threads (0.0% utilization)
2025-07-28 18:39:14,228 - INFO     - root        : Rocoto call successful on attempt 1: call_time=0.63s, total_time=0.63s
2025-07-28 18:39:14,893 - INFO     - root        : [ROCOTO_SUCCESS_ATTEMPT_1] USER_THREAD_COUNT: mterry has 40/1028698 threads (0.0% utilization)
2025-07-28 18:39:14,893 - INFO     - root        : Rocoto call successful on attempt 1: call_time=0.61s, total_time=0.61s
2025-07-28 18:39:14,945 - INFO     - root        : [END] USER_THREAD_COUNT: mterry has 40/1028698 threads (0.0% utilization)
2025-07-28 18:45:16,061 - INFO     - root        : [START] USER_THREAD_COUNT: mterry has 29/1028698 threads (0.0% utilization)
2025-07-28 18:45:16,748 - INFO     - root        : [ROCOTO_SUCCESS_ATTEMPT_1] USER_THREAD_COUNT: mterry has 27/1028698 threads (0.0% utilization)
2025-07-28 18:45:16,748 - INFO     - root        : Rocoto call successful on attempt 1: call_time=0.63s, total_time=0.63s
2025-07-28 18:45:17,421 - INFO     - root        : [ROCOTO_SUCCESS_ATTEMPT_1] USER_THREAD_COUNT: mterry has 27/1028698 threads (0.0% utilization)
2025-07-28 18:45:17,421 - INFO     - root        : Rocoto call successful on attempt 1: call_time=0.62s, total_time=0.62s
2025-07-28 18:45:17,473 - INFO     - root        : [END] USER_THREAD_COUNT: mterry has 27/1028698 threads (0.0% utilization)
2025-07-28 18:51:18,592 - INFO     - root        : [START] USER_THREAD_COUNT: mterry has 29/1028698 threads (0.0% utilization)
2025-07-28 18:51:19,280 - INFO     - root        : [ROCOTO_SUCCESS_ATTEMPT_1] USER_THREAD_COUNT: mterry has 27/1028698 threads (0.0% utilization)
2025-07-28 18:51:19,281 - INFO     - root        : Rocoto call successful on attempt 1: call_time=0.63s, total_time=0.63s
2025-07-28 18:51:19,946 - INFO     - root        : [ROCOTO_SUCCESS_ATTEMPT_1] USER_THREAD_COUNT: mterry has 27/1028698 threads (0.0% utilization)
2025-07-28 18:51:19,946 - INFO     - root        : Rocoto call successful on attempt 1: call_time=0.61s, total_time=0.61s
2025-07-28 18:51:19,997 - INFO     - root        : [END] USER_THREAD_COUNT: mterry has 27/1028698 threads (0.0% utilization)
2025-07-28 18:57:21,152 - INFO     - root        : [START] USER_THREAD_COUNT: mterry has 36/1028698 threads (0.0% utilization)
2025-07-28 18:57:21,838 - INFO     - root        : [ROCOTO_SUCCESS_ATTEMPT_1] USER_THREAD_COUNT: mterry has 27/1028698 threads (0.0% utilization)
2025-07-28 18:57:21,838 - INFO     - root        : Rocoto call successful on attempt 1: call_time=0.63s, total_time=0.63s
2025-07-28 18:57:22,503 - INFO     - root        : [ROCOTO_SUCCESS_ATTEMPT_1] USER_THREAD_COUNT: mterry has 27/1028698 threads (0.0% utilization)
2025-07-28 18:57:22,503 - INFO     - root        : Rocoto call successful on attempt 1: call_time=0.61s, total_time=0.61s
2025-07-28 18:57:22,555 - INFO     - root        : [END] USER_THREAD_COUNT: mterry has 27/1028698 threads (0.0% utilization)
2025-07-28 19:03:23,709 - INFO     - root        : [START] USER_THREAD_COUNT: mterry has 50/1028698 threads (0.0% utilization)
2025-07-28 19:03:24,396 - INFO     - root        : [ROCOTO_SUCCESS_ATTEMPT_1] USER_THREAD_COUNT: mterry has 40/1028698 threads (0.0% utilization)
2025-07-28 19:03:24,396 - INFO     - root        : Rocoto call successful on attempt 1: call_time=0.63s, total_time=0.63s
2025-07-28 19:03:25,063 - INFO     - root        : [ROCOTO_SUCCESS_ATTEMPT_1] USER_THREAD_COUNT: mterry has 40/1028698 threads (0.0% utilization)
2025-07-28 19:03:25,063 - INFO     - root        : Rocoto call successful on attempt 1: call_time=0.61s, total_time=0.61s
2025-07-28 19:03:25,115 - INFO     - root        : [END] USER_THREAD_COUNT: mterry has 40/1028698 threads (0.0% utilization)
2025-07-28 19:09:26,333 - INFO     - root        : [START] USER_THREAD_COUNT: mterry has 41/1028698 threads (0.0% utilization)
2025-07-28 19:09:27,019 - INFO     - root        : [ROCOTO_SUCCESS_ATTEMPT_1] USER_THREAD_COUNT: mterry has 40/1028698 threads (0.0% utilization)
2025-07-28 19:09:27,019 - INFO     - root        : Rocoto call successful on attempt 1: call_time=0.63s, total_time=0.63s
2025-07-28 19:09:27,684 - INFO     - root        : [ROCOTO_SUCCESS_ATTEMPT_1] USER_THREAD_COUNT: mterry has 40/1028698 threads (0.0% utilization)
2025-07-28 19:09:27,684 - INFO     - root        : Rocoto call successful on attempt 1: call_time=0.61s, total_time=0.61s
2025-07-28 19:09:27,735 - INFO     - root        : [END] USER_THREAD_COUNT: mterry has 40/1028698 threads (0.0% utilization)
2025-07-28 19:15:28,954 - INFO     - root        : [START] USER_THREAD_COUNT: mterry has 26/1028698 threads (0.0% utilization)
2025-07-28 19:15:29,641 - INFO     - root        : [ROCOTO_SUCCESS_ATTEMPT_1] USER_THREAD_COUNT: mterry has 27/1028698 threads (0.0% utilization)
2025-07-28 19:15:29,641 - INFO     - root        : Rocoto call successful on attempt 1: call_time=0.63s, total_time=0.63s
2025-07-28 19:15:30,309 - INFO     - root        : [ROCOTO_SUCCESS_ATTEMPT_1] USER_THREAD_COUNT: mterry has 27/1028698 threads (0.0% utilization)
2025-07-28 19:15:30,309 - INFO     - root        : Rocoto call successful on attempt 1: call_time=0.61s, total_time=0.61s
2025-07-28 19:15:30,360 - INFO     - root        : [END] USER_THREAD_COUNT: mterry has 27/1028698 threads (0.0% utilization)
2025-07-28 19:21:31,782 - INFO     - root        : [START] USER_THREAD_COUNT: mterry has 54/1028698 threads (0.01% utilization)
2025-07-28 19:21:32,474 - INFO     - root        : [ROCOTO_SUCCESS_ATTEMPT_1] USER_THREAD_COUNT: mterry has 54/1028698 threads (0.01% utilization)
2025-07-28 19:21:32,475 - INFO     - root        : Rocoto call successful on attempt 1: call_time=0.63s, total_time=0.63s
2025-07-28 19:21:33,144 - INFO     - root        : [ROCOTO_SUCCESS_ATTEMPT_1] USER_THREAD_COUNT: mterry has 54/1028698 threads (0.01% utilization)
2025-07-28 19:21:33,144 - INFO     - root        : Rocoto call successful on attempt 1: call_time=0.61s, total_time=0.61s
2025-07-28 19:21:33,197 - INFO     - root        : [END] USER_THREAD_COUNT: mterry has 54/1028698 threads (0.01% utilization)
2025-07-28 19:27:34,387 - INFO     - root        : [START] USER_THREAD_COUNT: mterry has 54/1028698 threads (0.01% utilization)
2025-07-28 19:27:35,075 - INFO     - root        : [ROCOTO_SUCCESS_ATTEMPT_1] USER_THREAD_COUNT: mterry has 54/1028698 threads (0.01% utilization)
2025-07-28 19:27:35,075 - INFO     - root        : Rocoto call successful on attempt 1: call_time=0.63s, total_time=0.63s
2025-07-28 19:27:35,741 - INFO     - root        : [ROCOTO_SUCCESS_ATTEMPT_1] USER_THREAD_COUNT: mterry has 54/1028698 threads (0.01% utilization)
2025-07-28 19:27:35,741 - INFO     - root        : Rocoto call successful on attempt 1: call_time=0.61s, total_time=0.61s
2025-07-28 19:27:35,794 - INFO     - root        : [END] USER_THREAD_COUNT: mterry has 54/1028698 threads (0.01% utilization)
2025-07-28 19:33:36,920 - INFO     - root        : [START] USER_THREAD_COUNT: mterry has 28/1028698 threads (0.0% utilization)
2025-07-28 19:33:37,610 - INFO     - root        : [ROCOTO_SUCCESS_ATTEMPT_1] USER_THREAD_COUNT: mterry has 32/1028698 threads (0.0% utilization)
2025-07-28 19:33:37,610 - INFO     - root        : Rocoto call successful on attempt 1: call_time=0.63s, total_time=0.63s
2025-07-28 19:33:38,276 - INFO     - root        : [ROCOTO_SUCCESS_ATTEMPT_1] USER_THREAD_COUNT: mterry has 28/1028698 threads (0.0% utilization)
2025-07-28 19:33:38,276 - INFO     - root        : Rocoto call successful on attempt 1: call_time=0.61s, total_time=0.61s
2025-07-28 19:33:38,327 - INFO     - root        : [END] USER_THREAD_COUNT: mterry has 28/1028698 threads (0.0% utilization)
2025-07-28 19:39:39,458 - INFO     - root        : [START] USER_THREAD_COUNT: mterry has 41/1028698 threads (0.0% utilization)
2025-07-28 19:39:40,144 - INFO     - root        : [ROCOTO_SUCCESS_ATTEMPT_1] USER_THREAD_COUNT: mterry has 41/1028698 threads (0.0% utilization)
2025-07-28 19:39:40,144 - INFO     - root        : Rocoto call successful on attempt 1: call_time=0.63s, total_time=0.63s
2025-07-28 19:39:40,812 - INFO     - root        : [ROCOTO_SUCCESS_ATTEMPT_1] USER_THREAD_COUNT: mterry has 41/1028698 threads (0.0% utilization)
2025-07-28 19:39:40,813 - INFO     - root        : Rocoto call successful on attempt 1: call_time=0.61s, total_time=0.61s
2025-07-28 19:39:40,865 - INFO     - root        : [END] USER_THREAD_COUNT: mterry has 41/1028698 threads (0.0% utilization)
2025-07-28 19:45:42,005 - INFO     - root        : [START] USER_THREAD_COUNT: mterry has 41/1028698 threads (0.0% utilization)
2025-07-28 19:45:42,693 - INFO     - root        : [ROCOTO_SUCCESS_ATTEMPT_1] USER_THREAD_COUNT: mterry has 41/1028698 threads (0.0% utilization)
2025-07-28 19:45:42,693 - INFO     - root        : Rocoto call successful on attempt 1: call_time=0.63s, total_time=0.63s
2025-07-28 19:45:43,360 - INFO     - root        : [ROCOTO_SUCCESS_ATTEMPT_1] USER_THREAD_COUNT: mterry has 41/1028698 threads (0.0% utilization)
2025-07-28 19:45:43,360 - INFO     - root        : Rocoto call successful on attempt 1: call_time=0.61s, total_time=0.61s
2025-07-28 19:45:43,413 - INFO     - root        : [END] USER_THREAD_COUNT: mterry has 41/1028698 threads (0.0% utilization)
2025-07-28 19:51:44,545 - INFO     - root        : [START] USER_THREAD_COUNT: mterry has 39/1028698 threads (0.0% utilization)
2025-07-28 19:51:45,235 - INFO     - root        : [ROCOTO_SUCCESS_ATTEMPT_1] USER_THREAD_COUNT: mterry has 39/1028698 threads (0.0% utilization)
2025-07-28 19:51:45,235 - INFO     - root        : Rocoto call successful on attempt 1: call_time=0.63s, total_time=0.63s
2025-07-28 19:51:45,903 - INFO     - root        : [ROCOTO_SUCCESS_ATTEMPT_1] USER_THREAD_COUNT: mterry has 39/1028698 threads (0.0% utilization)
2025-07-28 19:51:45,903 - INFO     - root        : Rocoto call successful on attempt 1: call_time=0.61s, total_time=0.61s
2025-07-28 19:51:45,955 - INFO     - root        : [END] USER_THREAD_COUNT: mterry has 39/1028698 threads (0.0% utilization)
2025-07-28 19:57:47,077 - INFO     - root        : [START] USER_THREAD_COUNT: mterry has 39/1028698 threads (0.0% utilization)
2025-07-28 19:57:47,764 - INFO     - root        : [ROCOTO_SUCCESS_ATTEMPT_1] USER_THREAD_COUNT: mterry has 39/1028698 threads (0.0% utilization)
2025-07-28 19:57:47,764 - INFO     - root        : Rocoto call successful on attempt 1: call_time=0.63s, total_time=0.63s
2025-07-28 19:57:48,437 - INFO     - root        : [ROCOTO_SUCCESS_ATTEMPT_1] USER_THREAD_COUNT: mterry has 39/1028698 threads (0.0% utilization)
2025-07-28 19:57:48,437 - INFO     - root        : Rocoto call successful on attempt 1: call_time=0.62s, total_time=0.62s
2025-07-28 19:57:48,489 - INFO     - root        : [END] USER_THREAD_COUNT: mterry has 39/1028698 threads (0.0% utilization)
2025-07-28 20:03:49,625 - INFO     - root        : [START] USER_THREAD_COUNT: mterry has 26/1028698 threads (0.0% utilization)
2025-07-28 20:03:50,312 - INFO     - root        : [ROCOTO_SUCCESS_ATTEMPT_1] USER_THREAD_COUNT: mterry has 26/1028698 threads (0.0% utilization)
2025-07-28 20:03:50,313 - INFO     - root        : Rocoto call successful on attempt 1: call_time=0.63s, total_time=0.63s
2025-07-28 20:03:50,980 - INFO     - root        : [ROCOTO_SUCCESS_ATTEMPT_1] USER_THREAD_COUNT: mterry has 26/1028698 threads (0.0% utilization)
2025-07-28 20:03:50,980 - INFO     - root        : Rocoto call successful on attempt 1: call_time=0.61s, total_time=0.61s
2025-07-28 20:03:51,032 - INFO     - root        : [END] USER_THREAD_COUNT: mterry has 26/1028698 threads (0.0% utilization)
2025-07-28 20:09:52,165 - INFO     - root        : [START] USER_THREAD_COUNT: mterry has 26/1028698 threads (0.0% utilization)
2025-07-28 20:09:52,852 - INFO     - root        : [ROCOTO_SUCCESS_ATTEMPT_1] USER_THREAD_COUNT: mterry has 26/1028698 threads (0.0% utilization)
2025-07-28 20:09:52,852 - INFO     - root        : Rocoto call successful on attempt 1: call_time=0.63s, total_time=0.63s
2025-07-28 20:09:53,519 - INFO     - root        : [ROCOTO_SUCCESS_ATTEMPT_1] USER_THREAD_COUNT: mterry has 26/1028698 threads (0.0% utilization)
2025-07-28 20:09:53,519 - INFO     - root        : Rocoto call successful on attempt 1: call_time=0.61s, total_time=0.61s
2025-07-28 20:09:53,570 - INFO     - root        : [END] USER_THREAD_COUNT: mterry has 26/1028698 threads (0.0% utilization)
2025-07-28 20:15:54,699 - INFO     - root        : [START] USER_THREAD_COUNT: mterry has 26/1028698 threads (0.0% utilization)
2025-07-28 20:15:55,387 - INFO     - root        : [ROCOTO_SUCCESS_ATTEMPT_1] USER_THREAD_COUNT: mterry has 26/1028698 threads (0.0% utilization)
2025-07-28 20:15:55,387 - INFO     - root        : Rocoto call successful on attempt 1: call_time=0.63s, total_time=0.63s
2025-07-28 20:15:56,056 - INFO     - root        : [ROCOTO_SUCCESS_ATTEMPT_1] USER_THREAD_COUNT: mterry has 26/1028698 threads (0.0% utilization)
2025-07-28 20:15:56,056 - INFO     - root        : Rocoto call successful on attempt 1: call_time=0.61s, total_time=0.61s
2025-07-28 20:15:56,107 - INFO     - root        : [END] USER_THREAD_COUNT: mterry has 26/1028698 threads (0.0% utilization)
2025-07-28 20:21:57,236 - INFO     - root        : [START] USER_THREAD_COUNT: mterry has 26/1028698 threads (0.0% utilization)
2025-07-28 20:21:57,930 - INFO     - root        : [ROCOTO_SUCCESS_ATTEMPT_1] USER_THREAD_COUNT: mterry has 26/1028698 threads (0.0% utilization)
2025-07-28 20:21:57,930 - INFO     - root        : Rocoto call successful on attempt 1: call_time=0.64s, total_time=0.64s
2025-07-28 20:21:58,602 - INFO     - root        : [ROCOTO_SUCCESS_ATTEMPT_1] USER_THREAD_COUNT: mterry has 26/1028698 threads (0.0% utilization)
2025-07-28 20:21:58,602 - INFO     - root        : Rocoto call successful on attempt 1: call_time=0.62s, total_time=0.62s
2025-07-28 20:21:58,653 - INFO     - root        : [END] USER_THREAD_COUNT: mterry has 26/1028698 threads (0.0% utilization)
2025-07-28 20:27:59,796 - INFO     - root        : [START] USER_THREAD_COUNT: mterry has 65/1028698 threads (0.01% utilization)
2025-07-28 20:28:00,482 - INFO     - root        : [ROCOTO_SUCCESS_ATTEMPT_1] USER_THREAD_COUNT: mterry has 65/1028698 threads (0.01% utilization)
2025-07-28 20:28:00,483 - INFO     - root        : Rocoto call successful on attempt 1: call_time=0.63s, total_time=0.63s
2025-07-28 20:28:01,148 - INFO     - root        : [ROCOTO_SUCCESS_ATTEMPT_1] USER_THREAD_COUNT: mterry has 65/1028698 threads (0.01% utilization)
2025-07-28 20:28:01,149 - INFO     - root        : Rocoto call successful on attempt 1: call_time=0.61s, total_time=0.61s
2025-07-28 20:28:01,201 - INFO     - root        : [END] USER_THREAD_COUNT: mterry has 65/1028698 threads (0.01% utilization)
2025-07-28 20:34:02,353 - INFO     - root        : [START] USER_THREAD_COUNT: mterry has 39/1028698 threads (0.0% utilization)
2025-07-28 20:34:03,044 - INFO     - root        : [ROCOTO_SUCCESS_ATTEMPT_1] USER_THREAD_COUNT: mterry has 39/1028698 threads (0.0% utilization)
2025-07-28 20:34:03,044 - INFO     - root        : Rocoto call successful on attempt 1: call_time=0.63s, total_time=0.63s
2025-07-28 20:34:03,715 - INFO     - root        : [ROCOTO_SUCCESS_ATTEMPT_1] USER_THREAD_COUNT: mterry has 39/1028698 threads (0.0% utilization)
2025-07-28 20:34:03,715 - INFO     - root        : Rocoto call successful on attempt 1: call_time=0.62s, total_time=0.62s
2025-07-28 20:34:03,767 - INFO     - root        : [END] USER_THREAD_COUNT: mterry has 39/1028698 threads (0.0% utilization)
2025-07-28 20:40:04,903 - INFO     - root        : [START] USER_THREAD_COUNT: mterry has 39/1028698 threads (0.0% utilization)
2025-07-28 20:40:05,593 - INFO     - root        : [ROCOTO_SUCCESS_ATTEMPT_1] USER_THREAD_COUNT: mterry has 39/1028698 threads (0.0% utilization)
2025-07-28 20:40:05,593 - INFO     - root        : Rocoto call successful on attempt 1: call_time=0.63s, total_time=0.63s
2025-07-28 20:40:06,281 - INFO     - root        : [ROCOTO_SUCCESS_ATTEMPT_1] USER_THREAD_COUNT: mterry has 39/1028698 threads (0.0% utilization)
2025-07-28 20:40:06,281 - INFO     - root        : Rocoto call successful on attempt 1: call_time=0.63s, total_time=0.63s
2025-07-28 20:40:06,339 - INFO     - root        : [END] USER_THREAD_COUNT: mterry has 39/1028698 threads (0.0% utilization)
2025-07-28 20:46:07,486 - INFO     - root        : [START] USER_THREAD_COUNT: mterry has 26/1028698 threads (0.0% utilization)
2025-07-28 20:46:08,175 - INFO     - root        : [ROCOTO_SUCCESS_ATTEMPT_1] USER_THREAD_COUNT: mterry has 26/1028698 threads (0.0% utilization)
2025-07-28 20:46:08,175 - INFO     - root        : Rocoto call successful on attempt 1: call_time=0.63s, total_time=0.63s
2025-07-28 20:46:08,844 - INFO     - root        : [ROCOTO_SUCCESS_ATTEMPT_1] USER_THREAD_COUNT: mterry has 26/1028698 threads (0.0% utilization)
2025-07-28 20:46:08,844 - INFO     - root        : Rocoto call successful on attempt 1: call_time=0.61s, total_time=0.61s
2025-07-28 20:46:08,896 - INFO     - root        : [END] USER_THREAD_COUNT: mterry has 26/1028698 threads (0.0% utilization)
2025-07-28 20:52:10,027 - INFO     - root        : [START] USER_THREAD_COUNT: mterry has 26/1028698 threads (0.0% utilization)
2025-07-28 20:52:10,721 - INFO     - root        : [ROCOTO_SUCCESS_ATTEMPT_1] USER_THREAD_COUNT: mterry has 26/1028698 threads (0.0% utilization)
2025-07-28 20:52:10,721 - INFO     - root        : Rocoto call successful on attempt 1: call_time=0.64s, total_time=0.64s
2025-07-28 20:52:11,389 - INFO     - root        : [ROCOTO_SUCCESS_ATTEMPT_1] USER_THREAD_COUNT: mterry has 26/1028698 threads (0.0% utilization)
2025-07-28 20:52:11,390 - INFO     - root        : Rocoto call successful on attempt 1: call_time=0.61s, total_time=0.61s
2025-07-28 20:52:11,442 - INFO     - root        : [END] USER_THREAD_COUNT: mterry has 26/1028698 threads (0.0% utilization)
2025-07-28 20:58:12,582 - INFO     - root        : [START] USER_THREAD_COUNT: mterry has 26/1028698 threads (0.0% utilization)
2025-07-28 20:58:13,271 - INFO     - root        : [ROCOTO_SUCCESS_ATTEMPT_1] USER_THREAD_COUNT: mterry has 26/1028698 threads (0.0% utilization)
2025-07-28 20:58:13,271 - INFO     - root        : Rocoto call successful on attempt 1: call_time=0.63s, total_time=0.63s
2025-07-28 20:58:13,939 - INFO     - root        : [ROCOTO_SUCCESS_ATTEMPT_1] USER_THREAD_COUNT: mterry has 26/1028698 threads (0.0% utilization)
2025-07-28 20:58:13,939 - INFO     - root        : Rocoto call successful on attempt 1: call_time=0.61s, total_time=0.61s
2025-07-28 20:58:13,991 - INFO     - root        : [END] USER_THREAD_COUNT: mterry has 26/1028698 threads (0.0% utilization)
2025-07-28 21:04:15,152 - INFO     - root        : [START] USER_THREAD_COUNT: mterry has 26/1028698 threads (0.0% utilization)
2025-07-28 21:04:15,840 - INFO     - root        : [ROCOTO_SUCCESS_ATTEMPT_1] USER_THREAD_COUNT: mterry has 26/1028698 threads (0.0% utilization)
2025-07-28 21:04:15,840 - INFO     - root        : Rocoto call successful on attempt 1: call_time=0.63s, total_time=0.63s
2025-07-28 21:04:16,505 - INFO     - root        : [ROCOTO_SUCCESS_ATTEMPT_1] USER_THREAD_COUNT: mterry has 26/1028698 threads (0.0% utilization)
2025-07-28 21:04:16,505 - INFO     - root        : Rocoto call successful on attempt 1: call_time=0.61s, total_time=0.61s
2025-07-28 21:04:16,557 - INFO     - root        : [END] USER_THREAD_COUNT: mterry has 26/1028698 threads (0.0% utilization)
2025-07-28 21:10:17,723 - INFO     - root        : [START] USER_THREAD_COUNT: mterry has 26/1028698 threads (0.0% utilization)
2025-07-28 21:10:18,412 - INFO     - root        : [ROCOTO_SUCCESS_ATTEMPT_1] USER_THREAD_COUNT: mterry has 26/1028698 threads (0.0% utilization)
2025-07-28 21:10:18,412 - INFO     - root        : Rocoto call successful on attempt 1: call_time=0.63s, total_time=0.63s
2025-07-28 21:10:19,081 - INFO     - root        : [ROCOTO_SUCCESS_ATTEMPT_1] USER_THREAD_COUNT: mterry has 26/1028698 threads (0.0% utilization)
2025-07-28 21:10:19,081 - INFO     - root        : Rocoto call successful on attempt 1: call_time=0.61s, total_time=0.61s
2025-07-28 21:10:19,133 - INFO     - root        : [END] USER_THREAD_COUNT: mterry has 26/1028698 threads (0.0% utilization)
2025-07-28 21:16:20,273 - INFO     - root        : [START] USER_THREAD_COUNT: mterry has 39/1028698 threads (0.0% utilization)
2025-07-28 21:16:20,961 - INFO     - root        : [ROCOTO_SUCCESS_ATTEMPT_1] USER_THREAD_COUNT: mterry has 39/1028698 threads (0.0% utilization)
2025-07-28 21:16:20,961 - INFO     - root        : Rocoto call successful on attempt 1: call_time=0.63s, total_time=0.63s
2025-07-28 21:16:21,626 - INFO     - root        : [ROCOTO_SUCCESS_ATTEMPT_1] USER_THREAD_COUNT: mterry has 39/1028698 threads (0.0% utilization)
2025-07-28 21:16:21,626 - INFO     - root        : Rocoto call successful on attempt 1: call_time=0.61s, total_time=0.61s
2025-07-28 21:16:21,679 - INFO     - root        : [END] USER_THREAD_COUNT: mterry has 39/1028698 threads (0.0% utilization)
2025-07-28 21:22:22,843 - INFO     - root        : [START] USER_THREAD_COUNT: mterry has 52/1028698 threads (0.01% utilization)
2025-07-28 21:22:23,529 - INFO     - root        : [ROCOTO_SUCCESS_ATTEMPT_1] USER_THREAD_COUNT: mterry has 52/1028698 threads (0.01% utilization)
2025-07-28 21:22:23,529 - INFO     - root        : Rocoto call successful on attempt 1: call_time=0.63s, total_time=0.63s
2025-07-28 21:22:24,194 - INFO     - root        : [ROCOTO_SUCCESS_ATTEMPT_1] USER_THREAD_COUNT: mterry has 52/1028698 threads (0.01% utilization)
2025-07-28 21:22:24,195 - INFO     - root        : Rocoto call successful on attempt 1: call_time=0.61s, total_time=0.61s
2025-07-28 21:22:24,246 - INFO     - root        : [END] USER_THREAD_COUNT: mterry has 52/1028698 threads (0.01% utilization)
2025-07-28 21:28:25,507 - INFO     - root        : [START] USER_THREAD_COUNT: mterry has 65/1028698 threads (0.01% utilization)
2025-07-28 21:28:26,198 - INFO     - root        : [ROCOTO_SUCCESS_ATTEMPT_1] USER_THREAD_COUNT: mterry has 65/1028698 threads (0.01% utilization)
2025-07-28 21:28:26,198 - INFO     - root        : Rocoto call successful on attempt 1: call_time=0.63s, total_time=0.63s
2025-07-28 21:28:26,866 - INFO     - root        : [ROCOTO_SUCCESS_ATTEMPT_1] USER_THREAD_COUNT: mterry has 65/1028698 threads (0.01% utilization)
2025-07-28 21:28:26,866 - INFO     - root        : Rocoto call successful on attempt 1: call_time=0.61s, total_time=0.61s
2025-07-28 21:28:26,918 - INFO     - root        : [END] USER_THREAD_COUNT: mterry has 65/1028698 threads (0.01% utilization)
2025-07-28 21:34:28,071 - INFO     - root        : [START] USER_THREAD_COUNT: mterry has 78/1028698 threads (0.01% utilization)
2025-07-28 21:34:28,760 - INFO     - root        : [ROCOTO_SUCCESS_ATTEMPT_1] USER_THREAD_COUNT: mterry has 78/1028698 threads (0.01% utilization)
2025-07-28 21:34:28,760 - INFO     - root        : Rocoto call successful on attempt 1: call_time=0.63s, total_time=0.63s
2025-07-28 21:34:29,427 - INFO     - root        : [ROCOTO_SUCCESS_ATTEMPT_1] USER_THREAD_COUNT: mterry has 78/1028698 threads (0.01% utilization)
2025-07-28 21:34:29,427 - INFO     - root        : Rocoto call successful on attempt 1: call_time=0.61s, total_time=0.61s
2025-07-28 21:34:29,479 - INFO     - root        : [END] USER_THREAD_COUNT: mterry has 78/1028698 threads (0.01% utilization)
2025-07-28 21:40:30,670 - INFO     - root        : [START] USER_THREAD_COUNT: mterry has 39/1028698 threads (0.0% utilization)
2025-07-28 21:40:31,359 - INFO     - root        : [ROCOTO_SUCCESS_ATTEMPT_1] USER_THREAD_COUNT: mterry has 39/1028698 threads (0.0% utilization)
2025-07-28 21:40:31,359 - INFO     - root        : Rocoto call successful on attempt 1: call_time=0.63s, total_time=0.63s
2025-07-28 21:40:32,025 - INFO     - root        : [ROCOTO_SUCCESS_ATTEMPT_1] USER_THREAD_COUNT: mterry has 39/1028698 threads (0.0% utilization)
2025-07-28 21:40:32,025 - INFO     - root        : Rocoto call successful on attempt 1: call_time=0.61s, total_time=0.61s
2025-07-28 21:40:32,078 - INFO     - root        : [END] USER_THREAD_COUNT: mterry has 39/1028698 threads (0.0% utilization)
2025-07-28 21:46:33,257 - INFO     - root        : [START] USER_THREAD_COUNT: mterry has 26/1028698 threads (0.0% utilization)
2025-07-28 21:46:33,945 - INFO     - root        : [ROCOTO_SUCCESS_ATTEMPT_1] USER_THREAD_COUNT: mterry has 26/1028698 threads (0.0% utilization)
2025-07-28 21:46:33,945 - INFO     - root        : Rocoto call successful on attempt 1: call_time=0.63s, total_time=0.63s
2025-07-28 21:46:34,611 - INFO     - root        : [ROCOTO_SUCCESS_ATTEMPT_1] USER_THREAD_COUNT: mterry has 26/1028698 threads (0.0% utilization)
2025-07-28 21:46:34,612 - INFO     - root        : Rocoto call successful on attempt 1: call_time=0.61s, total_time=0.61s
2025-07-28 21:46:34,663 - INFO     - root        : [END] USER_THREAD_COUNT: mterry has 26/1028698 threads (0.0% utilization)
2025-07-28 21:52:35,950 - INFO     - root        : [START] USER_THREAD_COUNT: mterry has 52/1028698 threads (0.01% utilization)
2025-07-28 21:52:36,640 - INFO     - root        : [ROCOTO_SUCCESS_ATTEMPT_1] USER_THREAD_COUNT: mterry has 52/1028698 threads (0.01% utilization)
2025-07-28 21:52:36,641 - INFO     - root        : Rocoto call successful on attempt 1: call_time=0.63s, total_time=0.63s
2025-07-28 21:52:37,305 - INFO     - root        : [ROCOTO_SUCCESS_ATTEMPT_1] USER_THREAD_COUNT: mterry has 52/1028698 threads (0.01% utilization)
2025-07-28 21:52:37,305 - INFO     - root        : Rocoto call successful on attempt 1: call_time=0.61s, total_time=0.61s
2025-07-28 21:52:37,357 - INFO     - root        : [END] USER_THREAD_COUNT: mterry has 52/1028698 threads (0.01% utilization)
2025-07-28 21:58:38,555 - INFO     - root        : [START] USER_THREAD_COUNT: mterry has 52/1028698 threads (0.01% utilization)
2025-07-28 21:58:39,254 - INFO     - root        : [ROCOTO_SUCCESS_ATTEMPT_1] USER_THREAD_COUNT: mterry has 52/1028698 threads (0.01% utilization)
2025-07-28 21:58:39,254 - INFO     - root        : Rocoto call successful on attempt 1: call_time=0.64s, total_time=0.64s
2025-07-28 21:58:39,920 - INFO     - root        : [ROCOTO_SUCCESS_ATTEMPT_1] USER_THREAD_COUNT: mterry has 52/1028698 threads (0.01% utilization)
2025-07-28 21:58:39,920 - INFO     - root        : Rocoto call successful on attempt 1: call_time=0.61s, total_time=0.61s
2025-07-28 21:58:39,972 - INFO     - root        : [END] USER_THREAD_COUNT: mterry has 52/1028698 threads (0.01% utilization)
2025-07-28 22:04:41,203 - INFO     - root        : [START] USER_THREAD_COUNT: mterry has 26/1028698 threads (0.0% utilization)
2025-07-28 22:04:41,894 - INFO     - root        : [ROCOTO_SUCCESS_ATTEMPT_1] USER_THREAD_COUNT: mterry has 26/1028698 threads (0.0% utilization)
2025-07-28 22:04:41,894 - INFO     - root        : Rocoto call successful on attempt 1: call_time=0.63s, total_time=0.63s
2025-07-28 22:04:42,560 - INFO     - root        : [ROCOTO_SUCCESS_ATTEMPT_1] USER_THREAD_COUNT: mterry has 26/1028698 threads (0.0% utilization)
2025-07-28 22:04:42,560 - INFO     - root        : Rocoto call successful on attempt 1: call_time=0.61s, total_time=0.61s
2025-07-28 22:04:42,612 - INFO     - root        : [END] USER_THREAD_COUNT: mterry has 26/1028698 threads (0.0% utilization)
2025-07-28 22:10:44,096 - INFO     - root        : [START] USER_THREAD_COUNT: mterry has 52/1028698 threads (0.01% utilization)
2025-07-28 22:10:44,784 - INFO     - root        : [ROCOTO_SUCCESS_ATTEMPT_1] USER_THREAD_COUNT: mterry has 52/1028698 threads (0.01% utilization)
2025-07-28 22:10:44,784 - INFO     - root        : Rocoto call successful on attempt 1: call_time=0.63s, total_time=0.63s
2025-07-28 22:10:45,454 - INFO     - root        : [ROCOTO_SUCCESS_ATTEMPT_1] USER_THREAD_COUNT: mterry has 52/1028698 threads (0.01% utilization)
2025-07-28 22:10:45,454 - INFO     - root        : Rocoto call successful on attempt 1: call_time=0.61s, total_time=0.61s
2025-07-28 22:10:45,506 - INFO     - root        : [END] USER_THREAD_COUNT: mterry has 52/1028698 threads (0.01% utilization)
2025-07-28 22:16:46,654 - INFO     - root        : [START] USER_THREAD_COUNT: mterry has 65/1028698 threads (0.01% utilization)
2025-07-28 22:16:47,345 - INFO     - root        : [ROCOTO_SUCCESS_ATTEMPT_1] USER_THREAD_COUNT: mterry has 65/1028698 threads (0.01% utilization)
2025-07-28 22:16:47,345 - INFO     - root        : Rocoto call successful on attempt 1: call_time=0.63s, total_time=0.63s
2025-07-28 22:16:48,018 - INFO     - root        : [ROCOTO_SUCCESS_ATTEMPT_1] USER_THREAD_COUNT: mterry has 65/1028698 threads (0.01% utilization)
2025-07-28 22:16:48,018 - INFO     - root        : Rocoto call successful on attempt 1: call_time=0.62s, total_time=0.62s
2025-07-28 22:16:48,072 - INFO     - root        : [END] USER_THREAD_COUNT: mterry has 65/1028698 threads (0.01% utilization)
2025-07-28 22:22:49,208 - INFO     - root        : [START] USER_THREAD_COUNT: mterry has 52/1028698 threads (0.01% utilization)
2025-07-28 22:22:49,897 - INFO     - root        : [ROCOTO_SUCCESS_ATTEMPT_1] USER_THREAD_COUNT: mterry has 52/1028698 threads (0.01% utilization)
2025-07-28 22:22:49,897 - INFO     - root        : Rocoto call successful on attempt 1: call_time=0.63s, total_time=0.63s
2025-07-28 22:22:50,566 - INFO     - root        : [ROCOTO_SUCCESS_ATTEMPT_1] USER_THREAD_COUNT: mterry has 52/1028698 threads (0.01% utilization)
2025-07-28 22:22:50,566 - INFO     - root        : Rocoto call successful on attempt 1: call_time=0.61s, total_time=0.61s
2025-07-28 22:22:50,619 - INFO     - root        : [END] USER_THREAD_COUNT: mterry has 52/1028698 threads (0.01% utilization)
2025-07-28 22:28:52,196 - INFO     - root        : [START] USER_THREAD_COUNT: mterry has 24/1028698 threads (0.0% utilization)
2025-07-28 22:28:52,884 - INFO     - root        : [ROCOTO_SUCCESS_ATTEMPT_1] USER_THREAD_COUNT: mterry has 24/1028698 threads (0.0% utilization)
2025-07-28 22:28:52,885 - INFO     - root        : Rocoto call successful on attempt 1: call_time=0.63s, total_time=0.63s
2025-07-28 22:28:53,552 - INFO     - root        : [ROCOTO_SUCCESS_ATTEMPT_1] USER_THREAD_COUNT: mterry has 24/1028698 threads (0.0% utilization)
2025-07-28 22:28:53,552 - INFO     - root        : Rocoto call successful on attempt 1: call_time=0.61s, total_time=0.61s
2025-07-28 22:28:53,604 - INFO     - root        : [END] USER_THREAD_COUNT: mterry has 24/1028698 threads (0.0% utilization)
2025-07-28 22:34:54,721 - INFO     - root        : [START] USER_THREAD_COUNT: mterry has 24/1028698 threads (0.0% utilization)
2025-07-28 22:34:55,410 - INFO     - root        : [ROCOTO_SUCCESS_ATTEMPT_1] USER_THREAD_COUNT: mterry has 24/1028698 threads (0.0% utilization)
2025-07-28 22:34:55,410 - INFO     - root        : Rocoto call successful on attempt 1: call_time=0.63s, total_time=0.63s
2025-07-28 22:34:56,103 - INFO     - root        : [ROCOTO_SUCCESS_ATTEMPT_1] USER_THREAD_COUNT: mterry has 24/1028698 threads (0.0% utilization)
2025-07-28 22:34:56,103 - INFO     - root        : Rocoto call successful on attempt 1: call_time=0.64s, total_time=0.64s
2025-07-28 22:34:56,155 - INFO     - root        : [END] USER_THREAD_COUNT: mterry has 24/1028698 threads (0.0% utilization)
2025-07-28 22:40:57,274 - INFO     - root        : [START] USER_THREAD_COUNT: mterry has 39/1028698 threads (0.0% utilization)
2025-07-28 22:40:57,965 - INFO     - root        : [ROCOTO_SUCCESS_ATTEMPT_1] USER_THREAD_COUNT: mterry has 24/1028698 threads (0.0% utilization)
2025-07-28 22:40:57,965 - INFO     - root        : Rocoto call successful on attempt 1: call_time=0.63s, total_time=0.63s
2025-07-28 22:40:58,632 - INFO     - root        : [ROCOTO_SUCCESS_ATTEMPT_1] USER_THREAD_COUNT: mterry has 24/1028698 threads (0.0% utilization)
2025-07-28 22:40:58,633 - INFO     - root        : Rocoto call successful on attempt 1: call_time=0.61s, total_time=0.61s
2025-07-28 22:40:58,684 - INFO     - root        : [END] USER_THREAD_COUNT: mterry has 24/1028698 threads (0.0% utilization)
2025-07-28 22:46:59,812 - INFO     - root        : [START] USER_THREAD_COUNT: mterry has 24/1028698 threads (0.0% utilization)
2025-07-28 22:47:00,499 - INFO     - root        : [ROCOTO_SUCCESS_ATTEMPT_1] USER_THREAD_COUNT: mterry has 38/1028698 threads (0.0% utilization)
2025-07-28 22:47:00,499 - INFO     - root        : Rocoto call successful on attempt 1: call_time=0.63s, total_time=0.63s
2025-07-28 22:47:01,168 - INFO     - root        : [ROCOTO_SUCCESS_ATTEMPT_1] USER_THREAD_COUNT: mterry has 24/1028698 threads (0.0% utilization)
2025-07-28 22:47:01,168 - INFO     - root        : Rocoto call successful on attempt 1: call_time=0.61s, total_time=0.61s
2025-07-28 22:47:01,220 - INFO     - root        : [END] USER_THREAD_COUNT: mterry has 24/1028698 threads (0.0% utilization)
2025-07-28 22:53:02,360 - INFO     - root        : [START] USER_THREAD_COUNT: mterry has 24/1028698 threads (0.0% utilization)
2025-07-28 22:53:03,071 - INFO     - root        : [ROCOTO_SUCCESS_ATTEMPT_1] USER_THREAD_COUNT: mterry has 24/1028698 threads (0.0% utilization)
2025-07-28 22:53:03,071 - INFO     - root        : Rocoto call successful on attempt 1: call_time=0.65s, total_time=0.65s
2025-07-28 22:53:03,744 - INFO     - root        : [ROCOTO_SUCCESS_ATTEMPT_1] USER_THREAD_COUNT: mterry has 38/1028698 threads (0.0% utilization)
2025-07-28 22:53:03,744 - INFO     - root        : Rocoto call successful on attempt 1: call_time=0.62s, total_time=0.62s
2025-07-28 22:53:03,796 - INFO     - root        : [END] USER_THREAD_COUNT: mterry has 38/1028698 threads (0.0% utilization)
2025-07-28 22:59:04,925 - INFO     - root        : [START] USER_THREAD_COUNT: mterry has 24/1028698 threads (0.0% utilization)
2025-07-28 22:59:05,611 - INFO     - root        : [ROCOTO_SUCCESS_ATTEMPT_1] USER_THREAD_COUNT: mterry has 24/1028698 threads (0.0% utilization)
2025-07-28 22:59:05,612 - INFO     - root        : Rocoto call successful on attempt 1: call_time=0.63s, total_time=0.63s
2025-07-28 22:59:06,278 - INFO     - root        : [ROCOTO_SUCCESS_ATTEMPT_1] USER_THREAD_COUNT: mterry has 24/1028698 threads (0.0% utilization)
2025-07-28 22:59:06,278 - INFO     - root        : Rocoto call successful on attempt 1: call_time=0.61s, total_time=0.61s
2025-07-28 22:59:06,329 - INFO     - root        : [END] USER_THREAD_COUNT: mterry has 24/1028698 threads (0.0% utilization)
2025-07-28 23:05:07,460 - INFO     - root        : [START] USER_THREAD_COUNT: mterry has 37/1028698 threads (0.0% utilization)
2025-07-28 23:05:08,157 - INFO     - root        : [ROCOTO_SUCCESS_ATTEMPT_1] USER_THREAD_COUNT: mterry has 37/1028698 threads (0.0% utilization)
2025-07-28 23:05:08,157 - INFO     - root        : Rocoto call successful on attempt 1: call_time=0.64s, total_time=0.64s
2025-07-28 23:05:08,824 - INFO     - root        : [ROCOTO_SUCCESS_ATTEMPT_1] USER_THREAD_COUNT: mterry has 37/1028698 threads (0.0% utilization)
2025-07-28 23:05:08,824 - INFO     - root        : Rocoto call successful on attempt 1: call_time=0.61s, total_time=0.61s
2025-07-28 23:05:08,877 - INFO     - root        : [END] USER_THREAD_COUNT: mterry has 37/1028698 threads (0.0% utilization)
2025-07-28 23:11:10,010 - INFO     - root        : [START] USER_THREAD_COUNT: mterry has 37/1028698 threads (0.0% utilization)
2025-07-28 23:11:10,697 - INFO     - root        : [ROCOTO_SUCCESS_ATTEMPT_1] USER_THREAD_COUNT: mterry has 37/1028698 threads (0.0% utilization)
2025-07-28 23:11:10,697 - INFO     - root        : Rocoto call successful on attempt 1: call_time=0.63s, total_time=0.63s
2025-07-28 23:11:11,362 - INFO     - root        : [ROCOTO_SUCCESS_ATTEMPT_1] USER_THREAD_COUNT: mterry has 37/1028698 threads (0.0% utilization)
2025-07-28 23:11:11,362 - INFO     - root        : Rocoto call successful on attempt 1: call_time=0.61s, total_time=0.61s
2025-07-28 23:11:11,413 - INFO     - root        : [END] USER_THREAD_COUNT: mterry has 37/1028698 threads (0.0% utilization)
2025-07-28 23:17:12,565 - INFO     - root        : [START] USER_THREAD_COUNT: mterry has 37/1028698 threads (0.0% utilization)
2025-07-28 23:17:13,254 - INFO     - root        : [ROCOTO_SUCCESS_ATTEMPT_1] USER_THREAD_COUNT: mterry has 37/1028698 threads (0.0% utilization)
2025-07-28 23:17:13,255 - INFO     - root        : Rocoto call successful on attempt 1: call_time=0.63s, total_time=0.63s
2025-07-28 23:17:13,920 - INFO     - root        : [ROCOTO_SUCCESS_ATTEMPT_1] USER_THREAD_COUNT: mterry has 37/1028698 threads (0.0% utilization)
2025-07-28 23:17:13,920 - INFO     - root        : Rocoto call successful on attempt 1: call_time=0.61s, total_time=0.61s
2025-07-28 23:17:13,970 - INFO     - root        : [END] USER_THREAD_COUNT: mterry has 37/1028698 threads (0.0% utilization)
2025-07-28 23:23:15,191 - INFO     - root        : [START] USER_THREAD_COUNT: mterry has 28/1028698 threads (0.0% utilization)
2025-07-28 23:23:15,885 - INFO     - root        : [ROCOTO_SUCCESS_ATTEMPT_1] USER_THREAD_COUNT: mterry has 24/1028698 threads (0.0% utilization)
2025-07-28 23:23:15,885 - INFO     - root        : Rocoto call successful on attempt 1: call_time=0.64s, total_time=0.64s
2025-07-28 23:23:16,552 - INFO     - root        : [ROCOTO_SUCCESS_ATTEMPT_1] USER_THREAD_COUNT: mterry has 24/1028698 threads (0.0% utilization)
2025-07-28 23:23:16,552 - INFO     - root        : Rocoto call successful on attempt 1: call_time=0.61s, total_time=0.61s
2025-07-28 23:23:16,603 - INFO     - root        : [END] USER_THREAD_COUNT: mterry has 24/1028698 threads (0.0% utilization)
2025-07-28 23:29:17,847 - INFO     - root        : [START] USER_THREAD_COUNT: mterry has 37/1028698 threads (0.0% utilization)
2025-07-28 23:29:18,533 - INFO     - root        : [ROCOTO_SUCCESS_ATTEMPT_1] USER_THREAD_COUNT: mterry has 37/1028698 threads (0.0% utilization)
2025-07-28 23:29:18,534 - INFO     - root        : Rocoto call successful on attempt 1: call_time=0.63s, total_time=0.63s
2025-07-28 23:29:19,199 - INFO     - root        : [ROCOTO_SUCCESS_ATTEMPT_1] USER_THREAD_COUNT: mterry has 37/1028698 threads (0.0% utilization)
2025-07-28 23:29:19,199 - INFO     - root        : Rocoto call successful on attempt 1: call_time=0.61s, total_time=0.61s
2025-07-28 23:29:19,250 - INFO     - root        : [END] USER_THREAD_COUNT: mterry has 37/1028698 threads (0.0% utilization)
2025-07-28 23:35:20,407 - INFO     - root        : [START] USER_THREAD_COUNT: mterry has 37/1028698 threads (0.0% utilization)
2025-07-28 23:35:21,098 - INFO     - root        : [ROCOTO_SUCCESS_ATTEMPT_1] USER_THREAD_COUNT: mterry has 37/1028698 threads (0.0% utilization)
2025-07-28 23:35:21,098 - INFO     - root        : Rocoto call successful on attempt 1: call_time=0.63s, total_time=0.63s
2025-07-28 23:35:21,762 - INFO     - root        : [ROCOTO_SUCCESS_ATTEMPT_1] USER_THREAD_COUNT: mterry has 37/1028698 threads (0.0% utilization)
2025-07-28 23:35:21,762 - INFO     - root        : Rocoto call successful on attempt 1: call_time=0.61s, total_time=0.61s
2025-07-28 23:35:21,813 - INFO     - root        : [END] USER_THREAD_COUNT: mterry has 37/1028698 threads (0.0% utilization)
2025-07-28 23:41:22,930 - INFO     - root        : [START] USER_THREAD_COUNT: mterry has 24/1028698 threads (0.0% utilization)
2025-07-28 23:41:23,616 - INFO     - root        : [ROCOTO_SUCCESS_ATTEMPT_1] USER_THREAD_COUNT: mterry has 24/1028698 threads (0.0% utilization)
2025-07-28 23:41:23,616 - INFO     - root        : Rocoto call successful on attempt 1: call_time=0.63s, total_time=0.63s
2025-07-28 23:41:24,282 - INFO     - root        : [ROCOTO_SUCCESS_ATTEMPT_1] USER_THREAD_COUNT: mterry has 24/1028698 threads (0.0% utilization)
2025-07-28 23:41:24,282 - INFO     - root        : Rocoto call successful on attempt 1: call_time=0.61s, total_time=0.61s
2025-07-28 23:41:24,334 - INFO     - root        : [END] USER_THREAD_COUNT: mterry has 24/1028698 threads (0.0% utilization)
2025-07-28 23:47:25,445 - INFO     - root        : [START] USER_THREAD_COUNT: mterry has 24/1028698 threads (0.0% utilization)
2025-07-28 23:47:26,131 - INFO     - root        : [ROCOTO_SUCCESS_ATTEMPT_1] USER_THREAD_COUNT: mterry has 24/1028698 threads (0.0% utilization)
2025-07-28 23:47:26,131 - INFO     - root        : Rocoto call successful on attempt 1: call_time=0.63s, total_time=0.63s
2025-07-28 23:47:26,804 - INFO     - root        : [ROCOTO_SUCCESS_ATTEMPT_1] USER_THREAD_COUNT: mterry has 24/1028698 threads (0.0% utilization)
2025-07-28 23:47:26,804 - INFO     - root        : Rocoto call successful on attempt 1: call_time=0.62s, total_time=0.62s
2025-07-28 23:47:26,854 - INFO     - root        : [END] USER_THREAD_COUNT: mterry has 24/1028698 threads (0.0% utilization)
2025-07-28 23:53:27,971 - INFO     - root        : [START] USER_THREAD_COUNT: mterry has 24/1028698 threads (0.0% utilization)
2025-07-28 23:53:28,658 - INFO     - root        : [ROCOTO_SUCCESS_ATTEMPT_1] USER_THREAD_COUNT: mterry has 24/1028698 threads (0.0% utilization)
2025-07-28 23:53:28,658 - INFO     - root        : Rocoto call successful on attempt 1: call_time=0.63s, total_time=0.63s
2025-07-28 23:53:29,322 - INFO     - root        : [ROCOTO_SUCCESS_ATTEMPT_1] USER_THREAD_COUNT: mterry has 24/1028698 threads (0.0% utilization)
2025-07-28 23:53:29,322 - INFO     - root        : Rocoto call successful on attempt 1: call_time=0.61s, total_time=0.61s
2025-07-28 23:53:29,373 - INFO     - root        : [END] USER_THREAD_COUNT: mterry has 24/1028698 threads (0.0% utilization)
2025-07-28 23:59:30,496 - INFO     - root        : [START] USER_THREAD_COUNT: mterry has 24/1028698 threads (0.0% utilization)
2025-07-28 23:59:31,183 - INFO     - root        : [ROCOTO_SUCCESS_ATTEMPT_1] USER_THREAD_COUNT: mterry has 24/1028698 threads (0.0% utilization)
2025-07-28 23:59:31,183 - INFO     - root        : Rocoto call successful on attempt 1: call_time=0.63s, total_time=0.63s
2025-07-28 23:59:31,855 - INFO     - root        : [ROCOTO_SUCCESS_ATTEMPT_1] USER_THREAD_COUNT: mterry has 24/1028698 threads (0.0% utilization)
2025-07-28 23:59:31,855 - INFO     - root        : Rocoto call successful on attempt 1: call_time=0.62s, total_time=0.62s
2025-07-28 23:59:31,906 - INFO     - root        : [END] USER_THREAD_COUNT: mterry has 24/1028698 threads (0.0% utilization)
2025-07-29 00:05:33,021 - INFO     - root        : [START] USER_THREAD_COUNT: mterry has 24/1028698 threads (0.0% utilization)
2025-07-29 00:05:33,713 - INFO     - root        : [ROCOTO_SUCCESS_ATTEMPT_1] USER_THREAD_COUNT: mterry has 24/1028698 threads (0.0% utilization)
2025-07-29 00:05:33,713 - INFO     - root        : Rocoto call successful on attempt 1: call_time=0.64s, total_time=0.64s
2025-07-29 00:05:34,380 - INFO     - root        : [ROCOTO_SUCCESS_ATTEMPT_1] USER_THREAD_COUNT: mterry has 24/1028698 threads (0.0% utilization)
2025-07-29 00:05:34,380 - INFO     - root        : Rocoto call successful on attempt 1: call_time=0.61s, total_time=0.61s
2025-07-29 00:05:34,431 - INFO     - root        : [END] USER_THREAD_COUNT: mterry has 24/1028698 threads (0.0% utilization)
2025-07-29 00:11:35,550 - INFO     - root        : [START] USER_THREAD_COUNT: mterry has 50/1028698 threads (0.0% utilization)
2025-07-29 00:11:36,238 - INFO     - root        : [ROCOTO_SUCCESS_ATTEMPT_1] USER_THREAD_COUNT: mterry has 50/1028698 threads (0.0% utilization)
2025-07-29 00:11:36,238 - INFO     - root        : Rocoto call successful on attempt 1: call_time=0.63s, total_time=0.63s
2025-07-29 00:11:36,905 - INFO     - root        : [ROCOTO_SUCCESS_ATTEMPT_1] USER_THREAD_COUNT: mterry has 50/1028698 threads (0.0% utilization)
2025-07-29 00:11:36,905 - INFO     - root        : Rocoto call successful on attempt 1: call_time=0.61s, total_time=0.61s
2025-07-29 00:11:36,957 - INFO     - root        : [END] USER_THREAD_COUNT: mterry has 50/1028698 threads (0.0% utilization)
2025-07-29 00:17:38,070 - INFO     - root        : [START] USER_THREAD_COUNT: mterry has 37/1028698 threads (0.0% utilization)
2025-07-29 00:17:38,756 - INFO     - root        : [ROCOTO_SUCCESS_ATTEMPT_1] USER_THREAD_COUNT: mterry has 37/1028698 threads (0.0% utilization)
2025-07-29 00:17:38,756 - INFO     - root        : Rocoto call successful on attempt 1: call_time=0.63s, total_time=0.63s
2025-07-29 00:17:39,424 - INFO     - root        : [ROCOTO_SUCCESS_ATTEMPT_1] USER_THREAD_COUNT: mterry has 37/1028698 threads (0.0% utilization)
2025-07-29 00:17:39,425 - INFO     - root        : Rocoto call successful on attempt 1: call_time=0.61s, total_time=0.61s
2025-07-29 00:17:39,475 - INFO     - root        : [END] USER_THREAD_COUNT: mterry has 37/1028698 threads (0.0% utilization)
2025-07-29 00:23:40,610 - INFO     - root        : [START] USER_THREAD_COUNT: mterry has 37/1028698 threads (0.0% utilization)
2025-07-29 00:23:41,302 - INFO     - root        : [ROCOTO_SUCCESS_ATTEMPT_1] USER_THREAD_COUNT: mterry has 37/1028698 threads (0.0% utilization)
2025-07-29 00:23:41,302 - INFO     - root        : Rocoto call successful on attempt 1: call_time=0.64s, total_time=0.64s
2025-07-29 00:23:41,966 - INFO     - root        : [ROCOTO_SUCCESS_ATTEMPT_1] USER_THREAD_COUNT: mterry has 37/1028698 threads (0.0% utilization)
2025-07-29 00:23:41,966 - INFO     - root        : Rocoto call successful on attempt 1: call_time=0.61s, total_time=0.61s
2025-07-29 00:23:42,016 - INFO     - root        : [END] USER_THREAD_COUNT: mterry has 37/1028698 threads (0.0% utilization)
2025-07-29 00:29:43,207 - INFO     - root        : [START] USER_THREAD_COUNT: mterry has 24/1028698 threads (0.0% utilization)
2025-07-29 00:29:43,893 - INFO     - root        : [ROCOTO_SUCCESS_ATTEMPT_1] USER_THREAD_COUNT: mterry has 24/1028698 threads (0.0% utilization)
2025-07-29 00:29:43,893 - INFO     - root        : Rocoto call successful on attempt 1: call_time=0.63s, total_time=0.63s
2025-07-29 00:29:44,555 - INFO     - root        : [ROCOTO_SUCCESS_ATTEMPT_1] USER_THREAD_COUNT: mterry has 24/1028698 threads (0.0% utilization)
2025-07-29 00:29:44,556 - INFO     - root        : Rocoto call successful on attempt 1: call_time=0.61s, total_time=0.61s
2025-07-29 00:29:44,606 - INFO     - root        : [END] USER_THREAD_COUNT: mterry has 24/1028698 threads (0.0% utilization)
2025-07-29 00:35:45,716 - INFO     - root        : [START] USER_THREAD_COUNT: mterry has 24/1028698 threads (0.0% utilization)
2025-07-29 00:35:46,407 - INFO     - root        : [ROCOTO_SUCCESS_ATTEMPT_1] USER_THREAD_COUNT: mterry has 24/1028698 threads (0.0% utilization)
2025-07-29 00:35:46,407 - INFO     - root        : Rocoto call successful on attempt 1: call_time=0.64s, total_time=0.64s
2025-07-29 00:35:47,073 - INFO     - root        : [ROCOTO_SUCCESS_ATTEMPT_1] USER_THREAD_COUNT: mterry has 24/1028698 threads (0.0% utilization)
2025-07-29 00:35:47,073 - INFO     - root        : Rocoto call successful on attempt 1: call_time=0.61s, total_time=0.61s
2025-07-29 00:35:47,125 - INFO     - root        : [END] USER_THREAD_COUNT: mterry has 24/1028698 threads (0.0% utilization)
2025-07-29 00:41:48,257 - INFO     - root        : [START] USER_THREAD_COUNT: mterry has 76/1028698 threads (0.01% utilization)
2025-07-29 00:41:48,946 - INFO     - root        : [ROCOTO_SUCCESS_ATTEMPT_1] USER_THREAD_COUNT: mterry has 76/1028698 threads (0.01% utilization)
2025-07-29 00:41:48,946 - INFO     - root        : Rocoto call successful on attempt 1: call_time=0.63s, total_time=0.63s
2025-07-29 00:41:49,613 - INFO     - root        : [ROCOTO_SUCCESS_ATTEMPT_1] USER_THREAD_COUNT: mterry has 76/1028698 threads (0.01% utilization)
2025-07-29 00:41:49,613 - INFO     - root        : Rocoto call successful on attempt 1: call_time=0.61s, total_time=0.61s
2025-07-29 00:41:49,665 - INFO     - root        : [END] USER_THREAD_COUNT: mterry has 76/1028698 threads (0.01% utilization)
2025-07-29 00:47:51,079 - INFO     - root        : [START] USER_THREAD_COUNT: mterry has 89/1028698 threads (0.01% utilization)
2025-07-29 00:47:51,766 - INFO     - root        : [ROCOTO_SUCCESS_ATTEMPT_1] USER_THREAD_COUNT: mterry has 89/1028698 threads (0.01% utilization)
2025-07-29 00:47:51,766 - INFO     - root        : Rocoto call successful on attempt 1: call_time=0.63s, total_time=0.63s
2025-07-29 00:47:52,433 - INFO     - root        : [ROCOTO_SUCCESS_ATTEMPT_1] USER_THREAD_COUNT: mterry has 89/1028698 threads (0.01% utilization)
2025-07-29 00:47:52,433 - INFO     - root        : Rocoto call successful on attempt 1: call_time=0.61s, total_time=0.61s
2025-07-29 00:47:52,485 - INFO     - root        : [END] USER_THREAD_COUNT: mterry has 89/1028698 threads (0.01% utilization)
