Begin wavepostsbs.sh at Fri Dec 13 00:20:56 UTC 2024
+ wavepostsbs.sh[8]: . /work2/noaa/global/CI/HERCULES/307/global-workflow/ush/load_ufswm_modules.sh
++ load_ufswm_modules.sh[4]: [[ NO == \N\O ]]
++ load_ufswm_modules.sh[5]: echo 'Loading modules quietly...'
Loading modules quietly...
++ load_ufswm_modules.sh[6]: set +x
Running "module reset". Resetting modules to system default. The following $MODULEPATH directories have been removed: None

Currently Loaded Modules:
  1) contrib/0.1                      25) git-lfs/3.1.2
  2) intel-oneapi-compilers/2023.1.0  26) crtm/2.4.0.1
  3) stack-intel/2021.9.0             27) g2/3.5.1
  4) intel-oneapi-mpi/2021.9.0        28) g2tmpl/1.13.0
  5) stack-intel-oneapi-mpi/2021.9.0  29) ip/4.3.0
  6) nghttp2/1.57.0                   30) sp/2.5.0
  7) curl/8.4.0                       31) w3emc/2.10.0
  8) cmake/3.23.1                     32) gftl/1.10.0
  9) libjpeg/2.1.0                    33) gftl-shared/1.6.1
 10) jasper/2.0.32                    34) fargparse/1.5.0
 11) zlib/1.2.13                      35) pigz/2.7
 12) libpng/1.6.37                    36) tar/1.34
 13) hdf5/1.14.0                      37) gettext/0.21.1
 14) snappy/1.1.10                    38) libxcrypt/4.4.35
 15) zstd/1.5.2                       39) sqlite/3.43.2
 16) c-blosc/1.21.5                   40) util-linux-uuid/2.38.1
 17) netcdf-c/4.9.2                   41) python/3.10.13
 18) netcdf-fortran/4.6.1             42) mapl/2.40.3-esmf-8.6.0
 19) parallel-netcdf/1.12.2           43) scotch/7.0.4
 20) parallelio/2.5.10                44) ufs_common
 21) esmf/8.6.0                       45) nccmp/1.9.0.1
 22) fms/2023.04                      46) ufs_hercules.intel
 23) bacio/2.4.1                      47) prod_util/2.1.1
 24) crtm-fix/2.4.0.1_emc             48) wgrib2/3.1.1

 

+ wavepostsbs.sh[9]: status=0
+ wavepostsbs.sh[10]: [[ 0 -ne 0 ]]
+ wavepostsbs.sh[12]: export job=wavepostsbs
+ wavepostsbs.sh[12]: job=wavepostsbs
+ wavepostsbs.sh[13]: export jobid=wavepostsbs.110364
+ wavepostsbs.sh[13]: jobid=wavepostsbs.110364
+ wavepostsbs.sh[17]: /work2/noaa/global/CI/HERCULES/307/global-workflow/jobs/JGLOBAL_WAVE_POST_SBS
Begin JGLOBAL_WAVE_POST_SBS at Fri Dec 13 00:20:57 UTC 2024
+ JGLOBAL_WAVE_POST_SBS[4]: source /work2/noaa/global/CI/HERCULES/307/global-workflow/ush/jjob_header.sh -e wavepostsbs -c 'base wave wavepostsbs'
++ jjob_header.sh[43]: OPTIND=1
++ jjob_header.sh[44]: getopts c:e: option
++ jjob_header.sh[45]: case "${option}" in
++ jjob_header.sh[47]: env_job=wavepostsbs
++ jjob_header.sh[44]: getopts c:e: option
++ jjob_header.sh[45]: case "${option}" in
++ jjob_header.sh[46]: read -ra configs
++ jjob_header.sh[44]: getopts c:e: option
++ jjob_header.sh[58]: shift 4
++ jjob_header.sh[60]: [[ -z wavepostsbs ]]
++ jjob_header.sh[68]: export DATA=/work/noaa/stmp/mterry/HERCULES/RUNDIRS/C48_S2SW_22a4e28b/gfs.2021032312/wavepostsbs.110364
++ jjob_header.sh[68]: DATA=/work/noaa/stmp/mterry/HERCULES/RUNDIRS/C48_S2SW_22a4e28b/gfs.2021032312/wavepostsbs.110364
++ jjob_header.sh[69]: [[ YES == \Y\E\S ]]
++ jjob_header.sh[70]: rm -rf /work/noaa/stmp/mterry/HERCULES/RUNDIRS/C48_S2SW_22a4e28b/gfs.2021032312/wavepostsbs.110364
++ jjob_header.sh[72]: mkdir -p /work/noaa/stmp/mterry/HERCULES/RUNDIRS/C48_S2SW_22a4e28b/gfs.2021032312/wavepostsbs.110364
++ jjob_header.sh[73]: cd /work/noaa/stmp/mterry/HERCULES/RUNDIRS/C48_S2SW_22a4e28b/gfs.2021032312/wavepostsbs.110364
++ jjob_header.sh[79]: export cycle=t12z
++ jjob_header.sh[79]: cycle=t12z
++ jjob_header.sh[80]: setpdy.sh
sed: can't read /work2/noaa/global/CI/HERCULES/307/RUNTESTS/COMROOT/date/t12z: No such file or directory
 completed cleanly
 completed cleanly
Source PDY script to export PDYm7, ..., PDY, ..., PDYp7 variables.
++ jjob_header.sh[81]: source ./PDY
+++ PDY[1]: export PDYm7=20210316
+++ PDY[1]: PDYm7=20210316
+++ PDY[2]: export PDYm6=20210317
+++ PDY[2]: PDYm6=20210317
+++ PDY[3]: export PDYm5=20210318
+++ PDY[3]: PDYm5=20210318
+++ PDY[4]: export PDYm4=20210319
+++ PDY[4]: PDYm4=20210319
+++ PDY[5]: export PDYm3=20210320
+++ PDY[5]: PDYm3=20210320
+++ PDY[6]: export PDYm2=20210321
+++ PDY[6]: PDYm2=20210321
+++ PDY[7]: export PDYm1=20210322
+++ PDY[7]: PDYm1=20210322
+++ PDY[8]: export PDY=20210323
+++ PDY[8]: PDY=20210323
+++ PDY[9]: export PDYp1=20210324
+++ PDY[9]: PDYp1=20210324
+++ PDY[10]: export PDYp2=20210325
+++ PDY[10]: PDYp2=20210325
+++ PDY[11]: export PDYp3=20210326
+++ PDY[11]: PDYp3=20210326
+++ PDY[12]: export PDYp4=20210327
+++ PDY[12]: PDYp4=20210327
+++ PDY[13]: export PDYp5=20210328
+++ PDY[13]: PDYp5=20210328
+++ PDY[14]: export PDYp6=20210329
+++ PDY[14]: PDYp6=20210329
+++ PDY[15]: export PDYp7=20210330
+++ PDY[15]: PDYp7=20210330
++ jjob_header.sh[87]: export pid=111067
++ jjob_header.sh[87]: pid=111067
++ jjob_header.sh[88]: export pgmout=OUTPUT.111067
++ jjob_header.sh[88]: pgmout=OUTPUT.111067
++ jjob_header.sh[89]: export pgmerr=errfile
++ jjob_header.sh[89]: pgmerr=errfile
++ jjob_header.sh[95]: export EXPDIR=/work2/noaa/global/CI/HERCULES/307/RUNTESTS/EXPDIR/C48_S2SW_22a4e28b
++ jjob_header.sh[95]: EXPDIR=/work2/noaa/global/CI/HERCULES/307/RUNTESTS/EXPDIR/C48_S2SW_22a4e28b
++ jjob_header.sh[96]: for config in "${configs[@]:-''}"
++ jjob_header.sh[97]: source /work2/noaa/global/CI/HERCULES/307/RUNTESTS/EXPDIR/C48_S2SW_22a4e28b/config.base
+++ config.base[6]: echo 'BEGIN: config.base'
BEGIN: config.base
+++ config.base[9]: export machine=HERCULES
+++ config.base[9]: machine=HERCULES
+++ config.base[12]: export RUN_ENVIR=emc
+++ config.base[12]: RUN_ENVIR=emc
+++ config.base[15]: export ACCOUNT=nems
+++ config.base[15]: ACCOUNT=nems
+++ config.base[16]: export QUEUE=batch
+++ config.base[16]: QUEUE=batch
+++ config.base[17]: export QUEUE_SERVICE=batch
+++ config.base[17]: QUEUE_SERVICE=batch
+++ config.base[18]: export PARTITION_BATCH=hercules
+++ config.base[18]: PARTITION_BATCH=hercules
+++ config.base[19]: export PARTITION_SERVICE=service
+++ config.base[19]: PARTITION_SERVICE=service
+++ config.base[20]: export RESERVATION=
+++ config.base[20]: RESERVATION=
+++ config.base[21]: export CLUSTERS=
+++ config.base[21]: CLUSTERS=
+++ config.base[24]: export HPSS_PROJECT=emc-global
+++ config.base[24]: HPSS_PROJECT=emc-global
+++ config.base[27]: export HOMEgfs=/work2/noaa/global/CI/HERCULES/307/global-workflow
+++ config.base[27]: HOMEgfs=/work2/noaa/global/CI/HERCULES/307/global-workflow
+++ config.base[28]: export EXECgfs=/work2/noaa/global/CI/HERCULES/307/global-workflow/exec
+++ config.base[28]: EXECgfs=/work2/noaa/global/CI/HERCULES/307/global-workflow/exec
+++ config.base[29]: export FIXgfs=/work2/noaa/global/CI/HERCULES/307/global-workflow/fix
+++ config.base[29]: FIXgfs=/work2/noaa/global/CI/HERCULES/307/global-workflow/fix
+++ config.base[30]: export PARMgfs=/work2/noaa/global/CI/HERCULES/307/global-workflow/parm
+++ config.base[30]: PARMgfs=/work2/noaa/global/CI/HERCULES/307/global-workflow/parm
+++ config.base[31]: export SCRgfs=/work2/noaa/global/CI/HERCULES/307/global-workflow/scripts
+++ config.base[31]: SCRgfs=/work2/noaa/global/CI/HERCULES/307/global-workflow/scripts
+++ config.base[32]: export USHgfs=/work2/noaa/global/CI/HERCULES/307/global-workflow/ush
+++ config.base[32]: USHgfs=/work2/noaa/global/CI/HERCULES/307/global-workflow/ush
+++ config.base[34]: export FIXam=/work2/noaa/global/CI/HERCULES/307/global-workflow/fix/am
+++ config.base[34]: FIXam=/work2/noaa/global/CI/HERCULES/307/global-workflow/fix/am
+++ config.base[35]: export FIXaer=/work2/noaa/global/CI/HERCULES/307/global-workflow/fix/aer
+++ config.base[35]: FIXaer=/work2/noaa/global/CI/HERCULES/307/global-workflow/fix/aer
+++ config.base[36]: export FIXcpl=/work2/noaa/global/CI/HERCULES/307/global-workflow/fix/cpl
+++ config.base[36]: FIXcpl=/work2/noaa/global/CI/HERCULES/307/global-workflow/fix/cpl
+++ config.base[37]: export FIXlut=/work2/noaa/global/CI/HERCULES/307/global-workflow/fix/lut
+++ config.base[37]: FIXlut=/work2/noaa/global/CI/HERCULES/307/global-workflow/fix/lut
+++ config.base[38]: export FIXcice=/work2/noaa/global/CI/HERCULES/307/global-workflow/fix/cice
+++ config.base[38]: FIXcice=/work2/noaa/global/CI/HERCULES/307/global-workflow/fix/cice
+++ config.base[39]: export FIXmom=/work2/noaa/global/CI/HERCULES/307/global-workflow/fix/mom6
+++ config.base[39]: FIXmom=/work2/noaa/global/CI/HERCULES/307/global-workflow/fix/mom6
+++ config.base[40]: export FIXreg2grb2=/work2/noaa/global/CI/HERCULES/307/global-workflow/fix/reg2grb2
+++ config.base[40]: FIXreg2grb2=/work2/noaa/global/CI/HERCULES/307/global-workflow/fix/reg2grb2
+++ config.base[41]: export FIXgdas=/work2/noaa/global/CI/HERCULES/307/global-workflow/fix/gdas
+++ config.base[41]: FIXgdas=/work2/noaa/global/CI/HERCULES/307/global-workflow/fix/gdas
+++ config.base[46]: export PACKAGEROOT=/work/noaa/global/glopara/nwpara
+++ config.base[46]: PACKAGEROOT=/work/noaa/global/glopara/nwpara
+++ config.base[47]: export COMROOT=/work2/noaa/global/CI/HERCULES/307/RUNTESTS/COMROOT
+++ config.base[47]: COMROOT=/work2/noaa/global/CI/HERCULES/307/RUNTESTS/COMROOT
+++ config.base[48]: export COMINsyn=/work/noaa/global/glopara/com/gfs/prod/syndat
+++ config.base[48]: COMINsyn=/work/noaa/global/glopara/com/gfs/prod/syndat
+++ config.base[49]: export DMPDIR=/work/noaa/rstprod/dump
+++ config.base[49]: DMPDIR=/work/noaa/rstprod/dump
+++ config.base[53]: export COMINecmwf=/work/noaa/global/glopara/data/external_gempak/ecmwf
+++ config.base[53]: COMINecmwf=/work/noaa/global/glopara/data/external_gempak/ecmwf
+++ config.base[54]: export COMINnam=/work/noaa/global/glopara/data/external_gempak/nam
+++ config.base[54]: COMINnam=/work/noaa/global/glopara/data/external_gempak/nam
+++ config.base[55]: export COMINukmet=/work/noaa/global/glopara/data/external_gempak/ukmet
+++ config.base[55]: COMINukmet=/work/noaa/global/glopara/data/external_gempak/ukmet
+++ config.base[58]: export HOMEDIR=/work/noaa/global/mterry
+++ config.base[58]: HOMEDIR=/work/noaa/global/mterry
+++ config.base[59]: export STMP=/work/noaa/stmp/mterry/HERCULES
+++ config.base[59]: STMP=/work/noaa/stmp/mterry/HERCULES
+++ config.base[60]: export PTMP=/work/noaa/stmp/mterry/HERCULES
+++ config.base[60]: PTMP=/work/noaa/stmp/mterry/HERCULES
+++ config.base[61]: export NOSCRUB=/work/noaa/global/mterry
+++ config.base[61]: NOSCRUB=/work/noaa/global/mterry
+++ config.base[64]: export BASE_GIT=/work/noaa/global/glopara/git_rocky9
+++ config.base[64]: BASE_GIT=/work/noaa/global/glopara/git_rocky9
+++ config.base[67]: export BASE_DATA=/work/noaa/global/glopara/data
+++ config.base[67]: BASE_DATA=/work/noaa/global/glopara/data
+++ config.base[70]: export DO_GOES=NO
+++ config.base[70]: DO_GOES=NO
+++ config.base[71]: export DO_BUFRSND=NO
+++ config.base[71]: DO_BUFRSND=NO
+++ config.base[72]: export DO_GEMPAK=NO
+++ config.base[72]: DO_GEMPAK=NO
+++ config.base[73]: export DO_AWIPS=NO
+++ config.base[73]: DO_AWIPS=NO
+++ config.base[74]: export DO_NPOESS=NO
+++ config.base[74]: DO_NPOESS=NO
+++ config.base[75]: export DO_TRACKER=NO
+++ config.base[75]: DO_TRACKER=NO
+++ config.base[76]: export DO_GENESIS=NO
+++ config.base[76]: DO_GENESIS=NO
+++ config.base[77]: export DO_GENESIS_FSU=NO
+++ config.base[77]: DO_GENESIS_FSU=NO
+++ config.base[78]: export DO_VERFOZN=YES
+++ config.base[78]: DO_VERFOZN=YES
+++ config.base[79]: export DO_VERFRAD=YES
+++ config.base[79]: DO_VERFRAD=YES
+++ config.base[80]: export DO_VMINMON=YES
+++ config.base[80]: DO_VMINMON=YES
+++ config.base[81]: export DO_MOS=NO
+++ config.base[81]: DO_MOS=NO
+++ config.base[87]: export REALTIME=YES
+++ config.base[87]: REALTIME=YES
+++ config.base[90]: export MODE=forecast-only
+++ config.base[90]: MODE=forecast-only
+++ config.base[91]: export DO_TEST_MODE=YES
+++ config.base[91]: DO_TEST_MODE=YES
+++ config.base[100]: export FIXgsi=/work2/noaa/global/CI/HERCULES/307/global-workflow/fix/gsi
+++ config.base[100]: FIXgsi=/work2/noaa/global/CI/HERCULES/307/global-workflow/fix/gsi
+++ config.base[101]: export HOMEpost=/work2/noaa/global/CI/HERCULES/307/global-workflow
+++ config.base[101]: HOMEpost=/work2/noaa/global/CI/HERCULES/307/global-workflow
+++ config.base[102]: export HOMEobsproc=/work/noaa/global/glopara/git_rocky9/obsproc/v
+++ config.base[102]: HOMEobsproc=/work/noaa/global/glopara/git_rocky9/obsproc/v
+++ config.base[105]: export 'NCP=/bin/cp -p'
+++ config.base[105]: NCP='/bin/cp -p'
+++ config.base[106]: export NMV=/bin/mv
+++ config.base[106]: NMV=/bin/mv
+++ config.base[107]: export 'NLN=/bin/ln -sf'
+++ config.base[107]: NLN='/bin/ln -sf'
+++ config.base[108]: export VERBOSE=YES
+++ config.base[108]: VERBOSE=YES
+++ config.base[109]: export KEEPDATA=NO
+++ config.base[109]: KEEPDATA=NO
+++ config.base[110]: export DEBUG_POSTSCRIPT=NO
+++ config.base[110]: DEBUG_POSTSCRIPT=NO
+++ config.base[111]: export CHGRP_RSTPROD=YES
+++ config.base[111]: CHGRP_RSTPROD=YES
+++ config.base[112]: export 'CHGRP_CMD=chgrp rstprod'
+++ config.base[112]: CHGRP_CMD='chgrp rstprod'
+++ config.base[113]: export NCDUMP=/work/noaa/epic/role-epic/spack-stack/hercules/spack-stack-1.6.0/envs/unified-env/install/intel/2021.9.0/netcdf-c-4.9.2-tslbcfy/bin/ncdump
+++ config.base[113]: NCDUMP=/work/noaa/epic/role-epic/spack-stack/hercules/spack-stack-1.6.0/envs/unified-env/install/intel/2021.9.0/netcdf-c-4.9.2-tslbcfy/bin/ncdump
+++ config.base[114]: export NCLEN=/work2/noaa/global/CI/HERCULES/307/global-workflow/ush/getncdimlen
+++ config.base[114]: NCLEN=/work2/noaa/global/CI/HERCULES/307/global-workflow/ush/getncdimlen
+++ config.base[117]: export BASE_ENV=/work2/noaa/global/CI/HERCULES/307/global-workflow/env
+++ config.base[117]: BASE_ENV=/work2/noaa/global/CI/HERCULES/307/global-workflow/env
+++ config.base[118]: export BASE_JOB=/work2/noaa/global/CI/HERCULES/307/global-workflow/jobs/rocoto
+++ config.base[118]: BASE_JOB=/work2/noaa/global/CI/HERCULES/307/global-workflow/jobs/rocoto
+++ config.base[121]: export SDATE=2021032312
+++ config.base[121]: SDATE=2021032312
+++ config.base[122]: export EDATE=2021032312
+++ config.base[122]: EDATE=2021032312
+++ config.base[123]: export EXP_WARM_START=.false.
+++ config.base[123]: EXP_WARM_START=.false.
+++ config.base[124]: export assim_freq=6
+++ config.base[124]: assim_freq=6
+++ config.base[125]: export PSLOT=C48_S2SW_22a4e28b
+++ config.base[125]: PSLOT=C48_S2SW_22a4e28b
+++ config.base[126]: export EXPDIR=/work2/noaa/global/CI/HERCULES/307/RUNTESTS/EXPDIR/C48_S2SW_22a4e28b
+++ config.base[126]: EXPDIR=/work2/noaa/global/CI/HERCULES/307/RUNTESTS/EXPDIR/C48_S2SW_22a4e28b
+++ config.base[127]: export ROTDIR=/work2/noaa/global/CI/HERCULES/307/RUNTESTS/COMROOT/C48_S2SW_22a4e28b
+++ config.base[127]: ROTDIR=/work2/noaa/global/CI/HERCULES/307/RUNTESTS/COMROOT/C48_S2SW_22a4e28b
+++ config.base[128]: export ROTDIR_DUMP=YES
+++ config.base[128]: ROTDIR_DUMP=YES
+++ config.base[129]: export DUMP_SUFFIX=
+++ config.base[129]: DUMP_SUFFIX=
+++ config.base[130]: [[ 2021032312 -ge 2019092100 ]]
+++ config.base[130]: [[ 2021032312 -le 2019110700 ]]
+++ config.base[133]: export ARCDIR=/work/noaa/global/mterry/archive/C48_S2SW_22a4e28b
+++ config.base[133]: ARCDIR=/work/noaa/global/mterry/archive/C48_S2SW_22a4e28b
+++ config.base[134]: export ATARDIR=/work/noaa/global/mterry/archive_rotdir/C48_S2SW_22a4e28b
+++ config.base[134]: ATARDIR=/work/noaa/global/mterry/archive_rotdir/C48_S2SW_22a4e28b
+++ config.base[137]: export envir=prod
+++ config.base[137]: envir=prod
+++ config.base[138]: export NET=gfs
+++ config.base[138]: NET=gfs
+++ config.base[139]: export RUN=gfs
+++ config.base[139]: RUN=gfs
+++ config.base[142]: source /work2/noaa/global/CI/HERCULES/307/RUNTESTS/EXPDIR/C48_S2SW_22a4e28b/config.com
++++ config.com[4]: echo 'BEGIN: config.com'
BEGIN: config.com
++++ config.com[37]: [[ emc == \n\c\o ]]
++++ config.com[41]: COM_OBS_TMPL='${ROTDIR}/${RUN}.${YMD}/${HH}/obs'
++++ config.com[42]: COM_RTOFS_TMPL='${DMPDIR}'
++++ config.com[44]: declare -rx COM_OBS_TMPL COM_RTOFS_TMPL
++++ config.com[45]: declare -rx 'COM_OBSDMP_TMPL=${DMPDIR}/${DUMP}${DUMP_SUFFIX}.${YMD}/${HH}/atmos'
++++ config.com[47]: COM_BASE='${ROTDIR}/${RUN}.${YMD}/${HH}/${MEMDIR}'
++++ config.com[49]: declare -rx 'COM_TOP_TMPL=${ROTDIR}/${RUN}.${YMD}/${HH}'
++++ config.com[51]: declare -rx 'COM_CONF_TMPL=${ROTDIR}/${RUN}.${YMD}/${HH}/${MEMDIR}/conf'
++++ config.com[52]: declare -rx 'COM_OBS_JEDI=${ROTDIR}/${RUN}.${YMD}/${HH}/${MEMDIR}/obs_jedi'
++++ config.com[54]: declare -rx 'COM_ATMOS_INPUT_TMPL=${ROTDIR}/${RUN}.${YMD}/${HH}/${MEMDIR}/model/atmos/input'
++++ config.com[55]: declare -rx 'COM_ATMOS_RESTART_TMPL=${ROTDIR}/${RUN}.${YMD}/${HH}/${MEMDIR}/model/atmos/restart'
++++ config.com[56]: declare -rx 'COM_ATMOS_ANALYSIS_TMPL=${ROTDIR}/${RUN}.${YMD}/${HH}/${MEMDIR}/analysis/atmos'
++++ config.com[57]: declare -rx 'COM_SNOW_ANALYSIS_TMPL=${ROTDIR}/${RUN}.${YMD}/${HH}/${MEMDIR}/analysis/snow'
++++ config.com[58]: declare -rx 'COM_ATMOS_HISTORY_TMPL=${ROTDIR}/${RUN}.${YMD}/${HH}/${MEMDIR}/model/atmos/history'
++++ config.com[59]: declare -rx 'COM_ATMOS_MASTER_TMPL=${ROTDIR}/${RUN}.${YMD}/${HH}/${MEMDIR}/model/atmos/master'
++++ config.com[60]: declare -rx 'COM_ATMOS_GRIB_TMPL=${ROTDIR}/${RUN}.${YMD}/${HH}/${MEMDIR}/products/atmos/grib2'
++++ config.com[61]: declare -rx 'COM_ATMOS_GRIB_GRID_TMPL=${ROTDIR}/${RUN}.${YMD}/${HH}/${MEMDIR}/products/atmos/grib2/${GRID}'
++++ config.com[62]: declare -rx 'COM_ATMOS_BUFR_TMPL=${ROTDIR}/${RUN}.${YMD}/${HH}/${MEMDIR}/products/atmos/bufr'
++++ config.com[63]: declare -rx 'COM_ATMOS_GEMPAK_TMPL=${ROTDIR}/${RUN}.${YMD}/${HH}/${MEMDIR}/products/atmos/gempak/${GRID}'
++++ config.com[64]: declare -rx 'COM_ATMOS_GENESIS_TMPL=${ROTDIR}/${RUN}.${YMD}/${HH}/${MEMDIR}/products/atmos/cyclone/genesis_vital'
++++ config.com[65]: declare -rx 'COM_ATMOS_TRACK_TMPL=${ROTDIR}/${RUN}.${YMD}/${HH}/${MEMDIR}/products/atmos/cyclone/tracks'
++++ config.com[66]: declare -rx 'COM_ATMOS_GOES_TMPL=${ROTDIR}/${RUN}.${YMD}/${HH}/${MEMDIR}/products/atmos/goes_sim'
++++ config.com[67]: declare -rx 'COM_ATMOS_IMAGERY_TMPL=${ROTDIR}/${RUN}.${YMD}/${HH}/${MEMDIR}/products/atmos/imagery'
++++ config.com[68]: declare -rx 'COM_ATMOS_OZNMON_TMPL=${ROTDIR}/${RUN}.${YMD}/${HH}/${MEMDIR}/products/atmos/oznmon'
++++ config.com[69]: declare -rx 'COM_ATMOS_RADMON_TMPL=${ROTDIR}/${RUN}.${YMD}/${HH}/${MEMDIR}/products/atmos/radmon'
++++ config.com[70]: declare -rx 'COM_ATMOS_MINMON_TMPL=${ROTDIR}/${RUN}.${YMD}/${HH}/${MEMDIR}/products/atmos/minmon'
++++ config.com[71]: declare -rx 'COM_ATMOS_WMO_TMPL=${ROTDIR}/${RUN}.${YMD}/${HH}/${MEMDIR}/products/atmos/wmo'
++++ config.com[73]: declare -rx 'COM_WAVE_RESTART_TMPL=${ROTDIR}/${RUN}.${YMD}/${HH}/${MEMDIR}/model/wave/restart'
++++ config.com[74]: declare -rx 'COM_WAVE_PREP_TMPL=${ROTDIR}/${RUN}.${YMD}/${HH}/${MEMDIR}/model/wave/prep'
++++ config.com[75]: declare -rx 'COM_WAVE_HISTORY_TMPL=${ROTDIR}/${RUN}.${YMD}/${HH}/${MEMDIR}/model/wave/history'
++++ config.com[76]: declare -rx 'COM_WAVE_GRID_TMPL=${ROTDIR}/${RUN}.${YMD}/${HH}/${MEMDIR}/products/wave/gridded'
++++ config.com[77]: declare -rx 'COM_WAVE_STATION_TMPL=${ROTDIR}/${RUN}.${YMD}/${HH}/${MEMDIR}/products/wave/station'
++++ config.com[78]: declare -rx 'COM_WAVE_GEMPAK_TMPL=${ROTDIR}/${RUN}.${YMD}/${HH}/${MEMDIR}/products/wave/gempak'
++++ config.com[79]: declare -rx 'COM_WAVE_WMO_TMPL=${ROTDIR}/${RUN}.${YMD}/${HH}/${MEMDIR}/products/wave/wmo'
++++ config.com[81]: declare -rx 'COM_OCEAN_HISTORY_TMPL=${ROTDIR}/${RUN}.${YMD}/${HH}/${MEMDIR}/model/ocean/history'
++++ config.com[82]: declare -rx 'COM_OCEAN_RESTART_TMPL=${ROTDIR}/${RUN}.${YMD}/${HH}/${MEMDIR}/model/ocean/restart'
++++ config.com[83]: declare -rx 'COM_OCEAN_INPUT_TMPL=${ROTDIR}/${RUN}.${YMD}/${HH}/${MEMDIR}/model/ocean/input'
++++ config.com[84]: declare -rx 'COM_OCEAN_ANALYSIS_TMPL=${ROTDIR}/${RUN}.${YMD}/${HH}/${MEMDIR}/analysis/ocean'
++++ config.com[85]: declare -rx 'COM_OCEAN_LETKF_TMPL=${ROTDIR}/${RUN}.${YMD}/${HH}/${MEMDIR}/analysis/ocean/letkf'
++++ config.com[86]: declare -rx 'COM_OCEAN_BMATRIX_TMPL=${ROTDIR}/${RUN}.${YMD}/${HH}/${MEMDIR}/bmatrix/ocean'
++++ config.com[87]: declare -rx 'COM_OCEAN_NETCDF_TMPL=${ROTDIR}/${RUN}.${YMD}/${HH}/${MEMDIR}/products/ocean/netcdf'
++++ config.com[88]: declare -rx 'COM_OCEAN_GRIB_TMPL=${ROTDIR}/${RUN}.${YMD}/${HH}/${MEMDIR}/products/ocean/grib2'
++++ config.com[89]: declare -rx 'COM_OCEAN_GRIB_GRID_TMPL=${ROTDIR}/${RUN}.${YMD}/${HH}/${MEMDIR}/products/ocean/grib2/${GRID}'
++++ config.com[91]: declare -rx 'COM_ICE_ANALYSIS_TMPL=${ROTDIR}/${RUN}.${YMD}/${HH}/${MEMDIR}/analysis/ice'
++++ config.com[92]: declare -rx 'COM_ICE_LETKF_TMPL=${ROTDIR}/${RUN}.${YMD}/${HH}/${MEMDIR}/analysis/ice/letkf'
++++ config.com[93]: declare -rx 'COM_ICE_BMATRIX_TMPL=${ROTDIR}/${RUN}.${YMD}/${HH}/${MEMDIR}/bmatrix/ice'
++++ config.com[94]: declare -rx 'COM_ICE_INPUT_TMPL=${ROTDIR}/${RUN}.${YMD}/${HH}/${MEMDIR}/model/ice/input'
++++ config.com[95]: declare -rx 'COM_ICE_HISTORY_TMPL=${ROTDIR}/${RUN}.${YMD}/${HH}/${MEMDIR}/model/ice/history'
++++ config.com[96]: declare -rx 'COM_ICE_RESTART_TMPL=${ROTDIR}/${RUN}.${YMD}/${HH}/${MEMDIR}/model/ice/restart'
++++ config.com[97]: declare -rx 'COM_ICE_NETCDF_TMPL=${ROTDIR}/${RUN}.${YMD}/${HH}/${MEMDIR}/products/ice/netcdf'
++++ config.com[98]: declare -rx 'COM_ICE_GRIB_TMPL=${ROTDIR}/${RUN}.${YMD}/${HH}/${MEMDIR}/products/ice/grib2'
++++ config.com[99]: declare -rx 'COM_ICE_GRIB_GRID_TMPL=${ROTDIR}/${RUN}.${YMD}/${HH}/${MEMDIR}/products/ice/grib2/${GRID}'
++++ config.com[101]: declare -rx 'COM_CHEM_HISTORY_TMPL=${ROTDIR}/${RUN}.${YMD}/${HH}/${MEMDIR}/model/chem/history'
++++ config.com[102]: declare -rx 'COM_CHEM_ANALYSIS_TMPL=${ROTDIR}/${RUN}.${YMD}/${HH}/${MEMDIR}/analysis/chem'
++++ config.com[103]: declare -rx 'COM_CHEM_BMAT_TMPL=${ROTDIR}/${RUN}.${YMD}/${HH}/${MEMDIR}/analysis/chem/bmatrix'
++++ config.com[105]: declare -rx 'COM_MED_RESTART_TMPL=${ROTDIR}/${RUN}.${YMD}/${HH}/${MEMDIR}/model/med/restart'
+++ config.base[145]: export 'ERRSCRIPT=eval [[ $err = 0 ]]'
+++ config.base[145]: ERRSCRIPT='eval [[ $err = 0 ]]'
+++ config.base[146]: export LOGSCRIPT=
+++ config.base[146]: LOGSCRIPT=
+++ config.base[149]: export 'REDOUT=1>'
+++ config.base[149]: REDOUT='1>'
+++ config.base[150]: export 'REDERR=2>'
+++ config.base[150]: REDERR='2>'
+++ config.base[152]: export SENDECF=NO
+++ config.base[152]: SENDECF=NO
+++ config.base[153]: export SENDSDM=NO
+++ config.base[153]: SENDSDM=NO
+++ config.base[154]: export SENDDBN_NTC=NO
+++ config.base[154]: SENDDBN_NTC=NO
+++ config.base[155]: export SENDDBN=NO
+++ config.base[155]: SENDDBN=NO
+++ config.base[156]: export DBNROOT=/work/noaa/epic/role-epic/spack-stack/hercules/spack-stack-1.6.0/envs/unified-env/install/intel/2021.9.0/prod-util-2.1.1-ddlo2cq/fakedbn
+++ config.base[156]: DBNROOT=/work/noaa/epic/role-epic/spack-stack/hercules/spack-stack-1.6.0/envs/unified-env/install/intel/2021.9.0/prod-util-2.1.1-ddlo2cq/fakedbn
+++ config.base[159]: export APP=S2SW
+++ config.base[159]: APP=S2SW
+++ config.base[161]: shopt -s extglob
+++ config.base[164]: case "${RUN}" in
+++ config.base[171]: shopt -u extglob
+++ config.base[174]: export DO_ATM=YES
+++ config.base[174]: DO_ATM=YES
+++ config.base[175]: export DO_COUPLED=NO
+++ config.base[175]: DO_COUPLED=NO
+++ config.base[176]: export DO_WAVE=NO
+++ config.base[176]: DO_WAVE=NO
+++ config.base[177]: export DO_OCN=NO
+++ config.base[177]: DO_OCN=NO
+++ config.base[178]: export DO_ICE=NO
+++ config.base[178]: DO_ICE=NO
+++ config.base[179]: DO_AERO=NO
+++ config.base[180]: export DO_PREP_OBS_AERO=NO
+++ config.base[180]: DO_PREP_OBS_AERO=NO
+++ config.base[181]: aero_fcst_runs=gdas
+++ config.base[182]: aero_anl_runs='gdas gfs'
+++ config.base[183]: export DO_AERO_FCST=NO
+++ config.base[183]: DO_AERO_FCST=NO
+++ config.base[184]: export DO_AERO_ANL=NO
+++ config.base[184]: DO_AERO_ANL=NO
+++ config.base[185]: export DOBNDPNT_WAVE=NO
+++ config.base[185]: DOBNDPNT_WAVE=NO
+++ config.base[186]: export DOIBP_WAV=NO
+++ config.base[186]: DOIBP_WAV=NO
+++ config.base[187]: export FRAC_GRID=.true.
+++ config.base[187]: FRAC_GRID=.true.
+++ config.base[188]: export DO_NEST=NO
+++ config.base[188]: DO_NEST=NO
+++ config.base[189]: [[ NO == \Y\E\S ]]
+++ config.base[195]: export ntiles=6
+++ config.base[195]: ntiles=6
+++ config.base[196]: export FIXugwd=/work2/noaa/global/CI/HERCULES/307/global-workflow/fix/ugwd
+++ config.base[196]: FIXugwd=/work2/noaa/global/CI/HERCULES/307/global-workflow/fix/ugwd
+++ config.base[197]: export FIXorog=/work2/noaa/global/CI/HERCULES/307/global-workflow/fix/orog
+++ config.base[197]: FIXorog=/work2/noaa/global/CI/HERCULES/307/global-workflow/fix/orog
+++ config.base[201]: export OPS_RES=C768
+++ config.base[201]: OPS_RES=C768
+++ config.base[204]: export LEVS=128
+++ config.base[204]: LEVS=128
+++ config.base[205]: export CASE=C48
+++ config.base[205]: CASE=C48
+++ config.base[206]: export CASE_ENS=@CASEENS@
+++ config.base[206]: CASE_ENS=@CASEENS@
+++ config.base[207]: export OCNRES=500
+++ config.base[207]: OCNRES=500
+++ config.base[208]: export ICERES=500
+++ config.base[208]: ICERES=500
+++ config.base[211]: case "${CASE}" in
+++ config.base[213]: export waveGRD=uglo_100km
+++ config.base[213]: waveGRD=uglo_100km
+++ config.base[230]: case "${APP}" in
+++ config.base[246]: export DO_COUPLED=YES
+++ config.base[246]: DO_COUPLED=YES
+++ config.base[247]: export DO_OCN=YES
+++ config.base[247]: DO_OCN=YES
+++ config.base[248]: export DO_ICE=YES
+++ config.base[248]: DO_ICE=YES
+++ config.base[250]: [[ S2SW =~ A$ ]]
+++ config.base[254]: [[ S2SW =~ ^S2SW ]]
+++ config.base[255]: export DO_WAVE=YES
+++ config.base[255]: DO_WAVE=YES
+++ config.base[265]: [[ NO == \Y\E\S ]]
+++ config.base[275]: [[ gfs =~ gdas ]]
+++ config.base[278]: [[ gfs =~ gfs ]]
+++ config.base[279]: export FHCYC=24
+++ config.base[279]: FHCYC=24
+++ config.base[283]: export FHMIN=0
+++ config.base[283]: FHMIN=0
+++ config.base[284]: export FHMAX=9
+++ config.base[284]: FHMAX=9
+++ config.base[285]: export FHOUT=3
+++ config.base[285]: FHOUT=3
+++ config.base[286]: export FHOUT_OCN=3
+++ config.base[286]: FHOUT_OCN=3
+++ config.base[287]: export FHOUT_ICE=3
+++ config.base[287]: FHOUT_ICE=3
+++ config.base[288]: export FHOUT_AERO=3
+++ config.base[288]: FHOUT_AERO=3
+++ config.base[291]: export EUPD_CYC=gdas
+++ config.base[291]: EUPD_CYC=gdas
+++ config.base[294]: export INTERVAL_GFS=6
+++ config.base[294]: INTERVAL_GFS=6
+++ config.base[295]: export SDATE_GFS=2021032312
+++ config.base[295]: SDATE_GFS=2021032312
+++ config.base[298]: export FHMIN_GFS=0
+++ config.base[298]: FHMIN_GFS=0
+++ config.base[299]: export FHMAX_GFS=120
+++ config.base[299]: FHMAX_GFS=120
+++ config.base[301]: breakpnts=
+++ config.base[302]: export FCST_SEGMENTS=0,120
+++ config.base[302]: FCST_SEGMENTS=0,120
+++ config.base[303]: export FHOUT_GFS=3
+++ config.base[303]: FHOUT_GFS=3
+++ config.base[304]: export FHMAX_HF_GFS=0
+++ config.base[304]: FHMAX_HF_GFS=0
+++ config.base[305]: export FHOUT_HF_GFS=1
+++ config.base[305]: FHOUT_HF_GFS=1
+++ config.base[306]: export FHOUT_OCN_GFS=6
+++ config.base[306]: FHOUT_OCN_GFS=6
+++ config.base[307]: export FHOUT_ICE_GFS=6
+++ config.base[307]: FHOUT_ICE_GFS=6
+++ config.base[308]: export FHMIN_WAV=0
+++ config.base[308]: FHMIN_WAV=0
+++ config.base[309]: export FHOUT_WAV=3
+++ config.base[309]: FHOUT_WAV=3
+++ config.base[310]: export FHMAX_HF_WAV=120
+++ config.base[310]: FHMAX_HF_WAV=120
+++ config.base[311]: export FHOUT_HF_WAV=1
+++ config.base[311]: FHOUT_HF_WAV=1
+++ config.base[312]: export FHMAX_WAV=9
+++ config.base[312]: FHMAX_WAV=9
+++ config.base[313]: export FHMAX_WAV_GFS=120
+++ config.base[313]: FHMAX_WAV_GFS=120
+++ config.base[314]: export FHMAX_HF_GFS=0
+++ config.base[314]: FHMAX_HF_GFS=0
+++ config.base[315]: export FHMAX_WAV=9
+++ config.base[315]: FHMAX_WAV=9
+++ config.base[316]: export FHMAX_WAV_GFS=120
+++ config.base[316]: FHMAX_WAV_GFS=120
+++ config.base[317]: export FHMAX_HF_WAV=120
+++ config.base[317]: FHMAX_HF_WAV=120
+++ config.base[320]: export ILPOST=1
+++ config.base[320]: ILPOST=1
+++ config.base[321]: ((  FHMAX_HF_GFS < 120  ))
+++ config.base[322]: export ILPOST=3
+++ config.base[322]: ILPOST=3
+++ config.base[326]: export FHMAX_GOES=180
+++ config.base[326]: FHMAX_GOES=180
+++ config.base[327]: export FHOUT_GOES=3
+++ config.base[327]: FHOUT_GOES=3
+++ config.base[328]: ((  FHMAX_GOES > FHMAX_GFS  ))
+++ config.base[329]: export FHMAX_GOES=120
+++ config.base[329]: FHMAX_GOES=120
+++ config.base[333]: export restart_interval_gfs=12
+++ config.base[333]: restart_interval_gfs=12
+++ config.base[338]: export QUILTING=.true.
+++ config.base[338]: QUILTING=.true.
+++ config.base[339]: export OUTPUT_GRID=gaussian_grid
+++ config.base[339]: OUTPUT_GRID=gaussian_grid
+++ config.base[340]: export WRITE_DOPOST=.true.
+++ config.base[340]: WRITE_DOPOST=.true.
+++ config.base[341]: export WRITE_NSFLIP=.true.
+++ config.base[341]: WRITE_NSFLIP=.true.
+++ config.base[344]: export DOIAU=YES
+++ config.base[344]: DOIAU=YES
+++ config.base[345]: export IAUFHRS=3,6,9
+++ config.base[345]: IAUFHRS=3,6,9
+++ config.base[346]: export IAU_FHROT=3
+++ config.base[346]: IAU_FHROT=3
+++ config.base[347]: export IAU_DELTHRS=6
+++ config.base[347]: IAU_DELTHRS=6
+++ config.base[348]: export IAU_OFFSET=6
+++ config.base[348]: IAU_OFFSET=6
+++ config.base[349]: export DOIAU_ENKF=YES
+++ config.base[349]: DOIAU_ENKF=YES
+++ config.base[350]: export IAUFHRS_ENKF=3,6,9
+++ config.base[350]: IAUFHRS_ENKF=3,6,9
+++ config.base[351]: export IAU_DELTHRS_ENKF=6
+++ config.base[351]: IAU_DELTHRS_ENKF=6
+++ config.base[354]: export lobsdiag_forenkf=.true.
+++ config.base[354]: lobsdiag_forenkf=.true.
+++ config.base[362]: export imp_physics=8
+++ config.base[362]: imp_physics=8
+++ config.base[366]: export DO_JEDIATMVAR=NO
+++ config.base[366]: DO_JEDIATMVAR=NO
+++ config.base[367]: export DO_JEDIATMENS=NO
+++ config.base[367]: DO_JEDIATMENS=NO
+++ config.base[368]: export DO_JEDIOCNVAR=NO
+++ config.base[368]: DO_JEDIOCNVAR=NO
+++ config.base[369]: export DO_JEDISNOWDA=NO
+++ config.base[369]: DO_JEDISNOWDA=NO
+++ config.base[370]: export DO_MERGENSST=NO
+++ config.base[370]: DO_MERGENSST=NO
+++ config.base[371]: export DO_STARTMEM_FROM_JEDIICE=NO
+++ config.base[371]: DO_STARTMEM_FROM_JEDIICE=NO
+++ config.base[374]: export DOHYBVAR=@DOHYBVAR@
+++ config.base[374]: DOHYBVAR=@DOHYBVAR@
+++ config.base[375]: export DOHYBVAR_OCN=NO
+++ config.base[375]: DOHYBVAR_OCN=NO
+++ config.base[376]: export NMEM_ENS=0
+++ config.base[376]: NMEM_ENS=0
+++ config.base[377]: export SMOOTH_ENKF=NO
+++ config.base[377]: SMOOTH_ENKF=NO
+++ config.base[378]: export l4densvar=.true.
+++ config.base[378]: l4densvar=.true.
+++ config.base[379]: export lwrite4danl=.true.
+++ config.base[379]: lwrite4danl=.true.
+++ config.base[380]: export DO_CALC_INCREMENT=NO
+++ config.base[380]: DO_CALC_INCREMENT=NO
+++ config.base[383]: export NMEM_ENS_GFS=30
+++ config.base[383]: NMEM_ENS_GFS=30
+++ config.base[384]: export NMEM_ENS_GFS_OFFSET=20
+++ config.base[384]: NMEM_ENS_GFS_OFFSET=20
+++ config.base[385]: export DO_CALC_INCREMENT_ENKF_GFS=NO
+++ config.base[385]: DO_CALC_INCREMENT_ENKF_GFS=NO
+++ config.base[388]: [[ @DOHYBVAR@ = \Y\E\S ]]
+++ config.base[402]: [[ @DOHYBVAR@ == \N\O ]]
+++ config.base[410]: export ENKF_SPREAD=YES
+++ config.base[410]: ENKF_SPREAD=YES
+++ config.base[413]: [[ forecast-only = \c\y\c\l\e\d ]]
+++ config.base[413]: [[ YES = \N\O ]]
+++ config.base[413]: [[ forecast-only = \f\o\r\e\c\a\s\t\-\o\n\l\y ]]
+++ config.base[413]: [[ .false. = \.\f\a\l\s\e\. ]]
+++ config.base[414]: export IAU_OFFSET=0
+++ config.base[414]: IAU_OFFSET=0
+++ config.base[415]: export IAU_FHROT=0
+++ config.base[415]: IAU_FHROT=0
+++ config.base[416]: export IAUFHRS=6,
+++ config.base[416]: IAUFHRS=6,
+++ config.base[419]: [[ YES = \N\O ]]
+++ config.base[423]: [[ YES == \Y\E\S ]]
+++ config.base[424]: export restart_interval_enkfgdas=3
+++ config.base[424]: restart_interval_enkfgdas=3
+++ config.base[429]: export restart_interval_enkfgfs=3
+++ config.base[429]: restart_interval_enkfgfs=3
+++ config.base[431]: [[ YES == \Y\E\S ]]
+++ config.base[432]: export restart_interval_gdas=3
+++ config.base[432]: restart_interval_gdas=3
+++ config.base[437]: export GSI_SOILANAL=NO
+++ config.base[437]: GSI_SOILANAL=NO
+++ config.base[440]: export DONST=YES
+++ config.base[440]: DONST=YES
+++ config.base[441]: [[ YES = \Y\E\S ]]
+++ config.base[441]: export 'FNTSFA=        '
+++ config.base[441]: FNTSFA='        '
+++ config.base[444]: export nst_anl=.true.
+++ config.base[444]: nst_anl=.true.
+++ config.base[447]: export MAKE_NSSTBUFR=NO
+++ config.base[447]: MAKE_NSSTBUFR=NO
+++ config.base[450]: export MAKE_ACFTBUFR=NO
+++ config.base[450]: MAKE_ACFTBUFR=NO
+++ config.base[453]: export 'INCREMENTS_TO_ZERO='\''liq_wat_inc'\'','\''icmr_inc'\'','\''rwmr_inc'\'','\''snmr_inc'\'','\''grle_inc'\'''
+++ config.base[453]: INCREMENTS_TO_ZERO=''\''liq_wat_inc'\'','\''icmr_inc'\'','\''rwmr_inc'\'','\''snmr_inc'\'','\''grle_inc'\'''
+++ config.base[456]: export 'INCVARS_ZERO_STRAT='\''sphum_inc'\'','\''liq_wat_inc'\'','\''icmr_inc'\'','\''rwmr_inc'\'','\''snmr_inc'\'','\''grle_inc'\'''
+++ config.base[456]: INCVARS_ZERO_STRAT=''\''sphum_inc'\'','\''liq_wat_inc'\'','\''icmr_inc'\'','\''rwmr_inc'\'','\''snmr_inc'\'','\''grle_inc'\'''
+++ config.base[457]: export INCVARS_EFOLD=5
+++ config.base[457]: INCVARS_EFOLD=5
+++ config.base[462]: export netcdf_diag=.true.
+++ config.base[462]: netcdf_diag=.true.
+++ config.base[463]: export binary_diag=.false.
+++ config.base[463]: binary_diag=.false.
+++ config.base[466]: export DO_CA=YES
+++ config.base[466]: DO_CA=YES
+++ config.base[469]: export DO_METP=YES
+++ config.base[469]: DO_METP=YES
+++ config.base[470]: export DO_FIT2OBS=YES
+++ config.base[470]: DO_FIT2OBS=YES
+++ config.base[471]: export DO_VRFY_OCEANDA=NO
+++ config.base[471]: DO_VRFY_OCEANDA=NO
+++ config.base[474]: export FHMAX_FITS=132
+++ config.base[474]: FHMAX_FITS=132
+++ config.base[475]: [[ 132 -gt 120 ]]
+++ config.base[475]: export FHMAX_FITS=120
+++ config.base[475]: FHMAX_FITS=120
+++ config.base[478]: export HPSSARCH=NO
+++ config.base[478]: HPSSARCH=NO
+++ config.base[479]: export LOCALARCH=NO
+++ config.base[479]: LOCALARCH=NO
+++ config.base[480]: [[ NO = \Y\E\S ]]
+++ config.base[484]: export ARCH_CYC=00
+++ config.base[484]: ARCH_CYC=00
+++ config.base[485]: export ARCH_WARMICFREQ=4
+++ config.base[485]: ARCH_WARMICFREQ=4
+++ config.base[486]: export ARCH_FCSTICFREQ=1
+++ config.base[486]: ARCH_FCSTICFREQ=1
+++ config.base[487]: export ARCH_EXPDIR=YES
+++ config.base[487]: ARCH_EXPDIR=YES
+++ config.base[488]: export ARCH_EXPDIR_FREQ=0
+++ config.base[488]: ARCH_EXPDIR_FREQ=0
+++ config.base[489]: export ARCH_HASHES=YES
+++ config.base[489]: ARCH_HASHES=YES
+++ config.base[490]: export ARCH_DIFFS=NO
+++ config.base[490]: ARCH_DIFFS=NO
+++ config.base[493]: [[ NO = \Y\E\S ]]
+++ config.base[501]: export REPLAY_ICS=NO
+++ config.base[501]: REPLAY_ICS=NO
+++ config.base[502]: export OFFSET_START_HOUR=0
+++ config.base[502]: OFFSET_START_HOUR=0
+++ config.base[505]: export NUM_SND_COLLECTIVES=9
+++ config.base[505]: NUM_SND_COLLECTIVES=9
+++ config.base[507]: echo 'END: config.base'
END: config.base
++ jjob_header.sh[98]: status=0
++ jjob_header.sh[99]: ((  status != 0  ))
++ jjob_header.sh[96]: for config in "${configs[@]:-''}"
++ jjob_header.sh[97]: source /work2/noaa/global/CI/HERCULES/307/RUNTESTS/EXPDIR/C48_S2SW_22a4e28b/config.wave
+++ config.wave[6]: echo 'BEGIN: config.wave'
BEGIN: config.wave
+++ config.wave[13]: export RUNwave=gfswave
+++ config.wave[13]: RUNwave=gfswave
+++ config.wave[16]: export RUNRSTwave=gdas
+++ config.wave[16]: RUNRSTwave=gdas
+++ config.wave[19]: export waveGRDN=1
+++ config.wave[19]: waveGRDN=1
+++ config.wave[20]: export waveGRDG=10
+++ config.wave[20]: waveGRDG=10
+++ config.wave[21]: export USE_WAV_RMP=NO
+++ config.wave[21]: USE_WAV_RMP=NO
+++ config.wave[22]: export waveMULTIGRID=.false.
+++ config.wave[22]: waveMULTIGRID=.false.
+++ config.wave[23]: export MESH_WAV=mesh.uglo_100km.nc
+++ config.wave[23]: MESH_WAV=mesh.uglo_100km.nc
+++ config.wave[24]: export 'waveesmfGRD= '
+++ config.wave[24]: waveesmfGRD=' '
+++ config.wave[27]: case "${waveGRD}" in
+++ config.wave[79]: export waveinterpGRD=glo_200
+++ config.wave[79]: waveinterpGRD=glo_200
+++ config.wave[80]: export wavepostGRD=
+++ config.wave[80]: wavepostGRD=
+++ config.wave[81]: export waveuoutpGRD=uglo_100km
+++ config.wave[81]: waveuoutpGRD=uglo_100km
+++ config.wave[96]: export WAVEWND_DID=
+++ config.wave[96]: WAVEWND_DID=
+++ config.wave[97]: export WAVEWND_FID=
+++ config.wave[97]: WAVEWND_FID=
+++ config.wave[100]: [[ gfs == \g\f\s ]]
+++ config.wave[101]: export FHMAX_WAV=120
+++ config.wave[101]: FHMAX_WAV=120
+++ config.wave[103]: export WAVHINDH=0
+++ config.wave[103]: WAVHINDH=0
+++ config.wave[104]: export FHMAX_WAV_IBP=180
+++ config.wave[104]: FHMAX_WAV_IBP=180
+++ config.wave[105]: ((  FHMAX_WAV < FHMAX_WAV_IBP  ))
+++ config.wave[105]: export FHMAX_WAV_IBP=120
+++ config.wave[105]: FHMAX_WAV_IBP=120
+++ config.wave[108]: export DTFLD_WAV=3600
+++ config.wave[108]: DTFLD_WAV=3600
+++ config.wave[109]: export DTPNT_WAV=3600
+++ config.wave[109]: DTPNT_WAV=3600
+++ config.wave[110]: export FHINCP_WAV=1
+++ config.wave[110]: FHINCP_WAV=1
+++ config.wave[113]: export 'OUTPARS_WAV=WND CUR ICE HS T01 T02 DIR FP DP PHS PTP PDIR CHA'
+++ config.wave[113]: OUTPARS_WAV='WND CUR ICE HS T01 T02 DIR FP DP PHS PTP PDIR CHA'
+++ config.wave[116]: [[ gfs == \g\d\a\s ]]
+++ config.wave[120]: ((  INTERVAL_GFS > 0  ))
+++ config.wave[121]: export WAVHCYC=6
+++ config.wave[121]: WAVHCYC=6
+++ config.wave[122]: export FHMAX_WAV_CUR=192
+++ config.wave[122]: FHMAX_WAV_CUR=192
+++ config.wave[130]: export RSTTYPE_WAV=T
+++ config.wave[130]: RSTTYPE_WAV=T
+++ config.wave[131]: [[ gfs != gfs ]]
+++ config.wave[136]: rst_dt_gfs=43200
+++ config.wave[137]: [[ 43200 -gt 0 ]]
+++ config.wave[138]: export DT_1_RST_WAV=0
+++ config.wave[138]: DT_1_RST_WAV=0
+++ config.wave[141]: export DT_2_RST_WAV=43200
+++ config.wave[141]: DT_2_RST_WAV=43200
+++ config.wave[147]: export RSTIOFF_WAV=0
+++ config.wave[147]: RSTIOFF_WAV=0
+++ config.wave[152]: export RUNMEM=-1
+++ config.wave[152]: RUNMEM=-1
+++ config.wave[155]: ((  RUNMEM == -1  ))
+++ config.wave[157]: export waveMEMB=
+++ config.wave[157]: waveMEMB=
+++ config.wave[164]: export WW3ATMINP=CPL
+++ config.wave[164]: WW3ATMINP=CPL
+++ config.wave[165]: [[ YES == \Y\E\S ]]
+++ config.wave[166]: export WW3ICEINP=CPL
+++ config.wave[166]: WW3ICEINP=CPL
+++ config.wave[167]: export WAVEICE_FID=
+++ config.wave[167]: WAVEICE_FID=
+++ config.wave[173]: export WAVECUR_DID=rtofs
+++ config.wave[173]: WAVECUR_DID=rtofs
+++ config.wave[174]: [[ YES == \Y\E\S ]]
+++ config.wave[175]: export WW3CURINP=CPL
+++ config.wave[175]: WW3CURINP=CPL
+++ config.wave[176]: export WAVECUR_FID=
+++ config.wave[176]: WAVECUR_FID=
+++ config.wave[183]: export WW3ATMIENS=F
+++ config.wave[183]: WW3ATMIENS=F
+++ config.wave[184]: export WW3ICEIENS=F
+++ config.wave[184]: WW3ICEIENS=F
+++ config.wave[185]: export WW3CURIENS=F
+++ config.wave[185]: WW3CURIENS=F
+++ config.wave[187]: export GOFILETYPE=1
+++ config.wave[187]: GOFILETYPE=1
+++ config.wave[188]: export POFILETYPE=1
+++ config.wave[188]: POFILETYPE=1
+++ config.wave[192]: export FUNIPNT=T
+++ config.wave[192]: FUNIPNT=T
+++ config.wave[194]: export IOSRV=1
+++ config.wave[194]: IOSRV=1
+++ config.wave[196]: export FPNTPROC=T
+++ config.wave[196]: FPNTPROC=T
+++ config.wave[198]: export FGRDPROC=F
+++ config.wave[198]: FGRDPROC=F
+++ config.wave[200]: export FLAGMASKCOMP=F
+++ config.wave[200]: FLAGMASKCOMP=F
+++ config.wave[202]: export FLAGMASKOUT=F
+++ config.wave[202]: FLAGMASKOUT=F
+++ config.wave[204]: echo 'END: config.wave'
END: config.wave
++ jjob_header.sh[98]: status=0
++ jjob_header.sh[99]: ((  status != 0  ))
++ jjob_header.sh[96]: for config in "${configs[@]:-''}"
++ jjob_header.sh[97]: source /work2/noaa/global/CI/HERCULES/307/RUNTESTS/EXPDIR/C48_S2SW_22a4e28b/config.wavepostsbs
+++ config.wavepostsbs[6]: echo 'BEGIN: config.wavepostsbs'
BEGIN: config.wavepostsbs
+++ config.wavepostsbs[9]: source /work2/noaa/global/CI/HERCULES/307/RUNTESTS/EXPDIR/C48_S2SW_22a4e28b/config.resources wavepostsbs
++++ config.resources[10]: ((  1 != 1  ))
++++ config.resources[34]: step=wavepostsbs
++++ config.resources[36]: echo 'BEGIN: config.resources'
BEGIN: config.resources
++++ config.resources[38]: case ${machine} in
++++ config.resources[61]: max_tasks_per_node=80
++++ config.resources[63]: mem_node_max=500GB
++++ config.resources[144]: export max_tasks_per_node
++++ config.resources[146]: case ${step} in
++++ config.resources[194]: walltime_gdas=00:20:00
++++ config.resources[195]: walltime_gfs=03:00:00
++++ config.resources[196]: ntasks=8
++++ config.resources[197]: threads_per_task=1
++++ config.resources[198]: tasks_per_node=80
++++ config.resources[199]: NTASKS=8
++++ config.resources[200]: memory_gdas=10GB
++++ config.resources[201]: memory_gfs=10GB
++++ config.resources[1417]: [[ -f /work2/noaa/global/CI/HERCULES/307/RUNTESTS/EXPDIR/C48_S2SW_22a4e28b/config.resources.HERCULES ]]
++++ config.resources[1418]: source /work2/noaa/global/CI/HERCULES/307/RUNTESTS/EXPDIR/C48_S2SW_22a4e28b/config.resources.HERCULES
+++++ config.resources.HERCULES[5]: case ${step} in
++++ config.resources[1422]: for resource_var in threads_per_task ntasks tasks_per_node NTASKS memory walltime
++++ config.resources[1423]: run_resource_var=threads_per_task_gfs
++++ config.resources[1424]: [[ -n '' ]]
++++ config.resources[1426]: [[ -n 0 ]]
++++ config.resources[1427]: export threads_per_task
++++ config.resources[1422]: for resource_var in threads_per_task ntasks tasks_per_node NTASKS memory walltime
++++ config.resources[1423]: run_resource_var=ntasks_gfs
++++ config.resources[1424]: [[ -n '' ]]
++++ config.resources[1426]: [[ -n 0 ]]
++++ config.resources[1427]: export ntasks
++++ config.resources[1422]: for resource_var in threads_per_task ntasks tasks_per_node NTASKS memory walltime
++++ config.resources[1423]: run_resource_var=tasks_per_node_gfs
++++ config.resources[1424]: [[ -n '' ]]
++++ config.resources[1426]: [[ -n 0 ]]
++++ config.resources[1427]: export tasks_per_node
++++ config.resources[1422]: for resource_var in threads_per_task ntasks tasks_per_node NTASKS memory walltime
++++ config.resources[1423]: run_resource_var=NTASKS_gfs
++++ config.resources[1424]: [[ -n '' ]]
++++ config.resources[1426]: [[ -n 0 ]]
++++ config.resources[1427]: export NTASKS
++++ config.resources[1422]: for resource_var in threads_per_task ntasks tasks_per_node NTASKS memory walltime
++++ config.resources[1423]: run_resource_var=memory_gfs
++++ config.resources[1424]: [[ -n 0 ]]
++++ config.resources[1425]: declare -x memory=10GB
++++ config.resources[1422]: for resource_var in threads_per_task ntasks tasks_per_node NTASKS memory walltime
++++ config.resources[1423]: run_resource_var=walltime_gfs
++++ config.resources[1424]: [[ -n 0 ]]
++++ config.resources[1425]: declare -x walltime=03:00:00
++++ config.resources[1431]: echo 'END: config.resources'
END: config.resources
+++ config.wavepostsbs[12]: export WAV_SUBGRBSRC=
+++ config.wavepostsbs[12]: WAV_SUBGRBSRC=
+++ config.wavepostsbs[13]: export WAV_SUBGRB=
+++ config.wavepostsbs[13]: WAV_SUBGRB=
+++ config.wavepostsbs[16]: export DOFLD_WAV=YES
+++ config.wavepostsbs[16]: DOFLD_WAV=YES
+++ config.wavepostsbs[17]: export DOPNT_WAV=YES
+++ config.wavepostsbs[17]: DOPNT_WAV=YES
+++ config.wavepostsbs[18]: export DOGRB_WAV=YES
+++ config.wavepostsbs[18]: DOGRB_WAV=YES
+++ config.wavepostsbs[19]: [[ -n glo_200 ]]
+++ config.wavepostsbs[20]: export DOGRI_WAV=YES
+++ config.wavepostsbs[20]: DOGRI_WAV=YES
+++ config.wavepostsbs[24]: export DOSPC_WAV=YES
+++ config.wavepostsbs[24]: DOSPC_WAV=YES
+++ config.wavepostsbs[25]: export DOBLL_WAV=YES
+++ config.wavepostsbs[25]: DOBLL_WAV=YES
+++ config.wavepostsbs[27]: echo 'END: config.wavepostsbs'
END: config.wavepostsbs
++ jjob_header.sh[98]: status=0
++ jjob_header.sh[99]: ((  status != 0  ))
++ jjob_header.sh[109]: source /work2/noaa/global/CI/HERCULES/307/global-workflow/env/HERCULES.env wavepostsbs
+++ HERCULES.env[3]: [[ 1 -ne 1 ]]
+++ HERCULES.env[10]: step=wavepostsbs
+++ HERCULES.env[12]: export 'launcher=srun -l --export=ALL --hint=nomultithread'
+++ HERCULES.env[12]: launcher='srun -l --export=ALL --hint=nomultithread'
+++ HERCULES.env[13]: export 'mpmd_opt=--multi-prog --output=mpmd.%j.%t.out'
+++ HERCULES.env[13]: mpmd_opt='--multi-prog --output=mpmd.%j.%t.out'
+++ HERCULES.env[16]: export MPI_BUFS_PER_PROC=2048
+++ HERCULES.env[16]: MPI_BUFS_PER_PROC=2048
+++ HERCULES.env[17]: export MPI_BUFS_PER_HOST=2048
+++ HERCULES.env[17]: MPI_BUFS_PER_HOST=2048
+++ HERCULES.env[18]: export MPI_GROUP_MAX=256
+++ HERCULES.env[18]: MPI_GROUP_MAX=256
+++ HERCULES.env[19]: export MPI_MEMMAP_OFF=1
+++ HERCULES.env[19]: MPI_MEMMAP_OFF=1
+++ HERCULES.env[20]: export MP_STDOUTMODE=ORDERED
+++ HERCULES.env[20]: MP_STDOUTMODE=ORDERED
+++ HERCULES.env[21]: export KMP_AFFINITY=scatter
+++ HERCULES.env[21]: KMP_AFFINITY=scatter
+++ HERCULES.env[22]: export OMP_STACKSIZE=2048000
+++ HERCULES.env[22]: OMP_STACKSIZE=2048000
+++ HERCULES.env[23]: export NTHSTACK=1024000000
+++ HERCULES.env[23]: NTHSTACK=1024000000
+++ HERCULES.env[25]: export I_MPI_EXTRA_FILESYSTEM=1
+++ HERCULES.env[25]: I_MPI_EXTRA_FILESYSTEM=1
+++ HERCULES.env[26]: export I_MPI_EXTRA_FILESYSTEM_LIST=lustre
+++ HERCULES.env[26]: I_MPI_EXTRA_FILESYSTEM_LIST=lustre
+++ HERCULES.env[28]: ulimit -s unlimited
+++ HERCULES.env[29]: ulimit -a
real-time non-blocking time  (microseconds, -R) unlimited
core file size              (blocks, -c) 0
data seg size               (kbytes, -d) unlimited
scheduling priority                 (-e) 0
file size                   (blocks, -f) unlimited
pending signals                     (-i) 2049808
max locked memory           (kbytes, -l) unlimited
max memory size             (kbytes, -m) 10485760
open files                          (-n) 131072
pipe size                (512 bytes, -p) 8
POSIX message queues         (bytes, -q) 819200
real-time priority                  (-r) 0
stack size                  (kbytes, -s) unlimited
cpu time                   (seconds, -t) unlimited
max user processes                  (-u) 1028698
virtual memory              (kbytes, -v) unlimited
file locks                          (-x) unlimited
+++ HERCULES.env[33]: [[ -n 8 ]]
+++ HERCULES.env[33]: [[ -n 80 ]]
+++ HERCULES.env[33]: [[ -n 80 ]]
+++ HERCULES.env[34]: max_threads_per_task=1
+++ HERCULES.env[35]: NTHREADSmax=1
+++ HERCULES.env[36]: NTHREADS1=1
+++ HERCULES.env[37]: [[ 1 -gt 1 ]]
+++ HERCULES.env[38]: [[ 1 -gt 1 ]]
+++ HERCULES.env[39]: APRUN_default='srun -l --export=ALL --hint=nomultithread -n 8'
+++ HERCULES.env[45]: case ${step} in
+++ HERCULES.env[59]: export CFP_MP=YES
+++ HERCULES.env[59]: CFP_MP=YES
+++ HERCULES.env[60]: [[ wavepostsbs = \w\a\v\e\p\r\e\p ]]
+++ HERCULES.env[61]: export 'wavempexec=srun -l --export=ALL --hint=nomultithread'
+++ HERCULES.env[61]: wavempexec='srun -l --export=ALL --hint=nomultithread'
+++ HERCULES.env[62]: export 'wave_mpmd=--multi-prog --output=mpmd.%j.%t.out'
+++ HERCULES.env[62]: wave_mpmd='--multi-prog --output=mpmd.%j.%t.out'
++ jjob_header.sh[110]: status=0
++ jjob_header.sh[111]: ((  status != 0  ))
+ JGLOBAL_WAVE_POST_SBS[7]: export errchk=err_chk
+ JGLOBAL_WAVE_POST_SBS[7]: errchk=err_chk
+ JGLOBAL_WAVE_POST_SBS[9]: export MP_PULSE=0
+ JGLOBAL_WAVE_POST_SBS[9]: MP_PULSE=0
+ JGLOBAL_WAVE_POST_SBS[12]: YMD=20210323
+ JGLOBAL_WAVE_POST_SBS[12]: HH=12
+ JGLOBAL_WAVE_POST_SBS[12]: declare_from_tmpl -rx COMIN_WAVE_PREP:COM_WAVE_PREP_TMPL COMIN_WAVE_HISTORY:COM_WAVE_HISTORY_TMPL COMOUT_WAVE_PREP:COM_WAVE_PREP_TMPL COMOUT_WAVE_GRID:COM_WAVE_GRID_TMPL
+ bash_utils.sh[35]: [[ NO == \N\O ]]
+ bash_utils.sh[35]: set +x
declare_from_tmpl :: COMIN_WAVE_PREP=/work2/noaa/global/CI/HERCULES/307/RUNTESTS/COMROOT/C48_S2SW_22a4e28b/gfs.20210323/12//model/wave/prep
declare_from_tmpl :: COMIN_WAVE_HISTORY=/work2/noaa/global/CI/HERCULES/307/RUNTESTS/COMROOT/C48_S2SW_22a4e28b/gfs.20210323/12//model/wave/history
declare_from_tmpl :: COMOUT_WAVE_PREP=/work2/noaa/global/CI/HERCULES/307/RUNTESTS/COMROOT/C48_S2SW_22a4e28b/gfs.20210323/12//model/wave/prep
declare_from_tmpl :: COMOUT_WAVE_GRID=/work2/noaa/global/CI/HERCULES/307/RUNTESTS/COMROOT/C48_S2SW_22a4e28b/gfs.20210323/12//products/wave/gridded
+ JGLOBAL_WAVE_POST_SBS[18]: for out_dir in "${COMOUT_WAVE_PREP}" "${COMOUT_WAVE_GRID}"
+ JGLOBAL_WAVE_POST_SBS[19]: [[ ! -d /work2/noaa/global/CI/HERCULES/307/RUNTESTS/COMROOT/C48_S2SW_22a4e28b/gfs.20210323/12//model/wave/prep ]]
+ JGLOBAL_WAVE_POST_SBS[18]: for out_dir in "${COMOUT_WAVE_PREP}" "${COMOUT_WAVE_GRID}"
+ JGLOBAL_WAVE_POST_SBS[19]: [[ ! -d /work2/noaa/global/CI/HERCULES/307/RUNTESTS/COMROOT/C48_S2SW_22a4e28b/gfs.20210323/12//products/wave/gridded ]]
+ JGLOBAL_WAVE_POST_SBS[27]: membTAG=p
+ JGLOBAL_WAVE_POST_SBS[28]: '[' '' == 00 ']'
+ JGLOBAL_WAVE_POST_SBS[29]: export membTAG
+ JGLOBAL_WAVE_POST_SBS[30]: export WAV_MOD_TAG=gfswave
+ JGLOBAL_WAVE_POST_SBS[30]: WAV_MOD_TAG=gfswave
+ JGLOBAL_WAVE_POST_SBS[32]: export CFP_VERBOSE=1
+ JGLOBAL_WAVE_POST_SBS[32]: CFP_VERBOSE=1
+ JGLOBAL_WAVE_POST_SBS[35]: /work2/noaa/global/CI/HERCULES/307/global-workflow/scripts/exgfs_wave_post_gridded_sbs.sh
Begin exgfs_wave_post_gridded_sbs.sh at Fri Dec 13 00:21:05 UTC 2024
+ exgfs_wave_post_gridded_sbs.sh[41]: export WAV_MOD_TAG=gfswave
+ exgfs_wave_post_gridded_sbs.sh[41]: WAV_MOD_TAG=gfswave
+ exgfs_wave_post_gridded_sbs.sh[43]: cd /work/noaa/stmp/mterry/HERCULES/RUNDIRS/C48_S2SW_22a4e28b/gfs.2021032312/wavepostsbs.110364
+ exgfs_wave_post_gridded_sbs.sh[45]: echo 'Starting WAVE POSTPROCESSOR SCRIPT for gfswave'
Starting WAVE POSTPROCESSOR SCRIPT for gfswave
+ exgfs_wave_post_gridded_sbs.sh[47]: set +x
 
                     *********************************
                     *** WAVE POSTPROCESSOR SCRIPT ***
                     *********************************
 
Starting at : Thu Dec 12 18:21:05 CST 2024
-------------
 
+ exgfs_wave_post_gridded_sbs.sh[60]: '[' -z 8 ']'
+ exgfs_wave_post_gridded_sbs.sh[71]: export waveGRD=uglo_100km
+ exgfs_wave_post_gridded_sbs.sh[71]: waveGRD=uglo_100km
+ exgfs_wave_post_gridded_sbs.sh[74]: export waveinterpGRD=glo_200
+ exgfs_wave_post_gridded_sbs.sh[74]: waveinterpGRD=glo_200
+ exgfs_wave_post_gridded_sbs.sh[75]: export wavepostGRD=
+ exgfs_wave_post_gridded_sbs.sh[75]: wavepostGRD=
+ exgfs_wave_post_gridded_sbs.sh[78]: set +x
 
Grid information  :
-------------------
   Native wave grids  : uglo_100km
   Interpolated grids : glo_200
   Post-process grids : 
 
+ exgfs_wave_post_gridded_sbs.sh[88]: export FHRUN=0
+ exgfs_wave_post_gridded_sbs.sh[88]: FHRUN=0
+ exgfs_wave_post_gridded_sbs.sh[93]: export DOGRB_WAV=YES
+ exgfs_wave_post_gridded_sbs.sh[93]: DOGRB_WAV=YES
+ exgfs_wave_post_gridded_sbs.sh[94]: export DOGRI_WAV=YES
+ exgfs_wave_post_gridded_sbs.sh[94]: DOGRI_WAV=YES
+ exgfs_wave_post_gridded_sbs.sh[96]: exit_code=0
+ exgfs_wave_post_gridded_sbs.sh[98]: set +x
 
Preparing input files :
-----------------------
+ exgfs_wave_post_gridded_sbs.sh[107]: for grdID in ${waveGRD} ${wavepostGRD} ${waveinterpGRD}
+ exgfs_wave_post_gridded_sbs.sh[108]: [[ -f /work2/noaa/global/CI/HERCULES/307/RUNTESTS/COMROOT/C48_S2SW_22a4e28b/gfs.20210323/12//model/wave/prep/gfswave.mod_def.uglo_100km ]]
+ exgfs_wave_post_gridded_sbs.sh[109]: set +x
 Mod def file for uglo_100km found in /work2/noaa/global/CI/HERCULES/307/RUNTESTS/COMROOT/C48_S2SW_22a4e28b/gfs.20210323/12//model/wave/prep. copying ....
+ exgfs_wave_post_gridded_sbs.sh[113]: cp -f /work2/noaa/global/CI/HERCULES/307/RUNTESTS/COMROOT/C48_S2SW_22a4e28b/gfs.20210323/12//model/wave/prep/gfswave.mod_def.uglo_100km mod_def.uglo_100km
+ exgfs_wave_post_gridded_sbs.sh[107]: for grdID in ${waveGRD} ${wavepostGRD} ${waveinterpGRD}
+ exgfs_wave_post_gridded_sbs.sh[108]: [[ -f /work2/noaa/global/CI/HERCULES/307/RUNTESTS/COMROOT/C48_S2SW_22a4e28b/gfs.20210323/12//model/wave/prep/gfswave.mod_def.glo_200 ]]
+ exgfs_wave_post_gridded_sbs.sh[109]: set +x
 Mod def file for glo_200 found in /work2/noaa/global/CI/HERCULES/307/RUNTESTS/COMROOT/C48_S2SW_22a4e28b/gfs.20210323/12//model/wave/prep. copying ....
+ exgfs_wave_post_gridded_sbs.sh[113]: cp -f /work2/noaa/global/CI/HERCULES/307/RUNTESTS/COMROOT/C48_S2SW_22a4e28b/gfs.20210323/12//model/wave/prep/gfswave.mod_def.glo_200 mod_def.glo_200
+ exgfs_wave_post_gridded_sbs.sh[118]: for grdID in ${waveGRD} ${wavepostGRD} ${waveinterpGRD}
+ exgfs_wave_post_gridded_sbs.sh[119]: [[ ! -f mod_def.uglo_100km ]]
+ exgfs_wave_post_gridded_sbs.sh[131]: set +x
File mod_def.uglo_100km found. Syncing to all nodes ...
+ exgfs_wave_post_gridded_sbs.sh[118]: for grdID in ${waveGRD} ${wavepostGRD} ${waveinterpGRD}
+ exgfs_wave_post_gridded_sbs.sh[119]: [[ ! -f mod_def.glo_200 ]]
+ exgfs_wave_post_gridded_sbs.sh[131]: set +x
File mod_def.glo_200 found. Syncing to all nodes ...
+ exgfs_wave_post_gridded_sbs.sh[140]: '[' YES = YES ']'
+ exgfs_wave_post_gridded_sbs.sh[142]: for intGRD in $waveinterpGRD
+ exgfs_wave_post_gridded_sbs.sh[144]: '[' -f /work2/noaa/global/CI/HERCULES/307/global-workflow/parm/wave/glo_200_interp.inp.tmpl ']'
+ exgfs_wave_post_gridded_sbs.sh[146]: cp -f /work2/noaa/global/CI/HERCULES/307/global-workflow/parm/wave/glo_200_interp.inp.tmpl glo_200_interp.inp.tmpl
+ exgfs_wave_post_gridded_sbs.sh[149]: '[' -f glo_200_interp.inp.tmpl ']'
+ exgfs_wave_post_gridded_sbs.sh[151]: set +x
   glo_200_interp.inp.tmpl copied. Syncing to all nodes ...
+ exgfs_wave_post_gridded_sbs.sh[169]: '[' YES = YES ']'
+ exgfs_wave_post_gridded_sbs.sh[171]: for grbGRD in $waveinterpGRD $wavepostGRD
+ exgfs_wave_post_gridded_sbs.sh[173]: '[' -f /work2/noaa/global/CI/HERCULES/307/global-workflow/parm/wave/ww3_grib2.glo_200.inp.tmpl ']'
+ exgfs_wave_post_gridded_sbs.sh[175]: cp -f /work2/noaa/global/CI/HERCULES/307/global-workflow/parm/wave/ww3_grib2.glo_200.inp.tmpl ww3_grib2.glo_200.inp.tmpl
+ exgfs_wave_post_gridded_sbs.sh[178]: '[' -f ww3_grib2.glo_200.inp.tmpl ']'
+ exgfs_wave_post_gridded_sbs.sh[180]: set +x
   ww3_grib2.glo_200.inp.tmpl copied. Syncing to all nodes ...
+ exgfs_wave_post_gridded_sbs.sh[200]: set +x
 
   Input files read and processed at : Thu Dec 12 18:21:06 CST 2024
 
   Data summary : 
   ---------------------------------------------
      Sufficient data for GRID interpolation    : YES
      Sufficient data for GRIB files            : YES
 
+ exgfs_wave_post_gridded_sbs.sh[217]: set +x
   Making command file for sbs grib2 and GRID Interpolation 
+ exgfs_wave_post_gridded_sbs.sh[220]: fhr=15
+ exgfs_wave_post_gridded_sbs.sh[221]: fhrg=15
++ exgfs_wave_post_gridded_sbs.sh[222]: /work/noaa/epic/role-epic/spack-stack/hercules/spack-stack-1.6.0/envs/unified-env/install/intel/2021.9.0/prod-util-2.1.1-ddlo2cq/bin/ndate 15 2021032312
+ exgfs_wave_post_gridded_sbs.sh[222]: ymdh=2021032403
++ exgfs_wave_post_gridded_sbs.sh[223]: echo 2021032403
++ exgfs_wave_post_gridded_sbs.sh[223]: cut -c1-8
+ exgfs_wave_post_gridded_sbs.sh[223]: YMD=20210324
++ exgfs_wave_post_gridded_sbs.sh[224]: echo 2021032403
++ exgfs_wave_post_gridded_sbs.sh[224]: cut -c9-10
+ exgfs_wave_post_gridded_sbs.sh[224]: HMS=030000
+ exgfs_wave_post_gridded_sbs.sh[225]: YMDHMS=20210324030000
++ exgfs_wave_post_gridded_sbs.sh[226]: printf %03i 15
+ exgfs_wave_post_gridded_sbs.sh[226]: FH3=015
+ exgfs_wave_post_gridded_sbs.sh[228]: fcmdnow=cmdfile.015
+ exgfs_wave_post_gridded_sbs.sh[229]: fcmdigrd=icmdfile.015
+ exgfs_wave_post_gridded_sbs.sh[230]: mkdir output_20210324030000
+ exgfs_wave_post_gridded_sbs.sh[231]: cd output_20210324030000
+ exgfs_wave_post_gridded_sbs.sh[232]: rm -f cmdfile.015 icmdfile.015
+ exgfs_wave_post_gridded_sbs.sh[233]: touch cmdfile.015 icmdfile.015
+ exgfs_wave_post_gridded_sbs.sh[237]: export GRIBDATA=/work/noaa/stmp/mterry/HERCULES/RUNDIRS/C48_S2SW_22a4e28b/gfs.2021032312/wavepostsbs.110364/output_20210324030000
+ exgfs_wave_post_gridded_sbs.sh[237]: GRIBDATA=/work/noaa/stmp/mterry/HERCULES/RUNDIRS/C48_S2SW_22a4e28b/gfs.2021032312/wavepostsbs.110364/output_20210324030000
+ exgfs_wave_post_gridded_sbs.sh[238]: export GRDIDATA=/work/noaa/stmp/mterry/HERCULES/RUNDIRS/C48_S2SW_22a4e28b/gfs.2021032312/wavepostsbs.110364/output_20210324030000
+ exgfs_wave_post_gridded_sbs.sh[238]: GRDIDATA=/work/noaa/stmp/mterry/HERCULES/RUNDIRS/C48_S2SW_22a4e28b/gfs.2021032312/wavepostsbs.110364/output_20210324030000
+ exgfs_wave_post_gridded_sbs.sh[242]: '[' 15 = 15 ']'
+ exgfs_wave_post_gridded_sbs.sh[244]: for wavGRD in ${waveGRD}
+ exgfs_wave_post_gridded_sbs.sh[245]: gfile=/work2/noaa/global/CI/HERCULES/307/RUNTESTS/COMROOT/C48_S2SW_22a4e28b/gfs.20210323/12//model/wave/history/gfswave.out_grd.uglo_100km.20210324.030000
+ exgfs_wave_post_gridded_sbs.sh[246]: [[ ! -s /work2/noaa/global/CI/HERCULES/307/RUNTESTS/COMROOT/C48_S2SW_22a4e28b/gfs.20210323/12//model/wave/history/gfswave.out_grd.uglo_100km.20210324.030000 ]]
+ exgfs_wave_post_gridded_sbs.sh[251]: /bin/ln -sf /work2/noaa/global/CI/HERCULES/307/RUNTESTS/COMROOT/C48_S2SW_22a4e28b/gfs.20210323/12//model/wave/history/gfswave.out_grd.uglo_100km.20210324.030000 ./out_grd.uglo_100km
+ exgfs_wave_post_gridded_sbs.sh[254]: '[' YES = YES ']'
+ exgfs_wave_post_gridded_sbs.sh[256]: nigrd=1
+ exgfs_wave_post_gridded_sbs.sh[257]: for grdID in $waveinterpGRD
++ exgfs_wave_post_gridded_sbs.sh[259]: /work/noaa/epic/role-epic/spack-stack/hercules/spack-stack-1.6.0/envs/unified-env/install/intel/2021.9.0/prod-util-2.1.1-ddlo2cq/bin/ndate -0 2021032403
+ exgfs_wave_post_gridded_sbs.sh[259]: ymdh_int=2021032403
+ exgfs_wave_post_gridded_sbs.sh[259]: dt_int=3600.
+ exgfs_wave_post_gridded_sbs.sh[259]: n_int=9999
+ exgfs_wave_post_gridded_sbs.sh[260]: echo '/work2/noaa/global/CI/HERCULES/307/global-workflow/ush/wave_grid_interp_sbs.sh glo_200 2021032403 3600. 9999 > grint_glo_200.out 2>&1'
+ exgfs_wave_post_gridded_sbs.sh[261]: '[' YES = YES ']'
++ exgfs_wave_post_gridded_sbs.sh[263]: echo WND CUR ICE HS T01 T02 DIR FP DP PHS PTP PDIR CHA
+ exgfs_wave_post_gridded_sbs.sh[263]: gribFL=''\''WND CUR ICE HS T01 T02 DIR FP DP PHS PTP PDIR CHA'\'''
+ exgfs_wave_post_gridded_sbs.sh[264]: case $grdID in
+ exgfs_wave_post_gridded_sbs.sh[269]: GRDNAME=global
+ exgfs_wave_post_gridded_sbs.sh[269]: GRDRES=2p00
+ exgfs_wave_post_gridded_sbs.sh[269]: GRIDNR=255
+ exgfs_wave_post_gridded_sbs.sh[269]: MODNR=11
+ exgfs_wave_post_gridded_sbs.sh[278]: echo '/work2/noaa/global/CI/HERCULES/307/global-workflow/ush/wave_grib2_sbs.sh glo_200 255 11 2021032403 15 global 2p00 '\''WND CUR ICE HS T01 T02 DIR FP DP PHS PTP PDIR CHA'\'' > grib_glo_200.out 2>&1'
+ exgfs_wave_post_gridded_sbs.sh[280]: echo /work/noaa/stmp/mterry/HERCULES/RUNDIRS/C48_S2SW_22a4e28b/gfs.2021032312/wavepostsbs.110364/output_20210324030000/icmdfile.015.1
+ exgfs_wave_post_gridded_sbs.sh[281]: chmod 744 icmdfile.015.1
+ exgfs_wave_post_gridded_sbs.sh[282]: nigrd=2
+ exgfs_wave_post_gridded_sbs.sh[286]: '[' YES = YES ']'
+ exgfs_wave_post_gridded_sbs.sh[314]: '[' YES = YES ']'
+ exgfs_wave_post_gridded_sbs.sh[315]: nfile=0
+ exgfs_wave_post_gridded_sbs.sh[316]: ifile=0
+ exgfs_wave_post_gridded_sbs.sh[317]: iline=1
+ exgfs_wave_post_gridded_sbs.sh[318]: ifirst=yes
++ exgfs_wave_post_gridded_sbs.sh[319]: wc -l cmdfile.015
++ exgfs_wave_post_gridded_sbs.sh[319]: awk '{print $1}'
+ exgfs_wave_post_gridded_sbs.sh[319]: nlines=1
+ exgfs_wave_post_gridded_sbs.sh[320]: '[' 1 -le 1 ']'
++ exgfs_wave_post_gridded_sbs.sh[321]: sed -n 1p cmdfile.015
+ exgfs_wave_post_gridded_sbs.sh[321]: line=/work/noaa/stmp/mterry/HERCULES/RUNDIRS/C48_S2SW_22a4e28b/gfs.2021032312/wavepostsbs.110364/output_20210324030000/icmdfile.015.1
+ exgfs_wave_post_gridded_sbs.sh[322]: '[' -z /work/noaa/stmp/mterry/HERCULES/RUNDIRS/C48_S2SW_22a4e28b/gfs.2021032312/wavepostsbs.110364/output_20210324030000/icmdfile.015.1 ']'
+ exgfs_wave_post_gridded_sbs.sh[325]: '[' yes = yes ']'
+ exgfs_wave_post_gridded_sbs.sh[326]: echo '#!/bin/sh'
+ exgfs_wave_post_gridded_sbs.sh[327]: echo '0 cmdmfile.0'
+ exgfs_wave_post_gridded_sbs.sh[328]: chmod 744 cmdmfile.0
+ exgfs_wave_post_gridded_sbs.sh[330]: echo /work/noaa/stmp/mterry/HERCULES/RUNDIRS/C48_S2SW_22a4e28b/gfs.2021032312/wavepostsbs.110364/output_20210324030000/icmdfile.015.1
+ exgfs_wave_post_gridded_sbs.sh[331]: nfile=1
+ exgfs_wave_post_gridded_sbs.sh[332]: '[' 1 -eq 8 ']'
+ exgfs_wave_post_gridded_sbs.sh[336]: iline=2
+ exgfs_wave_post_gridded_sbs.sh[320]: '[' 2 -le 1 ']'
++ exgfs_wave_post_gridded_sbs.sh[341]: wc -l cmdfile.015
++ exgfs_wave_post_gridded_sbs.sh[341]: awk '{print $1}'
+ exgfs_wave_post_gridded_sbs.sh[341]: wavenproc=1
++ exgfs_wave_post_gridded_sbs.sh[342]: echo 1
+ exgfs_wave_post_gridded_sbs.sh[342]: wavenproc=1
+ exgfs_wave_post_gridded_sbs.sh[344]: set +x
 
   Executing the grib2_sbs scripts at : Thu Dec 12 18:21:07 CST 2024
   ------------------------------------
 
+ exgfs_wave_post_gridded_sbs.sh[351]: '[' 1 -gt 1 ']'
+ exgfs_wave_post_gridded_sbs.sh[360]: chmod 744 cmdfile.015
+ exgfs_wave_post_gridded_sbs.sh[361]: ./cmdfile.015
+ exgfs_wave_post_gridded_sbs.sh[1]: postamble exgfs_wave_post_gridded_sbs.sh 1734049265 41
+ preamble.sh[70]: set +x
End exgfs_wave_post_gridded_sbs.sh at 00:21:21 with error code 41 (time elapsed: 00:00:16)
+ JGLOBAL_WAVE_POST_SBS[1]: postamble JGLOBAL_WAVE_POST_SBS 1734049257 41
+ preamble.sh[70]: set +x
End JGLOBAL_WAVE_POST_SBS at 00:21:21 with error code 41 (time elapsed: 00:00:24)
+ wavepostsbs.sh[1]: postamble wavepostsbs.sh 1734049256 41
+ preamble.sh[70]: set +x
End wavepostsbs.sh at 00:21:21 with error code 41 (time elapsed: 00:00:25)
