+ . /work2/noaa/global/role-global/GFS_CI_CD/HERCULES/CI/3498/global-workflow/ush/load_fv3gfs_modules.sh
++ [[ hxB == *x* ]]
++ set_x=YES
++ [[ NO == \N\O ]]
++ echo 'Loading modules quietly...'
Loading modules quietly...
++ set +x
Running "module reset". Resetting modules to system default. The following $MODULEPATH directories have been removed: /work2/noaa/global/role-global/GFS_CI_CD/HERCULES/CI/3498/global-workflow/modulefiles

Currently Loaded Modules:
  1) contrib/0.1                      43) ip/4.3.0
  2) intel-oneapi-compilers/2023.1.0  44) grib-util/1.3.0
  3) stack-intel/2021.9.0             45) g2tmpl/1.13.0
  4) intel-oneapi-mpi/2021.9.0        46) gsi-ncdiag/1.1.2
  5) stack-intel-oneapi-mpi/2021.9.0  47) crtm-fix/2.4.0.1_emc
  6) intel-oneapi-mkl/2023.1.0        48) git-lfs/3.1.2
  7) zlib/1.2.13                      49) crtm/2.4.0.1
  8) pigz/2.7                         50) openblas/0.3.24
  9) zstd/1.5.2                       51) py-setuptools/63.4.3
 10) tar/1.34                         52) py-numpy/1.23.4
 11) gettext/0.21.1                   53) bufr/11.7.0
 12) libxcrypt/4.4.35                 54) gmake/4.2.1
 13) sqlite/3.43.2                    55) wgrib2/2.0.8
 14) util-linux-uuid/2.38.1           56) py-f90nml/1.4.3
 15) python/3.11.6                    57) py-cftime/1.0.3.4
 16) libjpeg/2.1.0                    58) py-netcdf4/1.5.8
 17) jasper/2.0.32                    59) libyaml/0.2.5
 18) libpng/1.6.37                    60) py-pyyaml/6.0
 19) openjpeg/2.3.1                   61) py-markupsafe/2.1.3
 20) eccodes/2.32.0                   62) py-jinja2/3.1.2
 21) fftw/3.3.10                      63) py-bottleneck/1.3.7
 22) nghttp2/1.57.0                   64) py-numexpr/2.8.4
 23) curl/8.4.0                       65) py-et-xmlfile/1.0.1
 24) proj/9.2.1                       66) py-openpyxl/3.1.2
 25) udunits/2.2.28                   67) py-pytz/2023.3
 26) cdo/2.2.0                        68) py-pyxlsb/1.0.10
 27) hdf5/1.14.0                      69) py-xlrd/2.0.1
 28) snappy/1.1.10                    70) py-xlsxwriter/3.1.7
 29) c-blosc/1.21.5                   71) py-xlwt/1.3.0
 30) netcdf-c/4.9.2                   72) py-pandas/1.5.3
 31) netcdf-fortran/4.6.1             73) py-six/1.16.0
 32) parallel-netcdf/1.12.2           74) py-python-dateutil/2.8.2
 33) parallelio/2.5.10                75) g2c/1.8.0
 34) esmf/8.6.0                       76) netcdf-cxx4/4.3.1
 35) antlr/2.7.7                      77) met/9.1.3
 36) gsl/2.7.1                        78) metplus/3.1.1
 37) nco/5.0.6                        79) py-packaging/23.1
 38) bacio/2.4.1                      80) py-xarray/2023.7.0
 39) w3emc/2.10.0                     81) prepobs/1.1.0
 40) prod_util/2.1.1                  82) fit2obs/1.1.7.1
 41) g2/3.4.5                         83) globus-cli/3.35.2
 42) sp/2.5.0                         84) module_base.hercules

 

++ wxflowPATH=/work2/noaa/global/role-global/GFS_CI_CD/HERCULES/CI/3498/global-workflow/ush/python
++ PYTHONPATH=/apps/other/globus-cli-3.35.2:/work/noaa/epic/role-epic/spack-stack/hercules/spack-stack-1.6.0/envs/gsi-addon-dev-fms-2024.01/install/intel/2021.9.0/py-xarray-2023.7.0-x743hx4/lib/python3.11/site-packages:/work/noaa/epic/role-epic/spack-stack/hercules/spack-stack-1.6.0/envs/gsi-addon-dev-fms-2024.01/install/intel/2021.9.0/py-packaging-23.1-cvb54w6/lib/python3.11/site-packages:/work/noaa/epic/role-epic/spack-stack/hercules/spack-stack-1.6.0/envs/gsi-addon-dev-fms-2024.01/install/intel/2021.9.0/py-python-dateutil-2.8.2-crskgyy/lib/python3.11/site-packages:/work/noaa/epic/role-epic/spack-stack/hercules/spack-stack-1.6.0/envs/gsi-addon-dev-fms-2024.01/install/intel/2021.9.0/py-six-1.16.0-dtjcn7o/lib/python3.11/site-packages:/work/noaa/epic/role-epic/spack-stack/hercules/spack-stack-1.6.0/envs/gsi-addon-dev-fms-2024.01/install/intel/2021.9.0/py-pandas-1.5.3-7tjsvkw/lib/python3.11/site-packages:/work/noaa/epic/role-epic/spack-stack/hercules/spack-stack-1.6.0/envs/gsi-addon-dev-fms-2024.01/install/intel/2021.9.0/py-xlwt-1.3.0-ghvbw56/lib/python3.11/site-packages:/work/noaa/epic/role-epic/spack-stack/hercules/spack-stack-1.6.0/envs/gsi-addon-dev-fms-2024.01/install/intel/2021.9.0/py-xlsxwriter-3.1.7-rqogaok/lib/python3.11/site-packages:/work/noaa/epic/role-epic/spack-stack/hercules/spack-stack-1.6.0/envs/gsi-addon-dev-fms-2024.01/install/intel/2021.9.0/py-xlrd-2.0.1-g52jf7f/lib/python3.11/site-packages:/work/noaa/epic/role-epic/spack-stack/hercules/spack-stack-1.6.0/envs/gsi-addon-dev-fms-2024.01/install/intel/2021.9.0/py-pyxlsb-1.0.10-ow7w6ge/lib/python3.11/site-packages:/work/noaa/epic/role-epic/spack-stack/hercules/spack-stack-1.6.0/envs/gsi-addon-dev-fms-2024.01/install/intel/2021.9.0/py-pytz-2023.3-kmu3i3s/lib/python3.11/site-packages:/work/noaa/epic/role-epic/spack-stack/hercules/spack-stack-1.6.0/envs/gsi-addon-dev-fms-2024.01/install/intel/2021.9.0/py-openpyxl-3.1.2-vfourqe/lib/python3.11/site-packages:/work/noaa/epic/role-epic/spack-stack/hercules/spack-stack-1.6.0/envs/gsi-addon-dev-fms-2024.01/install/intel/2021.9.0/py-et-xmlfile-1.0.1-7wze7yq/lib/python3.11/site-packages:/work/noaa/epic/role-epic/spack-stack/hercules/spack-stack-1.6.0/envs/gsi-addon-dev-fms-2024.01/install/intel/2021.9.0/py-numexpr-2.8.4-nobvkrq/lib/python3.11/site-packages:/work/noaa/epic/role-epic/spack-stack/hercules/spack-stack-1.6.0/envs/gsi-addon-dev-fms-2024.01/install/intel/2021.9.0/py-bottleneck-1.3.7-ftw2r3a/lib/python3.11/site-packages:/work/noaa/epic/role-epic/spack-stack/hercules/spack-stack-1.6.0/envs/gsi-addon-dev-fms-2024.01/install/intel/2021.9.0/py-jinja2-3.1.2-eoja5pj/lib/python3.11/site-packages:/work/noaa/epic/role-epic/spack-stack/hercules/spack-stack-1.6.0/envs/gsi-addon-dev-fms-2024.01/install/intel/2021.9.0/py-markupsafe-2.1.3-v6xcnb7/lib/python3.11/site-packages:/work/noaa/epic/role-epic/spack-stack/hercules/spack-stack-1.6.0/envs/gsi-addon-dev-fms-2024.01/install/intel/2021.9.0/py-pyyaml-6.0-t2st4x2/lib/python3.11/site-packages:/work/noaa/epic/role-epic/spack-stack/hercules/spack-stack-1.6.0/envs/gsi-addon-dev-fms-2024.01/install/intel/2021.9.0/py-netcdf4-1.5.8-bgfhv5i/lib/python3.11/site-packages:/work/noaa/epic/role-epic/spack-stack/hercules/spack-stack-1.6.0/envs/gsi-addon-dev-fms-2024.01/install/intel/2021.9.0/py-cftime-1.0.3.4-ienmq3i/lib/python3.11/site-packages:/work/noaa/epic/role-epic/spack-stack/hercules/spack-stack-1.6.0/envs/gsi-addon-dev-fms-2024.01/install/intel/2021.9.0/py-f90nml-1.4.3-3ib7u6z/lib/python3.11/site-packages:/work/noaa/epic/role-epic/spack-stack/hercules/spack-stack-1.6.0/envs/gsi-addon-dev-fms-2024.01/install/intel/2021.9.0/bufr-11.7.0-7qdgt6m/lib64/python3.11/site-packages:/work/noaa/epic/role-epic/spack-stack/hercules/spack-stack-1.6.0/envs/gsi-addon-dev-fms-2024.01/install/intel/2021.9.0/bufr-11.7.0-7qdgt6m/lib/python3.11/site-packages:/work/noaa/epic/role-epic/spack-stack/hercules/spack-stack-1.6.0/envs/gsi-addon-dev-fms-2024.01/install/intel/2021.9.0/py-numpy-1.23.4-ftta6ne/lib/python3.11/site-packages:/work/noaa/epic/role-epic/spack-stack/hercules/spack-stack-1.6.0/envs/gsi-addon-dev-fms-2024.01/install/intel/2021.9.0/py-setuptools-63.4.3-5extjhr/lib/python3.11/site-packages:/work2/noaa/global/role-global/GFS_CI_CD/HERCULES/CI/3498/global-workflow/ush:/work2/noaa/global/role-global/GFS_CI_CD/HERCULES/CI/3498/global-workflow/ush/python
++ export PYTHONPATH
++ ulimit -S -s 16384
++ unset ulimit_s
+ status=0
+ ((  status != 0  ))
+ export job=atmos_products
+ job=atmos_products
+ IFS=', '
+ read -r -a fhr_list
+ export FORECAST_HOUR jobid
+ for FORECAST_HOUR in "${fhr_list[@]}"
++ printf %03d 24
+ fhr3=024
+ jobid=atmos_products_f024.129395
+ /work2/noaa/global/role-global/GFS_CI_CD/HERCULES/CI/3498/global-workflow/jobs/JGLOBAL_ATMOS_PRODUCTS
Begin /work2/noaa/global/role-global/GFS_CI_CD/HERCULES/CI/3498/global-workflow/jobs/JGLOBAL_ATMOS_PRODUCTS at Thu Jun 26 14:36:07 UTC 2025
++ jjob_header.sh[46]OPTIND=1
++ jjob_header.sh[47]getopts c:e: option
++ jjob_header.sh[48]case "${option}" in
++ jjob_header.sh[50]env_job=atmos_products
++ jjob_header.sh[47]getopts c:e: option
++ jjob_header.sh[48]case "${option}" in
++ jjob_header.sh[49]read -ra configs
++ jjob_header.sh[47]getopts c:e: option
++ jjob_header.sh[61]shift 4
++ jjob_header.sh[63][[ -z atmos_products ]]
++ jjob_header.sh[71]export DATA=/work2/noaa/global/role-global/stmp/HERCULES/RUNDIRS/C96C48_hybatmDA_92fcac6c/gfs.2021122100/atmos_products_f024.129395
++ jjob_header.sh[71]DATA=/work2/noaa/global/role-global/stmp/HERCULES/RUNDIRS/C96C48_hybatmDA_92fcac6c/gfs.2021122100/atmos_products_f024.129395
++ jjob_header.sh[72][[ YES == \Y\E\S ]]
++ jjob_header.sh[73]rm -rf /work2/noaa/global/role-global/stmp/HERCULES/RUNDIRS/C96C48_hybatmDA_92fcac6c/gfs.2021122100/atmos_products_f024.129395
++ jjob_header.sh[75]mkdir -p /work2/noaa/global/role-global/stmp/HERCULES/RUNDIRS/C96C48_hybatmDA_92fcac6c/gfs.2021122100/atmos_products_f024.129395
++ jjob_header.sh[76]cd /work2/noaa/global/role-global/stmp/HERCULES/RUNDIRS/C96C48_hybatmDA_92fcac6c/gfs.2021122100/atmos_products_f024.129395
++ jjob_header.sh[85]export pid=129853
++ jjob_header.sh[85]pid=129853
++ jjob_header.sh[86]export pgmout=OUTPUT.129853
++ jjob_header.sh[86]pgmout=OUTPUT.129853
++ jjob_header.sh[87]export pgmerr=errfile
++ jjob_header.sh[87]pgmerr=errfile
++ jjob_header.sh[90]export pgm=
++ jjob_header.sh[90]pgm=
++ jjob_header.sh[96]export cycle=t00z
++ jjob_header.sh[96]cycle=t00z
++ jjob_header.sh[97]setpdy.sh
+ setpdy.sh[20]'[' /work2/noaa/global/role-global/stmp/HERCULES/RUNDIRS/C96C48_hybatmDA_92fcac6c/gfs.2021122100/atmos_products_f024.129395 == /home/role-global ']'
+ setpdy.sh[25][[ ! t00z =~ t??z ]]
+ setpdy.sh[30]case $# in
+ setpdy.sh[31]dates_before_PDY=7
+ setpdy.sh[32]dates_after_PDY=7
+ setpdy.sh[50]COMDATEROOT=/work2/noaa/global/role-global/GFS_CI_CD/HERCULES/CI/3498/RUNTESTS/COMROOT
+ setpdy.sh[53]'[' -z 20211221 ']'
+ setpdy.sh[57]sed 's/[0-9]\{8\}/20211221/' /work2/noaa/global/role-global/GFS_CI_CD/HERCULES/CI/3498/RUNTESTS/COMROOT/date/t00z
sed: can't read /work2/noaa/global/role-global/GFS_CI_CD/HERCULES/CI/3498/RUNTESTS/COMROOT/date/t00z: No such file or directory
++ jjob_header.sh[97]true
++ jjob_header.sh[98]source ./PDY
/work2/noaa/global/role-global/GFS_CI_CD/HERCULES/CI/3498/global-workflow/ush/jjob_header.sh: line 98: ./PDY: No such file or directory
++ jjob_header.sh[98]true
++ jjob_header.sh[104]export EXPDIR=/work2/noaa/global/role-global/GFS_CI_CD/HERCULES/CI/3498/RUNTESTS/EXPDIR/C96C48_hybatmDA_92fcac6c
++ jjob_header.sh[104]EXPDIR=/work2/noaa/global/role-global/GFS_CI_CD/HERCULES/CI/3498/RUNTESTS/EXPDIR/C96C48_hybatmDA_92fcac6c
++ jjob_header.sh[105]for config in "${configs[@]:-''}"
++ jjob_header.sh[106]source /work2/noaa/global/role-global/GFS_CI_CD/HERCULES/CI/3498/RUNTESTS/EXPDIR/C96C48_hybatmDA_92fcac6c/config.base
+++ config.base[6]echo 'BEGIN: config.base'
BEGIN: config.base
+++ config.base[9]export machine=HERCULES
+++ config.base[9]machine=HERCULES
+++ config.base[12]export RUN_ENVIR=emc
+++ config.base[12]RUN_ENVIR=emc
+++ config.base[15]export ACCOUNT=fv3-cpu
+++ config.base[15]ACCOUNT=fv3-cpu
+++ config.base[16]export QUEUE=batch
+++ config.base[16]QUEUE=batch
+++ config.base[17]export QUEUE_SERVICE=batch
+++ config.base[17]QUEUE_SERVICE=batch
+++ config.base[18]export QUEUE_DTN=batch
+++ config.base[18]QUEUE_DTN=batch
+++ config.base[19]export PARTITION_BATCH=hercules
+++ config.base[19]PARTITION_BATCH=hercules
+++ config.base[20]export PARTITION_SERVICE=service
+++ config.base[20]PARTITION_SERVICE=service
+++ config.base[21]export PARTITION_DTN=
+++ config.base[21]PARTITION_DTN=
+++ config.base[22]export RESERVATION=
+++ config.base[22]RESERVATION=
+++ config.base[23]export CLUSTERS=
+++ config.base[23]CLUSTERS=
+++ config.base[24]export CLUSTERS_SERVICE=
+++ config.base[24]CLUSTERS_SERVICE=
+++ config.base[25]export CLUSTERS_DTN=
+++ config.base[25]CLUSTERS_DTN=
+++ config.base[28]export HPSS_PROJECT=emc-global
+++ config.base[28]HPSS_PROJECT=emc-global
+++ config.base[31]export HOMEgfs=/work2/noaa/global/role-global/GFS_CI_CD/HERCULES/CI/3498/global-workflow
+++ config.base[31]HOMEgfs=/work2/noaa/global/role-global/GFS_CI_CD/HERCULES/CI/3498/global-workflow
+++ config.base[32]export EXECgfs=/work2/noaa/global/role-global/GFS_CI_CD/HERCULES/CI/3498/global-workflow/exec
+++ config.base[32]EXECgfs=/work2/noaa/global/role-global/GFS_CI_CD/HERCULES/CI/3498/global-workflow/exec
+++ config.base[33]export FIXgfs=/work2/noaa/global/role-global/GFS_CI_CD/HERCULES/CI/3498/global-workflow/fix
+++ config.base[33]FIXgfs=/work2/noaa/global/role-global/GFS_CI_CD/HERCULES/CI/3498/global-workflow/fix
+++ config.base[34]export PARMgfs=/work2/noaa/global/role-global/GFS_CI_CD/HERCULES/CI/3498/global-workflow/parm
+++ config.base[34]PARMgfs=/work2/noaa/global/role-global/GFS_CI_CD/HERCULES/CI/3498/global-workflow/parm
+++ config.base[35]export SCRgfs=/work2/noaa/global/role-global/GFS_CI_CD/HERCULES/CI/3498/global-workflow/scripts
+++ config.base[35]SCRgfs=/work2/noaa/global/role-global/GFS_CI_CD/HERCULES/CI/3498/global-workflow/scripts
+++ config.base[36]export USHgfs=/work2/noaa/global/role-global/GFS_CI_CD/HERCULES/CI/3498/global-workflow/ush
+++ config.base[36]USHgfs=/work2/noaa/global/role-global/GFS_CI_CD/HERCULES/CI/3498/global-workflow/ush
+++ config.base[38]export FIXam=/work2/noaa/global/role-global/GFS_CI_CD/HERCULES/CI/3498/global-workflow/fix/am
+++ config.base[38]FIXam=/work2/noaa/global/role-global/GFS_CI_CD/HERCULES/CI/3498/global-workflow/fix/am
+++ config.base[39]export FIXaer=/work2/noaa/global/role-global/GFS_CI_CD/HERCULES/CI/3498/global-workflow/fix/aer
+++ config.base[39]FIXaer=/work2/noaa/global/role-global/GFS_CI_CD/HERCULES/CI/3498/global-workflow/fix/aer
+++ config.base[40]export FIXcpl=/work2/noaa/global/role-global/GFS_CI_CD/HERCULES/CI/3498/global-workflow/fix/cpl
+++ config.base[40]FIXcpl=/work2/noaa/global/role-global/GFS_CI_CD/HERCULES/CI/3498/global-workflow/fix/cpl
+++ config.base[41]export FIXlut=/work2/noaa/global/role-global/GFS_CI_CD/HERCULES/CI/3498/global-workflow/fix/lut
+++ config.base[41]FIXlut=/work2/noaa/global/role-global/GFS_CI_CD/HERCULES/CI/3498/global-workflow/fix/lut
+++ config.base[42]export FIXcice=/work2/noaa/global/role-global/GFS_CI_CD/HERCULES/CI/3498/global-workflow/fix/cice
+++ config.base[42]FIXcice=/work2/noaa/global/role-global/GFS_CI_CD/HERCULES/CI/3498/global-workflow/fix/cice
+++ config.base[43]export FIXmom=/work2/noaa/global/role-global/GFS_CI_CD/HERCULES/CI/3498/global-workflow/fix/mom6
+++ config.base[43]FIXmom=/work2/noaa/global/role-global/GFS_CI_CD/HERCULES/CI/3498/global-workflow/fix/mom6
+++ config.base[44]export FIXreg2grb2=/work2/noaa/global/role-global/GFS_CI_CD/HERCULES/CI/3498/global-workflow/fix/reg2grb2
+++ config.base[44]FIXreg2grb2=/work2/noaa/global/role-global/GFS_CI_CD/HERCULES/CI/3498/global-workflow/fix/reg2grb2
+++ config.base[45]export FIXgdas=/work2/noaa/global/role-global/GFS_CI_CD/HERCULES/CI/3498/global-workflow/fix/gdas
+++ config.base[45]FIXgdas=/work2/noaa/global/role-global/GFS_CI_CD/HERCULES/CI/3498/global-workflow/fix/gdas
+++ config.base[50]export PACKAGEROOT=/work2/noaa/global/role-global/nwpara
+++ config.base[50]PACKAGEROOT=/work2/noaa/global/role-global/nwpara
+++ config.base[51]export COMROOT=/work2/noaa/global/role-global/GFS_CI_CD/HERCULES/CI/3498/RUNTESTS/COMROOT
+++ config.base[51]COMROOT=/work2/noaa/global/role-global/GFS_CI_CD/HERCULES/CI/3498/RUNTESTS/COMROOT
+++ config.base[52]export COMINsyn=/work2/noaa/global/role-global/com/gfs/prod/syndat
+++ config.base[52]COMINsyn=/work2/noaa/global/role-global/com/gfs/prod/syndat
+++ config.base[53]export DMPDIR=/work/noaa/rstprod/dump
+++ config.base[53]DMPDIR=/work/noaa/rstprod/dump
+++ config.base[57]export COMINecmwf=/work2/noaa/global/role-global/data/external_gempak/ecmwf
+++ config.base[57]COMINecmwf=/work2/noaa/global/role-global/data/external_gempak/ecmwf
+++ config.base[58]export COMINnam=/work2/noaa/global/role-global/data/external_gempak/nam
+++ config.base[58]COMINnam=/work2/noaa/global/role-global/data/external_gempak/nam
+++ config.base[59]export COMINukmet=/work2/noaa/global/role-global/data/external_gempak/ukmet
+++ config.base[59]COMINukmet=/work2/noaa/global/role-global/data/external_gempak/ukmet
+++ config.base[62]export HOMEDIR=/work2/noaa/global/role-global
+++ config.base[62]HOMEDIR=/work2/noaa/global/role-global
+++ config.base[63]export STMP=/work2/noaa/global/role-global/stmp/HERCULES
+++ config.base[63]STMP=/work2/noaa/global/role-global/stmp/HERCULES
+++ config.base[64]export PTMP=/work2/noaa/stmp/role-global/HERCULES
+++ config.base[64]PTMP=/work2/noaa/stmp/role-global/HERCULES
+++ config.base[65]export NOSCRUB=/work2/noaa/global/role-global
+++ config.base[65]NOSCRUB=/work2/noaa/global/role-global
+++ config.base[68]export BASE_GIT=/work2/noaa/global/role-global/git
+++ config.base[68]BASE_GIT=/work2/noaa/global/role-global/git
+++ config.base[71]export BASE_DATA=/work2/noaa/global/role-global/data
+++ config.base[71]BASE_DATA=/work2/noaa/global/role-global/data
+++ config.base[74]export DO_PREP_SFC=NO
+++ config.base[74]DO_PREP_SFC=NO
+++ config.base[77]export DO_GOES=NO
+++ config.base[77]DO_GOES=NO
+++ config.base[78]export DO_BUFRSND=NO
+++ config.base[78]DO_BUFRSND=NO
+++ config.base[79]export DO_GEMPAK=NO
+++ config.base[79]DO_GEMPAK=NO
+++ config.base[80]export DO_AWIPS=NO
+++ config.base[80]DO_AWIPS=NO
+++ config.base[81]export DO_NPOESS=NO
+++ config.base[81]DO_NPOESS=NO
+++ config.base[82]export DO_TRACKER=YES
+++ config.base[82]DO_TRACKER=YES
+++ config.base[83]export DO_GENESIS=YES
+++ config.base[83]DO_GENESIS=YES
+++ config.base[84]export DO_GENESIS_FSU=NO
+++ config.base[84]DO_GENESIS_FSU=NO
+++ config.base[85]export DO_VERFOZN=YES
+++ config.base[85]DO_VERFOZN=YES
+++ config.base[86]export DO_VERFRAD=YES
+++ config.base[86]DO_VERFRAD=YES
+++ config.base[87]export DO_VMINMON=YES
+++ config.base[87]DO_VMINMON=YES
+++ config.base[88]export DO_ANLSTAT=NO
+++ config.base[88]DO_ANLSTAT=NO
+++ config.base[91]export MODE=cycled
+++ config.base[91]MODE=cycled
+++ config.base[92]export DO_TEST_MODE=YES
+++ config.base[92]DO_TEST_MODE=YES
+++ config.base[101]export FIXgsi=/work2/noaa/global/role-global/GFS_CI_CD/HERCULES/CI/3498/global-workflow/fix/gsi
+++ config.base[101]FIXgsi=/work2/noaa/global/role-global/GFS_CI_CD/HERCULES/CI/3498/global-workflow/fix/gsi
+++ config.base[102]export HOMEpost=/work2/noaa/global/role-global/GFS_CI_CD/HERCULES/CI/3498/global-workflow
+++ config.base[102]HOMEpost=/work2/noaa/global/role-global/GFS_CI_CD/HERCULES/CI/3498/global-workflow
+++ config.base[103]export HOMEobsproc=/work2/noaa/global/role-global/git/obsproc/v1.2.0
+++ config.base[103]HOMEobsproc=/work2/noaa/global/role-global/git/obsproc/v1.2.0
+++ config.base[106]export NMV=/bin/mv
+++ config.base[106]NMV=/bin/mv
+++ config.base[107]export 'NLN=/bin/ln -sf'
+++ config.base[107]NLN='/bin/ln -sf'
+++ config.base[108]export VERBOSE=YES
+++ config.base[108]VERBOSE=YES
+++ config.base[109]export KEEPDATA=NO
+++ config.base[109]KEEPDATA=NO
+++ config.base[110]export DEBUG_POSTSCRIPT=NO
+++ config.base[110]DEBUG_POSTSCRIPT=NO
+++ config.base[111]export CHGRP_RSTPROD=YES
+++ config.base[111]CHGRP_RSTPROD=YES
+++ config.base[112]export 'CHGRP_CMD=chgrp rstprod'
+++ config.base[112]CHGRP_CMD='chgrp rstprod'
+++ config.base[113]export NCDUMP=/work/noaa/epic/role-epic/spack-stack/hercules/spack-stack-1.6.0/envs/unified-env/install/intel/2021.9.0/netcdf-c-4.9.2-tslbcfy/bin/ncdump
+++ config.base[113]NCDUMP=/work/noaa/epic/role-epic/spack-stack/hercules/spack-stack-1.6.0/envs/unified-env/install/intel/2021.9.0/netcdf-c-4.9.2-tslbcfy/bin/ncdump
+++ config.base[114]export NCLEN=/work2/noaa/global/role-global/GFS_CI_CD/HERCULES/CI/3498/global-workflow/ush/getncdimlen
+++ config.base[114]NCLEN=/work2/noaa/global/role-global/GFS_CI_CD/HERCULES/CI/3498/global-workflow/ush/getncdimlen
+++ config.base[117]export BASE_ENV=/work2/noaa/global/role-global/GFS_CI_CD/HERCULES/CI/3498/global-workflow/env
+++ config.base[117]BASE_ENV=/work2/noaa/global/role-global/GFS_CI_CD/HERCULES/CI/3498/global-workflow/env
+++ config.base[120]export SDATE=2021122018
+++ config.base[120]SDATE=2021122018
+++ config.base[121]export EDATE=2021122106
+++ config.base[121]EDATE=2021122106
+++ config.base[122]export EXP_WARM_START=.false.
+++ config.base[122]EXP_WARM_START=.false.
+++ config.base[123]export assim_freq=6
+++ config.base[123]assim_freq=6
+++ config.base[124]export PSLOT=C96C48_hybatmDA_92fcac6c
+++ config.base[124]PSLOT=C96C48_hybatmDA_92fcac6c
+++ config.base[125]export EXPDIR=/work2/noaa/global/role-global/GFS_CI_CD/HERCULES/CI/3498/RUNTESTS/EXPDIR/C96C48_hybatmDA_92fcac6c
+++ config.base[125]EXPDIR=/work2/noaa/global/role-global/GFS_CI_CD/HERCULES/CI/3498/RUNTESTS/EXPDIR/C96C48_hybatmDA_92fcac6c
+++ config.base[126]export ROTDIR=/work2/noaa/global/role-global/GFS_CI_CD/HERCULES/CI/3498/RUNTESTS/COMROOT/C96C48_hybatmDA_92fcac6c
+++ config.base[126]ROTDIR=/work2/noaa/global/role-global/GFS_CI_CD/HERCULES/CI/3498/RUNTESTS/COMROOT/C96C48_hybatmDA_92fcac6c
+++ config.base[127]export DUMP_SUFFIX=
+++ config.base[127]DUMP_SUFFIX=
+++ config.base[128][[ 2021122100 -ge 2019092100 ]]
+++ config.base[128][[ 2021122100 -le 2019110700 ]]
+++ config.base[131]export ARCDIR=/work2/noaa/global/role-global/archive/C96C48_hybatmDA_92fcac6c
+++ config.base[131]ARCDIR=/work2/noaa/global/role-global/archive/C96C48_hybatmDA_92fcac6c
+++ config.base[132]export ATARDIR=/NCEPDEV/emc-global/1year/role-global/HERCULES/scratch/C96C48_hybatmDA_92fcac6c
+++ config.base[132]ATARDIR=/NCEPDEV/emc-global/1year/role-global/HERCULES/scratch/C96C48_hybatmDA_92fcac6c
+++ config.base[133]export FETCHDIR=/NCEPDEV/emc-global/1year/David.Grumm/test_data
+++ config.base[133]FETCHDIR=/NCEPDEV/emc-global/1year/David.Grumm/test_data
+++ config.base[136]export envir=prod
+++ config.base[136]envir=prod
+++ config.base[137]export NET=gfs
+++ config.base[137]NET=gfs
+++ config.base[138]export RUN=gfs
+++ config.base[138]RUN=gfs
+++ config.base[141]source /work2/noaa/global/role-global/GFS_CI_CD/HERCULES/CI/3498/RUNTESTS/EXPDIR/C96C48_hybatmDA_92fcac6c/config.com
++++ config.com[4]echo 'BEGIN: config.com'
BEGIN: config.com
++++ config.com[38][[ emc == \n\c\o ]]
++++ config.com[43]COM_OBSPROC_TMPL='${DMPDIR}/${RUN}${DUMP_SUFFIX}.${YMD}/${HH}/atmos'
++++ config.com[44]COM_RTOFS_TMPL='${DMPDIR}'
++++ config.com[45]COM_TCVITAL_TMPL='${DMPDIR}/${RUN}.${YMD}/${HH}/atmos'
++++ config.com[47]declare -rx 'COM_OBS_TMPL=${ROTDIR}/${RUN}.${YMD}/${HH}/obs'
++++ config.com[48]declare -rx COM_OBSPROC_TMPL COM_RTOFS_TMPL
++++ config.com[50]COM_BASE='${ROTDIR}/${RUN}.${YMD}/${HH}/${MEMDIR}'
++++ config.com[52]declare -rx 'COM_TOP_TMPL=${ROTDIR}/${RUN}.${YMD}/${HH}'
++++ config.com[54]declare -rx 'COM_CONF_TMPL=${ROTDIR}/${RUN}.${YMD}/${HH}/${MEMDIR}/conf'
++++ config.com[55]declare -rx 'COM_OBS_JEDI=${ROTDIR}/${RUN}.${YMD}/${HH}/${MEMDIR}/obs_jedi'
++++ config.com[57]declare -rx 'COM_ATMOS_INPUT_TMPL=${ROTDIR}/${RUN}.${YMD}/${HH}/${MEMDIR}/model/atmos/input'
++++ config.com[58]declare -rx 'COM_ATMOS_RESTART_TMPL=${ROTDIR}/${RUN}.${YMD}/${HH}/${MEMDIR}/model/atmos/restart'
++++ config.com[59]declare -rx 'COM_ATMOS_ANALYSIS_TMPL=${ROTDIR}/${RUN}.${YMD}/${HH}/${MEMDIR}/analysis/atmos'
++++ config.com[60]declare -rx 'COM_SNOW_ANALYSIS_TMPL=${ROTDIR}/${RUN}.${YMD}/${HH}/${MEMDIR}/analysis/snow'
++++ config.com[61]declare -rx 'COM_SNOW_ANLMON_TMPL=${ROTDIR}/${RUN}.${YMD}/${HH}/${MEMDIR}/products/snow/anlmon'
++++ config.com[62]declare -rx 'COM_ATMOS_HISTORY_TMPL=${ROTDIR}/${RUN}.${YMD}/${HH}/${MEMDIR}/model/atmos/history'
++++ config.com[63]declare -rx 'COM_ATMOS_MASTER_TMPL=${ROTDIR}/${RUN}.${YMD}/${HH}/${MEMDIR}/model/atmos/master'
++++ config.com[64]declare -rx 'COM_ATMOS_GRIB_TMPL=${ROTDIR}/${RUN}.${YMD}/${HH}/${MEMDIR}/products/atmos/grib2'
++++ config.com[65]declare -rx 'COM_ATMOS_GRIB_GRID_TMPL=${ROTDIR}/${RUN}.${YMD}/${HH}/${MEMDIR}/products/atmos/grib2/${GRID}'
++++ config.com[66]declare -rx 'COM_ATMOS_BUFR_TMPL=${ROTDIR}/${RUN}.${YMD}/${HH}/${MEMDIR}/products/atmos/bufr'
++++ config.com[67]declare -rx 'COM_ATMOS_GEMPAK_TMPL=${ROTDIR}/${RUN}.${YMD}/${HH}/${MEMDIR}/products/atmos/gempak/${GRID}'
++++ config.com[68]declare -rx 'COM_ATMOS_GENESIS_TMPL=${ROTDIR}/${RUN}.${YMD}/${HH}/${MEMDIR}/products/atmos/cyclone/genesis_vital'
++++ config.com[69]declare -rx 'COM_ATMOS_TRACK_TMPL=${ROTDIR}/${RUN}.${YMD}/${HH}/${MEMDIR}/products/atmos/cyclone/tracks'
++++ config.com[70]declare -rx 'COM_ATMOS_GOES_TMPL=${ROTDIR}/${RUN}.${YMD}/${HH}/${MEMDIR}/products/atmos/goes_sim'
++++ config.com[71]declare -rx 'COM_ATMOS_IMAGERY_TMPL=${ROTDIR}/${RUN}.${YMD}/${HH}/${MEMDIR}/products/atmos/imagery'
++++ config.com[72]declare -rx 'COM_ATMOS_OZNMON_TMPL=${ROTDIR}/${RUN}.${YMD}/${HH}/${MEMDIR}/products/atmos/oznmon'
++++ config.com[73]declare -rx 'COM_ATMOS_RADMON_TMPL=${ROTDIR}/${RUN}.${YMD}/${HH}/${MEMDIR}/products/atmos/radmon'
++++ config.com[74]declare -rx 'COM_ATMOS_MINMON_TMPL=${ROTDIR}/${RUN}.${YMD}/${HH}/${MEMDIR}/products/atmos/minmon'
++++ config.com[75]declare -rx 'COM_ATMOS_ANLMON_TMPL=${ROTDIR}/${RUN}.${YMD}/${HH}/${MEMDIR}/products/atmos/anlmon'
++++ config.com[76]declare -rx 'COM_ATMOS_WMO_TMPL=${ROTDIR}/${RUN}.${YMD}/${HH}/${MEMDIR}/products/atmos/wmo'
++++ config.com[78]declare -rx 'COM_WAVE_RESTART_TMPL=${ROTDIR}/${RUN}.${YMD}/${HH}/${MEMDIR}/model/wave/restart'
++++ config.com[79]declare -rx 'COM_WAVE_PREP_TMPL=${ROTDIR}/${RUN}.${YMD}/${HH}/${MEMDIR}/model/wave/prep'
++++ config.com[80]declare -rx 'COM_WAVE_HISTORY_TMPL=${ROTDIR}/${RUN}.${YMD}/${HH}/${MEMDIR}/model/wave/history'
++++ config.com[81]declare -rx 'COM_WAVE_GRID_TMPL=${ROTDIR}/${RUN}.${YMD}/${HH}/${MEMDIR}/products/wave/gridded'
++++ config.com[82]declare -rx 'COM_WAVE_GRID_RES_TMPL=${ROTDIR}/${RUN}.${YMD}/${HH}/${MEMDIR}/products/wave/gridded/${GRDRESNAME}'
++++ config.com[83]declare -rx 'COM_WAVE_STATION_TMPL=${ROTDIR}/${RUN}.${YMD}/${HH}/${MEMDIR}/products/wave/station'
++++ config.com[84]declare -rx 'COM_WAVE_GEMPAK_TMPL=${ROTDIR}/${RUN}.${YMD}/${HH}/${MEMDIR}/products/wave/gempak'
++++ config.com[85]declare -rx 'COM_WAVE_WMO_TMPL=${ROTDIR}/${RUN}.${YMD}/${HH}/${MEMDIR}/products/wave/wmo'
++++ config.com[87]declare -rx 'COM_OCEAN_HISTORY_TMPL=${ROTDIR}/${RUN}.${YMD}/${HH}/${MEMDIR}/model/ocean/history'
++++ config.com[88]declare -rx 'COM_OCEAN_RESTART_TMPL=${ROTDIR}/${RUN}.${YMD}/${HH}/${MEMDIR}/model/ocean/restart'
++++ config.com[89]declare -rx 'COM_OCEAN_INPUT_TMPL=${ROTDIR}/${RUN}.${YMD}/${HH}/${MEMDIR}/model/ocean/input'
++++ config.com[90]declare -rx 'COM_OCEAN_ANALYSIS_TMPL=${ROTDIR}/${RUN}.${YMD}/${HH}/${MEMDIR}/analysis/ocean'
++++ config.com[91]declare -rx 'COM_OCEAN_ANLMON_TMPL=${ROTDIR}/${RUN}.${YMD}/${HH}/${MEMDIR}/products/ocean/anlmon'
++++ config.com[92]declare -rx 'COM_OCEAN_LETKF_TMPL=${ROTDIR}/${RUN}.${YMD}/${HH}/${MEMDIR}/analysis/ocean/letkf'
++++ config.com[93]declare -rx 'COM_OCEAN_BMATRIX_TMPL=${ROTDIR}/${RUN}.${YMD}/${HH}/${MEMDIR}/bmatrix/ocean'
++++ config.com[94]declare -rx 'COM_OCEAN_NETCDF_TMPL=${ROTDIR}/${RUN}.${YMD}/${HH}/${MEMDIR}/products/ocean/netcdf'
++++ config.com[95]declare -rx 'COM_OCEAN_GRIB_TMPL=${ROTDIR}/${RUN}.${YMD}/${HH}/${MEMDIR}/products/ocean/grib2'
++++ config.com[96]declare -rx 'COM_OCEAN_GRIB_GRID_TMPL=${ROTDIR}/${RUN}.${YMD}/${HH}/${MEMDIR}/products/ocean/grib2/${GRID}'
++++ config.com[98]declare -rx 'COM_ICE_ANALYSIS_TMPL=${ROTDIR}/${RUN}.${YMD}/${HH}/${MEMDIR}/analysis/ice'
++++ config.com[99]declare -rx 'COM_ICE_LETKF_TMPL=${ROTDIR}/${RUN}.${YMD}/${HH}/${MEMDIR}/analysis/ice/letkf'
++++ config.com[100]declare -rx 'COM_ICE_ANLMON_TMPL=${ROTDIR}/${RUN}.${YMD}/${HH}/${MEMDIR}/products/ice/anlmon'
++++ config.com[101]declare -rx 'COM_ICE_BMATRIX_TMPL=${ROTDIR}/${RUN}.${YMD}/${HH}/${MEMDIR}/bmatrix/ice'
++++ config.com[102]declare -rx 'COM_ICE_INPUT_TMPL=${ROTDIR}/${RUN}.${YMD}/${HH}/${MEMDIR}/model/ice/input'
++++ config.com[103]declare -rx 'COM_ICE_HISTORY_TMPL=${ROTDIR}/${RUN}.${YMD}/${HH}/${MEMDIR}/model/ice/history'
++++ config.com[104]declare -rx 'COM_ICE_RESTART_TMPL=${ROTDIR}/${RUN}.${YMD}/${HH}/${MEMDIR}/model/ice/restart'
++++ config.com[105]declare -rx 'COM_ICE_NETCDF_TMPL=${ROTDIR}/${RUN}.${YMD}/${HH}/${MEMDIR}/products/ice/netcdf'
++++ config.com[106]declare -rx 'COM_ICE_GRIB_TMPL=${ROTDIR}/${RUN}.${YMD}/${HH}/${MEMDIR}/products/ice/grib2'
++++ config.com[107]declare -rx 'COM_ICE_GRIB_GRID_TMPL=${ROTDIR}/${RUN}.${YMD}/${HH}/${MEMDIR}/products/ice/grib2/${GRID}'
++++ config.com[109]declare -rx 'COM_CHEM_HISTORY_TMPL=${ROTDIR}/${RUN}.${YMD}/${HH}/${MEMDIR}/model/chem/history'
++++ config.com[110]declare -rx 'COM_CHEM_ANALYSIS_TMPL=${ROTDIR}/${RUN}.${YMD}/${HH}/${MEMDIR}/analysis/chem'
++++ config.com[111]declare -rx 'COM_CHEM_BMAT_TMPL=${ROTDIR}/${RUN}.${YMD}/${HH}/${MEMDIR}/analysis/chem/bmatrix'
++++ config.com[112]declare -rx 'COM_CHEM_ANLMON_TMPL=${ROTDIR}/${RUN}.${YMD}/${HH}/${MEMDIR}/products/chem/anlmon'
++++ config.com[114]declare -rx 'COM_MED_RESTART_TMPL=${ROTDIR}/${RUN}.${YMD}/${HH}/${MEMDIR}/model/med/restart'
+++ config.base[143]export LOGSCRIPT=
+++ config.base[143]LOGSCRIPT=
+++ config.base[145]export 'REDOUT=1>'
+++ config.base[145]REDOUT='1>'
+++ config.base[146]export 'REDERR=2>'
+++ config.base[146]REDERR='2>'
+++ config.base[148]export SENDECF=NO
+++ config.base[148]SENDECF=NO
+++ config.base[149]export SENDSDM=NO
+++ config.base[149]SENDSDM=NO
+++ config.base[150]export SENDDBN_NTC=NO
+++ config.base[150]SENDDBN_NTC=NO
+++ config.base[151]export SENDDBN=NO
+++ config.base[151]SENDDBN=NO
+++ config.base[152]export DBNROOT=/work/noaa/epic/role-epic/spack-stack/hercules/spack-stack-1.6.0/envs/unified-env/install/intel/2021.9.0/prod-util-2.1.1-ddlo2cq/fakedbn
+++ config.base[152]DBNROOT=/work/noaa/epic/role-epic/spack-stack/hercules/spack-stack-1.6.0/envs/unified-env/install/intel/2021.9.0/prod-util-2.1.1-ddlo2cq/fakedbn
+++ config.base[155]export APP=ATM
+++ config.base[155]APP=ATM
+++ config.base[157]shopt -s extglob
+++ config.base[160]case "${RUN}" in
+++ config.base[167]shopt -u extglob
+++ config.base[170]export DO_ATM=YES
+++ config.base[170]DO_ATM=YES
+++ config.base[171]export DO_COUPLED=NO
+++ config.base[171]DO_COUPLED=NO
+++ config.base[172]export DO_WAVE=NO
+++ config.base[172]DO_WAVE=NO
+++ config.base[173]export DO_OCN=NO
+++ config.base[173]DO_OCN=NO
+++ config.base[174]export DO_ICE=NO
+++ config.base[174]DO_ICE=NO
+++ config.base[175]DO_AERO=NO
+++ config.base[176]export DO_PREP_OBS_AERO=NO
+++ config.base[176]DO_PREP_OBS_AERO=NO
+++ config.base[177]aero_fcst_runs=gdas
+++ config.base[178]aero_anl_runs='gdas gfs'
+++ config.base[179]export DO_AERO_FCST=NO
+++ config.base[179]DO_AERO_FCST=NO
+++ config.base[180]export DO_AERO_ANL=NO
+++ config.base[180]DO_AERO_ANL=NO
+++ config.base[181]export DOBNDPNT_WAVE=YES
+++ config.base[181]DOBNDPNT_WAVE=YES
+++ config.base[182]export DOIBP_WAV=NO
+++ config.base[182]DOIBP_WAV=NO
+++ config.base[183]export FRAC_GRID=.true.
+++ config.base[183]FRAC_GRID=.true.
+++ config.base[184]export DO_NEST=NO
+++ config.base[184]DO_NEST=NO
+++ config.base[185][[ NO == \Y\E\S ]]
+++ config.base[191]export ntiles=6
+++ config.base[191]ntiles=6
+++ config.base[192]export FIXugwd=/work2/noaa/global/role-global/GFS_CI_CD/HERCULES/CI/3498/global-workflow/fix/ugwd
+++ config.base[192]FIXugwd=/work2/noaa/global/role-global/GFS_CI_CD/HERCULES/CI/3498/global-workflow/fix/ugwd
+++ config.base[193]export FIXorog=/work2/noaa/global/role-global/GFS_CI_CD/HERCULES/CI/3498/global-workflow/fix/orog
+++ config.base[193]FIXorog=/work2/noaa/global/role-global/GFS_CI_CD/HERCULES/CI/3498/global-workflow/fix/orog
+++ config.base[197]export OPS_RES=C768
+++ config.base[197]OPS_RES=C768
+++ config.base[200]export LEVS=128
+++ config.base[200]LEVS=128
+++ config.base[201]export CASE=C96
+++ config.base[201]CASE=C96
+++ config.base[202]export CASE_ENS=C48
+++ config.base[202]CASE_ENS=C48
+++ config.base[203]export OCNRES=500
+++ config.base[203]OCNRES=500
+++ config.base[204]export ICERES=500
+++ config.base[204]ICERES=500
+++ config.base[207]case "${CASE}" in
+++ config.base[212]export waveGRD=uglo_100km
+++ config.base[212]waveGRD=uglo_100km
+++ config.base[226]case "${APP}" in
+++ config.base[261][[ NO == \Y\E\S ]]
+++ config.base[271][[ gfs =~ gdas ]]
+++ config.base[274][[ gfs =~ gfs ]]
+++ config.base[275]export FHCYC=24
+++ config.base[275]FHCYC=24
+++ config.base[279]export FHMIN=0
+++ config.base[279]FHMIN=0
+++ config.base[280]export FHMAX=9
+++ config.base[280]FHMAX=9
+++ config.base[281]export FHOUT=3
+++ config.base[281]FHOUT=3
+++ config.base[282]export FHOUT_OCN=3
+++ config.base[282]FHOUT_OCN=3
+++ config.base[283]export FHOUT_ICE=3
+++ config.base[283]FHOUT_ICE=3
+++ config.base[284]export FHOUT_AERO=3
+++ config.base[284]FHOUT_AERO=3
+++ config.base[287]export EUPD_CYC=gdas
+++ config.base[287]EUPD_CYC=gdas
+++ config.base[290]export INTERVAL_GFS=24
+++ config.base[290]INTERVAL_GFS=24
+++ config.base[291]export SDATE_GFS=2021122100
+++ config.base[291]SDATE_GFS=2021122100
+++ config.base[294]export FHMIN_GFS=0
+++ config.base[294]FHMIN_GFS=0
+++ config.base[295]export FHMAX_GFS=120
+++ config.base[295]FHMAX_GFS=120
+++ config.base[297]breakpnts=
+++ config.base[298]export FCST_SEGMENTS=0,120
+++ config.base[298]FCST_SEGMENTS=0,120
+++ config.base[299]export FHOUT_GFS=3
+++ config.base[299]FHOUT_GFS=3
+++ config.base[300]export FHMAX_HF_GFS=48
+++ config.base[300]FHMAX_HF_GFS=48
+++ config.base[301]export FHMAX_HF_GFS=48
+++ config.base[301]FHMAX_HF_GFS=48
+++ config.base[302]export FHOUT_HF_GFS=1
+++ config.base[302]FHOUT_HF_GFS=1
+++ config.base[305]export FHMIN_WAV=0
+++ config.base[305]FHMIN_WAV=0
+++ config.base[306]export FHOUT_WAV=1
+++ config.base[306]FHOUT_WAV=1
+++ config.base[307]export FHMAX_WAV=9
+++ config.base[307]FHMAX_WAV=9
+++ config.base[308]export FHMAX_WAV=9
+++ config.base[308]FHMAX_WAV=9
+++ config.base[309]export FHOUT_WAV_GFS=3
+++ config.base[309]FHOUT_WAV_GFS=3
+++ config.base[310]export FHMAX_WAV_GFS=120
+++ config.base[310]FHMAX_WAV_GFS=120
+++ config.base[311]export FHOUT_HF_WAV=1
+++ config.base[311]FHOUT_HF_WAV=1
+++ config.base[312]export FHMAX_HF_WAV=48
+++ config.base[312]FHMAX_HF_WAV=48
+++ config.base[313]export FHMAX_HF_WAV=48
+++ config.base[313]FHMAX_HF_WAV=48
+++ config.base[316]export FHOUT_OCN_GFS=6
+++ config.base[316]FHOUT_OCN_GFS=6
+++ config.base[317]export FHOUT_ICE_GFS=6
+++ config.base[317]FHOUT_ICE_GFS=6
+++ config.base[320]export ILPOST=1
+++ config.base[320]ILPOST=1
+++ config.base[321]((  FHMAX_HF_GFS < 120  ))
+++ config.base[322]export ILPOST=3
+++ config.base[322]ILPOST=3
+++ config.base[326]export FHMAX_GOES=180
+++ config.base[326]FHMAX_GOES=180
+++ config.base[327]export FHOUT_GOES=3
+++ config.base[327]FHOUT_GOES=3
+++ config.base[328]((  FHMAX_GOES > FHMAX_GFS  ))
+++ config.base[329]export FHMAX_GOES=120
+++ config.base[329]FHMAX_GOES=120
+++ config.base[333]export restart_interval_gfs=12
+++ config.base[333]restart_interval_gfs=12
+++ config.base[338]export QUILTING=.true.
+++ config.base[338]QUILTING=.true.
+++ config.base[339]export OUTPUT_GRID=gaussian_grid
+++ config.base[339]OUTPUT_GRID=gaussian_grid
+++ config.base[340]export WRITE_DOPOST=.true.
+++ config.base[340]WRITE_DOPOST=.true.
+++ config.base[341]export WRITE_NSFLIP=.true.
+++ config.base[341]WRITE_NSFLIP=.true.
+++ config.base[344]export DOIAU=YES
+++ config.base[344]DOIAU=YES
+++ config.base[345]export IAUFHRS=3,6,9
+++ config.base[345]IAUFHRS=3,6,9
+++ config.base[346]export IAU_FHROT=3
+++ config.base[346]IAU_FHROT=3
+++ config.base[347]export IAU_DELTHRS=6
+++ config.base[347]IAU_DELTHRS=6
+++ config.base[348]export IAU_OFFSET=6
+++ config.base[348]IAU_OFFSET=6
+++ config.base[349]export DOIAU_ENKF=YES
+++ config.base[349]DOIAU_ENKF=YES
+++ config.base[350]export IAUFHRS_ENKF=3,6,9
+++ config.base[350]IAUFHRS_ENKF=3,6,9
+++ config.base[351]export IAU_DELTHRS_ENKF=6
+++ config.base[351]IAU_DELTHRS_ENKF=6
+++ config.base[354]export lobsdiag_forenkf=.true.
+++ config.base[354]lobsdiag_forenkf=.true.
+++ config.base[362]export imp_physics=8
+++ config.base[362]imp_physics=8
+++ config.base[366]export DO_JEDIATMVAR=NO
+++ config.base[366]DO_JEDIATMVAR=NO
+++ config.base[367]export DO_JEDIATMENS=NO
+++ config.base[367]DO_JEDIATMENS=NO
+++ config.base[368]export DO_JEDIOCNVAR=NO
+++ config.base[368]DO_JEDIOCNVAR=NO
+++ config.base[369]export DO_JEDISNOWDA=NO
+++ config.base[369]DO_JEDISNOWDA=NO
+++ config.base[370]export DO_MERGENSST=NO
+++ config.base[370]DO_MERGENSST=NO
+++ config.base[371]export DO_STARTMEM_FROM_JEDIICE=NO
+++ config.base[371]DO_STARTMEM_FROM_JEDIICE=NO
+++ config.base[374]export DOHYBVAR=YES
+++ config.base[374]DOHYBVAR=YES
+++ config.base[375]export DOHYBVAR_OCN=NO
+++ config.base[375]DOHYBVAR_OCN=NO
+++ config.base[376]export DOLETKF_OCN=NO
+++ config.base[376]DOLETKF_OCN=NO
+++ config.base[377]export NMEM_ENS=2
+++ config.base[377]NMEM_ENS=2
+++ config.base[378]export SMOOTH_ENKF=NO
+++ config.base[378]SMOOTH_ENKF=NO
+++ config.base[379]export l4densvar=.true.
+++ config.base[379]l4densvar=.true.
+++ config.base[380]export lwrite4danl=.true.
+++ config.base[380]lwrite4danl=.true.
+++ config.base[381]export DO_CALC_INCREMENT=NO
+++ config.base[381]DO_CALC_INCREMENT=NO
+++ config.base[384]export NMEM_ENS_GFS=30
+++ config.base[384]NMEM_ENS_GFS=30
+++ config.base[385]export NMEM_ENS_GFS_OFFSET=20
+++ config.base[385]NMEM_ENS_GFS_OFFSET=20
+++ config.base[386]export DO_CALC_INCREMENT_ENKF_GFS=NO
+++ config.base[386]DO_CALC_INCREMENT_ENKF_GFS=NO
+++ config.base[389][[ YES = \Y\E\S ]]
+++ config.base[390]export FHMIN_ENKF=3
+++ config.base[390]FHMIN_ENKF=3
+++ config.base[391]export FHMAX_ENKF=9
+++ config.base[391]FHMAX_ENKF=9
+++ config.base[392]export FHMAX_ENKF_GFS=12
+++ config.base[392]FHMAX_ENKF_GFS=12
+++ config.base[393]export FHOUT_ENKF_GFS=3
+++ config.base[393]FHOUT_ENKF_GFS=3
+++ config.base[394][[ .true. = \.\t\r\u\e\. ]]
+++ config.base[395]export FHOUT=1
+++ config.base[395]FHOUT=1
+++ config.base[396]export FHOUT_ENKF=1
+++ config.base[396]FHOUT_ENKF=1
+++ config.base[403][[ YES == \N\O ]]
+++ config.base[411]export ENKF_SPREAD=YES
+++ config.base[411]ENKF_SPREAD=YES
+++ config.base[414]export DO_GSISOILDA=YES
+++ config.base[414]DO_GSISOILDA=YES
+++ config.base[415]export DO_LAND_IAU=.true.
+++ config.base[415]DO_LAND_IAU=.true.
+++ config.base[416]export LSOIL_INCR=2
+++ config.base[416]LSOIL_INCR=2
+++ config.base[419][[ cycled = \c\y\c\l\e\d ]]
+++ config.base[419][[ 2021122018 = \2\0\2\1\1\2\2\1\0\0 ]]
+++ config.base[419][[ YES = \N\O ]]
+++ config.base[419][[ cycled = \f\o\r\e\c\a\s\t\-\o\n\l\y ]]
+++ config.base[426][[ YES = \N\O ]]
+++ config.base[430][[ YES == \Y\E\S ]]
+++ config.base[431]export restart_interval_enkfgdas=3
+++ config.base[431]restart_interval_enkfgdas=3
+++ config.base[436]export restart_interval_enkfgfs=3
+++ config.base[436]restart_interval_enkfgfs=3
+++ config.base[438][[ YES == \Y\E\S ]]
+++ config.base[439]export restart_interval_gdas=3
+++ config.base[439]restart_interval_gdas=3
+++ config.base[445]export DONST=YES
+++ config.base[445]DONST=YES
+++ config.base[446][[ YES = \Y\E\S ]]
+++ config.base[446]export 'FNTSFA=        '
+++ config.base[446]FNTSFA='        '
+++ config.base[449]export nst_anl=.true.
+++ config.base[449]nst_anl=.true.
+++ config.base[452]export MAKE_NSSTBUFR=NO
+++ config.base[452]MAKE_NSSTBUFR=NO
+++ config.base[455]export MAKE_ACFTBUFR=NO
+++ config.base[455]MAKE_ACFTBUFR=NO
+++ config.base[458]export 'INCREMENTS_TO_ZERO='\''liq_wat_inc'\'','\''icmr_inc'\'','\''rwmr_inc'\'','\''snmr_inc'\'','\''grle_inc'\'''
+++ config.base[458]INCREMENTS_TO_ZERO=''\''liq_wat_inc'\'','\''icmr_inc'\'','\''rwmr_inc'\'','\''snmr_inc'\'','\''grle_inc'\'''
+++ config.base[461]export 'INCVARS_ZERO_STRAT='\''sphum_inc'\'','\''liq_wat_inc'\'','\''icmr_inc'\'','\''rwmr_inc'\'','\''snmr_inc'\'','\''grle_inc'\'''
+++ config.base[461]INCVARS_ZERO_STRAT=''\''sphum_inc'\'','\''liq_wat_inc'\'','\''icmr_inc'\'','\''rwmr_inc'\'','\''snmr_inc'\'','\''grle_inc'\'''
+++ config.base[462]export INCVARS_EFOLD=5
+++ config.base[462]INCVARS_EFOLD=5
+++ config.base[467]export netcdf_diag=.true.
+++ config.base[467]netcdf_diag=.true.
+++ config.base[468]export binary_diag=.false.
+++ config.base[468]binary_diag=.false.
+++ config.base[471]export DO_CA=YES
+++ config.base[471]DO_CA=YES
+++ config.base[474]export DO_METP=YES
+++ config.base[474]DO_METP=YES
+++ config.base[475]export DO_FIT2OBS=YES
+++ config.base[475]DO_FIT2OBS=YES
+++ config.base[478]export FHMAX_FITS=132
+++ config.base[478]FHMAX_FITS=132
+++ config.base[479][[ 132 -gt 120 ]]
+++ config.base[480]export FHMAX_FITS=120
+++ config.base[480]FHMAX_FITS=120
+++ config.base[485]export DO_FETCH_HPSS=NO
+++ config.base[485]DO_FETCH_HPSS=NO
+++ config.base[486]export DO_FETCH_LOCAL=NO
+++ config.base[486]DO_FETCH_LOCAL=NO
+++ config.base[489]export DO_ARCHCOM=NO
+++ config.base[489]DO_ARCHCOM=NO
+++ config.base[490]export ARCHCOM_TO=globus_hpss
+++ config.base[490]ARCHCOM_TO=globus_hpss
+++ config.base[493]export CLIENT_GLOBUS_UUID=869912fe-f6de-46c0-af10-b22efd84a022
+++ config.base[493]CLIENT_GLOBUS_UUID=869912fe-f6de-46c0-af10-b22efd84a022
+++ config.base[496][[ NO = \Y\E\S ]]
+++ config.base[503][[ NO = \Y\E\S ]]
+++ config.base[503][[ NO = \Y\E\S ]]
+++ config.base[503][[ NO = \Y\E\S ]]
+++ config.base[509]export REPLAY_ICS=NO
+++ config.base[509]REPLAY_ICS=NO
+++ config.base[510]export OFFSET_START_HOUR=0
+++ config.base[510]OFFSET_START_HOUR=0
+++ config.base[513]export NUM_SND_COLLECTIVES=9
+++ config.base[513]NUM_SND_COLLECTIVES=9
+++ config.base[515]echo 'END: config.base'
END: config.base
++ jjob_header.sh[106]true
++ jjob_header.sh[107]export err=0
++ jjob_header.sh[107]err=0
++ jjob_header.sh[108][[ 0 -ne 0 ]]
++ jjob_header.sh[105]for config in "${configs[@]:-''}"
++ jjob_header.sh[106]source /work2/noaa/global/role-global/GFS_CI_CD/HERCULES/CI/3498/RUNTESTS/EXPDIR/C96C48_hybatmDA_92fcac6c/config.atmos_products
+++ config.atmos_products[6]echo 'BEGIN: config.atmos_products'
BEGIN: config.atmos_products
+++ config.atmos_products[9]. /work2/noaa/global/role-global/GFS_CI_CD/HERCULES/CI/3498/RUNTESTS/EXPDIR/C96C48_hybatmDA_92fcac6c/config.resources atmos_products
++++ config.resources[10]((  1 != 1  ))
++++ config.resources[34]step=atmos_products
++++ config.resources[36]echo 'BEGIN: config.resources'
BEGIN: config.resources
++++ config.resources[38]case ${machine} in
++++ config.resources[66]max_tasks_per_node=80
++++ config.resources[68]mem_node_max=500GB
++++ config.resources[106]export max_tasks_per_node
++++ config.resources[108]case ${step} in
++++ config.resources[1021]walltime=00:15:00
++++ config.resources[1022]ntasks=24
++++ config.resources[1023]threads_per_task=1
++++ config.resources[1024]tasks_per_node=24
++++ config.resources[1025]export is_exclusive=True
++++ config.resources[1025]is_exclusive=True
++++ config.resources[1400][[ -f /work2/noaa/global/role-global/GFS_CI_CD/HERCULES/CI/3498/RUNTESTS/EXPDIR/C96C48_hybatmDA_92fcac6c/config.resources.HERCULES ]]
++++ config.resources[1401]source /work2/noaa/global/role-global/GFS_CI_CD/HERCULES/CI/3498/RUNTESTS/EXPDIR/C96C48_hybatmDA_92fcac6c/config.resources.HERCULES
+++++ config.resources.HERCULES[5]case ${step} in
++++ config.resources[1405]for resource_var in threads_per_task ntasks tasks_per_node NTASKS memory walltime
++++ config.resources[1406]run_resource_var=threads_per_task_gfs
++++ config.resources[1407][[ -n '' ]]
++++ config.resources[1409][[ -n 0 ]]
++++ config.resources[1410]export threads_per_task
++++ config.resources[1405]for resource_var in threads_per_task ntasks tasks_per_node NTASKS memory walltime
++++ config.resources[1406]run_resource_var=ntasks_gfs
++++ config.resources[1407][[ -n '' ]]
++++ config.resources[1409][[ -n 0 ]]
++++ config.resources[1410]export ntasks
++++ config.resources[1405]for resource_var in threads_per_task ntasks tasks_per_node NTASKS memory walltime
++++ config.resources[1406]run_resource_var=tasks_per_node_gfs
++++ config.resources[1407][[ -n '' ]]
++++ config.resources[1409][[ -n 0 ]]
++++ config.resources[1410]export tasks_per_node
++++ config.resources[1405]for resource_var in threads_per_task ntasks tasks_per_node NTASKS memory walltime
++++ config.resources[1406]run_resource_var=NTASKS_gfs
++++ config.resources[1407][[ -n '' ]]
++++ config.resources[1409][[ -n '' ]]
++++ config.resources[1405]for resource_var in threads_per_task ntasks tasks_per_node NTASKS memory walltime
++++ config.resources[1406]run_resource_var=memory_gfs
++++ config.resources[1407][[ -n '' ]]
++++ config.resources[1409][[ -n '' ]]
++++ config.resources[1405]for resource_var in threads_per_task ntasks tasks_per_node NTASKS memory walltime
++++ config.resources[1406]run_resource_var=walltime_gfs
++++ config.resources[1407][[ -n '' ]]
++++ config.resources[1409][[ -n 0 ]]
++++ config.resources[1410]export walltime
++++ config.resources[1414]echo 'END: config.resources'
END: config.resources
+++ config.atmos_products[12]export MAX_TASKS=25
+++ config.atmos_products[12]MAX_TASKS=25
+++ config.atmos_products[15]export INTERP_ATMOS_MASTERSH=/work2/noaa/global/role-global/GFS_CI_CD/HERCULES/CI/3498/global-workflow/ush/interp_atmos_master.sh
+++ config.atmos_products[15]INTERP_ATMOS_MASTERSH=/work2/noaa/global/role-global/GFS_CI_CD/HERCULES/CI/3498/global-workflow/ush/interp_atmos_master.sh
+++ config.atmos_products[16]export INTERP_ATMOS_SFLUXSH=/work2/noaa/global/role-global/GFS_CI_CD/HERCULES/CI/3498/global-workflow/ush/interp_atmos_sflux.sh
+++ config.atmos_products[16]INTERP_ATMOS_SFLUXSH=/work2/noaa/global/role-global/GFS_CI_CD/HERCULES/CI/3498/global-workflow/ush/interp_atmos_sflux.sh
+++ config.atmos_products[18][[ gfs == \g\d\a\s ]]
+++ config.atmos_products[24][[ gfs == \g\f\s ]]
+++ config.atmos_products[25]export downset=2
+++ config.atmos_products[25]downset=2
+++ config.atmos_products[26]export FHOUT_PGBS=3
+++ config.atmos_products[26]FHOUT_PGBS=3
+++ config.atmos_products[27]export FLXGF=YES
+++ config.atmos_products[27]FLXGF=YES
+++ config.atmos_products[28]export WGNE=YES
+++ config.atmos_products[28]WGNE=YES
+++ config.atmos_products[29]export FHMAX_WGNE=180
+++ config.atmos_products[29]FHMAX_WGNE=180
+++ config.atmos_products[32]export APCP_MSG=597
+++ config.atmos_products[32]APCP_MSG=597
+++ config.atmos_products[35]export paramlista=/work2/noaa/global/role-global/GFS_CI_CD/HERCULES/CI/3498/global-workflow/parm/product/gfs.fFFF.paramlist.a.txt
+++ config.atmos_products[35]paramlista=/work2/noaa/global/role-global/GFS_CI_CD/HERCULES/CI/3498/global-workflow/parm/product/gfs.fFFF.paramlist.a.txt
+++ config.atmos_products[36]export paramlista_anl=/work2/noaa/global/role-global/GFS_CI_CD/HERCULES/CI/3498/global-workflow/parm/product/gfs.anl.paramlist.a.txt
+++ config.atmos_products[36]paramlista_anl=/work2/noaa/global/role-global/GFS_CI_CD/HERCULES/CI/3498/global-workflow/parm/product/gfs.anl.paramlist.a.txt
+++ config.atmos_products[37]export paramlista_f000=/work2/noaa/global/role-global/GFS_CI_CD/HERCULES/CI/3498/global-workflow/parm/product/gfs.f000.paramlist.a.txt
+++ config.atmos_products[37]paramlista_f000=/work2/noaa/global/role-global/GFS_CI_CD/HERCULES/CI/3498/global-workflow/parm/product/gfs.f000.paramlist.a.txt
+++ config.atmos_products[38]export paramlistb=/work2/noaa/global/role-global/GFS_CI_CD/HERCULES/CI/3498/global-workflow/parm/product/gfs.fFFF.paramlist.b.txt
+++ config.atmos_products[38]paramlistb=/work2/noaa/global/role-global/GFS_CI_CD/HERCULES/CI/3498/global-workflow/parm/product/gfs.fFFF.paramlist.b.txt
+++ config.atmos_products[40]echo 'END: config.atmos_products'
END: config.atmos_products
++ jjob_header.sh[106]true
++ jjob_header.sh[107]export err=0
++ jjob_header.sh[107]err=0
++ jjob_header.sh[108][[ 0 -ne 0 ]]
++ jjob_header.sh[117]source /work2/noaa/global/role-global/GFS_CI_CD/HERCULES/CI/3498/global-workflow/env/HERCULES.env atmos_products
+++ HERCULES.env[3][[ 1 -ne 1 ]]
+++ HERCULES.env[10]step=atmos_products
+++ HERCULES.env[12]export 'launcher=srun -l --export=ALL --hint=nomultithread'
+++ HERCULES.env[12]launcher='srun -l --export=ALL --hint=nomultithread'
+++ HERCULES.env[13]export 'mpmd_opt=--multi-prog --output=mpmd.%j.%t.out'
+++ HERCULES.env[13]mpmd_opt='--multi-prog --output=mpmd.%j.%t.out'
+++ HERCULES.env[16]export MPI_BUFS_PER_PROC=2048
+++ HERCULES.env[16]MPI_BUFS_PER_PROC=2048
+++ HERCULES.env[17]export MPI_BUFS_PER_HOST=2048
+++ HERCULES.env[17]MPI_BUFS_PER_HOST=2048
+++ HERCULES.env[18]export MPI_GROUP_MAX=256
+++ HERCULES.env[18]MPI_GROUP_MAX=256
+++ HERCULES.env[19]export MPI_MEMMAP_OFF=1
+++ HERCULES.env[19]MPI_MEMMAP_OFF=1
+++ HERCULES.env[20]export MP_STDOUTMODE=ORDERED
+++ HERCULES.env[20]MP_STDOUTMODE=ORDERED
+++ HERCULES.env[21]export KMP_AFFINITY=scatter
+++ HERCULES.env[21]KMP_AFFINITY=scatter
+++ HERCULES.env[22]export OMP_STACKSIZE=2048000
+++ HERCULES.env[22]OMP_STACKSIZE=2048000
+++ HERCULES.env[23]export NTHSTACK=1024000000
+++ HERCULES.env[23]NTHSTACK=1024000000
+++ HERCULES.env[25]export I_MPI_EXTRA_FILESYSTEM=1
+++ HERCULES.env[25]I_MPI_EXTRA_FILESYSTEM=1
+++ HERCULES.env[26]export I_MPI_EXTRA_FILESYSTEM_LIST=lustre
+++ HERCULES.env[26]I_MPI_EXTRA_FILESYSTEM_LIST=lustre
+++ HERCULES.env[28]ulimit -s unlimited
+++ HERCULES.env[29]ulimit -a
real-time non-blocking time  (microseconds, -R) unlimited
core file size              (blocks, -c) 0
data seg size               (kbytes, -d) unlimited
scheduling priority                 (-e) 0
file size                   (blocks, -f) unlimited
pending signals                     (-i) 2049614
max locked memory           (kbytes, -l) unlimited
max memory size             (kbytes, -m) 520192000
open files                          (-n) 131072
pipe size                (512 bytes, -p) 8
POSIX message queues         (bytes, -q) 819200
real-time priority                  (-r) 0
stack size                  (kbytes, -s) unlimited
cpu time                   (seconds, -t) unlimited
max user processes                  (-u) 1028698
virtual memory              (kbytes, -v) unlimited
file locks                          (-x) unlimited
+++ HERCULES.env[33][[ -n 24 ]]
+++ HERCULES.env[33][[ -n 80 ]]
+++ HERCULES.env[33][[ -n 24 ]]
+++ HERCULES.env[34]max_threads_per_task=3
+++ HERCULES.env[35]NTHREADSmax=1
+++ HERCULES.env[36]NTHREADS1=1
+++ HERCULES.env[37][[ 1 -gt 3 ]]
+++ HERCULES.env[40][[ 1 -gt 3 ]]
+++ HERCULES.env[43]APRUN_default='srun -l --export=ALL --hint=nomultithread -n 24'
+++ HERCULES.env[49]case ${step} in
+++ HERCULES.env[281]export USE_CFP=YES
+++ HERCULES.env[281]USE_CFP=YES
++ jjob_header.sh[117]true
++ jjob_header.sh[118]export err=0
++ jjob_header.sh[118]err=0
++ jjob_header.sh[119][[ 0 -ne 0 ]]
+ JGLOBAL_ATMOS_PRODUCTS[11]YMD=20211221
+ JGLOBAL_ATMOS_PRODUCTS[11]HH=00
+ JGLOBAL_ATMOS_PRODUCTS[11]declare_from_tmpl -rx COMIN_ATMOS_ANALYSIS:COM_ATMOS_ANALYSIS_TMPL COMIN_ATMOS_HISTORY:COM_ATMOS_HISTORY_TMPL COMIN_ATMOS_MASTER:COM_ATMOS_MASTER_TMPL
+ bash_utils.sh[39][[ NO == \N\O ]]
+ bash_utils.sh[39]set +x
declare_from_tmpl :: COMIN_ATMOS_ANALYSIS=/work2/noaa/global/role-global/GFS_CI_CD/HERCULES/CI/3498/RUNTESTS/COMROOT/C96C48_hybatmDA_92fcac6c/gfs.20211221/00//analysis/atmos
declare_from_tmpl :: COMIN_ATMOS_HISTORY=/work2/noaa/global/role-global/GFS_CI_CD/HERCULES/CI/3498/RUNTESTS/COMROOT/C96C48_hybatmDA_92fcac6c/gfs.20211221/00//model/atmos/history
declare_from_tmpl :: COMIN_ATMOS_MASTER=/work2/noaa/global/role-global/GFS_CI_CD/HERCULES/CI/3498/RUNTESTS/COMROOT/C96C48_hybatmDA_92fcac6c/gfs.20211221/00//model/atmos/master
+ JGLOBAL_ATMOS_PRODUCTS[16]for grid in '0p25' '0p50' '1p00'
+ JGLOBAL_ATMOS_PRODUCTS[17]prod_dir=COMOUT_ATMOS_GRIB_0p25
+ JGLOBAL_ATMOS_PRODUCTS[18]GRID=0p25
+ JGLOBAL_ATMOS_PRODUCTS[18]YMD=20211221
+ JGLOBAL_ATMOS_PRODUCTS[18]HH=00
+ JGLOBAL_ATMOS_PRODUCTS[18]declare_from_tmpl -rx COMOUT_ATMOS_GRIB_0p25:COM_ATMOS_GRIB_GRID_TMPL
+ bash_utils.sh[39][[ NO == \N\O ]]
+ bash_utils.sh[39]set +x
declare_from_tmpl :: COMOUT_ATMOS_GRIB_0p25=/work2/noaa/global/role-global/GFS_CI_CD/HERCULES/CI/3498/RUNTESTS/COMROOT/C96C48_hybatmDA_92fcac6c/gfs.20211221/00//products/atmos/grib2/0p25
+ JGLOBAL_ATMOS_PRODUCTS[19][[ ! -d /work2/noaa/global/role-global/GFS_CI_CD/HERCULES/CI/3498/RUNTESTS/COMROOT/C96C48_hybatmDA_92fcac6c/gfs.20211221/00//products/atmos/grib2/0p25 ]]
+ JGLOBAL_ATMOS_PRODUCTS[16]for grid in '0p25' '0p50' '1p00'
+ JGLOBAL_ATMOS_PRODUCTS[17]prod_dir=COMOUT_ATMOS_GRIB_0p50
+ JGLOBAL_ATMOS_PRODUCTS[18]GRID=0p50
+ JGLOBAL_ATMOS_PRODUCTS[18]YMD=20211221
+ JGLOBAL_ATMOS_PRODUCTS[18]HH=00
+ JGLOBAL_ATMOS_PRODUCTS[18]declare_from_tmpl -rx COMOUT_ATMOS_GRIB_0p50:COM_ATMOS_GRIB_GRID_TMPL
+ bash_utils.sh[39][[ NO == \N\O ]]
+ bash_utils.sh[39]set +x
declare_from_tmpl :: COMOUT_ATMOS_GRIB_0p50=/work2/noaa/global/role-global/GFS_CI_CD/HERCULES/CI/3498/RUNTESTS/COMROOT/C96C48_hybatmDA_92fcac6c/gfs.20211221/00//products/atmos/grib2/0p50
+ JGLOBAL_ATMOS_PRODUCTS[19][[ ! -d /work2/noaa/global/role-global/GFS_CI_CD/HERCULES/CI/3498/RUNTESTS/COMROOT/C96C48_hybatmDA_92fcac6c/gfs.20211221/00//products/atmos/grib2/0p50 ]]
+ JGLOBAL_ATMOS_PRODUCTS[16]for grid in '0p25' '0p50' '1p00'
+ JGLOBAL_ATMOS_PRODUCTS[17]prod_dir=COMOUT_ATMOS_GRIB_1p00
+ JGLOBAL_ATMOS_PRODUCTS[18]GRID=1p00
+ JGLOBAL_ATMOS_PRODUCTS[18]YMD=20211221
+ JGLOBAL_ATMOS_PRODUCTS[18]HH=00
+ JGLOBAL_ATMOS_PRODUCTS[18]declare_from_tmpl -rx COMOUT_ATMOS_GRIB_1p00:COM_ATMOS_GRIB_GRID_TMPL
+ bash_utils.sh[39][[ NO == \N\O ]]
+ bash_utils.sh[39]set +x
declare_from_tmpl :: COMOUT_ATMOS_GRIB_1p00=/work2/noaa/global/role-global/GFS_CI_CD/HERCULES/CI/3498/RUNTESTS/COMROOT/C96C48_hybatmDA_92fcac6c/gfs.20211221/00//products/atmos/grib2/1p00
+ JGLOBAL_ATMOS_PRODUCTS[19][[ ! -d /work2/noaa/global/role-global/GFS_CI_CD/HERCULES/CI/3498/RUNTESTS/COMROOT/C96C48_hybatmDA_92fcac6c/gfs.20211221/00//products/atmos/grib2/1p00 ]]
+ JGLOBAL_ATMOS_PRODUCTS[23]export PREFIX=gfs.t00z.
+ JGLOBAL_ATMOS_PRODUCTS[23]PREFIX=gfs.t00z.
+ JGLOBAL_ATMOS_PRODUCTS[27]/work2/noaa/global/role-global/GFS_CI_CD/HERCULES/CI/3498/global-workflow/scripts/exglobal_atmos_products.sh
+ bash[8]'[' -z '' ']'
+ bash[9]case "$-" in
+ bash[12]__lmod_vx=x
+ bash[16]'[' -n x ']'
+ bash[16]set +x
Shell debugging temporarily silenced: export LMOD_SH_DBG_ON=1 for this output (/apps/other/lmod/lmod/init/bash)
Shell debugging restarted
+ bash[224]unset __lmod_vx
+ exglobal_atmos_products.sh[4]export WGRIB2=wgrib2
+ exglobal_atmos_products.sh[4]WGRIB2=wgrib2
+ exglobal_atmos_products.sh[7]INTERP_ATMOS_MASTERSH=/work2/noaa/global/role-global/GFS_CI_CD/HERCULES/CI/3498/global-workflow/ush/interp_atmos_master.sh
+ exglobal_atmos_products.sh[8]INTERP_ATMOS_SFLUXSH=/work2/noaa/global/role-global/GFS_CI_CD/HERCULES/CI/3498/global-workflow/ush/interp_atmos_sflux.sh
+ exglobal_atmos_products.sh[11]downset=2
+ exglobal_atmos_products.sh[12]ntasks_atmos_products=8
+ exglobal_atmos_products.sh[15]WGNE=YES
+ exglobal_atmos_products.sh[16]FHMAX_WGNE=180
+ exglobal_atmos_products.sh[18]cd /work2/noaa/global/role-global/stmp/HERCULES/RUNDIRS/C96C48_hybatmDA_92fcac6c/gfs.2021122100/atmos_products_f024.129395
+ exglobal_atmos_products.sh[22][[ 24 -le 0 ]]
++ exglobal_atmos_products.sh[33]printf f%03d 24
+ exglobal_atmos_products.sh[33]fhr3=f024
+ exglobal_atmos_products.sh[34]((  FORECAST_HOUR%FHOUT_PGBS == 0  ))
+ exglobal_atmos_products.sh[35]PGBS=YES
+ exglobal_atmos_products.sh[43]MASTER_FILE=/work2/noaa/global/role-global/GFS_CI_CD/HERCULES/CI/3498/RUNTESTS/COMROOT/C96C48_hybatmDA_92fcac6c/gfs.20211221/00//model/atmos/master/gfs.t00z.master.grb2f024
+ exglobal_atmos_products.sh[48]wgrib2 /work2/noaa/global/role-global/GFS_CI_CD/HERCULES/CI/3498/RUNTESTS/COMROOT/C96C48_hybatmDA_92fcac6c/gfs.20211221/00//model/atmos/master/gfs.t00z.master.grb2f024
+ exglobal_atmos_products.sh[48]wgrib2 -i -grib tmpfile_f024 /work2/noaa/global/role-global/GFS_CI_CD/HERCULES/CI/3498/RUNTESTS/COMROOT/C96C48_hybatmDA_92fcac6c/gfs.20211221/00//model/atmos/master/gfs.t00z.master.grb2f024
+ exglobal_atmos_products.sh[48]grep -F -f /work2/noaa/global/role-global/GFS_CI_CD/HERCULES/CI/3498/global-workflow/parm/product/gfs.fFFF.paramlist.a.txt

*** FATAL ERROR: missing input file /work2/noaa/global/role-global/GFS_CI_CD/HERCULES/CI/3498/RUNTESTS/COMROOT/C96C48_hybatmDA_92fcac6c/gfs.20211221/00//model/atmos/master/gfs.t00z.master.grb2f024 ***


*** FATAL ERROR: missing input file /work2/noaa/global/role-global/GFS_CI_CD/HERCULES/CI/3498/RUNTESTS/COMROOT/C96C48_hybatmDA_92fcac6c/gfs.20211221/00//model/atmos/master/gfs.t00z.master.grb2f024 ***

+ exglobal_atmos_products.sh[49]export err=8
+ exglobal_atmos_products.sh[49]err=8
+ exglobal_atmos_products.sh[50][[ 8 -ne 0 ]]
+ exglobal_atmos_products.sh[51]err_exit 'wgrib2 failed to create intermediate grib2 file from /work2/noaa/global/role-global/GFS_CI_CD/HERCULES/CI/3498/RUNTESTS/COMROOT/C96C48_hybatmDA_92fcac6c/gfs.20211221/00//model/atmos/master/gfs.t00z.master.grb2f024 using /work2/noaa/global/role-global/GFS_CI_CD/HERCULES/CI/3498/global-workflow/parm/product/gfs.fFFF.paramlist.a.txt'
+ environment[0]set +eux

    -------------------------------------------------------------
    -- FATAL ERROR: wgrib2 failed to create intermediate grib2 file from /work2/noaa/global/role-global/GFS_CI_CD/HERCULES/CI/3498/RUNTESTS/COMROOT/C96C48_hybatmDA_92fcac6c/gfs.20211221/00//model/atmos/master/gfs.t00z.master.grb2f024 using /work2/noaa/global/role-global/GFS_CI_CD/HERCULES/CI/3498/global-workflow/parm/product/gfs.fFFF.paramlist.a.txt RETURN CODE 8
    -- ABNORMAL EXIT at Thu Jun 26 09:36:17 CDT 2025 on hercules-02-39
    -------------------------------------------------------------
    

Currently Loaded Modules:
  1) contrib/0.1                      43) ip/4.3.0
  2) intel-oneapi-compilers/2023.1.0  44) grib-util/1.3.0
  3) stack-intel/2021.9.0             45) g2tmpl/1.13.0
  4) intel-oneapi-mpi/2021.9.0        46) gsi-ncdiag/1.1.2
  5) stack-intel-oneapi-mpi/2021.9.0  47) crtm-fix/2.4.0.1_emc
  6) intel-oneapi-mkl/2023.1.0        48) git-lfs/3.1.2
  7) zlib/1.2.13                      49) crtm/2.4.0.1
  8) pigz/2.7                         50) openblas/0.3.24
  9) zstd/1.5.2                       51) py-setuptools/63.4.3
 10) tar/1.34                         52) py-numpy/1.23.4
 11) gettext/0.21.1                   53) bufr/11.7.0
 12) libxcrypt/4.4.35                 54) gmake/4.2.1
 13) sqlite/3.43.2                    55) wgrib2/2.0.8
 14) util-linux-uuid/2.38.1           56) py-f90nml/1.4.3
 15) python/3.11.6                    57) py-cftime/1.0.3.4
 16) libjpeg/2.1.0                    58) py-netcdf4/1.5.8
 17) jasper/2.0.32                    59) libyaml/0.2.5
 18) libpng/1.6.37                    60) py-pyyaml/6.0
 19) openjpeg/2.3.1                   61) py-markupsafe/2.1.3
 20) eccodes/2.32.0                   62) py-jinja2/3.1.2
 21) fftw/3.3.10                      63) py-bottleneck/1.3.7
 22) nghttp2/1.57.0                   64) py-numexpr/2.8.4
 23) curl/8.4.0                       65) py-et-xmlfile/1.0.1
 24) proj/9.2.1                       66) py-openpyxl/3.1.2
 25) udunits/2.2.28                   67) py-pytz/2023.3
 26) cdo/2.2.0                        68) py-pyxlsb/1.0.10
 27) hdf5/1.14.0                      69) py-xlrd/2.0.1
 28) snappy/1.1.10                    70) py-xlsxwriter/3.1.7
 29) c-blosc/1.21.5                   71) py-xlwt/1.3.0
 30) netcdf-c/4.9.2                   72) py-pandas/1.5.3
 31) netcdf-fortran/4.6.1             73) py-six/1.16.0
 32) parallel-netcdf/1.12.2           74) py-python-dateutil/2.8.2
 33) parallelio/2.5.10                75) g2c/1.8.0
 34) esmf/8.6.0                       76) netcdf-cxx4/4.3.1
 35) antlr/2.7.7                      77) met/9.1.3
 36) gsl/2.7.1                        78) metplus/3.1.1
 37) nco/5.0.6                        79) py-packaging/23.1
 38) bacio/2.4.1                      80) py-xarray/2023.7.0
 39) w3emc/2.10.0                     81) prepobs/1.1.0
 40) prod_util/2.1.1                  82) fit2obs/1.1.7.1
 41) g2/3.4.5                         83) globus-cli/3.35.2
 42) sp/2.5.0                         84) module_base.hercules

 


wgrib2 failed to create intermediate grib2 file from /work2/noaa/global/role-global/GFS_CI_CD/HERCULES/CI/3498/RUNTESTS/COMROOT/C96C48_hybatmDA_92fcac6c/gfs.20211221/00//model/atmos/master/gfs.t00z.master.grb2f024 using /work2/noaa/global/role-global/GFS_CI_CD/HERCULES/CI/3498/global-workflow/parm/product/gfs.fFFF.paramlist.a.txt RETURN CODE 8
/work2/noaa/global/role-global/stmp/HERCULES/RUNDIRS/C96C48_hybatmDA_92fcac6c/gfs.2021122100/atmos_products_f024.129395
total 0
-rw-r----- 1 role-global noaa-hpc 0 Jun 26 09:36 ncepdate
-rw-r----- 1 role-global noaa-hpc 0 Jun 26 09:36 tmpfile_f024
cat: OUTPUT.129853: No such file or directory
slurmstepd: error: *** JOB 5690450 ON hercules-02-39 CANCELLED AT 2025-06-26T09:36:18 ***
