+ source /work2/noaa/global/role-global/GFS_CI_CD/ORION/CI/3645/global-workflow/ush/load_ufswm_modules.sh
++ [[ NO == \N\O ]]
++ echo 'Loading modules quietly...'
Loading modules quietly...
++ set +x

Currently Loaded Modules:
  1) intel-oneapi-compilers/2023.1.0  25) g2/3.5.1
  2) stack-intel/2021.9.0             26) g2tmpl/1.13.0
  3) intel-oneapi-mpi/2021.9.0        27) ip/4.3.0
  4) stack-intel-oneapi-mpi/2021.9.0  28) sp/2.5.0
  5) nghttp2/1.57.0                   29) w3emc/2.10.0
  6) curl/8.4.0                       30) gftl/1.10.0
  7) cmake/3.23.1                     31) gftl-shared/1.6.1
  8) libjpeg/2.1.0                    32) fargparse/1.5.0
  9) jasper/2.0.32                    33) pigz/2.7
 10) zlib/1.2.13                      34) tar/1.34
 11) libpng/1.6.37                    35) gettext/0.21.1
 12) snappy/1.1.10                    36) libxcrypt/4.4.35
 13) zstd/1.5.2                       37) sqlite/3.43.2
 14) c-blosc/1.21.5                   38) util-linux-uuid/2.38.1
 15) netcdf-c/4.9.2                   39) python/3.10.13
 16) netcdf-fortran/4.6.1             40) mapl/2.40.3-esmf-8.6.0
 17) parallel-netcdf/1.12.2           41) scotch/7.0.4
 18) parallelio/2.5.10                42) ufs_common
 19) esmf/8.6.0                       43) hdf5/1.14.0
 20) fms/2024.01.02                   44) nccmp/1.9.0.1
 21) bacio/2.4.1                      45) ufs_orion.intel
 22) crtm-fix/2.4.0.1_emc             46) prod_util/2.1.1
 23) git-lfs/3.1.2                    47) wgrib2/3.1.1
 24) crtm/2.4.0.1

 

Begin /work2/noaa/global/role-global/GFS_CI_CD/ORION/CI/3645/global-workflow/jobs/JGLOBAL_WAVE_INIT at Wed Jun  4 17:56:07 UTC 2025
++ jjob_header.sh[46]OPTIND=1
++ jjob_header.sh[47]getopts c:e: option
++ jjob_header.sh[48]case "${option}" in
++ jjob_header.sh[50]env_job=waveinit
++ jjob_header.sh[47]getopts c:e: option
++ jjob_header.sh[48]case "${option}" in
++ jjob_header.sh[49]read -ra configs
++ jjob_header.sh[47]getopts c:e: option
++ jjob_header.sh[61]shift 4
++ jjob_header.sh[63][[ -z waveinit ]]
++ jjob_header.sh[71]export DATA=/work2/noaa/stmp/role-global/ORION/RUNDIRS/C96C48mx500_S2SW_cyc_gfs_5f8999c6/gdas.2021122012/waveinit.63991
++ jjob_header.sh[71]DATA=/work2/noaa/stmp/role-global/ORION/RUNDIRS/C96C48mx500_S2SW_cyc_gfs_5f8999c6/gdas.2021122012/waveinit.63991
++ jjob_header.sh[72][[ YES == \Y\E\S ]]
++ jjob_header.sh[73]rm -rf /work2/noaa/stmp/role-global/ORION/RUNDIRS/C96C48mx500_S2SW_cyc_gfs_5f8999c6/gdas.2021122012/waveinit.63991
++ jjob_header.sh[75]mkdir -p /work2/noaa/stmp/role-global/ORION/RUNDIRS/C96C48mx500_S2SW_cyc_gfs_5f8999c6/gdas.2021122012/waveinit.63991
++ jjob_header.sh[76]cd /work2/noaa/stmp/role-global/ORION/RUNDIRS/C96C48mx500_S2SW_cyc_gfs_5f8999c6/gdas.2021122012/waveinit.63991
++ jjob_header.sh[85]export pid=64674
++ jjob_header.sh[85]pid=64674
++ jjob_header.sh[86]export pgmout=OUTPUT.64674
++ jjob_header.sh[86]pgmout=OUTPUT.64674
++ jjob_header.sh[87]export pgmerr=errfile
++ jjob_header.sh[87]pgmerr=errfile
++ jjob_header.sh[90]export pgm=
++ jjob_header.sh[90]pgm=
++ jjob_header.sh[96]export cycle=t12z
++ jjob_header.sh[96]cycle=t12z
++ jjob_header.sh[97]setpdy.sh
+ setpdy.sh[20]'[' /work2/noaa/stmp/role-global/ORION/RUNDIRS/C96C48mx500_S2SW_cyc_gfs_5f8999c6/gdas.2021122012/waveinit.63991 == /home/role-global ']'
+ setpdy.sh[25][[ ! t12z =~ t??z ]]
+ setpdy.sh[30]case $# in
+ setpdy.sh[31]dates_before_PDY=7
+ setpdy.sh[32]dates_after_PDY=7
+ setpdy.sh[50]COMDATEROOT=/work2/noaa/global/role-global/GFS_CI_CD/ORION/CI/3645/RUNTESTS/COMROOT
+ setpdy.sh[53]'[' -z 20211220 ']'
+ setpdy.sh[57]sed 's/[0-9]\{8\}/20211220/' /work2/noaa/global/role-global/GFS_CI_CD/ORION/CI/3645/RUNTESTS/COMROOT/date/t12z
sed: can't read /work2/noaa/global/role-global/GFS_CI_CD/ORION/CI/3645/RUNTESTS/COMROOT/date/t12z: No such file or directory
++ jjob_header.sh[97]true
++ jjob_header.sh[98]source ./PDY
/work2/noaa/global/role-global/GFS_CI_CD/ORION/CI/3645/global-workflow/ush/jjob_header.sh: line 98: ./PDY: No such file or directory
++ jjob_header.sh[98]true
++ jjob_header.sh[104]export EXPDIR=/work2/noaa/global/role-global/GFS_CI_CD/ORION/CI/3645/RUNTESTS/EXPDIR/C96C48mx500_S2SW_cyc_gfs_5f8999c6
++ jjob_header.sh[104]EXPDIR=/work2/noaa/global/role-global/GFS_CI_CD/ORION/CI/3645/RUNTESTS/EXPDIR/C96C48mx500_S2SW_cyc_gfs_5f8999c6
++ jjob_header.sh[105]for config in "${configs[@]:-''}"
++ jjob_header.sh[106]source /work2/noaa/global/role-global/GFS_CI_CD/ORION/CI/3645/RUNTESTS/EXPDIR/C96C48mx500_S2SW_cyc_gfs_5f8999c6/config.base
+++ config.base[6]echo 'BEGIN: config.base'
BEGIN: config.base
+++ config.base[9]export machine=ORION
+++ config.base[9]machine=ORION
+++ config.base[12]export RUN_ENVIR=emc
+++ config.base[12]RUN_ENVIR=emc
+++ config.base[15]export ACCOUNT=fv3-cpu
+++ config.base[15]ACCOUNT=fv3-cpu
+++ config.base[16]export QUEUE=batch
+++ config.base[16]QUEUE=batch
+++ config.base[17]export QUEUE_SERVICE=batch
+++ config.base[17]QUEUE_SERVICE=batch
+++ config.base[18]export QUEUE_DTN=batch
+++ config.base[18]QUEUE_DTN=batch
+++ config.base[19]export PARTITION_BATCH=orion
+++ config.base[19]PARTITION_BATCH=orion
+++ config.base[20]export PARTITION_SERVICE=service
+++ config.base[20]PARTITION_SERVICE=service
+++ config.base[21]export PARTITION_DTN=
+++ config.base[21]PARTITION_DTN=
+++ config.base[22]export RESERVATION=
+++ config.base[22]RESERVATION=
+++ config.base[23]export CLUSTERS=
+++ config.base[23]CLUSTERS=
+++ config.base[24]export CLUSTERS_SERVICE=
+++ config.base[24]CLUSTERS_SERVICE=
+++ config.base[25]export CLUSTERS_DTN=
+++ config.base[25]CLUSTERS_DTN=
+++ config.base[28]export HPSS_PROJECT=emc-global
+++ config.base[28]HPSS_PROJECT=emc-global
+++ config.base[31]export HOMEgfs=/work2/noaa/global/role-global/GFS_CI_CD/ORION/CI/3645/global-workflow
+++ config.base[31]HOMEgfs=/work2/noaa/global/role-global/GFS_CI_CD/ORION/CI/3645/global-workflow
+++ config.base[32]export EXECgfs=/work2/noaa/global/role-global/GFS_CI_CD/ORION/CI/3645/global-workflow/exec
+++ config.base[32]EXECgfs=/work2/noaa/global/role-global/GFS_CI_CD/ORION/CI/3645/global-workflow/exec
+++ config.base[33]export FIXgfs=/work2/noaa/global/role-global/GFS_CI_CD/ORION/CI/3645/global-workflow/fix
+++ config.base[33]FIXgfs=/work2/noaa/global/role-global/GFS_CI_CD/ORION/CI/3645/global-workflow/fix
+++ config.base[34]export PARMgfs=/work2/noaa/global/role-global/GFS_CI_CD/ORION/CI/3645/global-workflow/parm
+++ config.base[34]PARMgfs=/work2/noaa/global/role-global/GFS_CI_CD/ORION/CI/3645/global-workflow/parm
+++ config.base[35]export SCRgfs=/work2/noaa/global/role-global/GFS_CI_CD/ORION/CI/3645/global-workflow/scripts
+++ config.base[35]SCRgfs=/work2/noaa/global/role-global/GFS_CI_CD/ORION/CI/3645/global-workflow/scripts
+++ config.base[36]export USHgfs=/work2/noaa/global/role-global/GFS_CI_CD/ORION/CI/3645/global-workflow/ush
+++ config.base[36]USHgfs=/work2/noaa/global/role-global/GFS_CI_CD/ORION/CI/3645/global-workflow/ush
+++ config.base[38]export FIXam=/work2/noaa/global/role-global/GFS_CI_CD/ORION/CI/3645/global-workflow/fix/am
+++ config.base[38]FIXam=/work2/noaa/global/role-global/GFS_CI_CD/ORION/CI/3645/global-workflow/fix/am
+++ config.base[39]export FIXaer=/work2/noaa/global/role-global/GFS_CI_CD/ORION/CI/3645/global-workflow/fix/aer
+++ config.base[39]FIXaer=/work2/noaa/global/role-global/GFS_CI_CD/ORION/CI/3645/global-workflow/fix/aer
+++ config.base[40]export FIXcpl=/work2/noaa/global/role-global/GFS_CI_CD/ORION/CI/3645/global-workflow/fix/cpl
+++ config.base[40]FIXcpl=/work2/noaa/global/role-global/GFS_CI_CD/ORION/CI/3645/global-workflow/fix/cpl
+++ config.base[41]export FIXlut=/work2/noaa/global/role-global/GFS_CI_CD/ORION/CI/3645/global-workflow/fix/lut
+++ config.base[41]FIXlut=/work2/noaa/global/role-global/GFS_CI_CD/ORION/CI/3645/global-workflow/fix/lut
+++ config.base[42]export FIXcice=/work2/noaa/global/role-global/GFS_CI_CD/ORION/CI/3645/global-workflow/fix/cice
+++ config.base[42]FIXcice=/work2/noaa/global/role-global/GFS_CI_CD/ORION/CI/3645/global-workflow/fix/cice
+++ config.base[43]export FIXmom=/work2/noaa/global/role-global/GFS_CI_CD/ORION/CI/3645/global-workflow/fix/mom6
+++ config.base[43]FIXmom=/work2/noaa/global/role-global/GFS_CI_CD/ORION/CI/3645/global-workflow/fix/mom6
+++ config.base[44]export FIXreg2grb2=/work2/noaa/global/role-global/GFS_CI_CD/ORION/CI/3645/global-workflow/fix/reg2grb2
+++ config.base[44]FIXreg2grb2=/work2/noaa/global/role-global/GFS_CI_CD/ORION/CI/3645/global-workflow/fix/reg2grb2
+++ config.base[45]export FIXgdas=/work2/noaa/global/role-global/GFS_CI_CD/ORION/CI/3645/global-workflow/fix/gdas
+++ config.base[45]FIXgdas=/work2/noaa/global/role-global/GFS_CI_CD/ORION/CI/3645/global-workflow/fix/gdas
+++ config.base[50]export PACKAGEROOT=/work2/noaa/global/role-global/nwpara
+++ config.base[50]PACKAGEROOT=/work2/noaa/global/role-global/nwpara
+++ config.base[51]export COMROOT=/work2/noaa/global/role-global/GFS_CI_CD/ORION/CI/3645/RUNTESTS/COMROOT
+++ config.base[51]COMROOT=/work2/noaa/global/role-global/GFS_CI_CD/ORION/CI/3645/RUNTESTS/COMROOT
+++ config.base[52]export COMINsyn=/work2/noaa/global/role-global/com/gfs/prod/syndat
+++ config.base[52]COMINsyn=/work2/noaa/global/role-global/com/gfs/prod/syndat
+++ config.base[53]export DMPDIR=/work/noaa/rstprod/dump
+++ config.base[53]DMPDIR=/work/noaa/rstprod/dump
+++ config.base[57]export COMINecmwf=/work2/noaa/global/role-global/data/external_gempak/ecmwf
+++ config.base[57]COMINecmwf=/work2/noaa/global/role-global/data/external_gempak/ecmwf
+++ config.base[58]export COMINnam=/work2/noaa/global/role-global/data/external_gempak/nam
+++ config.base[58]COMINnam=/work2/noaa/global/role-global/data/external_gempak/nam
+++ config.base[59]export COMINukmet=/work2/noaa/global/role-global/data/external_gempak/ukmet
+++ config.base[59]COMINukmet=/work2/noaa/global/role-global/data/external_gempak/ukmet
+++ config.base[62]export HOMEDIR=/work2/noaa/global/role-global
+++ config.base[62]HOMEDIR=/work2/noaa/global/role-global
+++ config.base[63]export STMP=/work2/noaa/stmp/role-global/ORION
+++ config.base[63]STMP=/work2/noaa/stmp/role-global/ORION
+++ config.base[64]export PTMP=/work2/noaa/stmp/role-global/ORION
+++ config.base[64]PTMP=/work2/noaa/stmp/role-global/ORION
+++ config.base[65]export NOSCRUB=/work2/noaa/global/role-global
+++ config.base[65]NOSCRUB=/work2/noaa/global/role-global
+++ config.base[68]export BASE_GIT=/work2/noaa/global/role-global/git
+++ config.base[68]BASE_GIT=/work2/noaa/global/role-global/git
+++ config.base[71]export BASE_DATA=/work2/noaa/global/role-global/data
+++ config.base[71]BASE_DATA=/work2/noaa/global/role-global/data
+++ config.base[74]export DO_PREP_SFC=NO
+++ config.base[74]DO_PREP_SFC=NO
+++ config.base[77]export DO_GOES=NO
+++ config.base[77]DO_GOES=NO
+++ config.base[78]export DO_BUFRSND=NO
+++ config.base[78]DO_BUFRSND=NO
+++ config.base[79]export DO_GEMPAK=NO
+++ config.base[79]DO_GEMPAK=NO
+++ config.base[80]export DO_AWIPS=NO
+++ config.base[80]DO_AWIPS=NO
+++ config.base[81]export DO_NPOESS=NO
+++ config.base[81]DO_NPOESS=NO
+++ config.base[82]export DO_TRACKER=YES
+++ config.base[82]DO_TRACKER=YES
+++ config.base[83]export DO_GENESIS=YES
+++ config.base[83]DO_GENESIS=YES
+++ config.base[84]export DO_GENESIS_FSU=NO
+++ config.base[84]DO_GENESIS_FSU=NO
+++ config.base[85]export DO_VERFOZN=YES
+++ config.base[85]DO_VERFOZN=YES
+++ config.base[86]export DO_VERFRAD=YES
+++ config.base[86]DO_VERFRAD=YES
+++ config.base[87]export DO_VMINMON=YES
+++ config.base[87]DO_VMINMON=YES
+++ config.base[88]export DO_ANLSTAT=NO
+++ config.base[88]DO_ANLSTAT=NO
+++ config.base[91]export MODE=cycled
+++ config.base[91]MODE=cycled
+++ config.base[92]export DO_TEST_MODE=NO
+++ config.base[92]DO_TEST_MODE=NO
+++ config.base[101]export FIXgsi=/work2/noaa/global/role-global/GFS_CI_CD/ORION/CI/3645/global-workflow/fix/gsi
+++ config.base[101]FIXgsi=/work2/noaa/global/role-global/GFS_CI_CD/ORION/CI/3645/global-workflow/fix/gsi
+++ config.base[102]export HOMEpost=/work2/noaa/global/role-global/GFS_CI_CD/ORION/CI/3645/global-workflow
+++ config.base[102]HOMEpost=/work2/noaa/global/role-global/GFS_CI_CD/ORION/CI/3645/global-workflow
+++ config.base[103]export HOMEobsproc=/work2/noaa/global/role-global/git/obsproc/v
+++ config.base[103]HOMEobsproc=/work2/noaa/global/role-global/git/obsproc/v
+++ config.base[106]export NMV=/bin/mv
+++ config.base[106]NMV=/bin/mv
+++ config.base[107]export 'NLN=/bin/ln -sf'
+++ config.base[107]NLN='/bin/ln -sf'
+++ config.base[108]export VERBOSE=YES
+++ config.base[108]VERBOSE=YES
+++ config.base[109]export KEEPDATA=NO
+++ config.base[109]KEEPDATA=NO
+++ config.base[110]export DEBUG_POSTSCRIPT=NO
+++ config.base[110]DEBUG_POSTSCRIPT=NO
+++ config.base[111]export CHGRP_RSTPROD=YES
+++ config.base[111]CHGRP_RSTPROD=YES
+++ config.base[112]export 'CHGRP_CMD=chgrp rstprod'
+++ config.base[112]CHGRP_CMD='chgrp rstprod'
+++ config.base[113]export NCDUMP=/work/noaa/epic/role-epic/spack-stack/orion/spack-stack-1.6.0/envs/unified-env-rocky9/install/intel/2021.9.0/netcdf-c-4.9.2-oup2wyi/bin/ncdump
+++ config.base[113]NCDUMP=/work/noaa/epic/role-epic/spack-stack/orion/spack-stack-1.6.0/envs/unified-env-rocky9/install/intel/2021.9.0/netcdf-c-4.9.2-oup2wyi/bin/ncdump
+++ config.base[114]export NCLEN=/work2/noaa/global/role-global/GFS_CI_CD/ORION/CI/3645/global-workflow/ush/getncdimlen
+++ config.base[114]NCLEN=/work2/noaa/global/role-global/GFS_CI_CD/ORION/CI/3645/global-workflow/ush/getncdimlen
+++ config.base[117]export BASE_ENV=/work2/noaa/global/role-global/GFS_CI_CD/ORION/CI/3645/global-workflow/env
+++ config.base[117]BASE_ENV=/work2/noaa/global/role-global/GFS_CI_CD/ORION/CI/3645/global-workflow/env
+++ config.base[120]export SDATE=2021122012
+++ config.base[120]SDATE=2021122012
+++ config.base[121]export EDATE=2021122100
+++ config.base[121]EDATE=2021122100
+++ config.base[122]export EXP_WARM_START=.false.
+++ config.base[122]EXP_WARM_START=.false.
+++ config.base[123]export assim_freq=6
+++ config.base[123]assim_freq=6
+++ config.base[124]export PSLOT=C96C48mx500_S2SW_cyc_gfs_5f8999c6
+++ config.base[124]PSLOT=C96C48mx500_S2SW_cyc_gfs_5f8999c6
+++ config.base[125]export EXPDIR=/work2/noaa/global/role-global/GFS_CI_CD/ORION/CI/3645/RUNTESTS/EXPDIR/C96C48mx500_S2SW_cyc_gfs_5f8999c6
+++ config.base[125]EXPDIR=/work2/noaa/global/role-global/GFS_CI_CD/ORION/CI/3645/RUNTESTS/EXPDIR/C96C48mx500_S2SW_cyc_gfs_5f8999c6
+++ config.base[126]export ROTDIR=/work2/noaa/global/role-global/GFS_CI_CD/ORION/CI/3645/RUNTESTS/COMROOT/C96C48mx500_S2SW_cyc_gfs_5f8999c6
+++ config.base[126]ROTDIR=/work2/noaa/global/role-global/GFS_CI_CD/ORION/CI/3645/RUNTESTS/COMROOT/C96C48mx500_S2SW_cyc_gfs_5f8999c6
+++ config.base[127]export DUMP_SUFFIX=
+++ config.base[127]DUMP_SUFFIX=
+++ config.base[128][[ 2021122012 -ge 2019092100 ]]
+++ config.base[128][[ 2021122012 -le 2019110700 ]]
+++ config.base[131]export ARCDIR=/work2/noaa/global/role-global/archive/C96C48mx500_S2SW_cyc_gfs_5f8999c6
+++ config.base[131]ARCDIR=/work2/noaa/global/role-global/archive/C96C48mx500_S2SW_cyc_gfs_5f8999c6
+++ config.base[132]export ATARDIR=/NCEPDEV/emc-global/1year/role-global/ORION/scratch/C96C48mx500_S2SW_cyc_gfs_5f8999c6
+++ config.base[132]ATARDIR=/NCEPDEV/emc-global/1year/role-global/ORION/scratch/C96C48mx500_S2SW_cyc_gfs_5f8999c6
+++ config.base[133]export 'FETCHDIR={{ FETCHDIR }}'
+++ config.base[133]FETCHDIR='{{ FETCHDIR }}'
+++ config.base[136]export envir=prod
+++ config.base[136]envir=prod
+++ config.base[137]export NET=gfs
+++ config.base[137]NET=gfs
+++ config.base[138]export RUN=gdas
+++ config.base[138]RUN=gdas
+++ config.base[141]source /work2/noaa/global/role-global/GFS_CI_CD/ORION/CI/3645/RUNTESTS/EXPDIR/C96C48mx500_S2SW_cyc_gfs_5f8999c6/config.com
++++ config.com[4]echo 'BEGIN: config.com'
BEGIN: config.com
++++ config.com[38][[ emc == \n\c\o ]]
++++ config.com[43]COM_OBSPROC_TMPL='${DMPDIR}/${RUN}${DUMP_SUFFIX}.${YMD}/${HH}/atmos'
++++ config.com[44]COM_RTOFS_TMPL='${DMPDIR}'
++++ config.com[45]COM_TCVITAL_TMPL='${DMPDIR}/${RUN}.${YMD}/${HH}/atmos'
++++ config.com[47]declare -rx 'COM_OBS_TMPL=${ROTDIR}/${RUN}.${YMD}/${HH}/obs'
++++ config.com[48]declare -rx COM_OBSPROC_TMPL COM_RTOFS_TMPL
++++ config.com[50]COM_BASE='${ROTDIR}/${RUN}.${YMD}/${HH}/${MEMDIR}'
++++ config.com[52]declare -rx 'COM_TOP_TMPL=${ROTDIR}/${RUN}.${YMD}/${HH}'
++++ config.com[54]declare -rx 'COM_CONF_TMPL=${ROTDIR}/${RUN}.${YMD}/${HH}/${MEMDIR}/conf'
++++ config.com[55]declare -rx 'COM_OBS_JEDI=${ROTDIR}/${RUN}.${YMD}/${HH}/${MEMDIR}/obs_jedi'
++++ config.com[57]declare -rx 'COM_ATMOS_INPUT_TMPL=${ROTDIR}/${RUN}.${YMD}/${HH}/${MEMDIR}/model/atmos/input'
++++ config.com[58]declare -rx 'COM_ATMOS_RESTART_TMPL=${ROTDIR}/${RUN}.${YMD}/${HH}/${MEMDIR}/model/atmos/restart'
++++ config.com[59]declare -rx 'COM_ATMOS_ANALYSIS_TMPL=${ROTDIR}/${RUN}.${YMD}/${HH}/${MEMDIR}/analysis/atmos'
++++ config.com[60]declare -rx 'COM_SNOW_ANALYSIS_TMPL=${ROTDIR}/${RUN}.${YMD}/${HH}/${MEMDIR}/analysis/snow'
++++ config.com[61]declare -rx 'COM_SNOW_ANLMON_TMPL=${ROTDIR}/${RUN}.${YMD}/${HH}/${MEMDIR}/products/snow/anlmon'
++++ config.com[62]declare -rx 'COM_ATMOS_HISTORY_TMPL=${ROTDIR}/${RUN}.${YMD}/${HH}/${MEMDIR}/model/atmos/history'
++++ config.com[63]declare -rx 'COM_ATMOS_MASTER_TMPL=${ROTDIR}/${RUN}.${YMD}/${HH}/${MEMDIR}/model/atmos/master'
++++ config.com[64]declare -rx 'COM_ATMOS_GRIB_TMPL=${ROTDIR}/${RUN}.${YMD}/${HH}/${MEMDIR}/products/atmos/grib2'
++++ config.com[65]declare -rx 'COM_ATMOS_GRIB_GRID_TMPL=${ROTDIR}/${RUN}.${YMD}/${HH}/${MEMDIR}/products/atmos/grib2/${GRID}'
++++ config.com[66]declare -rx 'COM_ATMOS_BUFR_TMPL=${ROTDIR}/${RUN}.${YMD}/${HH}/${MEMDIR}/products/atmos/bufr'
++++ config.com[67]declare -rx 'COM_ATMOS_GEMPAK_TMPL=${ROTDIR}/${RUN}.${YMD}/${HH}/${MEMDIR}/products/atmos/gempak/${GRID}'
++++ config.com[68]declare -rx 'COM_ATMOS_GENESIS_TMPL=${ROTDIR}/${RUN}.${YMD}/${HH}/${MEMDIR}/products/atmos/cyclone/genesis_vital'
++++ config.com[69]declare -rx 'COM_ATMOS_TRACK_TMPL=${ROTDIR}/${RUN}.${YMD}/${HH}/${MEMDIR}/products/atmos/cyclone/tracks'
++++ config.com[70]declare -rx 'COM_ATMOS_GOES_TMPL=${ROTDIR}/${RUN}.${YMD}/${HH}/${MEMDIR}/products/atmos/goes_sim'
++++ config.com[71]declare -rx 'COM_ATMOS_IMAGERY_TMPL=${ROTDIR}/${RUN}.${YMD}/${HH}/${MEMDIR}/products/atmos/imagery'
++++ config.com[72]declare -rx 'COM_ATMOS_OZNMON_TMPL=${ROTDIR}/${RUN}.${YMD}/${HH}/${MEMDIR}/products/atmos/oznmon'
++++ config.com[73]declare -rx 'COM_ATMOS_RADMON_TMPL=${ROTDIR}/${RUN}.${YMD}/${HH}/${MEMDIR}/products/atmos/radmon'
++++ config.com[74]declare -rx 'COM_ATMOS_MINMON_TMPL=${ROTDIR}/${RUN}.${YMD}/${HH}/${MEMDIR}/products/atmos/minmon'
++++ config.com[75]declare -rx 'COM_ATMOS_ANLMON_TMPL=${ROTDIR}/${RUN}.${YMD}/${HH}/${MEMDIR}/products/atmos/anlmon'
++++ config.com[76]declare -rx 'COM_ATMOS_WMO_TMPL=${ROTDIR}/${RUN}.${YMD}/${HH}/${MEMDIR}/products/atmos/wmo'
++++ config.com[78]declare -rx 'COM_WAVE_RESTART_TMPL=${ROTDIR}/${RUN}.${YMD}/${HH}/${MEMDIR}/model/wave/restart'
++++ config.com[79]declare -rx 'COM_WAVE_PREP_TMPL=${ROTDIR}/${RUN}.${YMD}/${HH}/${MEMDIR}/model/wave/prep'
++++ config.com[80]declare -rx 'COM_WAVE_HISTORY_TMPL=${ROTDIR}/${RUN}.${YMD}/${HH}/${MEMDIR}/model/wave/history'
++++ config.com[81]declare -rx 'COM_WAVE_GRID_TMPL=${ROTDIR}/${RUN}.${YMD}/${HH}/${MEMDIR}/products/wave/gridded'
++++ config.com[82]declare -rx 'COM_WAVE_GRID_RES_TMPL=${ROTDIR}/${RUN}.${YMD}/${HH}/${MEMDIR}/products/wave/gridded/${GRDRESNAME}'
++++ config.com[83]declare -rx 'COM_WAVE_STATION_TMPL=${ROTDIR}/${RUN}.${YMD}/${HH}/${MEMDIR}/products/wave/station'
++++ config.com[84]declare -rx 'COM_WAVE_GEMPAK_TMPL=${ROTDIR}/${RUN}.${YMD}/${HH}/${MEMDIR}/products/wave/gempak'
++++ config.com[85]declare -rx 'COM_WAVE_WMO_TMPL=${ROTDIR}/${RUN}.${YMD}/${HH}/${MEMDIR}/products/wave/wmo'
++++ config.com[87]declare -rx 'COM_OCEAN_HISTORY_TMPL=${ROTDIR}/${RUN}.${YMD}/${HH}/${MEMDIR}/model/ocean/history'
++++ config.com[88]declare -rx 'COM_OCEAN_RESTART_TMPL=${ROTDIR}/${RUN}.${YMD}/${HH}/${MEMDIR}/model/ocean/restart'
++++ config.com[89]declare -rx 'COM_OCEAN_INPUT_TMPL=${ROTDIR}/${RUN}.${YMD}/${HH}/${MEMDIR}/model/ocean/input'
++++ config.com[90]declare -rx 'COM_OCEAN_ANALYSIS_TMPL=${ROTDIR}/${RUN}.${YMD}/${HH}/${MEMDIR}/analysis/ocean'
++++ config.com[91]declare -rx 'COM_OCEAN_ANLMON_TMPL=${ROTDIR}/${RUN}.${YMD}/${HH}/${MEMDIR}/products/ocean/anlmon'
++++ config.com[92]declare -rx 'COM_OCEAN_LETKF_TMPL=${ROTDIR}/${RUN}.${YMD}/${HH}/${MEMDIR}/analysis/ocean/letkf'
++++ config.com[93]declare -rx 'COM_OCEAN_BMATRIX_TMPL=${ROTDIR}/${RUN}.${YMD}/${HH}/${MEMDIR}/bmatrix/ocean'
++++ config.com[94]declare -rx 'COM_OCEAN_NETCDF_TMPL=${ROTDIR}/${RUN}.${YMD}/${HH}/${MEMDIR}/products/ocean/netcdf'
++++ config.com[95]declare -rx 'COM_OCEAN_GRIB_TMPL=${ROTDIR}/${RUN}.${YMD}/${HH}/${MEMDIR}/products/ocean/grib2'
++++ config.com[96]declare -rx 'COM_OCEAN_GRIB_GRID_TMPL=${ROTDIR}/${RUN}.${YMD}/${HH}/${MEMDIR}/products/ocean/grib2/${GRID}'
++++ config.com[98]declare -rx 'COM_ICE_ANALYSIS_TMPL=${ROTDIR}/${RUN}.${YMD}/${HH}/${MEMDIR}/analysis/ice'
++++ config.com[99]declare -rx 'COM_ICE_LETKF_TMPL=${ROTDIR}/${RUN}.${YMD}/${HH}/${MEMDIR}/analysis/ice/letkf'
++++ config.com[100]declare -rx 'COM_ICE_ANLMON_TMPL=${ROTDIR}/${RUN}.${YMD}/${HH}/${MEMDIR}/products/ice/anlmon'
++++ config.com[101]declare -rx 'COM_ICE_BMATRIX_TMPL=${ROTDIR}/${RUN}.${YMD}/${HH}/${MEMDIR}/bmatrix/ice'
++++ config.com[102]declare -rx 'COM_ICE_INPUT_TMPL=${ROTDIR}/${RUN}.${YMD}/${HH}/${MEMDIR}/model/ice/input'
++++ config.com[103]declare -rx 'COM_ICE_HISTORY_TMPL=${ROTDIR}/${RUN}.${YMD}/${HH}/${MEMDIR}/model/ice/history'
++++ config.com[104]declare -rx 'COM_ICE_RESTART_TMPL=${ROTDIR}/${RUN}.${YMD}/${HH}/${MEMDIR}/model/ice/restart'
++++ config.com[105]declare -rx 'COM_ICE_NETCDF_TMPL=${ROTDIR}/${RUN}.${YMD}/${HH}/${MEMDIR}/products/ice/netcdf'
++++ config.com[106]declare -rx 'COM_ICE_GRIB_TMPL=${ROTDIR}/${RUN}.${YMD}/${HH}/${MEMDIR}/products/ice/grib2'
++++ config.com[107]declare -rx 'COM_ICE_GRIB_GRID_TMPL=${ROTDIR}/${RUN}.${YMD}/${HH}/${MEMDIR}/products/ice/grib2/${GRID}'
++++ config.com[109]declare -rx 'COM_CHEM_HISTORY_TMPL=${ROTDIR}/${RUN}.${YMD}/${HH}/${MEMDIR}/model/chem/history'
++++ config.com[110]declare -rx 'COM_CHEM_ANALYSIS_TMPL=${ROTDIR}/${RUN}.${YMD}/${HH}/${MEMDIR}/analysis/chem'
++++ config.com[111]declare -rx 'COM_CHEM_BMAT_TMPL=${ROTDIR}/${RUN}.${YMD}/${HH}/${MEMDIR}/analysis/chem/bmatrix'
++++ config.com[112]declare -rx 'COM_CHEM_ANLMON_TMPL=${ROTDIR}/${RUN}.${YMD}/${HH}/${MEMDIR}/products/chem/anlmon'
++++ config.com[114]declare -rx 'COM_MED_RESTART_TMPL=${ROTDIR}/${RUN}.${YMD}/${HH}/${MEMDIR}/model/med/restart'
+++ config.base[143]export LOGSCRIPT=
+++ config.base[143]LOGSCRIPT=
+++ config.base[145]export 'REDOUT=1>'
+++ config.base[145]REDOUT='1>'
+++ config.base[146]export 'REDERR=2>'
+++ config.base[146]REDERR='2>'
+++ config.base[148]export SENDECF=NO
+++ config.base[148]SENDECF=NO
+++ config.base[149]export SENDSDM=NO
+++ config.base[149]SENDSDM=NO
+++ config.base[150]export SENDDBN_NTC=NO
+++ config.base[150]SENDDBN_NTC=NO
+++ config.base[151]export SENDDBN=NO
+++ config.base[151]SENDDBN=NO
+++ config.base[152]export DBNROOT=/work/noaa/epic/role-epic/spack-stack/orion/spack-stack-1.6.0/envs/unified-env-rocky9/install/intel/2021.9.0/prod-util-2.1.1-g53ohf4/fakedbn
+++ config.base[152]DBNROOT=/work/noaa/epic/role-epic/spack-stack/orion/spack-stack-1.6.0/envs/unified-env-rocky9/install/intel/2021.9.0/prod-util-2.1.1-g53ohf4/fakedbn
+++ config.base[155]export APP=S2SW
+++ config.base[155]APP=S2SW
+++ config.base[157]shopt -s extglob
+++ config.base[160]case "${RUN}" in
+++ config.base[167]shopt -u extglob
+++ config.base[170]export DO_ATM=YES
+++ config.base[170]DO_ATM=YES
+++ config.base[171]export DO_COUPLED=NO
+++ config.base[171]DO_COUPLED=NO
+++ config.base[172]export DO_WAVE=NO
+++ config.base[172]DO_WAVE=NO
+++ config.base[173]export DO_OCN=NO
+++ config.base[173]DO_OCN=NO
+++ config.base[174]export DO_ICE=NO
+++ config.base[174]DO_ICE=NO
+++ config.base[175]DO_AERO=NO
+++ config.base[176]export DO_PREP_OBS_AERO=NO
+++ config.base[176]DO_PREP_OBS_AERO=NO
+++ config.base[177]aero_fcst_runs=gdas
+++ config.base[178]aero_anl_runs='gdas gfs'
+++ config.base[179]export DO_AERO_FCST=NO
+++ config.base[179]DO_AERO_FCST=NO
+++ config.base[180]export DO_AERO_ANL=NO
+++ config.base[180]DO_AERO_ANL=NO
+++ config.base[181]export DOBNDPNT_WAVE=YES
+++ config.base[181]DOBNDPNT_WAVE=YES
+++ config.base[182]export DOIBP_WAV=NO
+++ config.base[182]DOIBP_WAV=NO
+++ config.base[183]export FRAC_GRID=.true.
+++ config.base[183]FRAC_GRID=.true.
+++ config.base[184]export DO_NEST=NO
+++ config.base[184]DO_NEST=NO
+++ config.base[185][[ NO == \Y\E\S ]]
+++ config.base[191]export ntiles=6
+++ config.base[191]ntiles=6
+++ config.base[192]export FIXugwd=/work2/noaa/global/role-global/GFS_CI_CD/ORION/CI/3645/global-workflow/fix/ugwd
+++ config.base[192]FIXugwd=/work2/noaa/global/role-global/GFS_CI_CD/ORION/CI/3645/global-workflow/fix/ugwd
+++ config.base[193]export FIXorog=/work2/noaa/global/role-global/GFS_CI_CD/ORION/CI/3645/global-workflow/fix/orog
+++ config.base[193]FIXorog=/work2/noaa/global/role-global/GFS_CI_CD/ORION/CI/3645/global-workflow/fix/orog
+++ config.base[197]export OPS_RES=C768
+++ config.base[197]OPS_RES=C768
+++ config.base[200]export LEVS=128
+++ config.base[200]LEVS=128
+++ config.base[201]export CASE=C96
+++ config.base[201]CASE=C96
+++ config.base[202]export CASE_ENS=C48
+++ config.base[202]CASE_ENS=C48
+++ config.base[203]export OCNRES=500
+++ config.base[203]OCNRES=500
+++ config.base[204]export ICERES=500
+++ config.base[204]ICERES=500
+++ config.base[207]case "${CASE}" in
+++ config.base[212]export waveGRD=uglo_100km
+++ config.base[212]waveGRD=uglo_100km
+++ config.base[226]case "${APP}" in
+++ config.base[242]export DO_COUPLED=YES
+++ config.base[242]DO_COUPLED=YES
+++ config.base[243]export DO_OCN=YES
+++ config.base[243]DO_OCN=YES
+++ config.base[244]export DO_ICE=YES
+++ config.base[244]DO_ICE=YES
+++ config.base[246][[ S2SW =~ A$ ]]
+++ config.base[250][[ S2SW =~ ^S2SW ]]
+++ config.base[251]export DO_WAVE=YES
+++ config.base[251]DO_WAVE=YES
+++ config.base[261][[ NO == \Y\E\S ]]
+++ config.base[271][[ gdas =~ gdas ]]
+++ config.base[272]export FHCYC=1
+++ config.base[272]FHCYC=1
+++ config.base[273]export FTSFS=10
+++ config.base[273]FTSFS=10
+++ config.base[279]export FHMIN=0
+++ config.base[279]FHMIN=0
+++ config.base[280]export FHMAX=9
+++ config.base[280]FHMAX=9
+++ config.base[281]export FHOUT=3
+++ config.base[281]FHOUT=3
+++ config.base[282]export FHOUT_OCN=3
+++ config.base[282]FHOUT_OCN=3
+++ config.base[283]export FHOUT_ICE=3
+++ config.base[283]FHOUT_ICE=3
+++ config.base[284]export FHOUT_AERO=3
+++ config.base[284]FHOUT_AERO=3
+++ config.base[287]export EUPD_CYC=both
+++ config.base[287]EUPD_CYC=both
+++ config.base[290]export INTERVAL_GFS=6
+++ config.base[290]INTERVAL_GFS=6
+++ config.base[291]export SDATE_GFS=2021122018
+++ config.base[291]SDATE_GFS=2021122018
+++ config.base[294]export FHMIN_GFS=0
+++ config.base[294]FHMIN_GFS=0
+++ config.base[295]export FHMAX_GFS=120
+++ config.base[295]FHMAX_GFS=120
+++ config.base[297]breakpnts=
+++ config.base[298]export FCST_SEGMENTS=0,120
+++ config.base[298]FCST_SEGMENTS=0,120
+++ config.base[299]export FHOUT_GFS=3
+++ config.base[299]FHOUT_GFS=3
+++ config.base[300]export FHMAX_HF_GFS=0
+++ config.base[300]FHMAX_HF_GFS=0
+++ config.base[301]export FHOUT_HF_GFS=1
+++ config.base[301]FHOUT_HF_GFS=1
+++ config.base[302]export FHOUT_OCN_GFS=6
+++ config.base[302]FHOUT_OCN_GFS=6
+++ config.base[303]export FHOUT_ICE_GFS=6
+++ config.base[303]FHOUT_ICE_GFS=6
+++ config.base[304]export FHMIN_WAV=0
+++ config.base[304]FHMIN_WAV=0
+++ config.base[305]export FHOUT_WAV=3
+++ config.base[305]FHOUT_WAV=3
+++ config.base[306]export FHMAX_HF_WAV=120
+++ config.base[306]FHMAX_HF_WAV=120
+++ config.base[307]export FHOUT_HF_WAV=1
+++ config.base[307]FHOUT_HF_WAV=1
+++ config.base[308]export FHMAX_WAV=9
+++ config.base[308]FHMAX_WAV=9
+++ config.base[309]export FHMAX_WAV_GFS=120
+++ config.base[309]FHMAX_WAV_GFS=120
+++ config.base[310]export FHMAX_HF_GFS=0
+++ config.base[310]FHMAX_HF_GFS=0
+++ config.base[311]export FHMAX_WAV=9
+++ config.base[311]FHMAX_WAV=9
+++ config.base[312]export FHMAX_WAV_GFS=120
+++ config.base[312]FHMAX_WAV_GFS=120
+++ config.base[313]export FHMAX_HF_WAV=120
+++ config.base[313]FHMAX_HF_WAV=120
+++ config.base[316]export ILPOST=1
+++ config.base[316]ILPOST=1
+++ config.base[317]((  FHMAX_HF_GFS < 120  ))
+++ config.base[318]export ILPOST=3
+++ config.base[318]ILPOST=3
+++ config.base[322]export FHMAX_GOES=180
+++ config.base[322]FHMAX_GOES=180
+++ config.base[323]export FHOUT_GOES=3
+++ config.base[323]FHOUT_GOES=3
+++ config.base[324]((  FHMAX_GOES > FHMAX_GFS  ))
+++ config.base[325]export FHMAX_GOES=120
+++ config.base[325]FHMAX_GOES=120
+++ config.base[329]export restart_interval_gfs=12
+++ config.base[329]restart_interval_gfs=12
+++ config.base[334]export QUILTING=.true.
+++ config.base[334]QUILTING=.true.
+++ config.base[335]export OUTPUT_GRID=gaussian_grid
+++ config.base[335]OUTPUT_GRID=gaussian_grid
+++ config.base[336]export WRITE_DOPOST=.true.
+++ config.base[336]WRITE_DOPOST=.true.
+++ config.base[337]export WRITE_NSFLIP=.true.
+++ config.base[337]WRITE_NSFLIP=.true.
+++ config.base[340]export DOIAU=YES
+++ config.base[340]DOIAU=YES
+++ config.base[341]export IAUFHRS=3,6,9
+++ config.base[341]IAUFHRS=3,6,9
+++ config.base[342]export IAU_FHROT=3
+++ config.base[342]IAU_FHROT=3
+++ config.base[343]export IAU_DELTHRS=6
+++ config.base[343]IAU_DELTHRS=6
+++ config.base[344]export IAU_OFFSET=6
+++ config.base[344]IAU_OFFSET=6
+++ config.base[345]export DOIAU_ENKF=YES
+++ config.base[345]DOIAU_ENKF=YES
+++ config.base[346]export IAUFHRS_ENKF=3,6,9
+++ config.base[346]IAUFHRS_ENKF=3,6,9
+++ config.base[347]export IAU_DELTHRS_ENKF=6
+++ config.base[347]IAU_DELTHRS_ENKF=6
+++ config.base[350]export lobsdiag_forenkf=.true.
+++ config.base[350]lobsdiag_forenkf=.true.
+++ config.base[358]export imp_physics=8
+++ config.base[358]imp_physics=8
+++ config.base[362]export DO_JEDIATMVAR=NO
+++ config.base[362]DO_JEDIATMVAR=NO
+++ config.base[363]export DO_JEDIATMENS=NO
+++ config.base[363]DO_JEDIATMENS=NO
+++ config.base[364]export DO_JEDIOCNVAR=YES
+++ config.base[364]DO_JEDIOCNVAR=YES
+++ config.base[365]export DO_JEDISNOWDA=YES
+++ config.base[365]DO_JEDISNOWDA=YES
+++ config.base[366]export DO_MERGENSST=NO
+++ config.base[366]DO_MERGENSST=NO
+++ config.base[367]export DO_STARTMEM_FROM_JEDIICE=YES
+++ config.base[367]DO_STARTMEM_FROM_JEDIICE=YES
+++ config.base[370]export DOHYBVAR=YES
+++ config.base[370]DOHYBVAR=YES
+++ config.base[371]export DOHYBVAR_OCN=YES
+++ config.base[371]DOHYBVAR_OCN=YES
+++ config.base[372]export DOLETKF_OCN=NO
+++ config.base[372]DOLETKF_OCN=NO
+++ config.base[373]export NMEM_ENS=2
+++ config.base[373]NMEM_ENS=2
+++ config.base[374]export SMOOTH_ENKF=NO
+++ config.base[374]SMOOTH_ENKF=NO
+++ config.base[375]export l4densvar=.true.
+++ config.base[375]l4densvar=.true.
+++ config.base[376]export lwrite4danl=.true.
+++ config.base[376]lwrite4danl=.true.
+++ config.base[377]export DO_CALC_INCREMENT=NO
+++ config.base[377]DO_CALC_INCREMENT=NO
+++ config.base[380]export NMEM_ENS_GFS=2
+++ config.base[380]NMEM_ENS_GFS=2
+++ config.base[381]export NMEM_ENS_GFS_OFFSET=0
+++ config.base[381]NMEM_ENS_GFS_OFFSET=0
+++ config.base[382]export DO_CALC_INCREMENT_ENKF_GFS=NO
+++ config.base[382]DO_CALC_INCREMENT_ENKF_GFS=NO
+++ config.base[385][[ YES = \Y\E\S ]]
+++ config.base[386]export FHMIN_ENKF=3
+++ config.base[386]FHMIN_ENKF=3
+++ config.base[387]export FHMAX_ENKF=9
+++ config.base[387]FHMAX_ENKF=9
+++ config.base[388]export FHMAX_ENKF_GFS=12
+++ config.base[388]FHMAX_ENKF_GFS=12
+++ config.base[389]export FHOUT_ENKF_GFS=3
+++ config.base[389]FHOUT_ENKF_GFS=3
+++ config.base[390][[ .true. = \.\t\r\u\e\. ]]
+++ config.base[391]export FHOUT=1
+++ config.base[391]FHOUT=1
+++ config.base[392]export FHOUT_ENKF=1
+++ config.base[392]FHOUT_ENKF=1
+++ config.base[399][[ YES == \N\O ]]
+++ config.base[407]export ENKF_SPREAD=YES
+++ config.base[407]ENKF_SPREAD=YES
+++ config.base[410][[ cycled = \c\y\c\l\e\d ]]
+++ config.base[410][[ 2021122012 = \2\0\2\1\1\2\2\0\1\2 ]]
+++ config.base[410][[ .false. = \.\f\a\l\s\e\. ]]
+++ config.base[411]export IAU_OFFSET=0
+++ config.base[411]IAU_OFFSET=0
+++ config.base[412]export IAU_FHROT=0
+++ config.base[412]IAU_FHROT=0
+++ config.base[413]export IAUFHRS=6,
+++ config.base[413]IAUFHRS=6,
+++ config.base[416][[ YES = \N\O ]]
+++ config.base[420][[ YES == \Y\E\S ]]
+++ config.base[421]export restart_interval_enkfgdas=3
+++ config.base[421]restart_interval_enkfgdas=3
+++ config.base[426]export restart_interval_enkfgfs=3
+++ config.base[426]restart_interval_enkfgfs=3
+++ config.base[428][[ YES == \Y\E\S ]]
+++ config.base[429]export restart_interval_gdas=3
+++ config.base[429]restart_interval_gdas=3
+++ config.base[434]export DO_GSISOILDA=YES
+++ config.base[434]DO_GSISOILDA=YES
+++ config.base[437]export DONST=YES
+++ config.base[437]DONST=YES
+++ config.base[438][[ YES = \Y\E\S ]]
+++ config.base[438]export 'FNTSFA=        '
+++ config.base[438]FNTSFA='        '
+++ config.base[441]export nst_anl=.true.
+++ config.base[441]nst_anl=.true.
+++ config.base[444]export MAKE_NSSTBUFR=NO
+++ config.base[444]MAKE_NSSTBUFR=NO
+++ config.base[447]export MAKE_ACFTBUFR=NO
+++ config.base[447]MAKE_ACFTBUFR=NO
+++ config.base[450]export 'INCREMENTS_TO_ZERO='\''liq_wat_inc'\'','\''icmr_inc'\'','\''rwmr_inc'\'','\''snmr_inc'\'','\''grle_inc'\'''
+++ config.base[450]INCREMENTS_TO_ZERO=''\''liq_wat_inc'\'','\''icmr_inc'\'','\''rwmr_inc'\'','\''snmr_inc'\'','\''grle_inc'\'''
+++ config.base[453]export 'INCVARS_ZERO_STRAT='\''sphum_inc'\'','\''liq_wat_inc'\'','\''icmr_inc'\'','\''rwmr_inc'\'','\''snmr_inc'\'','\''grle_inc'\'''
+++ config.base[453]INCVARS_ZERO_STRAT=''\''sphum_inc'\'','\''liq_wat_inc'\'','\''icmr_inc'\'','\''rwmr_inc'\'','\''snmr_inc'\'','\''grle_inc'\'''
+++ config.base[454]export INCVARS_EFOLD=5
+++ config.base[454]INCVARS_EFOLD=5
+++ config.base[459]export netcdf_diag=.true.
+++ config.base[459]netcdf_diag=.true.
+++ config.base[460]export binary_diag=.false.
+++ config.base[460]binary_diag=.false.
+++ config.base[463]export DO_CA=YES
+++ config.base[463]DO_CA=YES
+++ config.base[466]export DO_METP=YES
+++ config.base[466]DO_METP=YES
+++ config.base[467]export DO_FIT2OBS=YES
+++ config.base[467]DO_FIT2OBS=YES
+++ config.base[470]export FHMAX_FITS=132
+++ config.base[470]FHMAX_FITS=132
+++ config.base[471][[ 132 -gt 120 ]]
+++ config.base[472]export FHMAX_FITS=120
+++ config.base[472]FHMAX_FITS=120
+++ config.base[477]export DO_FETCH_HPSS=NO
+++ config.base[477]DO_FETCH_HPSS=NO
+++ config.base[478]export DO_FETCH_LOCAL=NO
+++ config.base[478]DO_FETCH_LOCAL=NO
+++ config.base[481]export DO_ARCHCOM=NO
+++ config.base[481]DO_ARCHCOM=NO
+++ config.base[482]export ARCHCOM_TO=globus_hpss
+++ config.base[482]ARCHCOM_TO=globus_hpss
+++ config.base[485]export CLIENT_GLOBUS_UUID=869912fe-f6de-46c0-af10-b22efd84a022
+++ config.base[485]CLIENT_GLOBUS_UUID=869912fe-f6de-46c0-af10-b22efd84a022
+++ config.base[488][[ NO = \Y\E\S ]]
+++ config.base[495][[ NO = \Y\E\S ]]
+++ config.base[495][[ YES = \Y\E\S ]]
+++ config.base[496]export DO_ANLSTAT=YES
+++ config.base[496]DO_ANLSTAT=YES
+++ config.base[501]export REPLAY_ICS=NO
+++ config.base[501]REPLAY_ICS=NO
+++ config.base[502]export OFFSET_START_HOUR=0
+++ config.base[502]OFFSET_START_HOUR=0
+++ config.base[505]export NUM_SND_COLLECTIVES=9
+++ config.base[505]NUM_SND_COLLECTIVES=9
+++ config.base[507]echo 'END: config.base'
END: config.base
++ jjob_header.sh[106]true
++ jjob_header.sh[107]export err=0
++ jjob_header.sh[107]err=0
++ jjob_header.sh[108][[ 0 -ne 0 ]]
++ jjob_header.sh[105]for config in "${configs[@]:-''}"
++ jjob_header.sh[106]source /work2/noaa/global/role-global/GFS_CI_CD/ORION/CI/3645/RUNTESTS/EXPDIR/C96C48mx500_S2SW_cyc_gfs_5f8999c6/config.wave
+++ config.wave[6]echo 'BEGIN: config.wave'
BEGIN: config.wave
+++ config.wave[13]export RUNRSTwave=gdas
+++ config.wave[13]RUNRSTwave=gdas
+++ config.wave[16]export MESH_WAV=mesh.uglo_100km.nc
+++ config.wave[16]MESH_WAV=mesh.uglo_100km.nc
+++ config.wave[19]case "${waveGRD}" in
+++ config.wave[64]export 'waveinterpGRD=at_10m ep_10m wc_10m glo_30m aoc_9km gnh_10m gsh_15m'
+++ config.wave[64]waveinterpGRD='at_10m ep_10m wc_10m glo_30m aoc_9km gnh_10m gsh_15m'
+++ config.wave[65]export wavepostGRD=
+++ config.wave[65]wavepostGRD=
+++ config.wave[66]export waveuoutpGRD=uglo_100km
+++ config.wave[66]waveuoutpGRD=uglo_100km
+++ config.wave[75]export WAVEWND_DID=
+++ config.wave[75]WAVEWND_DID=
+++ config.wave[76]export WAVEWND_FID=
+++ config.wave[76]WAVEWND_FID=
+++ config.wave[79][[ gdas == \g\f\s ]]
+++ config.wave[82]export WAVHINDH=0
+++ config.wave[82]WAVHINDH=0
+++ config.wave[83]export FHMAX_WAV_IBP=180
+++ config.wave[83]FHMAX_WAV_IBP=180
+++ config.wave[84]((  FHMAX_WAV < FHMAX_WAV_IBP  ))
+++ config.wave[84]export FHMAX_WAV_IBP=9
+++ config.wave[84]FHMAX_WAV_IBP=9
+++ config.wave[87]export DTFLD_WAV=3600
+++ config.wave[87]DTFLD_WAV=3600
+++ config.wave[88]export DTPNT_WAV=3600
+++ config.wave[88]DTPNT_WAV=3600
+++ config.wave[89]export FHINCP_WAV=1
+++ config.wave[89]FHINCP_WAV=1
+++ config.wave[92]export 'OUTPARS_WAV=WND CUR ICE HS T01 T02 DIR FP DP PHS PTP PDIR CHA'
+++ config.wave[92]OUTPARS_WAV='WND CUR ICE HS T01 T02 DIR FP DP PHS PTP PDIR CHA'
+++ config.wave[95][[ gdas == \g\d\a\s ]]
+++ config.wave[96]export WAVNCYC=4
+++ config.wave[96]WAVNCYC=4
+++ config.wave[97]export WAVHCYC=6
+++ config.wave[97]WAVHCYC=6
+++ config.wave[98]export FHMAX_WAV_CUR=48
+++ config.wave[98]FHMAX_WAV_CUR=48
+++ config.wave[109]export RSTTYPE_WAV=T
+++ config.wave[109]RSTTYPE_WAV=T
+++ config.wave[110][[ gdas != gfs ]]
+++ config.wave[111]export DT_1_RST_WAV=10800
+++ config.wave[111]DT_1_RST_WAV=10800
+++ config.wave[112]export DT_2_RST_WAV=43200
+++ config.wave[112]DT_2_RST_WAV=43200
+++ config.wave[113]export RSTIOFF_WAV=0
+++ config.wave[113]RSTIOFF_WAV=0
+++ config.wave[131]export RUNMEM=-1
+++ config.wave[131]RUNMEM=-1
+++ config.wave[134]((  RUNMEM == -1  ))
+++ config.wave[136]export waveMEMB=
+++ config.wave[136]waveMEMB=
+++ config.wave[143]export WW3ATMINP=CPL
+++ config.wave[143]WW3ATMINP=CPL
+++ config.wave[144][[ YES == \Y\E\S ]]
+++ config.wave[145]export WW3ICEINP=CPL
+++ config.wave[145]WW3ICEINP=CPL
+++ config.wave[146]export WAVEICE_FID=
+++ config.wave[146]WAVEICE_FID=
+++ config.wave[152][[ YES == \Y\E\S ]]
+++ config.wave[153]export WW3CURINP=CPL
+++ config.wave[153]WW3CURINP=CPL
+++ config.wave[154]export WAVECUR_FID=
+++ config.wave[154]WAVECUR_FID=
+++ config.wave[161]export WW3ATMIENS=F
+++ config.wave[161]WW3ATMIENS=F
+++ config.wave[162]export WW3ICEIENS=F
+++ config.wave[162]WW3ICEIENS=F
+++ config.wave[163]export WW3CURIENS=F
+++ config.wave[163]WW3CURIENS=F
+++ config.wave[165]export GOFILETYPE=1
+++ config.wave[165]GOFILETYPE=1
+++ config.wave[166]export POFILETYPE=1
+++ config.wave[166]POFILETYPE=1
+++ config.wave[170]export FUNIPNT=T
+++ config.wave[170]FUNIPNT=T
+++ config.wave[172]export IOSRV=1
+++ config.wave[172]IOSRV=1
+++ config.wave[174]export FPNTPROC=T
+++ config.wave[174]FPNTPROC=T
+++ config.wave[176]export FGRDPROC=F
+++ config.wave[176]FGRDPROC=F
+++ config.wave[178]export FLAGMASKCOMP=F
+++ config.wave[178]FLAGMASKCOMP=F
+++ config.wave[180]export FLAGMASKOUT=F
+++ config.wave[180]FLAGMASKOUT=F
+++ config.wave[182]echo 'END: config.wave'
END: config.wave
++ jjob_header.sh[106]true
++ jjob_header.sh[107]export err=0
++ jjob_header.sh[107]err=0
++ jjob_header.sh[108][[ 0 -ne 0 ]]
++ jjob_header.sh[105]for config in "${configs[@]:-''}"
++ jjob_header.sh[106]source /work2/noaa/global/role-global/GFS_CI_CD/ORION/CI/3645/RUNTESTS/EXPDIR/C96C48mx500_S2SW_cyc_gfs_5f8999c6/config.waveinit
+++ config.waveinit[6]echo 'BEGIN: config.waveinit'
BEGIN: config.waveinit
+++ config.waveinit[9]source /work2/noaa/global/role-global/GFS_CI_CD/ORION/CI/3645/RUNTESTS/EXPDIR/C96C48mx500_S2SW_cyc_gfs_5f8999c6/config.resources waveinit
++++ config.resources[10]((  1 != 1  ))
++++ config.resources[34]step=waveinit
++++ config.resources[36]echo 'BEGIN: config.resources'
BEGIN: config.resources
++++ config.resources[38]case ${machine} in
++++ config.resources[61]max_tasks_per_node=40
++++ config.resources[63]mem_node_max=180GB
++++ config.resources[106]export max_tasks_per_node
++++ config.resources[108]case ${step} in
++++ config.resources[142]walltime=00:10:00
++++ config.resources[143]ntasks=12
++++ config.resources[144]threads_per_task=1
++++ config.resources[145]tasks_per_node=40
++++ config.resources[146]NTASKS=12
++++ config.resources[147]memory=2GB
++++ config.resources[1400][[ -f /work2/noaa/global/role-global/GFS_CI_CD/ORION/CI/3645/RUNTESTS/EXPDIR/C96C48mx500_S2SW_cyc_gfs_5f8999c6/config.resources.ORION ]]
++++ config.resources[1401]source /work2/noaa/global/role-global/GFS_CI_CD/ORION/CI/3645/RUNTESTS/EXPDIR/C96C48mx500_S2SW_cyc_gfs_5f8999c6/config.resources.ORION
+++++ config.resources.ORION[5]case ${step} in
++++ config.resources[1405]for resource_var in threads_per_task ntasks tasks_per_node NTASKS memory walltime
++++ config.resources[1406]run_resource_var=threads_per_task_gdas
++++ config.resources[1407][[ -n '' ]]
++++ config.resources[1409][[ -n 0 ]]
++++ config.resources[1410]export threads_per_task
++++ config.resources[1405]for resource_var in threads_per_task ntasks tasks_per_node NTASKS memory walltime
++++ config.resources[1406]run_resource_var=ntasks_gdas
++++ config.resources[1407][[ -n '' ]]
++++ config.resources[1409][[ -n 0 ]]
++++ config.resources[1410]export ntasks
++++ config.resources[1405]for resource_var in threads_per_task ntasks tasks_per_node NTASKS memory walltime
++++ config.resources[1406]run_resource_var=tasks_per_node_gdas
++++ config.resources[1407][[ -n '' ]]
++++ config.resources[1409][[ -n 0 ]]
++++ config.resources[1410]export tasks_per_node
++++ config.resources[1405]for resource_var in threads_per_task ntasks tasks_per_node NTASKS memory walltime
++++ config.resources[1406]run_resource_var=NTASKS_gdas
++++ config.resources[1407][[ -n '' ]]
++++ config.resources[1409][[ -n 0 ]]
++++ config.resources[1410]export NTASKS
++++ config.resources[1405]for resource_var in threads_per_task ntasks tasks_per_node NTASKS memory walltime
++++ config.resources[1406]run_resource_var=memory_gdas
++++ config.resources[1407][[ -n '' ]]
++++ config.resources[1409][[ -n 0 ]]
++++ config.resources[1410]export memory
++++ config.resources[1405]for resource_var in threads_per_task ntasks tasks_per_node NTASKS memory walltime
++++ config.resources[1406]run_resource_var=walltime_gdas
++++ config.resources[1407][[ -n '' ]]
++++ config.resources[1409][[ -n 0 ]]
++++ config.resources[1410]export walltime
++++ config.resources[1414]echo 'END: config.resources'
END: config.resources
+++ config.waveinit[12]export sigMODE=init
+++ config.waveinit[12]sigMODE=init
+++ config.waveinit[14]echo 'END: config.waveinit'
END: config.waveinit
++ jjob_header.sh[106]true
++ jjob_header.sh[107]export err=0
++ jjob_header.sh[107]err=0
++ jjob_header.sh[108][[ 0 -ne 0 ]]
++ jjob_header.sh[117]source /work2/noaa/global/role-global/GFS_CI_CD/ORION/CI/3645/global-workflow/env/ORION.env waveinit
+++ ORION.env[3][[ 1 -ne 1 ]]
+++ ORION.env[10]step=waveinit
+++ ORION.env[12]export 'launcher=srun -l --export=ALL --hint=nomultithread'
+++ ORION.env[12]launcher='srun -l --export=ALL --hint=nomultithread'
+++ ORION.env[13]export 'mpmd_opt=--multi-prog --output=mpmd.%j.%t.out'
+++ ORION.env[13]mpmd_opt='--multi-prog --output=mpmd.%j.%t.out'
+++ ORION.env[16]export MPI_BUFS_PER_PROC=2048
+++ ORION.env[16]MPI_BUFS_PER_PROC=2048
+++ ORION.env[17]export MPI_BUFS_PER_HOST=2048
+++ ORION.env[17]MPI_BUFS_PER_HOST=2048
+++ ORION.env[18]export MPI_GROUP_MAX=256
+++ ORION.env[18]MPI_GROUP_MAX=256
+++ ORION.env[19]export MPI_MEMMAP_OFF=1
+++ ORION.env[19]MPI_MEMMAP_OFF=1
+++ ORION.env[20]export MP_STDOUTMODE=ORDERED
+++ ORION.env[20]MP_STDOUTMODE=ORDERED
+++ ORION.env[21]export KMP_AFFINITY=scatter
+++ ORION.env[21]KMP_AFFINITY=scatter
+++ ORION.env[22]export OMP_STACKSIZE=2048000
+++ ORION.env[22]OMP_STACKSIZE=2048000
+++ ORION.env[23]export NTHSTACK=1024000000
+++ ORION.env[23]NTHSTACK=1024000000
+++ ORION.env[26]ulimit -s unlimited
+++ ORION.env[27]ulimit -a
real-time non-blocking time  (microseconds, -R) unlimited
core file size              (blocks, -c) 0
data seg size               (kbytes, -d) unlimited
scheduling priority                 (-e) 0
file size                   (blocks, -f) unlimited
pending signals                     (-i) 754653
max locked memory           (kbytes, -l) unlimited
max memory size             (kbytes, -m) 2097152
open files                          (-n) 131072
pipe size                (512 bytes, -p) 8
POSIX message queues         (bytes, -q) 819200
real-time priority                  (-r) 0
stack size                  (kbytes, -s) unlimited
cpu time                   (seconds, -t) unlimited
max user processes                  (-u) 754653
virtual memory              (kbytes, -v) unlimited
file locks                          (-x) unlimited
+++ ORION.env[31][[ -n 12 ]]
+++ ORION.env[31][[ -n 40 ]]
+++ ORION.env[31][[ -n 40 ]]
+++ ORION.env[32]max_threads_per_task=1
+++ ORION.env[33]NTHREADSmax=1
+++ ORION.env[34]NTHREADS1=1
+++ ORION.env[35][[ 1 -gt 1 ]]
+++ ORION.env[38][[ 1 -gt 1 ]]
+++ ORION.env[41]APRUN_default='srun -l --export=ALL --hint=nomultithread -n 12'
+++ ORION.env[47][[ waveinit = \p\r\e\p ]]
+++ ORION.env[47][[ waveinit = \p\r\e\p\b\u\f\r ]]
+++ ORION.env[54][[ waveinit = \p\r\e\p\_\e\m\i\s\s\i\o\n\s ]]
+++ ORION.env[58][[ waveinit = \w\a\v\e\i\n\i\t ]]
+++ ORION.env[61]export USE_CFP=YES
+++ ORION.env[61]USE_CFP=YES
+++ ORION.env[62][[ waveinit = \w\a\v\e\p\r\e\p ]]
+++ ORION.env[63]export 'wavempexec=srun -l --export=ALL --hint=nomultithread'
+++ ORION.env[63]wavempexec='srun -l --export=ALL --hint=nomultithread'
+++ ORION.env[64]export 'wave_mpmd=--multi-prog --output=mpmd.%j.%t.out'
+++ ORION.env[64]wave_mpmd='--multi-prog --output=mpmd.%j.%t.out'
++ jjob_header.sh[117]true
++ jjob_header.sh[118]export err=0
++ jjob_header.sh[118]err=0
++ jjob_header.sh[119][[ 0 -ne 0 ]]
+ JGLOBAL_WAVE_INIT[5]export MP_PULSE=0
+ JGLOBAL_WAVE_INIT[5]MP_PULSE=0
+ JGLOBAL_WAVE_INIT[8]YMD=20211220
+ JGLOBAL_WAVE_INIT[8]HH=12
+ JGLOBAL_WAVE_INIT[8]declare_from_tmpl -rx COMOUT_WAVE_PREP:COM_WAVE_PREP_TMPL
+ bash_utils.sh[39][[ NO == \N\O ]]
+ bash_utils.sh[39]set +x
declare_from_tmpl :: COMOUT_WAVE_PREP=/work2/noaa/global/role-global/GFS_CI_CD/ORION/CI/3645/RUNTESTS/COMROOT/C96C48mx500_S2SW_cyc_gfs_5f8999c6/gdas.20211220/12//model/wave/prep
+ JGLOBAL_WAVE_INIT[11][[ ! -d /work2/noaa/global/role-global/GFS_CI_CD/ORION/CI/3645/RUNTESTS/COMROOT/C96C48mx500_S2SW_cyc_gfs_5f8999c6/gdas.20211220/12//model/wave/prep ]]
+ JGLOBAL_WAVE_INIT[14]export 'wavempexec=srun -l --export=ALL --hint=nomultithread'
+ JGLOBAL_WAVE_INIT[14]wavempexec='srun -l --export=ALL --hint=nomultithread'
+ JGLOBAL_WAVE_INIT[15]export 'wave_mpmd=--multi-prog --output=mpmd.%j.%t.out'
+ JGLOBAL_WAVE_INIT[15]wave_mpmd='--multi-prog --output=mpmd.%j.%t.out'
+ JGLOBAL_WAVE_INIT[18]/work2/noaa/global/role-global/GFS_CI_CD/ORION/CI/3645/global-workflow/scripts/exgfs_wave_init.sh
+ bash[8]'[' -z '' ']'
+ bash[9]case "$-" in
+ bash[12]__lmod_vx=x
+ bash[16]'[' -n x ']'
+ bash[16]set +x
Shell debugging temporarily silenced: export LMOD_SH_DBG_ON=1 for this output (/apps/other/lmod/lmod/init/bash)
Shell debugging restarted
+ bash[224]unset __lmod_vx
+ exgfs_wave_init.sh[23]cat

Preparing input files :
-----------------------
+ exgfs_wave_init.sh[34]declare -A grdALL
+ exgfs_wave_init.sh[35]for grd in ${WAVECUR_FID} ${WAVEICE_FID} ${WAVEWND_FID} ${waveuoutpGRD} ${waveGRD} ${wavepostGRD} ${waveinterpGRD}
+ exgfs_wave_init.sh[37]grdALL["${grd}"]=uglo_100km
+ exgfs_wave_init.sh[35]for grd in ${WAVECUR_FID} ${WAVEICE_FID} ${WAVEWND_FID} ${waveuoutpGRD} ${waveGRD} ${wavepostGRD} ${waveinterpGRD}
+ exgfs_wave_init.sh[37]grdALL["${grd}"]=uglo_100km
+ exgfs_wave_init.sh[35]for grd in ${WAVECUR_FID} ${WAVEICE_FID} ${WAVEWND_FID} ${waveuoutpGRD} ${waveGRD} ${wavepostGRD} ${waveinterpGRD}
+ exgfs_wave_init.sh[37]grdALL["${grd}"]=at_10m
+ exgfs_wave_init.sh[35]for grd in ${WAVECUR_FID} ${WAVEICE_FID} ${WAVEWND_FID} ${waveuoutpGRD} ${waveGRD} ${wavepostGRD} ${waveinterpGRD}
+ exgfs_wave_init.sh[37]grdALL["${grd}"]=ep_10m
+ exgfs_wave_init.sh[35]for grd in ${WAVECUR_FID} ${WAVEICE_FID} ${WAVEWND_FID} ${waveuoutpGRD} ${waveGRD} ${wavepostGRD} ${waveinterpGRD}
+ exgfs_wave_init.sh[37]grdALL["${grd}"]=wc_10m
+ exgfs_wave_init.sh[35]for grd in ${WAVECUR_FID} ${WAVEICE_FID} ${WAVEWND_FID} ${waveuoutpGRD} ${waveGRD} ${wavepostGRD} ${waveinterpGRD}
+ exgfs_wave_init.sh[37]grdALL["${grd}"]=glo_30m
+ exgfs_wave_init.sh[35]for grd in ${WAVECUR_FID} ${WAVEICE_FID} ${WAVEWND_FID} ${waveuoutpGRD} ${waveGRD} ${wavepostGRD} ${waveinterpGRD}
+ exgfs_wave_init.sh[37]grdALL["${grd}"]=aoc_9km
+ exgfs_wave_init.sh[35]for grd in ${WAVECUR_FID} ${WAVEICE_FID} ${WAVEWND_FID} ${waveuoutpGRD} ${waveGRD} ${wavepostGRD} ${waveinterpGRD}
+ exgfs_wave_init.sh[37]grdALL["${grd}"]=gnh_10m
+ exgfs_wave_init.sh[35]for grd in ${WAVECUR_FID} ${WAVEICE_FID} ${WAVEWND_FID} ${waveuoutpGRD} ${waveGRD} ${wavepostGRD} ${waveinterpGRD}
+ exgfs_wave_init.sh[37]grdALL["${grd}"]=gsh_15m
+ exgfs_wave_init.sh[40]for grdID in "${grdALL[@]}"
+ exgfs_wave_init.sh[41][[ -f /work2/noaa/global/role-global/GFS_CI_CD/ORION/CI/3645/RUNTESTS/COMROOT/C96C48mx500_S2SW_cyc_gfs_5f8999c6/gdas.20211220/12//model/wave/prep/gdas.wave.t12z.mod_def.ep_10m.bin ]]
+ exgfs_wave_init.sh[46]echo 'INFO: Mod def file for ep_10m not found in /work2/noaa/global/role-global/GFS_CI_CD/ORION/CI/3645/RUNTESTS/COMROOT/C96C48mx500_S2SW_cyc_gfs_5f8999c6/gdas.20211220/12//model/wave/prep. Setting up to generate ...'
INFO: Mod def file for ep_10m not found in /work2/noaa/global/role-global/GFS_CI_CD/ORION/CI/3645/RUNTESTS/COMROOT/C96C48mx500_S2SW_cyc_gfs_5f8999c6/gdas.20211220/12//model/wave/prep. Setting up to generate ...
+ exgfs_wave_init.sh[47][[ -f /work2/noaa/global/role-global/GFS_CI_CD/ORION/CI/3645/global-workflow/fix/wave/ww3_grid.inp.ep_10m ]]
+ exgfs_wave_init.sh[48]cpreq /work2/noaa/global/role-global/GFS_CI_CD/ORION/CI/3645/global-workflow/fix/wave/ww3_grid.inp.ep_10m ww3_grid.inp.ep_10m
+ cpreq[3]cp /work2/noaa/global/role-global/GFS_CI_CD/ORION/CI/3645/global-workflow/fix/wave/ww3_grid.inp.ep_10m ww3_grid.inp.ep_10m
+ cpreq[4]'[' 0 -ne 0 ']'
+ exgfs_wave_init.sh[49]echo 'INFO: ww3_grid.inp.ep_10m copied (/work2/noaa/global/role-global/GFS_CI_CD/ORION/CI/3645/global-workflow/fix/wave/ww3_grid.inp.ep_10m).'
INFO: ww3_grid.inp.ep_10m copied (/work2/noaa/global/role-global/GFS_CI_CD/ORION/CI/3645/global-workflow/fix/wave/ww3_grid.inp.ep_10m).
+ exgfs_wave_init.sh[55][[ -f /work2/noaa/global/role-global/GFS_CI_CD/ORION/CI/3645/global-workflow/fix/wave/ep_10m.msh ]]
+ exgfs_wave_init.sh[60]echo '/work2/noaa/global/role-global/GFS_CI_CD/ORION/CI/3645/global-workflow/ush/wave_grid_moddef.sh ep_10m'
+ exgfs_wave_init.sh[40]for grdID in "${grdALL[@]}"
+ exgfs_wave_init.sh[41][[ -f /work2/noaa/global/role-global/GFS_CI_CD/ORION/CI/3645/RUNTESTS/COMROOT/C96C48mx500_S2SW_cyc_gfs_5f8999c6/gdas.20211220/12//model/wave/prep/gdas.wave.t12z.mod_def.aoc_9km.bin ]]
+ exgfs_wave_init.sh[46]echo 'INFO: Mod def file for aoc_9km not found in /work2/noaa/global/role-global/GFS_CI_CD/ORION/CI/3645/RUNTESTS/COMROOT/C96C48mx500_S2SW_cyc_gfs_5f8999c6/gdas.20211220/12//model/wave/prep. Setting up to generate ...'
INFO: Mod def file for aoc_9km not found in /work2/noaa/global/role-global/GFS_CI_CD/ORION/CI/3645/RUNTESTS/COMROOT/C96C48mx500_S2SW_cyc_gfs_5f8999c6/gdas.20211220/12//model/wave/prep. Setting up to generate ...
+ exgfs_wave_init.sh[47][[ -f /work2/noaa/global/role-global/GFS_CI_CD/ORION/CI/3645/global-workflow/fix/wave/ww3_grid.inp.aoc_9km ]]
+ exgfs_wave_init.sh[48]cpreq /work2/noaa/global/role-global/GFS_CI_CD/ORION/CI/3645/global-workflow/fix/wave/ww3_grid.inp.aoc_9km ww3_grid.inp.aoc_9km
+ cpreq[3]cp /work2/noaa/global/role-global/GFS_CI_CD/ORION/CI/3645/global-workflow/fix/wave/ww3_grid.inp.aoc_9km ww3_grid.inp.aoc_9km
cp: error copying '/work2/noaa/global/role-global/GFS_CI_CD/ORION/CI/3645/global-workflow/fix/wave/ww3_grid.inp.aoc_9km' to 'ww3_grid.inp.aoc_9km': Disk quota exceeded
+ JGLOBAL_WAVE_INIT[19]export err=1
+ JGLOBAL_WAVE_INIT[19]err=1
+ JGLOBAL_WAVE_INIT[20][[ 1 -ne 0 ]]
+ JGLOBAL_WAVE_INIT[21]err_exit
+ preamble.sh[109]set +eux

    -------------------------------------------------------------
    -- FATAL ERROR: Job waveinit.63991 failed RETURN CODE 1
    -- ABNORMAL EXIT at Wed Jun  4 12:56:22 CDT 2025 on orion-16-70
    -------------------------------------------------------------
    

Currently Loaded Modules:
  1) intel-oneapi-compilers/2023.1.0  25) g2/3.5.1
  2) stack-intel/2021.9.0             26) g2tmpl/1.13.0
  3) intel-oneapi-mpi/2021.9.0        27) ip/4.3.0
  4) stack-intel-oneapi-mpi/2021.9.0  28) sp/2.5.0
  5) nghttp2/1.57.0                   29) w3emc/2.10.0
  6) curl/8.4.0                       30) gftl/1.10.0
  7) cmake/3.23.1                     31) gftl-shared/1.6.1
  8) libjpeg/2.1.0                    32) fargparse/1.5.0
  9) jasper/2.0.32                    33) pigz/2.7
 10) zlib/1.2.13                      34) tar/1.34
 11) libpng/1.6.37                    35) gettext/0.21.1
 12) snappy/1.1.10                    36) libxcrypt/4.4.35
 13) zstd/1.5.2                       37) sqlite/3.43.2
 14) c-blosc/1.21.5                   38) util-linux-uuid/2.38.1
 15) netcdf-c/4.9.2                   39) python/3.10.13
 16) netcdf-fortran/4.6.1             40) mapl/2.40.3-esmf-8.6.0
 17) parallel-netcdf/1.12.2           41) scotch/7.0.4
 18) parallelio/2.5.10                42) ufs_common
 19) esmf/8.6.0                       43) hdf5/1.14.0
 20) fms/2024.01.02                   44) nccmp/1.9.0.1
 21) bacio/2.4.1                      45) ufs_orion.intel
 22) crtm-fix/2.4.0.1_emc             46) prod_util/2.1.1
 23) git-lfs/3.1.2                    47) wgrib2/3.1.1
 24) crtm/2.4.0.1

 


Job waveinit.63991 failed RETURN CODE 1
/work2/noaa/stmp/role-global/ORION/RUNDIRS/C96C48mx500_S2SW_cyc_gfs_5f8999c6/gdas.2021122012/waveinit.63991
total 4609
-rw-r----- 1 role-global stmp       0 Jun  4 12:56 ncepdate
-rw-r----- 1 role-global stmp 2902346 Jun  4 12:56 ww3_grid.inp.ep_10m
-rw-r----- 1 role-global stmp 9043968 Jun  4 12:56 ww3_grid.inp.aoc_9km
-rw-r----- 1 role-global stmp     102 Jun  4 12:56 mpmd_script
cat: OUTPUT.64674: No such file or directory
slurmstepd: error: *** JOB 20429540 ON orion-16-70 CANCELLED AT 2025-06-04T12:56:22 ***
