+ source /work2/noaa/global/role-global/GFS_CI_CD/ORION/CI/3645/global-workflow/ush/detect_machine.sh
++ [[ -n '' ]]
++ case $(hostname -f) in
+++ hostname -f
++ MACHINE_ID=UNKNOWN
++ [[ UNKNOWN == \U\N\K\N\O\W\N ]]
++ case ${PW_CSP:-} in
++ PW_CSP=UNKNOWN
++ MACHINE_ID=UNKNOWN
++ [[ UNKNOWN != \U\N\K\N\O\W\N ]]
++ [[ -d /lfs/h3 ]]
++ [[ -d /lfs/h1 ]]
++ [[ -d /mnt/lfs5 ]]
++ [[ -d /scratch1 ]]
++ [[ -d /work ]]
+++ findmnt -n -o SOURCE /home
++ mount=orion-nfs.hpc.msstate.edu:/home-orion
++ [[ orion-nfs.hpc.msstate.edu:/home-orion =~ hercules ]]
++ MACHINE_ID=orion
+ [[ orion == \w\c\o\s\s\2 ]]
+ source /work2/noaa/global/role-global/GFS_CI_CD/ORION/CI/3645/global-workflow/ush/load_fv3gfs_modules.sh
++ [[ hxB == *x* ]]
++ set_x=YES
++ [[ NO == \N\O ]]
++ echo 'Loading modules quietly...'
Loading modules quietly...
++ set +x

Currently Loaded Modules:
  1) intel-oneapi-compilers/2023.1.0  42) grib-util/1.3.0
  2) stack-intel/2021.9.0             43) g2tmpl/1.13.0
  3) intel-oneapi-mpi/2021.9.0        44) gsi-ncdiag/1.1.2
  4) stack-intel-oneapi-mpi/2021.9.0  45) crtm-fix/2.4.0.1_emc
  5) zlib/1.2.13                      46) git-lfs/3.1.2
  6) pigz/2.7                         47) crtm/2.4.0.1
  7) zstd/1.5.2                       48) openblas/0.3.24
  8) tar/1.34                         49) py-setuptools/63.4.3
  9) gettext/0.21.1                   50) py-numpy/1.23.4
 10) libxcrypt/4.4.35                 51) bufr/11.7.0
 11) sqlite/3.43.2                    52) gmake/4.2.1
 12) util-linux-uuid/2.38.1           53) wgrib2/2.0.8
 13) python/3.11.6                    54) py-f90nml/1.4.3
 14) libjpeg/2.1.0                    55) py-cftime/1.0.3.4
 15) jasper/2.0.32                    56) py-netcdf4/1.5.8
 16) libpng/1.6.37                    57) libyaml/0.2.5
 17) openjpeg/2.3.1                   58) py-pyyaml/6.0
 18) eccodes/2.32.0                   59) py-markupsafe/2.1.3
 19) fftw/3.3.10                      60) py-jinja2/3.1.2
 20) nghttp2/1.57.0                   61) py-bottleneck/1.3.7
 21) curl/8.4.0                       62) py-numexpr/2.8.4
 22) proj/9.2.1                       63) py-et-xmlfile/1.0.1
 23) udunits/2.2.28                   64) py-openpyxl/3.1.2
 24) cdo/2.2.0                        65) py-pytz/2023.3
 25) hdf5/1.14.0                      66) py-pyxlsb/1.0.10
 26) snappy/1.1.10                    67) py-xlrd/2.0.1
 27) c-blosc/1.21.5                   68) py-xlsxwriter/3.1.7
 28) netcdf-c/4.9.2                   69) py-xlwt/1.3.0
 29) netcdf-fortran/4.6.1             70) py-pandas/1.5.3
 30) parallel-netcdf/1.12.2           71) py-six/1.16.0
 31) parallelio/2.5.10                72) py-python-dateutil/2.8.2
 32) esmf/8.6.0                       73) g2c/1.8.0
 33) antlr/2.7.7                      74) netcdf-cxx4/4.3.1
 34) gsl/2.7.1                        75) met/9.1.3
 35) nco/5.0.6                        76) metplus/3.1.1
 36) bacio/2.4.1                      77) py-packaging/23.1
 37) w3emc/2.10.0                     78) py-xarray/2023.7.0
 38) prod_util/2.1.1                  79) prepobs/1.1.0
 39) g2/3.4.5                         80) fit2obs/1.1.7
 40) sp/2.5.0                         81) globus-cli/3.27
 41) ip/4.3.0                         82) module_base.orion

 

++ wxflowPATH=/work2/noaa/global/role-global/GFS_CI_CD/ORION/CI/3645/global-workflow/ush/python
++ PYTHONPATH=/apps/other/globus-cli-3.27:/work/noaa/epic/role-epic/spack-stack/orion/spack-stack-1.6.0/envs/gsi-addon-dev-fms-2024.01/install/intel/2021.9.0/py-xarray-2023.7.0-i227vom/lib/python3.11/site-packages:/work/noaa/epic/role-epic/spack-stack/orion/spack-stack-1.6.0/envs/gsi-addon-dev-fms-2024.01/install/intel/2021.9.0/py-packaging-23.1-qsred2z/lib/python3.11/site-packages:/work/noaa/epic/role-epic/spack-stack/orion/spack-stack-1.6.0/envs/gsi-addon-dev-fms-2024.01/install/intel/2021.9.0/py-python-dateutil-2.8.2-qmkqi6c/lib/python3.11/site-packages:/work/noaa/epic/role-epic/spack-stack/orion/spack-stack-1.6.0/envs/gsi-addon-dev-fms-2024.01/install/intel/2021.9.0/py-six-1.16.0-xx5n5aq/lib/python3.11/site-packages:/work/noaa/epic/role-epic/spack-stack/orion/spack-stack-1.6.0/envs/gsi-addon-dev-fms-2024.01/install/intel/2021.9.0/py-pandas-1.5.3-mxu73jp/lib/python3.11/site-packages:/work/noaa/epic/role-epic/spack-stack/orion/spack-stack-1.6.0/envs/gsi-addon-dev-fms-2024.01/install/intel/2021.9.0/py-xlwt-1.3.0-b4cyvye/lib/python3.11/site-packages:/work/noaa/epic/role-epic/spack-stack/orion/spack-stack-1.6.0/envs/gsi-addon-dev-fms-2024.01/install/intel/2021.9.0/py-xlsxwriter-3.1.7-erwjpno/lib/python3.11/site-packages:/work/noaa/epic/role-epic/spack-stack/orion/spack-stack-1.6.0/envs/gsi-addon-dev-fms-2024.01/install/intel/2021.9.0/py-xlrd-2.0.1-p6lyi26/lib/python3.11/site-packages:/work/noaa/epic/role-epic/spack-stack/orion/spack-stack-1.6.0/envs/gsi-addon-dev-fms-2024.01/install/intel/2021.9.0/py-pyxlsb-1.0.10-3tmfhfx/lib/python3.11/site-packages:/work/noaa/epic/role-epic/spack-stack/orion/spack-stack-1.6.0/envs/gsi-addon-dev-fms-2024.01/install/intel/2021.9.0/py-pytz-2023.3-amqisx3/lib/python3.11/site-packages:/work/noaa/epic/role-epic/spack-stack/orion/spack-stack-1.6.0/envs/gsi-addon-dev-fms-2024.01/install/intel/2021.9.0/py-openpyxl-3.1.2-lid72bc/lib/python3.11/site-packages:/work/noaa/epic/role-epic/spack-stack/orion/spack-stack-1.6.0/envs/gsi-addon-dev-fms-2024.01/install/intel/2021.9.0/py-et-xmlfile-1.0.1-rv7edto/lib/python3.11/site-packages:/work/noaa/epic/role-epic/spack-stack/orion/spack-stack-1.6.0/envs/gsi-addon-dev-fms-2024.01/install/intel/2021.9.0/py-numexpr-2.8.4-aqtuzo7/lib/python3.11/site-packages:/work/noaa/epic/role-epic/spack-stack/orion/spack-stack-1.6.0/envs/gsi-addon-dev-fms-2024.01/install/intel/2021.9.0/py-bottleneck-1.3.7-psru7d6/lib/python3.11/site-packages:/work/noaa/epic/role-epic/spack-stack/orion/spack-stack-1.6.0/envs/gsi-addon-dev-fms-2024.01/install/intel/2021.9.0/py-jinja2-3.1.2-hwvgjvz/lib/python3.11/site-packages:/work/noaa/epic/role-epic/spack-stack/orion/spack-stack-1.6.0/envs/gsi-addon-dev-fms-2024.01/install/intel/2021.9.0/py-markupsafe-2.1.3-zmufgyd/lib/python3.11/site-packages:/work/noaa/epic/role-epic/spack-stack/orion/spack-stack-1.6.0/envs/gsi-addon-dev-fms-2024.01/install/intel/2021.9.0/py-pyyaml-6.0-5tnykit/lib/python3.11/site-packages:/work/noaa/epic/role-epic/spack-stack/orion/spack-stack-1.6.0/envs/gsi-addon-dev-fms-2024.01/install/intel/2021.9.0/py-netcdf4-1.5.8-eqrdu35/lib/python3.11/site-packages:/work/noaa/epic/role-epic/spack-stack/orion/spack-stack-1.6.0/envs/gsi-addon-dev-fms-2024.01/install/intel/2021.9.0/py-cftime-1.0.3.4-fy7lvex/lib/python3.11/site-packages:/work/noaa/epic/role-epic/spack-stack/orion/spack-stack-1.6.0/envs/gsi-addon-dev-fms-2024.01/install/intel/2021.9.0/py-f90nml-1.4.3-pn2wamh/lib/python3.11/site-packages:/work/noaa/epic/role-epic/spack-stack/orion/spack-stack-1.6.0/envs/gsi-addon-dev-fms-2024.01/install/intel/2021.9.0/bufr-11.7.0-clawunp/lib64/python3.11/site-packages:/work/noaa/epic/role-epic/spack-stack/orion/spack-stack-1.6.0/envs/gsi-addon-dev-fms-2024.01/install/intel/2021.9.0/bufr-11.7.0-clawunp/lib/python3.11/site-packages:/work/noaa/epic/role-epic/spack-stack/orion/spack-stack-1.6.0/envs/gsi-addon-dev-fms-2024.01/install/intel/2021.9.0/py-numpy-1.23.4-bphf752/lib/python3.11/site-packages:/work/noaa/epic/role-epic/spack-stack/orion/spack-stack-1.6.0/envs/gsi-addon-dev-fms-2024.01/install/intel/2021.9.0/py-setuptools-63.4.3-2wqnlmp/lib/python3.11/site-packages:/work2/noaa/global/role-global/GFS_CI_CD/ORION/CI/3645/global-workflow/ush:/work2/noaa/global/role-global/GFS_CI_CD/ORION/CI/3645/global-workflow/ush/python
++ export PYTHONPATH
++ ulimit -S -s 16384
++ unset ulimit_s
+ status=0
+ [[ 0 -ne 0 ]]
+ export job=fcst
+ job=fcst
+ export jobid=fcst.995152
+ jobid=fcst.995152
+ /work2/noaa/global/role-global/GFS_CI_CD/ORION/CI/3645/global-workflow/jobs/JGLOBAL_FORECAST
Begin /work2/noaa/global/role-global/GFS_CI_CD/ORION/CI/3645/global-workflow/jobs/JGLOBAL_FORECAST at Wed Jun  4 06:01:49 PM UTC 2025
++ jjob_header.sh[46]OPTIND=1
++ jjob_header.sh[47]getopts c:e: option
++ jjob_header.sh[48]case "${option}" in
++ jjob_header.sh[50]env_job=fcst
++ jjob_header.sh[47]getopts c:e: option
++ jjob_header.sh[48]case "${option}" in
++ jjob_header.sh[49]read -ra configs
++ jjob_header.sh[47]getopts c:e: option
++ jjob_header.sh[61]shift 4
++ jjob_header.sh[63][[ -z fcst ]]
++ jjob_header.sh[71]export DATA=/work2/noaa/stmp/role-global/ORION/RUNDIRS/C48_ATM_5f8999c6/gfs.2021032312/gfsfcst.2021032312/fcst.995152
++ jjob_header.sh[71]DATA=/work2/noaa/stmp/role-global/ORION/RUNDIRS/C48_ATM_5f8999c6/gfs.2021032312/gfsfcst.2021032312/fcst.995152
++ jjob_header.sh[72][[ YES == \Y\E\S ]]
++ jjob_header.sh[73]rm -rf /work2/noaa/stmp/role-global/ORION/RUNDIRS/C48_ATM_5f8999c6/gfs.2021032312/gfsfcst.2021032312/fcst.995152
++ jjob_header.sh[75]mkdir -p /work2/noaa/stmp/role-global/ORION/RUNDIRS/C48_ATM_5f8999c6/gfs.2021032312/gfsfcst.2021032312/fcst.995152
++ jjob_header.sh[76]cd /work2/noaa/stmp/role-global/ORION/RUNDIRS/C48_ATM_5f8999c6/gfs.2021032312/gfsfcst.2021032312/fcst.995152
++ jjob_header.sh[85]export pid=995608
++ jjob_header.sh[85]pid=995608
++ jjob_header.sh[86]export pgmout=OUTPUT.995608
++ jjob_header.sh[86]pgmout=OUTPUT.995608
++ jjob_header.sh[87]export pgmerr=errfile
++ jjob_header.sh[87]pgmerr=errfile
++ jjob_header.sh[90]export pgm=
++ jjob_header.sh[90]pgm=
++ jjob_header.sh[96]export cycle=t12z
++ jjob_header.sh[96]cycle=t12z
++ jjob_header.sh[97]setpdy.sh
+ setpdy.sh[20]'[' /work2/noaa/stmp/role-global/ORION/RUNDIRS/C48_ATM_5f8999c6/gfs.2021032312/gfsfcst.2021032312/fcst.995152 == /home/role-global ']'
+ setpdy.sh[25][[ ! t12z =~ t??z ]]
+ setpdy.sh[30]case $# in
+ setpdy.sh[31]dates_before_PDY=7
+ setpdy.sh[32]dates_after_PDY=7
+ setpdy.sh[50]COMDATEROOT=/work2/noaa/global/role-global/GFS_CI_CD/ORION/CI/3645/RUNTESTS/COMROOT
+ setpdy.sh[53]'[' -z 20210323 ']'
+ setpdy.sh[57]sed 's/[0-9]\{8\}/20210323/' /work2/noaa/global/role-global/GFS_CI_CD/ORION/CI/3645/RUNTESTS/COMROOT/date/t12z
sed: can't read /work2/noaa/global/role-global/GFS_CI_CD/ORION/CI/3645/RUNTESTS/COMROOT/date/t12z: No such file or directory
++ jjob_header.sh[97]true
++ jjob_header.sh[98]source ./PDY
/work2/noaa/global/role-global/GFS_CI_CD/ORION/CI/3645/global-workflow/ush/jjob_header.sh: line 98: ./PDY: No such file or directory
++ jjob_header.sh[98]true
++ jjob_header.sh[104]export EXPDIR=/work2/noaa/global/role-global/GFS_CI_CD/ORION/CI/3645/RUNTESTS/EXPDIR/C48_ATM_5f8999c6
++ jjob_header.sh[104]EXPDIR=/work2/noaa/global/role-global/GFS_CI_CD/ORION/CI/3645/RUNTESTS/EXPDIR/C48_ATM_5f8999c6
++ jjob_header.sh[105]for config in "${configs[@]:-''}"
++ jjob_header.sh[106]source /work2/noaa/global/role-global/GFS_CI_CD/ORION/CI/3645/RUNTESTS/EXPDIR/C48_ATM_5f8999c6/config.base
+++ config.base[6]echo 'BEGIN: config.base'
BEGIN: config.base
+++ config.base[9]export machine=ORION
+++ config.base[9]machine=ORION
+++ config.base[12]export RUN_ENVIR=emc
+++ config.base[12]RUN_ENVIR=emc
+++ config.base[15]export ACCOUNT=fv3-cpu
+++ config.base[15]ACCOUNT=fv3-cpu
+++ config.base[16]export QUEUE=batch
+++ config.base[16]QUEUE=batch
+++ config.base[17]export QUEUE_SERVICE=batch
+++ config.base[17]QUEUE_SERVICE=batch
+++ config.base[18]export QUEUE_DTN=batch
+++ config.base[18]QUEUE_DTN=batch
+++ config.base[19]export PARTITION_BATCH=orion
+++ config.base[19]PARTITION_BATCH=orion
+++ config.base[20]export PARTITION_SERVICE=service
+++ config.base[20]PARTITION_SERVICE=service
+++ config.base[21]export PARTITION_DTN=
+++ config.base[21]PARTITION_DTN=
+++ config.base[22]export RESERVATION=
+++ config.base[22]RESERVATION=
+++ config.base[23]export CLUSTERS=
+++ config.base[23]CLUSTERS=
+++ config.base[24]export CLUSTERS_SERVICE=
+++ config.base[24]CLUSTERS_SERVICE=
+++ config.base[25]export CLUSTERS_DTN=
+++ config.base[25]CLUSTERS_DTN=
+++ config.base[28]export HPSS_PROJECT=emc-global
+++ config.base[28]HPSS_PROJECT=emc-global
+++ config.base[31]export HOMEgfs=/work2/noaa/global/role-global/GFS_CI_CD/ORION/CI/3645/global-workflow
+++ config.base[31]HOMEgfs=/work2/noaa/global/role-global/GFS_CI_CD/ORION/CI/3645/global-workflow
+++ config.base[32]export EXECgfs=/work2/noaa/global/role-global/GFS_CI_CD/ORION/CI/3645/global-workflow/exec
+++ config.base[32]EXECgfs=/work2/noaa/global/role-global/GFS_CI_CD/ORION/CI/3645/global-workflow/exec
+++ config.base[33]export FIXgfs=/work2/noaa/global/role-global/GFS_CI_CD/ORION/CI/3645/global-workflow/fix
+++ config.base[33]FIXgfs=/work2/noaa/global/role-global/GFS_CI_CD/ORION/CI/3645/global-workflow/fix
+++ config.base[34]export PARMgfs=/work2/noaa/global/role-global/GFS_CI_CD/ORION/CI/3645/global-workflow/parm
+++ config.base[34]PARMgfs=/work2/noaa/global/role-global/GFS_CI_CD/ORION/CI/3645/global-workflow/parm
+++ config.base[35]export SCRgfs=/work2/noaa/global/role-global/GFS_CI_CD/ORION/CI/3645/global-workflow/scripts
+++ config.base[35]SCRgfs=/work2/noaa/global/role-global/GFS_CI_CD/ORION/CI/3645/global-workflow/scripts
+++ config.base[36]export USHgfs=/work2/noaa/global/role-global/GFS_CI_CD/ORION/CI/3645/global-workflow/ush
+++ config.base[36]USHgfs=/work2/noaa/global/role-global/GFS_CI_CD/ORION/CI/3645/global-workflow/ush
+++ config.base[38]export FIXam=/work2/noaa/global/role-global/GFS_CI_CD/ORION/CI/3645/global-workflow/fix/am
+++ config.base[38]FIXam=/work2/noaa/global/role-global/GFS_CI_CD/ORION/CI/3645/global-workflow/fix/am
+++ config.base[39]export FIXaer=/work2/noaa/global/role-global/GFS_CI_CD/ORION/CI/3645/global-workflow/fix/aer
+++ config.base[39]FIXaer=/work2/noaa/global/role-global/GFS_CI_CD/ORION/CI/3645/global-workflow/fix/aer
+++ config.base[40]export FIXcpl=/work2/noaa/global/role-global/GFS_CI_CD/ORION/CI/3645/global-workflow/fix/cpl
+++ config.base[40]FIXcpl=/work2/noaa/global/role-global/GFS_CI_CD/ORION/CI/3645/global-workflow/fix/cpl
+++ config.base[41]export FIXlut=/work2/noaa/global/role-global/GFS_CI_CD/ORION/CI/3645/global-workflow/fix/lut
+++ config.base[41]FIXlut=/work2/noaa/global/role-global/GFS_CI_CD/ORION/CI/3645/global-workflow/fix/lut
+++ config.base[42]export FIXcice=/work2/noaa/global/role-global/GFS_CI_CD/ORION/CI/3645/global-workflow/fix/cice
+++ config.base[42]FIXcice=/work2/noaa/global/role-global/GFS_CI_CD/ORION/CI/3645/global-workflow/fix/cice
+++ config.base[43]export FIXmom=/work2/noaa/global/role-global/GFS_CI_CD/ORION/CI/3645/global-workflow/fix/mom6
+++ config.base[43]FIXmom=/work2/noaa/global/role-global/GFS_CI_CD/ORION/CI/3645/global-workflow/fix/mom6
+++ config.base[44]export FIXreg2grb2=/work2/noaa/global/role-global/GFS_CI_CD/ORION/CI/3645/global-workflow/fix/reg2grb2
+++ config.base[44]FIXreg2grb2=/work2/noaa/global/role-global/GFS_CI_CD/ORION/CI/3645/global-workflow/fix/reg2grb2
+++ config.base[45]export FIXgdas=/work2/noaa/global/role-global/GFS_CI_CD/ORION/CI/3645/global-workflow/fix/gdas
+++ config.base[45]FIXgdas=/work2/noaa/global/role-global/GFS_CI_CD/ORION/CI/3645/global-workflow/fix/gdas
+++ config.base[50]export PACKAGEROOT=/work2/noaa/global/role-global/nwpara
+++ config.base[50]PACKAGEROOT=/work2/noaa/global/role-global/nwpara
+++ config.base[51]export COMROOT=/work2/noaa/global/role-global/GFS_CI_CD/ORION/CI/3645/RUNTESTS/COMROOT
+++ config.base[51]COMROOT=/work2/noaa/global/role-global/GFS_CI_CD/ORION/CI/3645/RUNTESTS/COMROOT
+++ config.base[52]export COMINsyn=/work2/noaa/global/role-global/com/gfs/prod/syndat
+++ config.base[52]COMINsyn=/work2/noaa/global/role-global/com/gfs/prod/syndat
+++ config.base[53]export DMPDIR=/work/noaa/rstprod/dump
+++ config.base[53]DMPDIR=/work/noaa/rstprod/dump
+++ config.base[57]export COMINecmwf=/work2/noaa/global/role-global/data/external_gempak/ecmwf
+++ config.base[57]COMINecmwf=/work2/noaa/global/role-global/data/external_gempak/ecmwf
+++ config.base[58]export COMINnam=/work2/noaa/global/role-global/data/external_gempak/nam
+++ config.base[58]COMINnam=/work2/noaa/global/role-global/data/external_gempak/nam
+++ config.base[59]export COMINukmet=/work2/noaa/global/role-global/data/external_gempak/ukmet
+++ config.base[59]COMINukmet=/work2/noaa/global/role-global/data/external_gempak/ukmet
+++ config.base[62]export HOMEDIR=/work2/noaa/global/role-global
+++ config.base[62]HOMEDIR=/work2/noaa/global/role-global
+++ config.base[63]export STMP=/work2/noaa/stmp/role-global/ORION
+++ config.base[63]STMP=/work2/noaa/stmp/role-global/ORION
+++ config.base[64]export PTMP=/work2/noaa/stmp/role-global/ORION
+++ config.base[64]PTMP=/work2/noaa/stmp/role-global/ORION
+++ config.base[65]export NOSCRUB=/work2/noaa/global/role-global
+++ config.base[65]NOSCRUB=/work2/noaa/global/role-global
+++ config.base[68]export BASE_GIT=/work2/noaa/global/role-global/git
+++ config.base[68]BASE_GIT=/work2/noaa/global/role-global/git
+++ config.base[71]export BASE_DATA=/work2/noaa/global/role-global/data
+++ config.base[71]BASE_DATA=/work2/noaa/global/role-global/data
+++ config.base[74]export DO_PREP_SFC=NO
+++ config.base[74]DO_PREP_SFC=NO
+++ config.base[77]export DO_GOES=NO
+++ config.base[77]DO_GOES=NO
+++ config.base[78]export DO_BUFRSND=NO
+++ config.base[78]DO_BUFRSND=NO
+++ config.base[79]export DO_GEMPAK=NO
+++ config.base[79]DO_GEMPAK=NO
+++ config.base[80]export DO_AWIPS=NO
+++ config.base[80]DO_AWIPS=NO
+++ config.base[81]export DO_NPOESS=NO
+++ config.base[81]DO_NPOESS=NO
+++ config.base[82]export DO_TRACKER=YES
+++ config.base[82]DO_TRACKER=YES
+++ config.base[83]export DO_GENESIS=YES
+++ config.base[83]DO_GENESIS=YES
+++ config.base[84]export DO_GENESIS_FSU=NO
+++ config.base[84]DO_GENESIS_FSU=NO
+++ config.base[85]export DO_VERFOZN=YES
+++ config.base[85]DO_VERFOZN=YES
+++ config.base[86]export DO_VERFRAD=YES
+++ config.base[86]DO_VERFRAD=YES
+++ config.base[87]export DO_VMINMON=YES
+++ config.base[87]DO_VMINMON=YES
+++ config.base[88]export DO_ANLSTAT=NO
+++ config.base[88]DO_ANLSTAT=NO
+++ config.base[91]export MODE=forecast-only
+++ config.base[91]MODE=forecast-only
+++ config.base[92]export DO_TEST_MODE=YES
+++ config.base[92]DO_TEST_MODE=YES
+++ config.base[101]export FIXgsi=/work2/noaa/global/role-global/GFS_CI_CD/ORION/CI/3645/global-workflow/fix/gsi
+++ config.base[101]FIXgsi=/work2/noaa/global/role-global/GFS_CI_CD/ORION/CI/3645/global-workflow/fix/gsi
+++ config.base[102]export HOMEpost=/work2/noaa/global/role-global/GFS_CI_CD/ORION/CI/3645/global-workflow
+++ config.base[102]HOMEpost=/work2/noaa/global/role-global/GFS_CI_CD/ORION/CI/3645/global-workflow
+++ config.base[103]export HOMEobsproc=/work2/noaa/global/role-global/git/obsproc/v1.2.0
+++ config.base[103]HOMEobsproc=/work2/noaa/global/role-global/git/obsproc/v1.2.0
+++ config.base[106]export NMV=/bin/mv
+++ config.base[106]NMV=/bin/mv
+++ config.base[107]export 'NLN=/bin/ln -sf'
+++ config.base[107]NLN='/bin/ln -sf'
+++ config.base[108]export VERBOSE=YES
+++ config.base[108]VERBOSE=YES
+++ config.base[109]export KEEPDATA=NO
+++ config.base[109]KEEPDATA=NO
+++ config.base[110]export DEBUG_POSTSCRIPT=NO
+++ config.base[110]DEBUG_POSTSCRIPT=NO
+++ config.base[111]export CHGRP_RSTPROD=YES
+++ config.base[111]CHGRP_RSTPROD=YES
+++ config.base[112]export 'CHGRP_CMD=chgrp rstprod'
+++ config.base[112]CHGRP_CMD='chgrp rstprod'
+++ config.base[113]export NCDUMP=/work/noaa/epic/role-epic/spack-stack/orion/spack-stack-1.6.0/envs/unified-env-rocky9/install/intel/2021.9.0/netcdf-c-4.9.2-oup2wyi/bin/ncdump
+++ config.base[113]NCDUMP=/work/noaa/epic/role-epic/spack-stack/orion/spack-stack-1.6.0/envs/unified-env-rocky9/install/intel/2021.9.0/netcdf-c-4.9.2-oup2wyi/bin/ncdump
+++ config.base[114]export NCLEN=/work2/noaa/global/role-global/GFS_CI_CD/ORION/CI/3645/global-workflow/ush/getncdimlen
+++ config.base[114]NCLEN=/work2/noaa/global/role-global/GFS_CI_CD/ORION/CI/3645/global-workflow/ush/getncdimlen
+++ config.base[117]export BASE_ENV=/work2/noaa/global/role-global/GFS_CI_CD/ORION/CI/3645/global-workflow/env
+++ config.base[117]BASE_ENV=/work2/noaa/global/role-global/GFS_CI_CD/ORION/CI/3645/global-workflow/env
+++ config.base[120]export SDATE=2021032312
+++ config.base[120]SDATE=2021032312
+++ config.base[121]export EDATE=2021032312
+++ config.base[121]EDATE=2021032312
+++ config.base[122]export EXP_WARM_START=.false.
+++ config.base[122]EXP_WARM_START=.false.
+++ config.base[123]export assim_freq=6
+++ config.base[123]assim_freq=6
+++ config.base[124]export PSLOT=C48_ATM_5f8999c6
+++ config.base[124]PSLOT=C48_ATM_5f8999c6
+++ config.base[125]export EXPDIR=/work2/noaa/global/role-global/GFS_CI_CD/ORION/CI/3645/RUNTESTS/EXPDIR/C48_ATM_5f8999c6
+++ config.base[125]EXPDIR=/work2/noaa/global/role-global/GFS_CI_CD/ORION/CI/3645/RUNTESTS/EXPDIR/C48_ATM_5f8999c6
+++ config.base[126]export ROTDIR=/work2/noaa/global/role-global/GFS_CI_CD/ORION/CI/3645/RUNTESTS/COMROOT/C48_ATM_5f8999c6
+++ config.base[126]ROTDIR=/work2/noaa/global/role-global/GFS_CI_CD/ORION/CI/3645/RUNTESTS/COMROOT/C48_ATM_5f8999c6
+++ config.base[127]export DUMP_SUFFIX=
+++ config.base[127]DUMP_SUFFIX=
+++ config.base[128][[ 2021032312 -ge 2019092100 ]]
+++ config.base[128][[ 2021032312 -le 2019110700 ]]
+++ config.base[131]export ARCDIR=/work2/noaa/global/role-global/archive/C48_ATM_5f8999c6
+++ config.base[131]ARCDIR=/work2/noaa/global/role-global/archive/C48_ATM_5f8999c6
+++ config.base[132]export ATARDIR=/NCEPDEV/emc-global/1year/role-global/ORION/scratch/C48_ATM_5f8999c6
+++ config.base[132]ATARDIR=/NCEPDEV/emc-global/1year/role-global/ORION/scratch/C48_ATM_5f8999c6
+++ config.base[133]export FETCHDIR=/NCEPDEV/emc-global/1year/David.Grumm/test_data
+++ config.base[133]FETCHDIR=/NCEPDEV/emc-global/1year/David.Grumm/test_data
+++ config.base[136]export envir=prod
+++ config.base[136]envir=prod
+++ config.base[137]export NET=gfs
+++ config.base[137]NET=gfs
+++ config.base[138]export RUN=gfs
+++ config.base[138]RUN=gfs
+++ config.base[141]source /work2/noaa/global/role-global/GFS_CI_CD/ORION/CI/3645/RUNTESTS/EXPDIR/C48_ATM_5f8999c6/config.com
++++ config.com[4]echo 'BEGIN: config.com'
BEGIN: config.com
++++ config.com[38][[ emc == \n\c\o ]]
++++ config.com[43]COM_OBSPROC_TMPL='${DMPDIR}/${RUN}${DUMP_SUFFIX}.${YMD}/${HH}/atmos'
++++ config.com[44]COM_RTOFS_TMPL='${DMPDIR}'
++++ config.com[45]COM_TCVITAL_TMPL='${DMPDIR}/${RUN}.${YMD}/${HH}/atmos'
++++ config.com[47]declare -rx 'COM_OBS_TMPL=${ROTDIR}/${RUN}.${YMD}/${HH}/obs'
++++ config.com[48]declare -rx COM_OBSPROC_TMPL COM_RTOFS_TMPL
++++ config.com[50]COM_BASE='${ROTDIR}/${RUN}.${YMD}/${HH}/${MEMDIR}'
++++ config.com[52]declare -rx 'COM_TOP_TMPL=${ROTDIR}/${RUN}.${YMD}/${HH}'
++++ config.com[54]declare -rx 'COM_CONF_TMPL=${ROTDIR}/${RUN}.${YMD}/${HH}/${MEMDIR}/conf'
++++ config.com[55]declare -rx 'COM_OBS_JEDI=${ROTDIR}/${RUN}.${YMD}/${HH}/${MEMDIR}/obs_jedi'
++++ config.com[57]declare -rx 'COM_ATMOS_INPUT_TMPL=${ROTDIR}/${RUN}.${YMD}/${HH}/${MEMDIR}/model/atmos/input'
++++ config.com[58]declare -rx 'COM_ATMOS_RESTART_TMPL=${ROTDIR}/${RUN}.${YMD}/${HH}/${MEMDIR}/model/atmos/restart'
++++ config.com[59]declare -rx 'COM_ATMOS_ANALYSIS_TMPL=${ROTDIR}/${RUN}.${YMD}/${HH}/${MEMDIR}/analysis/atmos'
++++ config.com[60]declare -rx 'COM_SNOW_ANALYSIS_TMPL=${ROTDIR}/${RUN}.${YMD}/${HH}/${MEMDIR}/analysis/snow'
++++ config.com[61]declare -rx 'COM_SNOW_ANLMON_TMPL=${ROTDIR}/${RUN}.${YMD}/${HH}/${MEMDIR}/products/snow/anlmon'
++++ config.com[62]declare -rx 'COM_ATMOS_HISTORY_TMPL=${ROTDIR}/${RUN}.${YMD}/${HH}/${MEMDIR}/model/atmos/history'
++++ config.com[63]declare -rx 'COM_ATMOS_MASTER_TMPL=${ROTDIR}/${RUN}.${YMD}/${HH}/${MEMDIR}/model/atmos/master'
++++ config.com[64]declare -rx 'COM_ATMOS_GRIB_TMPL=${ROTDIR}/${RUN}.${YMD}/${HH}/${MEMDIR}/products/atmos/grib2'
++++ config.com[65]declare -rx 'COM_ATMOS_GRIB_GRID_TMPL=${ROTDIR}/${RUN}.${YMD}/${HH}/${MEMDIR}/products/atmos/grib2/${GRID}'
++++ config.com[66]declare -rx 'COM_ATMOS_BUFR_TMPL=${ROTDIR}/${RUN}.${YMD}/${HH}/${MEMDIR}/products/atmos/bufr'
++++ config.com[67]declare -rx 'COM_ATMOS_GEMPAK_TMPL=${ROTDIR}/${RUN}.${YMD}/${HH}/${MEMDIR}/products/atmos/gempak/${GRID}'
++++ config.com[68]declare -rx 'COM_ATMOS_GENESIS_TMPL=${ROTDIR}/${RUN}.${YMD}/${HH}/${MEMDIR}/products/atmos/cyclone/genesis_vital'
++++ config.com[69]declare -rx 'COM_ATMOS_TRACK_TMPL=${ROTDIR}/${RUN}.${YMD}/${HH}/${MEMDIR}/products/atmos/cyclone/tracks'
++++ config.com[70]declare -rx 'COM_ATMOS_GOES_TMPL=${ROTDIR}/${RUN}.${YMD}/${HH}/${MEMDIR}/products/atmos/goes_sim'
++++ config.com[71]declare -rx 'COM_ATMOS_IMAGERY_TMPL=${ROTDIR}/${RUN}.${YMD}/${HH}/${MEMDIR}/products/atmos/imagery'
++++ config.com[72]declare -rx 'COM_ATMOS_OZNMON_TMPL=${ROTDIR}/${RUN}.${YMD}/${HH}/${MEMDIR}/products/atmos/oznmon'
++++ config.com[73]declare -rx 'COM_ATMOS_RADMON_TMPL=${ROTDIR}/${RUN}.${YMD}/${HH}/${MEMDIR}/products/atmos/radmon'
++++ config.com[74]declare -rx 'COM_ATMOS_MINMON_TMPL=${ROTDIR}/${RUN}.${YMD}/${HH}/${MEMDIR}/products/atmos/minmon'
++++ config.com[75]declare -rx 'COM_ATMOS_ANLMON_TMPL=${ROTDIR}/${RUN}.${YMD}/${HH}/${MEMDIR}/products/atmos/anlmon'
++++ config.com[76]declare -rx 'COM_ATMOS_WMO_TMPL=${ROTDIR}/${RUN}.${YMD}/${HH}/${MEMDIR}/products/atmos/wmo'
++++ config.com[78]declare -rx 'COM_WAVE_RESTART_TMPL=${ROTDIR}/${RUN}.${YMD}/${HH}/${MEMDIR}/model/wave/restart'
++++ config.com[79]declare -rx 'COM_WAVE_PREP_TMPL=${ROTDIR}/${RUN}.${YMD}/${HH}/${MEMDIR}/model/wave/prep'
++++ config.com[80]declare -rx 'COM_WAVE_HISTORY_TMPL=${ROTDIR}/${RUN}.${YMD}/${HH}/${MEMDIR}/model/wave/history'
++++ config.com[81]declare -rx 'COM_WAVE_GRID_TMPL=${ROTDIR}/${RUN}.${YMD}/${HH}/${MEMDIR}/products/wave/gridded'
++++ config.com[82]declare -rx 'COM_WAVE_GRID_RES_TMPL=${ROTDIR}/${RUN}.${YMD}/${HH}/${MEMDIR}/products/wave/gridded/${GRDRESNAME}'
++++ config.com[83]declare -rx 'COM_WAVE_STATION_TMPL=${ROTDIR}/${RUN}.${YMD}/${HH}/${MEMDIR}/products/wave/station'
++++ config.com[84]declare -rx 'COM_WAVE_GEMPAK_TMPL=${ROTDIR}/${RUN}.${YMD}/${HH}/${MEMDIR}/products/wave/gempak'
++++ config.com[85]declare -rx 'COM_WAVE_WMO_TMPL=${ROTDIR}/${RUN}.${YMD}/${HH}/${MEMDIR}/products/wave/wmo'
++++ config.com[87]declare -rx 'COM_OCEAN_HISTORY_TMPL=${ROTDIR}/${RUN}.${YMD}/${HH}/${MEMDIR}/model/ocean/history'
++++ config.com[88]declare -rx 'COM_OCEAN_RESTART_TMPL=${ROTDIR}/${RUN}.${YMD}/${HH}/${MEMDIR}/model/ocean/restart'
++++ config.com[89]declare -rx 'COM_OCEAN_INPUT_TMPL=${ROTDIR}/${RUN}.${YMD}/${HH}/${MEMDIR}/model/ocean/input'
++++ config.com[90]declare -rx 'COM_OCEAN_ANALYSIS_TMPL=${ROTDIR}/${RUN}.${YMD}/${HH}/${MEMDIR}/analysis/ocean'
++++ config.com[91]declare -rx 'COM_OCEAN_ANLMON_TMPL=${ROTDIR}/${RUN}.${YMD}/${HH}/${MEMDIR}/products/ocean/anlmon'
++++ config.com[92]declare -rx 'COM_OCEAN_LETKF_TMPL=${ROTDIR}/${RUN}.${YMD}/${HH}/${MEMDIR}/analysis/ocean/letkf'
++++ config.com[93]declare -rx 'COM_OCEAN_BMATRIX_TMPL=${ROTDIR}/${RUN}.${YMD}/${HH}/${MEMDIR}/bmatrix/ocean'
++++ config.com[94]declare -rx 'COM_OCEAN_NETCDF_TMPL=${ROTDIR}/${RUN}.${YMD}/${HH}/${MEMDIR}/products/ocean/netcdf'
++++ config.com[95]declare -rx 'COM_OCEAN_GRIB_TMPL=${ROTDIR}/${RUN}.${YMD}/${HH}/${MEMDIR}/products/ocean/grib2'
++++ config.com[96]declare -rx 'COM_OCEAN_GRIB_GRID_TMPL=${ROTDIR}/${RUN}.${YMD}/${HH}/${MEMDIR}/products/ocean/grib2/${GRID}'
++++ config.com[98]declare -rx 'COM_ICE_ANALYSIS_TMPL=${ROTDIR}/${RUN}.${YMD}/${HH}/${MEMDIR}/analysis/ice'
++++ config.com[99]declare -rx 'COM_ICE_LETKF_TMPL=${ROTDIR}/${RUN}.${YMD}/${HH}/${MEMDIR}/analysis/ice/letkf'
++++ config.com[100]declare -rx 'COM_ICE_ANLMON_TMPL=${ROTDIR}/${RUN}.${YMD}/${HH}/${MEMDIR}/products/ice/anlmon'
++++ config.com[101]declare -rx 'COM_ICE_BMATRIX_TMPL=${ROTDIR}/${RUN}.${YMD}/${HH}/${MEMDIR}/bmatrix/ice'
++++ config.com[102]declare -rx 'COM_ICE_INPUT_TMPL=${ROTDIR}/${RUN}.${YMD}/${HH}/${MEMDIR}/model/ice/input'
++++ config.com[103]declare -rx 'COM_ICE_HISTORY_TMPL=${ROTDIR}/${RUN}.${YMD}/${HH}/${MEMDIR}/model/ice/history'
++++ config.com[104]declare -rx 'COM_ICE_RESTART_TMPL=${ROTDIR}/${RUN}.${YMD}/${HH}/${MEMDIR}/model/ice/restart'
++++ config.com[105]declare -rx 'COM_ICE_NETCDF_TMPL=${ROTDIR}/${RUN}.${YMD}/${HH}/${MEMDIR}/products/ice/netcdf'
++++ config.com[106]declare -rx 'COM_ICE_GRIB_TMPL=${ROTDIR}/${RUN}.${YMD}/${HH}/${MEMDIR}/products/ice/grib2'
++++ config.com[107]declare -rx 'COM_ICE_GRIB_GRID_TMPL=${ROTDIR}/${RUN}.${YMD}/${HH}/${MEMDIR}/products/ice/grib2/${GRID}'
++++ config.com[109]declare -rx 'COM_CHEM_HISTORY_TMPL=${ROTDIR}/${RUN}.${YMD}/${HH}/${MEMDIR}/model/chem/history'
++++ config.com[110]declare -rx 'COM_CHEM_ANALYSIS_TMPL=${ROTDIR}/${RUN}.${YMD}/${HH}/${MEMDIR}/analysis/chem'
++++ config.com[111]declare -rx 'COM_CHEM_BMAT_TMPL=${ROTDIR}/${RUN}.${YMD}/${HH}/${MEMDIR}/analysis/chem/bmatrix'
++++ config.com[112]declare -rx 'COM_CHEM_ANLMON_TMPL=${ROTDIR}/${RUN}.${YMD}/${HH}/${MEMDIR}/products/chem/anlmon'
++++ config.com[114]declare -rx 'COM_MED_RESTART_TMPL=${ROTDIR}/${RUN}.${YMD}/${HH}/${MEMDIR}/model/med/restart'
+++ config.base[143]export LOGSCRIPT=
+++ config.base[143]LOGSCRIPT=
+++ config.base[145]export 'REDOUT=1>'
+++ config.base[145]REDOUT='1>'
+++ config.base[146]export 'REDERR=2>'
+++ config.base[146]REDERR='2>'
+++ config.base[148]export SENDECF=NO
+++ config.base[148]SENDECF=NO
+++ config.base[149]export SENDSDM=NO
+++ config.base[149]SENDSDM=NO
+++ config.base[150]export SENDDBN_NTC=NO
+++ config.base[150]SENDDBN_NTC=NO
+++ config.base[151]export SENDDBN=NO
+++ config.base[151]SENDDBN=NO
+++ config.base[152]export DBNROOT=/work/noaa/epic/role-epic/spack-stack/orion/spack-stack-1.6.0/envs/unified-env-rocky9/install/intel/2021.9.0/prod-util-2.1.1-g53ohf4/fakedbn
+++ config.base[152]DBNROOT=/work/noaa/epic/role-epic/spack-stack/orion/spack-stack-1.6.0/envs/unified-env-rocky9/install/intel/2021.9.0/prod-util-2.1.1-g53ohf4/fakedbn
+++ config.base[155]export APP=ATM
+++ config.base[155]APP=ATM
+++ config.base[157]shopt -s extglob
+++ config.base[160]case "${RUN}" in
+++ config.base[167]shopt -u extglob
+++ config.base[170]export DO_ATM=YES
+++ config.base[170]DO_ATM=YES
+++ config.base[171]export DO_COUPLED=NO
+++ config.base[171]DO_COUPLED=NO
+++ config.base[172]export DO_WAVE=NO
+++ config.base[172]DO_WAVE=NO
+++ config.base[173]export DO_OCN=NO
+++ config.base[173]DO_OCN=NO
+++ config.base[174]export DO_ICE=NO
+++ config.base[174]DO_ICE=NO
+++ config.base[175]DO_AERO=NO
+++ config.base[176]export DO_PREP_OBS_AERO=NO
+++ config.base[176]DO_PREP_OBS_AERO=NO
+++ config.base[177]aero_fcst_runs=gdas
+++ config.base[178]aero_anl_runs='gdas gfs'
+++ config.base[179]export DO_AERO_FCST=NO
+++ config.base[179]DO_AERO_FCST=NO
+++ config.base[180]export DO_AERO_ANL=NO
+++ config.base[180]DO_AERO_ANL=NO
+++ config.base[181]export DOBNDPNT_WAVE=YES
+++ config.base[181]DOBNDPNT_WAVE=YES
+++ config.base[182]export DOIBP_WAV=NO
+++ config.base[182]DOIBP_WAV=NO
+++ config.base[183]export FRAC_GRID=.true.
+++ config.base[183]FRAC_GRID=.true.
+++ config.base[184]export DO_NEST=NO
+++ config.base[184]DO_NEST=NO
+++ config.base[185][[ NO == \Y\E\S ]]
+++ config.base[191]export ntiles=6
+++ config.base[191]ntiles=6
+++ config.base[192]export FIXugwd=/work2/noaa/global/role-global/GFS_CI_CD/ORION/CI/3645/global-workflow/fix/ugwd
+++ config.base[192]FIXugwd=/work2/noaa/global/role-global/GFS_CI_CD/ORION/CI/3645/global-workflow/fix/ugwd
+++ config.base[193]export FIXorog=/work2/noaa/global/role-global/GFS_CI_CD/ORION/CI/3645/global-workflow/fix/orog
+++ config.base[193]FIXorog=/work2/noaa/global/role-global/GFS_CI_CD/ORION/CI/3645/global-workflow/fix/orog
+++ config.base[197]export OPS_RES=C768
+++ config.base[197]OPS_RES=C768
+++ config.base[200]export LEVS=128
+++ config.base[200]LEVS=128
+++ config.base[201]export CASE=C48
+++ config.base[201]CASE=C48
+++ config.base[202]export 'CASE_ENS={{ CASE_ENS }}'
+++ config.base[202]CASE_ENS='{{ CASE_ENS }}'
+++ config.base[203]export OCNRES=500
+++ config.base[203]OCNRES=500
+++ config.base[204]export ICERES=500
+++ config.base[204]ICERES=500
+++ config.base[207]case "${CASE}" in
+++ config.base[209]export waveGRD=uglo_100km
+++ config.base[209]waveGRD=uglo_100km
+++ config.base[226]case "${APP}" in
+++ config.base[261][[ NO == \Y\E\S ]]
+++ config.base[271][[ gfs =~ gdas ]]
+++ config.base[274][[ gfs =~ gfs ]]
+++ config.base[275]export FHCYC=24
+++ config.base[275]FHCYC=24
+++ config.base[279]export FHMIN=0
+++ config.base[279]FHMIN=0
+++ config.base[280]export FHMAX=9
+++ config.base[280]FHMAX=9
+++ config.base[281]export FHOUT=3
+++ config.base[281]FHOUT=3
+++ config.base[282]export FHOUT_OCN=3
+++ config.base[282]FHOUT_OCN=3
+++ config.base[283]export FHOUT_ICE=3
+++ config.base[283]FHOUT_ICE=3
+++ config.base[284]export FHOUT_AERO=3
+++ config.base[284]FHOUT_AERO=3
+++ config.base[287]export EUPD_CYC=gdas
+++ config.base[287]EUPD_CYC=gdas
+++ config.base[290]export INTERVAL_GFS=6
+++ config.base[290]INTERVAL_GFS=6
+++ config.base[291]export SDATE_GFS=2021032312
+++ config.base[291]SDATE_GFS=2021032312
+++ config.base[294]export FHMIN_GFS=0
+++ config.base[294]FHMIN_GFS=0
+++ config.base[295]export FHMAX_GFS=120
+++ config.base[295]FHMAX_GFS=120
+++ config.base[297]breakpnts=
+++ config.base[298]export FCST_SEGMENTS=0,120
+++ config.base[298]FCST_SEGMENTS=0,120
+++ config.base[299]export FHOUT_GFS=3
+++ config.base[299]FHOUT_GFS=3
+++ config.base[300]export FHMAX_HF_GFS=0
+++ config.base[300]FHMAX_HF_GFS=0
+++ config.base[301]export FHOUT_HF_GFS=1
+++ config.base[301]FHOUT_HF_GFS=1
+++ config.base[302]export FHOUT_OCN_GFS=6
+++ config.base[302]FHOUT_OCN_GFS=6
+++ config.base[303]export FHOUT_ICE_GFS=6
+++ config.base[303]FHOUT_ICE_GFS=6
+++ config.base[304]export FHMIN_WAV=0
+++ config.base[304]FHMIN_WAV=0
+++ config.base[305]export FHOUT_WAV=3
+++ config.base[305]FHOUT_WAV=3
+++ config.base[306]export FHMAX_HF_WAV=120
+++ config.base[306]FHMAX_HF_WAV=120
+++ config.base[307]export FHOUT_HF_WAV=1
+++ config.base[307]FHOUT_HF_WAV=1
+++ config.base[308]export FHMAX_WAV=9
+++ config.base[308]FHMAX_WAV=9
+++ config.base[309]export FHMAX_WAV_GFS=120
+++ config.base[309]FHMAX_WAV_GFS=120
+++ config.base[310]export FHMAX_HF_GFS=0
+++ config.base[310]FHMAX_HF_GFS=0
+++ config.base[311]export FHMAX_WAV=9
+++ config.base[311]FHMAX_WAV=9
+++ config.base[312]export FHMAX_WAV_GFS=120
+++ config.base[312]FHMAX_WAV_GFS=120
+++ config.base[313]export FHMAX_HF_WAV=120
+++ config.base[313]FHMAX_HF_WAV=120
+++ config.base[316]export ILPOST=1
+++ config.base[316]ILPOST=1
+++ config.base[317]((  FHMAX_HF_GFS < 120  ))
+++ config.base[318]export ILPOST=3
+++ config.base[318]ILPOST=3
+++ config.base[322]export FHMAX_GOES=180
+++ config.base[322]FHMAX_GOES=180
+++ config.base[323]export FHOUT_GOES=3
+++ config.base[323]FHOUT_GOES=3
+++ config.base[324]((  FHMAX_GOES > FHMAX_GFS  ))
+++ config.base[325]export FHMAX_GOES=120
+++ config.base[325]FHMAX_GOES=120
+++ config.base[329]export restart_interval_gfs=12
+++ config.base[329]restart_interval_gfs=12
+++ config.base[334]export QUILTING=.true.
+++ config.base[334]QUILTING=.true.
+++ config.base[335]export OUTPUT_GRID=gaussian_grid
+++ config.base[335]OUTPUT_GRID=gaussian_grid
+++ config.base[336]export WRITE_DOPOST=.true.
+++ config.base[336]WRITE_DOPOST=.true.
+++ config.base[337]export WRITE_NSFLIP=.true.
+++ config.base[337]WRITE_NSFLIP=.true.
+++ config.base[340]export DOIAU=YES
+++ config.base[340]DOIAU=YES
+++ config.base[341]export IAUFHRS=3,6,9
+++ config.base[341]IAUFHRS=3,6,9
+++ config.base[342]export IAU_FHROT=3
+++ config.base[342]IAU_FHROT=3
+++ config.base[343]export IAU_DELTHRS=6
+++ config.base[343]IAU_DELTHRS=6
+++ config.base[344]export IAU_OFFSET=6
+++ config.base[344]IAU_OFFSET=6
+++ config.base[345]export DOIAU_ENKF=YES
+++ config.base[345]DOIAU_ENKF=YES
+++ config.base[346]export IAUFHRS_ENKF=3,6,9
+++ config.base[346]IAUFHRS_ENKF=3,6,9
+++ config.base[347]export IAU_DELTHRS_ENKF=6
+++ config.base[347]IAU_DELTHRS_ENKF=6
+++ config.base[350]export lobsdiag_forenkf=.true.
+++ config.base[350]lobsdiag_forenkf=.true.
+++ config.base[358]export imp_physics=8
+++ config.base[358]imp_physics=8
+++ config.base[362]export DO_JEDIATMVAR=NO
+++ config.base[362]DO_JEDIATMVAR=NO
+++ config.base[363]export DO_JEDIATMENS=NO
+++ config.base[363]DO_JEDIATMENS=NO
+++ config.base[364]export DO_JEDIOCNVAR=NO
+++ config.base[364]DO_JEDIOCNVAR=NO
+++ config.base[365]export DO_JEDISNOWDA=NO
+++ config.base[365]DO_JEDISNOWDA=NO
+++ config.base[366]export DO_MERGENSST=NO
+++ config.base[366]DO_MERGENSST=NO
+++ config.base[367]export DO_STARTMEM_FROM_JEDIICE=NO
+++ config.base[367]DO_STARTMEM_FROM_JEDIICE=NO
+++ config.base[370]export 'DOHYBVAR={{ DOHYBVAR }}'
+++ config.base[370]DOHYBVAR='{{ DOHYBVAR }}'
+++ config.base[371]export DOHYBVAR_OCN=NO
+++ config.base[371]DOHYBVAR_OCN=NO
+++ config.base[372]export DOLETKF_OCN=NO
+++ config.base[372]DOLETKF_OCN=NO
+++ config.base[373]export NMEM_ENS=0
+++ config.base[373]NMEM_ENS=0
+++ config.base[374]export SMOOTH_ENKF=NO
+++ config.base[374]SMOOTH_ENKF=NO
+++ config.base[375]export l4densvar=.true.
+++ config.base[375]l4densvar=.true.
+++ config.base[376]export lwrite4danl=.true.
+++ config.base[376]lwrite4danl=.true.
+++ config.base[377]export DO_CALC_INCREMENT=NO
+++ config.base[377]DO_CALC_INCREMENT=NO
+++ config.base[380]export NMEM_ENS_GFS=30
+++ config.base[380]NMEM_ENS_GFS=30
+++ config.base[381]export NMEM_ENS_GFS_OFFSET=20
+++ config.base[381]NMEM_ENS_GFS_OFFSET=20
+++ config.base[382]export DO_CALC_INCREMENT_ENKF_GFS=NO
+++ config.base[382]DO_CALC_INCREMENT_ENKF_GFS=NO
+++ config.base[385][[ {{ DOHYBVAR }} = \Y\E\S ]]
+++ config.base[399][[ {{ DOHYBVAR }} == \N\O ]]
+++ config.base[407]export ENKF_SPREAD=YES
+++ config.base[407]ENKF_SPREAD=YES
+++ config.base[410][[ forecast-only = \c\y\c\l\e\d ]]
+++ config.base[410][[ YES = \N\O ]]
+++ config.base[410][[ forecast-only = \f\o\r\e\c\a\s\t\-\o\n\l\y ]]
+++ config.base[410][[ .false. = \.\f\a\l\s\e\. ]]
+++ config.base[411]export IAU_OFFSET=0
+++ config.base[411]IAU_OFFSET=0
+++ config.base[412]export IAU_FHROT=0
+++ config.base[412]IAU_FHROT=0
+++ config.base[413]export IAUFHRS=6,
+++ config.base[413]IAUFHRS=6,
+++ config.base[416][[ YES = \N\O ]]
+++ config.base[420][[ YES == \Y\E\S ]]
+++ config.base[421]export restart_interval_enkfgdas=3
+++ config.base[421]restart_interval_enkfgdas=3
+++ config.base[426]export restart_interval_enkfgfs=3
+++ config.base[426]restart_interval_enkfgfs=3
+++ config.base[428][[ YES == \Y\E\S ]]
+++ config.base[429]export restart_interval_gdas=3
+++ config.base[429]restart_interval_gdas=3
+++ config.base[434]export DO_GSISOILDA=NO
+++ config.base[434]DO_GSISOILDA=NO
+++ config.base[437]export DONST=YES
+++ config.base[437]DONST=YES
+++ config.base[438][[ YES = \Y\E\S ]]
+++ config.base[438]export 'FNTSFA=        '
+++ config.base[438]FNTSFA='        '
+++ config.base[441]export nst_anl=.true.
+++ config.base[441]nst_anl=.true.
+++ config.base[444]export MAKE_NSSTBUFR=NO
+++ config.base[444]MAKE_NSSTBUFR=NO
+++ config.base[447]export MAKE_ACFTBUFR=NO
+++ config.base[447]MAKE_ACFTBUFR=NO
+++ config.base[450]export 'INCREMENTS_TO_ZERO='\''liq_wat_inc'\'','\''icmr_inc'\'','\''rwmr_inc'\'','\''snmr_inc'\'','\''grle_inc'\'''
+++ config.base[450]INCREMENTS_TO_ZERO=''\''liq_wat_inc'\'','\''icmr_inc'\'','\''rwmr_inc'\'','\''snmr_inc'\'','\''grle_inc'\'''
+++ config.base[453]export 'INCVARS_ZERO_STRAT='\''sphum_inc'\'','\''liq_wat_inc'\'','\''icmr_inc'\'','\''rwmr_inc'\'','\''snmr_inc'\'','\''grle_inc'\'''
+++ config.base[453]INCVARS_ZERO_STRAT=''\''sphum_inc'\'','\''liq_wat_inc'\'','\''icmr_inc'\'','\''rwmr_inc'\'','\''snmr_inc'\'','\''grle_inc'\'''
+++ config.base[454]export INCVARS_EFOLD=5
+++ config.base[454]INCVARS_EFOLD=5
+++ config.base[459]export netcdf_diag=.true.
+++ config.base[459]netcdf_diag=.true.
+++ config.base[460]export binary_diag=.false.
+++ config.base[460]binary_diag=.false.
+++ config.base[463]export DO_CA=YES
+++ config.base[463]DO_CA=YES
+++ config.base[466]export DO_METP=NO
+++ config.base[466]DO_METP=NO
+++ config.base[467]export DO_FIT2OBS=YES
+++ config.base[467]DO_FIT2OBS=YES
+++ config.base[470]export FHMAX_FITS=132
+++ config.base[470]FHMAX_FITS=132
+++ config.base[471][[ 132 -gt 120 ]]
+++ config.base[472]export FHMAX_FITS=120
+++ config.base[472]FHMAX_FITS=120
+++ config.base[477]export DO_FETCH_HPSS=NO
+++ config.base[477]DO_FETCH_HPSS=NO
+++ config.base[478]export DO_FETCH_LOCAL=NO
+++ config.base[478]DO_FETCH_LOCAL=NO
+++ config.base[481]export DO_ARCHCOM=NO
+++ config.base[481]DO_ARCHCOM=NO
+++ config.base[482]export ARCHCOM_TO=globus_hpss
+++ config.base[482]ARCHCOM_TO=globus_hpss
+++ config.base[485]export CLIENT_GLOBUS_UUID=869912fe-f6de-46c0-af10-b22efd84a022
+++ config.base[485]CLIENT_GLOBUS_UUID=869912fe-f6de-46c0-af10-b22efd84a022
+++ config.base[488][[ NO = \Y\E\S ]]
+++ config.base[495][[ NO = \Y\E\S ]]
+++ config.base[495][[ NO = \Y\E\S ]]
+++ config.base[495][[ NO = \Y\E\S\  ]]
+++ config.base[501]export REPLAY_ICS=NO
+++ config.base[501]REPLAY_ICS=NO
+++ config.base[502]export OFFSET_START_HOUR=0
+++ config.base[502]OFFSET_START_HOUR=0
+++ config.base[505]export NUM_SND_COLLECTIVES=9
+++ config.base[505]NUM_SND_COLLECTIVES=9
+++ config.base[507]echo 'END: config.base'
END: config.base
++ jjob_header.sh[106]true
++ jjob_header.sh[107]export err=0
++ jjob_header.sh[107]err=0
++ jjob_header.sh[108][[ 0 -ne 0 ]]
++ jjob_header.sh[105]for config in "${configs[@]:-''}"
++ jjob_header.sh[106]source /work2/noaa/global/role-global/GFS_CI_CD/ORION/CI/3645/RUNTESTS/EXPDIR/C48_ATM_5f8999c6/config.fcst
+++ config.fcst[6]echo 'BEGIN: config.fcst'
BEGIN: config.fcst
+++ config.fcst[8]export USE_ESMF_THREADING=YES
+++ config.fcst[8]USE_ESMF_THREADING=YES
+++ config.fcst[9]export COPY_FINAL_RESTARTS=NO
+++ config.fcst[9]COPY_FINAL_RESTARTS=NO
+++ config.fcst[12]string='--fv3 C48'
+++ config.fcst[13][[ NO == \Y\E\S ]]
+++ config.fcst[16][[ NO == \Y\E\S ]]
+++ config.fcst[19][[ NO == \Y\E\S ]]
+++ config.fcst[22][[ NO == \Y\E\S ]]
+++ config.fcst[27]source /work2/noaa/global/role-global/GFS_CI_CD/ORION/CI/3645/RUNTESTS/EXPDIR/C48_ATM_5f8999c6/config.ufs --fv3 C48
++++ config.ufs[9]echo 'BEGIN: config.ufs'
BEGIN: config.ufs
++++ config.ufs[11]((  2 <= 1  ))
++++ config.ufs[26]skip_mom6=true
++++ config.ufs[27]skip_cice6=true
++++ config.ufs[28]skip_ww3=true
++++ config.ufs[29]skip_gocart=true
++++ config.ufs[30]skip_mediator=true
++++ config.ufs[33]((  2 > 0  ))
++++ config.ufs[34]key=--fv3
++++ config.ufs[35]case "${key}" in
++++ config.ufs[37]fv3_res=C48
++++ config.ufs[38]shift
++++ config.ufs[63]shift
++++ config.ufs[33]((  0 > 0  ))
++++ config.ufs[67][[ true == \f\a\l\s\e ]]
++++ config.ufs[67][[ true == \f\a\l\s\e ]]
++++ config.ufs[67][[ true == \f\a\l\s\e ]]
++++ config.ufs[71][[ NO == \Y\E\S ]]
++++ config.ufs[84]export grid_type=-1
++++ config.ufs[84]grid_type=-1
++++ config.ufs[88]case "${fv3_res}" in
++++ config.ufs[90]export layout_x=2
++++ config.ufs[90]layout_x=2
++++ config.ufs[91]export layout_y=1
++++ config.ufs[91]layout_y=1
++++ config.ufs[92]export nthreads_fv3=1
++++ config.ufs[92]nthreads_fv3=1
++++ config.ufs[93]export nthreads_ufs=1
++++ config.ufs[93]nthreads_ufs=1
++++ config.ufs[94]export WRITE_GROUP=1
++++ config.ufs[94]WRITE_GROUP=1
++++ config.ufs[95]export WRTTASK_PER_GROUP_PER_THREAD_PER_TILE=1
++++ config.ufs[95]WRTTASK_PER_GROUP_PER_THREAD_PER_TILE=1
++++ config.ufs[99]export DELTIM=900
++++ config.ufs[99]DELTIM=900
++++ config.ufs[100]export xr_cnvcld=.false.
++++ config.ufs[100]xr_cnvcld=.false.
++++ config.ufs[101]export cdmbgwd=0.071,2.1,1.0,1.0
++++ config.ufs[101]cdmbgwd=0.071,2.1,1.0,1.0
++++ config.ufs[102]export cdmbgwd_gsl=40.0,1.77,1.0,1.0
++++ config.ufs[102]cdmbgwd_gsl=40.0,1.77,1.0,1.0
++++ config.ufs[103]export psl_gwd_dx_factor=6.0
++++ config.ufs[103]psl_gwd_dx_factor=6.0
++++ config.ufs[104]export knob_ugwp_tauamp=6.0e-3
++++ config.ufs[104]knob_ugwp_tauamp=6.0e-3
++++ config.ufs[105]export k_split=1
++++ config.ufs[105]k_split=1
++++ config.ufs[106]export n_split=4
++++ config.ufs[106]n_split=4
++++ config.ufs[107]export tau=8.0
++++ config.ufs[107]tau=8.0
++++ config.ufs[108]export rf_cutoff=100.0
++++ config.ufs[108]rf_cutoff=100.0
++++ config.ufs[109]export fv_sg_adj=3600
++++ config.ufs[109]fv_sg_adj=3600
++++ config.ufs[341]((  WRTTASK_PER_GROUP_PER_THREAD = WRTTASK_PER_GROUP_PER_THREAD_PER_TILE * 6  ))
++++ config.ufs[342]export WRTTASK_PER_GROUP_PER_THREAD
++++ config.ufs[344]((  ntasks_fv3 = layout_x * layout_y * 6  ))
++++ config.ufs[345][[ NO == \Y\E\S ]]
++++ config.ufs[348]export ntasks_fv3
++++ config.ufs[350]((  ntasks_quilt = WRITE_GROUP * WRTTASK_PER_GROUP_PER_THREAD  ))
++++ config.ufs[351]export ntasks_quilt
++++ config.ufs[355]case ${fv3_res} in
++++ config.ufs[357]zstandard_level=0
++++ config.ufs[358]ideflate=0
++++ config.ufs[359]quantize_nsd=0
++++ config.ufs[360]OUTPUT_FILETYPE_ATM=netcdf
++++ config.ufs[361]OUTPUT_FILETYPE_SFC=netcdf
++++ config.ufs[379]export zstandard_level ideflate quantize_nsd
++++ config.ufs[380]export OUTPUT_FILETYPE_ATM OUTPUT_FILETYPE_SFC
++++ config.ufs[383]export cpl=.false.
++++ config.ufs[383]cpl=.false.
++++ config.ufs[384]export cplflx=.false.
++++ config.ufs[384]cplflx=.false.
++++ config.ufs[385]export cplice=.false.
++++ config.ufs[385]cplice=.false.
++++ config.ufs[386]export cplchm=.false.
++++ config.ufs[386]cplchm=.false.
++++ config.ufs[387]export cplwav=.false.
++++ config.ufs[387]cplwav=.false.
++++ config.ufs[388]export cplwav2atm=.false.
++++ config.ufs[388]cplwav2atm=.false.
++++ config.ufs[389][[ NO == \Y\E\S ]]
++++ config.ufs[392]export CCPP_SUITE=FV3_GFS_v17_p8_ugwpv1
++++ config.ufs[392]CCPP_SUITE=FV3_GFS_v17_p8_ugwpv1
++++ config.ufs[394]model_list=atm
++++ config.ufs[397][[ true == \f\a\l\s\e ]]
++++ config.ufs[404][[ true == \f\a\l\s\e ]]
++++ config.ufs[545][[ true == \f\a\l\s\e ]]
++++ config.ufs[585][[ true == \f\a\l\s\e ]]
++++ config.ufs[629][[ true == \f\a\l\s\e ]]
++++ config.ufs[638]case "${model_list}" in
++++ config.ufs[640]default_template=/work2/noaa/global/role-global/GFS_CI_CD/ORION/CI/3645/global-workflow/parm/ufs/ufs.configure.atm.IN
++++ config.ufs[669]export ufs_configure_template=/work2/noaa/global/role-global/GFS_CI_CD/ORION/CI/3645/global-workflow/parm/ufs/ufs.configure.atm.IN
++++ config.ufs[669]ufs_configure_template=/work2/noaa/global/role-global/GFS_CI_CD/ORION/CI/3645/global-workflow/parm/ufs/ufs.configure.atm.IN
++++ config.ufs[670]unset model_list default_template
++++ config.ufs[673]export 'WW3_RSTFLDS= '
++++ config.ufs[673]WW3_RSTFLDS=' '
++++ config.ufs[675][[ ! -r /work2/noaa/global/role-global/GFS_CI_CD/ORION/CI/3645/global-workflow/parm/ufs/ufs.configure.atm.IN ]]
++++ config.ufs[680]echo 'END: config.ufs'
END: config.ufs
+++ config.fcst[30]case ${RUN} in
+++ config.fcst[33]IFS=', '
+++ config.fcst[33]read -ra segments
+++ config.fcst[35]export FHMIN=0
+++ config.fcst[35]FHMIN=0
+++ config.fcst[36]export FHMAX=120
+++ config.fcst[36]FHMAX=120
+++ config.fcst[38]export FHMIN_WAV=0
+++ config.fcst[38]FHMIN_WAV=0
+++ config.fcst[39]export FHMAX_HF=0
+++ config.fcst[39]FHMAX_HF=0
+++ config.fcst[40]export FHMAX_WAV=9
+++ config.fcst[40]FHMAX_WAV=9
+++ config.fcst[42]export FHOUT=3
+++ config.fcst[42]FHOUT=3
+++ config.fcst[43]export FHOUT_HF=1
+++ config.fcst[43]FHOUT_HF=1
+++ config.fcst[44]export FHOUT_OCN=6
+++ config.fcst[44]FHOUT_OCN=6
+++ config.fcst[45]export FHOUT_ICE=6
+++ config.fcst[45]FHOUT_ICE=6
+++ config.fcst[57]source /work2/noaa/global/role-global/GFS_CI_CD/ORION/CI/3645/RUNTESTS/EXPDIR/C48_ATM_5f8999c6/config.resources fcst
++++ config.resources[10]((  1 != 1  ))
++++ config.resources[34]step=fcst
++++ config.resources[36]echo 'BEGIN: config.resources'
BEGIN: config.resources
++++ config.resources[38]case ${machine} in
++++ config.resources[61]max_tasks_per_node=40
++++ config.resources[63]mem_node_max=180GB
++++ config.resources[106]export max_tasks_per_node
++++ config.resources[108]case ${step} in
++++ config.resources[794]export is_exclusive=True
++++ config.resources[794]is_exclusive=True
++++ config.resources[798][[ YES == \Y\E\S ]]
++++ config.resources[799]export UFS_THREADS=1
++++ config.resources[799]UFS_THREADS=1
++++ config.resources[815]((  ntiles > 6  ))
++++ config.resources[823][[ YES == \Y\E\S ]]
++++ config.resources[824]((  FV3THREADS = nthreads_fv3  ))
++++ config.resources[825]((  FV3PETS = ntasks_fv3 * nthreads_fv3  ))
++++ config.resources[830]echo 'FV3 using (nthreads, PETS) = (1, 12)'
FV3 using (nthreads, PETS) = (1, 12)
++++ config.resources[833]QUILTPETS=0
++++ config.resources[833]QUILTTHREADS=0
++++ config.resources[834][[ .true. == \.\t\r\u\e\. ]]
++++ config.resources[835][[ YES == \Y\E\S ]]
++++ config.resources[836]((  QUILTTHREADS = nthreads_fv3  ))
++++ config.resources[837]((  QUILTPETS = ntasks_quilt * nthreads_fv3  ))
++++ config.resources[842]((  WRTTASK_PER_GROUP = WRTTASK_PER_GROUP_PER_THREAD  ))
++++ config.resources[843]export WRTTASK_PER_GROUP
++++ config.resources[845]echo 'QUILT using (nthreads, PETS) = (1, 6)'
QUILT using (nthreads, PETS) = (1, 6)
++++ config.resources[848]ATMTHREADS=1
++++ config.resources[849]((  ATMPETS = FV3PETS + QUILTPETS  ))
++++ config.resources[850]export ATMPETS ATMTHREADS
++++ config.resources[851]echo 'FV3ATM using (nthreads, PETS) = (1, 18)'
FV3ATM using (nthreads, PETS) = (1, 18)
++++ config.resources[854]NTASKS_TOT=18
++++ config.resources[861]MEDTHREADS=1
++++ config.resources[862]MEDPETS=12
++++ config.resources[863]((  12 > 300  ))
++++ config.resources[864]export MEDPETS MEDTHREADS
++++ config.resources[865]echo 'MEDIATOR using (threads, PETS) = (1, 12)'
MEDIATOR using (threads, PETS) = (1, 12)
++++ config.resources[868]CHMPETS=0
++++ config.resources[868]CHMTHREADS=0
++++ config.resources[869][[ NO == \Y\E\S ]]
++++ config.resources[876]export CHMPETS CHMTHREADS
++++ config.resources[879]WAVPETS=0
++++ config.resources[879]WAVTHREADS=0
++++ config.resources[880][[ NO == \Y\E\S ]]
++++ config.resources[891]export WAVPETS WAVTHREADS
++++ config.resources[894]OCNPETS=0
++++ config.resources[894]OCNTHREADS=0
++++ config.resources[895][[ NO == \Y\E\S ]]
++++ config.resources[906]export OCNPETS OCNTHREADS
++++ config.resources[909]ICEPETS=0
++++ config.resources[909]ICETHREADS=0
++++ config.resources[910][[ NO == \Y\E\S ]]
++++ config.resources[921]export ICEPETS ICETHREADS
++++ config.resources[923]echo 'Total PETS for gfs = 18'
Total PETS for gfs = 18
++++ config.resources[925]declare -x ntasks=18
++++ config.resources[926]declare -x threads_per_task=1
++++ config.resources[927]tasks_per_node=40
++++ config.resources[930][[ gfs == gdas ]]
++++ config.resources[947][[ gfs == enkfgfs ]]
++++ config.resources[947][[ gfs == enkfgdas ]]
++++ config.resources[960][[ gfs == gfs ]]
++++ config.resources[961]case "${CASE}" in
++++ config.resources[963]declare -x walltime=03:00:00
++++ config.resources[975]unset NTASKS_TOT
++++ config.resources[1400][[ -f /work2/noaa/global/role-global/GFS_CI_CD/ORION/CI/3645/RUNTESTS/EXPDIR/C48_ATM_5f8999c6/config.resources.ORION ]]
++++ config.resources[1401]source /work2/noaa/global/role-global/GFS_CI_CD/ORION/CI/3645/RUNTESTS/EXPDIR/C48_ATM_5f8999c6/config.resources.ORION
+++++ config.resources.ORION[5]case ${step} in
++++ config.resources[1405]for resource_var in threads_per_task ntasks tasks_per_node NTASKS memory walltime
++++ config.resources[1406]run_resource_var=threads_per_task_gfs
++++ config.resources[1407][[ -n '' ]]
++++ config.resources[1409][[ -n 0 ]]
++++ config.resources[1410]export threads_per_task
++++ config.resources[1405]for resource_var in threads_per_task ntasks tasks_per_node NTASKS memory walltime
++++ config.resources[1406]run_resource_var=ntasks_gfs
++++ config.resources[1407][[ -n '' ]]
++++ config.resources[1409][[ -n 0 ]]
++++ config.resources[1410]export ntasks
++++ config.resources[1405]for resource_var in threads_per_task ntasks tasks_per_node NTASKS memory walltime
++++ config.resources[1406]run_resource_var=tasks_per_node_gfs
++++ config.resources[1407][[ -n '' ]]
++++ config.resources[1409][[ -n 0 ]]
++++ config.resources[1410]export tasks_per_node
++++ config.resources[1405]for resource_var in threads_per_task ntasks tasks_per_node NTASKS memory walltime
++++ config.resources[1406]run_resource_var=NTASKS_gfs
++++ config.resources[1407][[ -n '' ]]
++++ config.resources[1409][[ -n '' ]]
++++ config.resources[1405]for resource_var in threads_per_task ntasks tasks_per_node NTASKS memory walltime
++++ config.resources[1406]run_resource_var=memory_gfs
++++ config.resources[1407][[ -n '' ]]
++++ config.resources[1409][[ -n '' ]]
++++ config.resources[1405]for resource_var in threads_per_task ntasks tasks_per_node NTASKS memory walltime
++++ config.resources[1406]run_resource_var=walltime_gfs
++++ config.resources[1407][[ -n '' ]]
++++ config.resources[1409][[ -n 0 ]]
++++ config.resources[1410]export walltime
++++ config.resources[1414]echo 'END: config.resources'
END: config.resources
+++ config.fcst[58]export domains_stack_size=16000000
+++ config.fcst[58]domains_stack_size=16000000
+++ config.fcst[61][[ YES == \Y\E\S ]]
+++ config.fcst[62]source /work2/noaa/global/role-global/GFS_CI_CD/ORION/CI/3645/RUNTESTS/EXPDIR/C48_ATM_5f8999c6/config.nsst
++++ config.nsst[6]echo 'BEGIN: config.nsst'
BEGIN: config.nsst
++++ config.nsst[11]export NST_MODEL=2
++++ config.nsst[11]NST_MODEL=2
++++ config.nsst[14][[ NO == \Y\E\S ]]
++++ config.nsst[14][[ NO == \Y\E\S ]]
++++ config.nsst[19]export NST_SPINUP=0
++++ config.nsst[19]NST_SPINUP=0
++++ config.nsst[20]cdate=2021032312
++++ config.nsst[21]((  cdate < 2017072000  ))
++++ config.nsst[26]export NST_RESV=0
++++ config.nsst[26]NST_RESV=0
++++ config.nsst[29]export ZSEA1=0
++++ config.nsst[29]ZSEA1=0
++++ config.nsst[30]export ZSEA2=0
++++ config.nsst[30]ZSEA2=0
++++ config.nsst[32]export NST_GSI=3
++++ config.nsst[32]NST_GSI=3
++++ config.nsst[36]export NSTINFO=0
++++ config.nsst[36]NSTINFO=0
++++ config.nsst[37]((  NST_GSI > 0  ))
++++ config.nsst[37]export NSTINFO=4
++++ config.nsst[37]NSTINFO=4
++++ config.nsst[39]echo 'END: config.nsst'
END: config.nsst
+++ config.fcst[65]export esmf_profile=.false.
+++ config.fcst[65]esmf_profile=.false.
+++ config.fcst[66]export esmf_logkind=ESMF_LOGKIND_MULTI_ON_ERROR
+++ config.fcst[66]esmf_logkind=ESMF_LOGKIND_MULTI_ON_ERROR
+++ config.fcst[71]export FORECASTSH=/work2/noaa/global/role-global/GFS_CI_CD/ORION/CI/3645/global-workflow/scripts/exglobal_forecast.sh
+++ config.fcst[71]FORECASTSH=/work2/noaa/global/role-global/GFS_CI_CD/ORION/CI/3645/global-workflow/scripts/exglobal_forecast.sh
+++ config.fcst[73]export FCSTEXEC=gfs_model.x
+++ config.fcst[73]FCSTEXEC=gfs_model.x
+++ config.fcst[77]export TYPE=nh
+++ config.fcst[77]TYPE=nh
+++ config.fcst[78]export MONO=non-mono
+++ config.fcst[78]MONO=non-mono
+++ config.fcst[81]export h2o_phys=.true.
+++ config.fcst[81]h2o_phys=.true.
+++ config.fcst[84]export new_o3forc=YES
+++ config.fcst[84]new_o3forc=YES
+++ config.fcst[86]export gwd_opt=2
+++ config.fcst[86]gwd_opt=2
+++ config.fcst[91]((  gwd_opt == 1  ))
+++ config.fcst[101]((  gwd_opt == 2  ))
+++ config.fcst[117]export knob_ugwp_version=1
+++ config.fcst[117]knob_ugwp_version=1
+++ config.fcst[118]export do_ugwp=.false.
+++ config.fcst[118]do_ugwp=.false.
+++ config.fcst[119]export do_tofd=.false.
+++ config.fcst[119]do_tofd=.false.
+++ config.fcst[120]export do_ugwp_v0=.false.
+++ config.fcst[120]do_ugwp_v0=.false.
+++ config.fcst[121]export do_ugwp_v1=.true.
+++ config.fcst[121]do_ugwp_v1=.true.
+++ config.fcst[122]export do_ugwp_v0_orog_only=.false.
+++ config.fcst[122]do_ugwp_v0_orog_only=.false.
+++ config.fcst[123]export do_ugwp_v0_nst_only=.false.
+++ config.fcst[123]do_ugwp_v0_nst_only=.false.
+++ config.fcst[124]export do_gsl_drag_ls_bl=.true.
+++ config.fcst[124]do_gsl_drag_ls_bl=.true.
+++ config.fcst[125]export do_gsl_drag_ss=.false.
+++ config.fcst[125]do_gsl_drag_ss=.false.
+++ config.fcst[126]export do_gsl_drag_tofd=.true.
+++ config.fcst[126]do_gsl_drag_tofd=.true.
+++ config.fcst[127]export do_gwd_opt_psl=.true.
+++ config.fcst[127]do_gwd_opt_psl=.true.
+++ config.fcst[128]export do_ugwp_v1_orog_only=.false.
+++ config.fcst[128]do_ugwp_v1_orog_only=.false.
++++ config.fcst[129]echo 128/2.35
++++ config.fcst[129]bc
+++ config.fcst[129]launch_level=54
+++ config.fcst[130]export launch_level
+++ config.fcst[134]export d2_bg_k1=0.20
+++ config.fcst[134]d2_bg_k1=0.20
+++ config.fcst[135]export d2_bg_k2=0.04
+++ config.fcst[135]d2_bg_k2=0.04
+++ config.fcst[136]export dz_min=6
+++ config.fcst[136]dz_min=6
+++ config.fcst[137]export n_sponge=42
+++ config.fcst[137]n_sponge=42
+++ config.fcst[140]export hybedmf=.false.
+++ config.fcst[140]hybedmf=.false.
+++ config.fcst[141][[ FV3_GFS_v17_p8_ugwpv1 == \F\V\3\_\g\l\o\b\a\l\_\n\e\s\t* ]]
+++ config.fcst[144]export satmedmf=.true.
+++ config.fcst[144]satmedmf=.true.
+++ config.fcst[146]export isatmedmf=1
+++ config.fcst[146]isatmedmf=1
+++ config.fcst[147]tbf=
+++ config.fcst[148][[ .true. == \.\t\r\u\e\. ]]
+++ config.fcst[148]tbf=_satmedmf
+++ config.fcst[151]export progsigma=.true.
+++ config.fcst[151]progsigma=.true.
+++ config.fcst[152]tbp=
+++ config.fcst[153][[ .true. == \.\t\r\u\e\. ]]
+++ config.fcst[153]tbp=_progsigma
+++ config.fcst[156][[ NO == \Y\E\S ]]
+++ config.fcst[159]export IAER=1011
+++ config.fcst[159]IAER=1011
+++ config.fcst[161]export iovr_lw=3
+++ config.fcst[161]iovr_lw=3
+++ config.fcst[162]export iovr_sw=3
+++ config.fcst[162]iovr_sw=3
+++ config.fcst[163]export iovr=3
+++ config.fcst[163]iovr=3
+++ config.fcst[164]export icliq_sw=2
+++ config.fcst[164]icliq_sw=2
+++ config.fcst[165]export isubc_sw=2
+++ config.fcst[165]isubc_sw=2
+++ config.fcst[166]export isubc_lw=2
+++ config.fcst[166]isubc_lw=2
+++ config.fcst[169]export do_RRTMGP=.false.
+++ config.fcst[169]do_RRTMGP=.false.
+++ config.fcst[170]export doGP_cldoptics_LUT=.false.
+++ config.fcst[170]doGP_cldoptics_LUT=.false.
+++ config.fcst[171]export doGP_lwscat=.false.
+++ config.fcst[171]doGP_lwscat=.false.
+++ config.fcst[175]export iopt_sfc=3
+++ config.fcst[175]iopt_sfc=3
+++ config.fcst[176]export iopt_trs=2
+++ config.fcst[176]iopt_trs=2
+++ config.fcst[179]export dnats=0
+++ config.fcst[179]dnats=0
+++ config.fcst[180]export cal_pre=.true.
+++ config.fcst[180]cal_pre=.true.
+++ config.fcst[181]export do_sat_adj=.false.
+++ config.fcst[181]do_sat_adj=.false.
+++ config.fcst[182]export random_clds=.true.
+++ config.fcst[182]random_clds=.true.
+++ config.fcst[184]case ${imp_physics} in
+++ config.fcst[196]export ncld=2
+++ config.fcst[196]ncld=2
+++ config.fcst[197]export FIELD_TABLE=/work2/noaa/global/role-global/GFS_CI_CD/ORION/CI/3645/global-workflow/parm/ufs/fv3/field_table_thompson_noaero_tke_progsigma
+++ config.fcst[197]FIELD_TABLE=/work2/noaa/global/role-global/GFS_CI_CD/ORION/CI/3645/global-workflow/parm/ufs/fv3/field_table_thompson_noaero_tke_progsigma
+++ config.fcst[198]export nwat=6
+++ config.fcst[198]nwat=6
+++ config.fcst[200]export cal_pre=.false.
+++ config.fcst[200]cal_pre=.false.
+++ config.fcst[201]export random_clds=.false.
+++ config.fcst[201]random_clds=.false.
+++ config.fcst[202]export effr_in=.true.
+++ config.fcst[202]effr_in=.true.
+++ config.fcst[203]export ltaerosol=.false.
+++ config.fcst[203]ltaerosol=.false.
+++ config.fcst[204]export lradar=.true.
+++ config.fcst[204]lradar=.true.
+++ config.fcst[205]export ttendlim=-999
+++ config.fcst[205]ttendlim=-999
+++ config.fcst[206]export dt_inner=450
+++ config.fcst[206]dt_inner=450
+++ config.fcst[207]export sedi_semi=.true.
+++ config.fcst[207]sedi_semi=.true.
+++ config.fcst[208][[ .true. == .true. ]]
+++ config.fcst[208]export dt_inner=900
+++ config.fcst[208]dt_inner=900
+++ config.fcst[209][[ dt_inner -gt 300 ]]
+++ config.fcst[209]export dt_inner=300
+++ config.fcst[209]dt_inner=300
+++ config.fcst[210]export decfl=10
+++ config.fcst[210]decfl=10
+++ config.fcst[212]export hord_mt_nh_nonmono=5
+++ config.fcst[212]hord_mt_nh_nonmono=5
+++ config.fcst[213]export hord_xx_nh_nonmono=5
+++ config.fcst[213]hord_xx_nh_nonmono=5
+++ config.fcst[214]export hord_dp_nh_nonmono=-5
+++ config.fcst[214]hord_dp_nh_nonmono=-5
+++ config.fcst[215]export vtdm4_nh_nonmono=0.02
+++ config.fcst[215]vtdm4_nh_nonmono=0.02
+++ config.fcst[216]export nord=2
+++ config.fcst[216]nord=2
+++ config.fcst[217]export dddmp=0.1
+++ config.fcst[217]dddmp=0.1
+++ config.fcst[218]export d4_bg=0.12
+++ config.fcst[218]d4_bg=0.12
+++ config.fcst[220][[ FV3_GFS_v17_p8_ugwpv1 == \F\V\3\_\g\l\o\b\a\l\_\n\e\s\t* ]]
+++ config.fcst[258]export DO_SPPT=NO
+++ config.fcst[258]DO_SPPT=NO
+++ config.fcst[259]export DO_SKEB=NO
+++ config.fcst[259]DO_SKEB=NO
+++ config.fcst[260]export DO_SHUM=NO
+++ config.fcst[260]DO_SHUM=NO
+++ config.fcst[261]export DO_LAND_PERT=NO
+++ config.fcst[261]DO_LAND_PERT=NO
+++ config.fcst[262]export DO_OCN_SPPT=NO
+++ config.fcst[262]DO_OCN_SPPT=NO
+++ config.fcst[263]export DO_OCN_PERT_EPBL=NO
+++ config.fcst[263]DO_OCN_PERT_EPBL=NO
+++ config.fcst[266]export cplmode=ufs.frac
+++ config.fcst[266]cplmode=ufs.frac
+++ config.fcst[267][[ .true. == \.\f\a\l\s\e\. ]]
+++ config.fcst[270]export psm_bc=1
+++ config.fcst[270]psm_bc=1
+++ config.fcst[272]export min_lakeice=0.15
+++ config.fcst[272]min_lakeice=0.15
+++ config.fcst[273]export min_seaice=0.15
+++ config.fcst[273]min_seaice=0.15
+++ config.fcst[274]export use_cice_alb=.false.
+++ config.fcst[274]use_cice_alb=.false.
+++ config.fcst[276]export FSICL=0
+++ config.fcst[276]FSICL=0
+++ config.fcst[277]export FSICS=0
+++ config.fcst[277]FSICS=0
+++ config.fcst[280][[ gfs =~ gdas ]]
+++ config.fcst[291][[ gfs =~ gfs ]]
+++ config.fcst[294]export DIAG_TABLE=/work2/noaa/global/role-global/GFS_CI_CD/ORION/CI/3645/global-workflow/parm/ufs/fv3/diag_table
+++ config.fcst[294]DIAG_TABLE=/work2/noaa/global/role-global/GFS_CI_CD/ORION/CI/3645/global-workflow/parm/ufs/fv3/diag_table
+++ config.fcst[297]export restart_interval=12
+++ config.fcst[297]restart_interval=12
+++ config.fcst[300]export adjust_dry_mass=.false.
+++ config.fcst[300]adjust_dry_mass=.false.
+++ config.fcst[303][[ C48 = C768 ]]
+++ config.fcst[306]export io_layout=1,1
+++ config.fcst[306]io_layout=1,1
+++ config.fcst[315]echo 'END: config.fcst'
END: config.fcst
++ jjob_header.sh[106]true
++ jjob_header.sh[107]export err=0
++ jjob_header.sh[107]err=0
++ jjob_header.sh[108][[ 0 -ne 0 ]]
++ jjob_header.sh[117]source /work2/noaa/global/role-global/GFS_CI_CD/ORION/CI/3645/global-workflow/env/ORION.env fcst
+++ ORION.env[3][[ 1 -ne 1 ]]
+++ ORION.env[10]step=fcst
+++ ORION.env[12]export 'launcher=srun -l --export=ALL --hint=nomultithread'
+++ ORION.env[12]launcher='srun -l --export=ALL --hint=nomultithread'
+++ ORION.env[13]export 'mpmd_opt=--multi-prog --output=mpmd.%j.%t.out'
+++ ORION.env[13]mpmd_opt='--multi-prog --output=mpmd.%j.%t.out'
+++ ORION.env[16]export MPI_BUFS_PER_PROC=2048
+++ ORION.env[16]MPI_BUFS_PER_PROC=2048
+++ ORION.env[17]export MPI_BUFS_PER_HOST=2048
+++ ORION.env[17]MPI_BUFS_PER_HOST=2048
+++ ORION.env[18]export MPI_GROUP_MAX=256
+++ ORION.env[18]MPI_GROUP_MAX=256
+++ ORION.env[19]export MPI_MEMMAP_OFF=1
+++ ORION.env[19]MPI_MEMMAP_OFF=1
+++ ORION.env[20]export MP_STDOUTMODE=ORDERED
+++ ORION.env[20]MP_STDOUTMODE=ORDERED
+++ ORION.env[21]export KMP_AFFINITY=scatter
+++ ORION.env[21]KMP_AFFINITY=scatter
+++ ORION.env[22]export OMP_STACKSIZE=2048000
+++ ORION.env[22]OMP_STACKSIZE=2048000
+++ ORION.env[23]export NTHSTACK=1024000000
+++ ORION.env[23]NTHSTACK=1024000000
+++ ORION.env[26]ulimit -s unlimited
+++ ORION.env[27]ulimit -a
real-time non-blocking time  (microseconds, -R) unlimited
core file size              (blocks, -c) 0
data seg size               (kbytes, -d) unlimited
scheduling priority                 (-e) 0
file size                   (blocks, -f) unlimited
pending signals                     (-i) 754653
max locked memory           (kbytes, -l) unlimited
max memory size             (kbytes, -m) 192512000
open files                          (-n) 131072
pipe size                (512 bytes, -p) 8
POSIX message queues         (bytes, -q) 819200
real-time priority                  (-r) 0
stack size                  (kbytes, -s) unlimited
cpu time                   (seconds, -t) unlimited
max user processes                  (-u) 754653
virtual memory              (kbytes, -v) unlimited
file locks                          (-x) unlimited
+++ ORION.env[31][[ -n 18 ]]
+++ ORION.env[31][[ -n 40 ]]
+++ ORION.env[31][[ -n 40 ]]
+++ ORION.env[32]max_threads_per_task=1
+++ ORION.env[33]NTHREADSmax=1
+++ ORION.env[34]NTHREADS1=1
+++ ORION.env[35][[ 1 -gt 1 ]]
+++ ORION.env[38][[ 1 -gt 1 ]]
+++ ORION.env[41]APRUN_default='srun -l --export=ALL --hint=nomultithread -n 18'
+++ ORION.env[47][[ fcst = \p\r\e\p ]]
+++ ORION.env[47][[ fcst = \p\r\e\p\b\u\f\r ]]
+++ ORION.env[54][[ fcst = \p\r\e\p\_\e\m\i\s\s\i\o\n\s ]]
+++ ORION.env[58][[ fcst = \w\a\v\e\i\n\i\t ]]
+++ ORION.env[58][[ fcst = \w\a\v\e\p\r\e\p ]]
+++ ORION.env[58][[ fcst = \w\a\v\e\p\o\s\t\s\b\s ]]
+++ ORION.env[59][[ fcst = \w\a\v\e\p\o\s\t\b\n\d\p\n\t ]]
+++ ORION.env[59][[ fcst = \w\a\v\e\p\o\s\t\p\n\t ]]
+++ ORION.env[59][[ fcst == \w\a\v\e\p\o\s\t\b\n\d\p\n\t\b\l\l ]]
+++ ORION.env[66][[ fcst = \a\t\m\a\n\l\v\a\r ]]
+++ ORION.env[71][[ fcst = \a\t\m\e\n\s\a\n\l\o\b\s ]]
+++ ORION.env[76][[ fcst = \a\t\m\e\n\s\a\n\l\s\o\l ]]
+++ ORION.env[80][[ fcst = \a\t\m\e\n\s\a\n\l\l\e\t\k\f ]]
+++ ORION.env[85][[ fcst = \a\t\m\e\n\s\a\n\l\f\v\3\i\n\c ]]
+++ ORION.env[90][[ fcst = \a\e\r\o\a\n\l\v\a\r ]]
+++ ORION.env[97][[ fcst = \a\e\r\o\a\n\l\g\e\n\b ]]
+++ ORION.env[102][[ fcst = \p\r\e\p\o\b\s\a\e\r\o ]]
+++ ORION.env[107][[ fcst = \s\n\o\w\a\n\l ]]
+++ ORION.env[116][[ fcst = \e\s\n\o\w\a\n\l ]]
+++ ORION.env[125][[ fcst = \a\t\m\a\n\l\f\v\3\i\n\c ]]
+++ ORION.env[130][[ fcst = \m\a\r\i\n\e\b\m\a\t ]]
+++ ORION.env[137][[ fcst = \m\a\r\i\n\e\a\n\l\v\a\r ]]
+++ ORION.env[143][[ fcst = \m\a\r\i\n\e\a\n\l\c\h\k\p\t ]]
+++ ORION.env[153][[ fcst = \o\c\n\a\n\a\l\e\c\e\n ]]
+++ ORION.env[158][[ fcst = \m\a\r\i\n\e\a\n\l\l\e\t\k\f ]]
+++ ORION.env[163][[ fcst = \a\n\l\s\t\a\t ]]
+++ ORION.env[168][[ fcst = \e\c\e\n\_\f\v\3\j\e\d\i ]]
+++ ORION.env[174][[ fcst = \a\n\a\l\c\a\l\c\_\f\v\3\j\e\d\i ]]
+++ ORION.env[179][[ fcst = \a\n\a\l ]]
+++ ORION.env[179][[ fcst = \a\n\a\l\c\a\l\c ]]
+++ ORION.env[208][[ fcst = \s\f\c\a\n\l ]]
+++ ORION.env[219][[ fcst = \e\o\b\s ]]
+++ ORION.env[234][[ fcst = \e\u\p\d ]]
+++ ORION.env[243][[ fcst = \f\c\s\t ]]
+++ ORION.env[245]export FI_MLX_INJECT_LIMIT=0
+++ ORION.env[245]FI_MLX_INJECT_LIMIT=0
+++ ORION.env[247]((  nnodes = (ntasks+tasks_per_node-1)/tasks_per_node  ))
+++ ORION.env[248]((  ufs_ntasks = nnodes*tasks_per_node  ))
+++ ORION.env[250]export 'APRUN_UFS=srun -l --export=ALL --hint=nomultithread -n 40'
+++ ORION.env[250]APRUN_UFS='srun -l --export=ALL --hint=nomultithread -n 40'
+++ ORION.env[251]unset nnodes ufs_ntasks
++ jjob_header.sh[117]true
++ jjob_header.sh[118]export err=0
++ jjob_header.sh[118]err=0
++ jjob_header.sh[119][[ 0 -ne 0 ]]
+ JGLOBAL_FORECAST[14]export DATArestart=/work2/noaa/stmp/role-global/ORION/RUNDIRS/C48_ATM_5f8999c6/gfs.2021032312/gfsfcst.2021032312/restart
+ JGLOBAL_FORECAST[14]DATArestart=/work2/noaa/stmp/role-global/ORION/RUNDIRS/C48_ATM_5f8999c6/gfs.2021032312/gfsfcst.2021032312/restart
+ JGLOBAL_FORECAST[15][[ ! -d /work2/noaa/stmp/role-global/ORION/RUNDIRS/C48_ATM_5f8999c6/gfs.2021032312/gfsfcst.2021032312/restart ]]
+ JGLOBAL_FORECAST[16]export DATAoutput=/work2/noaa/stmp/role-global/ORION/RUNDIRS/C48_ATM_5f8999c6/gfs.2021032312/gfsfcst.2021032312/output
+ JGLOBAL_FORECAST[16]DATAoutput=/work2/noaa/stmp/role-global/ORION/RUNDIRS/C48_ATM_5f8999c6/gfs.2021032312/gfsfcst.2021032312/output
+ JGLOBAL_FORECAST[17][[ ! -d /work2/noaa/stmp/role-global/ORION/RUNDIRS/C48_ATM_5f8999c6/gfs.2021032312/gfsfcst.2021032312/output ]]
+ JGLOBAL_FORECAST[24]rCDUMP=gfs
+ JGLOBAL_FORECAST[25]export rCDUMP=gdas
+ JGLOBAL_FORECAST[25]rCDUMP=gdas
++ JGLOBAL_FORECAST[29]date --utc -d '20210323 12 - 6 hours' +%Y%m%d%H
+ JGLOBAL_FORECAST[29]GDATE=2021032306
+ JGLOBAL_FORECAST[30]declare -rx GDATE
+ JGLOBAL_FORECAST[32]declare -rx gPDY=20210323
+ JGLOBAL_FORECAST[33]declare -rx gcyc=06
+ JGLOBAL_FORECAST[36]YMD=20210323
+ JGLOBAL_FORECAST[36]HH=12
+ JGLOBAL_FORECAST[36]declare_from_tmpl -rx COMIN_ATMOS_INPUT:COM_ATMOS_INPUT_TMPL COMIN_ATMOS_ANALYSIS:COM_ATMOS_ANALYSIS_TMPL COMOUT_CONF:COM_CONF_TMPL COMOUT_ATMOS_RESTART:COM_ATMOS_RESTART_TMPL COMIN_ATMOS_RESTART:COM_ATMOS_RESTART_TMPL COMOUT_ATMOS_HISTORY:COM_ATMOS_HISTORY_TMPL COMOUT_ATMOS_MASTER:COM_ATMOS_MASTER_TMPL
+ bash_utils.sh[39][[ NO == \N\O ]]
+ bash_utils.sh[39]set +x
declare_from_tmpl :: COMIN_ATMOS_INPUT=/work2/noaa/global/role-global/GFS_CI_CD/ORION/CI/3645/RUNTESTS/COMROOT/C48_ATM_5f8999c6/gfs.20210323/12//model/atmos/input
declare_from_tmpl :: COMIN_ATMOS_ANALYSIS=/work2/noaa/global/role-global/GFS_CI_CD/ORION/CI/3645/RUNTESTS/COMROOT/C48_ATM_5f8999c6/gfs.20210323/12//analysis/atmos
declare_from_tmpl :: COMOUT_CONF=/work2/noaa/global/role-global/GFS_CI_CD/ORION/CI/3645/RUNTESTS/COMROOT/C48_ATM_5f8999c6/gfs.20210323/12//conf
declare_from_tmpl :: COMOUT_ATMOS_RESTART=/work2/noaa/global/role-global/GFS_CI_CD/ORION/CI/3645/RUNTESTS/COMROOT/C48_ATM_5f8999c6/gfs.20210323/12//model/atmos/restart
declare_from_tmpl :: COMIN_ATMOS_RESTART=/work2/noaa/global/role-global/GFS_CI_CD/ORION/CI/3645/RUNTESTS/COMROOT/C48_ATM_5f8999c6/gfs.20210323/12//model/atmos/restart
declare_from_tmpl :: COMOUT_ATMOS_HISTORY=/work2/noaa/global/role-global/GFS_CI_CD/ORION/CI/3645/RUNTESTS/COMROOT/C48_ATM_5f8999c6/gfs.20210323/12//model/atmos/history
declare_from_tmpl :: COMOUT_ATMOS_MASTER=/work2/noaa/global/role-global/GFS_CI_CD/ORION/CI/3645/RUNTESTS/COMROOT/C48_ATM_5f8999c6/gfs.20210323/12//model/atmos/master
+ JGLOBAL_FORECAST[45]RUN=gdas
+ JGLOBAL_FORECAST[45]YMD=20210323
+ JGLOBAL_FORECAST[45]HH=06
+ JGLOBAL_FORECAST[45]declare_from_tmpl -rx COMIN_ATMOS_RESTART_PREV:COM_ATMOS_RESTART_TMPL
+ bash_utils.sh[39][[ NO == \N\O ]]
+ bash_utils.sh[39]set +x
declare_from_tmpl :: COMIN_ATMOS_RESTART_PREV=/work2/noaa/global/role-global/GFS_CI_CD/ORION/CI/3645/RUNTESTS/COMROOT/C48_ATM_5f8999c6/gdas.20210323/06//model/atmos/restart
+ JGLOBAL_FORECAST[48][[ NO == \Y\E\S ]]
+ JGLOBAL_FORECAST[57][[ NO == \Y\E\S ]]
+ JGLOBAL_FORECAST[69][[ NO == \Y\E\S ]]
+ JGLOBAL_FORECAST[79][[ NO == \Y\E\S ]]
+ JGLOBAL_FORECAST[88]/work2/noaa/global/role-global/GFS_CI_CD/ORION/CI/3645/global-workflow/scripts/exglobal_forecast.sh
+ bash[8]'[' -z '' ']'
+ bash[9]case "$-" in
+ bash[12]__lmod_vx=x
+ bash[16]'[' -n x ']'
+ bash[16]set +x
Shell debugging temporarily silenced: export LMOD_SH_DBG_ON=1 for this output (/apps/other/lmod/lmod/init/bash)
Shell debugging restarted
+ bash[224]unset __lmod_vx
+ exglobal_forecast.sh[81]source /work2/noaa/global/role-global/GFS_CI_CD/ORION/CI/3645/global-workflow/ush/forecast_predet.sh
+ exglobal_forecast.sh[82]source /work2/noaa/global/role-global/GFS_CI_CD/ORION/CI/3645/global-workflow/ush/forecast_det.sh
+ exglobal_forecast.sh[83]source /work2/noaa/global/role-global/GFS_CI_CD/ORION/CI/3645/global-workflow/ush/forecast_postdet.sh
+ exglobal_forecast.sh[84]source /work2/noaa/global/role-global/GFS_CI_CD/ORION/CI/3645/global-workflow/ush/parsing_ufs_configure.sh
+ exglobal_forecast.sh[86]source /work2/noaa/global/role-global/GFS_CI_CD/ORION/CI/3645/global-workflow/ush/atparse.bash
+ exglobal_forecast.sh[89]cpl=.false.
+ exglobal_forecast.sh[90]cplflx=.false.
+ exglobal_forecast.sh[91]cplwav=.false.
+ exglobal_forecast.sh[92]cplchm=.false.
+ exglobal_forecast.sh[93]cplice=.false.
+ exglobal_forecast.sh[95]OCNTIM=1800
+ exglobal_forecast.sh[96]DELTIM=900
+ exglobal_forecast.sh[97]ICETIM=900
+ exglobal_forecast.sh[99]CPL_SLOW=1800
+ exglobal_forecast.sh[100]CPL_FAST=900
+ exglobal_forecast.sh[102]echo 'MAIN: Loading common variables before determination of run type'
MAIN: Loading common variables before determination of run type
+ exglobal_forecast.sh[103]common_predet
+ forecast_predet.sh[92]echo 'SUB common_predet: Defining variables for shared through model components'
SUB common_predet: Defining variables for shared through model components
+ forecast_predet.sh[94]RUN=gfs
+ forecast_predet.sh[95]rCDUMP=gdas
+ forecast_predet.sh[97]CDATE=2021032312
+ forecast_predet.sh[98]SDATE=2021032312
+ forecast_predet.sh[99]ENSMEM=000
+ forecast_predet.sh[100]MEMBER=0
+ forecast_predet.sh[103]half_window=3
+ forecast_predet.sh[104]current_cycle=2021032312
++ forecast_predet.sh[105]date --utc -d '20210323 12 - 6 hours' +%Y%m%d%H
+ forecast_predet.sh[105]previous_cycle=2021032306
++ forecast_predet.sh[106]date --utc -d '20210323 12 + 6 hours' +%Y%m%d%H
+ forecast_predet.sh[106]next_cycle=2021032318
++ forecast_predet.sh[107]date --utc -d '20210323 12 - 3 hours' +%Y%m%d%H
+ forecast_predet.sh[107]current_cycle_begin=2021032309
++ forecast_predet.sh[108]date --utc -d '20210323 12 + 3 hours' +%Y%m%d%H
+ forecast_predet.sh[108]current_cycle_end=2021032315
++ forecast_predet.sh[109]date --utc -d '20210323 18 - 3 hours' +%Y%m%d%H
+ forecast_predet.sh[109]next_cycle_begin=2021032315
++ forecast_predet.sh[110]date --utc -d '20210323 12 + 120 hours' +%Y%m%d%H
+ forecast_predet.sh[110]forecast_end_cycle=2021032812
+ forecast_predet.sh[113][[ YES == \Y\E\S ]]
+ forecast_predet.sh[114]model_start_date_current_cycle=2021032309
+ forecast_predet.sh[115]model_start_date_next_cycle=2021032315
+ forecast_predet.sh[125]FHMIN=0
+ forecast_predet.sh[126]FHMAX=120
+ forecast_predet.sh[127]FHOUT=3
+ forecast_predet.sh[128]FHMAX_HF=0
+ forecast_predet.sh[129]FHOUT_HF=1
+ forecast_predet.sh[131][[ ! -d /work2/noaa/global/role-global/GFS_CI_CD/ORION/CI/3645/RUNTESTS/COMROOT/C48_ATM_5f8999c6/gfs.20210323/12//conf ]]
+ forecast_predet.sh[133]cd /work2/noaa/stmp/role-global/ORION/RUNDIRS/C48_ATM_5f8999c6/gfs.2021032312/gfsfcst.2021032312/fcst.995152
+ forecast_predet.sh[133]true
+ forecast_predet.sh[134]err=0
+ forecast_predet.sh[135][[ 0 -ne 0 ]]
+ forecast_predet.sh[141][[ ! -d /work2/noaa/stmp/role-global/ORION/RUNDIRS/C48_ATM_5f8999c6/gfs.2021032312/gfsfcst.2021032312/fcst.995152/INPUT ]]
+ forecast_predet.sh[141]mkdir -p /work2/noaa/stmp/role-global/ORION/RUNDIRS/C48_ATM_5f8999c6/gfs.2021032312/gfsfcst.2021032312/fcst.995152/INPUT
+ exglobal_forecast.sh[105]echo 'MAIN: Loading variables before determination of run type'
MAIN: Loading variables before determination of run type
+ exglobal_forecast.sh[106]FV3_predet
+ forecast_predet.sh[147]echo 'SUB FV3_predet: Defining variables for FV3'
SUB FV3_predet: Defining variables for FV3
+ forecast_predet.sh[149][[ ! -d /work2/noaa/global/role-global/GFS_CI_CD/ORION/CI/3645/RUNTESTS/COMROOT/C48_ATM_5f8999c6/gfs.20210323/12//model/atmos/history ]]
+ forecast_predet.sh[150][[ ! -d /work2/noaa/global/role-global/GFS_CI_CD/ORION/CI/3645/RUNTESTS/COMROOT/C48_ATM_5f8999c6/gfs.20210323/12//model/atmos/master ]]
+ forecast_predet.sh[151][[ ! -d /work2/noaa/global/role-global/GFS_CI_CD/ORION/CI/3645/RUNTESTS/COMROOT/C48_ATM_5f8999c6/gfs.20210323/12//model/atmos/restart ]]
+ forecast_predet.sh[152][[ ! -d /work2/noaa/stmp/role-global/ORION/RUNDIRS/C48_ATM_5f8999c6/gfs.2021032312/gfsfcst.2021032312/restart/FV3_RESTART ]]
+ forecast_predet.sh[153]/bin/ln -sf /work2/noaa/stmp/role-global/ORION/RUNDIRS/C48_ATM_5f8999c6/gfs.2021032312/gfsfcst.2021032312/restart/FV3_RESTART /work2/noaa/stmp/role-global/ORION/RUNDIRS/C48_ATM_5f8999c6/gfs.2021032312/gfsfcst.2021032312/fcst.995152/RESTART
+ forecast_predet.sh[155]FHZERO=6
+ forecast_predet.sh[156]FHCYC=24
+ forecast_predet.sh[157]restart_interval=12
+ forecast_predet.sh[160]((  restart_interval == 0  ))
+ forecast_predet.sh[165]mapfile -t FV3_RESTART_FH
++ forecast_predet.sh[165]seq 12 12 120
+ forecast_predet.sh[167]local nrestarts=10
+ forecast_predet.sh[168]((  FV3_RESTART_FH[nrestarts-1] != FHMAX  ))
+ forecast_predet.sh[175]FV3_OUTPUT_FH=
+ forecast_predet.sh[176]local fhr=0
+ forecast_predet.sh[177]((  FHOUT_HF > 0 && FHMAX_HF > 0  ))
++ forecast_predet.sh[181]seq -s ' ' 0 3 120
+ forecast_predet.sh[181]FV3_OUTPUT_FH=' 0 3 6 9 12 15 18 21 24 27 30 33 36 39 42 45 48 51 54 57 60 63 66 69 72 75 78 81 84 87 90 93 96 99 102 105 108 111 114 117 120'
+ forecast_predet.sh[186][[ NO == \Y\E\S ]]
+ forecast_predet.sh[209]FV3_OUTPUT_FH_NML=' 0 3 6 9 12 15 18 21 24 27 30 33 36 39 42 45 48 51 54 57 60 63 66 69 72 75 78 81 84 87 90 93 96 99 102 105 108 111 114 117 120'
+ forecast_predet.sh[212][[ 1 -eq 3 ]]
+ forecast_predet.sh[217]PREFIX_ATMINC=
+ forecast_predet.sh[220]IAUFHRS=6,
+ forecast_predet.sh[221]IAU_DELTHRS=6
+ forecast_predet.sh[226]res=48
+ forecast_predet.sh[227]resp=49
+ forecast_predet.sh[228]npx=49
+ forecast_predet.sh[229]npy=49
+ forecast_predet.sh[230]npz=127
+ forecast_predet.sh[231]io_layout=1,1
+ forecast_predet.sh[235]JCAP_CASE=94
+ forecast_predet.sh[236]LONB_CASE=192
+ forecast_predet.sh[237]LATB_CASE=96
+ forecast_predet.sh[239]JCAP=94
+ forecast_predet.sh[240]LONB=192
+ forecast_predet.sh[241]LATB=96
+ forecast_predet.sh[243]LONB_IMO=192
+ forecast_predet.sh[244]LATB_JMO=96
+ forecast_predet.sh[254]NST_MODEL=2
+ forecast_predet.sh[255]NST_SPINUP=0
+ forecast_predet.sh[256]NST_RESV=0
+ forecast_predet.sh[257]ZSEA1=0
+ forecast_predet.sh[258]ZSEA2=0
+ forecast_predet.sh[259]nstf_name=2,0,0,0,0
+ forecast_predet.sh[260]nst_anl=.true.
+ forecast_predet.sh[266]blocksize=32
+ forecast_predet.sh[269]filtered_terrain=.true.
+ forecast_predet.sh[270]gfs_dwinds=.true.
+ forecast_predet.sh[273]no_dycore=.false.
+ forecast_predet.sh[274]dycore_only=.false.
+ forecast_predet.sh[275]chksum_debug=.false.
+ forecast_predet.sh[276]print_freq=6
+ forecast_predet.sh[282]na_init=1
+ forecast_predet.sh[284]local suite_file=/work2/noaa/global/role-global/GFS_CI_CD/ORION/CI/3645/global-workflow/sorc/ufs_model.fd/FV3/ccpp/suites/suite_FV3_GFS_v17_p8_ugwpv1.xml
+ forecast_predet.sh[285][[ ! -f /work2/noaa/global/role-global/GFS_CI_CD/ORION/CI/3645/global-workflow/sorc/ufs_model.fd/FV3/ccpp/suites/suite_FV3_GFS_v17_p8_ugwpv1.xml ]]
+ forecast_predet.sh[291]local num_noahmpdrv
++ forecast_predet.sh[292]grep -c noahmpdrv /work2/noaa/global/role-global/GFS_CI_CD/ORION/CI/3645/global-workflow/sorc/ufs_model.fd/FV3/ccpp/suites/suite_FV3_GFS_v17_p8_ugwpv1.xml
+ forecast_predet.sh[292]num_noahmpdrv=1
+ forecast_predet.sh[293]((  num_noahmpdrv > 0  ))
+ forecast_predet.sh[294]lsm=2
+ forecast_predet.sh[295]lheatstrg=.false.
+ forecast_predet.sh[296]landice=.false.
+ forecast_predet.sh[297]iopt_dveg=4
+ forecast_predet.sh[298]iopt_crs=2
+ forecast_predet.sh[299]iopt_btr=1
+ forecast_predet.sh[300]iopt_run=1
+ forecast_predet.sh[301]iopt_sfc=3
+ forecast_predet.sh[302]iopt_frz=1
+ forecast_predet.sh[303]iopt_inf=1
+ forecast_predet.sh[304]iopt_rad=3
+ forecast_predet.sh[305]iopt_alb=1
+ forecast_predet.sh[306]iopt_snf=4
+ forecast_predet.sh[307]iopt_tbot=2
+ forecast_predet.sh[308]iopt_stc=3
+ forecast_predet.sh[309]IALB=2
+ forecast_predet.sh[310]IEMS=2
+ forecast_predet.sh[331][[ nh == \n\h ]]
+ forecast_predet.sh[332]hydrostatic=.false.
+ forecast_predet.sh[333]phys_hydrostatic=.false.
+ forecast_predet.sh[334]use_hydro_pressure=.false.
+ forecast_predet.sh[335]make_nh=.true.
+ forecast_predet.sh[336]pass_full_omega_to_physics_in_non_hydrostatic_mode=.true.
+ forecast_predet.sh[345]consv_te=1.
+ forecast_predet.sh[346][[ NO == \Y\E\S ]]
+ forecast_predet.sh[351]consv_te=1.
+ forecast_predet.sh[352]k_split=1
+ forecast_predet.sh[356]n_split=4
+ forecast_predet.sh[358][[ non- == \m\o\n\o ]]
+ forecast_predet.sh[375]d_con=1.
+ forecast_predet.sh[376]do_vort_damp=.true.
+ forecast_predet.sh[377][[ nh == \n\h ]]
+ forecast_predet.sh[378]hord_mt=5
+ forecast_predet.sh[379]hord_xx=5
+ forecast_predet.sh[380]hord_dp=-5
+ forecast_predet.sh[388][[ non- != \m\o\n\o ]]
+ forecast_predet.sh[388][[ nh == \n\h ]]
+ forecast_predet.sh[389]vtdm4=0.02
+ forecast_predet.sh[395]nggps_ic=.true.
+ forecast_predet.sh[396]ncep_ic=.false.
+ forecast_predet.sh[397]external_ic=.true.
+ forecast_predet.sh[398]mountain=.false.
+ forecast_predet.sh[399]warm_start=.false.
+ forecast_predet.sh[400]read_increment=.false.
+ forecast_predet.sh[401]res_latlon_dynamics='""'
+ forecast_predet.sh[402]increment_file_on_native_grid=.false.
+ forecast_predet.sh[405]do_skeb=.false.
+ forecast_predet.sh[406]do_shum=.false.
+ forecast_predet.sh[407]do_sppt=.false.
+ forecast_predet.sh[408]do_ca=.false.
+ forecast_predet.sh[409]ISEED=0
+ forecast_predet.sh[410]local imem=
+ forecast_predet.sh[411]local base_seed=20210323120000
+ forecast_predet.sh[413][[ NO == \Y\E\S ]]
+ forecast_predet.sh[418][[ NO == \Y\E\S ]]
+ forecast_predet.sh[423][[ NO == \Y\E\S ]]
+ forecast_predet.sh[428][[ YES == \Y\E\S ]]
+ forecast_predet.sh[429]do_ca=.true.
+ forecast_predet.sh[430]ISEED_CA=354518101
+ forecast_predet.sh[433][[ NO == \Y\E\S ]]
+ forecast_predet.sh[446]FNGLAC=/work2/noaa/global/role-global/GFS_CI_CD/ORION/CI/3645/global-workflow/fix/am/global_glacier.2x2.grb
+ forecast_predet.sh[447]FNMXIC=/work2/noaa/global/role-global/GFS_CI_CD/ORION/CI/3645/global-workflow/fix/am/global_maxice.2x2.grb
+ forecast_predet.sh[448]FNTSFC=/work2/noaa/global/role-global/GFS_CI_CD/ORION/CI/3645/global-workflow/fix/am/RTGSST.1982.2012.monthly.clim.grb
+ forecast_predet.sh[449]FNSNOC=/work2/noaa/global/role-global/GFS_CI_CD/ORION/CI/3645/global-workflow/fix/am/global_snoclim.1.875.grb
+ forecast_predet.sh[450]FNZORC=igbp
+ forecast_predet.sh[451]FNAISC=/work2/noaa/global/role-global/GFS_CI_CD/ORION/CI/3645/global-workflow/fix/am/IMS-NIC.blended.ice.monthly.clim.grb
+ forecast_predet.sh[452]FNALBC2=/work2/noaa/global/role-global/GFS_CI_CD/ORION/CI/3645/global-workflow/fix/orog/C48/sfc/C48.mx500.facsf.tileX.nc
+ forecast_predet.sh[453]FNTG3C=/work2/noaa/global/role-global/GFS_CI_CD/ORION/CI/3645/global-workflow/fix/orog/C48/sfc/C48.mx500.substrate_temperature.tileX.nc
+ forecast_predet.sh[454]FNVEGC=/work2/noaa/global/role-global/GFS_CI_CD/ORION/CI/3645/global-workflow/fix/orog/C48/sfc/C48.mx500.vegetation_greenness.tileX.nc
+ forecast_predet.sh[455]FNMSKH=/work2/noaa/global/role-global/GFS_CI_CD/ORION/CI/3645/global-workflow/fix/am/global_slmask.t1534.3072.1536.grb
+ forecast_predet.sh[456]FNVMNC=/work2/noaa/global/role-global/GFS_CI_CD/ORION/CI/3645/global-workflow/fix/orog/C48/sfc/C48.mx500.vegetation_greenness.tileX.nc
+ forecast_predet.sh[457]FNVMXC=/work2/noaa/global/role-global/GFS_CI_CD/ORION/CI/3645/global-workflow/fix/orog/C48/sfc/C48.mx500.vegetation_greenness.tileX.nc
+ forecast_predet.sh[458]FNSLPC=/work2/noaa/global/role-global/GFS_CI_CD/ORION/CI/3645/global-workflow/fix/orog/C48/sfc/C48.mx500.slope_type.tileX.nc
+ forecast_predet.sh[459]FNALBC=/work2/noaa/global/role-global/GFS_CI_CD/ORION/CI/3645/global-workflow/fix/orog/C48/sfc/C48.mx500.snowfree_albedo.tileX.nc
+ forecast_predet.sh[460]FNVETC=/work2/noaa/global/role-global/GFS_CI_CD/ORION/CI/3645/global-workflow/fix/orog/C48/sfc/C48.mx500.vegetation_type.tileX.nc
+ forecast_predet.sh[461]FNSOTC=/work2/noaa/global/role-global/GFS_CI_CD/ORION/CI/3645/global-workflow/fix/orog/C48/sfc/C48.mx500.soil_type.tileX.nc
+ forecast_predet.sh[462]FNSOCC=/work2/noaa/global/role-global/GFS_CI_CD/ORION/CI/3645/global-workflow/fix/orog/C48/sfc/C48.mx500.soil_color.tileX.nc
+ forecast_predet.sh[463]FNABSC=/work2/noaa/global/role-global/GFS_CI_CD/ORION/CI/3645/global-workflow/fix/orog/C48/sfc/C48.mx500.maximum_snow_albedo.tileX.nc
+ forecast_predet.sh[464]FNSMCC=/work2/noaa/global/role-global/GFS_CI_CD/ORION/CI/3645/global-workflow/fix/am/global_soilmgldas.statsgo.t94.192.96.grb
+ forecast_predet.sh[467][[ ! -f /work2/noaa/global/role-global/GFS_CI_CD/ORION/CI/3645/global-workflow/fix/am/global_soilmgldas.statsgo.t94.192.96.grb ]]
+ forecast_predet.sh[472][[ .false. == \.\f\a\l\s\e\. ]]
+ forecast_predet.sh[473]cpreq /work2/noaa/global/role-global/GFS_CI_CD/ORION/CI/3645/global-workflow/fix/orog/C48/C48_mosaic.nc /work2/noaa/stmp/role-global/ORION/RUNDIRS/C48_ATM_5f8999c6/gfs.2021032312/gfsfcst.2021032312/fcst.995152/INPUT/grid_spec.nc
+ cpreq[3]cp /work2/noaa/global/role-global/GFS_CI_CD/ORION/CI/3645/global-workflow/fix/orog/C48/C48_mosaic.nc /work2/noaa/stmp/role-global/ORION/RUNDIRS/C48_ATM_5f8999c6/gfs.2021032312/gfsfcst.2021032312/fcst.995152/INPUT/grid_spec.nc
+ cpreq[4]'[' 0 -ne 0 ']'
+ forecast_predet.sh[479]cpreq /work2/noaa/global/role-global/GFS_CI_CD/ORION/CI/3645/global-workflow/fix/ugwd/ugwp_limb_tau.nc /work2/noaa/stmp/role-global/ORION/RUNDIRS/C48_ATM_5f8999c6/gfs.2021032312/gfsfcst.2021032312/fcst.995152/ugwp_limb_tau.nc
+ cpreq[3]cp /work2/noaa/global/role-global/GFS_CI_CD/ORION/CI/3645/global-workflow/fix/ugwd/ugwp_limb_tau.nc /work2/noaa/stmp/role-global/ORION/RUNDIRS/C48_ATM_5f8999c6/gfs.2021032312/gfsfcst.2021032312/fcst.995152/ugwp_limb_tau.nc
+ cpreq[4]'[' 0 -ne 0 ']'
+ forecast_predet.sh[482]local tt
+ forecast_predet.sh[483](( tt = 1 ))
+ forecast_predet.sh[483](( tt <= ntiles ))
+ forecast_predet.sh[484]cpreq /work2/noaa/global/role-global/GFS_CI_CD/ORION/CI/3645/global-workflow/fix/orog/C48/C48.mx500_oro_data.tile1.nc /work2/noaa/stmp/role-global/ORION/RUNDIRS/C48_ATM_5f8999c6/gfs.2021032312/gfsfcst.2021032312/fcst.995152/INPUT/oro_data.tile1.nc
+ cpreq[3]cp /work2/noaa/global/role-global/GFS_CI_CD/ORION/CI/3645/global-workflow/fix/orog/C48/C48.mx500_oro_data.tile1.nc /work2/noaa/stmp/role-global/ORION/RUNDIRS/C48_ATM_5f8999c6/gfs.2021032312/gfsfcst.2021032312/fcst.995152/INPUT/oro_data.tile1.nc
+ cpreq[4]'[' 0 -ne 0 ']'
+ forecast_predet.sh[485]cpreq /work2/noaa/global/role-global/GFS_CI_CD/ORION/CI/3645/global-workflow/fix/orog/C48/C48_grid.tile1.nc /work2/noaa/stmp/role-global/ORION/RUNDIRS/C48_ATM_5f8999c6/gfs.2021032312/gfsfcst.2021032312/fcst.995152/INPUT/C48_grid.tile1.nc
+ cpreq[3]cp /work2/noaa/global/role-global/GFS_CI_CD/ORION/CI/3645/global-workflow/fix/orog/C48/C48_grid.tile1.nc /work2/noaa/stmp/role-global/ORION/RUNDIRS/C48_ATM_5f8999c6/gfs.2021032312/gfsfcst.2021032312/fcst.995152/INPUT/C48_grid.tile1.nc
+ cpreq[4]'[' 0 -ne 0 ']'
+ forecast_predet.sh[486]cpreq /work2/noaa/global/role-global/GFS_CI_CD/ORION/CI/3645/global-workflow/fix/ugwd/C48/C48_oro_data_ls.tile1.nc /work2/noaa/stmp/role-global/ORION/RUNDIRS/C48_ATM_5f8999c6/gfs.2021032312/gfsfcst.2021032312/fcst.995152/INPUT/oro_data_ls.tile1.nc
+ cpreq[3]cp /work2/noaa/global/role-global/GFS_CI_CD/ORION/CI/3645/global-workflow/fix/ugwd/C48/C48_oro_data_ls.tile1.nc /work2/noaa/stmp/role-global/ORION/RUNDIRS/C48_ATM_5f8999c6/gfs.2021032312/gfsfcst.2021032312/fcst.995152/INPUT/oro_data_ls.tile1.nc
+ cpreq[4]'[' 0 -ne 0 ']'
+ forecast_predet.sh[487]cpreq /work2/noaa/global/role-global/GFS_CI_CD/ORION/CI/3645/global-workflow/fix/ugwd/C48/C48_oro_data_ss.tile1.nc /work2/noaa/stmp/role-global/ORION/RUNDIRS/C48_ATM_5f8999c6/gfs.2021032312/gfsfcst.2021032312/fcst.995152/INPUT/oro_data_ss.tile1.nc
+ cpreq[3]cp /work2/noaa/global/role-global/GFS_CI_CD/ORION/CI/3645/global-workflow/fix/ugwd/C48/C48_oro_data_ss.tile1.nc /work2/noaa/stmp/role-global/ORION/RUNDIRS/C48_ATM_5f8999c6/gfs.2021032312/gfsfcst.2021032312/fcst.995152/INPUT/oro_data_ss.tile1.nc
+ cpreq[4]'[' 0 -ne 0 ']'
+ forecast_predet.sh[483](( tt++  ))
+ forecast_predet.sh[483](( tt <= ntiles ))
+ forecast_predet.sh[484]cpreq /work2/noaa/global/role-global/GFS_CI_CD/ORION/CI/3645/global-workflow/fix/orog/C48/C48.mx500_oro_data.tile2.nc /work2/noaa/stmp/role-global/ORION/RUNDIRS/C48_ATM_5f8999c6/gfs.2021032312/gfsfcst.2021032312/fcst.995152/INPUT/oro_data.tile2.nc
+ cpreq[3]cp /work2/noaa/global/role-global/GFS_CI_CD/ORION/CI/3645/global-workflow/fix/orog/C48/C48.mx500_oro_data.tile2.nc /work2/noaa/stmp/role-global/ORION/RUNDIRS/C48_ATM_5f8999c6/gfs.2021032312/gfsfcst.2021032312/fcst.995152/INPUT/oro_data.tile2.nc
+ cpreq[4]'[' 0 -ne 0 ']'
+ forecast_predet.sh[485]cpreq /work2/noaa/global/role-global/GFS_CI_CD/ORION/CI/3645/global-workflow/fix/orog/C48/C48_grid.tile2.nc /work2/noaa/stmp/role-global/ORION/RUNDIRS/C48_ATM_5f8999c6/gfs.2021032312/gfsfcst.2021032312/fcst.995152/INPUT/C48_grid.tile2.nc
+ cpreq[3]cp /work2/noaa/global/role-global/GFS_CI_CD/ORION/CI/3645/global-workflow/fix/orog/C48/C48_grid.tile2.nc /work2/noaa/stmp/role-global/ORION/RUNDIRS/C48_ATM_5f8999c6/gfs.2021032312/gfsfcst.2021032312/fcst.995152/INPUT/C48_grid.tile2.nc
+ cpreq[4]'[' 0 -ne 0 ']'
+ forecast_predet.sh[486]cpreq /work2/noaa/global/role-global/GFS_CI_CD/ORION/CI/3645/global-workflow/fix/ugwd/C48/C48_oro_data_ls.tile2.nc /work2/noaa/stmp/role-global/ORION/RUNDIRS/C48_ATM_5f8999c6/gfs.2021032312/gfsfcst.2021032312/fcst.995152/INPUT/oro_data_ls.tile2.nc
+ cpreq[3]cp /work2/noaa/global/role-global/GFS_CI_CD/ORION/CI/3645/global-workflow/fix/ugwd/C48/C48_oro_data_ls.tile2.nc /work2/noaa/stmp/role-global/ORION/RUNDIRS/C48_ATM_5f8999c6/gfs.2021032312/gfsfcst.2021032312/fcst.995152/INPUT/oro_data_ls.tile2.nc
+ cpreq[4]'[' 0 -ne 0 ']'
+ forecast_predet.sh[487]cpreq /work2/noaa/global/role-global/GFS_CI_CD/ORION/CI/3645/global-workflow/fix/ugwd/C48/C48_oro_data_ss.tile2.nc /work2/noaa/stmp/role-global/ORION/RUNDIRS/C48_ATM_5f8999c6/gfs.2021032312/gfsfcst.2021032312/fcst.995152/INPUT/oro_data_ss.tile2.nc
+ cpreq[3]cp /work2/noaa/global/role-global/GFS_CI_CD/ORION/CI/3645/global-workflow/fix/ugwd/C48/C48_oro_data_ss.tile2.nc /work2/noaa/stmp/role-global/ORION/RUNDIRS/C48_ATM_5f8999c6/gfs.2021032312/gfsfcst.2021032312/fcst.995152/INPUT/oro_data_ss.tile2.nc
cp: error copying '/work2/noaa/global/role-global/GFS_CI_CD/ORION/CI/3645/global-workflow/fix/ugwd/C48/C48_oro_data_ss.tile2.nc' to '/work2/noaa/stmp/role-global/ORION/RUNDIRS/C48_ATM_5f8999c6/gfs.2021032312/gfsfcst.2021032312/fcst.995152/INPUT/oro_data_ss.tile2.nc': Disk quota exceeded
+ JGLOBAL_FORECAST[89]export err=1
+ JGLOBAL_FORECAST[89]err=1
+ JGLOBAL_FORECAST[90][[ 1 -ne 0 ]]
+ JGLOBAL_FORECAST[91]err_exit
+ preamble.sh[109]set +eux

    -------------------------------------------------------------
    -- FATAL ERROR: Job fcst.995152 failed RETURN CODE 1
    -- ABNORMAL EXIT at Wed Jun  4 01:02:30 PM CDT 2025 on orion-01-72
    -------------------------------------------------------------
    

Currently Loaded Modules:
  1) intel-oneapi-compilers/2023.1.0  42) grib-util/1.3.0
  2) stack-intel/2021.9.0             43) g2tmpl/1.13.0
  3) intel-oneapi-mpi/2021.9.0        44) gsi-ncdiag/1.1.2
  4) stack-intel-oneapi-mpi/2021.9.0  45) crtm-fix/2.4.0.1_emc
  5) zlib/1.2.13                      46) git-lfs/3.1.2
  6) pigz/2.7                         47) crtm/2.4.0.1
  7) zstd/1.5.2                       48) openblas/0.3.24
  8) tar/1.34                         49) py-setuptools/63.4.3
  9) gettext/0.21.1                   50) py-numpy/1.23.4
 10) libxcrypt/4.4.35                 51) bufr/11.7.0
 11) sqlite/3.43.2                    52) gmake/4.2.1
 12) util-linux-uuid/2.38.1           53) wgrib2/2.0.8
 13) python/3.11.6                    54) py-f90nml/1.4.3
 14) libjpeg/2.1.0                    55) py-cftime/1.0.3.4
 15) jasper/2.0.32                    56) py-netcdf4/1.5.8
 16) libpng/1.6.37                    57) libyaml/0.2.5
 17) openjpeg/2.3.1                   58) py-pyyaml/6.0
 18) eccodes/2.32.0                   59) py-markupsafe/2.1.3
 19) fftw/3.3.10                      60) py-jinja2/3.1.2
 20) nghttp2/1.57.0                   61) py-bottleneck/1.3.7
 21) curl/8.4.0                       62) py-numexpr/2.8.4
 22) proj/9.2.1                       63) py-et-xmlfile/1.0.1
 23) udunits/2.2.28                   64) py-openpyxl/3.1.2
 24) cdo/2.2.0                        65) py-pytz/2023.3
 25) hdf5/1.14.0                      66) py-pyxlsb/1.0.10
 26) snappy/1.1.10                    67) py-xlrd/2.0.1
 27) c-blosc/1.21.5                   68) py-xlsxwriter/3.1.7
 28) netcdf-c/4.9.2                   69) py-xlwt/1.3.0
 29) netcdf-fortran/4.6.1             70) py-pandas/1.5.3
 30) parallel-netcdf/1.12.2           71) py-six/1.16.0
 31) parallelio/2.5.10                72) py-python-dateutil/2.8.2
 32) esmf/8.6.0                       73) g2c/1.8.0
 33) antlr/2.7.7                      74) netcdf-cxx4/4.3.1
 34) gsl/2.7.1                        75) met/9.1.3
 35) nco/5.0.6                        76) metplus/3.1.1
 36) bacio/2.4.1                      77) py-packaging/23.1
 37) w3emc/2.10.0                     78) py-xarray/2023.7.0
 38) prod_util/2.1.1                  79) prepobs/1.1.0
 39) g2/3.4.5                         80) fit2obs/1.1.7
 40) sp/2.5.0                         81) globus-cli/3.27
 41) ip/4.3.0                         82) module_base.orion

 


Job fcst.995152 failed RETURN CODE 1
/work2/noaa/stmp/role-global/ORION/RUNDIRS/C48_ATM_5f8999c6/gfs.2021032312/gfsfcst.2021032312/fcst.995152
total 9
-rw-r----- 1 role-global stmp    0 Jun  4 13:01 ncepdate
lrwxrwxrwx 1 role-global stmp  113 Jun  4 13:02 RESTART -> /work2/noaa/stmp/role-global/ORION/RUNDIRS/C48_ATM_5f8999c6/gfs.2021032312/gfsfcst.2021032312/restart/FV3_RESTART
-rw-r----- 1 role-global stmp 4868 Jun  4 13:02 ugwp_limb_tau.nc
drwxr-s--- 2 role-global stmp 4096 Jun  4 13:02 INPUT
cat: OUTPUT.995608: No such file or directory
slurmstepd: error: *** JOB 20429560 ON orion-01-72 CANCELLED AT 2025-06-04T13:02:31 ***
