+ source /gpfs/f6/drsa-precip3/world-shared/global/CI/3847/global-workflow/ush/load_fv3gfs_modules.sh
++ [[ hxB == *x* ]]
++ set_x=YES
++ [[ NO == \N\O ]]
++ echo 'Loading modules quietly...'
Loading modules quietly...
++ set +x
Running "module reset". Resetting modules to system default. The following $MODULEPATH directories have been removed: /gpfs/f6/drsa-precip3/world-shared/global/CI/3847/global-workflow/modulefiles

The following have been reloaded with a version change:
  1) PrgEnv-intel/8.5.0 => PrgEnv-intel/8.6.0
  2) craype/2.7.30 => craype/2.7.34


Lmod is automatically replacing "intel/2025.0" with "intel-classic/2023.2.0".


The following have been reloaded with a version change:
  1) PrgEnv-intel/8.6.0 => PrgEnv-intel/8.5.0
  2) cray-mpich/8.1.32 => cray-mpich/8.1.29
  3) craype/2.7.34 => craype/2.7.30


Currently Loaded Modules:
  1) craype-x86-genoa
  2) perftools-base/25.03.0
  3) xpmem/2.9.6-1.1_20240510205610__g087dc11fc19d
  4) cray-pmi/6.1.15
  5) CmrsEnv/default
  6) TimeZoneEDT/default
  7) DefApps/default
  8) cray-dsmml/0.3.1
  9) PrgEnv-intel/8.5.0
 10) intel-classic/2023.2.0
 11) craype/2.7.30
 12) stack-intel/2023.2.0
 13) libfabric/1.20.1
 14) craype-network-ofi
 15) cray-mpich/8.1.29
 16) stack-cray-mpich/8.1.29
 17) gettext/0.20.2
 18) libxcrypt/4.4.35
 19) zlib/1.2.13
 20) sqlite/3.43.2
 21) util-linux-uuid/2.38.1
 22) python/3.11.6
 23) libjpeg/2.1.0
 24) jasper/2.0.32
 25) libpng/1.6.37
 26) openjpeg/2.3.1
 27) eccodes/2.32.0
 28) fftw/3.3.10
 29) nghttp2/1.57.0
 30) curl/8.4.0
 31) proj/9.2.1
 32) udunits/2.2.28
 33) cdo/2.2.0
 34) pkg-config/0.29.2
 35) hdf5/1.14.0
 36) snappy/1.1.10
 37) zstd/1.5.2
 38) c-blosc/1.21.5
 39) netcdf-c/4.9.2
 40) netcdf-fortran/4.6.1
 41) parallel-netcdf/1.12.2
 42) parallelio/2.5.10
 43) esmf/8.6.0
 44) perlbrew/5.38.2
 45) antlr/2.7.7
 46) gsl/2.7.1
 47) nco/5.0.6
 48) bacio/2.4.1
 49) w3emc/2.10.0
 50) prod_util/2.1.1
 51) g2/3.4.5
 52) sp/2.5.0
 53) ip/4.3.0
 54) grib-util/1.3.0
 55) g2tmpl/1.13.0
 56) gsi-ncdiag/1.1.2
 57) crtm-fix/2.4.0.1_emc
 58) git-lfs/2.11.0
 59) crtm/2.4.0.1
 60) openblas/0.3.24
 61) py-setuptools/63.4.3
 62) py-numpy/1.23.4
 63) bufr/11.7.0
 64) gmake/4.2.1
 65) wgrib2/2.0.8
 66) py-cftime/1.0.3.4
 67) py-netcdf4/1.5.8
 68) py-f90nml/1.4.3
 69) libyaml/0.2.5
 70) py-pyyaml/6.0
 71) py-markupsafe/2.1.3
 72) py-jinja2/3.1.2
 73) py-bottleneck/1.3.7
 74) py-numexpr/2.8.4
 75) py-et-xmlfile/1.0.1
 76) py-openpyxl/3.1.2
 77) py-pytz/2023.3
 78) py-pyxlsb/1.0.10
 79) py-xlrd/2.0.1
 80) py-xlsxwriter/3.1.7
 81) py-xlwt/1.3.0
 82) py-pandas/1.5.3
 83) py-six/1.16.0
 84) py-python-dateutil/2.8.2
 85) g2c/1.8.0
 86) netcdf-cxx4/4.3.1
 87) met/9.1.3
 88) metplus/3.1.1
 89) py-packaging/23.1
 90) py-xarray/2023.7.0
 91) prepobs/1.1.0
 92) fit2obs/1.1.7.1
 93) hsi/9.3
 94) module_base.gaeac6

 

++ wxflowPATH=/gpfs/f6/drsa-precip3/world-shared/global/CI/3847/global-workflow/ush/python
++ PYTHONPATH=/autofs/ncrc-svm1_proj/epic/spack-stack/c6/spack-stack-1.6.0/envs/gsi-addon-dev-fms-2024.01/install/intel/2023.2.0/py-xarray-2023.7.0-ozoxbgs/lib/python3.11/site-packages:/autofs/ncrc-svm1_proj/epic/spack-stack/c6/spack-stack-1.6.0/envs/gsi-addon-dev-fms-2024.01/install/intel/2023.2.0/py-packaging-23.1-sep32z3/lib/python3.11/site-packages:/autofs/ncrc-svm1_proj/epic/spack-stack/c6/spack-stack-1.6.0/envs/gsi-addon-dev-fms-2024.01/install/intel/2023.2.0/py-python-dateutil-2.8.2-bxlqjfj/lib/python3.11/site-packages:/autofs/ncrc-svm1_proj/epic/spack-stack/c6/spack-stack-1.6.0/envs/gsi-addon-dev-fms-2024.01/install/intel/2023.2.0/py-six-1.16.0-j3lczkg/lib/python3.11/site-packages:/autofs/ncrc-svm1_proj/epic/spack-stack/c6/spack-stack-1.6.0/envs/gsi-addon-dev-fms-2024.01/install/intel/2023.2.0/py-pandas-1.5.3-wyb2e7x/lib/python3.11/site-packages:/autofs/ncrc-svm1_proj/epic/spack-stack/c6/spack-stack-1.6.0/envs/gsi-addon-dev-fms-2024.01/install/intel/2023.2.0/py-xlwt-1.3.0-tzgvwhp/lib/python3.11/site-packages:/autofs/ncrc-svm1_proj/epic/spack-stack/c6/spack-stack-1.6.0/envs/gsi-addon-dev-fms-2024.01/install/intel/2023.2.0/py-xlsxwriter-3.1.7-vsx375z/lib/python3.11/site-packages:/autofs/ncrc-svm1_proj/epic/spack-stack/c6/spack-stack-1.6.0/envs/gsi-addon-dev-fms-2024.01/install/intel/2023.2.0/py-xlrd-2.0.1-7f7n55b/lib/python3.11/site-packages:/autofs/ncrc-svm1_proj/epic/spack-stack/c6/spack-stack-1.6.0/envs/gsi-addon-dev-fms-2024.01/install/intel/2023.2.0/py-pyxlsb-1.0.10-yf2yish/lib/python3.11/site-packages:/autofs/ncrc-svm1_proj/epic/spack-stack/c6/spack-stack-1.6.0/envs/gsi-addon-dev-fms-2024.01/install/intel/2023.2.0/py-pytz-2023.3-wbjoep3/lib/python3.11/site-packages:/autofs/ncrc-svm1_proj/epic/spack-stack/c6/spack-stack-1.6.0/envs/gsi-addon-dev-fms-2024.01/install/intel/2023.2.0/py-openpyxl-3.1.2-3g7ehn2/lib/python3.11/site-packages:/autofs/ncrc-svm1_proj/epic/spack-stack/c6/spack-stack-1.6.0/envs/gsi-addon-dev-fms-2024.01/install/intel/2023.2.0/py-et-xmlfile-1.0.1-iprhnfe/lib/python3.11/site-packages:/autofs/ncrc-svm1_proj/epic/spack-stack/c6/spack-stack-1.6.0/envs/gsi-addon-dev-fms-2024.01/install/intel/2023.2.0/py-numexpr-2.8.4-svc4zzb/lib/python3.11/site-packages:/autofs/ncrc-svm1_proj/epic/spack-stack/c6/spack-stack-1.6.0/envs/gsi-addon-dev-fms-2024.01/install/intel/2023.2.0/py-bottleneck-1.3.7-w3cslfi/lib/python3.11/site-packages:/autofs/ncrc-svm1_proj/epic/spack-stack/c6/spack-stack-1.6.0/envs/gsi-addon-dev-fms-2024.01/install/intel/2023.2.0/py-jinja2-3.1.2-dziq6px/lib/python3.11/site-packages:/autofs/ncrc-svm1_proj/epic/spack-stack/c6/spack-stack-1.6.0/envs/gsi-addon-dev-fms-2024.01/install/intel/2023.2.0/py-markupsafe-2.1.3-izecrid/lib/python3.11/site-packages:/autofs/ncrc-svm1_proj/epic/spack-stack/c6/spack-stack-1.6.0/envs/gsi-addon-dev-fms-2024.01/install/intel/2023.2.0/py-pyyaml-6.0-g3ruzyd/lib/python3.11/site-packages:/autofs/ncrc-svm1_proj/epic/spack-stack/c6/spack-stack-1.6.0/envs/gsi-addon-dev-fms-2024.01/install/intel/2023.2.0/py-f90nml-1.4.3-sqdas3d/lib/python3.11/site-packages:/autofs/ncrc-svm1_proj/epic/spack-stack/c6/spack-stack-1.6.0/envs/gsi-addon-dev-fms-2024.01/install/intel/2023.2.0/py-netcdf4-1.5.8-444i5pm/lib/python3.11/site-packages:/autofs/ncrc-svm1_proj/epic/spack-stack/c6/spack-stack-1.6.0/envs/gsi-addon-dev-fms-2024.01/install/intel/2023.2.0/py-cftime-1.0.3.4-dgtglhq/lib/python3.11/site-packages:/autofs/ncrc-svm1_proj/epic/spack-stack/c6/spack-stack-1.6.0/envs/gsi-addon-dev-fms-2024.01/install/intel/2023.2.0/bufr-11.7.0-2pzpov2/lib64/python3.11/site-packages:/autofs/ncrc-svm1_proj/epic/spack-stack/c6/spack-stack-1.6.0/envs/gsi-addon-dev-fms-2024.01/install/intel/2023.2.0/bufr-11.7.0-2pzpov2/lib/python3.11/site-packages:/autofs/ncrc-svm1_proj/epic/spack-stack/c6/spack-stack-1.6.0/envs/gsi-addon-dev-fms-2024.01/install/intel/2023.2.0/py-numpy-1.23.4-ir4kiqb/lib/python3.11/site-packages:/autofs/ncrc-svm1_proj/epic/spack-stack/c6/spack-stack-1.6.0/envs/gsi-addon-dev-fms-2024.01/install/intel/2023.2.0/py-setuptools-63.4.3-qi6dp6j/lib/python3.11/site-packages:/gpfs/f6/drsa-precip3/world-shared/global/CI/3847/global-workflow/ush:/gpfs/f6/drsa-precip3/world-shared/global/CI/3847/global-workflow/ush/python
++ export PYTHONPATH
++ ulimit -S -s 1048576
++ unset ulimit_s
+ status=0
+ [[ 0 -ne 0 ]]
+ export job=sfcanl
+ job=sfcanl
+ export jobid=sfcanl.85729
+ jobid=sfcanl.85729
+ /gpfs/f6/drsa-precip3/world-shared/global/CI/3847/global-workflow/jobs/JGLOBAL_ATMOS_SFCANL
Begin /gpfs/f6/drsa-precip3/world-shared/global/CI/3847/global-workflow/jobs/JGLOBAL_ATMOS_SFCANL at Thu 10 Jul 2025 08:34:26 PM UTC
++ jjob_header.sh[46]OPTIND=1
++ jjob_header.sh[47]getopts c:e: option
++ jjob_header.sh[48]case "${option}" in
++ jjob_header.sh[50]env_job=sfcanl
++ jjob_header.sh[47]getopts c:e: option
++ jjob_header.sh[48]case "${option}" in
++ jjob_header.sh[49]read -ra configs
++ jjob_header.sh[47]getopts c:e: option
++ jjob_header.sh[61]shift 4
++ jjob_header.sh[63][[ -z sfcanl ]]
++ jjob_header.sh[71]export DATA=/gpfs/f6/drsa-precip4/world-shared/role.glopara/RUNDIRS/C96_gcafs_cycled_9fef2bde/gcdas.2021122018/sfcanl.85729
++ jjob_header.sh[71]DATA=/gpfs/f6/drsa-precip4/world-shared/role.glopara/RUNDIRS/C96_gcafs_cycled_9fef2bde/gcdas.2021122018/sfcanl.85729
++ jjob_header.sh[72][[ YES == \Y\E\S ]]
++ jjob_header.sh[73]rm -rf /gpfs/f6/drsa-precip4/world-shared/role.glopara/RUNDIRS/C96_gcafs_cycled_9fef2bde/gcdas.2021122018/sfcanl.85729
++ jjob_header.sh[75]mkdir -p /gpfs/f6/drsa-precip4/world-shared/role.glopara/RUNDIRS/C96_gcafs_cycled_9fef2bde/gcdas.2021122018/sfcanl.85729
++ jjob_header.sh[76]cd /gpfs/f6/drsa-precip4/world-shared/role.glopara/RUNDIRS/C96_gcafs_cycled_9fef2bde/gcdas.2021122018/sfcanl.85729
++ jjob_header.sh[85]export pid=85783
++ jjob_header.sh[85]pid=85783
++ jjob_header.sh[86]export pgmout=OUTPUT.85783
++ jjob_header.sh[86]pgmout=OUTPUT.85783
++ jjob_header.sh[87]export pgmerr=errfile
++ jjob_header.sh[87]pgmerr=errfile
++ jjob_header.sh[90]export pgm=
++ jjob_header.sh[90]pgm=
++ jjob_header.sh[96]export cycle=t18z
++ jjob_header.sh[96]cycle=t18z
++ jjob_header.sh[97]setpdy.sh
+ setpdy.sh[20]'[' /gpfs/f6/drsa-precip4/world-shared/role.glopara/RUNDIRS/C96_gcafs_cycled_9fef2bde/gcdas.2021122018/sfcanl.85729 == /ncrc/home1/role.glopara ']'
+ setpdy.sh[25][[ ! t18z =~ t??z ]]
+ setpdy.sh[30]case $# in
+ setpdy.sh[31]dates_before_PDY=7
+ setpdy.sh[32]dates_after_PDY=7
+ setpdy.sh[50]COMDATEROOT=/gpfs/f6/drsa-precip3/world-shared/global/CI/3847/RUNTESTS/COMROOT
+ setpdy.sh[53]'[' -z 20211220 ']'
+ setpdy.sh[57]sed 's/[0-9]\{8\}/20211220/' /gpfs/f6/drsa-precip3/world-shared/global/CI/3847/RUNTESTS/COMROOT/date/t18z
sed: can't read /gpfs/f6/drsa-precip3/world-shared/global/CI/3847/RUNTESTS/COMROOT/date/t18z: No such file or directory
++ jjob_header.sh[97]true
++ jjob_header.sh[98]source ./PDY
/gpfs/f6/drsa-precip3/world-shared/global/CI/3847/global-workflow/ush/jjob_header.sh: line 98: ./PDY: No such file or directory
++ jjob_header.sh[98]true
++ jjob_header.sh[104]export EXPDIR=/gpfs/f6/drsa-precip3/world-shared/global/CI/3847/RUNTESTS/EXPDIR/C96_gcafs_cycled_9fef2bde
++ jjob_header.sh[104]EXPDIR=/gpfs/f6/drsa-precip3/world-shared/global/CI/3847/RUNTESTS/EXPDIR/C96_gcafs_cycled_9fef2bde
++ jjob_header.sh[105]for config in "${configs[@]:-''}"
++ jjob_header.sh[106]source /gpfs/f6/drsa-precip3/world-shared/global/CI/3847/RUNTESTS/EXPDIR/C96_gcafs_cycled_9fef2bde/config.base
+++ config.base[6]echo 'BEGIN: config.base'
BEGIN: config.base
+++ config.base[9]export machine=GAEAC6
+++ config.base[9]machine=GAEAC6
+++ config.base[12]export RUN_ENVIR=emc
+++ config.base[12]RUN_ENVIR=emc
+++ config.base[15]export ACCOUNT=drsa-precip4
+++ config.base[15]ACCOUNT=drsa-precip4
+++ config.base[16]export QUEUE=normal
+++ config.base[16]QUEUE=normal
+++ config.base[17]export QUEUE_SERVICE=normal
+++ config.base[17]QUEUE_SERVICE=normal
+++ config.base[18]export QUEUE_DTN=hpss
+++ config.base[18]QUEUE_DTN=hpss
+++ config.base[19]export PARTITION_BATCH=batch
+++ config.base[19]PARTITION_BATCH=batch
+++ config.base[20]export PARTITION_SERVICE=batch
+++ config.base[20]PARTITION_SERVICE=batch
+++ config.base[21]export PARTITION_DTN=dtn_f5_f6
+++ config.base[21]PARTITION_DTN=dtn_f5_f6
+++ config.base[22]export RESERVATION=
+++ config.base[22]RESERVATION=
+++ config.base[23]export CLUSTERS=c6
+++ config.base[23]CLUSTERS=c6
+++ config.base[24]export CLUSTERS_SERVICE=c6
+++ config.base[24]CLUSTERS_SERVICE=c6
+++ config.base[25]export CLUSTERS_DTN=es
+++ config.base[25]CLUSTERS_DTN=es
+++ config.base[28]export HPSS_PROJECT=emc-global
+++ config.base[28]HPSS_PROJECT=emc-global
+++ config.base[31]export HOMEgfs=/gpfs/f6/drsa-precip3/world-shared/global/CI/3847/global-workflow
+++ config.base[31]HOMEgfs=/gpfs/f6/drsa-precip3/world-shared/global/CI/3847/global-workflow
+++ config.base[32]export EXECgfs=/gpfs/f6/drsa-precip3/world-shared/global/CI/3847/global-workflow/exec
+++ config.base[32]EXECgfs=/gpfs/f6/drsa-precip3/world-shared/global/CI/3847/global-workflow/exec
+++ config.base[33]export FIXgfs=/gpfs/f6/drsa-precip3/world-shared/global/CI/3847/global-workflow/fix
+++ config.base[33]FIXgfs=/gpfs/f6/drsa-precip3/world-shared/global/CI/3847/global-workflow/fix
+++ config.base[34]export PARMgfs=/gpfs/f6/drsa-precip3/world-shared/global/CI/3847/global-workflow/parm
+++ config.base[34]PARMgfs=/gpfs/f6/drsa-precip3/world-shared/global/CI/3847/global-workflow/parm
+++ config.base[35]export SCRgfs=/gpfs/f6/drsa-precip3/world-shared/global/CI/3847/global-workflow/scripts
+++ config.base[35]SCRgfs=/gpfs/f6/drsa-precip3/world-shared/global/CI/3847/global-workflow/scripts
+++ config.base[36]export USHgfs=/gpfs/f6/drsa-precip3/world-shared/global/CI/3847/global-workflow/ush
+++ config.base[36]USHgfs=/gpfs/f6/drsa-precip3/world-shared/global/CI/3847/global-workflow/ush
+++ config.base[38]export FIXam=/gpfs/f6/drsa-precip3/world-shared/global/CI/3847/global-workflow/fix/am
+++ config.base[38]FIXam=/gpfs/f6/drsa-precip3/world-shared/global/CI/3847/global-workflow/fix/am
+++ config.base[39]export FIXaer=/gpfs/f6/drsa-precip3/world-shared/global/CI/3847/global-workflow/fix/aer
+++ config.base[39]FIXaer=/gpfs/f6/drsa-precip3/world-shared/global/CI/3847/global-workflow/fix/aer
+++ config.base[40]export FIXcpl=/gpfs/f6/drsa-precip3/world-shared/global/CI/3847/global-workflow/fix/cpl
+++ config.base[40]FIXcpl=/gpfs/f6/drsa-precip3/world-shared/global/CI/3847/global-workflow/fix/cpl
+++ config.base[41]export FIXlut=/gpfs/f6/drsa-precip3/world-shared/global/CI/3847/global-workflow/fix/lut
+++ config.base[41]FIXlut=/gpfs/f6/drsa-precip3/world-shared/global/CI/3847/global-workflow/fix/lut
+++ config.base[42]export FIXcice=/gpfs/f6/drsa-precip3/world-shared/global/CI/3847/global-workflow/fix/cice
+++ config.base[42]FIXcice=/gpfs/f6/drsa-precip3/world-shared/global/CI/3847/global-workflow/fix/cice
+++ config.base[43]export FIXmom=/gpfs/f6/drsa-precip3/world-shared/global/CI/3847/global-workflow/fix/mom6
+++ config.base[43]FIXmom=/gpfs/f6/drsa-precip3/world-shared/global/CI/3847/global-workflow/fix/mom6
+++ config.base[44]export FIXreg2grb2=/gpfs/f6/drsa-precip3/world-shared/global/CI/3847/global-workflow/fix/reg2grb2
+++ config.base[44]FIXreg2grb2=/gpfs/f6/drsa-precip3/world-shared/global/CI/3847/global-workflow/fix/reg2grb2
+++ config.base[45]export FIXgdas=/gpfs/f6/drsa-precip3/world-shared/global/CI/3847/global-workflow/fix/gdas
+++ config.base[45]FIXgdas=/gpfs/f6/drsa-precip3/world-shared/global/CI/3847/global-workflow/fix/gdas
+++ config.base[50]export PACKAGEROOT=/gpfs/f6/drsa-precip3/world-shared/role.glopara/nwpara
+++ config.base[50]PACKAGEROOT=/gpfs/f6/drsa-precip3/world-shared/role.glopara/nwpara
+++ config.base[51]export COMROOT=/gpfs/f6/drsa-precip3/world-shared/global/CI/3847/RUNTESTS/COMROOT
+++ config.base[51]COMROOT=/gpfs/f6/drsa-precip3/world-shared/global/CI/3847/RUNTESTS/COMROOT
+++ config.base[52]export COMINsyn=/gpfs/f6/drsa-precip3/world-shared/role.glopara/com/syndat
+++ config.base[52]COMINsyn=/gpfs/f6/drsa-precip3/world-shared/role.glopara/com/syndat
+++ config.base[53]export DMPDIR=/gpfs/f6/drsa-precip3/world-shared/role.glopara/dump
+++ config.base[53]DMPDIR=/gpfs/f6/drsa-precip3/world-shared/role.glopara/dump
+++ config.base[57]export 'COMINecmwf={{ COMINecmwf }}'
+++ config.base[57]COMINecmwf='{{ COMINecmwf }}'
+++ config.base[58]export 'COMINnam={{ COMINnam }}'
+++ config.base[58]COMINnam='{{ COMINnam }}'
+++ config.base[59]export 'COMINukmet={{ COMINukmet }}'
+++ config.base[59]COMINukmet='{{ COMINukmet }}'
+++ config.base[62]export HOMEDIR=/gpfs/f6/drsa-precip4/world-shared/role.glopara
+++ config.base[62]HOMEDIR=/gpfs/f6/drsa-precip4/world-shared/role.glopara
+++ config.base[63]export STMP=/gpfs/f6/drsa-precip4/world-shared/role.glopara
+++ config.base[63]STMP=/gpfs/f6/drsa-precip4/world-shared/role.glopara
+++ config.base[64]export PTMP=/gpfs/f6/drsa-precip4/world-shared/role.glopara
+++ config.base[64]PTMP=/gpfs/f6/drsa-precip4/world-shared/role.glopara
+++ config.base[65]export NOSCRUB=/gpfs/f6/drsa-precip4/world-shared/role.glopara
+++ config.base[65]NOSCRUB=/gpfs/f6/drsa-precip4/world-shared/role.glopara
+++ config.base[68]export BASE_GIT=/gpfs/f6/drsa-precip3/world-shared/role.glopara/git
+++ config.base[68]BASE_GIT=/gpfs/f6/drsa-precip3/world-shared/role.glopara/git
+++ config.base[71]export BASE_DATA=/gpfs/f6/drsa-precip3/world-shared/role.glopara/data
+++ config.base[71]BASE_DATA=/gpfs/f6/drsa-precip3/world-shared/role.glopara/data
+++ config.base[74]export DO_GOES=NO
+++ config.base[74]DO_GOES=NO
+++ config.base[75]export DO_BUFRSND=NO
+++ config.base[75]DO_BUFRSND=NO
+++ config.base[76]export DO_GEMPAK=NO
+++ config.base[76]DO_GEMPAK=NO
+++ config.base[77]export DO_AWIPS=NO
+++ config.base[77]DO_AWIPS=NO
+++ config.base[78]export DO_NPOESS=NO
+++ config.base[78]DO_NPOESS=NO
+++ config.base[79]export DO_TRACKER=NO
+++ config.base[79]DO_TRACKER=NO
+++ config.base[80]export DO_GENESIS=NO
+++ config.base[80]DO_GENESIS=NO
+++ config.base[81]export DO_GENESIS_FSU=NO
+++ config.base[81]DO_GENESIS_FSU=NO
+++ config.base[82]export DO_VERFOZN=YES
+++ config.base[82]DO_VERFOZN=YES
+++ config.base[83]export DO_VERFRAD=YES
+++ config.base[83]DO_VERFRAD=YES
+++ config.base[84]export DO_VMINMON=YES
+++ config.base[84]DO_VMINMON=YES
+++ config.base[85]export DO_ANLSTAT=NO
+++ config.base[85]DO_ANLSTAT=NO
+++ config.base[86]export DO_MOS=NO
+++ config.base[86]DO_MOS=NO
+++ config.base[92]export REALTIME=YES
+++ config.base[92]REALTIME=YES
+++ config.base[95]export MODE=cycled
+++ config.base[95]MODE=cycled
+++ config.base[96]export DO_TEST_MODE=NO
+++ config.base[96]DO_TEST_MODE=NO
+++ config.base[105]export FIXgsi=/gpfs/f6/drsa-precip3/world-shared/global/CI/3847/global-workflow/fix/gsi
+++ config.base[105]FIXgsi=/gpfs/f6/drsa-precip3/world-shared/global/CI/3847/global-workflow/fix/gsi
+++ config.base[106]export HOMEpost=/gpfs/f6/drsa-precip3/world-shared/global/CI/3847/global-workflow
+++ config.base[106]HOMEpost=/gpfs/f6/drsa-precip3/world-shared/global/CI/3847/global-workflow
+++ config.base[107]export HOMEobsproc=/gpfs/f6/drsa-precip3/world-shared/role.glopara/git/obsproc/v1.2.0
+++ config.base[107]HOMEobsproc=/gpfs/f6/drsa-precip3/world-shared/role.glopara/git/obsproc/v1.2.0
+++ config.base[110]export NMV=/bin/mv
+++ config.base[110]NMV=/bin/mv
+++ config.base[111]export 'NLN=/bin/ln -sf'
+++ config.base[111]NLN='/bin/ln -sf'
+++ config.base[112]export VERBOSE=YES
+++ config.base[112]VERBOSE=YES
+++ config.base[113]export KEEPDATA=NO
+++ config.base[113]KEEPDATA=NO
+++ config.base[114]export DEBUG_POSTSCRIPT=NO
+++ config.base[114]DEBUG_POSTSCRIPT=NO
+++ config.base[115]export CHGRP_RSTPROD=NO
+++ config.base[115]CHGRP_RSTPROD=NO
+++ config.base[116]export 'CHGRP_CMD=chgrp rstprod'
+++ config.base[116]CHGRP_CMD='chgrp rstprod'
+++ config.base[117]export NCDUMP=/autofs/ncrc-svm1_proj/epic/spack-stack/c6/spack-stack-1.6.0/envs/unified-env/install/intel/2023.2.0/netcdf-c-4.9.2-ltruqgg/bin/ncdump
+++ config.base[117]NCDUMP=/autofs/ncrc-svm1_proj/epic/spack-stack/c6/spack-stack-1.6.0/envs/unified-env/install/intel/2023.2.0/netcdf-c-4.9.2-ltruqgg/bin/ncdump
+++ config.base[118]export NCLEN=/gpfs/f6/drsa-precip3/world-shared/global/CI/3847/global-workflow/ush/getncdimlen
+++ config.base[118]NCLEN=/gpfs/f6/drsa-precip3/world-shared/global/CI/3847/global-workflow/ush/getncdimlen
+++ config.base[121]export BASE_ENV=/gpfs/f6/drsa-precip3/world-shared/global/CI/3847/global-workflow/env
+++ config.base[121]BASE_ENV=/gpfs/f6/drsa-precip3/world-shared/global/CI/3847/global-workflow/env
+++ config.base[124]export SDATE=2021122012
+++ config.base[124]SDATE=2021122012
+++ config.base[125]export EDATE=2021122100
+++ config.base[125]EDATE=2021122100
+++ config.base[126]export EXP_WARM_START=.false.
+++ config.base[126]EXP_WARM_START=.false.
+++ config.base[127]export assim_freq=6
+++ config.base[127]assim_freq=6
+++ config.base[128]export PSLOT=C96_gcafs_cycled_9fef2bde
+++ config.base[128]PSLOT=C96_gcafs_cycled_9fef2bde
+++ config.base[129]export EXPDIR=/gpfs/f6/drsa-precip3/world-shared/global/CI/3847/RUNTESTS/EXPDIR/C96_gcafs_cycled_9fef2bde
+++ config.base[129]EXPDIR=/gpfs/f6/drsa-precip3/world-shared/global/CI/3847/RUNTESTS/EXPDIR/C96_gcafs_cycled_9fef2bde
+++ config.base[130]export ROTDIR=/gpfs/f6/drsa-precip3/world-shared/global/CI/3847/RUNTESTS/COMROOT/C96_gcafs_cycled_9fef2bde
+++ config.base[130]ROTDIR=/gpfs/f6/drsa-precip3/world-shared/global/CI/3847/RUNTESTS/COMROOT/C96_gcafs_cycled_9fef2bde
+++ config.base[131]export DUMP_SUFFIX=
+++ config.base[131]DUMP_SUFFIX=
+++ config.base[132][[ 2021122018 -ge 2019092100 ]]
+++ config.base[132][[ 2021122018 -le 2019110700 ]]
+++ config.base[135]export ARCDIR=/gpfs/f6/drsa-precip4/world-shared/role.glopara/archive/C96_gcafs_cycled_9fef2bde
+++ config.base[135]ARCDIR=/gpfs/f6/drsa-precip4/world-shared/role.glopara/archive/C96_gcafs_cycled_9fef2bde
+++ config.base[136]export ATARDIR=/NCEPDEV/emc-global/1year/role.glopara/GAEAC6/scratch/C96_gcafs_cycled_9fef2bde
+++ config.base[136]ATARDIR=/NCEPDEV/emc-global/1year/role.glopara/GAEAC6/scratch/C96_gcafs_cycled_9fef2bde
+++ config.base[137]export 'FETCHDIR={{ FETCHDIR }}'
+++ config.base[137]FETCHDIR='{{ FETCHDIR }}'
+++ config.base[140]export envir=prod
+++ config.base[140]envir=prod
+++ config.base[141]export NET=gcafs
+++ config.base[141]NET=gcafs
+++ config.base[142]export RUN=gcdas
+++ config.base[142]RUN=gcdas
+++ config.base[145]source /gpfs/f6/drsa-precip3/world-shared/global/CI/3847/RUNTESTS/EXPDIR/C96_gcafs_cycled_9fef2bde/config.com
++++ config.com[4]echo 'BEGIN: config.com'
BEGIN: config.com
++++ config.com[38][[ emc == \n\c\o ]]
++++ config.com[43]COM_OBSPROC_TMPL='${DMPDIR}/${RUN}${DUMP_SUFFIX}.${YMD}/${HH}/atmos'
++++ config.com[44]COM_RTOFS_TMPL='${DMPDIR}'
++++ config.com[45]COM_TCVITAL_TMPL='${DMPDIR}/${RUN}.${YMD}/${HH}/atmos'
++++ config.com[47]declare -rx 'COM_OBS_TMPL=${ROTDIR}/${RUN}.${YMD}/${HH}/obs'
++++ config.com[48]declare -rx COM_OBSPROC_TMPL COM_RTOFS_TMPL
++++ config.com[50]COM_BASE='${ROTDIR}/${RUN}.${YMD}/${HH}/${MEMDIR}'
++++ config.com[52]declare -rx 'COM_TOP_TMPL=${ROTDIR}/${RUN}.${YMD}/${HH}'
++++ config.com[54]declare -rx 'COM_CONF_TMPL=${ROTDIR}/${RUN}.${YMD}/${HH}/${MEMDIR}/conf'
++++ config.com[55]declare -rx 'COM_OBS_JEDI=${ROTDIR}/${RUN}.${YMD}/${HH}/${MEMDIR}/obs_jedi'
++++ config.com[57]declare -rx 'COM_ATMOS_INPUT_TMPL=${ROTDIR}/${RUN}.${YMD}/${HH}/${MEMDIR}/model/atmos/input'
++++ config.com[58]declare -rx 'COM_ATMOS_RESTART_TMPL=${ROTDIR}/${RUN}.${YMD}/${HH}/${MEMDIR}/model/atmos/restart'
++++ config.com[59]declare -rx 'COM_ATMOS_ANALYSIS_TMPL=${ROTDIR}/${RUN}.${YMD}/${HH}/${MEMDIR}/analysis/atmos'
++++ config.com[60]declare -rx 'COM_SNOW_ANALYSIS_TMPL=${ROTDIR}/${RUN}.${YMD}/${HH}/${MEMDIR}/analysis/snow'
++++ config.com[61]declare -rx 'COM_SNOW_ANLMON_TMPL=${ROTDIR}/${RUN}.${YMD}/${HH}/${MEMDIR}/products/snow/anlmon'
++++ config.com[62]declare -rx 'COM_ATMOS_HISTORY_TMPL=${ROTDIR}/${RUN}.${YMD}/${HH}/${MEMDIR}/model/atmos/history'
++++ config.com[63]declare -rx 'COM_ATMOS_MASTER_TMPL=${ROTDIR}/${RUN}.${YMD}/${HH}/${MEMDIR}/model/atmos/master'
++++ config.com[64]declare -rx 'COM_ATMOS_GRIB_TMPL=${ROTDIR}/${RUN}.${YMD}/${HH}/${MEMDIR}/products/atmos/grib2'
++++ config.com[65]declare -rx 'COM_ATMOS_GRIB_GRID_TMPL=${ROTDIR}/${RUN}.${YMD}/${HH}/${MEMDIR}/products/atmos/grib2/${GRID}'
++++ config.com[66]declare -rx 'COM_ATMOS_BUFR_TMPL=${ROTDIR}/${RUN}.${YMD}/${HH}/${MEMDIR}/products/atmos/bufr'
++++ config.com[67]declare -rx 'COM_ATMOS_GEMPAK_TMPL=${ROTDIR}/${RUN}.${YMD}/${HH}/${MEMDIR}/products/atmos/gempak/${GRID}'
++++ config.com[68]declare -rx 'COM_ATMOS_GENESIS_TMPL=${ROTDIR}/${RUN}.${YMD}/${HH}/${MEMDIR}/products/atmos/cyclone/genesis_vital'
++++ config.com[69]declare -rx 'COM_ATMOS_TRACK_TMPL=${ROTDIR}/${RUN}.${YMD}/${HH}/${MEMDIR}/products/atmos/cyclone/tracks'
++++ config.com[70]declare -rx 'COM_ATMOS_GOES_TMPL=${ROTDIR}/${RUN}.${YMD}/${HH}/${MEMDIR}/products/atmos/goes_sim'
++++ config.com[71]declare -rx 'COM_ATMOS_IMAGERY_TMPL=${ROTDIR}/${RUN}.${YMD}/${HH}/${MEMDIR}/products/atmos/imagery'
++++ config.com[72]declare -rx 'COM_ATMOS_OZNMON_TMPL=${ROTDIR}/${RUN}.${YMD}/${HH}/${MEMDIR}/products/atmos/oznmon'
++++ config.com[73]declare -rx 'COM_ATMOS_RADMON_TMPL=${ROTDIR}/${RUN}.${YMD}/${HH}/${MEMDIR}/products/atmos/radmon'
++++ config.com[74]declare -rx 'COM_ATMOS_MINMON_TMPL=${ROTDIR}/${RUN}.${YMD}/${HH}/${MEMDIR}/products/atmos/minmon'
++++ config.com[75]declare -rx 'COM_ATMOS_ANLMON_TMPL=${ROTDIR}/${RUN}.${YMD}/${HH}/${MEMDIR}/products/atmos/anlmon'
++++ config.com[76]declare -rx 'COM_ATMOS_WMO_TMPL=${ROTDIR}/${RUN}.${YMD}/${HH}/${MEMDIR}/products/atmos/wmo'
++++ config.com[78]declare -rx 'COM_WAVE_RESTART_TMPL=${ROTDIR}/${RUN}.${YMD}/${HH}/${MEMDIR}/model/wave/restart'
++++ config.com[79]declare -rx 'COM_WAVE_PREP_TMPL=${ROTDIR}/${RUN}.${YMD}/${HH}/${MEMDIR}/model/wave/prep'
++++ config.com[80]declare -rx 'COM_WAVE_HISTORY_TMPL=${ROTDIR}/${RUN}.${YMD}/${HH}/${MEMDIR}/model/wave/history'
++++ config.com[81]declare -rx 'COM_WAVE_GRID_TMPL=${ROTDIR}/${RUN}.${YMD}/${HH}/${MEMDIR}/products/wave/gridded'
++++ config.com[82]declare -rx 'COM_WAVE_GRID_RES_TMPL=${ROTDIR}/${RUN}.${YMD}/${HH}/${MEMDIR}/products/wave/gridded/${GRDRESNAME}'
++++ config.com[83]declare -rx 'COM_WAVE_STATION_TMPL=${ROTDIR}/${RUN}.${YMD}/${HH}/${MEMDIR}/products/wave/station'
++++ config.com[84]declare -rx 'COM_WAVE_GEMPAK_TMPL=${ROTDIR}/${RUN}.${YMD}/${HH}/${MEMDIR}/products/wave/gempak'
++++ config.com[85]declare -rx 'COM_WAVE_WMO_TMPL=${ROTDIR}/${RUN}.${YMD}/${HH}/${MEMDIR}/products/wave/wmo'
++++ config.com[87]declare -rx 'COM_OCEAN_HISTORY_TMPL=${ROTDIR}/${RUN}.${YMD}/${HH}/${MEMDIR}/model/ocean/history'
++++ config.com[88]declare -rx 'COM_OCEAN_RESTART_TMPL=${ROTDIR}/${RUN}.${YMD}/${HH}/${MEMDIR}/model/ocean/restart'
++++ config.com[89]declare -rx 'COM_OCEAN_INPUT_TMPL=${ROTDIR}/${RUN}.${YMD}/${HH}/${MEMDIR}/model/ocean/input'
++++ config.com[90]declare -rx 'COM_OCEAN_ANALYSIS_TMPL=${ROTDIR}/${RUN}.${YMD}/${HH}/${MEMDIR}/analysis/ocean'
++++ config.com[91]declare -rx 'COM_OCEAN_ANLMON_TMPL=${ROTDIR}/${RUN}.${YMD}/${HH}/${MEMDIR}/products/ocean/anlmon'
++++ config.com[92]declare -rx 'COM_OCEAN_LETKF_TMPL=${ROTDIR}/${RUN}.${YMD}/${HH}/${MEMDIR}/analysis/ocean/letkf'
++++ config.com[93]declare -rx 'COM_OCEAN_BMATRIX_TMPL=${ROTDIR}/${RUN}.${YMD}/${HH}/${MEMDIR}/bmatrix/ocean'
++++ config.com[94]declare -rx 'COM_OCEAN_NETCDF_TMPL=${ROTDIR}/${RUN}.${YMD}/${HH}/${MEMDIR}/products/ocean/netcdf'
++++ config.com[95]declare -rx 'COM_OCEAN_GRIB_TMPL=${ROTDIR}/${RUN}.${YMD}/${HH}/${MEMDIR}/products/ocean/grib2'
++++ config.com[96]declare -rx 'COM_OCEAN_GRIB_GRID_TMPL=${ROTDIR}/${RUN}.${YMD}/${HH}/${MEMDIR}/products/ocean/grib2/${GRID}'
++++ config.com[98]declare -rx 'COM_ICE_ANALYSIS_TMPL=${ROTDIR}/${RUN}.${YMD}/${HH}/${MEMDIR}/analysis/ice'
++++ config.com[99]declare -rx 'COM_ICE_LETKF_TMPL=${ROTDIR}/${RUN}.${YMD}/${HH}/${MEMDIR}/analysis/ice/letkf'
++++ config.com[100]declare -rx 'COM_ICE_ANLMON_TMPL=${ROTDIR}/${RUN}.${YMD}/${HH}/${MEMDIR}/products/ice/anlmon'
++++ config.com[101]declare -rx 'COM_ICE_BMATRIX_TMPL=${ROTDIR}/${RUN}.${YMD}/${HH}/${MEMDIR}/bmatrix/ice'
++++ config.com[102]declare -rx 'COM_ICE_INPUT_TMPL=${ROTDIR}/${RUN}.${YMD}/${HH}/${MEMDIR}/model/ice/input'
++++ config.com[103]declare -rx 'COM_ICE_HISTORY_TMPL=${ROTDIR}/${RUN}.${YMD}/${HH}/${MEMDIR}/model/ice/history'
++++ config.com[104]declare -rx 'COM_ICE_RESTART_TMPL=${ROTDIR}/${RUN}.${YMD}/${HH}/${MEMDIR}/model/ice/restart'
++++ config.com[105]declare -rx 'COM_ICE_NETCDF_TMPL=${ROTDIR}/${RUN}.${YMD}/${HH}/${MEMDIR}/products/ice/netcdf'
++++ config.com[106]declare -rx 'COM_ICE_GRIB_TMPL=${ROTDIR}/${RUN}.${YMD}/${HH}/${MEMDIR}/products/ice/grib2'
++++ config.com[107]declare -rx 'COM_ICE_GRIB_GRID_TMPL=${ROTDIR}/${RUN}.${YMD}/${HH}/${MEMDIR}/products/ice/grib2/${GRID}'
++++ config.com[109]declare -rx 'COM_CHEM_HISTORY_TMPL=${ROTDIR}/${RUN}.${YMD}/${HH}/${MEMDIR}/model/chem/history'
++++ config.com[110]declare -rx 'COM_CHEM_ANALYSIS_TMPL=${ROTDIR}/${RUN}.${YMD}/${HH}/${MEMDIR}/analysis/chem'
++++ config.com[111]declare -rx 'COM_CHEM_BMAT_TMPL=${ROTDIR}/${RUN}.${YMD}/${HH}/${MEMDIR}/analysis/chem/bmatrix'
++++ config.com[112]declare -rx 'COM_CHEM_ANLMON_TMPL=${ROTDIR}/${RUN}.${YMD}/${HH}/${MEMDIR}/products/chem/anlmon'
++++ config.com[114]declare -rx 'COM_MED_RESTART_TMPL=${ROTDIR}/${RUN}.${YMD}/${HH}/${MEMDIR}/model/med/restart'
+++ config.base[147]export LOGSCRIPT=
+++ config.base[147]LOGSCRIPT=
+++ config.base[149]export 'REDOUT=1>'
+++ config.base[149]REDOUT='1>'
+++ config.base[150]export 'REDERR=2>'
+++ config.base[150]REDERR='2>'
+++ config.base[152]export SENDECF=NO
+++ config.base[152]SENDECF=NO
+++ config.base[153]export SENDSDM=NO
+++ config.base[153]SENDSDM=NO
+++ config.base[154]export SENDDBN_NTC=NO
+++ config.base[154]SENDDBN_NTC=NO
+++ config.base[155]export SENDDBN=NO
+++ config.base[155]SENDDBN=NO
+++ config.base[156]export DBNROOT=/autofs/ncrc-svm1_proj/epic/spack-stack/c6/spack-stack-1.6.0/envs/unified-env/install/intel/2023.2.0/prod-util-2.1.1-ynnwpz3/fakedbn
+++ config.base[156]DBNROOT=/autofs/ncrc-svm1_proj/epic/spack-stack/c6/spack-stack-1.6.0/envs/unified-env/install/intel/2023.2.0/prod-util-2.1.1-ynnwpz3/fakedbn
+++ config.base[157]export SENDAWIP=NO
+++ config.base[157]SENDAWIP=NO
+++ config.base[160]export APP=ATMA
+++ config.base[160]APP=ATMA
+++ config.base[162]shopt -s extglob
+++ config.base[165]case "${RUN}" in
+++ config.base[172]shopt -u extglob
+++ config.base[175]export DO_ATM=YES
+++ config.base[175]DO_ATM=YES
+++ config.base[176]export DO_COUPLED=NO
+++ config.base[176]DO_COUPLED=NO
+++ config.base[177]export DO_WAVE=NO
+++ config.base[177]DO_WAVE=NO
+++ config.base[178]export DO_OCN=NO
+++ config.base[178]DO_OCN=NO
+++ config.base[179]export DO_ICE=NO
+++ config.base[179]DO_ICE=NO
+++ config.base[180]DO_AERO=NO
+++ config.base[181]export DO_PREP_OBS_AERO=NO
+++ config.base[181]DO_PREP_OBS_AERO=NO
+++ config.base[182]aero_anl_runs='gdas gcdas'
+++ config.base[183]export DO_AERO_FCST=YES
+++ config.base[183]DO_AERO_FCST=YES
+++ config.base[184]export DO_AERO_ANL=NO
+++ config.base[184]DO_AERO_ANL=NO
+++ config.base[185]export DOBNDPNT_WAVE=NO
+++ config.base[185]DOBNDPNT_WAVE=NO
+++ config.base[186]export DO_CHEM_WARMSTART=YES
+++ config.base[186]DO_CHEM_WARMSTART=YES
+++ config.base[187]export DOIBP_WAV=NO
+++ config.base[187]DOIBP_WAV=NO
+++ config.base[188]export FRAC_GRID=.true.
+++ config.base[188]FRAC_GRID=.true.
+++ config.base[189]export DO_NEST=NO
+++ config.base[189]DO_NEST=NO
+++ config.base[190][[ NO == \Y\E\S ]]
+++ config.base[196]export ntiles=6
+++ config.base[196]ntiles=6
+++ config.base[197]export FIXugwd=/gpfs/f6/drsa-precip3/world-shared/global/CI/3847/global-workflow/fix/ugwd
+++ config.base[197]FIXugwd=/gpfs/f6/drsa-precip3/world-shared/global/CI/3847/global-workflow/fix/ugwd
+++ config.base[198]export FIXorog=/gpfs/f6/drsa-precip3/world-shared/global/CI/3847/global-workflow/fix/orog
+++ config.base[198]FIXorog=/gpfs/f6/drsa-precip3/world-shared/global/CI/3847/global-workflow/fix/orog
+++ config.base[202]export OPS_RES=C768
+++ config.base[202]OPS_RES=C768
+++ config.base[205]export LEVS=128
+++ config.base[205]LEVS=128
+++ config.base[206]export CASE=C96
+++ config.base[206]CASE=C96
+++ config.base[207]export 'CASE_ENS={{ CASE_ENS }}'
+++ config.base[207]CASE_ENS='{{ CASE_ENS }}'
+++ config.base[208]export OCNRES=500
+++ config.base[208]OCNRES=500
+++ config.base[209]export ICERES=500
+++ config.base[209]ICERES=500
+++ config.base[212]case "${CASE}" in
+++ config.base[217]export waveGRD=uglo_100km
+++ config.base[217]waveGRD=uglo_100km
+++ config.base[231]case "${APP}" in
+++ config.base[235]DO_AERO=YES
+++ config.base[266][[ YES == \Y\E\S ]]
+++ config.base[267][[ gdas gcdas =~ gcdas ]]
+++ config.base[268]export DO_AERO_ANL=YES
+++ config.base[268]DO_AERO_ANL=YES
+++ config.base[270]export DO_AERO_FCST=YES
+++ config.base[270]DO_AERO_FCST=YES
+++ config.base[274][[ gcdas =~ gdas ]]
+++ config.base[277][[ gcdas =~ gfs ]]
+++ config.base[282]export FHMIN=0
+++ config.base[282]FHMIN=0
+++ config.base[283]export FHMAX=9
+++ config.base[283]FHMAX=9
+++ config.base[284]export FHOUT=3
+++ config.base[284]FHOUT=3
+++ config.base[285]export FHOUT_OCN=3
+++ config.base[285]FHOUT_OCN=3
+++ config.base[286]export FHOUT_ICE=3
+++ config.base[286]FHOUT_ICE=3
+++ config.base[287]export FHOUT_AERO=3
+++ config.base[287]FHOUT_AERO=3
+++ config.base[290]export EUPD_CYC=gfs
+++ config.base[290]EUPD_CYC=gfs
+++ config.base[293]export INTERVAL_GFS=12
+++ config.base[293]INTERVAL_GFS=12
+++ config.base[294]export SDATE_GFS=2021122018
+++ config.base[294]SDATE_GFS=2021122018
+++ config.base[297]export FHMIN_GFS=0
+++ config.base[297]FHMIN_GFS=0
+++ config.base[298]export FHMAX_GFS=120
+++ config.base[298]FHMAX_GFS=120
+++ config.base[300]breakpnts=
+++ config.base[301]export FCST_SEGMENTS=0,120
+++ config.base[301]FCST_SEGMENTS=0,120
+++ config.base[302]export FHOUT_GFS=3
+++ config.base[302]FHOUT_GFS=3
+++ config.base[303]export FHMAX_HF_GFS=0
+++ config.base[303]FHMAX_HF_GFS=0
+++ config.base[304]export FHOUT_HF_GFS=1
+++ config.base[304]FHOUT_HF_GFS=1
+++ config.base[305]export FHOUT_OCN_GFS=6
+++ config.base[305]FHOUT_OCN_GFS=6
+++ config.base[306]export FHOUT_ICE_GFS=6
+++ config.base[306]FHOUT_ICE_GFS=6
+++ config.base[307]export FHMIN_WAV=0
+++ config.base[307]FHMIN_WAV=0
+++ config.base[308]export FHOUT_WAV=3
+++ config.base[308]FHOUT_WAV=3
+++ config.base[309]export FHOUT_WAV_GFS=3
+++ config.base[309]FHOUT_WAV_GFS=3
+++ config.base[310]export FHMAX_HF_WAV=120
+++ config.base[310]FHMAX_HF_WAV=120
+++ config.base[311]export FHOUT_HF_WAV=1
+++ config.base[311]FHOUT_HF_WAV=1
+++ config.base[312]export FHMAX_WAV=9
+++ config.base[312]FHMAX_WAV=9
+++ config.base[313]export FHMAX_WAV_GFS=120
+++ config.base[313]FHMAX_WAV_GFS=120
+++ config.base[314]export FHMAX_HF_GFS=0
+++ config.base[314]FHMAX_HF_GFS=0
+++ config.base[315]export FHMAX_WAV=9
+++ config.base[315]FHMAX_WAV=9
+++ config.base[316]export FHMAX_WAV_GFS=120
+++ config.base[316]FHMAX_WAV_GFS=120
+++ config.base[317]export FHMAX_HF_WAV=120
+++ config.base[317]FHMAX_HF_WAV=120
+++ config.base[320]export ILPOST=1
+++ config.base[320]ILPOST=1
+++ config.base[321]((  FHMAX_HF_GFS < 120  ))
+++ config.base[322]export ILPOST=3
+++ config.base[322]ILPOST=3
+++ config.base[326]export FHMAX_GOES=180
+++ config.base[326]FHMAX_GOES=180
+++ config.base[327]export FHOUT_GOES=3
+++ config.base[327]FHOUT_GOES=3
+++ config.base[328]((  FHMAX_GOES > FHMAX_GFS  ))
+++ config.base[329]export FHMAX_GOES=120
+++ config.base[329]FHMAX_GOES=120
+++ config.base[333]export restart_interval_gfs=12
+++ config.base[333]restart_interval_gfs=12
+++ config.base[338]export QUILTING=.true.
+++ config.base[338]QUILTING=.true.
+++ config.base[339]export OUTPUT_GRID=gaussian_grid
+++ config.base[339]OUTPUT_GRID=gaussian_grid
+++ config.base[340]export WRITE_DOPOST=.true.
+++ config.base[340]WRITE_DOPOST=.true.
+++ config.base[341]export WRITE_NSFLIP=.true.
+++ config.base[341]WRITE_NSFLIP=.true.
+++ config.base[344]export DOIAU=NO
+++ config.base[344]DOIAU=NO
+++ config.base[345]export IAUFHRS=3,6,9
+++ config.base[345]IAUFHRS=3,6,9
+++ config.base[346]export IAU_FHROT=3
+++ config.base[346]IAU_FHROT=3
+++ config.base[347]export IAU_DELTHRS=6
+++ config.base[347]IAU_DELTHRS=6
+++ config.base[348]export IAU_OFFSET=6
+++ config.base[348]IAU_OFFSET=6
+++ config.base[349]export DOIAU_ENKF=NO
+++ config.base[349]DOIAU_ENKF=NO
+++ config.base[350]export IAUFHRS_ENKF=3,6,9
+++ config.base[350]IAUFHRS_ENKF=3,6,9
+++ config.base[351]export IAU_DELTHRS_ENKF=6
+++ config.base[351]IAU_DELTHRS_ENKF=6
+++ config.base[354]export lobsdiag_forenkf=.true.
+++ config.base[354]lobsdiag_forenkf=.true.
+++ config.base[362]export imp_physics=8
+++ config.base[362]imp_physics=8
+++ config.base[366]export DO_JEDIATMVAR=NO
+++ config.base[366]DO_JEDIATMVAR=NO
+++ config.base[367]export DO_JEDIATMENS=NO
+++ config.base[367]DO_JEDIATMENS=NO
+++ config.base[368]export DO_JEDIOCNVAR=NO
+++ config.base[368]DO_JEDIOCNVAR=NO
+++ config.base[369]export DO_JEDISNOWDA=NO
+++ config.base[369]DO_JEDISNOWDA=NO
+++ config.base[370]export DO_MERGENSST=NO
+++ config.base[370]DO_MERGENSST=NO
+++ config.base[371]export DO_STARTMEM_FROM_JEDIICE=NO
+++ config.base[371]DO_STARTMEM_FROM_JEDIICE=NO
+++ config.base[374]export DOHYBVAR=NO
+++ config.base[374]DOHYBVAR=NO
+++ config.base[375]export DOHYBVAR_OCN=NO
+++ config.base[375]DOHYBVAR_OCN=NO
+++ config.base[376]export DOLETKF_OCN=NO
+++ config.base[376]DOLETKF_OCN=NO
+++ config.base[377]export NMEM_ENS=0
+++ config.base[377]NMEM_ENS=0
+++ config.base[378]export SMOOTH_ENKF=NO
+++ config.base[378]SMOOTH_ENKF=NO
+++ config.base[379]export l4densvar=.true.
+++ config.base[379]l4densvar=.true.
+++ config.base[380]export lwrite4danl=.true.
+++ config.base[380]lwrite4danl=.true.
+++ config.base[381]export DO_CALC_INCREMENT=NO
+++ config.base[381]DO_CALC_INCREMENT=NO
+++ config.base[384]export 'NMEM_ENS_GFS={{ NMEM_ENS_GFS }}'
+++ config.base[384]NMEM_ENS_GFS='{{ NMEM_ENS_GFS }}'
+++ config.base[385]export 'NMEM_ENS_GFS_OFFSET={{ NMEM_ENS_GFS_OFFSET }}'
+++ config.base[385]NMEM_ENS_GFS_OFFSET='{{ NMEM_ENS_GFS_OFFSET }}'
+++ config.base[386]export DO_CALC_INCREMENT_ENKF_GFS=NO
+++ config.base[386]DO_CALC_INCREMENT_ENKF_GFS=NO
+++ config.base[389][[ NO = \Y\E\S ]]
+++ config.base[403][[ NO == \N\O ]]
+++ config.base[403][[ NO == \Y\E\S ]]
+++ config.base[411]export ENKF_SPREAD=YES
+++ config.base[411]ENKF_SPREAD=YES
+++ config.base[414]export DO_GSISOILDA=NO
+++ config.base[414]DO_GSISOILDA=NO
+++ config.base[415]export DO_LAND_IAU=.false.
+++ config.base[415]DO_LAND_IAU=.false.
+++ config.base[416]export LSOIL_INCR=2
+++ config.base[416]LSOIL_INCR=2
+++ config.base[419][[ cycled = \c\y\c\l\e\d ]]
+++ config.base[419][[ 2021122012 = \2\0\2\1\1\2\2\0\1\8 ]]
+++ config.base[419][[ NO = \N\O ]]
+++ config.base[420]export IAU_OFFSET=0
+++ config.base[420]IAU_OFFSET=0
+++ config.base[421]export IAU_FHROT=0
+++ config.base[421]IAU_FHROT=0
+++ config.base[422]export IAUFHRS=6,
+++ config.base[422]IAUFHRS=6,
+++ config.base[423]export DO_LAND_IAU=.false.
+++ config.base[423]DO_LAND_IAU=.false.
+++ config.base[426][[ NO = \N\O ]]
+++ config.base[426]export IAUFHRS_ENKF=6,
+++ config.base[426]IAUFHRS_ENKF=6,
+++ config.base[430][[ NO == \Y\E\S ]]
+++ config.base[433]export restart_interval_enkfgdas=6
+++ config.base[433]restart_interval_enkfgdas=6
+++ config.base[436]export restart_interval_enkfgfs=6
+++ config.base[436]restart_interval_enkfgfs=6
+++ config.base[438]export restart_interval_gdas=3
+++ config.base[438]restart_interval_gdas=3
+++ config.base[441]export DONST=YES
+++ config.base[441]DONST=YES
+++ config.base[442][[ YES = \Y\E\S ]]
+++ config.base[442]export 'FNTSFA=        '
+++ config.base[442]FNTSFA='        '
+++ config.base[445]export nst_anl=.true.
+++ config.base[445]nst_anl=.true.
+++ config.base[448]export MAKE_NSSTBUFR=NO
+++ config.base[448]MAKE_NSSTBUFR=NO
+++ config.base[451]export MAKE_ACFTBUFR=NO
+++ config.base[451]MAKE_ACFTBUFR=NO
+++ config.base[454]export 'INCREMENTS_TO_ZERO='\''liq_wat_inc'\'','\''icmr_inc'\'','\''rwmr_inc'\'','\''snmr_inc'\'','\''grle_inc'\'''
+++ config.base[454]INCREMENTS_TO_ZERO=''\''liq_wat_inc'\'','\''icmr_inc'\'','\''rwmr_inc'\'','\''snmr_inc'\'','\''grle_inc'\'''
+++ config.base[457]export 'INCVARS_ZERO_STRAT='\''sphum_inc'\'','\''liq_wat_inc'\'','\''icmr_inc'\'','\''rwmr_inc'\'','\''snmr_inc'\'','\''grle_inc'\'''
+++ config.base[457]INCVARS_ZERO_STRAT=''\''sphum_inc'\'','\''liq_wat_inc'\'','\''icmr_inc'\'','\''rwmr_inc'\'','\''snmr_inc'\'','\''grle_inc'\'''
+++ config.base[458]export INCVARS_EFOLD=5
+++ config.base[458]INCVARS_EFOLD=5
+++ config.base[463]export netcdf_diag=.true.
+++ config.base[463]netcdf_diag=.true.
+++ config.base[464]export binary_diag=.false.
+++ config.base[464]binary_diag=.false.
+++ config.base[467]export DO_CA=YES
+++ config.base[467]DO_CA=YES
+++ config.base[470]export DO_METP=NO
+++ config.base[470]DO_METP=NO
+++ config.base[471]export DO_FIT2OBS=YES
+++ config.base[471]DO_FIT2OBS=YES
+++ config.base[474]export FHMAX_FITS=132
+++ config.base[474]FHMAX_FITS=132
+++ config.base[475][[ 132 -gt 120 ]]
+++ config.base[476]export FHMAX_FITS=120
+++ config.base[476]FHMAX_FITS=120
+++ config.base[481]export DO_FETCH_HPSS=NO
+++ config.base[481]DO_FETCH_HPSS=NO
+++ config.base[482]export DO_FETCH_LOCAL=NO
+++ config.base[482]DO_FETCH_LOCAL=NO
+++ config.base[485]export DO_ARCHCOM=YES
+++ config.base[485]DO_ARCHCOM=YES
+++ config.base[486]export ARCHCOM_TO=hpss
+++ config.base[486]ARCHCOM_TO=hpss
+++ config.base[489]export 'CLIENT_GLOBUS_UUID={{ CLIENT_GLOBUS_UUID }}'
+++ config.base[489]CLIENT_GLOBUS_UUID='{{ CLIENT_GLOBUS_UUID }}'
+++ config.base[492][[ NO = \Y\E\S ]]
+++ config.base[499][[ YES = \Y\E\S ]]
+++ config.base[500]export DO_ANLSTAT=YES
+++ config.base[500]DO_ANLSTAT=YES
+++ config.base[505]export REPLAY_ICS=NO
+++ config.base[505]REPLAY_ICS=NO
+++ config.base[506]export OFFSET_START_HOUR=0
+++ config.base[506]OFFSET_START_HOUR=0
+++ config.base[509]export NUM_SND_COLLECTIVES=9
+++ config.base[509]NUM_SND_COLLECTIVES=9
+++ config.base[511]echo 'END: config.base'
END: config.base
++ jjob_header.sh[106]true
++ jjob_header.sh[107]export err=0
++ jjob_header.sh[107]err=0
++ jjob_header.sh[108][[ 0 -ne 0 ]]
++ jjob_header.sh[105]for config in "${configs[@]:-''}"
++ jjob_header.sh[106]source /gpfs/f6/drsa-precip3/world-shared/global/CI/3847/RUNTESTS/EXPDIR/C96_gcafs_cycled_9fef2bde/config.sfcanl
+++ config.sfcanl[6]echo 'BEGIN: config.sfcanl'
BEGIN: config.sfcanl
+++ config.sfcanl[9]source /gpfs/f6/drsa-precip3/world-shared/global/CI/3847/RUNTESTS/EXPDIR/C96_gcafs_cycled_9fef2bde/config.resources sfcanl
++++ config.resources[10]((  1 != 1  ))
++++ config.resources[36]step=sfcanl
++++ config.resources[38]echo 'BEGIN: config.resources'
BEGIN: config.resources
++++ config.resources[40]case ${machine} in
++++ config.resources[58]max_tasks_per_node=192
++++ config.resources[60]mem_node_max=384GB
++++ config.resources[151]export max_tasks_per_node
++++ config.resources[153]case ${step} in
++++ config.resources[823]walltime=00:20:00
++++ config.resources[824]ntasks=6
++++ config.resources[825]threads_per_task=1
++++ config.resources[826]tasks_per_node=192
++++ config.resources[827]export is_exclusive=True
++++ config.resources[827]is_exclusive=True
++++ config.resources[1583][[ -f /gpfs/f6/drsa-precip3/world-shared/global/CI/3847/RUNTESTS/EXPDIR/C96_gcafs_cycled_9fef2bde/config.resources.GAEAC6 ]]
++++ config.resources[1584]source /gpfs/f6/drsa-precip3/world-shared/global/CI/3847/RUNTESTS/EXPDIR/C96_gcafs_cycled_9fef2bde/config.resources.GAEAC6
+++++ config.resources.GAEAC6[5]unset memory
+++++ config.resources.GAEAC6[6]unset memory_gcdas
+++++ config.resources.GAEAC6[7]export FI_CXI_RX_MATCH_MODE=hybrid
+++++ config.resources.GAEAC6[7]FI_CXI_RX_MATCH_MODE=hybrid
+++++ config.resources.GAEAC6[9]case ${step} in
++++ config.resources[1588]for resource_var in threads_per_task ntasks tasks_per_node NTASKS memory walltime
++++ config.resources[1589]run_resource_var=threads_per_task_gcdas
++++ config.resources[1590][[ -n '' ]]
++++ config.resources[1592][[ -n 0 ]]
++++ config.resources[1593]export threads_per_task
++++ config.resources[1588]for resource_var in threads_per_task ntasks tasks_per_node NTASKS memory walltime
++++ config.resources[1589]run_resource_var=ntasks_gcdas
++++ config.resources[1590][[ -n '' ]]
++++ config.resources[1592][[ -n 0 ]]
++++ config.resources[1593]export ntasks
++++ config.resources[1588]for resource_var in threads_per_task ntasks tasks_per_node NTASKS memory walltime
++++ config.resources[1589]run_resource_var=tasks_per_node_gcdas
++++ config.resources[1590][[ -n '' ]]
++++ config.resources[1592][[ -n 0 ]]
++++ config.resources[1593]export tasks_per_node
++++ config.resources[1588]for resource_var in threads_per_task ntasks tasks_per_node NTASKS memory walltime
++++ config.resources[1589]run_resource_var=NTASKS_gcdas
++++ config.resources[1590][[ -n '' ]]
++++ config.resources[1592][[ -n '' ]]
++++ config.resources[1588]for resource_var in threads_per_task ntasks tasks_per_node NTASKS memory walltime
++++ config.resources[1589]run_resource_var=memory_gcdas
++++ config.resources[1590][[ -n '' ]]
++++ config.resources[1592][[ -n '' ]]
++++ config.resources[1588]for resource_var in threads_per_task ntasks tasks_per_node NTASKS memory walltime
++++ config.resources[1589]run_resource_var=walltime_gcdas
++++ config.resources[1590][[ -n '' ]]
++++ config.resources[1592][[ -n 0 ]]
++++ config.resources[1593]export walltime
++++ config.resources[1597]echo 'END: config.resources'
END: config.resources
+++ config.sfcanl[12][[ NO == \Y\E\S ]]
+++ config.sfcanl[16][[ gcdas == \g\f\s ]]
+++ config.sfcanl[21][[ NO == \Y\E\S ]]
+++ config.sfcanl[31]echo 'END: config.sfcanl'
END: config.sfcanl
++ jjob_header.sh[106]true
++ jjob_header.sh[107]export err=0
++ jjob_header.sh[107]err=0
++ jjob_header.sh[108][[ 0 -ne 0 ]]
++ jjob_header.sh[117]source /gpfs/f6/drsa-precip3/world-shared/global/CI/3847/global-workflow/env/GAEAC6.env sfcanl
+++ GAEAC6.env[3][[ 1 -ne 1 ]]
+++ GAEAC6.env[10]step=sfcanl
+++ GAEAC6.env[12]export 'launcher=srun -l --export=ALL'
+++ GAEAC6.env[12]launcher='srun -l --export=ALL'
+++ GAEAC6.env[13]export 'mpmd_opt=--multi-prog --output=mpmd.%j.%t.out'
+++ GAEAC6.env[13]mpmd_opt='--multi-prog --output=mpmd.%j.%t.out'
+++ GAEAC6.env[15]export OMP_STACKSIZE=2048000
+++ GAEAC6.env[15]OMP_STACKSIZE=2048000
+++ GAEAC6.env[16]export NTHSTACK=1024000000
+++ GAEAC6.env[16]NTHSTACK=1024000000
+++ GAEAC6.env[18]ulimit -s unlimited
+++ GAEAC6.env[19]ulimit -a
core file size          (blocks, -c) 0
data seg size           (kbytes, -d) unlimited
scheduling priority             (-e) 0
file size               (blocks, -f) unlimited
pending signals                 (-i) 1543295
max locked memory       (kbytes, -l) unlimited
max memory size         (kbytes, -m) unlimited
open files                      (-n) 50000
pipe size            (512 bytes, -p) 8
POSIX message queues     (bytes, -q) 819200
real-time priority              (-r) 0
stack size              (kbytes, -s) unlimited
cpu time               (seconds, -t) unlimited
max user processes              (-u) 1543295
virtual memory          (kbytes, -v) unlimited
file locks                      (-x) unlimited
+++ GAEAC6.env[23][[ -n 6 ]]
+++ GAEAC6.env[23][[ -n 192 ]]
+++ GAEAC6.env[23][[ -n 192 ]]
+++ GAEAC6.env[24]max_threads_per_task=1
+++ GAEAC6.env[25]NTHREADSmax=1
+++ GAEAC6.env[26]NTHREADS1=1
+++ GAEAC6.env[27][[ 1 -gt 1 ]]
+++ GAEAC6.env[30][[ 1 -gt 1 ]]
+++ GAEAC6.env[35]APRUN_default='srun -l --export=ALL -n 6'
+++ GAEAC6.env[41]case ${step} in
+++ GAEAC6.env[218]export NTHREADS_CYCLE=1
+++ GAEAC6.env[218]NTHREADS_CYCLE=1
+++ GAEAC6.env[219][[ 1 -gt 192 ]]
+++ GAEAC6.env[222]export 'APRUN_CYCLE=srun -l --export=ALL -n 6 --cpus-per-task=1'
+++ GAEAC6.env[222]APRUN_CYCLE='srun -l --export=ALL -n 6 --cpus-per-task=1'
+++ GAEAC6.env[225]ntasks_regrid=6
+++ GAEAC6.env[226]export 'APRUN_REGRID=srun -l --export=ALL -n 6 '
+++ GAEAC6.env[226]APRUN_REGRID='srun -l --export=ALL -n 6 '
++ jjob_header.sh[117]true
++ jjob_header.sh[118]export err=0
++ jjob_header.sh[118]err=0
++ jjob_header.sh[119][[ 0 -ne 0 ]]
++ JGLOBAL_ATMOS_SFCANL[11]date --utc -d '20211220 18 - 6 hours' +%Y%m%d%H
+ JGLOBAL_ATMOS_SFCANL[11]GDATE=2021122012
+ JGLOBAL_ATMOS_SFCANL[12]export GDATE
+ JGLOBAL_ATMOS_SFCANL[14]BKG_RUN=gdas
+ JGLOBAL_ATMOS_SFCANL[15][[ gcdas == \g\c\a\f\s ]]
+ JGLOBAL_ATMOS_SFCANL[15][[ gcdas == \g\c\d\a\s ]]
+ JGLOBAL_ATMOS_SFCANL[16]BKG_RUN=gcdas
+ JGLOBAL_ATMOS_SFCANL[19]RUN=gcdas
+ JGLOBAL_ATMOS_SFCANL[19]YMD=20211220
+ JGLOBAL_ATMOS_SFCANL[19]HH=12
+ JGLOBAL_ATMOS_SFCANL[19]declare_from_tmpl -rx COMIN_OBS_PREV:COM_OBS_TMPL COMIN_ATMOS_RESTART_PREV:COM_ATMOS_RESTART_TMPL
+ bash_utils.sh[39][[ NO == \N\O ]]
+ bash_utils.sh[39]set +x
declare_from_tmpl :: COMIN_OBS_PREV=/gpfs/f6/drsa-precip3/world-shared/global/CI/3847/RUNTESTS/COMROOT/C96_gcafs_cycled_9fef2bde/gcdas.20211220/12/obs
declare_from_tmpl :: COMIN_ATMOS_RESTART_PREV=/gpfs/f6/drsa-precip3/world-shared/global/CI/3847/RUNTESTS/COMROOT/C96_gcafs_cycled_9fef2bde/gcdas.20211220/12//model/atmos/restart
+ JGLOBAL_ATMOS_SFCANL[23]YMD=20211220
+ JGLOBAL_ATMOS_SFCANL[23]HH=18
+ JGLOBAL_ATMOS_SFCANL[23]declare_from_tmpl -rx COMIN_OBS:COM_OBS_TMPL COMIN_ATMOS_ANALYSIS:COM_ATMOS_ANALYSIS_TMPL COMIN_SNOW_ANALYSIS:COM_SNOW_ANALYSIS_TMPL
+ bash_utils.sh[39][[ NO == \N\O ]]
+ bash_utils.sh[39]set +x
declare_from_tmpl :: COMIN_OBS=/gpfs/f6/drsa-precip3/world-shared/global/CI/3847/RUNTESTS/COMROOT/C96_gcafs_cycled_9fef2bde/gcdas.20211220/18/obs
declare_from_tmpl :: COMIN_ATMOS_ANALYSIS=/gpfs/f6/drsa-precip3/world-shared/global/CI/3847/RUNTESTS/COMROOT/C96_gcafs_cycled_9fef2bde/gcdas.20211220/18//analysis/atmos
declare_from_tmpl :: COMIN_SNOW_ANALYSIS=/gpfs/f6/drsa-precip3/world-shared/global/CI/3847/RUNTESTS/COMROOT/C96_gcafs_cycled_9fef2bde/gcdas.20211220/18//analysis/snow
+ JGLOBAL_ATMOS_SFCANL[28]YMD=20211220
+ JGLOBAL_ATMOS_SFCANL[28]HH=18
+ JGLOBAL_ATMOS_SFCANL[28]declare_from_tmpl -rx COMOUT_ATMOS_RESTART:COM_ATMOS_RESTART_TMPL
+ bash_utils.sh[39][[ NO == \N\O ]]
+ bash_utils.sh[39]set +x
declare_from_tmpl :: COMOUT_ATMOS_RESTART=/gpfs/f6/drsa-precip3/world-shared/global/CI/3847/RUNTESTS/COMROOT/C96_gcafs_cycled_9fef2bde/gcdas.20211220/18//model/atmos/restart
+ JGLOBAL_ATMOS_SFCANL[31]RUN=enkfgdas
+ JGLOBAL_ATMOS_SFCANL[31]MEMDIR=ensstat
+ JGLOBAL_ATMOS_SFCANL[31]YMD=20211220
+ JGLOBAL_ATMOS_SFCANL[31]HH=18
+ JGLOBAL_ATMOS_SFCANL[31]declare_from_tmpl -rx COMIN_ATMOS_ENKF_ANALYSIS_STAT:COM_ATMOS_ANALYSIS_TMPL
+ bash_utils.sh[39][[ NO == \N\O ]]
+ bash_utils.sh[39]set +x
declare_from_tmpl :: COMIN_ATMOS_ENKF_ANALYSIS_STAT=/gpfs/f6/drsa-precip3/world-shared/global/CI/3847/RUNTESTS/COMROOT/C96_gcafs_cycled_9fef2bde/enkfgdas.20211220/18/ensstat/analysis/atmos
+ JGLOBAL_ATMOS_SFCANL[34]mkdir -p /gpfs/f6/drsa-precip3/world-shared/global/CI/3847/RUNTESTS/COMROOT/C96_gcafs_cycled_9fef2bde/gcdas.20211220/18//model/atmos/restart
+ JGLOBAL_ATMOS_SFCANL[40]/gpfs/f6/drsa-precip3/world-shared/global/CI/3847/global-workflow/scripts/exglobal_atmos_sfcanl.sh
+ bash[8]'[' -z '' ']'
+ bash[9]case "$-" in
+ bash[12]__lmod_vx=x
+ bash[16]'[' -n x ']'
+ bash[16]set +x
Shell debugging temporarily silenced: export LMOD_SH_DBG_ON=1 for this output (/opt/cray/pe/lmod/lmod/init/bash)
Shell debugging restarted
+ bash[178]unset __lmod_vx
+ exglobal_atmos_sfcanl.sh[25]CYCLESH=/gpfs/f6/drsa-precip3/world-shared/global/CI/3847/global-workflow/ush/global_cycle.sh
+ exglobal_atmos_sfcanl.sh[26]REGRIDSH=/gpfs/f6/drsa-precip3/world-shared/global/CI/3847/global-workflow/ush/regrid_gsiSfcIncr_to_tile.sh
+ exglobal_atmos_sfcanl.sh[27]export CYCLEXEC=/gpfs/f6/drsa-precip3/world-shared/global/CI/3847/global-workflow/exec/global_cycle
+ exglobal_atmos_sfcanl.sh[27]CYCLEXEC=/gpfs/f6/drsa-precip3/world-shared/global/CI/3847/global-workflow/exec/global_cycle
+ exglobal_atmos_sfcanl.sh[28]NTHREADS_CYCLE=1
+ exglobal_atmos_sfcanl.sh[29]APRUN_CYCLE='srun -l --export=ALL -n 6 --cpus-per-task=1'
+ exglobal_atmos_sfcanl.sh[32]export SNOW_NUDGE_COEFF=-2.
+ exglobal_atmos_sfcanl.sh[32]SNOW_NUDGE_COEFF=-2.
+ exglobal_atmos_sfcanl.sh[33]export CYCLVARS=
+ exglobal_atmos_sfcanl.sh[33]CYCLVARS=
+ exglobal_atmos_sfcanl.sh[34]export FHOUR=0
+ exglobal_atmos_sfcanl.sh[34]FHOUR=0
+ exglobal_atmos_sfcanl.sh[35]export DELTSFC=6
+ exglobal_atmos_sfcanl.sh[35]DELTSFC=6
+ exglobal_atmos_sfcanl.sh[40]GPREFIX=gdas.t12z.
+ exglobal_atmos_sfcanl.sh[41]OPREFIX=gcdas.t18z.
+ exglobal_atmos_sfcanl.sh[42]APREFIX=gcdas.t18z.
+ exglobal_atmos_sfcanl.sh[44]ntiles=6
+ exglobal_atmos_sfcanl.sh[49]res=96
+ exglobal_atmos_sfcanl.sh[50]JCAP_CASE=190
+ exglobal_atmos_sfcanl.sh[51]LATB_CASE=192
+ exglobal_atmos_sfcanl.sh[52]LONB_CASE=384
+ exglobal_atmos_sfcanl.sh[55]export 'FNTSFA=        '
+ exglobal_atmos_sfcanl.sh[55]FNTSFA='        '
+ exglobal_atmos_sfcanl.sh[56]export FNACNA=/gpfs/f6/drsa-precip3/world-shared/global/CI/3847/RUNTESTS/COMROOT/C96_gcafs_cycled_9fef2bde/gcdas.20211220/18/obs/gcdas.t18z.seaice.5min.blend.grb
+ exglobal_atmos_sfcanl.sh[56]FNACNA=/gpfs/f6/drsa-precip3/world-shared/global/CI/3847/RUNTESTS/COMROOT/C96_gcafs_cycled_9fef2bde/gcdas.20211220/18/obs/gcdas.t18z.seaice.5min.blend.grb
+ exglobal_atmos_sfcanl.sh[57]export FNSNOA=/gpfs/f6/drsa-precip3/world-shared/global/CI/3847/RUNTESTS/COMROOT/C96_gcafs_cycled_9fef2bde/gcdas.20211220/18/obs/gcdas.t18z.snogrb_t190.384.192
+ exglobal_atmos_sfcanl.sh[57]FNSNOA=/gpfs/f6/drsa-precip3/world-shared/global/CI/3847/RUNTESTS/COMROOT/C96_gcafs_cycled_9fef2bde/gcdas.20211220/18/obs/gcdas.t18z.snogrb_t190.384.192
+ exglobal_atmos_sfcanl.sh[59][[ ! -f /gpfs/f6/drsa-precip3/world-shared/global/CI/3847/RUNTESTS/COMROOT/C96_gcafs_cycled_9fef2bde/gcdas.20211220/18/obs/gcdas.t18z.snogrb_t190.384.192 ]]
+ exglobal_atmos_sfcanl.sh[60]export FNSNOA=/gpfs/f6/drsa-precip3/world-shared/global/CI/3847/RUNTESTS/COMROOT/C96_gcafs_cycled_9fef2bde/gcdas.20211220/18/obs/gcdas.t18z.snogrb_t1534.3072.1536
+ exglobal_atmos_sfcanl.sh[60]FNSNOA=/gpfs/f6/drsa-precip3/world-shared/global/CI/3847/RUNTESTS/COMROOT/C96_gcafs_cycled_9fef2bde/gcdas.20211220/18/obs/gcdas.t18z.snogrb_t1534.3072.1536
+ exglobal_atmos_sfcanl.sh[62][[ ! -f /gpfs/f6/drsa-precip3/world-shared/global/CI/3847/RUNTESTS/COMROOT/C96_gcafs_cycled_9fef2bde/gcdas.20211220/18/obs/gcdas.t18z.snogrb_t1534.3072.1536 ]]
+ exglobal_atmos_sfcanl.sh[65]echo 'INFO: Current cycle snow file is /gpfs/f6/drsa-precip3/world-shared/global/CI/3847/RUNTESTS/COMROOT/C96_gcafs_cycled_9fef2bde/gcdas.20211220/18/obs/gcdas.t18z.snogrb_t1534.3072.1536'
INFO: Current cycle snow file is /gpfs/f6/drsa-precip3/world-shared/global/CI/3847/RUNTESTS/COMROOT/C96_gcafs_cycled_9fef2bde/gcdas.20211220/18/obs/gcdas.t18z.snogrb_t1534.3072.1536
+ exglobal_atmos_sfcanl.sh[67]export FNSNOG=/gpfs/f6/drsa-precip3/world-shared/global/CI/3847/RUNTESTS/COMROOT/C96_gcafs_cycled_9fef2bde/gcdas.20211220/12/obs/gdas.t12z.snogrb_t190.384.192
+ exglobal_atmos_sfcanl.sh[67]FNSNOG=/gpfs/f6/drsa-precip3/world-shared/global/CI/3847/RUNTESTS/COMROOT/C96_gcafs_cycled_9fef2bde/gcdas.20211220/12/obs/gdas.t12z.snogrb_t190.384.192
+ exglobal_atmos_sfcanl.sh[69][[ ! -f /gpfs/f6/drsa-precip3/world-shared/global/CI/3847/RUNTESTS/COMROOT/C96_gcafs_cycled_9fef2bde/gcdas.20211220/12/obs/gdas.t12z.snogrb_t190.384.192 ]]
+ exglobal_atmos_sfcanl.sh[70]export FNSNOG=/gpfs/f6/drsa-precip3/world-shared/global/CI/3847/RUNTESTS/COMROOT/C96_gcafs_cycled_9fef2bde/gcdas.20211220/12/obs/gdas.t12z.snogrb_t1534.3072.1536
+ exglobal_atmos_sfcanl.sh[70]FNSNOG=/gpfs/f6/drsa-precip3/world-shared/global/CI/3847/RUNTESTS/COMROOT/C96_gcafs_cycled_9fef2bde/gcdas.20211220/12/obs/gdas.t12z.snogrb_t1534.3072.1536
+ exglobal_atmos_sfcanl.sh[72][[ ! -f /gpfs/f6/drsa-precip3/world-shared/global/CI/3847/RUNTESTS/COMROOT/C96_gcafs_cycled_9fef2bde/gcdas.20211220/12/obs/gdas.t12z.snogrb_t1534.3072.1536 ]]
+ exglobal_atmos_sfcanl.sh[73]echo 'WARNING: Previous cycle snow file /gpfs/f6/drsa-precip3/world-shared/global/CI/3847/RUNTESTS/COMROOT/C96_gcafs_cycled_9fef2bde/gcdas.20211220/12/obs/gdas.t12z.snogrb_t1534.3072.1536 is missing.  Snow coverage will not be updated.'
WARNING: Previous cycle snow file /gpfs/f6/drsa-precip3/world-shared/global/CI/3847/RUNTESTS/COMROOT/C96_gcafs_cycled_9fef2bde/gcdas.20211220/12/obs/gdas.t12z.snogrb_t1534.3072.1536 is missing.  Snow coverage will not be updated.
+ exglobal_atmos_sfcanl.sh[79][[ ! -f /gpfs/f6/drsa-precip3/world-shared/global/CI/3847/RUNTESTS/COMROOT/C96_gcafs_cycled_9fef2bde/gcdas.20211220/18/obs/gcdas.t18z.snogrb_t1534.3072.1536 ]]
+ exglobal_atmos_sfcanl.sh[79][[ ! -f /gpfs/f6/drsa-precip3/world-shared/global/CI/3847/RUNTESTS/COMROOT/C96_gcafs_cycled_9fef2bde/gcdas.20211220/12/obs/gdas.t12z.snogrb_t1534.3072.1536 ]]
+ exglobal_atmos_sfcanl.sh[80]export 'FNSNOA= '
+ exglobal_atmos_sfcanl.sh[80]FNSNOA=' '
+ exglobal_atmos_sfcanl.sh[81]export CYCLVARS=FSNOL=99999.,FSNOS=99999.,
+ exglobal_atmos_sfcanl.sh[81]CYCLVARS=FSNOL=99999.,FSNOS=99999.,
+ exglobal_atmos_sfcanl.sh[92][[ NO == \Y\E\S ]]
+ exglobal_atmos_sfcanl.sh[95]sfcdata_dir=/gpfs/f6/drsa-precip3/world-shared/global/CI/3847/RUNTESTS/COMROOT/C96_gcafs_cycled_9fef2bde/gcdas.20211220/12//model/atmos/restart
+ exglobal_atmos_sfcanl.sh[99]export 'APRUNCY=srun -l --export=ALL -n 6 --cpus-per-task=1'
+ exglobal_atmos_sfcanl.sh[99]APRUNCY='srun -l --export=ALL -n 6 --cpus-per-task=1'
+ exglobal_atmos_sfcanl.sh[100]export OMP_NUM_THREADS_CY=1
+ exglobal_atmos_sfcanl.sh[100]OMP_NUM_THREADS_CY=1
+ exglobal_atmos_sfcanl.sh[101]export MAX_TASKS_CY=6
+ exglobal_atmos_sfcanl.sh[101]MAX_TASKS_CY=6
+ exglobal_atmos_sfcanl.sh[104](( nn=1 ))
+ exglobal_atmos_sfcanl.sh[104](( nn <= ntiles ))
+ exglobal_atmos_sfcanl.sh[105]cpreq /gpfs/f6/drsa-precip3/world-shared/global/CI/3847/global-workflow/fix/orog/C96/C96_grid.tile1.nc /gpfs/f6/drsa-precip4/world-shared/role.glopara/RUNDIRS/C96_gcafs_cycled_9fef2bde/gcdas.2021122018/sfcanl.85729/fngrid.001
+ cpreq[3]cp /gpfs/f6/drsa-precip3/world-shared/global/CI/3847/global-workflow/fix/orog/C96/C96_grid.tile1.nc /gpfs/f6/drsa-precip4/world-shared/role.glopara/RUNDIRS/C96_gcafs_cycled_9fef2bde/gcdas.2021122018/sfcanl.85729/fngrid.001
+ cpreq[4]'[' 0 -ne 0 ']'
+ exglobal_atmos_sfcanl.sh[106]cpreq /gpfs/f6/drsa-precip3/world-shared/global/CI/3847/global-workflow/fix/orog/C96/C96.mx500_oro_data.tile1.nc /gpfs/f6/drsa-precip4/world-shared/role.glopara/RUNDIRS/C96_gcafs_cycled_9fef2bde/gcdas.2021122018/sfcanl.85729/fnorog.001
+ cpreq[3]cp /gpfs/f6/drsa-precip3/world-shared/global/CI/3847/global-workflow/fix/orog/C96/C96.mx500_oro_data.tile1.nc /gpfs/f6/drsa-precip4/world-shared/role.glopara/RUNDIRS/C96_gcafs_cycled_9fef2bde/gcdas.2021122018/sfcanl.85729/fnorog.001
+ cpreq[4]'[' 0 -ne 0 ']'
+ exglobal_atmos_sfcanl.sh[104](( nn++  ))
+ exglobal_atmos_sfcanl.sh[104](( nn <= ntiles ))
+ exglobal_atmos_sfcanl.sh[105]cpreq /gpfs/f6/drsa-precip3/world-shared/global/CI/3847/global-workflow/fix/orog/C96/C96_grid.tile2.nc /gpfs/f6/drsa-precip4/world-shared/role.glopara/RUNDIRS/C96_gcafs_cycled_9fef2bde/gcdas.2021122018/sfcanl.85729/fngrid.002
+ cpreq[3]cp /gpfs/f6/drsa-precip3/world-shared/global/CI/3847/global-workflow/fix/orog/C96/C96_grid.tile2.nc /gpfs/f6/drsa-precip4/world-shared/role.glopara/RUNDIRS/C96_gcafs_cycled_9fef2bde/gcdas.2021122018/sfcanl.85729/fngrid.002
+ cpreq[4]'[' 0 -ne 0 ']'
+ exglobal_atmos_sfcanl.sh[106]cpreq /gpfs/f6/drsa-precip3/world-shared/global/CI/3847/global-workflow/fix/orog/C96/C96.mx500_oro_data.tile2.nc /gpfs/f6/drsa-precip4/world-shared/role.glopara/RUNDIRS/C96_gcafs_cycled_9fef2bde/gcdas.2021122018/sfcanl.85729/fnorog.002
+ cpreq[3]cp /gpfs/f6/drsa-precip3/world-shared/global/CI/3847/global-workflow/fix/orog/C96/C96.mx500_oro_data.tile2.nc /gpfs/f6/drsa-precip4/world-shared/role.glopara/RUNDIRS/C96_gcafs_cycled_9fef2bde/gcdas.2021122018/sfcanl.85729/fnorog.002
+ cpreq[4]'[' 0 -ne 0 ']'
+ exglobal_atmos_sfcanl.sh[104](( nn++  ))
+ exglobal_atmos_sfcanl.sh[104](( nn <= ntiles ))
+ exglobal_atmos_sfcanl.sh[105]cpreq /gpfs/f6/drsa-precip3/world-shared/global/CI/3847/global-workflow/fix/orog/C96/C96_grid.tile3.nc /gpfs/f6/drsa-precip4/world-shared/role.glopara/RUNDIRS/C96_gcafs_cycled_9fef2bde/gcdas.2021122018/sfcanl.85729/fngrid.003
+ cpreq[3]cp /gpfs/f6/drsa-precip3/world-shared/global/CI/3847/global-workflow/fix/orog/C96/C96_grid.tile3.nc /gpfs/f6/drsa-precip4/world-shared/role.glopara/RUNDIRS/C96_gcafs_cycled_9fef2bde/gcdas.2021122018/sfcanl.85729/fngrid.003
+ cpreq[4]'[' 0 -ne 0 ']'
+ exglobal_atmos_sfcanl.sh[106]cpreq /gpfs/f6/drsa-precip3/world-shared/global/CI/3847/global-workflow/fix/orog/C96/C96.mx500_oro_data.tile3.nc /gpfs/f6/drsa-precip4/world-shared/role.glopara/RUNDIRS/C96_gcafs_cycled_9fef2bde/gcdas.2021122018/sfcanl.85729/fnorog.003
+ cpreq[3]cp /gpfs/f6/drsa-precip3/world-shared/global/CI/3847/global-workflow/fix/orog/C96/C96.mx500_oro_data.tile3.nc /gpfs/f6/drsa-precip4/world-shared/role.glopara/RUNDIRS/C96_gcafs_cycled_9fef2bde/gcdas.2021122018/sfcanl.85729/fnorog.003
+ cpreq[4]'[' 0 -ne 0 ']'
+ exglobal_atmos_sfcanl.sh[104](( nn++  ))
+ exglobal_atmos_sfcanl.sh[104](( nn <= ntiles ))
+ exglobal_atmos_sfcanl.sh[105]cpreq /gpfs/f6/drsa-precip3/world-shared/global/CI/3847/global-workflow/fix/orog/C96/C96_grid.tile4.nc /gpfs/f6/drsa-precip4/world-shared/role.glopara/RUNDIRS/C96_gcafs_cycled_9fef2bde/gcdas.2021122018/sfcanl.85729/fngrid.004
+ cpreq[3]cp /gpfs/f6/drsa-precip3/world-shared/global/CI/3847/global-workflow/fix/orog/C96/C96_grid.tile4.nc /gpfs/f6/drsa-precip4/world-shared/role.glopara/RUNDIRS/C96_gcafs_cycled_9fef2bde/gcdas.2021122018/sfcanl.85729/fngrid.004
+ cpreq[4]'[' 0 -ne 0 ']'
+ exglobal_atmos_sfcanl.sh[106]cpreq /gpfs/f6/drsa-precip3/world-shared/global/CI/3847/global-workflow/fix/orog/C96/C96.mx500_oro_data.tile4.nc /gpfs/f6/drsa-precip4/world-shared/role.glopara/RUNDIRS/C96_gcafs_cycled_9fef2bde/gcdas.2021122018/sfcanl.85729/fnorog.004
+ cpreq[3]cp /gpfs/f6/drsa-precip3/world-shared/global/CI/3847/global-workflow/fix/orog/C96/C96.mx500_oro_data.tile4.nc /gpfs/f6/drsa-precip4/world-shared/role.glopara/RUNDIRS/C96_gcafs_cycled_9fef2bde/gcdas.2021122018/sfcanl.85729/fnorog.004
+ cpreq[4]'[' 0 -ne 0 ']'
+ exglobal_atmos_sfcanl.sh[104](( nn++  ))
+ exglobal_atmos_sfcanl.sh[104](( nn <= ntiles ))
+ exglobal_atmos_sfcanl.sh[105]cpreq /gpfs/f6/drsa-precip3/world-shared/global/CI/3847/global-workflow/fix/orog/C96/C96_grid.tile5.nc /gpfs/f6/drsa-precip4/world-shared/role.glopara/RUNDIRS/C96_gcafs_cycled_9fef2bde/gcdas.2021122018/sfcanl.85729/fngrid.005
+ cpreq[3]cp /gpfs/f6/drsa-precip3/world-shared/global/CI/3847/global-workflow/fix/orog/C96/C96_grid.tile5.nc /gpfs/f6/drsa-precip4/world-shared/role.glopara/RUNDIRS/C96_gcafs_cycled_9fef2bde/gcdas.2021122018/sfcanl.85729/fngrid.005
+ cpreq[4]'[' 0 -ne 0 ']'
+ exglobal_atmos_sfcanl.sh[106]cpreq /gpfs/f6/drsa-precip3/world-shared/global/CI/3847/global-workflow/fix/orog/C96/C96.mx500_oro_data.tile5.nc /gpfs/f6/drsa-precip4/world-shared/role.glopara/RUNDIRS/C96_gcafs_cycled_9fef2bde/gcdas.2021122018/sfcanl.85729/fnorog.005
+ cpreq[3]cp /gpfs/f6/drsa-precip3/world-shared/global/CI/3847/global-workflow/fix/orog/C96/C96.mx500_oro_data.tile5.nc /gpfs/f6/drsa-precip4/world-shared/role.glopara/RUNDIRS/C96_gcafs_cycled_9fef2bde/gcdas.2021122018/sfcanl.85729/fnorog.005
+ cpreq[4]'[' 0 -ne 0 ']'
+ exglobal_atmos_sfcanl.sh[104](( nn++  ))
+ exglobal_atmos_sfcanl.sh[104](( nn <= ntiles ))
+ exglobal_atmos_sfcanl.sh[105]cpreq /gpfs/f6/drsa-precip3/world-shared/global/CI/3847/global-workflow/fix/orog/C96/C96_grid.tile6.nc /gpfs/f6/drsa-precip4/world-shared/role.glopara/RUNDIRS/C96_gcafs_cycled_9fef2bde/gcdas.2021122018/sfcanl.85729/fngrid.006
+ cpreq[3]cp /gpfs/f6/drsa-precip3/world-shared/global/CI/3847/global-workflow/fix/orog/C96/C96_grid.tile6.nc /gpfs/f6/drsa-precip4/world-shared/role.glopara/RUNDIRS/C96_gcafs_cycled_9fef2bde/gcdas.2021122018/sfcanl.85729/fngrid.006
+ cpreq[4]'[' 0 -ne 0 ']'
+ exglobal_atmos_sfcanl.sh[106]cpreq /gpfs/f6/drsa-precip3/world-shared/global/CI/3847/global-workflow/fix/orog/C96/C96.mx500_oro_data.tile6.nc /gpfs/f6/drsa-precip4/world-shared/role.glopara/RUNDIRS/C96_gcafs_cycled_9fef2bde/gcdas.2021122018/sfcanl.85729/fnorog.006
+ cpreq[3]cp /gpfs/f6/drsa-precip3/world-shared/global/CI/3847/global-workflow/fix/orog/C96/C96.mx500_oro_data.tile6.nc /gpfs/f6/drsa-precip4/world-shared/role.glopara/RUNDIRS/C96_gcafs_cycled_9fef2bde/gcdas.2021122018/sfcanl.85729/fnorog.006
+ cpreq[4]'[' 0 -ne 0 ']'
+ exglobal_atmos_sfcanl.sh[104](( nn++  ))
+ exglobal_atmos_sfcanl.sh[104](( nn <= ntiles ))
+ exglobal_atmos_sfcanl.sh[112][[ YES == \Y\E\S ]]
+ exglobal_atmos_sfcanl.sh[113]cpreq /gpfs/f6/drsa-precip3/world-shared/global/CI/3847/RUNTESTS/COMROOT/C96_gcafs_cycled_9fef2bde/gcdas.20211220/18//analysis/atmos/gcdas.t18z.dtfanl.nc /gpfs/f6/drsa-precip4/world-shared/role.glopara/RUNDIRS/C96_gcafs_cycled_9fef2bde/gcdas.2021122018/sfcanl.85729/dtfanl
+ cpreq[3]cp /gpfs/f6/drsa-precip3/world-shared/global/CI/3847/RUNTESTS/COMROOT/C96_gcafs_cycled_9fef2bde/gcdas.20211220/18//analysis/atmos/gcdas.t18z.dtfanl.nc /gpfs/f6/drsa-precip4/world-shared/role.glopara/RUNDIRS/C96_gcafs_cycled_9fef2bde/gcdas.2021122018/sfcanl.85729/dtfanl
+ cpreq[4]'[' 0 -ne 0 ']'
+ exglobal_atmos_sfcanl.sh[114]export NST_FILE=dtfanl
+ exglobal_atmos_sfcanl.sh[114]NST_FILE=dtfanl
+ exglobal_atmos_sfcanl.sh[120]gcycle_dates=("${PDY}${cyc}")
+ exglobal_atmos_sfcanl.sh[121]soilinc_fhrs=("${assim_freq}")
+ exglobal_atmos_sfcanl.sh[122]LFHR=6
+ exglobal_atmos_sfcanl.sh[123][[ NO == \Y\E\S ]]
+ exglobal_atmos_sfcanl.sh[132][[ NO = \Y\E\S ]]
+ exglobal_atmos_sfcanl.sh[1]for hr in "${!gcycle_dates[@]}"
+ exglobal_atmos_sfcanl.sh[152]gcycle_date=2021122018
+ exglobal_atmos_sfcanl.sh[153]FHR=6
+ exglobal_atmos_sfcanl.sh[154]echo 'Updating surface restarts for 2021122018 ...'
Updating surface restarts for 2021122018 ...
+ exglobal_atmos_sfcanl.sh[156]datestr=20211220.180000
+ exglobal_atmos_sfcanl.sh[158][[ NO == \Y\E\S ]]
+ exglobal_atmos_sfcanl.sh[166](( nn=1 ))
+ exglobal_atmos_sfcanl.sh[166](( nn <= ntiles ))
+ exglobal_atmos_sfcanl.sh[167]cpreq /gpfs/f6/drsa-precip3/world-shared/global/CI/3847/RUNTESTS/COMROOT/C96_gcafs_cycled_9fef2bde/gcdas.20211220/12//model/atmos/restart/20211220.180000.sfc_data.tile1.nc /gpfs/f6/drsa-precip4/world-shared/role.glopara/RUNDIRS/C96_gcafs_cycled_9fef2bde/gcdas.2021122018/sfcanl.85729/fnbgsi.001
+ cpreq[3]cp /gpfs/f6/drsa-precip3/world-shared/global/CI/3847/RUNTESTS/COMROOT/C96_gcafs_cycled_9fef2bde/gcdas.20211220/12//model/atmos/restart/20211220.180000.sfc_data.tile1.nc /gpfs/f6/drsa-precip4/world-shared/role.glopara/RUNDIRS/C96_gcafs_cycled_9fef2bde/gcdas.2021122018/sfcanl.85729/fnbgsi.001
+ cpreq[4]'[' 0 -ne 0 ']'
+ exglobal_atmos_sfcanl.sh[168]cpreq /gpfs/f6/drsa-precip4/world-shared/role.glopara/RUNDIRS/C96_gcafs_cycled_9fef2bde/gcdas.2021122018/sfcanl.85729/fnbgsi.001 /gpfs/f6/drsa-precip4/world-shared/role.glopara/RUNDIRS/C96_gcafs_cycled_9fef2bde/gcdas.2021122018/sfcanl.85729/fnbgso.001
+ cpreq[3]cp /gpfs/f6/drsa-precip4/world-shared/role.glopara/RUNDIRS/C96_gcafs_cycled_9fef2bde/gcdas.2021122018/sfcanl.85729/fnbgsi.001 /gpfs/f6/drsa-precip4/world-shared/role.glopara/RUNDIRS/C96_gcafs_cycled_9fef2bde/gcdas.2021122018/sfcanl.85729/fnbgso.001
+ cpreq[4]'[' 0 -ne 0 ']'
+ exglobal_atmos_sfcanl.sh[166](( nn++  ))
+ exglobal_atmos_sfcanl.sh[166](( nn <= ntiles ))
+ exglobal_atmos_sfcanl.sh[167]cpreq /gpfs/f6/drsa-precip3/world-shared/global/CI/3847/RUNTESTS/COMROOT/C96_gcafs_cycled_9fef2bde/gcdas.20211220/12//model/atmos/restart/20211220.180000.sfc_data.tile2.nc /gpfs/f6/drsa-precip4/world-shared/role.glopara/RUNDIRS/C96_gcafs_cycled_9fef2bde/gcdas.2021122018/sfcanl.85729/fnbgsi.002
+ cpreq[3]cp /gpfs/f6/drsa-precip3/world-shared/global/CI/3847/RUNTESTS/COMROOT/C96_gcafs_cycled_9fef2bde/gcdas.20211220/12//model/atmos/restart/20211220.180000.sfc_data.tile2.nc /gpfs/f6/drsa-precip4/world-shared/role.glopara/RUNDIRS/C96_gcafs_cycled_9fef2bde/gcdas.2021122018/sfcanl.85729/fnbgsi.002
+ cpreq[4]'[' 0 -ne 0 ']'
+ exglobal_atmos_sfcanl.sh[168]cpreq /gpfs/f6/drsa-precip4/world-shared/role.glopara/RUNDIRS/C96_gcafs_cycled_9fef2bde/gcdas.2021122018/sfcanl.85729/fnbgsi.002 /gpfs/f6/drsa-precip4/world-shared/role.glopara/RUNDIRS/C96_gcafs_cycled_9fef2bde/gcdas.2021122018/sfcanl.85729/fnbgso.002
+ cpreq[3]cp /gpfs/f6/drsa-precip4/world-shared/role.glopara/RUNDIRS/C96_gcafs_cycled_9fef2bde/gcdas.2021122018/sfcanl.85729/fnbgsi.002 /gpfs/f6/drsa-precip4/world-shared/role.glopara/RUNDIRS/C96_gcafs_cycled_9fef2bde/gcdas.2021122018/sfcanl.85729/fnbgso.002
+ cpreq[4]'[' 0 -ne 0 ']'
+ exglobal_atmos_sfcanl.sh[166](( nn++  ))
+ exglobal_atmos_sfcanl.sh[166](( nn <= ntiles ))
+ exglobal_atmos_sfcanl.sh[167]cpreq /gpfs/f6/drsa-precip3/world-shared/global/CI/3847/RUNTESTS/COMROOT/C96_gcafs_cycled_9fef2bde/gcdas.20211220/12//model/atmos/restart/20211220.180000.sfc_data.tile3.nc /gpfs/f6/drsa-precip4/world-shared/role.glopara/RUNDIRS/C96_gcafs_cycled_9fef2bde/gcdas.2021122018/sfcanl.85729/fnbgsi.003
+ cpreq[3]cp /gpfs/f6/drsa-precip3/world-shared/global/CI/3847/RUNTESTS/COMROOT/C96_gcafs_cycled_9fef2bde/gcdas.20211220/12//model/atmos/restart/20211220.180000.sfc_data.tile3.nc /gpfs/f6/drsa-precip4/world-shared/role.glopara/RUNDIRS/C96_gcafs_cycled_9fef2bde/gcdas.2021122018/sfcanl.85729/fnbgsi.003
+ cpreq[4]'[' 0 -ne 0 ']'
+ exglobal_atmos_sfcanl.sh[168]cpreq /gpfs/f6/drsa-precip4/world-shared/role.glopara/RUNDIRS/C96_gcafs_cycled_9fef2bde/gcdas.2021122018/sfcanl.85729/fnbgsi.003 /gpfs/f6/drsa-precip4/world-shared/role.glopara/RUNDIRS/C96_gcafs_cycled_9fef2bde/gcdas.2021122018/sfcanl.85729/fnbgso.003
+ cpreq[3]cp /gpfs/f6/drsa-precip4/world-shared/role.glopara/RUNDIRS/C96_gcafs_cycled_9fef2bde/gcdas.2021122018/sfcanl.85729/fnbgsi.003 /gpfs/f6/drsa-precip4/world-shared/role.glopara/RUNDIRS/C96_gcafs_cycled_9fef2bde/gcdas.2021122018/sfcanl.85729/fnbgso.003
+ cpreq[4]'[' 0 -ne 0 ']'
+ exglobal_atmos_sfcanl.sh[166](( nn++  ))
+ exglobal_atmos_sfcanl.sh[166](( nn <= ntiles ))
+ exglobal_atmos_sfcanl.sh[167]cpreq /gpfs/f6/drsa-precip3/world-shared/global/CI/3847/RUNTESTS/COMROOT/C96_gcafs_cycled_9fef2bde/gcdas.20211220/12//model/atmos/restart/20211220.180000.sfc_data.tile4.nc /gpfs/f6/drsa-precip4/world-shared/role.glopara/RUNDIRS/C96_gcafs_cycled_9fef2bde/gcdas.2021122018/sfcanl.85729/fnbgsi.004
+ cpreq[3]cp /gpfs/f6/drsa-precip3/world-shared/global/CI/3847/RUNTESTS/COMROOT/C96_gcafs_cycled_9fef2bde/gcdas.20211220/12//model/atmos/restart/20211220.180000.sfc_data.tile4.nc /gpfs/f6/drsa-precip4/world-shared/role.glopara/RUNDIRS/C96_gcafs_cycled_9fef2bde/gcdas.2021122018/sfcanl.85729/fnbgsi.004
+ cpreq[4]'[' 0 -ne 0 ']'
+ exglobal_atmos_sfcanl.sh[168]cpreq /gpfs/f6/drsa-precip4/world-shared/role.glopara/RUNDIRS/C96_gcafs_cycled_9fef2bde/gcdas.2021122018/sfcanl.85729/fnbgsi.004 /gpfs/f6/drsa-precip4/world-shared/role.glopara/RUNDIRS/C96_gcafs_cycled_9fef2bde/gcdas.2021122018/sfcanl.85729/fnbgso.004
+ cpreq[3]cp /gpfs/f6/drsa-precip4/world-shared/role.glopara/RUNDIRS/C96_gcafs_cycled_9fef2bde/gcdas.2021122018/sfcanl.85729/fnbgsi.004 /gpfs/f6/drsa-precip4/world-shared/role.glopara/RUNDIRS/C96_gcafs_cycled_9fef2bde/gcdas.2021122018/sfcanl.85729/fnbgso.004
+ cpreq[4]'[' 0 -ne 0 ']'
+ exglobal_atmos_sfcanl.sh[166](( nn++  ))
+ exglobal_atmos_sfcanl.sh[166](( nn <= ntiles ))
+ exglobal_atmos_sfcanl.sh[167]cpreq /gpfs/f6/drsa-precip3/world-shared/global/CI/3847/RUNTESTS/COMROOT/C96_gcafs_cycled_9fef2bde/gcdas.20211220/12//model/atmos/restart/20211220.180000.sfc_data.tile5.nc /gpfs/f6/drsa-precip4/world-shared/role.glopara/RUNDIRS/C96_gcafs_cycled_9fef2bde/gcdas.2021122018/sfcanl.85729/fnbgsi.005
+ cpreq[3]cp /gpfs/f6/drsa-precip3/world-shared/global/CI/3847/RUNTESTS/COMROOT/C96_gcafs_cycled_9fef2bde/gcdas.20211220/12//model/atmos/restart/20211220.180000.sfc_data.tile5.nc /gpfs/f6/drsa-precip4/world-shared/role.glopara/RUNDIRS/C96_gcafs_cycled_9fef2bde/gcdas.2021122018/sfcanl.85729/fnbgsi.005
+ cpreq[4]'[' 0 -ne 0 ']'
+ exglobal_atmos_sfcanl.sh[168]cpreq /gpfs/f6/drsa-precip4/world-shared/role.glopara/RUNDIRS/C96_gcafs_cycled_9fef2bde/gcdas.2021122018/sfcanl.85729/fnbgsi.005 /gpfs/f6/drsa-precip4/world-shared/role.glopara/RUNDIRS/C96_gcafs_cycled_9fef2bde/gcdas.2021122018/sfcanl.85729/fnbgso.005
+ cpreq[3]cp /gpfs/f6/drsa-precip4/world-shared/role.glopara/RUNDIRS/C96_gcafs_cycled_9fef2bde/gcdas.2021122018/sfcanl.85729/fnbgsi.005 /gpfs/f6/drsa-precip4/world-shared/role.glopara/RUNDIRS/C96_gcafs_cycled_9fef2bde/gcdas.2021122018/sfcanl.85729/fnbgso.005
+ cpreq[4]'[' 0 -ne 0 ']'
+ exglobal_atmos_sfcanl.sh[166](( nn++  ))
+ exglobal_atmos_sfcanl.sh[166](( nn <= ntiles ))
+ exglobal_atmos_sfcanl.sh[167]cpreq /gpfs/f6/drsa-precip3/world-shared/global/CI/3847/RUNTESTS/COMROOT/C96_gcafs_cycled_9fef2bde/gcdas.20211220/12//model/atmos/restart/20211220.180000.sfc_data.tile6.nc /gpfs/f6/drsa-precip4/world-shared/role.glopara/RUNDIRS/C96_gcafs_cycled_9fef2bde/gcdas.2021122018/sfcanl.85729/fnbgsi.006
+ cpreq[3]cp /gpfs/f6/drsa-precip3/world-shared/global/CI/3847/RUNTESTS/COMROOT/C96_gcafs_cycled_9fef2bde/gcdas.20211220/12//model/atmos/restart/20211220.180000.sfc_data.tile6.nc /gpfs/f6/drsa-precip4/world-shared/role.glopara/RUNDIRS/C96_gcafs_cycled_9fef2bde/gcdas.2021122018/sfcanl.85729/fnbgsi.006
+ cpreq[4]'[' 0 -ne 0 ']'
+ exglobal_atmos_sfcanl.sh[168]cpreq /gpfs/f6/drsa-precip4/world-shared/role.glopara/RUNDIRS/C96_gcafs_cycled_9fef2bde/gcdas.2021122018/sfcanl.85729/fnbgsi.006 /gpfs/f6/drsa-precip4/world-shared/role.glopara/RUNDIRS/C96_gcafs_cycled_9fef2bde/gcdas.2021122018/sfcanl.85729/fnbgso.006
+ cpreq[3]cp /gpfs/f6/drsa-precip4/world-shared/role.glopara/RUNDIRS/C96_gcafs_cycled_9fef2bde/gcdas.2021122018/sfcanl.85729/fnbgsi.006 /gpfs/f6/drsa-precip4/world-shared/role.glopara/RUNDIRS/C96_gcafs_cycled_9fef2bde/gcdas.2021122018/sfcanl.85729/fnbgso.006
+ cpreq[4]'[' 0 -ne 0 ']'
+ exglobal_atmos_sfcanl.sh[166](( nn++  ))
+ exglobal_atmos_sfcanl.sh[166](( nn <= ntiles ))
+ exglobal_atmos_sfcanl.sh[171]/gpfs/f6/drsa-precip3/world-shared/global/CI/3847/global-workflow/ush/global_cycle.sh
+ bash[8]'[' -z '' ']'
+ bash[9]case "$-" in
+ bash[12]__lmod_vx=x
+ bash[16]'[' -n x ']'
+ bash[16]set +x
Shell debugging temporarily silenced: export LMOD_SH_DBG_ON=1 for this output (/opt/cray/pe/lmod/lmod/init/bash)
Shell debugging restarted
+ bash[178]unset __lmod_vx
+ global_cycle.sh[200]XC=' '
+ global_cycle.sh[201]PREINP=' '
+ global_cycle.sh[202]SUFINP=' '
+ global_cycle.sh[203]CYCLEXEC=/gpfs/f6/drsa-precip3/world-shared/global/CI/3847/global-workflow/exec/global_cycle
+ global_cycle.sh[205]FHOUR=0
+ global_cycle.sh[207]CRES=96
+ global_cycle.sh[208]JCAP_CASE=190
+ global_cycle.sh[209]LONB_CASE=384
+ global_cycle.sh[210]LATB_CASE=192
+ global_cycle.sh[211]DELTSFC=6
+ global_cycle.sh[213]LSOIL=4
+ global_cycle.sh[214]LSOIL_INCR=2
+ global_cycle.sh[215]FSMCL2=60
+ global_cycle.sh[216]FSLPL=99999.
+ global_cycle.sh[217]FSOTL=99999.
+ global_cycle.sh[218]FVETL=99999.
+ global_cycle.sh[219]IALB=1
+ global_cycle.sh[220]ISOT=1
+ global_cycle.sh[221]IVEGSRC=1
+ global_cycle.sh[222]CYCLVARS=FSNOL=99999.,FSNOS=99999.,
+ global_cycle.sh[223]use_ufo=.true.
+ global_cycle.sh[224]DONST=YES
+ global_cycle.sh[225]DO_SFCCYCLE=.true.
+ global_cycle.sh[226]GCYCLE_DO_SOILINCR=.false.
+ global_cycle.sh[227]GCYCLE_DO_SNOWINCR=.false.
+ global_cycle.sh[228][[ .false. == \.\t\r\u\e\. ]]
+ global_cycle.sh[228][[ .false. == \.\t\r\u\e\. ]]
+ global_cycle.sh[231]DO_LANDINCR=.false.
+ global_cycle.sh[233]GCYCLE_INTERP_LANDINCR=.false.
+ global_cycle.sh[234]zsea1=0
+ global_cycle.sh[235]zsea2=0
+ global_cycle.sh[236]MAX_TASKS_CY=6
+ global_cycle.sh[237]FRAC_GRID=.true.
+ global_cycle.sh[239]FNGLAC=/gpfs/f6/drsa-precip3/world-shared/global/CI/3847/global-workflow/fix/am/global_glacier.2x2.grb
+ global_cycle.sh[240]FNMXIC=/gpfs/f6/drsa-precip3/world-shared/global/CI/3847/global-workflow/fix/am/global_maxice.2x2.grb
+ global_cycle.sh[241]FNTSFC=/gpfs/f6/drsa-precip3/world-shared/global/CI/3847/global-workflow/fix/am/RTGSST.1982.2012.monthly.clim.grb
+ global_cycle.sh[242]FNSALC=/gpfs/f6/drsa-precip3/world-shared/global/CI/3847/global-workflow/fix/am/global_salclm.t1534.3072.1536.nc
+ global_cycle.sh[243]FNSNOC=/gpfs/f6/drsa-precip3/world-shared/global/CI/3847/global-workflow/fix/am/global_snoclim.1.875.grb
+ global_cycle.sh[244]FNZORC=igbp
+ global_cycle.sh[245]FNAISC=/gpfs/f6/drsa-precip3/world-shared/global/CI/3847/global-workflow/fix/am/IMS-NIC.blended.ice.monthly.clim.grb
+ global_cycle.sh[246]FNSMCC=/gpfs/f6/drsa-precip3/world-shared/global/CI/3847/global-workflow/fix/am/global_soilmgldas.statsgo.t190.384.192.grb
+ global_cycle.sh[247]FNALBC2=/gpfs/f6/drsa-precip3/world-shared/global/CI/3847/global-workflow/fix/orog/C96/sfc/C96.mx500.facsf.tileX.nc
+ global_cycle.sh[248]FNTG3C=/gpfs/f6/drsa-precip3/world-shared/global/CI/3847/global-workflow/fix/orog/C96/sfc/C96.mx500.substrate_temperature.tileX.nc
+ global_cycle.sh[249]FNVEGC=/gpfs/f6/drsa-precip3/world-shared/global/CI/3847/global-workflow/fix/orog/C96/sfc/C96.mx500.vegetation_greenness.tileX.nc
+ global_cycle.sh[250]FNALBC=/gpfs/f6/drsa-precip3/world-shared/global/CI/3847/global-workflow/fix/orog/C96/sfc/C96.mx500.snowfree_albedo.tileX.nc
+ global_cycle.sh[251]FNVETC=/gpfs/f6/drsa-precip3/world-shared/global/CI/3847/global-workflow/fix/orog/C96/sfc/C96.mx500.vegetation_type.tileX.nc
+ global_cycle.sh[252]FNSOTC=/gpfs/f6/drsa-precip3/world-shared/global/CI/3847/global-workflow/fix/orog/C96/sfc/C96.mx500.soil_type.tileX.nc
+ global_cycle.sh[253]FNABSC=/gpfs/f6/drsa-precip3/world-shared/global/CI/3847/global-workflow/fix/orog/C96/sfc/C96.mx500.maximum_snow_albedo.tileX.nc
+ global_cycle.sh[254]FNVMNC=/gpfs/f6/drsa-precip3/world-shared/global/CI/3847/global-workflow/fix/orog/C96/sfc/C96.mx500.vegetation_greenness.tileX.nc
+ global_cycle.sh[255]FNVMXC=/gpfs/f6/drsa-precip3/world-shared/global/CI/3847/global-workflow/fix/orog/C96/sfc/C96.mx500.vegetation_greenness.tileX.nc
+ global_cycle.sh[256]FNSLPC=/gpfs/f6/drsa-precip3/world-shared/global/CI/3847/global-workflow/fix/orog/C96/sfc/C96.mx500.slope_type.tileX.nc
+ global_cycle.sh[257]FNMSKH=/gpfs/f6/drsa-precip3/world-shared/global/CI/3847/global-workflow/fix/am/global_slmask.t1534.3072.1536.grb
+ global_cycle.sh[258]NST_FILE=dtfanl
+ global_cycle.sh[259]FNTSFA='        '
+ global_cycle.sh[260]FNACNA=/gpfs/f6/drsa-precip3/world-shared/global/CI/3847/RUNTESTS/COMROOT/C96_gcafs_cycled_9fef2bde/gcdas.20211220/18/obs/gcdas.t18z.seaice.5min.blend.grb
+ global_cycle.sh[261]FNSNOA=' '
+ global_cycle.sh[263]PGMOUT=OUTPUT.85783
+ global_cycle.sh[264]PGMERR=errfile
+ global_cycle.sh[269]ln -fs /gpfs/f6/drsa-precip3/world-shared/global/CI/3847/global-workflow/fix/am/RTGSST.1982.2012.monthly.clim.grb sstclm
+ global_cycle.sh[270]ln -fs /gpfs/f6/drsa-precip3/world-shared/global/CI/3847/global-workflow/fix/am/global_salclm.t1534.3072.1536.nc salclm
+ global_cycle.sh[273][[ ! -f /gpfs/f6/drsa-precip3/world-shared/global/CI/3847/global-workflow/fix/am/global_soilmgldas.statsgo.t190.384.192.grb ]]
+ global_cycle.sh[273]FNSMCC=/gpfs/f6/drsa-precip3/world-shared/global/CI/3847/global-workflow/fix/am/global_soilmgldas.statsgo.t1534.3072.1536.grb
+ global_cycle.sh[277]export PGM=/gpfs/f6/drsa-precip3/world-shared/global/CI/3847/global-workflow/exec/global_cycle
+ global_cycle.sh[277]PGM=/gpfs/f6/drsa-precip3/world-shared/global/CI/3847/global-workflow/exec/global_cycle
+ global_cycle.sh[278]export pgm=/gpfs/f6/drsa-precip3/world-shared/global/CI/3847/global-workflow/exec/global_cycle
+ global_cycle.sh[278]pgm=/gpfs/f6/drsa-precip3/world-shared/global/CI/3847/global-workflow/exec/global_cycle
+ global_cycle.sh[280]iy=2021
+ global_cycle.sh[281]im=12
+ global_cycle.sh[282]id=20
+ global_cycle.sh[283]ih=18
+ global_cycle.sh[285]export OMP_NUM_THREADS=1
+ global_cycle.sh[285]OMP_NUM_THREADS=1
+ global_cycle.sh[287]cat
+ global_cycle.sh[321]cat
+ global_cycle.sh[333]cat
+ global_cycle.sh[343]'srun -l --export=ALL -n 6 --cpus-per-task=1' /gpfs/f6/drsa-precip3/world-shared/global/CI/3847/global-workflow/exec/global_cycle
+ exglobal_atmos_sfcanl.sh[172]export err=127
+ exglobal_atmos_sfcanl.sh[172]err=127
+ exglobal_atmos_sfcanl.sh[173][[ 127 -ne 0 ]]
+ exglobal_atmos_sfcanl.sh[174]err_exit 'Unable to update surface data from guess and analysis!'
+ environment[0]set +eux

    -------------------------------------------------------------
    -- FATAL ERROR: Unable to update surface data from guess and analysis! RETURN CODE 127
    -- ABNORMAL EXIT at Thu 10 Jul 2025 04:34:36 PM EDT on c6n1094
    -------------------------------------------------------------
    

Currently Loaded Modules:
  1) craype-x86-genoa
  2) perftools-base/25.03.0
  3) xpmem/2.9.6-1.1_20240510205610__g087dc11fc19d
  4) cray-pmi/6.1.15
  5) CmrsEnv/default
  6) TimeZoneEDT/default
  7) DefApps/default
  8) cray-dsmml/0.3.1
  9) PrgEnv-intel/8.5.0
 10) intel-classic/2023.2.0
 11) craype/2.7.30
 12) stack-intel/2023.2.0
 13) libfabric/1.20.1
 14) craype-network-ofi
 15) cray-mpich/8.1.29
 16) stack-cray-mpich/8.1.29
 17) gettext/0.20.2
 18) libxcrypt/4.4.35
 19) zlib/1.2.13
 20) sqlite/3.43.2
 21) util-linux-uuid/2.38.1
 22) python/3.11.6
 23) libjpeg/2.1.0
 24) jasper/2.0.32
 25) libpng/1.6.37
 26) openjpeg/2.3.1
 27) eccodes/2.32.0
 28) fftw/3.3.10
 29) nghttp2/1.57.0
 30) curl/8.4.0
 31) proj/9.2.1
 32) udunits/2.2.28
 33) cdo/2.2.0
 34) pkg-config/0.29.2
 35) hdf5/1.14.0
 36) snappy/1.1.10
 37) zstd/1.5.2
 38) c-blosc/1.21.5
 39) netcdf-c/4.9.2
 40) netcdf-fortran/4.6.1
 41) parallel-netcdf/1.12.2
 42) parallelio/2.5.10
 43) esmf/8.6.0
 44) perlbrew/5.38.2
 45) antlr/2.7.7
 46) gsl/2.7.1
 47) nco/5.0.6
 48) bacio/2.4.1
 49) w3emc/2.10.0
 50) prod_util/2.1.1
 51) g2/3.4.5
 52) sp/2.5.0
 53) ip/4.3.0
 54) grib-util/1.3.0
 55) g2tmpl/1.13.0
 56) gsi-ncdiag/1.1.2
 57) crtm-fix/2.4.0.1_emc
 58) git-lfs/2.11.0
 59) crtm/2.4.0.1
 60) openblas/0.3.24
 61) py-setuptools/63.4.3
 62) py-numpy/1.23.4
 63) bufr/11.7.0
 64) gmake/4.2.1
 65) wgrib2/2.0.8
 66) py-cftime/1.0.3.4
 67) py-netcdf4/1.5.8
 68) py-f90nml/1.4.3
 69) libyaml/0.2.5
 70) py-pyyaml/6.0
 71) py-markupsafe/2.1.3
 72) py-jinja2/3.1.2
 73) py-bottleneck/1.3.7
 74) py-numexpr/2.8.4
 75) py-et-xmlfile/1.0.1
 76) py-openpyxl/3.1.2
 77) py-pytz/2023.3
 78) py-pyxlsb/1.0.10
 79) py-xlrd/2.0.1
 80) py-xlsxwriter/3.1.7
 81) py-xlwt/1.3.0
 82) py-pandas/1.5.3
 83) py-six/1.16.0
 84) py-python-dateutil/2.8.2
 85) g2c/1.8.0
 86) netcdf-cxx4/4.3.1
 87) met/9.1.3
 88) metplus/3.1.1
 89) py-packaging/23.1
 90) py-xarray/2023.7.0
 91) prepobs/1.1.0
 92) fit2obs/1.1.7.1
 93) hsi/9.3
 94) module_base.gaeac6

 


Unable to update surface data from guess and analysis! RETURN CODE 127
/gpfs/f6/drsa-precip4/world-shared/role.glopara/RUNDIRS/C96_gcafs_cycled_9fef2bde/gcdas.2021122018/sfcanl.85729
total 4
-rw-r--r-- 1 role.glopara drsa-precip4        0 Jul 10 16:34 ncepdate
-rw-r--r-- 1 role.glopara drsa-precip4  2096689 Jul 10 16:34 fngrid.001
-rw-r--r-- 1 role.glopara drsa-precip4   844183 Jul 10 16:34 fnorog.001
-rw-r--r-- 1 role.glopara drsa-precip4  2096689 Jul 10 16:34 fngrid.002
-rw-r--r-- 1 role.glopara drsa-precip4   844183 Jul 10 16:34 fnorog.002
-rw-r--r-- 1 role.glopara drsa-precip4  2096689 Jul 10 16:34 fngrid.003
-rw-r--r-- 1 role.glopara drsa-precip4   844183 Jul 10 16:34 fnorog.003
-rw-r--r-- 1 role.glopara drsa-precip4  2096689 Jul 10 16:34 fngrid.004
-rw-r--r-- 1 role.glopara drsa-precip4   844183 Jul 10 16:34 fnorog.004
-rw-r--r-- 1 role.glopara drsa-precip4  2096689 Jul 10 16:34 fngrid.005
-rw-r--r-- 1 role.glopara drsa-precip4   844183 Jul 10 16:34 fnorog.005
-rw-r--r-- 1 role.glopara drsa-precip4  2096689 Jul 10 16:34 fngrid.006
-rw-r--r-- 1 role.glopara drsa-precip4   844183 Jul 10 16:34 fnorog.006
-rw-r--r-- 1 role.glopara drsa-precip4 10654072 Jul 10 16:34 dtfanl
-rw-r--r-- 1 role.glopara drsa-precip4 10003180 Jul 10 16:34 fnbgsi.001
-rw-r--r-- 1 role.glopara drsa-precip4 10003180 Jul 10 16:34 fnbgso.001
-rw-r--r-- 1 role.glopara drsa-precip4 10003180 Jul 10 16:34 fnbgsi.002
-rw-r--r-- 1 role.glopara drsa-precip4 10003180 Jul 10 16:34 fnbgso.002
-rw-r--r-- 1 role.glopara drsa-precip4 10003180 Jul 10 16:34 fnbgsi.003
-rw-r--r-- 1 role.glopara drsa-precip4 10003180 Jul 10 16:34 fnbgso.003
-rw-r--r-- 1 role.glopara drsa-precip4 10003180 Jul 10 16:34 fnbgsi.004
-rw-r--r-- 1 role.glopara drsa-precip4 10003180 Jul 10 16:34 fnbgso.004
-rw-r--r-- 1 role.glopara drsa-precip4 10003180 Jul 10 16:34 fnbgsi.005
-rw-r--r-- 1 role.glopara drsa-precip4 10003180 Jul 10 16:34 fnbgso.005
-rw-r--r-- 1 role.glopara drsa-precip4 10003180 Jul 10 16:34 fnbgsi.006
-rw-r--r-- 1 role.glopara drsa-precip4 10003180 Jul 10 16:34 fnbgso.006
lrwxrwxrwx 1 role.glopara drsa-precip4      106 Jul 10 16:34 sstclm -> /gpfs/f6/drsa-precip3/world-shared/global/CI/3847/global-workflow/fix/am/RTGSST.1982.2012.monthly.clim.grb
lrwxrwxrwx 1 role.glopara drsa-precip4      105 Jul 10 16:34 salclm -> /gpfs/f6/drsa-precip3/world-shared/global/CI/3847/global-workflow/fix/am/global_salclm.t1534.3072.1536.nc
-rw-r--r-- 1 role.glopara drsa-precip4     2484 Jul 10 16:34 fort.35
-rw-r--r-- 1 role.glopara drsa-precip4      241 Jul 10 16:34 fort.36
-rw-r--r-- 1 role.glopara drsa-precip4      123 Jul 10 16:34 fort.37
-rw-r--r-- 1 role.glopara drsa-precip4        0 Jul 10 16:34 OUTPUT.85783
-rw-r--r-- 1 role.glopara drsa-precip4      160 Jul 10 16:34 errfile
----- contents of errfile -----
/gpfs/f6/drsa-precip3/world-shared/global/CI/3847/global-workflow/ush/global_cycle.sh: line 343: srun -l --export=ALL -n 6 --cpus-per-task=1: command not found
slurmstepd: error: *** JOB 209556240 ON c6n1094 CANCELLED AT 2025-07-10T16:34:36 ***
