+ . /work2/noaa/global/role-global/GFS_CI_CD/ORION/CI/3680/global-workflow/ush/load_fv3gfs_modules.sh
++ [[ hxB == *x* ]]
++ set_x=YES
++ [[ NO == \N\O ]]
++ echo 'Loading modules quietly...'
Loading modules quietly...
++ set +x

Currently Loaded Modules:
  1) intel-oneapi-compilers/2023.1.0  42) grib-util/1.3.0
  2) stack-intel/2021.9.0             43) g2tmpl/1.13.0
  3) intel-oneapi-mpi/2021.9.0        44) gsi-ncdiag/1.1.2
  4) stack-intel-oneapi-mpi/2021.9.0  45) crtm-fix/2.4.0.1_emc
  5) zlib/1.2.13                      46) git-lfs/3.1.2
  6) pigz/2.7                         47) crtm/2.4.0.1
  7) zstd/1.5.2                       48) openblas/0.3.24
  8) tar/1.34                         49) py-setuptools/63.4.3
  9) gettext/0.21.1                   50) py-numpy/1.23.4
 10) libxcrypt/4.4.35                 51) bufr/11.7.0
 11) sqlite/3.43.2                    52) gmake/4.2.1
 12) util-linux-uuid/2.38.1           53) wgrib2/2.0.8
 13) python/3.11.6                    54) py-f90nml/1.4.3
 14) libjpeg/2.1.0                    55) py-cftime/1.0.3.4
 15) jasper/2.0.32                    56) py-netcdf4/1.5.8
 16) libpng/1.6.37                    57) libyaml/0.2.5
 17) openjpeg/2.3.1                   58) py-pyyaml/6.0
 18) eccodes/2.32.0                   59) py-markupsafe/2.1.3
 19) fftw/3.3.10                      60) py-jinja2/3.1.2
 20) nghttp2/1.57.0                   61) py-bottleneck/1.3.7
 21) curl/8.4.0                       62) py-numexpr/2.8.4
 22) proj/9.2.1                       63) py-et-xmlfile/1.0.1
 23) udunits/2.2.28                   64) py-openpyxl/3.1.2
 24) cdo/2.2.0                        65) py-pytz/2023.3
 25) hdf5/1.14.0                      66) py-pyxlsb/1.0.10
 26) snappy/1.1.10                    67) py-xlrd/2.0.1
 27) c-blosc/1.21.5                   68) py-xlsxwriter/3.1.7
 28) netcdf-c/4.9.2                   69) py-xlwt/1.3.0
 29) netcdf-fortran/4.6.1             70) py-pandas/1.5.3
 30) parallel-netcdf/1.12.2           71) py-six/1.16.0
 31) parallelio/2.5.10                72) py-python-dateutil/2.8.2
 32) esmf/8.6.0                       73) g2c/1.8.0
 33) antlr/2.7.7                      74) netcdf-cxx4/4.3.1
 34) gsl/2.7.1                        75) met/9.1.3
 35) nco/5.0.6                        76) metplus/3.1.1
 36) bacio/2.4.1                      77) py-packaging/23.1
 37) w3emc/2.10.0                     78) py-xarray/2023.7.0
 38) prod_util/2.1.1                  79) prepobs/1.1.0
 39) g2/3.4.5                         80) fit2obs/1.1.7
 40) sp/2.5.0                         81) globus-cli/3.27
 41) ip/4.3.0                         82) module_base.orion

 

++ wxflowPATH=/work2/noaa/global/role-global/GFS_CI_CD/ORION/CI/3680/global-workflow/ush/python
++ PYTHONPATH=/apps/other/globus-cli-3.27:/work/noaa/epic/role-epic/spack-stack/orion/spack-stack-1.6.0/envs/gsi-addon-dev-fms-2024.01/install/intel/2021.9.0/py-xarray-2023.7.0-i227vom/lib/python3.11/site-packages:/work/noaa/epic/role-epic/spack-stack/orion/spack-stack-1.6.0/envs/gsi-addon-dev-fms-2024.01/install/intel/2021.9.0/py-packaging-23.1-qsred2z/lib/python3.11/site-packages:/work/noaa/epic/role-epic/spack-stack/orion/spack-stack-1.6.0/envs/gsi-addon-dev-fms-2024.01/install/intel/2021.9.0/py-python-dateutil-2.8.2-qmkqi6c/lib/python3.11/site-packages:/work/noaa/epic/role-epic/spack-stack/orion/spack-stack-1.6.0/envs/gsi-addon-dev-fms-2024.01/install/intel/2021.9.0/py-six-1.16.0-xx5n5aq/lib/python3.11/site-packages:/work/noaa/epic/role-epic/spack-stack/orion/spack-stack-1.6.0/envs/gsi-addon-dev-fms-2024.01/install/intel/2021.9.0/py-pandas-1.5.3-mxu73jp/lib/python3.11/site-packages:/work/noaa/epic/role-epic/spack-stack/orion/spack-stack-1.6.0/envs/gsi-addon-dev-fms-2024.01/install/intel/2021.9.0/py-xlwt-1.3.0-b4cyvye/lib/python3.11/site-packages:/work/noaa/epic/role-epic/spack-stack/orion/spack-stack-1.6.0/envs/gsi-addon-dev-fms-2024.01/install/intel/2021.9.0/py-xlsxwriter-3.1.7-erwjpno/lib/python3.11/site-packages:/work/noaa/epic/role-epic/spack-stack/orion/spack-stack-1.6.0/envs/gsi-addon-dev-fms-2024.01/install/intel/2021.9.0/py-xlrd-2.0.1-p6lyi26/lib/python3.11/site-packages:/work/noaa/epic/role-epic/spack-stack/orion/spack-stack-1.6.0/envs/gsi-addon-dev-fms-2024.01/install/intel/2021.9.0/py-pyxlsb-1.0.10-3tmfhfx/lib/python3.11/site-packages:/work/noaa/epic/role-epic/spack-stack/orion/spack-stack-1.6.0/envs/gsi-addon-dev-fms-2024.01/install/intel/2021.9.0/py-pytz-2023.3-amqisx3/lib/python3.11/site-packages:/work/noaa/epic/role-epic/spack-stack/orion/spack-stack-1.6.0/envs/gsi-addon-dev-fms-2024.01/install/intel/2021.9.0/py-openpyxl-3.1.2-lid72bc/lib/python3.11/site-packages:/work/noaa/epic/role-epic/spack-stack/orion/spack-stack-1.6.0/envs/gsi-addon-dev-fms-2024.01/install/intel/2021.9.0/py-et-xmlfile-1.0.1-rv7edto/lib/python3.11/site-packages:/work/noaa/epic/role-epic/spack-stack/orion/spack-stack-1.6.0/envs/gsi-addon-dev-fms-2024.01/install/intel/2021.9.0/py-numexpr-2.8.4-aqtuzo7/lib/python3.11/site-packages:/work/noaa/epic/role-epic/spack-stack/orion/spack-stack-1.6.0/envs/gsi-addon-dev-fms-2024.01/install/intel/2021.9.0/py-bottleneck-1.3.7-psru7d6/lib/python3.11/site-packages:/work/noaa/epic/role-epic/spack-stack/orion/spack-stack-1.6.0/envs/gsi-addon-dev-fms-2024.01/install/intel/2021.9.0/py-jinja2-3.1.2-hwvgjvz/lib/python3.11/site-packages:/work/noaa/epic/role-epic/spack-stack/orion/spack-stack-1.6.0/envs/gsi-addon-dev-fms-2024.01/install/intel/2021.9.0/py-markupsafe-2.1.3-zmufgyd/lib/python3.11/site-packages:/work/noaa/epic/role-epic/spack-stack/orion/spack-stack-1.6.0/envs/gsi-addon-dev-fms-2024.01/install/intel/2021.9.0/py-pyyaml-6.0-5tnykit/lib/python3.11/site-packages:/work/noaa/epic/role-epic/spack-stack/orion/spack-stack-1.6.0/envs/gsi-addon-dev-fms-2024.01/install/intel/2021.9.0/py-netcdf4-1.5.8-eqrdu35/lib/python3.11/site-packages:/work/noaa/epic/role-epic/spack-stack/orion/spack-stack-1.6.0/envs/gsi-addon-dev-fms-2024.01/install/intel/2021.9.0/py-cftime-1.0.3.4-fy7lvex/lib/python3.11/site-packages:/work/noaa/epic/role-epic/spack-stack/orion/spack-stack-1.6.0/envs/gsi-addon-dev-fms-2024.01/install/intel/2021.9.0/py-f90nml-1.4.3-pn2wamh/lib/python3.11/site-packages:/work/noaa/epic/role-epic/spack-stack/orion/spack-stack-1.6.0/envs/gsi-addon-dev-fms-2024.01/install/intel/2021.9.0/bufr-11.7.0-clawunp/lib64/python3.11/site-packages:/work/noaa/epic/role-epic/spack-stack/orion/spack-stack-1.6.0/envs/gsi-addon-dev-fms-2024.01/install/intel/2021.9.0/bufr-11.7.0-clawunp/lib/python3.11/site-packages:/work/noaa/epic/role-epic/spack-stack/orion/spack-stack-1.6.0/envs/gsi-addon-dev-fms-2024.01/install/intel/2021.9.0/py-numpy-1.23.4-bphf752/lib/python3.11/site-packages:/work/noaa/epic/role-epic/spack-stack/orion/spack-stack-1.6.0/envs/gsi-addon-dev-fms-2024.01/install/intel/2021.9.0/py-setuptools-63.4.3-2wqnlmp/lib/python3.11/site-packages:/work2/noaa/global/role-global/GFS_CI_CD/ORION/CI/3680/global-workflow/ush:/work2/noaa/global/role-global/GFS_CI_CD/ORION/CI/3680/global-workflow/ush/python
++ export PYTHONPATH
++ ulimit -S -s 16384
++ unset ulimit_s
+ status=0
+ ((  status != 0  ))
+ export job=atmos_products
+ job=atmos_products
+ IFS=', '
+ read -r -a fhr_list
+ export FORECAST_HOUR jobid
+ for FORECAST_HOUR in "${fhr_list[@]}"
++ printf %03d 6
+ fhr3=006
+ jobid=atmos_products_f006.1000126
+ /work2/noaa/global/role-global/GFS_CI_CD/ORION/CI/3680/global-workflow/jobs/JGLOBAL_ATMOS_PRODUCTS
Begin /work2/noaa/global/role-global/GFS_CI_CD/ORION/CI/3680/global-workflow/jobs/JGLOBAL_ATMOS_PRODUCTS at Tue May 13 10:59:19 PM UTC 2025
++ jjob_header.sh[46]OPTIND=1
++ jjob_header.sh[47]getopts c:e: option
++ jjob_header.sh[48]case "${option}" in
++ jjob_header.sh[50]env_job=atmos_products
++ jjob_header.sh[47]getopts c:e: option
++ jjob_header.sh[48]case "${option}" in
++ jjob_header.sh[49]read -ra configs
++ jjob_header.sh[47]getopts c:e: option
++ jjob_header.sh[61]shift 4
++ jjob_header.sh[63][[ -z atmos_products ]]
++ jjob_header.sh[71]export DATA=/work2/noaa/stmp/role-global/ORION/RUNDIRS/C48_ATM_c72db5b3/gfs.2021032312/atmos_products_f006.1000126
++ jjob_header.sh[71]DATA=/work2/noaa/stmp/role-global/ORION/RUNDIRS/C48_ATM_c72db5b3/gfs.2021032312/atmos_products_f006.1000126
++ jjob_header.sh[72][[ YES == \Y\E\S ]]
++ jjob_header.sh[73]rm -rf /work2/noaa/stmp/role-global/ORION/RUNDIRS/C48_ATM_c72db5b3/gfs.2021032312/atmos_products_f006.1000126
++ jjob_header.sh[75]mkdir -p /work2/noaa/stmp/role-global/ORION/RUNDIRS/C48_ATM_c72db5b3/gfs.2021032312/atmos_products_f006.1000126
++ jjob_header.sh[76]cd /work2/noaa/stmp/role-global/ORION/RUNDIRS/C48_ATM_c72db5b3/gfs.2021032312/atmos_products_f006.1000126
++ jjob_header.sh[85]export pid=1000583
++ jjob_header.sh[85]pid=1000583
++ jjob_header.sh[86]export pgmout=OUTPUT.1000583
++ jjob_header.sh[86]pgmout=OUTPUT.1000583
++ jjob_header.sh[87]export pgmerr=errfile
++ jjob_header.sh[87]pgmerr=errfile
++ jjob_header.sh[90]export pgm=
++ jjob_header.sh[90]pgm=
++ jjob_header.sh[96]export cycle=t12z
++ jjob_header.sh[96]cycle=t12z
++ jjob_header.sh[97]setpdy.sh
+ setpdy.sh[20]'[' /work2/noaa/stmp/role-global/ORION/RUNDIRS/C48_ATM_c72db5b3/gfs.2021032312/atmos_products_f006.1000126 == /home/role-global ']'
+ setpdy.sh[25][[ ! t12z =~ t??z ]]
+ setpdy.sh[30]case $# in
+ setpdy.sh[31]dates_before_PDY=7
+ setpdy.sh[32]dates_after_PDY=7
+ setpdy.sh[50]COMDATEROOT=/work2/noaa/global/role-global/GFS_CI_CD/ORION/CI/3680/RUNTESTS/COMROOT
+ setpdy.sh[53]'[' -z 20210323 ']'
+ setpdy.sh[57]sed 's/[0-9]\{8\}/20210323/' /work2/noaa/global/role-global/GFS_CI_CD/ORION/CI/3680/RUNTESTS/COMROOT/date/t12z
sed: can't read /work2/noaa/global/role-global/GFS_CI_CD/ORION/CI/3680/RUNTESTS/COMROOT/date/t12z: No such file or directory
++ jjob_header.sh[97]true
++ jjob_header.sh[98]source ./PDY
/work2/noaa/global/role-global/GFS_CI_CD/ORION/CI/3680/global-workflow/ush/jjob_header.sh: line 98: ./PDY: No such file or directory
++ jjob_header.sh[98]true
++ jjob_header.sh[104]export EXPDIR=/work2/noaa/global/role-global/GFS_CI_CD/ORION/CI/3680/RUNTESTS/EXPDIR/C48_ATM_c72db5b3
++ jjob_header.sh[104]EXPDIR=/work2/noaa/global/role-global/GFS_CI_CD/ORION/CI/3680/RUNTESTS/EXPDIR/C48_ATM_c72db5b3
++ jjob_header.sh[105]for config in "${configs[@]:-''}"
++ jjob_header.sh[106]source /work2/noaa/global/role-global/GFS_CI_CD/ORION/CI/3680/RUNTESTS/EXPDIR/C48_ATM_c72db5b3/config.base
+++ config.base[6]echo 'BEGIN: config.base'
BEGIN: config.base
+++ config.base[9]export machine=ORION
+++ config.base[9]machine=ORION
+++ config.base[12]export RUN_ENVIR=emc
+++ config.base[12]RUN_ENVIR=emc
+++ config.base[15]export ACCOUNT=fv3-cpu
+++ config.base[15]ACCOUNT=fv3-cpu
+++ config.base[16]export QUEUE=batch
+++ config.base[16]QUEUE=batch
+++ config.base[17]export QUEUE_SERVICE=batch
+++ config.base[17]QUEUE_SERVICE=batch
+++ config.base[18]export QUEUE_DTN=batch
+++ config.base[18]QUEUE_DTN=batch
+++ config.base[19]export PARTITION_BATCH=orion
+++ config.base[19]PARTITION_BATCH=orion
+++ config.base[20]export PARTITION_SERVICE=service
+++ config.base[20]PARTITION_SERVICE=service
+++ config.base[21]export PARTITION_DTN=
+++ config.base[21]PARTITION_DTN=
+++ config.base[22]export RESERVATION=
+++ config.base[22]RESERVATION=
+++ config.base[23]export CLUSTERS=
+++ config.base[23]CLUSTERS=
+++ config.base[24]export CLUSTERS_SERVICE=
+++ config.base[24]CLUSTERS_SERVICE=
+++ config.base[25]export CLUSTERS_DTN=
+++ config.base[25]CLUSTERS_DTN=
+++ config.base[28]export HPSS_PROJECT=emc-global
+++ config.base[28]HPSS_PROJECT=emc-global
+++ config.base[31]export HOMEgfs=/work2/noaa/global/role-global/GFS_CI_CD/ORION/CI/3680/global-workflow
+++ config.base[31]HOMEgfs=/work2/noaa/global/role-global/GFS_CI_CD/ORION/CI/3680/global-workflow
+++ config.base[32]export EXECgfs=/work2/noaa/global/role-global/GFS_CI_CD/ORION/CI/3680/global-workflow/exec
+++ config.base[32]EXECgfs=/work2/noaa/global/role-global/GFS_CI_CD/ORION/CI/3680/global-workflow/exec
+++ config.base[33]export FIXgfs=/work2/noaa/global/role-global/GFS_CI_CD/ORION/CI/3680/global-workflow/fix
+++ config.base[33]FIXgfs=/work2/noaa/global/role-global/GFS_CI_CD/ORION/CI/3680/global-workflow/fix
+++ config.base[34]export PARMgfs=/work2/noaa/global/role-global/GFS_CI_CD/ORION/CI/3680/global-workflow/parm
+++ config.base[34]PARMgfs=/work2/noaa/global/role-global/GFS_CI_CD/ORION/CI/3680/global-workflow/parm
+++ config.base[35]export SCRgfs=/work2/noaa/global/role-global/GFS_CI_CD/ORION/CI/3680/global-workflow/scripts
+++ config.base[35]SCRgfs=/work2/noaa/global/role-global/GFS_CI_CD/ORION/CI/3680/global-workflow/scripts
+++ config.base[36]export USHgfs=/work2/noaa/global/role-global/GFS_CI_CD/ORION/CI/3680/global-workflow/ush
+++ config.base[36]USHgfs=/work2/noaa/global/role-global/GFS_CI_CD/ORION/CI/3680/global-workflow/ush
+++ config.base[38]export FIXam=/work2/noaa/global/role-global/GFS_CI_CD/ORION/CI/3680/global-workflow/fix/am
+++ config.base[38]FIXam=/work2/noaa/global/role-global/GFS_CI_CD/ORION/CI/3680/global-workflow/fix/am
+++ config.base[39]export FIXaer=/work2/noaa/global/role-global/GFS_CI_CD/ORION/CI/3680/global-workflow/fix/aer
+++ config.base[39]FIXaer=/work2/noaa/global/role-global/GFS_CI_CD/ORION/CI/3680/global-workflow/fix/aer
+++ config.base[40]export FIXcpl=/work2/noaa/global/role-global/GFS_CI_CD/ORION/CI/3680/global-workflow/fix/cpl
+++ config.base[40]FIXcpl=/work2/noaa/global/role-global/GFS_CI_CD/ORION/CI/3680/global-workflow/fix/cpl
+++ config.base[41]export FIXlut=/work2/noaa/global/role-global/GFS_CI_CD/ORION/CI/3680/global-workflow/fix/lut
+++ config.base[41]FIXlut=/work2/noaa/global/role-global/GFS_CI_CD/ORION/CI/3680/global-workflow/fix/lut
+++ config.base[42]export FIXcice=/work2/noaa/global/role-global/GFS_CI_CD/ORION/CI/3680/global-workflow/fix/cice
+++ config.base[42]FIXcice=/work2/noaa/global/role-global/GFS_CI_CD/ORION/CI/3680/global-workflow/fix/cice
+++ config.base[43]export FIXmom=/work2/noaa/global/role-global/GFS_CI_CD/ORION/CI/3680/global-workflow/fix/mom6
+++ config.base[43]FIXmom=/work2/noaa/global/role-global/GFS_CI_CD/ORION/CI/3680/global-workflow/fix/mom6
+++ config.base[44]export FIXreg2grb2=/work2/noaa/global/role-global/GFS_CI_CD/ORION/CI/3680/global-workflow/fix/reg2grb2
+++ config.base[44]FIXreg2grb2=/work2/noaa/global/role-global/GFS_CI_CD/ORION/CI/3680/global-workflow/fix/reg2grb2
+++ config.base[45]export FIXgdas=/work2/noaa/global/role-global/GFS_CI_CD/ORION/CI/3680/global-workflow/fix/gdas
+++ config.base[45]FIXgdas=/work2/noaa/global/role-global/GFS_CI_CD/ORION/CI/3680/global-workflow/fix/gdas
+++ config.base[50]export PACKAGEROOT=/work2/noaa/global/role-global/nwpara
+++ config.base[50]PACKAGEROOT=/work2/noaa/global/role-global/nwpara
+++ config.base[51]export COMROOT=/work2/noaa/global/role-global/GFS_CI_CD/ORION/CI/3680/RUNTESTS/COMROOT
+++ config.base[51]COMROOT=/work2/noaa/global/role-global/GFS_CI_CD/ORION/CI/3680/RUNTESTS/COMROOT
+++ config.base[52]export COMINsyn=/work2/noaa/global/role-global/com/gfs/prod/syndat
+++ config.base[52]COMINsyn=/work2/noaa/global/role-global/com/gfs/prod/syndat
+++ config.base[53]export DMPDIR=/work/noaa/rstprod/dump
+++ config.base[53]DMPDIR=/work/noaa/rstprod/dump
+++ config.base[57]export COMINecmwf=/work2/noaa/global/role-global/data/external_gempak/ecmwf
+++ config.base[57]COMINecmwf=/work2/noaa/global/role-global/data/external_gempak/ecmwf
+++ config.base[58]export COMINnam=/work2/noaa/global/role-global/data/external_gempak/nam
+++ config.base[58]COMINnam=/work2/noaa/global/role-global/data/external_gempak/nam
+++ config.base[59]export COMINukmet=/work2/noaa/global/role-global/data/external_gempak/ukmet
+++ config.base[59]COMINukmet=/work2/noaa/global/role-global/data/external_gempak/ukmet
+++ config.base[62]export HOMEDIR=/work2/noaa/global/role-global
+++ config.base[62]HOMEDIR=/work2/noaa/global/role-global
+++ config.base[63]export STMP=/work2/noaa/stmp/role-global/ORION
+++ config.base[63]STMP=/work2/noaa/stmp/role-global/ORION
+++ config.base[64]export PTMP=/work2/noaa/stmp/role-global/ORION
+++ config.base[64]PTMP=/work2/noaa/stmp/role-global/ORION
+++ config.base[65]export NOSCRUB=/work2/noaa/global/role-global
+++ config.base[65]NOSCRUB=/work2/noaa/global/role-global
+++ config.base[68]export BASE_GIT=/work2/noaa/global/role-global/git
+++ config.base[68]BASE_GIT=/work2/noaa/global/role-global/git
+++ config.base[71]export BASE_DATA=/work2/noaa/global/role-global/data
+++ config.base[71]BASE_DATA=/work2/noaa/global/role-global/data
+++ config.base[74]export DO_GOES=NO
+++ config.base[74]DO_GOES=NO
+++ config.base[75]export DO_BUFRSND=NO
+++ config.base[75]DO_BUFRSND=NO
+++ config.base[76]export DO_GEMPAK=NO
+++ config.base[76]DO_GEMPAK=NO
+++ config.base[77]export DO_AWIPS=NO
+++ config.base[77]DO_AWIPS=NO
+++ config.base[78]export DO_NPOESS=NO
+++ config.base[78]DO_NPOESS=NO
+++ config.base[79]export DO_TRACKER=YES
+++ config.base[79]DO_TRACKER=YES
+++ config.base[80]export DO_GENESIS=YES
+++ config.base[80]DO_GENESIS=YES
+++ config.base[81]export DO_GENESIS_FSU=NO
+++ config.base[81]DO_GENESIS_FSU=NO
+++ config.base[82]export DO_VERFOZN=YES
+++ config.base[82]DO_VERFOZN=YES
+++ config.base[83]export DO_VERFRAD=YES
+++ config.base[83]DO_VERFRAD=YES
+++ config.base[84]export DO_VMINMON=YES
+++ config.base[84]DO_VMINMON=YES
+++ config.base[85]export DO_ANLSTAT=NO
+++ config.base[85]DO_ANLSTAT=NO
+++ config.base[88]export MODE=forecast-only
+++ config.base[88]MODE=forecast-only
+++ config.base[89]export DO_TEST_MODE=YES
+++ config.base[89]DO_TEST_MODE=YES
+++ config.base[98]export FIXgsi=/work2/noaa/global/role-global/GFS_CI_CD/ORION/CI/3680/global-workflow/fix/gsi
+++ config.base[98]FIXgsi=/work2/noaa/global/role-global/GFS_CI_CD/ORION/CI/3680/global-workflow/fix/gsi
+++ config.base[99]export HOMEpost=/work2/noaa/global/role-global/GFS_CI_CD/ORION/CI/3680/global-workflow
+++ config.base[99]HOMEpost=/work2/noaa/global/role-global/GFS_CI_CD/ORION/CI/3680/global-workflow
+++ config.base[100]export HOMEobsproc=/work2/noaa/global/role-global/git/obsproc/v1.2.0
+++ config.base[100]HOMEobsproc=/work2/noaa/global/role-global/git/obsproc/v1.2.0
+++ config.base[103]export 'NCP=/bin/cp -p'
+++ config.base[103]NCP='/bin/cp -p'
+++ config.base[104]export NMV=/bin/mv
+++ config.base[104]NMV=/bin/mv
+++ config.base[105]export 'NLN=/bin/ln -sf'
+++ config.base[105]NLN='/bin/ln -sf'
+++ config.base[106]export VERBOSE=YES
+++ config.base[106]VERBOSE=YES
+++ config.base[107]export KEEPDATA=NO
+++ config.base[107]KEEPDATA=NO
+++ config.base[108]export DEBUG_POSTSCRIPT=NO
+++ config.base[108]DEBUG_POSTSCRIPT=NO
+++ config.base[109]export CHGRP_RSTPROD=YES
+++ config.base[109]CHGRP_RSTPROD=YES
+++ config.base[110]export 'CHGRP_CMD=chgrp rstprod'
+++ config.base[110]CHGRP_CMD='chgrp rstprod'
+++ config.base[111]export NCDUMP=/work/noaa/epic/role-epic/spack-stack/orion/spack-stack-1.6.0/envs/unified-env-rocky9/install/intel/2021.9.0/netcdf-c-4.9.2-oup2wyi/bin/ncdump
+++ config.base[111]NCDUMP=/work/noaa/epic/role-epic/spack-stack/orion/spack-stack-1.6.0/envs/unified-env-rocky9/install/intel/2021.9.0/netcdf-c-4.9.2-oup2wyi/bin/ncdump
+++ config.base[112]export NCLEN=/work2/noaa/global/role-global/GFS_CI_CD/ORION/CI/3680/global-workflow/ush/getncdimlen
+++ config.base[112]NCLEN=/work2/noaa/global/role-global/GFS_CI_CD/ORION/CI/3680/global-workflow/ush/getncdimlen
+++ config.base[115]export BASE_ENV=/work2/noaa/global/role-global/GFS_CI_CD/ORION/CI/3680/global-workflow/env
+++ config.base[115]BASE_ENV=/work2/noaa/global/role-global/GFS_CI_CD/ORION/CI/3680/global-workflow/env
+++ config.base[118]export SDATE=2021032312
+++ config.base[118]SDATE=2021032312
+++ config.base[119]export EDATE=2021032312
+++ config.base[119]EDATE=2021032312
+++ config.base[120]export EXP_WARM_START=.false.
+++ config.base[120]EXP_WARM_START=.false.
+++ config.base[121]export assim_freq=6
+++ config.base[121]assim_freq=6
+++ config.base[122]export PSLOT=C48_ATM_c72db5b3
+++ config.base[122]PSLOT=C48_ATM_c72db5b3
+++ config.base[123]export EXPDIR=/work2/noaa/global/role-global/GFS_CI_CD/ORION/CI/3680/RUNTESTS/EXPDIR/C48_ATM_c72db5b3
+++ config.base[123]EXPDIR=/work2/noaa/global/role-global/GFS_CI_CD/ORION/CI/3680/RUNTESTS/EXPDIR/C48_ATM_c72db5b3
+++ config.base[124]export ROTDIR=/work2/noaa/global/role-global/GFS_CI_CD/ORION/CI/3680/RUNTESTS/COMROOT/C48_ATM_c72db5b3
+++ config.base[124]ROTDIR=/work2/noaa/global/role-global/GFS_CI_CD/ORION/CI/3680/RUNTESTS/COMROOT/C48_ATM_c72db5b3
+++ config.base[125]export ROTDIR_DUMP=YES
+++ config.base[125]ROTDIR_DUMP=YES
+++ config.base[126]export DUMP_SUFFIX=
+++ config.base[126]DUMP_SUFFIX=
+++ config.base[127][[ 2021032312 -ge 2019092100 ]]
+++ config.base[127][[ 2021032312 -le 2019110700 ]]
+++ config.base[130]export ARCDIR=/work2/noaa/global/role-global/archive/C48_ATM_c72db5b3
+++ config.base[130]ARCDIR=/work2/noaa/global/role-global/archive/C48_ATM_c72db5b3
+++ config.base[131]export ATARDIR=/NCEPDEV/emc-global/1year/role-global/ORION/scratch/C48_ATM_c72db5b3
+++ config.base[131]ATARDIR=/NCEPDEV/emc-global/1year/role-global/ORION/scratch/C48_ATM_c72db5b3
+++ config.base[132]export FETCHDIR=/NCEPDEV/emc-global/1year/David.Grumm/test_data
+++ config.base[132]FETCHDIR=/NCEPDEV/emc-global/1year/David.Grumm/test_data
+++ config.base[135]export envir=prod
+++ config.base[135]envir=prod
+++ config.base[136]export NET=gfs
+++ config.base[136]NET=gfs
+++ config.base[137]export RUN=gfs
+++ config.base[137]RUN=gfs
+++ config.base[140]source /work2/noaa/global/role-global/GFS_CI_CD/ORION/CI/3680/RUNTESTS/EXPDIR/C48_ATM_c72db5b3/config.com
++++ config.com[4]echo 'BEGIN: config.com'
BEGIN: config.com
++++ config.com[37][[ emc == \n\c\o ]]
++++ config.com[41]COM_OBS_TMPL='${ROTDIR}/${RUN}.${YMD}/${HH}/obs'
++++ config.com[42]COM_RTOFS_TMPL='${DMPDIR}'
++++ config.com[44]declare -rx COM_OBS_TMPL COM_RTOFS_TMPL
++++ config.com[45]declare -rx 'COM_OBSDMP_TMPL=${DMPDIR}/${DUMP}${DUMP_SUFFIX}.${YMD}/${HH}/atmos'
++++ config.com[47]COM_BASE='${ROTDIR}/${RUN}.${YMD}/${HH}/${MEMDIR}'
++++ config.com[49]declare -rx 'COM_TOP_TMPL=${ROTDIR}/${RUN}.${YMD}/${HH}'
++++ config.com[51]declare -rx 'COM_CONF_TMPL=${ROTDIR}/${RUN}.${YMD}/${HH}/${MEMDIR}/conf'
++++ config.com[52]declare -rx 'COM_OBS_JEDI=${ROTDIR}/${RUN}.${YMD}/${HH}/${MEMDIR}/obs_jedi'
++++ config.com[54]declare -rx 'COM_ATMOS_INPUT_TMPL=${ROTDIR}/${RUN}.${YMD}/${HH}/${MEMDIR}/model/atmos/input'
++++ config.com[55]declare -rx 'COM_ATMOS_RESTART_TMPL=${ROTDIR}/${RUN}.${YMD}/${HH}/${MEMDIR}/model/atmos/restart'
++++ config.com[56]declare -rx 'COM_ATMOS_ANALYSIS_TMPL=${ROTDIR}/${RUN}.${YMD}/${HH}/${MEMDIR}/analysis/atmos'
++++ config.com[57]declare -rx 'COM_SNOW_ANALYSIS_TMPL=${ROTDIR}/${RUN}.${YMD}/${HH}/${MEMDIR}/analysis/snow'
++++ config.com[58]declare -rx 'COM_SNOW_ANLMON_TMPL=${ROTDIR}/${RUN}.${YMD}/${HH}/${MEMDIR}/products/snow/anlmon'
++++ config.com[59]declare -rx 'COM_ATMOS_HISTORY_TMPL=${ROTDIR}/${RUN}.${YMD}/${HH}/${MEMDIR}/model/atmos/history'
++++ config.com[60]declare -rx 'COM_ATMOS_MASTER_TMPL=${ROTDIR}/${RUN}.${YMD}/${HH}/${MEMDIR}/model/atmos/master'
++++ config.com[61]declare -rx 'COM_ATMOS_GRIB_TMPL=${ROTDIR}/${RUN}.${YMD}/${HH}/${MEMDIR}/products/atmos/grib2'
++++ config.com[62]declare -rx 'COM_ATMOS_GRIB_GRID_TMPL=${ROTDIR}/${RUN}.${YMD}/${HH}/${MEMDIR}/products/atmos/grib2/${GRID}'
++++ config.com[63]declare -rx 'COM_ATMOS_BUFR_TMPL=${ROTDIR}/${RUN}.${YMD}/${HH}/${MEMDIR}/products/atmos/bufr'
++++ config.com[64]declare -rx 'COM_ATMOS_GEMPAK_TMPL=${ROTDIR}/${RUN}.${YMD}/${HH}/${MEMDIR}/products/atmos/gempak/${GRID}'
++++ config.com[65]declare -rx 'COM_ATMOS_GENESIS_TMPL=${ROTDIR}/${RUN}.${YMD}/${HH}/${MEMDIR}/products/atmos/cyclone/genesis_vital'
++++ config.com[66]declare -rx 'COM_ATMOS_TRACK_TMPL=${ROTDIR}/${RUN}.${YMD}/${HH}/${MEMDIR}/products/atmos/cyclone/tracks'
++++ config.com[67]declare -rx 'COM_ATMOS_GOES_TMPL=${ROTDIR}/${RUN}.${YMD}/${HH}/${MEMDIR}/products/atmos/goes_sim'
++++ config.com[68]declare -rx 'COM_ATMOS_IMAGERY_TMPL=${ROTDIR}/${RUN}.${YMD}/${HH}/${MEMDIR}/products/atmos/imagery'
++++ config.com[69]declare -rx 'COM_ATMOS_OZNMON_TMPL=${ROTDIR}/${RUN}.${YMD}/${HH}/${MEMDIR}/products/atmos/oznmon'
++++ config.com[70]declare -rx 'COM_ATMOS_RADMON_TMPL=${ROTDIR}/${RUN}.${YMD}/${HH}/${MEMDIR}/products/atmos/radmon'
++++ config.com[71]declare -rx 'COM_ATMOS_MINMON_TMPL=${ROTDIR}/${RUN}.${YMD}/${HH}/${MEMDIR}/products/atmos/minmon'
++++ config.com[72]declare -rx 'COM_ATMOS_ANLMON_TMPL=${ROTDIR}/${RUN}.${YMD}/${HH}/${MEMDIR}/products/atmos/anlmon'
++++ config.com[73]declare -rx 'COM_ATMOS_WMO_TMPL=${ROTDIR}/${RUN}.${YMD}/${HH}/${MEMDIR}/products/atmos/wmo'
++++ config.com[75]declare -rx 'COM_WAVE_RESTART_TMPL=${ROTDIR}/${RUN}.${YMD}/${HH}/${MEMDIR}/model/wave/restart'
++++ config.com[76]declare -rx 'COM_WAVE_PREP_TMPL=${ROTDIR}/${RUN}.${YMD}/${HH}/${MEMDIR}/model/wave/prep'
++++ config.com[77]declare -rx 'COM_WAVE_HISTORY_TMPL=${ROTDIR}/${RUN}.${YMD}/${HH}/${MEMDIR}/model/wave/history'
++++ config.com[78]declare -rx 'COM_WAVE_GRID_TMPL=${ROTDIR}/${RUN}.${YMD}/${HH}/${MEMDIR}/products/wave/gridded'
++++ config.com[79]declare -rx 'COM_WAVE_GRID_RES_TMPL=${ROTDIR}/${RUN}.${YMD}/${HH}/${MEMDIR}/products/wave/gridded/${GRDRESNAME}'
++++ config.com[80]declare -rx 'COM_WAVE_STATION_TMPL=${ROTDIR}/${RUN}.${YMD}/${HH}/${MEMDIR}/products/wave/station'
++++ config.com[81]declare -rx 'COM_WAVE_GEMPAK_TMPL=${ROTDIR}/${RUN}.${YMD}/${HH}/${MEMDIR}/products/wave/gempak'
++++ config.com[82]declare -rx 'COM_WAVE_WMO_TMPL=${ROTDIR}/${RUN}.${YMD}/${HH}/${MEMDIR}/products/wave/wmo'
++++ config.com[84]declare -rx 'COM_OCEAN_HISTORY_TMPL=${ROTDIR}/${RUN}.${YMD}/${HH}/${MEMDIR}/model/ocean/history'
++++ config.com[85]declare -rx 'COM_OCEAN_RESTART_TMPL=${ROTDIR}/${RUN}.${YMD}/${HH}/${MEMDIR}/model/ocean/restart'
++++ config.com[86]declare -rx 'COM_OCEAN_INPUT_TMPL=${ROTDIR}/${RUN}.${YMD}/${HH}/${MEMDIR}/model/ocean/input'
++++ config.com[87]declare -rx 'COM_OCEAN_ANALYSIS_TMPL=${ROTDIR}/${RUN}.${YMD}/${HH}/${MEMDIR}/analysis/ocean'
++++ config.com[88]declare -rx 'COM_OCEAN_ANLMON_TMPL=${ROTDIR}/${RUN}.${YMD}/${HH}/${MEMDIR}/products/ocean/anlmon'
++++ config.com[89]declare -rx 'COM_OCEAN_LETKF_TMPL=${ROTDIR}/${RUN}.${YMD}/${HH}/${MEMDIR}/analysis/ocean/letkf'
++++ config.com[90]declare -rx 'COM_OCEAN_BMATRIX_TMPL=${ROTDIR}/${RUN}.${YMD}/${HH}/${MEMDIR}/bmatrix/ocean'
++++ config.com[91]declare -rx 'COM_OCEAN_NETCDF_TMPL=${ROTDIR}/${RUN}.${YMD}/${HH}/${MEMDIR}/products/ocean/netcdf'
++++ config.com[92]declare -rx 'COM_OCEAN_GRIB_TMPL=${ROTDIR}/${RUN}.${YMD}/${HH}/${MEMDIR}/products/ocean/grib2'
++++ config.com[93]declare -rx 'COM_OCEAN_GRIB_GRID_TMPL=${ROTDIR}/${RUN}.${YMD}/${HH}/${MEMDIR}/products/ocean/grib2/${GRID}'
++++ config.com[95]declare -rx 'COM_ICE_ANALYSIS_TMPL=${ROTDIR}/${RUN}.${YMD}/${HH}/${MEMDIR}/analysis/ice'
++++ config.com[96]declare -rx 'COM_ICE_LETKF_TMPL=${ROTDIR}/${RUN}.${YMD}/${HH}/${MEMDIR}/analysis/ice/letkf'
++++ config.com[97]declare -rx 'COM_ICE_ANLMON_TMPL=${ROTDIR}/${RUN}.${YMD}/${HH}/${MEMDIR}/products/ice/anlmon'
++++ config.com[98]declare -rx 'COM_ICE_BMATRIX_TMPL=${ROTDIR}/${RUN}.${YMD}/${HH}/${MEMDIR}/bmatrix/ice'
++++ config.com[99]declare -rx 'COM_ICE_INPUT_TMPL=${ROTDIR}/${RUN}.${YMD}/${HH}/${MEMDIR}/model/ice/input'
++++ config.com[100]declare -rx 'COM_ICE_HISTORY_TMPL=${ROTDIR}/${RUN}.${YMD}/${HH}/${MEMDIR}/model/ice/history'
++++ config.com[101]declare -rx 'COM_ICE_RESTART_TMPL=${ROTDIR}/${RUN}.${YMD}/${HH}/${MEMDIR}/model/ice/restart'
++++ config.com[102]declare -rx 'COM_ICE_NETCDF_TMPL=${ROTDIR}/${RUN}.${YMD}/${HH}/${MEMDIR}/products/ice/netcdf'
++++ config.com[103]declare -rx 'COM_ICE_GRIB_TMPL=${ROTDIR}/${RUN}.${YMD}/${HH}/${MEMDIR}/products/ice/grib2'
++++ config.com[104]declare -rx 'COM_ICE_GRIB_GRID_TMPL=${ROTDIR}/${RUN}.${YMD}/${HH}/${MEMDIR}/products/ice/grib2/${GRID}'
++++ config.com[106]declare -rx 'COM_CHEM_HISTORY_TMPL=${ROTDIR}/${RUN}.${YMD}/${HH}/${MEMDIR}/model/chem/history'
++++ config.com[107]declare -rx 'COM_CHEM_ANALYSIS_TMPL=${ROTDIR}/${RUN}.${YMD}/${HH}/${MEMDIR}/analysis/chem'
++++ config.com[108]declare -rx 'COM_CHEM_BMAT_TMPL=${ROTDIR}/${RUN}.${YMD}/${HH}/${MEMDIR}/analysis/chem/bmatrix'
++++ config.com[109]declare -rx 'COM_CHEM_ANLMON_TMPL=${ROTDIR}/${RUN}.${YMD}/${HH}/${MEMDIR}/products/chem/anlmon'
++++ config.com[111]declare -rx 'COM_MED_RESTART_TMPL=${ROTDIR}/${RUN}.${YMD}/${HH}/${MEMDIR}/model/med/restart'
+++ config.base[143]export 'ERRSCRIPT=eval [[ $err = 0 ]]'
+++ config.base[143]ERRSCRIPT='eval [[ $err = 0 ]]'
+++ config.base[144]export LOGSCRIPT=
+++ config.base[144]LOGSCRIPT=
+++ config.base[147]export 'REDOUT=1>'
+++ config.base[147]REDOUT='1>'
+++ config.base[148]export 'REDERR=2>'
+++ config.base[148]REDERR='2>'
+++ config.base[150]export SENDECF=NO
+++ config.base[150]SENDECF=NO
+++ config.base[151]export SENDSDM=NO
+++ config.base[151]SENDSDM=NO
+++ config.base[152]export SENDDBN_NTC=NO
+++ config.base[152]SENDDBN_NTC=NO
+++ config.base[153]export SENDDBN=NO
+++ config.base[153]SENDDBN=NO
+++ config.base[154]export DBNROOT=/work/noaa/epic/role-epic/spack-stack/orion/spack-stack-1.6.0/envs/unified-env-rocky9/install/intel/2021.9.0/prod-util-2.1.1-g53ohf4/fakedbn
+++ config.base[154]DBNROOT=/work/noaa/epic/role-epic/spack-stack/orion/spack-stack-1.6.0/envs/unified-env-rocky9/install/intel/2021.9.0/prod-util-2.1.1-g53ohf4/fakedbn
+++ config.base[157]export APP=ATM
+++ config.base[157]APP=ATM
+++ config.base[159]shopt -s extglob
+++ config.base[162]case "${RUN}" in
+++ config.base[169]shopt -u extglob
+++ config.base[172]export DO_ATM=YES
+++ config.base[172]DO_ATM=YES
+++ config.base[173]export DO_COUPLED=NO
+++ config.base[173]DO_COUPLED=NO
+++ config.base[174]export DO_WAVE=NO
+++ config.base[174]DO_WAVE=NO
+++ config.base[175]export DO_OCN=NO
+++ config.base[175]DO_OCN=NO
+++ config.base[176]export DO_ICE=NO
+++ config.base[176]DO_ICE=NO
+++ config.base[177]DO_AERO=NO
+++ config.base[178]export DO_PREP_OBS_AERO=NO
+++ config.base[178]DO_PREP_OBS_AERO=NO
+++ config.base[179]aero_fcst_runs=gdas
+++ config.base[180]aero_anl_runs='gdas gfs'
+++ config.base[181]export DO_AERO_FCST=NO
+++ config.base[181]DO_AERO_FCST=NO
+++ config.base[182]export DO_AERO_ANL=NO
+++ config.base[182]DO_AERO_ANL=NO
+++ config.base[183]export DOBNDPNT_WAVE=NO
+++ config.base[183]DOBNDPNT_WAVE=NO
+++ config.base[184]export DOIBP_WAV=NO
+++ config.base[184]DOIBP_WAV=NO
+++ config.base[185]export FRAC_GRID=.true.
+++ config.base[185]FRAC_GRID=.true.
+++ config.base[186]export DO_NEST=NO
+++ config.base[186]DO_NEST=NO
+++ config.base[187][[ NO == \Y\E\S ]]
+++ config.base[193]export ntiles=6
+++ config.base[193]ntiles=6
+++ config.base[194]export FIXugwd=/work2/noaa/global/role-global/GFS_CI_CD/ORION/CI/3680/global-workflow/fix/ugwd
+++ config.base[194]FIXugwd=/work2/noaa/global/role-global/GFS_CI_CD/ORION/CI/3680/global-workflow/fix/ugwd
+++ config.base[195]export FIXorog=/work2/noaa/global/role-global/GFS_CI_CD/ORION/CI/3680/global-workflow/fix/orog
+++ config.base[195]FIXorog=/work2/noaa/global/role-global/GFS_CI_CD/ORION/CI/3680/global-workflow/fix/orog
+++ config.base[199]export OPS_RES=C768
+++ config.base[199]OPS_RES=C768
+++ config.base[202]export LEVS=128
+++ config.base[202]LEVS=128
+++ config.base[203]export CASE=C48
+++ config.base[203]CASE=C48
+++ config.base[204]export 'CASE_ENS={{ CASE_ENS }}'
+++ config.base[204]CASE_ENS='{{ CASE_ENS }}'
+++ config.base[205]export OCNRES=500
+++ config.base[205]OCNRES=500
+++ config.base[206]export ICERES=500
+++ config.base[206]ICERES=500
+++ config.base[209]case "${CASE}" in
+++ config.base[211]export waveGRD=uglo_100km
+++ config.base[211]waveGRD=uglo_100km
+++ config.base[228]case "${APP}" in
+++ config.base[263][[ NO == \Y\E\S ]]
+++ config.base[273][[ gfs =~ gdas ]]
+++ config.base[276][[ gfs =~ gfs ]]
+++ config.base[277]export FHCYC=24
+++ config.base[277]FHCYC=24
+++ config.base[281]export FHMIN=0
+++ config.base[281]FHMIN=0
+++ config.base[282]export FHMAX=9
+++ config.base[282]FHMAX=9
+++ config.base[283]export FHOUT=3
+++ config.base[283]FHOUT=3
+++ config.base[284]export FHOUT_OCN=3
+++ config.base[284]FHOUT_OCN=3
+++ config.base[285]export FHOUT_ICE=3
+++ config.base[285]FHOUT_ICE=3
+++ config.base[286]export FHOUT_AERO=3
+++ config.base[286]FHOUT_AERO=3
+++ config.base[289]export EUPD_CYC=gdas
+++ config.base[289]EUPD_CYC=gdas
+++ config.base[292]export INTERVAL_GFS=6
+++ config.base[292]INTERVAL_GFS=6
+++ config.base[293]export SDATE_GFS=2021032312
+++ config.base[293]SDATE_GFS=2021032312
+++ config.base[296]export FHMIN_GFS=0
+++ config.base[296]FHMIN_GFS=0
+++ config.base[297]export FHMAX_GFS=120
+++ config.base[297]FHMAX_GFS=120
+++ config.base[299]breakpnts=
+++ config.base[300]export FCST_SEGMENTS=0,120
+++ config.base[300]FCST_SEGMENTS=0,120
+++ config.base[301]export FHOUT_GFS=3
+++ config.base[301]FHOUT_GFS=3
+++ config.base[302]export FHMAX_HF_GFS=0
+++ config.base[302]FHMAX_HF_GFS=0
+++ config.base[303]export FHOUT_HF_GFS=1
+++ config.base[303]FHOUT_HF_GFS=1
+++ config.base[304]export FHOUT_OCN_GFS=6
+++ config.base[304]FHOUT_OCN_GFS=6
+++ config.base[305]export FHOUT_ICE_GFS=6
+++ config.base[305]FHOUT_ICE_GFS=6
+++ config.base[306]export FHMIN_WAV=0
+++ config.base[306]FHMIN_WAV=0
+++ config.base[307]export FHOUT_WAV=3
+++ config.base[307]FHOUT_WAV=3
+++ config.base[308]export FHMAX_HF_WAV=120
+++ config.base[308]FHMAX_HF_WAV=120
+++ config.base[309]export FHOUT_HF_WAV=1
+++ config.base[309]FHOUT_HF_WAV=1
+++ config.base[310]export FHMAX_WAV=9
+++ config.base[310]FHMAX_WAV=9
+++ config.base[311]export FHMAX_WAV_GFS=120
+++ config.base[311]FHMAX_WAV_GFS=120
+++ config.base[312]export FHMAX_HF_GFS=0
+++ config.base[312]FHMAX_HF_GFS=0
+++ config.base[313]export FHMAX_WAV=9
+++ config.base[313]FHMAX_WAV=9
+++ config.base[314]export FHMAX_WAV_GFS=120
+++ config.base[314]FHMAX_WAV_GFS=120
+++ config.base[315]export FHMAX_HF_WAV=120
+++ config.base[315]FHMAX_HF_WAV=120
+++ config.base[318]export ILPOST=1
+++ config.base[318]ILPOST=1
+++ config.base[319]((  FHMAX_HF_GFS < 120  ))
+++ config.base[320]export ILPOST=3
+++ config.base[320]ILPOST=3
+++ config.base[324]export FHMAX_GOES=180
+++ config.base[324]FHMAX_GOES=180
+++ config.base[325]export FHOUT_GOES=3
+++ config.base[325]FHOUT_GOES=3
+++ config.base[326]((  FHMAX_GOES > FHMAX_GFS  ))
+++ config.base[327]export FHMAX_GOES=120
+++ config.base[327]FHMAX_GOES=120
+++ config.base[331]export restart_interval_gfs=12
+++ config.base[331]restart_interval_gfs=12
+++ config.base[336]export QUILTING=.true.
+++ config.base[336]QUILTING=.true.
+++ config.base[337]export OUTPUT_GRID=gaussian_grid
+++ config.base[337]OUTPUT_GRID=gaussian_grid
+++ config.base[338]export WRITE_DOPOST=.true.
+++ config.base[338]WRITE_DOPOST=.true.
+++ config.base[339]export WRITE_NSFLIP=.true.
+++ config.base[339]WRITE_NSFLIP=.true.
+++ config.base[342]export DOIAU=YES
+++ config.base[342]DOIAU=YES
+++ config.base[343]export IAUFHRS=3,6,9
+++ config.base[343]IAUFHRS=3,6,9
+++ config.base[344]export IAU_FHROT=3
+++ config.base[344]IAU_FHROT=3
+++ config.base[345]export IAU_DELTHRS=6
+++ config.base[345]IAU_DELTHRS=6
+++ config.base[346]export IAU_OFFSET=6
+++ config.base[346]IAU_OFFSET=6
+++ config.base[347]export DOIAU_ENKF=YES
+++ config.base[347]DOIAU_ENKF=YES
+++ config.base[348]export IAUFHRS_ENKF=3,6,9
+++ config.base[348]IAUFHRS_ENKF=3,6,9
+++ config.base[349]export IAU_DELTHRS_ENKF=6
+++ config.base[349]IAU_DELTHRS_ENKF=6
+++ config.base[352]export lobsdiag_forenkf=.true.
+++ config.base[352]lobsdiag_forenkf=.true.
+++ config.base[360]export imp_physics=8
+++ config.base[360]imp_physics=8
+++ config.base[364]export DO_JEDIATMVAR=NO
+++ config.base[364]DO_JEDIATMVAR=NO
+++ config.base[365]export DO_JEDIATMENS=NO
+++ config.base[365]DO_JEDIATMENS=NO
+++ config.base[366]export DO_JEDIOCNVAR=NO
+++ config.base[366]DO_JEDIOCNVAR=NO
+++ config.base[367]export DO_JEDISNOWDA=NO
+++ config.base[367]DO_JEDISNOWDA=NO
+++ config.base[368]export DO_MERGENSST=NO
+++ config.base[368]DO_MERGENSST=NO
+++ config.base[369]export DO_STARTMEM_FROM_JEDIICE=NO
+++ config.base[369]DO_STARTMEM_FROM_JEDIICE=NO
+++ config.base[372]export 'DOHYBVAR={{ DOHYBVAR }}'
+++ config.base[372]DOHYBVAR='{{ DOHYBVAR }}'
+++ config.base[373]export DOHYBVAR_OCN=NO
+++ config.base[373]DOHYBVAR_OCN=NO
+++ config.base[374]export DOLETKF_OCN=NO
+++ config.base[374]DOLETKF_OCN=NO
+++ config.base[375]export NMEM_ENS=0
+++ config.base[375]NMEM_ENS=0
+++ config.base[376]export SMOOTH_ENKF=NO
+++ config.base[376]SMOOTH_ENKF=NO
+++ config.base[377]export l4densvar=.true.
+++ config.base[377]l4densvar=.true.
+++ config.base[378]export lwrite4danl=.true.
+++ config.base[378]lwrite4danl=.true.
+++ config.base[379]export DO_CALC_INCREMENT=NO
+++ config.base[379]DO_CALC_INCREMENT=NO
+++ config.base[382]export NMEM_ENS_GFS=30
+++ config.base[382]NMEM_ENS_GFS=30
+++ config.base[383]export NMEM_ENS_GFS_OFFSET=20
+++ config.base[383]NMEM_ENS_GFS_OFFSET=20
+++ config.base[384]export DO_CALC_INCREMENT_ENKF_GFS=NO
+++ config.base[384]DO_CALC_INCREMENT_ENKF_GFS=NO
+++ config.base[387][[ {{ DOHYBVAR }} = \Y\E\S ]]
+++ config.base[401][[ {{ DOHYBVAR }} == \N\O ]]
+++ config.base[409]export ENKF_SPREAD=YES
+++ config.base[409]ENKF_SPREAD=YES
+++ config.base[412][[ forecast-only = \c\y\c\l\e\d ]]
+++ config.base[412][[ YES = \N\O ]]
+++ config.base[412][[ forecast-only = \f\o\r\e\c\a\s\t\-\o\n\l\y ]]
+++ config.base[412][[ .false. = \.\f\a\l\s\e\. ]]
+++ config.base[413]export IAU_OFFSET=0
+++ config.base[413]IAU_OFFSET=0
+++ config.base[414]export IAU_FHROT=0
+++ config.base[414]IAU_FHROT=0
+++ config.base[415]export IAUFHRS=6,
+++ config.base[415]IAUFHRS=6,
+++ config.base[418][[ YES = \N\O ]]
+++ config.base[422][[ YES == \Y\E\S ]]
+++ config.base[423]export restart_interval_enkfgdas=3
+++ config.base[423]restart_interval_enkfgdas=3
+++ config.base[428]export restart_interval_enkfgfs=3
+++ config.base[428]restart_interval_enkfgfs=3
+++ config.base[430][[ YES == \Y\E\S ]]
+++ config.base[431]export restart_interval_gdas=3
+++ config.base[431]restart_interval_gdas=3
+++ config.base[436]export DO_GSISOILDA=NO
+++ config.base[436]DO_GSISOILDA=NO
+++ config.base[439]export DONST=YES
+++ config.base[439]DONST=YES
+++ config.base[440][[ YES = \Y\E\S ]]
+++ config.base[440]export 'FNTSFA=        '
+++ config.base[440]FNTSFA='        '
+++ config.base[443]export nst_anl=.true.
+++ config.base[443]nst_anl=.true.
+++ config.base[446]export MAKE_NSSTBUFR=NO
+++ config.base[446]MAKE_NSSTBUFR=NO
+++ config.base[449]export MAKE_ACFTBUFR=NO
+++ config.base[449]MAKE_ACFTBUFR=NO
+++ config.base[452]export 'INCREMENTS_TO_ZERO='\''liq_wat_inc'\'','\''icmr_inc'\'','\''rwmr_inc'\'','\''snmr_inc'\'','\''grle_inc'\'''
+++ config.base[452]INCREMENTS_TO_ZERO=''\''liq_wat_inc'\'','\''icmr_inc'\'','\''rwmr_inc'\'','\''snmr_inc'\'','\''grle_inc'\'''
+++ config.base[455]export 'INCVARS_ZERO_STRAT='\''sphum_inc'\'','\''liq_wat_inc'\'','\''icmr_inc'\'','\''rwmr_inc'\'','\''snmr_inc'\'','\''grle_inc'\'''
+++ config.base[455]INCVARS_ZERO_STRAT=''\''sphum_inc'\'','\''liq_wat_inc'\'','\''icmr_inc'\'','\''rwmr_inc'\'','\''snmr_inc'\'','\''grle_inc'\'''
+++ config.base[456]export INCVARS_EFOLD=5
+++ config.base[456]INCVARS_EFOLD=5
+++ config.base[461]export netcdf_diag=.true.
+++ config.base[461]netcdf_diag=.true.
+++ config.base[462]export binary_diag=.false.
+++ config.base[462]binary_diag=.false.
+++ config.base[465]export DO_CA=YES
+++ config.base[465]DO_CA=YES
+++ config.base[468]export DO_METP=NO
+++ config.base[468]DO_METP=NO
+++ config.base[469]export DO_FIT2OBS=YES
+++ config.base[469]DO_FIT2OBS=YES
+++ config.base[472]export FHMAX_FITS=132
+++ config.base[472]FHMAX_FITS=132
+++ config.base[473][[ 132 -gt 120 ]]
+++ config.base[474]export FHMAX_FITS=120
+++ config.base[474]FHMAX_FITS=120
+++ config.base[479]export DO_FETCH_HPSS=NO
+++ config.base[479]DO_FETCH_HPSS=NO
+++ config.base[480]export DO_FETCH_LOCAL=NO
+++ config.base[480]DO_FETCH_LOCAL=NO
+++ config.base[483]export DO_ARCHCOM=NO
+++ config.base[483]DO_ARCHCOM=NO
+++ config.base[484]export ARCHCOM_TO=globus_hpss
+++ config.base[484]ARCHCOM_TO=globus_hpss
+++ config.base[487]export CLIENT_GLOBUS_UUID=869912fe-f6de-46c0-af10-b22efd84a022
+++ config.base[487]CLIENT_GLOBUS_UUID=869912fe-f6de-46c0-af10-b22efd84a022
+++ config.base[490][[ NO = \Y\E\S ]]
+++ config.base[497][[ NO = \Y\E\S ]]
+++ config.base[497][[ NO = \Y\E\S ]]
+++ config.base[497][[ NO = \Y\E\S\  ]]
+++ config.base[503]export REPLAY_ICS=NO
+++ config.base[503]REPLAY_ICS=NO
+++ config.base[504]export OFFSET_START_HOUR=0
+++ config.base[504]OFFSET_START_HOUR=0
+++ config.base[507]export NUM_SND_COLLECTIVES=9
+++ config.base[507]NUM_SND_COLLECTIVES=9
+++ config.base[509]echo 'END: config.base'
END: config.base
++ jjob_header.sh[106]true
++ jjob_header.sh[107]export err=0
++ jjob_header.sh[107]err=0
++ jjob_header.sh[108]set +x
 completed cleanly
++ jjob_header.sh[105]for config in "${configs[@]:-''}"
++ jjob_header.sh[106]source /work2/noaa/global/role-global/GFS_CI_CD/ORION/CI/3680/RUNTESTS/EXPDIR/C48_ATM_c72db5b3/config.atmos_products
+++ config.atmos_products[6]echo 'BEGIN: config.atmos_products'
BEGIN: config.atmos_products
+++ config.atmos_products[9]. /work2/noaa/global/role-global/GFS_CI_CD/ORION/CI/3680/RUNTESTS/EXPDIR/C48_ATM_c72db5b3/config.resources atmos_products
++++ config.resources[10]((  1 != 1  ))
++++ config.resources[34]step=atmos_products
++++ config.resources[36]echo 'BEGIN: config.resources'
BEGIN: config.resources
++++ config.resources[38]case ${machine} in
++++ config.resources[61]max_tasks_per_node=40
++++ config.resources[63]mem_node_max=180GB
++++ config.resources[106]export max_tasks_per_node
++++ config.resources[108]case ${step} in
++++ config.resources[1005]walltime=00:15:00
++++ config.resources[1006]ntasks=24
++++ config.resources[1007]threads_per_task=1
++++ config.resources[1008]tasks_per_node=24
++++ config.resources[1009]export is_exclusive=True
++++ config.resources[1009]is_exclusive=True
++++ config.resources[1376][[ -f /work2/noaa/global/role-global/GFS_CI_CD/ORION/CI/3680/RUNTESTS/EXPDIR/C48_ATM_c72db5b3/config.resources.ORION ]]
++++ config.resources[1377]source /work2/noaa/global/role-global/GFS_CI_CD/ORION/CI/3680/RUNTESTS/EXPDIR/C48_ATM_c72db5b3/config.resources.ORION
+++++ config.resources.ORION[5]case ${step} in
++++ config.resources[1381]for resource_var in threads_per_task ntasks tasks_per_node NTASKS memory walltime
++++ config.resources[1382]run_resource_var=threads_per_task_gfs
++++ config.resources[1383][[ -n '' ]]
++++ config.resources[1385][[ -n 0 ]]
++++ config.resources[1386]export threads_per_task
++++ config.resources[1381]for resource_var in threads_per_task ntasks tasks_per_node NTASKS memory walltime
++++ config.resources[1382]run_resource_var=ntasks_gfs
++++ config.resources[1383][[ -n '' ]]
++++ config.resources[1385][[ -n 0 ]]
++++ config.resources[1386]export ntasks
++++ config.resources[1381]for resource_var in threads_per_task ntasks tasks_per_node NTASKS memory walltime
++++ config.resources[1382]run_resource_var=tasks_per_node_gfs
++++ config.resources[1383][[ -n '' ]]
++++ config.resources[1385][[ -n 0 ]]
++++ config.resources[1386]export tasks_per_node
++++ config.resources[1381]for resource_var in threads_per_task ntasks tasks_per_node NTASKS memory walltime
++++ config.resources[1382]run_resource_var=NTASKS_gfs
++++ config.resources[1383][[ -n '' ]]
++++ config.resources[1385][[ -n '' ]]
++++ config.resources[1381]for resource_var in threads_per_task ntasks tasks_per_node NTASKS memory walltime
++++ config.resources[1382]run_resource_var=memory_gfs
++++ config.resources[1383][[ -n '' ]]
++++ config.resources[1385][[ -n '' ]]
++++ config.resources[1381]for resource_var in threads_per_task ntasks tasks_per_node NTASKS memory walltime
++++ config.resources[1382]run_resource_var=walltime_gfs
++++ config.resources[1383][[ -n '' ]]
++++ config.resources[1385][[ -n 0 ]]
++++ config.resources[1386]export walltime
++++ config.resources[1390]echo 'END: config.resources'
END: config.resources
+++ config.atmos_products[12]export MAX_TASKS=25
+++ config.atmos_products[12]MAX_TASKS=25
+++ config.atmos_products[15]export INTERP_ATMOS_MASTERSH=/work2/noaa/global/role-global/GFS_CI_CD/ORION/CI/3680/global-workflow/ush/interp_atmos_master.sh
+++ config.atmos_products[15]INTERP_ATMOS_MASTERSH=/work2/noaa/global/role-global/GFS_CI_CD/ORION/CI/3680/global-workflow/ush/interp_atmos_master.sh
+++ config.atmos_products[16]export INTERP_ATMOS_SFLUXSH=/work2/noaa/global/role-global/GFS_CI_CD/ORION/CI/3680/global-workflow/ush/interp_atmos_sflux.sh
+++ config.atmos_products[16]INTERP_ATMOS_SFLUXSH=/work2/noaa/global/role-global/GFS_CI_CD/ORION/CI/3680/global-workflow/ush/interp_atmos_sflux.sh
+++ config.atmos_products[18][[ gfs == \g\d\a\s ]]
+++ config.atmos_products[24][[ gfs == \g\f\s ]]
+++ config.atmos_products[25]export downset=2
+++ config.atmos_products[25]downset=2
+++ config.atmos_products[26]export FHOUT_PGBS=3
+++ config.atmos_products[26]FHOUT_PGBS=3
+++ config.atmos_products[27]export FLXGF=YES
+++ config.atmos_products[27]FLXGF=YES
+++ config.atmos_products[28]export WGNE=YES
+++ config.atmos_products[28]WGNE=YES
+++ config.atmos_products[29]export FHMAX_WGNE=180
+++ config.atmos_products[29]FHMAX_WGNE=180
+++ config.atmos_products[32]export APCP_MSG=597
+++ config.atmos_products[32]APCP_MSG=597
+++ config.atmos_products[35]export paramlista=/work2/noaa/global/role-global/GFS_CI_CD/ORION/CI/3680/global-workflow/parm/product/gfs.fFFF.paramlist.a.txt
+++ config.atmos_products[35]paramlista=/work2/noaa/global/role-global/GFS_CI_CD/ORION/CI/3680/global-workflow/parm/product/gfs.fFFF.paramlist.a.txt
+++ config.atmos_products[36]export paramlista_anl=/work2/noaa/global/role-global/GFS_CI_CD/ORION/CI/3680/global-workflow/parm/product/gfs.anl.paramlist.a.txt
+++ config.atmos_products[36]paramlista_anl=/work2/noaa/global/role-global/GFS_CI_CD/ORION/CI/3680/global-workflow/parm/product/gfs.anl.paramlist.a.txt
+++ config.atmos_products[37]export paramlista_f000=/work2/noaa/global/role-global/GFS_CI_CD/ORION/CI/3680/global-workflow/parm/product/gfs.f000.paramlist.a.txt
+++ config.atmos_products[37]paramlista_f000=/work2/noaa/global/role-global/GFS_CI_CD/ORION/CI/3680/global-workflow/parm/product/gfs.f000.paramlist.a.txt
+++ config.atmos_products[38]export paramlistb=/work2/noaa/global/role-global/GFS_CI_CD/ORION/CI/3680/global-workflow/parm/product/gfs.fFFF.paramlist.b.txt
+++ config.atmos_products[38]paramlistb=/work2/noaa/global/role-global/GFS_CI_CD/ORION/CI/3680/global-workflow/parm/product/gfs.fFFF.paramlist.b.txt
+++ config.atmos_products[40]echo 'END: config.atmos_products'
END: config.atmos_products
++ jjob_header.sh[106]true
++ jjob_header.sh[107]export err=0
++ jjob_header.sh[107]err=0
++ jjob_header.sh[108]set +x
 completed cleanly
++ jjob_header.sh[117]source /work2/noaa/global/role-global/GFS_CI_CD/ORION/CI/3680/global-workflow/env/ORION.env atmos_products
+++ ORION.env[3][[ 1 -ne 1 ]]
+++ ORION.env[10]step=atmos_products
+++ ORION.env[12]export 'launcher=srun -l --export=ALL --hint=nomultithread'
+++ ORION.env[12]launcher='srun -l --export=ALL --hint=nomultithread'
+++ ORION.env[13]export 'mpmd_opt=--multi-prog --output=mpmd.%j.%t.out'
+++ ORION.env[13]mpmd_opt='--multi-prog --output=mpmd.%j.%t.out'
+++ ORION.env[16]export MPI_BUFS_PER_PROC=2048
+++ ORION.env[16]MPI_BUFS_PER_PROC=2048
+++ ORION.env[17]export MPI_BUFS_PER_HOST=2048
+++ ORION.env[17]MPI_BUFS_PER_HOST=2048
+++ ORION.env[18]export MPI_GROUP_MAX=256
+++ ORION.env[18]MPI_GROUP_MAX=256
+++ ORION.env[19]export MPI_MEMMAP_OFF=1
+++ ORION.env[19]MPI_MEMMAP_OFF=1
+++ ORION.env[20]export MP_STDOUTMODE=ORDERED
+++ ORION.env[20]MP_STDOUTMODE=ORDERED
+++ ORION.env[21]export KMP_AFFINITY=scatter
+++ ORION.env[21]KMP_AFFINITY=scatter
+++ ORION.env[22]export OMP_STACKSIZE=2048000
+++ ORION.env[22]OMP_STACKSIZE=2048000
+++ ORION.env[23]export NTHSTACK=1024000000
+++ ORION.env[23]NTHSTACK=1024000000
+++ ORION.env[26]ulimit -s unlimited
+++ ORION.env[27]ulimit -a
real-time non-blocking time  (microseconds, -R) unlimited
core file size              (blocks, -c) 0
data seg size               (kbytes, -d) unlimited
scheduling priority                 (-e) 0
file size                   (blocks, -f) unlimited
pending signals                     (-i) 758429
max locked memory           (kbytes, -l) unlimited
max memory size             (kbytes, -m) 192512000
open files                          (-n) 131072
pipe size                (512 bytes, -p) 8
POSIX message queues         (bytes, -q) 819200
real-time priority                  (-r) 0
stack size                  (kbytes, -s) unlimited
cpu time                   (seconds, -t) unlimited
max user processes                  (-u) 758429
virtual memory              (kbytes, -v) unlimited
file locks                          (-x) unlimited
+++ ORION.env[31][[ -n 24 ]]
+++ ORION.env[31][[ -n 40 ]]
+++ ORION.env[31][[ -n 24 ]]
+++ ORION.env[32]max_threads_per_task=1
+++ ORION.env[33]NTHREADSmax=1
+++ ORION.env[34]NTHREADS1=1
+++ ORION.env[35][[ 1 -gt 1 ]]
+++ ORION.env[38][[ 1 -gt 1 ]]
+++ ORION.env[41]APRUN_default='srun -l --export=ALL --hint=nomultithread -n 24'
+++ ORION.env[47][[ atmos_products = \p\r\e\p ]]
+++ ORION.env[47][[ atmos_products = \p\r\e\p\b\u\f\r ]]
+++ ORION.env[54][[ atmos_products = \p\r\e\p\_\e\m\i\s\s\i\o\n\s ]]
+++ ORION.env[58][[ atmos_products = \w\a\v\e\i\n\i\t ]]
+++ ORION.env[58][[ atmos_products = \w\a\v\e\p\r\e\p ]]
+++ ORION.env[58][[ atmos_products = \w\a\v\e\p\o\s\t\s\b\s ]]
+++ ORION.env[59][[ atmos_products = \w\a\v\e\p\o\s\t\b\n\d\p\n\t ]]
+++ ORION.env[59][[ atmos_products = \w\a\v\e\p\o\s\t\p\n\t ]]
+++ ORION.env[59][[ atmos_products == \w\a\v\e\p\o\s\t\b\n\d\p\n\t\b\l\l ]]
+++ ORION.env[66][[ atmos_products = \a\t\m\a\n\l\v\a\r ]]
+++ ORION.env[71][[ atmos_products = \a\t\m\e\n\s\a\n\l\o\b\s ]]
+++ ORION.env[76][[ atmos_products = \a\t\m\e\n\s\a\n\l\s\o\l ]]
+++ ORION.env[80][[ atmos_products = \a\t\m\e\n\s\a\n\l\l\e\t\k\f ]]
+++ ORION.env[85][[ atmos_products = \a\t\m\e\n\s\a\n\l\f\v\3\i\n\c ]]
+++ ORION.env[90][[ atmos_products = \a\e\r\o\a\n\l\v\a\r ]]
+++ ORION.env[97][[ atmos_products = \a\e\r\o\a\n\l\g\e\n\b ]]
+++ ORION.env[102][[ atmos_products = \p\r\e\p\o\b\s\a\e\r\o ]]
+++ ORION.env[107][[ atmos_products = \s\n\o\w\a\n\l ]]
+++ ORION.env[116][[ atmos_products = \e\s\n\o\w\a\n\l ]]
+++ ORION.env[125][[ atmos_products = \a\t\m\a\n\l\f\v\3\i\n\c ]]
+++ ORION.env[130][[ atmos_products = \m\a\r\i\n\e\b\m\a\t ]]
+++ ORION.env[137][[ atmos_products = \m\a\r\i\n\e\a\n\l\v\a\r ]]
+++ ORION.env[143][[ atmos_products = \m\a\r\i\n\e\a\n\l\c\h\k\p\t ]]
+++ ORION.env[151][[ atmos_products = \o\c\n\a\n\a\l\e\c\e\n ]]
+++ ORION.env[156][[ atmos_products = \m\a\r\i\n\e\a\n\l\l\e\t\k\f ]]
+++ ORION.env[161][[ atmos_products = \a\n\l\s\t\a\t ]]
+++ ORION.env[166][[ atmos_products = \e\c\e\n\_\f\v\3\j\e\d\i ]]
+++ ORION.env[172][[ atmos_products = \a\n\a\l\c\a\l\c\_\f\v\3\j\e\d\i ]]
+++ ORION.env[177][[ atmos_products = \a\n\a\l ]]
+++ ORION.env[177][[ atmos_products = \a\n\a\l\c\a\l\c ]]
+++ ORION.env[206][[ atmos_products = \s\f\c\a\n\l ]]
+++ ORION.env[217][[ atmos_products = \e\o\b\s ]]
+++ ORION.env[232][[ atmos_products = \e\u\p\d ]]
+++ ORION.env[241][[ atmos_products = \f\c\s\t ]]
+++ ORION.env[241][[ atmos_products = \e\f\c\s ]]
+++ ORION.env[251][[ atmos_products = \u\p\p ]]
+++ ORION.env[256][[ atmos_products = \a\t\m\o\s\_\p\r\o\d\u\c\t\s ]]
+++ ORION.env[258]export USE_CFP=YES
+++ ORION.env[258]USE_CFP=YES
++ jjob_header.sh[117]true
++ jjob_header.sh[118]export err=0
++ jjob_header.sh[118]err=0
++ jjob_header.sh[119]set +x
 completed cleanly
+ JGLOBAL_ATMOS_PRODUCTS[11]YMD=20210323
+ JGLOBAL_ATMOS_PRODUCTS[11]HH=12
+ JGLOBAL_ATMOS_PRODUCTS[11]declare_from_tmpl -rx COMIN_ATMOS_ANALYSIS:COM_ATMOS_ANALYSIS_TMPL COMIN_ATMOS_HISTORY:COM_ATMOS_HISTORY_TMPL COMIN_ATMOS_MASTER:COM_ATMOS_MASTER_TMPL
+ bash_utils.sh[39][[ NO == \N\O ]]
+ bash_utils.sh[39]set +x
declare_from_tmpl :: COMIN_ATMOS_ANALYSIS=/work2/noaa/global/role-global/GFS_CI_CD/ORION/CI/3680/RUNTESTS/COMROOT/C48_ATM_c72db5b3/gfs.20210323/12//analysis/atmos
declare_from_tmpl :: COMIN_ATMOS_HISTORY=/work2/noaa/global/role-global/GFS_CI_CD/ORION/CI/3680/RUNTESTS/COMROOT/C48_ATM_c72db5b3/gfs.20210323/12//model/atmos/history
declare_from_tmpl :: COMIN_ATMOS_MASTER=/work2/noaa/global/role-global/GFS_CI_CD/ORION/CI/3680/RUNTESTS/COMROOT/C48_ATM_c72db5b3/gfs.20210323/12//model/atmos/master
+ JGLOBAL_ATMOS_PRODUCTS[16]for grid in '0p25' '0p50' '1p00'
+ JGLOBAL_ATMOS_PRODUCTS[17]prod_dir=COMOUT_ATMOS_GRIB_0p25
+ JGLOBAL_ATMOS_PRODUCTS[18]GRID=0p25
+ JGLOBAL_ATMOS_PRODUCTS[18]YMD=20210323
+ JGLOBAL_ATMOS_PRODUCTS[18]HH=12
+ JGLOBAL_ATMOS_PRODUCTS[18]declare_from_tmpl -rx COMOUT_ATMOS_GRIB_0p25:COM_ATMOS_GRIB_GRID_TMPL
+ bash_utils.sh[39][[ NO == \N\O ]]
+ bash_utils.sh[39]set +x
declare_from_tmpl :: COMOUT_ATMOS_GRIB_0p25=/work2/noaa/global/role-global/GFS_CI_CD/ORION/CI/3680/RUNTESTS/COMROOT/C48_ATM_c72db5b3/gfs.20210323/12//products/atmos/grib2/0p25
+ JGLOBAL_ATMOS_PRODUCTS[19][[ ! -d /work2/noaa/global/role-global/GFS_CI_CD/ORION/CI/3680/RUNTESTS/COMROOT/C48_ATM_c72db5b3/gfs.20210323/12//products/atmos/grib2/0p25 ]]
+ JGLOBAL_ATMOS_PRODUCTS[16]for grid in '0p25' '0p50' '1p00'
+ JGLOBAL_ATMOS_PRODUCTS[17]prod_dir=COMOUT_ATMOS_GRIB_0p50
+ JGLOBAL_ATMOS_PRODUCTS[18]GRID=0p50
+ JGLOBAL_ATMOS_PRODUCTS[18]YMD=20210323
+ JGLOBAL_ATMOS_PRODUCTS[18]HH=12
+ JGLOBAL_ATMOS_PRODUCTS[18]declare_from_tmpl -rx COMOUT_ATMOS_GRIB_0p50:COM_ATMOS_GRIB_GRID_TMPL
+ bash_utils.sh[39][[ NO == \N\O ]]
+ bash_utils.sh[39]set +x
declare_from_tmpl :: COMOUT_ATMOS_GRIB_0p50=/work2/noaa/global/role-global/GFS_CI_CD/ORION/CI/3680/RUNTESTS/COMROOT/C48_ATM_c72db5b3/gfs.20210323/12//products/atmos/grib2/0p50
+ JGLOBAL_ATMOS_PRODUCTS[19][[ ! -d /work2/noaa/global/role-global/GFS_CI_CD/ORION/CI/3680/RUNTESTS/COMROOT/C48_ATM_c72db5b3/gfs.20210323/12//products/atmos/grib2/0p50 ]]
+ JGLOBAL_ATMOS_PRODUCTS[16]for grid in '0p25' '0p50' '1p00'
+ JGLOBAL_ATMOS_PRODUCTS[17]prod_dir=COMOUT_ATMOS_GRIB_1p00
+ JGLOBAL_ATMOS_PRODUCTS[18]GRID=1p00
+ JGLOBAL_ATMOS_PRODUCTS[18]YMD=20210323
+ JGLOBAL_ATMOS_PRODUCTS[18]HH=12
+ JGLOBAL_ATMOS_PRODUCTS[18]declare_from_tmpl -rx COMOUT_ATMOS_GRIB_1p00:COM_ATMOS_GRIB_GRID_TMPL
+ bash_utils.sh[39][[ NO == \N\O ]]
+ bash_utils.sh[39]set +x
declare_from_tmpl :: COMOUT_ATMOS_GRIB_1p00=/work2/noaa/global/role-global/GFS_CI_CD/ORION/CI/3680/RUNTESTS/COMROOT/C48_ATM_c72db5b3/gfs.20210323/12//products/atmos/grib2/1p00
+ JGLOBAL_ATMOS_PRODUCTS[19][[ ! -d /work2/noaa/global/role-global/GFS_CI_CD/ORION/CI/3680/RUNTESTS/COMROOT/C48_ATM_c72db5b3/gfs.20210323/12//products/atmos/grib2/1p00 ]]
+ JGLOBAL_ATMOS_PRODUCTS[23]export PREFIX=gfs.t12z.
+ JGLOBAL_ATMOS_PRODUCTS[23]PREFIX=gfs.t12z.
+ JGLOBAL_ATMOS_PRODUCTS[27]/work2/noaa/global/role-global/GFS_CI_CD/ORION/CI/3680/global-workflow/scripts/exglobal_atmos_products.sh
+ bash[8]'[' -z '' ']'
+ bash[9]case "$-" in
+ bash[12]__lmod_vx=x
+ bash[16]'[' -n x ']'
+ bash[16]set +x
Shell debugging temporarily silenced: export LMOD_SH_DBG_ON=1 for this output (/apps/other/lmod/lmod/init/bash)
Shell debugging restarted
+ bash[224]unset __lmod_vx
+ exglobal_atmos_products.sh[4]export WGRIB2=wgrib2
+ exglobal_atmos_products.sh[4]WGRIB2=wgrib2
+ exglobal_atmos_products.sh[7]INTERP_ATMOS_MASTERSH=/work2/noaa/global/role-global/GFS_CI_CD/ORION/CI/3680/global-workflow/ush/interp_atmos_master.sh
+ exglobal_atmos_products.sh[8]INTERP_ATMOS_SFLUXSH=/work2/noaa/global/role-global/GFS_CI_CD/ORION/CI/3680/global-workflow/ush/interp_atmos_sflux.sh
+ exglobal_atmos_products.sh[11]downset=2
+ exglobal_atmos_products.sh[12]ntasks_atmos_products=8
+ exglobal_atmos_products.sh[15]WGNE=YES
+ exglobal_atmos_products.sh[16]FHMAX_WGNE=180
+ exglobal_atmos_products.sh[18]cd /work2/noaa/stmp/role-global/ORION/RUNDIRS/C48_ATM_c72db5b3/gfs.2021032312/atmos_products_f006.1000126
+ exglobal_atmos_products.sh[22]((  FORECAST_HOUR <= 0  ))
++ exglobal_atmos_products.sh[33]printf f%03d 6
+ exglobal_atmos_products.sh[33]fhr3=f006
+ exglobal_atmos_products.sh[34]((  FORECAST_HOUR%FHOUT_PGBS == 0  ))
+ exglobal_atmos_products.sh[35]PGBS=YES
+ exglobal_atmos_products.sh[43]MASTER_FILE=/work2/noaa/global/role-global/GFS_CI_CD/ORION/CI/3680/RUNTESTS/COMROOT/C48_ATM_c72db5b3/gfs.20210323/12//model/atmos/master/gfs.t12z.master.grb2f006
+ exglobal_atmos_products.sh[48]wgrib2 /work2/noaa/global/role-global/GFS_CI_CD/ORION/CI/3680/RUNTESTS/COMROOT/C48_ATM_c72db5b3/gfs.20210323/12//model/atmos/master/gfs.t12z.master.grb2f006
+ exglobal_atmos_products.sh[48]grep -F -f /work2/noaa/global/role-global/GFS_CI_CD/ORION/CI/3680/global-workflow/parm/product/gfs.fFFF.paramlist.a.txt
+ exglobal_atmos_products.sh[48]wgrib2 -i -grib tmpfile_f006 /work2/noaa/global/role-global/GFS_CI_CD/ORION/CI/3680/RUNTESTS/COMROOT/C48_ATM_c72db5b3/gfs.20210323/12//model/atmos/master/gfs.t12z.master.grb2f006
1:0:d=2021032312:PRMSL:mean sea level:6 hour fcst:
2:25697:d=2021032312:CLMR:1 hybrid level:6 hour fcst:
3:30003:d=2021032312:ICMR:1 hybrid level:6 hour fcst:
4:37855:d=2021032312:RWMR:1 hybrid level:6 hour fcst:
5:49757:d=2021032312:SNMR:1 hybrid level:6 hour fcst:
6:59028:d=2021032312:GRLE:1 hybrid level:6 hour fcst:
7:61083:d=2021032312:REFD:1 hybrid level:6 hour fcst:
8:85592:d=2021032312:REFD:2 hybrid level:6 hour fcst:
9:110139:d=2021032312:REFC:entire atmosphere (considered as a single layer):6 hour fcst:
10:136199:d=2021032312:VIS:surface:6 hour fcst:
11:169172:d=2021032312:UGRD:planetary boundary layer:6 hour fcst:
12:183040:d=2021032312:VGRD:planetary boundary layer:6 hour fcst:
13:197314:d=2021032312:VRATE:planetary boundary layer:6 hour fcst:
14:211946:d=2021032312:GUST:surface:6 hour fcst:
15:226751:d=2021032312:HGT:0.01 mb:6 hour fcst:
16:252600:d=2021032312:TMP:0.01 mb:6 hour fcst:
17:264310:d=2021032312:RH:0.01 mb:6 hour fcst:
18:270747:d=2021032312:SPFH:0.01 mb:6 hour fcst:
19:288645:d=2021032312:VVEL:0.01 mb:6 hour fcst:
20:317801:d=2021032312:DZDT:0.01 mb:6 hour fcst:
21:348658:d=2021032312:UGRD:0.01 mb:6 hour fcst:
22:369096:d=2021032312:VGRD:0.01 mb:6 hour fcst:
23:380894:d=2021032312:ABSV:0.01 mb:6 hour fcst:
24:397633:d=2021032312:O3MR:0.01 mb:6 hour fcst:
25:411793:d=2021032312:HGT:0.02 mb:6 hour fcst:
26:437480:d=2021032312:TMP:0.02 mb:6 hour fcst:
27:453447:d=2021032312:RH:0.02 mb:6 hour fcst:
28:461292:d=2021032312:SPFH:0.02 mb:6 hour fcst:
29:482786:d=2021032312:VVEL:0.02 mb:6 hour fcst:
30:509069:d=2021032312:DZDT:0.02 mb:6 hour fcst:
31:538685:d=2021032312:UGRD:0.02 mb:6 hour fcst:
32:552946:d=2021032312:VGRD:0.02 mb:6 hour fcst:
33:566038:d=2021032312:ABSV:0.02 mb:6 hour fcst:
34:584334:d=2021032312:O3MR:0.02 mb:6 hour fcst:
35:600784:d=2021032312:HGT:0.04 mb:6 hour fcst:
36:625520:d=2021032312:TMP:0.04 mb:6 hour fcst:
37:644101:d=2021032312:RH:0.04 mb:6 hour fcst:
38:650781:d=2021032312:SPFH:0.04 mb:6 hour fcst:
39:674521:d=2021032312:VVEL:0.04 mb:6 hour fcst:
40:704623:d=2021032312:DZDT:0.04 mb:6 hour fcst:
41:731412:d=2021032312:UGRD:0.04 mb:6 hour fcst:
42:752888:d=2021032312:VGRD:0.04 mb:6 hour fcst:
43:773710:d=2021032312:ABSV:0.04 mb:6 hour fcst:
44:792641:d=2021032312:O3MR:0.04 mb:6 hour fcst:
45:817929:d=2021032312:HGT:0.07 mb:6 hour fcst:
46:841424:d=2021032312:TMP:0.07 mb:6 hour fcst:
47:859928:d=2021032312:RH:0.07 mb:6 hour fcst:
48:870241:d=2021032312:SPFH:0.07 mb:6 hour fcst:
49:887656:d=2021032312:VVEL:0.07 mb:6 hour fcst:
50:916975:d=2021032312:DZDT:0.07 mb:6 hour fcst:
51:944996:d=2021032312:UGRD:0.07 mb:6 hour fcst:
52:966174:d=2021032312:VGRD:0.07 mb:6 hour fcst:
53:986590:d=2021032312:ABSV:0.07 mb:6 hour fcst:
54:1005387:d=2021032312:O3MR:0.07 mb:6 hour fcst:
55:1026727:d=2021032312:HGT:0.1 mb:6 hour fcst:
56:1049985:d=2021032312:TMP:0.1 mb:6 hour fcst:
57:1067875:d=2021032312:RH:0.1 mb:6 hour fcst:
58:1076187:d=2021032312:SPFH:0.1 mb:6 hour fcst:
59:1093535:d=2021032312:VVEL:0.1 mb:6 hour fcst:
60:1123490:d=2021032312:DZDT:0.1 mb:6 hour fcst:
61:1151837:d=2021032312:UGRD:0.1 mb:6 hour fcst:
62:1172731:d=2021032312:VGRD:0.1 mb:6 hour fcst:
63:1192798:d=2021032312:ABSV:0.1 mb:6 hour fcst:
64:1211134:d=2021032312:O3MR:0.1 mb:6 hour fcst:
65:1236400:d=2021032312:HGT:0.2 mb:6 hour fcst:
66:1258945:d=2021032312:TMP:0.2 mb:6 hour fcst:
67:1276249:d=2021032312:RH:0.2 mb:6 hour fcst:
68:1287024:d=2021032312:SPFH:0.2 mb:6 hour fcst:
69:1301666:d=2021032312:VVEL:0.2 mb:6 hour fcst:
70:1327388:d=2021032312:DZDT:0.2 mb:6 hour fcst:
71:1357002:d=2021032312:UGRD:0.2 mb:6 hour fcst:
72:1376993:d=2021032312:VGRD:0.2 mb:6 hour fcst:
73:1396222:d=2021032312:ABSV:0.2 mb:6 hour fcst:
74:1413866:d=2021032312:O3MR:0.2 mb:6 hour fcst:
75:1440839:d=2021032312:HGT:0.4 mb:6 hour fcst:
76:1460702:d=2021032312:TMP:0.4 mb:6 hour fcst:
77:1477519:d=2021032312:RH:0.4 mb:6 hour fcst:
78:1486283:d=2021032312:SPFH:0.4 mb:6 hour fcst:
79:1503522:d=2021032312:VVEL:0.4 mb:6 hour fcst:
80:1530208:d=2021032312:DZDT:0.4 mb:6 hour fcst:
81:1560177:d=2021032312:UGRD:0.4 mb:6 hour fcst:
82:1579954:d=2021032312:VGRD:0.4 mb:6 hour fcst:
83:1598558:d=2021032312:ABSV:0.4 mb:6 hour fcst:
84:1615330:d=2021032312:O3MR:0.4 mb:6 hour fcst:
85:1643395:d=2021032312:HGT:0.7 mb:6 hour fcst:
86:1662773:d=2021032312:TMP:0.7 mb:6 hour fcst:
87:1679698:d=2021032312:RH:0.7 mb:6 hour fcst:
88:1688930:d=2021032312:SPFH:0.7 mb:6 hour fcst:
89:1706701:d=2021032312:VVEL:0.7 mb:6 hour fcst:
90:1734750:d=2021032312:DZDT:0.7 mb:6 hour fcst:
91:1765863:d=2021032312:UGRD:0.7 mb:6 hour fcst:
92:1777801:d=2021032312:VGRD:0.7 mb:6 hour fcst:
93:1796176:d=2021032312:ABSV:0.7 mb:6 hour fcst:
94:1813036:d=2021032312:O3MR:0.7 mb:6 hour fcst:
95:1834540:d=2021032312:HGT:1 mb:6 hour fcst:
96:1853668:d=2021032312:TMP:1 mb:6 hour fcst:
97:1870866:d=2021032312:RH:1 mb:6 hour fcst:
98:1881956:d=2021032312:SPFH:1 mb:6 hour fcst:
99:1898951:d=2021032312:VVEL:1 mb:6 hour fcst:
100:1927689:d=2021032312:DZDT:1 mb:6 hour fcst:
101:1955324:d=2021032312:UGRD:1 mb:6 hour fcst:
102:1967126:d=2021032312:VGRD:1 mb:6 hour fcst:
103:1985353:d=2021032312:ABSV:1 mb:6 hour fcst:
104:2002150:d=2021032312:O3MR:1 mb:6 hour fcst:
105:2024664:d=2021032312:HGT:2 mb:6 hour fcst:
106:2043471:d=2021032312:TMP:2 mb:6 hour fcst:
107:2061222:d=2021032312:RH:2 mb:6 hour fcst:
108:2071001:d=2021032312:SPFH:2 mb:6 hour fcst:
109:2087037:d=2021032312:VVEL:2 mb:6 hour fcst:
110:2117279:d=2021032312:DZDT:2 mb:6 hour fcst:
111:2145508:d=2021032312:UGRD:2 mb:6 hour fcst:
112:2165189:d=2021032312:VGRD:2 mb:6 hour fcst:
113:2184246:d=2021032312:ABSV:2 mb:6 hour fcst:
114:2202168:d=2021032312:O3MR:2 mb:6 hour fcst:
115:2226123:d=2021032312:HGT:3 mb:6 hour fcst:
116:2244657:d=2021032312:TMP:3 mb:6 hour fcst:
117:2262128:d=2021032312:RH:3 mb:6 hour fcst:
118:2268715:d=2021032312:SPFH:3 mb:6 hour fcst:
119:2288122:d=2021032312:VVEL:3 mb:6 hour fcst:
120:2317181:d=2021032312:DZDT:3 mb:6 hour fcst:
121:2345022:d=2021032312:UGRD:3 mb:6 hour fcst:
122:2356988:d=2021032312:VGRD:3 mb:6 hour fcst:
123:2375691:d=2021032312:ABSV:3 mb:6 hour fcst:
124:2393191:d=2021032312:O3MR:3 mb:6 hour fcst:
125:2417716:d=2021032312:HGT:5 mb:6 hour fcst:
126:2436119:d=2021032312:TMP:5 mb:6 hour fcst:
127:2453671:d=2021032312:RH:5 mb:6 hour fcst:
128:2463952:d=2021032312:SPFH:5 mb:6 hour fcst:
129:2485050:d=2021032312:VVEL:5 mb:6 hour fcst:
130:2510209:d=2021032312:DZDT:5 mb:6 hour fcst:
131:2537778:d=2021032312:UGRD:5 mb:6 hour fcst:
132:2549983:d=2021032312:VGRD:5 mb:6 hour fcst:
133:2569312:d=2021032312:ABSV:5 mb:6 hour fcst:
134:2587501:d=2021032312:O3MR:5 mb:6 hour fcst:
135:2611547:d=2021032312:HGT:7 mb:6 hour fcst:
136:2630006:d=2021032312:TMP:7 mb:6 hour fcst:
137:2647387:d=2021032312:RH:7 mb:6 hour fcst:
138:2653994:d=2021032312:SPFH:7 mb:6 hour fcst:
139:2673511:d=2021032312:VVEL:7 mb:6 hour fcst:
140:2699450:d=2021032312:DZDT:7 mb:6 hour fcst:
141:2726472:d=2021032312:UGRD:7 mb:6 hour fcst:
142:2738591:d=2021032312:VGRD:7 mb:6 hour fcst:
143:2758090:d=2021032312:ABSV:7 mb:6 hour fcst:
144:2776714:d=2021032312:O3MR:7 mb:6 hour fcst:
145:2796327:d=2021032312:HGT:10 mb:6 hour fcst:
146:2814683:d=2021032312:TMP:10 mb:6 hour fcst:
147:2831912:d=2021032312:RH:10 mb:6 hour fcst:
148:2840247:d=2021032312:SPFH:10 mb:6 hour fcst:
149:2859202:d=2021032312:VVEL:10 mb:6 hour fcst:
150:2886071:d=2021032312:DZDT:10 mb:6 hour fcst:
151:2912837:d=2021032312:UGRD:10 mb:6 hour fcst:
152:2924889:d=2021032312:VGRD:10 mb:6 hour fcst:
153:2944241:d=2021032312:ABSV:10 mb:6 hour fcst:
154:2962872:d=2021032312:O3MR:10 mb:6 hour fcst:
155:2983022:d=2021032312:HGT:15 mb:6 hour fcst:
156:3003293:d=2021032312:TMP:15 mb:6 hour fcst:
157:3020471:d=2021032312:RH:15 mb:6 hour fcst:
158:3025966:d=2021032312:SPFH:15 mb:6 hour fcst:
159:3042627:d=2021032312:VVEL:15 mb:6 hour fcst:
160:3070601:d=2021032312:DZDT:15 mb:6 hour fcst:
161:3102530:d=2021032312:UGRD:15 mb:6 hour fcst:
162:3114277:d=2021032312:VGRD:15 mb:6 hour fcst:
163:3133579:d=2021032312:ABSV:15 mb:6 hour fcst:
164:3152051:d=2021032312:O3MR:15 mb:6 hour fcst:
165:3172719:d=2021032312:HGT:20 mb:6 hour fcst:
166:3192672:d=2021032312:TMP:20 mb:6 hour fcst:
167:3209812:d=2021032312:RH:20 mb:6 hour fcst:
*** FATAL ERROR: write error ***


168:3216401:d=2021032312:SPFH:20 mb:6 hour fcst:
169:3231841:d=2021032312:VVEL:20 mb:6 hour fcst:
170:3260568:d=2021032312:DZDT:20 mb:6 hour fcst:
171:3292093:d=2021032312:UGRD:20 mb:6 hour fcst:
172:3303791:d=2021032312:VGRD:20 mb:6 hour fcst:
173:3323046:d=2021032312:ABSV:20 mb:6 hour fcst:
174:3341539:d=2021032312:O3MR:20 mb:6 hour fcst:
175:3368016:d=2021032312:HGT:30 mb:6 hour fcst:
176:3387875:d=2021032312:TMP:30 mb:6 hour fcst:
177:3405005:d=2021032312:RH:30 mb:6 hour fcst:
178:3413427:d=2021032312:SPFH:30 mb:6 hour fcst:
179:3430653:d=2021032312:VVEL:30 mb:6 hour fcst:
180:3460312:d=2021032312:DZDT:30 mb:6 hour fcst:
181:3491287:d=2021032312:UGRD:30 mb:6 hour fcst:
182:3510678:d=2021032312:VGRD:30 mb:6 hour fcst:
183:3529897:d=2021032312:ABSV:30 mb:6 hour fcst:
184:3548419:d=2021032312:O3MR:30 mb:6 hour fcst:
185:3576853:d=2021032312:HGT:40 mb:6 hour fcst:
186:3596404:d=2021032312:TMP:40 mb:6 hour fcst:
187:3614107:d=2021032312:RH:40 mb:6 hour fcst:
188:3624522:d=2021032312:SPFH:40 mb:6 hour fcst:
189:3643626:d=2021032312:VVEL:40 mb:6 hour fcst:
190:3674131:d=2021032312:DZDT:40 mb:6 hour fcst:
191:3704983:d=2021032312:UGRD:40 mb:6 hour fcst:
192:3724497:d=2021032312:VGRD:40 mb:6 hour fcst:
193:3743907:d=2021032312:ABSV:40 mb:6 hour fcst:
194:3762517:d=2021032312:O3MR:40 mb:6 hour fcst:
195:3791511:d=2021032312:HGT:50 mb:6 hour fcst:
196:3810877:d=2021032312:TMP:50 mb:6 hour fcst:
197:3828101:d=2021032312:RH:50 mb:6 hour fcst:
198:3839844:d=2021032312:TCDC:50 mb:6 hour fcst:
199:3840023:d=2021032312:SPFH:50 mb:6 hour fcst:
200:3860465:d=2021032312:VVEL:50 mb:6 hour fcst:
201:3891521:d=2021032312:DZDT:50 mb:6 hour fcst:
202:3922197:d=2021032312:UGRD:50 mb:6 hour fcst:
203:3941453:d=2021032312:VGRD:50 mb:6 hour fcst:
204:3960798:d=2021032312:ABSV:50 mb:6 hour fcst:
205:3979267:d=2021032312:CLMR:50 mb:6 hour fcst:
206:3979446:d=2021032312:ICMR:50 mb:6 hour fcst:
207:3979625:d=2021032312:RWMR:50 mb:6 hour fcst:
208:3979804:d=2021032312:SNMR:50 mb:6 hour fcst:
209:3979983:d=2021032312:GRLE:50 mb:6 hour fcst:
210:3980162:d=2021032312:O3MR:50 mb:6 hour fcst:
211:4008424:d=2021032312:HGT:70 mb:6 hour fcst:
212:4028008:d=2021032312:TMP:70 mb:6 hour fcst:
213:4045753:d=2021032312:RH:70 mb:6 hour fcst:
215:4054867:d=2021032312:SPFH:70 mb:6 hour fcst:
216:4077818:d=2021032312:VVEL:70 mb:6 hour fcst:
217:4110181:d=2021032312:DZDT:70 mb:6 hour fcst:
218:4143253:d=2021032312:UGRD:70 mb:6 hour fcst:
219:4162729:d=2021032312:VGRD:70 mb:6 hour fcst:
220:4182107:d=2021032312:ABSV:70 mb:6 hour fcst:
226:4201441:d=2021032312:O3MR:70 mb:6 hour fcst:
227:4228683:d=2021032312:HGT:100 mb:6 hour fcst:
228:4248454:d=2021032312:TMP:100 mb:6 hour fcst:
229:4266183:d=2021032312:RH:100 mb:6 hour fcst:
230:4276776:d=2021032312:TCDC:100 mb:6 hour fcst:
231:4276955:d=2021032312:SPFH:100 mb:6 hour fcst:
232:4304623:d=2021032312:VVEL:100 mb:6 hour fcst:
233:4336242:d=2021032312:DZDT:100 mb:6 hour fcst:
234:4367306:d=2021032312:UGRD:100 mb:6 hour fcst:
235:4387142+ exglobal_atmos_products.sh[49]export err=8
+ exglobal_atmos_products.sh[49]err=8
+ exglobal_atmos_products.sh[49]err_chk
+ err_chk[13]'[' -z 8 ']'
+ err_chk[14]'[' 8 -eq 0 ']'
+ err_chk[18]'[' 8 -eq 139 ']'
+ err_chk[37]err_exit
+ environment[0]set +eux

    -------------------------------------------------------------
    -- FATAL ERROR: Job atmos_products_f006.1000126 failed RETURN CODE 8
    -- ABNORMAL EXIT at Tue May 13 05:59:43 PM CDT 2025 on orion-12-04
    -------------------------------------------------------------
    

Currently Loaded Modules:
  1) intel-oneapi-compilers/2023.1.0  42) grib-util/1.3.0
  2) stack-intel/2021.9.0             43) g2tmpl/1.13.0
  3) intel-oneapi-mpi/2021.9.0        44) gsi-ncdiag/1.1.2
  4) stack-intel-oneapi-mpi/2021.9.0  45) crtm-fix/2.4.0.1_emc
  5) zlib/1.2.13                      46) git-lfs/3.1.2
  6) pigz/2.7                         47) crtm/2.4.0.1
  7) zstd/1.5.2                       48) openblas/0.3.24
  8) tar/1.34                         49) py-setuptools/63.4.3
  9) gettext/0.21.1                   50) py-numpy/1.23.4
 10) libxcrypt/4.4.35                 51) bufr/11.7.0
 11) sqlite/3.43.2                    52) gmake/4.2.1
 12) util-linux-uuid/2.38.1           53) wgrib2/2.0.8
 13) python/3.11.6                    54) py-f90nml/1.4.3
 14) libjpeg/2.1.0                    55) py-cftime/1.0.3.4
 15) jasper/2.0.32                    56) py-netcdf4/1.5.8
 16) libpng/1.6.37                    57) libyaml/0.2.5
 17) openjpeg/2.3.1                   58) py-pyyaml/6.0
 18) eccodes/2.32.0                   59) py-markupsafe/2.1.3
 19) fftw/3.3.10                      60) py-jinja2/3.1.2
 20) nghttp2/1.57.0                   61) py-bottleneck/1.3.7
 21) curl/8.4.0                       62) py-numexpr/2.8.4
 22) proj/9.2.1                       63) py-et-xmlfile/1.0.1
 23) udunits/2.2.28                   64) py-openpyxl/3.1.2
 24) cdo/2.2.0                        65) py-pytz/2023.3
 25) hdf5/1.14.0                      66) py-pyxlsb/1.0.10
 26) snappy/1.1.10                    67) py-xlrd/2.0.1
 27) c-blosc/1.21.5                   68) py-xlsxwriter/3.1.7
 28) netcdf-c/4.9.2                   69) py-xlwt/1.3.0
 29) netcdf-fortran/4.6.1             70) py-pandas/1.5.3
 30) parallel-netcdf/1.12.2           71) py-six/1.16.0
 31) parallelio/2.5.10                72) py-python-dateutil/2.8.2
 32) esmf/8.6.0                       73) g2c/1.8.0
 33) antlr/2.7.7                      74) netcdf-cxx4/4.3.1
 34) gsl/2.7.1                        75) met/9.1.3
 35) nco/5.0.6                        76) metplus/3.1.1
 36) bacio/2.4.1                      77) py-packaging/23.1
 37) w3emc/2.10.0                     78) py-xarray/2023.7.0
 38) prod_util/2.1.1                  79) prepobs/1.1.0
 39) g2/3.4.5                         80) fit2obs/1.1.7
 40) sp/2.5.0                         81) globus-cli/3.27
 41) ip/4.3.0                         82) module_base.orion

 


Job atmos_products_f006.1000126 failed RETURN CODE 8
/work2/noaa/stmp/role-global/ORION/RUNDIRS/C48_ATM_c72db5b3/gfs.2021032312/atmos_products_f006.1000126
total 4280
-rw-r----- 1 role-global stmp       0 May 13 17:59 ncepdate
-rw-r----- 1 role-global stmp 4386816 May 13 17:59 tmpfile_f006
cat: OUTPUT.1000583: No such file or directory
slurmstepd: error: *** JOB 20282213 ON orion-12-04 CANCELLED AT 2025-05-13T17:59:44 ***
