+ . /work2/noaa/global/role-global/GFS_CI_CD/ORION/CI/3680/global-workflow/ush/load_fv3gfs_modules.sh
++ [[ hxB == *x* ]]
++ set_x=YES
++ [[ NO == \N\O ]]
++ echo 'Loading modules quietly...'
Loading modules quietly...
++ set +x

Currently Loaded Modules:
  1) intel-oneapi-compilers/2023.1.0  42) grib-util/1.3.0
  2) stack-intel/2021.9.0             43) g2tmpl/1.13.0
  3) intel-oneapi-mpi/2021.9.0        44) gsi-ncdiag/1.1.2
  4) stack-intel-oneapi-mpi/2021.9.0  45) crtm-fix/2.4.0.1_emc
  5) zlib/1.2.13                      46) git-lfs/3.1.2
  6) pigz/2.7                         47) crtm/2.4.0.1
  7) zstd/1.5.2                       48) openblas/0.3.24
  8) tar/1.34                         49) py-setuptools/63.4.3
  9) gettext/0.21.1                   50) py-numpy/1.23.4
 10) libxcrypt/4.4.35                 51) bufr/11.7.0
 11) sqlite/3.43.2                    52) gmake/4.2.1
 12) util-linux-uuid/2.38.1           53) wgrib2/2.0.8
 13) python/3.11.6                    54) py-f90nml/1.4.3
 14) libjpeg/2.1.0                    55) py-cftime/1.0.3.4
 15) jasper/2.0.32                    56) py-netcdf4/1.5.8
 16) libpng/1.6.37                    57) libyaml/0.2.5
 17) openjpeg/2.3.1                   58) py-pyyaml/6.0
 18) eccodes/2.32.0                   59) py-markupsafe/2.1.3
 19) fftw/3.3.10                      60) py-jinja2/3.1.2
 20) nghttp2/1.57.0                   61) py-bottleneck/1.3.7
 21) curl/8.4.0                       62) py-numexpr/2.8.4
 22) proj/9.2.1                       63) py-et-xmlfile/1.0.1
 23) udunits/2.2.28                   64) py-openpyxl/3.1.2
 24) cdo/2.2.0                        65) py-pytz/2023.3
 25) hdf5/1.14.0                      66) py-pyxlsb/1.0.10
 26) snappy/1.1.10                    67) py-xlrd/2.0.1
 27) c-blosc/1.21.5                   68) py-xlsxwriter/3.1.7
 28) netcdf-c/4.9.2                   69) py-xlwt/1.3.0
 29) netcdf-fortran/4.6.1             70) py-pandas/1.5.3
 30) parallel-netcdf/1.12.2           71) py-six/1.16.0
 31) parallelio/2.5.10                72) py-python-dateutil/2.8.2
 32) esmf/8.6.0                       73) g2c/1.8.0
 33) antlr/2.7.7                      74) netcdf-cxx4/4.3.1
 34) gsl/2.7.1                        75) met/9.1.3
 35) nco/5.0.6                        76) metplus/3.1.1
 36) bacio/2.4.1                      77) py-packaging/23.1
 37) w3emc/2.10.0                     78) py-xarray/2023.7.0
 38) prod_util/2.1.1                  79) prepobs/1.1.0
 39) g2/3.4.5                         80) fit2obs/1.1.7
 40) sp/2.5.0                         81) globus-cli/3.27
 41) ip/4.3.0                         82) module_base.orion

 

++ wxflowPATH=/work2/noaa/global/role-global/GFS_CI_CD/ORION/CI/3680/global-workflow/ush/python
++ PYTHONPATH=/apps/other/globus-cli-3.27:/work/noaa/epic/role-epic/spack-stack/orion/spack-stack-1.6.0/envs/gsi-addon-dev-fms-2024.01/install/intel/2021.9.0/py-xarray-2023.7.0-i227vom/lib/python3.11/site-packages:/work/noaa/epic/role-epic/spack-stack/orion/spack-stack-1.6.0/envs/gsi-addon-dev-fms-2024.01/install/intel/2021.9.0/py-packaging-23.1-qsred2z/lib/python3.11/site-packages:/work/noaa/epic/role-epic/spack-stack/orion/spack-stack-1.6.0/envs/gsi-addon-dev-fms-2024.01/install/intel/2021.9.0/py-python-dateutil-2.8.2-qmkqi6c/lib/python3.11/site-packages:/work/noaa/epic/role-epic/spack-stack/orion/spack-stack-1.6.0/envs/gsi-addon-dev-fms-2024.01/install/intel/2021.9.0/py-six-1.16.0-xx5n5aq/lib/python3.11/site-packages:/work/noaa/epic/role-epic/spack-stack/orion/spack-stack-1.6.0/envs/gsi-addon-dev-fms-2024.01/install/intel/2021.9.0/py-pandas-1.5.3-mxu73jp/lib/python3.11/site-packages:/work/noaa/epic/role-epic/spack-stack/orion/spack-stack-1.6.0/envs/gsi-addon-dev-fms-2024.01/install/intel/2021.9.0/py-xlwt-1.3.0-b4cyvye/lib/python3.11/site-packages:/work/noaa/epic/role-epic/spack-stack/orion/spack-stack-1.6.0/envs/gsi-addon-dev-fms-2024.01/install/intel/2021.9.0/py-xlsxwriter-3.1.7-erwjpno/lib/python3.11/site-packages:/work/noaa/epic/role-epic/spack-stack/orion/spack-stack-1.6.0/envs/gsi-addon-dev-fms-2024.01/install/intel/2021.9.0/py-xlrd-2.0.1-p6lyi26/lib/python3.11/site-packages:/work/noaa/epic/role-epic/spack-stack/orion/spack-stack-1.6.0/envs/gsi-addon-dev-fms-2024.01/install/intel/2021.9.0/py-pyxlsb-1.0.10-3tmfhfx/lib/python3.11/site-packages:/work/noaa/epic/role-epic/spack-stack/orion/spack-stack-1.6.0/envs/gsi-addon-dev-fms-2024.01/install/intel/2021.9.0/py-pytz-2023.3-amqisx3/lib/python3.11/site-packages:/work/noaa/epic/role-epic/spack-stack/orion/spack-stack-1.6.0/envs/gsi-addon-dev-fms-2024.01/install/intel/2021.9.0/py-openpyxl-3.1.2-lid72bc/lib/python3.11/site-packages:/work/noaa/epic/role-epic/spack-stack/orion/spack-stack-1.6.0/envs/gsi-addon-dev-fms-2024.01/install/intel/2021.9.0/py-et-xmlfile-1.0.1-rv7edto/lib/python3.11/site-packages:/work/noaa/epic/role-epic/spack-stack/orion/spack-stack-1.6.0/envs/gsi-addon-dev-fms-2024.01/install/intel/2021.9.0/py-numexpr-2.8.4-aqtuzo7/lib/python3.11/site-packages:/work/noaa/epic/role-epic/spack-stack/orion/spack-stack-1.6.0/envs/gsi-addon-dev-fms-2024.01/install/intel/2021.9.0/py-bottleneck-1.3.7-psru7d6/lib/python3.11/site-packages:/work/noaa/epic/role-epic/spack-stack/orion/spack-stack-1.6.0/envs/gsi-addon-dev-fms-2024.01/install/intel/2021.9.0/py-jinja2-3.1.2-hwvgjvz/lib/python3.11/site-packages:/work/noaa/epic/role-epic/spack-stack/orion/spack-stack-1.6.0/envs/gsi-addon-dev-fms-2024.01/install/intel/2021.9.0/py-markupsafe-2.1.3-zmufgyd/lib/python3.11/site-packages:/work/noaa/epic/role-epic/spack-stack/orion/spack-stack-1.6.0/envs/gsi-addon-dev-fms-2024.01/install/intel/2021.9.0/py-pyyaml-6.0-5tnykit/lib/python3.11/site-packages:/work/noaa/epic/role-epic/spack-stack/orion/spack-stack-1.6.0/envs/gsi-addon-dev-fms-2024.01/install/intel/2021.9.0/py-netcdf4-1.5.8-eqrdu35/lib/python3.11/site-packages:/work/noaa/epic/role-epic/spack-stack/orion/spack-stack-1.6.0/envs/gsi-addon-dev-fms-2024.01/install/intel/2021.9.0/py-cftime-1.0.3.4-fy7lvex/lib/python3.11/site-packages:/work/noaa/epic/role-epic/spack-stack/orion/spack-stack-1.6.0/envs/gsi-addon-dev-fms-2024.01/install/intel/2021.9.0/py-f90nml-1.4.3-pn2wamh/lib/python3.11/site-packages:/work/noaa/epic/role-epic/spack-stack/orion/spack-stack-1.6.0/envs/gsi-addon-dev-fms-2024.01/install/intel/2021.9.0/bufr-11.7.0-clawunp/lib64/python3.11/site-packages:/work/noaa/epic/role-epic/spack-stack/orion/spack-stack-1.6.0/envs/gsi-addon-dev-fms-2024.01/install/intel/2021.9.0/bufr-11.7.0-clawunp/lib/python3.11/site-packages:/work/noaa/epic/role-epic/spack-stack/orion/spack-stack-1.6.0/envs/gsi-addon-dev-fms-2024.01/install/intel/2021.9.0/py-numpy-1.23.4-bphf752/lib/python3.11/site-packages:/work/noaa/epic/role-epic/spack-stack/orion/spack-stack-1.6.0/envs/gsi-addon-dev-fms-2024.01/install/intel/2021.9.0/py-setuptools-63.4.3-2wqnlmp/lib/python3.11/site-packages:/work2/noaa/global/role-global/GFS_CI_CD/ORION/CI/3680/global-workflow/ush:/work2/noaa/global/role-global/GFS_CI_CD/ORION/CI/3680/global-workflow/ush/python
++ export PYTHONPATH
++ ulimit -S -s 16384
++ unset ulimit_s
+ status=0
+ ((  status != 0  ))
+ export job=atmos_products
+ job=atmos_products
+ IFS=', '
+ read -r -a fhr_list
+ export FORECAST_HOUR jobid
+ for FORECAST_HOUR in "${fhr_list[@]}"
++ printf %03d 0
+ fhr3=000
+ jobid=atmos_products_f000.957516
+ /work2/noaa/global/role-global/GFS_CI_CD/ORION/CI/3680/global-workflow/jobs/JGLOBAL_ATMOS_PRODUCTS
Begin /work2/noaa/global/role-global/GFS_CI_CD/ORION/CI/3680/global-workflow/jobs/JGLOBAL_ATMOS_PRODUCTS at Tue May 13 10:59:19 PM UTC 2025
++ jjob_header.sh[46]OPTIND=1
++ jjob_header.sh[47]getopts c:e: option
++ jjob_header.sh[48]case "${option}" in
++ jjob_header.sh[50]env_job=atmos_products
++ jjob_header.sh[47]getopts c:e: option
++ jjob_header.sh[48]case "${option}" in
++ jjob_header.sh[49]read -ra configs
++ jjob_header.sh[47]getopts c:e: option
++ jjob_header.sh[61]shift 4
++ jjob_header.sh[63][[ -z atmos_products ]]
++ jjob_header.sh[71]export DATA=/work2/noaa/stmp/role-global/ORION/RUNDIRS/C48_ATM_c72db5b3/gfs.2021032312/atmos_products_f000.957516
++ jjob_header.sh[71]DATA=/work2/noaa/stmp/role-global/ORION/RUNDIRS/C48_ATM_c72db5b3/gfs.2021032312/atmos_products_f000.957516
++ jjob_header.sh[72][[ YES == \Y\E\S ]]
++ jjob_header.sh[73]rm -rf /work2/noaa/stmp/role-global/ORION/RUNDIRS/C48_ATM_c72db5b3/gfs.2021032312/atmos_products_f000.957516
++ jjob_header.sh[75]mkdir -p /work2/noaa/stmp/role-global/ORION/RUNDIRS/C48_ATM_c72db5b3/gfs.2021032312/atmos_products_f000.957516
++ jjob_header.sh[76]cd /work2/noaa/stmp/role-global/ORION/RUNDIRS/C48_ATM_c72db5b3/gfs.2021032312/atmos_products_f000.957516
++ jjob_header.sh[85]export pid=957975
++ jjob_header.sh[85]pid=957975
++ jjob_header.sh[86]export pgmout=OUTPUT.957975
++ jjob_header.sh[86]pgmout=OUTPUT.957975
++ jjob_header.sh[87]export pgmerr=errfile
++ jjob_header.sh[87]pgmerr=errfile
++ jjob_header.sh[90]export pgm=
++ jjob_header.sh[90]pgm=
++ jjob_header.sh[96]export cycle=t12z
++ jjob_header.sh[96]cycle=t12z
++ jjob_header.sh[97]setpdy.sh
+ setpdy.sh[20]'[' /work2/noaa/stmp/role-global/ORION/RUNDIRS/C48_ATM_c72db5b3/gfs.2021032312/atmos_products_f000.957516 == /home/role-global ']'
+ setpdy.sh[25][[ ! t12z =~ t??z ]]
+ setpdy.sh[30]case $# in
+ setpdy.sh[31]dates_before_PDY=7
+ setpdy.sh[32]dates_after_PDY=7
+ setpdy.sh[50]COMDATEROOT=/work2/noaa/global/role-global/GFS_CI_CD/ORION/CI/3680/RUNTESTS/COMROOT
+ setpdy.sh[53]'[' -z 20210323 ']'
+ setpdy.sh[57]sed 's/[0-9]\{8\}/20210323/' /work2/noaa/global/role-global/GFS_CI_CD/ORION/CI/3680/RUNTESTS/COMROOT/date/t12z
sed: can't read /work2/noaa/global/role-global/GFS_CI_CD/ORION/CI/3680/RUNTESTS/COMROOT/date/t12z: No such file or directory
++ jjob_header.sh[97]true
++ jjob_header.sh[98]source ./PDY
/work2/noaa/global/role-global/GFS_CI_CD/ORION/CI/3680/global-workflow/ush/jjob_header.sh: line 98: ./PDY: No such file or directory
++ jjob_header.sh[98]true
++ jjob_header.sh[104]export EXPDIR=/work2/noaa/global/role-global/GFS_CI_CD/ORION/CI/3680/RUNTESTS/EXPDIR/C48_ATM_c72db5b3
++ jjob_header.sh[104]EXPDIR=/work2/noaa/global/role-global/GFS_CI_CD/ORION/CI/3680/RUNTESTS/EXPDIR/C48_ATM_c72db5b3
++ jjob_header.sh[105]for config in "${configs[@]:-''}"
++ jjob_header.sh[106]source /work2/noaa/global/role-global/GFS_CI_CD/ORION/CI/3680/RUNTESTS/EXPDIR/C48_ATM_c72db5b3/config.base
+++ config.base[6]echo 'BEGIN: config.base'
BEGIN: config.base
+++ config.base[9]export machine=ORION
+++ config.base[9]machine=ORION
+++ config.base[12]export RUN_ENVIR=emc
+++ config.base[12]RUN_ENVIR=emc
+++ config.base[15]export ACCOUNT=fv3-cpu
+++ config.base[15]ACCOUNT=fv3-cpu
+++ config.base[16]export QUEUE=batch
+++ config.base[16]QUEUE=batch
+++ config.base[17]export QUEUE_SERVICE=batch
+++ config.base[17]QUEUE_SERVICE=batch
+++ config.base[18]export QUEUE_DTN=batch
+++ config.base[18]QUEUE_DTN=batch
+++ config.base[19]export PARTITION_BATCH=orion
+++ config.base[19]PARTITION_BATCH=orion
+++ config.base[20]export PARTITION_SERVICE=service
+++ config.base[20]PARTITION_SERVICE=service
+++ config.base[21]export PARTITION_DTN=
+++ config.base[21]PARTITION_DTN=
+++ config.base[22]export RESERVATION=
+++ config.base[22]RESERVATION=
+++ config.base[23]export CLUSTERS=
+++ config.base[23]CLUSTERS=
+++ config.base[24]export CLUSTERS_SERVICE=
+++ config.base[24]CLUSTERS_SERVICE=
+++ config.base[25]export CLUSTERS_DTN=
+++ config.base[25]CLUSTERS_DTN=
+++ config.base[28]export HPSS_PROJECT=emc-global
+++ config.base[28]HPSS_PROJECT=emc-global
+++ config.base[31]export HOMEgfs=/work2/noaa/global/role-global/GFS_CI_CD/ORION/CI/3680/global-workflow
+++ config.base[31]HOMEgfs=/work2/noaa/global/role-global/GFS_CI_CD/ORION/CI/3680/global-workflow
+++ config.base[32]export EXECgfs=/work2/noaa/global/role-global/GFS_CI_CD/ORION/CI/3680/global-workflow/exec
+++ config.base[32]EXECgfs=/work2/noaa/global/role-global/GFS_CI_CD/ORION/CI/3680/global-workflow/exec
+++ config.base[33]export FIXgfs=/work2/noaa/global/role-global/GFS_CI_CD/ORION/CI/3680/global-workflow/fix
+++ config.base[33]FIXgfs=/work2/noaa/global/role-global/GFS_CI_CD/ORION/CI/3680/global-workflow/fix
+++ config.base[34]export PARMgfs=/work2/noaa/global/role-global/GFS_CI_CD/ORION/CI/3680/global-workflow/parm
+++ config.base[34]PARMgfs=/work2/noaa/global/role-global/GFS_CI_CD/ORION/CI/3680/global-workflow/parm
+++ config.base[35]export SCRgfs=/work2/noaa/global/role-global/GFS_CI_CD/ORION/CI/3680/global-workflow/scripts
+++ config.base[35]SCRgfs=/work2/noaa/global/role-global/GFS_CI_CD/ORION/CI/3680/global-workflow/scripts
+++ config.base[36]export USHgfs=/work2/noaa/global/role-global/GFS_CI_CD/ORION/CI/3680/global-workflow/ush
+++ config.base[36]USHgfs=/work2/noaa/global/role-global/GFS_CI_CD/ORION/CI/3680/global-workflow/ush
+++ config.base[38]export FIXam=/work2/noaa/global/role-global/GFS_CI_CD/ORION/CI/3680/global-workflow/fix/am
+++ config.base[38]FIXam=/work2/noaa/global/role-global/GFS_CI_CD/ORION/CI/3680/global-workflow/fix/am
+++ config.base[39]export FIXaer=/work2/noaa/global/role-global/GFS_CI_CD/ORION/CI/3680/global-workflow/fix/aer
+++ config.base[39]FIXaer=/work2/noaa/global/role-global/GFS_CI_CD/ORION/CI/3680/global-workflow/fix/aer
+++ config.base[40]export FIXcpl=/work2/noaa/global/role-global/GFS_CI_CD/ORION/CI/3680/global-workflow/fix/cpl
+++ config.base[40]FIXcpl=/work2/noaa/global/role-global/GFS_CI_CD/ORION/CI/3680/global-workflow/fix/cpl
+++ config.base[41]export FIXlut=/work2/noaa/global/role-global/GFS_CI_CD/ORION/CI/3680/global-workflow/fix/lut
+++ config.base[41]FIXlut=/work2/noaa/global/role-global/GFS_CI_CD/ORION/CI/3680/global-workflow/fix/lut
+++ config.base[42]export FIXcice=/work2/noaa/global/role-global/GFS_CI_CD/ORION/CI/3680/global-workflow/fix/cice
+++ config.base[42]FIXcice=/work2/noaa/global/role-global/GFS_CI_CD/ORION/CI/3680/global-workflow/fix/cice
+++ config.base[43]export FIXmom=/work2/noaa/global/role-global/GFS_CI_CD/ORION/CI/3680/global-workflow/fix/mom6
+++ config.base[43]FIXmom=/work2/noaa/global/role-global/GFS_CI_CD/ORION/CI/3680/global-workflow/fix/mom6
+++ config.base[44]export FIXreg2grb2=/work2/noaa/global/role-global/GFS_CI_CD/ORION/CI/3680/global-workflow/fix/reg2grb2
+++ config.base[44]FIXreg2grb2=/work2/noaa/global/role-global/GFS_CI_CD/ORION/CI/3680/global-workflow/fix/reg2grb2
+++ config.base[45]export FIXgdas=/work2/noaa/global/role-global/GFS_CI_CD/ORION/CI/3680/global-workflow/fix/gdas
+++ config.base[45]FIXgdas=/work2/noaa/global/role-global/GFS_CI_CD/ORION/CI/3680/global-workflow/fix/gdas
+++ config.base[50]export PACKAGEROOT=/work2/noaa/global/role-global/nwpara
+++ config.base[50]PACKAGEROOT=/work2/noaa/global/role-global/nwpara
+++ config.base[51]export COMROOT=/work2/noaa/global/role-global/GFS_CI_CD/ORION/CI/3680/RUNTESTS/COMROOT
+++ config.base[51]COMROOT=/work2/noaa/global/role-global/GFS_CI_CD/ORION/CI/3680/RUNTESTS/COMROOT
+++ config.base[52]export COMINsyn=/work2/noaa/global/role-global/com/gfs/prod/syndat
+++ config.base[52]COMINsyn=/work2/noaa/global/role-global/com/gfs/prod/syndat
+++ config.base[53]export DMPDIR=/work/noaa/rstprod/dump
+++ config.base[53]DMPDIR=/work/noaa/rstprod/dump
+++ config.base[57]export COMINecmwf=/work2/noaa/global/role-global/data/external_gempak/ecmwf
+++ config.base[57]COMINecmwf=/work2/noaa/global/role-global/data/external_gempak/ecmwf
+++ config.base[58]export COMINnam=/work2/noaa/global/role-global/data/external_gempak/nam
+++ config.base[58]COMINnam=/work2/noaa/global/role-global/data/external_gempak/nam
+++ config.base[59]export COMINukmet=/work2/noaa/global/role-global/data/external_gempak/ukmet
+++ config.base[59]COMINukmet=/work2/noaa/global/role-global/data/external_gempak/ukmet
+++ config.base[62]export HOMEDIR=/work2/noaa/global/role-global
+++ config.base[62]HOMEDIR=/work2/noaa/global/role-global
+++ config.base[63]export STMP=/work2/noaa/stmp/role-global/ORION
+++ config.base[63]STMP=/work2/noaa/stmp/role-global/ORION
+++ config.base[64]export PTMP=/work2/noaa/stmp/role-global/ORION
+++ config.base[64]PTMP=/work2/noaa/stmp/role-global/ORION
+++ config.base[65]export NOSCRUB=/work2/noaa/global/role-global
+++ config.base[65]NOSCRUB=/work2/noaa/global/role-global
+++ config.base[68]export BASE_GIT=/work2/noaa/global/role-global/git
+++ config.base[68]BASE_GIT=/work2/noaa/global/role-global/git
+++ config.base[71]export BASE_DATA=/work2/noaa/global/role-global/data
+++ config.base[71]BASE_DATA=/work2/noaa/global/role-global/data
+++ config.base[74]export DO_GOES=NO
+++ config.base[74]DO_GOES=NO
+++ config.base[75]export DO_BUFRSND=NO
+++ config.base[75]DO_BUFRSND=NO
+++ config.base[76]export DO_GEMPAK=NO
+++ config.base[76]DO_GEMPAK=NO
+++ config.base[77]export DO_AWIPS=NO
+++ config.base[77]DO_AWIPS=NO
+++ config.base[78]export DO_NPOESS=NO
+++ config.base[78]DO_NPOESS=NO
+++ config.base[79]export DO_TRACKER=YES
+++ config.base[79]DO_TRACKER=YES
+++ config.base[80]export DO_GENESIS=YES
+++ config.base[80]DO_GENESIS=YES
+++ config.base[81]export DO_GENESIS_FSU=NO
+++ config.base[81]DO_GENESIS_FSU=NO
+++ config.base[82]export DO_VERFOZN=YES
+++ config.base[82]DO_VERFOZN=YES
+++ config.base[83]export DO_VERFRAD=YES
+++ config.base[83]DO_VERFRAD=YES
+++ config.base[84]export DO_VMINMON=YES
+++ config.base[84]DO_VMINMON=YES
+++ config.base[85]export DO_ANLSTAT=NO
+++ config.base[85]DO_ANLSTAT=NO
+++ config.base[88]export MODE=forecast-only
+++ config.base[88]MODE=forecast-only
+++ config.base[89]export DO_TEST_MODE=YES
+++ config.base[89]DO_TEST_MODE=YES
+++ config.base[98]export FIXgsi=/work2/noaa/global/role-global/GFS_CI_CD/ORION/CI/3680/global-workflow/fix/gsi
+++ config.base[98]FIXgsi=/work2/noaa/global/role-global/GFS_CI_CD/ORION/CI/3680/global-workflow/fix/gsi
+++ config.base[99]export HOMEpost=/work2/noaa/global/role-global/GFS_CI_CD/ORION/CI/3680/global-workflow
+++ config.base[99]HOMEpost=/work2/noaa/global/role-global/GFS_CI_CD/ORION/CI/3680/global-workflow
+++ config.base[100]export HOMEobsproc=/work2/noaa/global/role-global/git/obsproc/v1.2.0
+++ config.base[100]HOMEobsproc=/work2/noaa/global/role-global/git/obsproc/v1.2.0
+++ config.base[103]export 'NCP=/bin/cp -p'
+++ config.base[103]NCP='/bin/cp -p'
+++ config.base[104]export NMV=/bin/mv
+++ config.base[104]NMV=/bin/mv
+++ config.base[105]export 'NLN=/bin/ln -sf'
+++ config.base[105]NLN='/bin/ln -sf'
+++ config.base[106]export VERBOSE=YES
+++ config.base[106]VERBOSE=YES
+++ config.base[107]export KEEPDATA=NO
+++ config.base[107]KEEPDATA=NO
+++ config.base[108]export DEBUG_POSTSCRIPT=NO
+++ config.base[108]DEBUG_POSTSCRIPT=NO
+++ config.base[109]export CHGRP_RSTPROD=YES
+++ config.base[109]CHGRP_RSTPROD=YES
+++ config.base[110]export 'CHGRP_CMD=chgrp rstprod'
+++ config.base[110]CHGRP_CMD='chgrp rstprod'
+++ config.base[111]export NCDUMP=/work/noaa/epic/role-epic/spack-stack/orion/spack-stack-1.6.0/envs/unified-env-rocky9/install/intel/2021.9.0/netcdf-c-4.9.2-oup2wyi/bin/ncdump
+++ config.base[111]NCDUMP=/work/noaa/epic/role-epic/spack-stack/orion/spack-stack-1.6.0/envs/unified-env-rocky9/install/intel/2021.9.0/netcdf-c-4.9.2-oup2wyi/bin/ncdump
+++ config.base[112]export NCLEN=/work2/noaa/global/role-global/GFS_CI_CD/ORION/CI/3680/global-workflow/ush/getncdimlen
+++ config.base[112]NCLEN=/work2/noaa/global/role-global/GFS_CI_CD/ORION/CI/3680/global-workflow/ush/getncdimlen
+++ config.base[115]export BASE_ENV=/work2/noaa/global/role-global/GFS_CI_CD/ORION/CI/3680/global-workflow/env
+++ config.base[115]BASE_ENV=/work2/noaa/global/role-global/GFS_CI_CD/ORION/CI/3680/global-workflow/env
+++ config.base[118]export SDATE=2021032312
+++ config.base[118]SDATE=2021032312
+++ config.base[119]export EDATE=2021032312
+++ config.base[119]EDATE=2021032312
+++ config.base[120]export EXP_WARM_START=.false.
+++ config.base[120]EXP_WARM_START=.false.
+++ config.base[121]export assim_freq=6
+++ config.base[121]assim_freq=6
+++ config.base[122]export PSLOT=C48_ATM_c72db5b3
+++ config.base[122]PSLOT=C48_ATM_c72db5b3
+++ config.base[123]export EXPDIR=/work2/noaa/global/role-global/GFS_CI_CD/ORION/CI/3680/RUNTESTS/EXPDIR/C48_ATM_c72db5b3
+++ config.base[123]EXPDIR=/work2/noaa/global/role-global/GFS_CI_CD/ORION/CI/3680/RUNTESTS/EXPDIR/C48_ATM_c72db5b3
+++ config.base[124]export ROTDIR=/work2/noaa/global/role-global/GFS_CI_CD/ORION/CI/3680/RUNTESTS/COMROOT/C48_ATM_c72db5b3
+++ config.base[124]ROTDIR=/work2/noaa/global/role-global/GFS_CI_CD/ORION/CI/3680/RUNTESTS/COMROOT/C48_ATM_c72db5b3
+++ config.base[125]export ROTDIR_DUMP=YES
+++ config.base[125]ROTDIR_DUMP=YES
+++ config.base[126]export DUMP_SUFFIX=
+++ config.base[126]DUMP_SUFFIX=
+++ config.base[127][[ 2021032312 -ge 2019092100 ]]
+++ config.base[127][[ 2021032312 -le 2019110700 ]]
+++ config.base[130]export ARCDIR=/work2/noaa/global/role-global/archive/C48_ATM_c72db5b3
+++ config.base[130]ARCDIR=/work2/noaa/global/role-global/archive/C48_ATM_c72db5b3
+++ config.base[131]export ATARDIR=/NCEPDEV/emc-global/1year/role-global/ORION/scratch/C48_ATM_c72db5b3
+++ config.base[131]ATARDIR=/NCEPDEV/emc-global/1year/role-global/ORION/scratch/C48_ATM_c72db5b3
+++ config.base[132]export FETCHDIR=/NCEPDEV/emc-global/1year/David.Grumm/test_data
+++ config.base[132]FETCHDIR=/NCEPDEV/emc-global/1year/David.Grumm/test_data
+++ config.base[135]export envir=prod
+++ config.base[135]envir=prod
+++ config.base[136]export NET=gfs
+++ config.base[136]NET=gfs
+++ config.base[137]export RUN=gfs
+++ config.base[137]RUN=gfs
+++ config.base[140]source /work2/noaa/global/role-global/GFS_CI_CD/ORION/CI/3680/RUNTESTS/EXPDIR/C48_ATM_c72db5b3/config.com
++++ config.com[4]echo 'BEGIN: config.com'
BEGIN: config.com
++++ config.com[37][[ emc == \n\c\o ]]
++++ config.com[41]COM_OBS_TMPL='${ROTDIR}/${RUN}.${YMD}/${HH}/obs'
++++ config.com[42]COM_RTOFS_TMPL='${DMPDIR}'
++++ config.com[44]declare -rx COM_OBS_TMPL COM_RTOFS_TMPL
++++ config.com[45]declare -rx 'COM_OBSDMP_TMPL=${DMPDIR}/${DUMP}${DUMP_SUFFIX}.${YMD}/${HH}/atmos'
++++ config.com[47]COM_BASE='${ROTDIR}/${RUN}.${YMD}/${HH}/${MEMDIR}'
++++ config.com[49]declare -rx 'COM_TOP_TMPL=${ROTDIR}/${RUN}.${YMD}/${HH}'
++++ config.com[51]declare -rx 'COM_CONF_TMPL=${ROTDIR}/${RUN}.${YMD}/${HH}/${MEMDIR}/conf'
++++ config.com[52]declare -rx 'COM_OBS_JEDI=${ROTDIR}/${RUN}.${YMD}/${HH}/${MEMDIR}/obs_jedi'
++++ config.com[54]declare -rx 'COM_ATMOS_INPUT_TMPL=${ROTDIR}/${RUN}.${YMD}/${HH}/${MEMDIR}/model/atmos/input'
++++ config.com[55]declare -rx 'COM_ATMOS_RESTART_TMPL=${ROTDIR}/${RUN}.${YMD}/${HH}/${MEMDIR}/model/atmos/restart'
++++ config.com[56]declare -rx 'COM_ATMOS_ANALYSIS_TMPL=${ROTDIR}/${RUN}.${YMD}/${HH}/${MEMDIR}/analysis/atmos'
++++ config.com[57]declare -rx 'COM_SNOW_ANALYSIS_TMPL=${ROTDIR}/${RUN}.${YMD}/${HH}/${MEMDIR}/analysis/snow'
++++ config.com[58]declare -rx 'COM_SNOW_ANLMON_TMPL=${ROTDIR}/${RUN}.${YMD}/${HH}/${MEMDIR}/products/snow/anlmon'
++++ config.com[59]declare -rx 'COM_ATMOS_HISTORY_TMPL=${ROTDIR}/${RUN}.${YMD}/${HH}/${MEMDIR}/model/atmos/history'
++++ config.com[60]declare -rx 'COM_ATMOS_MASTER_TMPL=${ROTDIR}/${RUN}.${YMD}/${HH}/${MEMDIR}/model/atmos/master'
++++ config.com[61]declare -rx 'COM_ATMOS_GRIB_TMPL=${ROTDIR}/${RUN}.${YMD}/${HH}/${MEMDIR}/products/atmos/grib2'
++++ config.com[62]declare -rx 'COM_ATMOS_GRIB_GRID_TMPL=${ROTDIR}/${RUN}.${YMD}/${HH}/${MEMDIR}/products/atmos/grib2/${GRID}'
++++ config.com[63]declare -rx 'COM_ATMOS_BUFR_TMPL=${ROTDIR}/${RUN}.${YMD}/${HH}/${MEMDIR}/products/atmos/bufr'
++++ config.com[64]declare -rx 'COM_ATMOS_GEMPAK_TMPL=${ROTDIR}/${RUN}.${YMD}/${HH}/${MEMDIR}/products/atmos/gempak/${GRID}'
++++ config.com[65]declare -rx 'COM_ATMOS_GENESIS_TMPL=${ROTDIR}/${RUN}.${YMD}/${HH}/${MEMDIR}/products/atmos/cyclone/genesis_vital'
++++ config.com[66]declare -rx 'COM_ATMOS_TRACK_TMPL=${ROTDIR}/${RUN}.${YMD}/${HH}/${MEMDIR}/products/atmos/cyclone/tracks'
++++ config.com[67]declare -rx 'COM_ATMOS_GOES_TMPL=${ROTDIR}/${RUN}.${YMD}/${HH}/${MEMDIR}/products/atmos/goes_sim'
++++ config.com[68]declare -rx 'COM_ATMOS_IMAGERY_TMPL=${ROTDIR}/${RUN}.${YMD}/${HH}/${MEMDIR}/products/atmos/imagery'
++++ config.com[69]declare -rx 'COM_ATMOS_OZNMON_TMPL=${ROTDIR}/${RUN}.${YMD}/${HH}/${MEMDIR}/products/atmos/oznmon'
++++ config.com[70]declare -rx 'COM_ATMOS_RADMON_TMPL=${ROTDIR}/${RUN}.${YMD}/${HH}/${MEMDIR}/products/atmos/radmon'
++++ config.com[71]declare -rx 'COM_ATMOS_MINMON_TMPL=${ROTDIR}/${RUN}.${YMD}/${HH}/${MEMDIR}/products/atmos/minmon'
++++ config.com[72]declare -rx 'COM_ATMOS_ANLMON_TMPL=${ROTDIR}/${RUN}.${YMD}/${HH}/${MEMDIR}/products/atmos/anlmon'
++++ config.com[73]declare -rx 'COM_ATMOS_WMO_TMPL=${ROTDIR}/${RUN}.${YMD}/${HH}/${MEMDIR}/products/atmos/wmo'
++++ config.com[75]declare -rx 'COM_WAVE_RESTART_TMPL=${ROTDIR}/${RUN}.${YMD}/${HH}/${MEMDIR}/model/wave/restart'
++++ config.com[76]declare -rx 'COM_WAVE_PREP_TMPL=${ROTDIR}/${RUN}.${YMD}/${HH}/${MEMDIR}/model/wave/prep'
++++ config.com[77]declare -rx 'COM_WAVE_HISTORY_TMPL=${ROTDIR}/${RUN}.${YMD}/${HH}/${MEMDIR}/model/wave/history'
++++ config.com[78]declare -rx 'COM_WAVE_GRID_TMPL=${ROTDIR}/${RUN}.${YMD}/${HH}/${MEMDIR}/products/wave/gridded'
++++ config.com[79]declare -rx 'COM_WAVE_GRID_RES_TMPL=${ROTDIR}/${RUN}.${YMD}/${HH}/${MEMDIR}/products/wave/gridded/${GRDRESNAME}'
++++ config.com[80]declare -rx 'COM_WAVE_STATION_TMPL=${ROTDIR}/${RUN}.${YMD}/${HH}/${MEMDIR}/products/wave/station'
++++ config.com[81]declare -rx 'COM_WAVE_GEMPAK_TMPL=${ROTDIR}/${RUN}.${YMD}/${HH}/${MEMDIR}/products/wave/gempak'
++++ config.com[82]declare -rx 'COM_WAVE_WMO_TMPL=${ROTDIR}/${RUN}.${YMD}/${HH}/${MEMDIR}/products/wave/wmo'
++++ config.com[84]declare -rx 'COM_OCEAN_HISTORY_TMPL=${ROTDIR}/${RUN}.${YMD}/${HH}/${MEMDIR}/model/ocean/history'
++++ config.com[85]declare -rx 'COM_OCEAN_RESTART_TMPL=${ROTDIR}/${RUN}.${YMD}/${HH}/${MEMDIR}/model/ocean/restart'
++++ config.com[86]declare -rx 'COM_OCEAN_INPUT_TMPL=${ROTDIR}/${RUN}.${YMD}/${HH}/${MEMDIR}/model/ocean/input'
++++ config.com[87]declare -rx 'COM_OCEAN_ANALYSIS_TMPL=${ROTDIR}/${RUN}.${YMD}/${HH}/${MEMDIR}/analysis/ocean'
++++ config.com[88]declare -rx 'COM_OCEAN_ANLMON_TMPL=${ROTDIR}/${RUN}.${YMD}/${HH}/${MEMDIR}/products/ocean/anlmon'
++++ config.com[89]declare -rx 'COM_OCEAN_LETKF_TMPL=${ROTDIR}/${RUN}.${YMD}/${HH}/${MEMDIR}/analysis/ocean/letkf'
++++ config.com[90]declare -rx 'COM_OCEAN_BMATRIX_TMPL=${ROTDIR}/${RUN}.${YMD}/${HH}/${MEMDIR}/bmatrix/ocean'
++++ config.com[91]declare -rx 'COM_OCEAN_NETCDF_TMPL=${ROTDIR}/${RUN}.${YMD}/${HH}/${MEMDIR}/products/ocean/netcdf'
++++ config.com[92]declare -rx 'COM_OCEAN_GRIB_TMPL=${ROTDIR}/${RUN}.${YMD}/${HH}/${MEMDIR}/products/ocean/grib2'
++++ config.com[93]declare -rx 'COM_OCEAN_GRIB_GRID_TMPL=${ROTDIR}/${RUN}.${YMD}/${HH}/${MEMDIR}/products/ocean/grib2/${GRID}'
++++ config.com[95]declare -rx 'COM_ICE_ANALYSIS_TMPL=${ROTDIR}/${RUN}.${YMD}/${HH}/${MEMDIR}/analysis/ice'
++++ config.com[96]declare -rx 'COM_ICE_LETKF_TMPL=${ROTDIR}/${RUN}.${YMD}/${HH}/${MEMDIR}/analysis/ice/letkf'
++++ config.com[97]declare -rx 'COM_ICE_ANLMON_TMPL=${ROTDIR}/${RUN}.${YMD}/${HH}/${MEMDIR}/products/ice/anlmon'
++++ config.com[98]declare -rx 'COM_ICE_BMATRIX_TMPL=${ROTDIR}/${RUN}.${YMD}/${HH}/${MEMDIR}/bmatrix/ice'
++++ config.com[99]declare -rx 'COM_ICE_INPUT_TMPL=${ROTDIR}/${RUN}.${YMD}/${HH}/${MEMDIR}/model/ice/input'
++++ config.com[100]declare -rx 'COM_ICE_HISTORY_TMPL=${ROTDIR}/${RUN}.${YMD}/${HH}/${MEMDIR}/model/ice/history'
++++ config.com[101]declare -rx 'COM_ICE_RESTART_TMPL=${ROTDIR}/${RUN}.${YMD}/${HH}/${MEMDIR}/model/ice/restart'
++++ config.com[102]declare -rx 'COM_ICE_NETCDF_TMPL=${ROTDIR}/${RUN}.${YMD}/${HH}/${MEMDIR}/products/ice/netcdf'
++++ config.com[103]declare -rx 'COM_ICE_GRIB_TMPL=${ROTDIR}/${RUN}.${YMD}/${HH}/${MEMDIR}/products/ice/grib2'
++++ config.com[104]declare -rx 'COM_ICE_GRIB_GRID_TMPL=${ROTDIR}/${RUN}.${YMD}/${HH}/${MEMDIR}/products/ice/grib2/${GRID}'
++++ config.com[106]declare -rx 'COM_CHEM_HISTORY_TMPL=${ROTDIR}/${RUN}.${YMD}/${HH}/${MEMDIR}/model/chem/history'
++++ config.com[107]declare -rx 'COM_CHEM_ANALYSIS_TMPL=${ROTDIR}/${RUN}.${YMD}/${HH}/${MEMDIR}/analysis/chem'
++++ config.com[108]declare -rx 'COM_CHEM_BMAT_TMPL=${ROTDIR}/${RUN}.${YMD}/${HH}/${MEMDIR}/analysis/chem/bmatrix'
++++ config.com[109]declare -rx 'COM_CHEM_ANLMON_TMPL=${ROTDIR}/${RUN}.${YMD}/${HH}/${MEMDIR}/products/chem/anlmon'
++++ config.com[111]declare -rx 'COM_MED_RESTART_TMPL=${ROTDIR}/${RUN}.${YMD}/${HH}/${MEMDIR}/model/med/restart'
+++ config.base[143]export 'ERRSCRIPT=eval [[ $err = 0 ]]'
+++ config.base[143]ERRSCRIPT='eval [[ $err = 0 ]]'
+++ config.base[144]export LOGSCRIPT=
+++ config.base[144]LOGSCRIPT=
+++ config.base[147]export 'REDOUT=1>'
+++ config.base[147]REDOUT='1>'
+++ config.base[148]export 'REDERR=2>'
+++ config.base[148]REDERR='2>'
+++ config.base[150]export SENDECF=NO
+++ config.base[150]SENDECF=NO
+++ config.base[151]export SENDSDM=NO
+++ config.base[151]SENDSDM=NO
+++ config.base[152]export SENDDBN_NTC=NO
+++ config.base[152]SENDDBN_NTC=NO
+++ config.base[153]export SENDDBN=NO
+++ config.base[153]SENDDBN=NO
+++ config.base[154]export DBNROOT=/work/noaa/epic/role-epic/spack-stack/orion/spack-stack-1.6.0/envs/unified-env-rocky9/install/intel/2021.9.0/prod-util-2.1.1-g53ohf4/fakedbn
+++ config.base[154]DBNROOT=/work/noaa/epic/role-epic/spack-stack/orion/spack-stack-1.6.0/envs/unified-env-rocky9/install/intel/2021.9.0/prod-util-2.1.1-g53ohf4/fakedbn
+++ config.base[157]export APP=ATM
+++ config.base[157]APP=ATM
+++ config.base[159]shopt -s extglob
+++ config.base[162]case "${RUN}" in
+++ config.base[169]shopt -u extglob
+++ config.base[172]export DO_ATM=YES
+++ config.base[172]DO_ATM=YES
+++ config.base[173]export DO_COUPLED=NO
+++ config.base[173]DO_COUPLED=NO
+++ config.base[174]export DO_WAVE=NO
+++ config.base[174]DO_WAVE=NO
+++ config.base[175]export DO_OCN=NO
+++ config.base[175]DO_OCN=NO
+++ config.base[176]export DO_ICE=NO
+++ config.base[176]DO_ICE=NO
+++ config.base[177]DO_AERO=NO
+++ config.base[178]export DO_PREP_OBS_AERO=NO
+++ config.base[178]DO_PREP_OBS_AERO=NO
+++ config.base[179]aero_fcst_runs=gdas
+++ config.base[180]aero_anl_runs='gdas gfs'
+++ config.base[181]export DO_AERO_FCST=NO
+++ config.base[181]DO_AERO_FCST=NO
+++ config.base[182]export DO_AERO_ANL=NO
+++ config.base[182]DO_AERO_ANL=NO
+++ config.base[183]export DOBNDPNT_WAVE=NO
+++ config.base[183]DOBNDPNT_WAVE=NO
+++ config.base[184]export DOIBP_WAV=NO
+++ config.base[184]DOIBP_WAV=NO
+++ config.base[185]export FRAC_GRID=.true.
+++ config.base[185]FRAC_GRID=.true.
+++ config.base[186]export DO_NEST=NO
+++ config.base[186]DO_NEST=NO
+++ config.base[187][[ NO == \Y\E\S ]]
+++ config.base[193]export ntiles=6
+++ config.base[193]ntiles=6
+++ config.base[194]export FIXugwd=/work2/noaa/global/role-global/GFS_CI_CD/ORION/CI/3680/global-workflow/fix/ugwd
+++ config.base[194]FIXugwd=/work2/noaa/global/role-global/GFS_CI_CD/ORION/CI/3680/global-workflow/fix/ugwd
+++ config.base[195]export FIXorog=/work2/noaa/global/role-global/GFS_CI_CD/ORION/CI/3680/global-workflow/fix/orog
+++ config.base[195]FIXorog=/work2/noaa/global/role-global/GFS_CI_CD/ORION/CI/3680/global-workflow/fix/orog
+++ config.base[199]export OPS_RES=C768
+++ config.base[199]OPS_RES=C768
+++ config.base[202]export LEVS=128
+++ config.base[202]LEVS=128
+++ config.base[203]export CASE=C48
+++ config.base[203]CASE=C48
+++ config.base[204]export 'CASE_ENS={{ CASE_ENS }}'
+++ config.base[204]CASE_ENS='{{ CASE_ENS }}'
+++ config.base[205]export OCNRES=500
+++ config.base[205]OCNRES=500
+++ config.base[206]export ICERES=500
+++ config.base[206]ICERES=500
+++ config.base[209]case "${CASE}" in
+++ config.base[211]export waveGRD=uglo_100km
+++ config.base[211]waveGRD=uglo_100km
+++ config.base[228]case "${APP}" in
+++ config.base[263][[ NO == \Y\E\S ]]
+++ config.base[273][[ gfs =~ gdas ]]
+++ config.base[276][[ gfs =~ gfs ]]
+++ config.base[277]export FHCYC=24
+++ config.base[277]FHCYC=24
+++ config.base[281]export FHMIN=0
+++ config.base[281]FHMIN=0
+++ config.base[282]export FHMAX=9
+++ config.base[282]FHMAX=9
+++ config.base[283]export FHOUT=3
+++ config.base[283]FHOUT=3
+++ config.base[284]export FHOUT_OCN=3
+++ config.base[284]FHOUT_OCN=3
+++ config.base[285]export FHOUT_ICE=3
+++ config.base[285]FHOUT_ICE=3
+++ config.base[286]export FHOUT_AERO=3
+++ config.base[286]FHOUT_AERO=3
+++ config.base[289]export EUPD_CYC=gdas
+++ config.base[289]EUPD_CYC=gdas
+++ config.base[292]export INTERVAL_GFS=6
+++ config.base[292]INTERVAL_GFS=6
+++ config.base[293]export SDATE_GFS=2021032312
+++ config.base[293]SDATE_GFS=2021032312
+++ config.base[296]export FHMIN_GFS=0
+++ config.base[296]FHMIN_GFS=0
+++ config.base[297]export FHMAX_GFS=120
+++ config.base[297]FHMAX_GFS=120
+++ config.base[299]breakpnts=
+++ config.base[300]export FCST_SEGMENTS=0,120
+++ config.base[300]FCST_SEGMENTS=0,120
+++ config.base[301]export FHOUT_GFS=3
+++ config.base[301]FHOUT_GFS=3
+++ config.base[302]export FHMAX_HF_GFS=0
+++ config.base[302]FHMAX_HF_GFS=0
+++ config.base[303]export FHOUT_HF_GFS=1
+++ config.base[303]FHOUT_HF_GFS=1
+++ config.base[304]export FHOUT_OCN_GFS=6
+++ config.base[304]FHOUT_OCN_GFS=6
+++ config.base[305]export FHOUT_ICE_GFS=6
+++ config.base[305]FHOUT_ICE_GFS=6
+++ config.base[306]export FHMIN_WAV=0
+++ config.base[306]FHMIN_WAV=0
+++ config.base[307]export FHOUT_WAV=3
+++ config.base[307]FHOUT_WAV=3
+++ config.base[308]export FHMAX_HF_WAV=120
+++ config.base[308]FHMAX_HF_WAV=120
+++ config.base[309]export FHOUT_HF_WAV=1
+++ config.base[309]FHOUT_HF_WAV=1
+++ config.base[310]export FHMAX_WAV=9
+++ config.base[310]FHMAX_WAV=9
+++ config.base[311]export FHMAX_WAV_GFS=120
+++ config.base[311]FHMAX_WAV_GFS=120
+++ config.base[312]export FHMAX_HF_GFS=0
+++ config.base[312]FHMAX_HF_GFS=0
+++ config.base[313]export FHMAX_WAV=9
+++ config.base[313]FHMAX_WAV=9
+++ config.base[314]export FHMAX_WAV_GFS=120
+++ config.base[314]FHMAX_WAV_GFS=120
+++ config.base[315]export FHMAX_HF_WAV=120
+++ config.base[315]FHMAX_HF_WAV=120
+++ config.base[318]export ILPOST=1
+++ config.base[318]ILPOST=1
+++ config.base[319]((  FHMAX_HF_GFS < 120  ))
+++ config.base[320]export ILPOST=3
+++ config.base[320]ILPOST=3
+++ config.base[324]export FHMAX_GOES=180
+++ config.base[324]FHMAX_GOES=180
+++ config.base[325]export FHOUT_GOES=3
+++ config.base[325]FHOUT_GOES=3
+++ config.base[326]((  FHMAX_GOES > FHMAX_GFS  ))
+++ config.base[327]export FHMAX_GOES=120
+++ config.base[327]FHMAX_GOES=120
+++ config.base[331]export restart_interval_gfs=12
+++ config.base[331]restart_interval_gfs=12
+++ config.base[336]export QUILTING=.true.
+++ config.base[336]QUILTING=.true.
+++ config.base[337]export OUTPUT_GRID=gaussian_grid
+++ config.base[337]OUTPUT_GRID=gaussian_grid
+++ config.base[338]export WRITE_DOPOST=.true.
+++ config.base[338]WRITE_DOPOST=.true.
+++ config.base[339]export WRITE_NSFLIP=.true.
+++ config.base[339]WRITE_NSFLIP=.true.
+++ config.base[342]export DOIAU=YES
+++ config.base[342]DOIAU=YES
+++ config.base[343]export IAUFHRS=3,6,9
+++ config.base[343]IAUFHRS=3,6,9
+++ config.base[344]export IAU_FHROT=3
+++ config.base[344]IAU_FHROT=3
+++ config.base[345]export IAU_DELTHRS=6
+++ config.base[345]IAU_DELTHRS=6
+++ config.base[346]export IAU_OFFSET=6
+++ config.base[346]IAU_OFFSET=6
+++ config.base[347]export DOIAU_ENKF=YES
+++ config.base[347]DOIAU_ENKF=YES
+++ config.base[348]export IAUFHRS_ENKF=3,6,9
+++ config.base[348]IAUFHRS_ENKF=3,6,9
+++ config.base[349]export IAU_DELTHRS_ENKF=6
+++ config.base[349]IAU_DELTHRS_ENKF=6
+++ config.base[352]export lobsdiag_forenkf=.true.
+++ config.base[352]lobsdiag_forenkf=.true.
+++ config.base[360]export imp_physics=8
+++ config.base[360]imp_physics=8
+++ config.base[364]export DO_JEDIATMVAR=NO
+++ config.base[364]DO_JEDIATMVAR=NO
+++ config.base[365]export DO_JEDIATMENS=NO
+++ config.base[365]DO_JEDIATMENS=NO
+++ config.base[366]export DO_JEDIOCNVAR=NO
+++ config.base[366]DO_JEDIOCNVAR=NO
+++ config.base[367]export DO_JEDISNOWDA=NO
+++ config.base[367]DO_JEDISNOWDA=NO
+++ config.base[368]export DO_MERGENSST=NO
+++ config.base[368]DO_MERGENSST=NO
+++ config.base[369]export DO_STARTMEM_FROM_JEDIICE=NO
+++ config.base[369]DO_STARTMEM_FROM_JEDIICE=NO
+++ config.base[372]export 'DOHYBVAR={{ DOHYBVAR }}'
+++ config.base[372]DOHYBVAR='{{ DOHYBVAR }}'
+++ config.base[373]export DOHYBVAR_OCN=NO
+++ config.base[373]DOHYBVAR_OCN=NO
+++ config.base[374]export DOLETKF_OCN=NO
+++ config.base[374]DOLETKF_OCN=NO
+++ config.base[375]export NMEM_ENS=0
+++ config.base[375]NMEM_ENS=0
+++ config.base[376]export SMOOTH_ENKF=NO
+++ config.base[376]SMOOTH_ENKF=NO
+++ config.base[377]export l4densvar=.true.
+++ config.base[377]l4densvar=.true.
+++ config.base[378]export lwrite4danl=.true.
+++ config.base[378]lwrite4danl=.true.
+++ config.base[379]export DO_CALC_INCREMENT=NO
+++ config.base[379]DO_CALC_INCREMENT=NO
+++ config.base[382]export NMEM_ENS_GFS=30
+++ config.base[382]NMEM_ENS_GFS=30
+++ config.base[383]export NMEM_ENS_GFS_OFFSET=20
+++ config.base[383]NMEM_ENS_GFS_OFFSET=20
+++ config.base[384]export DO_CALC_INCREMENT_ENKF_GFS=NO
+++ config.base[384]DO_CALC_INCREMENT_ENKF_GFS=NO
+++ config.base[387][[ {{ DOHYBVAR }} = \Y\E\S ]]
+++ config.base[401][[ {{ DOHYBVAR }} == \N\O ]]
+++ config.base[409]export ENKF_SPREAD=YES
+++ config.base[409]ENKF_SPREAD=YES
+++ config.base[412][[ forecast-only = \c\y\c\l\e\d ]]
+++ config.base[412][[ YES = \N\O ]]
+++ config.base[412][[ forecast-only = \f\o\r\e\c\a\s\t\-\o\n\l\y ]]
+++ config.base[412][[ .false. = \.\f\a\l\s\e\. ]]
+++ config.base[413]export IAU_OFFSET=0
+++ config.base[413]IAU_OFFSET=0
+++ config.base[414]export IAU_FHROT=0
+++ config.base[414]IAU_FHROT=0
+++ config.base[415]export IAUFHRS=6,
+++ config.base[415]IAUFHRS=6,
+++ config.base[418][[ YES = \N\O ]]
+++ config.base[422][[ YES == \Y\E\S ]]
+++ config.base[423]export restart_interval_enkfgdas=3
+++ config.base[423]restart_interval_enkfgdas=3
+++ config.base[428]export restart_interval_enkfgfs=3
+++ config.base[428]restart_interval_enkfgfs=3
+++ config.base[430][[ YES == \Y\E\S ]]
+++ config.base[431]export restart_interval_gdas=3
+++ config.base[431]restart_interval_gdas=3
+++ config.base[436]export DO_GSISOILDA=NO
+++ config.base[436]DO_GSISOILDA=NO
+++ config.base[439]export DONST=YES
+++ config.base[439]DONST=YES
+++ config.base[440][[ YES = \Y\E\S ]]
+++ config.base[440]export 'FNTSFA=        '
+++ config.base[440]FNTSFA='        '
+++ config.base[443]export nst_anl=.true.
+++ config.base[443]nst_anl=.true.
+++ config.base[446]export MAKE_NSSTBUFR=NO
+++ config.base[446]MAKE_NSSTBUFR=NO
+++ config.base[449]export MAKE_ACFTBUFR=NO
+++ config.base[449]MAKE_ACFTBUFR=NO
+++ config.base[452]export 'INCREMENTS_TO_ZERO='\''liq_wat_inc'\'','\''icmr_inc'\'','\''rwmr_inc'\'','\''snmr_inc'\'','\''grle_inc'\'''
+++ config.base[452]INCREMENTS_TO_ZERO=''\''liq_wat_inc'\'','\''icmr_inc'\'','\''rwmr_inc'\'','\''snmr_inc'\'','\''grle_inc'\'''
+++ config.base[455]export 'INCVARS_ZERO_STRAT='\''sphum_inc'\'','\''liq_wat_inc'\'','\''icmr_inc'\'','\''rwmr_inc'\'','\''snmr_inc'\'','\''grle_inc'\'''
+++ config.base[455]INCVARS_ZERO_STRAT=''\''sphum_inc'\'','\''liq_wat_inc'\'','\''icmr_inc'\'','\''rwmr_inc'\'','\''snmr_inc'\'','\''grle_inc'\'''
+++ config.base[456]export INCVARS_EFOLD=5
+++ config.base[456]INCVARS_EFOLD=5
+++ config.base[461]export netcdf_diag=.true.
+++ config.base[461]netcdf_diag=.true.
+++ config.base[462]export binary_diag=.false.
+++ config.base[462]binary_diag=.false.
+++ config.base[465]export DO_CA=YES
+++ config.base[465]DO_CA=YES
+++ config.base[468]export DO_METP=NO
+++ config.base[468]DO_METP=NO
+++ config.base[469]export DO_FIT2OBS=YES
+++ config.base[469]DO_FIT2OBS=YES
+++ config.base[472]export FHMAX_FITS=132
+++ config.base[472]FHMAX_FITS=132
+++ config.base[473][[ 132 -gt 120 ]]
+++ config.base[474]export FHMAX_FITS=120
+++ config.base[474]FHMAX_FITS=120
+++ config.base[479]export DO_FETCH_HPSS=NO
+++ config.base[479]DO_FETCH_HPSS=NO
+++ config.base[480]export DO_FETCH_LOCAL=NO
+++ config.base[480]DO_FETCH_LOCAL=NO
+++ config.base[483]export DO_ARCHCOM=NO
+++ config.base[483]DO_ARCHCOM=NO
+++ config.base[484]export ARCHCOM_TO=globus_hpss
+++ config.base[484]ARCHCOM_TO=globus_hpss
+++ config.base[487]export CLIENT_GLOBUS_UUID=869912fe-f6de-46c0-af10-b22efd84a022
+++ config.base[487]CLIENT_GLOBUS_UUID=869912fe-f6de-46c0-af10-b22efd84a022
+++ config.base[490][[ NO = \Y\E\S ]]
+++ config.base[497][[ NO = \Y\E\S ]]
+++ config.base[497][[ NO = \Y\E\S ]]
+++ config.base[497][[ NO = \Y\E\S\  ]]
+++ config.base[503]export REPLAY_ICS=NO
+++ config.base[503]REPLAY_ICS=NO
+++ config.base[504]export OFFSET_START_HOUR=0
+++ config.base[504]OFFSET_START_HOUR=0
+++ config.base[507]export NUM_SND_COLLECTIVES=9
+++ config.base[507]NUM_SND_COLLECTIVES=9
+++ config.base[509]echo 'END: config.base'
END: config.base
++ jjob_header.sh[106]true
++ jjob_header.sh[107]export err=0
++ jjob_header.sh[107]err=0
++ jjob_header.sh[108]set +x
 completed cleanly
++ jjob_header.sh[105]for config in "${configs[@]:-''}"
++ jjob_header.sh[106]source /work2/noaa/global/role-global/GFS_CI_CD/ORION/CI/3680/RUNTESTS/EXPDIR/C48_ATM_c72db5b3/config.atmos_products
+++ config.atmos_products[6]echo 'BEGIN: config.atmos_products'
BEGIN: config.atmos_products
+++ config.atmos_products[9]. /work2/noaa/global/role-global/GFS_CI_CD/ORION/CI/3680/RUNTESTS/EXPDIR/C48_ATM_c72db5b3/config.resources atmos_products
++++ config.resources[10]((  1 != 1  ))
++++ config.resources[34]step=atmos_products
++++ config.resources[36]echo 'BEGIN: config.resources'
BEGIN: config.resources
++++ config.resources[38]case ${machine} in
++++ config.resources[61]max_tasks_per_node=40
++++ config.resources[63]mem_node_max=180GB
++++ config.resources[106]export max_tasks_per_node
++++ config.resources[108]case ${step} in
++++ config.resources[1005]walltime=00:15:00
++++ config.resources[1006]ntasks=24
++++ config.resources[1007]threads_per_task=1
++++ config.resources[1008]tasks_per_node=24
++++ config.resources[1009]export is_exclusive=True
++++ config.resources[1009]is_exclusive=True
++++ config.resources[1376][[ -f /work2/noaa/global/role-global/GFS_CI_CD/ORION/CI/3680/RUNTESTS/EXPDIR/C48_ATM_c72db5b3/config.resources.ORION ]]
++++ config.resources[1377]source /work2/noaa/global/role-global/GFS_CI_CD/ORION/CI/3680/RUNTESTS/EXPDIR/C48_ATM_c72db5b3/config.resources.ORION
+++++ config.resources.ORION[5]case ${step} in
++++ config.resources[1381]for resource_var in threads_per_task ntasks tasks_per_node NTASKS memory walltime
++++ config.resources[1382]run_resource_var=threads_per_task_gfs
++++ config.resources[1383][[ -n '' ]]
++++ config.resources[1385][[ -n 0 ]]
++++ config.resources[1386]export threads_per_task
++++ config.resources[1381]for resource_var in threads_per_task ntasks tasks_per_node NTASKS memory walltime
++++ config.resources[1382]run_resource_var=ntasks_gfs
++++ config.resources[1383][[ -n '' ]]
++++ config.resources[1385][[ -n 0 ]]
++++ config.resources[1386]export ntasks
++++ config.resources[1381]for resource_var in threads_per_task ntasks tasks_per_node NTASKS memory walltime
++++ config.resources[1382]run_resource_var=tasks_per_node_gfs
++++ config.resources[1383][[ -n '' ]]
++++ config.resources[1385][[ -n 0 ]]
++++ config.resources[1386]export tasks_per_node
++++ config.resources[1381]for resource_var in threads_per_task ntasks tasks_per_node NTASKS memory walltime
++++ config.resources[1382]run_resource_var=NTASKS_gfs
++++ config.resources[1383][[ -n '' ]]
++++ config.resources[1385][[ -n '' ]]
++++ config.resources[1381]for resource_var in threads_per_task ntasks tasks_per_node NTASKS memory walltime
++++ config.resources[1382]run_resource_var=memory_gfs
++++ config.resources[1383][[ -n '' ]]
++++ config.resources[1385][[ -n '' ]]
++++ config.resources[1381]for resource_var in threads_per_task ntasks tasks_per_node NTASKS memory walltime
++++ config.resources[1382]run_resource_var=walltime_gfs
++++ config.resources[1383][[ -n '' ]]
++++ config.resources[1385][[ -n 0 ]]
++++ config.resources[1386]export walltime
++++ config.resources[1390]echo 'END: config.resources'
END: config.resources
+++ config.atmos_products[12]export MAX_TASKS=25
+++ config.atmos_products[12]MAX_TASKS=25
+++ config.atmos_products[15]export INTERP_ATMOS_MASTERSH=/work2/noaa/global/role-global/GFS_CI_CD/ORION/CI/3680/global-workflow/ush/interp_atmos_master.sh
+++ config.atmos_products[15]INTERP_ATMOS_MASTERSH=/work2/noaa/global/role-global/GFS_CI_CD/ORION/CI/3680/global-workflow/ush/interp_atmos_master.sh
+++ config.atmos_products[16]export INTERP_ATMOS_SFLUXSH=/work2/noaa/global/role-global/GFS_CI_CD/ORION/CI/3680/global-workflow/ush/interp_atmos_sflux.sh
+++ config.atmos_products[16]INTERP_ATMOS_SFLUXSH=/work2/noaa/global/role-global/GFS_CI_CD/ORION/CI/3680/global-workflow/ush/interp_atmos_sflux.sh
+++ config.atmos_products[18][[ gfs == \g\d\a\s ]]
+++ config.atmos_products[24][[ gfs == \g\f\s ]]
+++ config.atmos_products[25]export downset=2
+++ config.atmos_products[25]downset=2
+++ config.atmos_products[26]export FHOUT_PGBS=3
+++ config.atmos_products[26]FHOUT_PGBS=3
+++ config.atmos_products[27]export FLXGF=YES
+++ config.atmos_products[27]FLXGF=YES
+++ config.atmos_products[28]export WGNE=YES
+++ config.atmos_products[28]WGNE=YES
+++ config.atmos_products[29]export FHMAX_WGNE=180
+++ config.atmos_products[29]FHMAX_WGNE=180
+++ config.atmos_products[32]export APCP_MSG=597
+++ config.atmos_products[32]APCP_MSG=597
+++ config.atmos_products[35]export paramlista=/work2/noaa/global/role-global/GFS_CI_CD/ORION/CI/3680/global-workflow/parm/product/gfs.fFFF.paramlist.a.txt
+++ config.atmos_products[35]paramlista=/work2/noaa/global/role-global/GFS_CI_CD/ORION/CI/3680/global-workflow/parm/product/gfs.fFFF.paramlist.a.txt
+++ config.atmos_products[36]export paramlista_anl=/work2/noaa/global/role-global/GFS_CI_CD/ORION/CI/3680/global-workflow/parm/product/gfs.anl.paramlist.a.txt
+++ config.atmos_products[36]paramlista_anl=/work2/noaa/global/role-global/GFS_CI_CD/ORION/CI/3680/global-workflow/parm/product/gfs.anl.paramlist.a.txt
+++ config.atmos_products[37]export paramlista_f000=/work2/noaa/global/role-global/GFS_CI_CD/ORION/CI/3680/global-workflow/parm/product/gfs.f000.paramlist.a.txt
+++ config.atmos_products[37]paramlista_f000=/work2/noaa/global/role-global/GFS_CI_CD/ORION/CI/3680/global-workflow/parm/product/gfs.f000.paramlist.a.txt
+++ config.atmos_products[38]export paramlistb=/work2/noaa/global/role-global/GFS_CI_CD/ORION/CI/3680/global-workflow/parm/product/gfs.fFFF.paramlist.b.txt
+++ config.atmos_products[38]paramlistb=/work2/noaa/global/role-global/GFS_CI_CD/ORION/CI/3680/global-workflow/parm/product/gfs.fFFF.paramlist.b.txt
+++ config.atmos_products[40]echo 'END: config.atmos_products'
END: config.atmos_products
++ jjob_header.sh[106]true
++ jjob_header.sh[107]export err=0
++ jjob_header.sh[107]err=0
++ jjob_header.sh[108]set +x
 completed cleanly
++ jjob_header.sh[117]source /work2/noaa/global/role-global/GFS_CI_CD/ORION/CI/3680/global-workflow/env/ORION.env atmos_products
+++ ORION.env[3][[ 1 -ne 1 ]]
+++ ORION.env[10]step=atmos_products
+++ ORION.env[12]export 'launcher=srun -l --export=ALL --hint=nomultithread'
+++ ORION.env[12]launcher='srun -l --export=ALL --hint=nomultithread'
+++ ORION.env[13]export 'mpmd_opt=--multi-prog --output=mpmd.%j.%t.out'
+++ ORION.env[13]mpmd_opt='--multi-prog --output=mpmd.%j.%t.out'
+++ ORION.env[16]export MPI_BUFS_PER_PROC=2048
+++ ORION.env[16]MPI_BUFS_PER_PROC=2048
+++ ORION.env[17]export MPI_BUFS_PER_HOST=2048
+++ ORION.env[17]MPI_BUFS_PER_HOST=2048
+++ ORION.env[18]export MPI_GROUP_MAX=256
+++ ORION.env[18]MPI_GROUP_MAX=256
+++ ORION.env[19]export MPI_MEMMAP_OFF=1
+++ ORION.env[19]MPI_MEMMAP_OFF=1
+++ ORION.env[20]export MP_STDOUTMODE=ORDERED
+++ ORION.env[20]MP_STDOUTMODE=ORDERED
+++ ORION.env[21]export KMP_AFFINITY=scatter
+++ ORION.env[21]KMP_AFFINITY=scatter
+++ ORION.env[22]export OMP_STACKSIZE=2048000
+++ ORION.env[22]OMP_STACKSIZE=2048000
+++ ORION.env[23]export NTHSTACK=1024000000
+++ ORION.env[23]NTHSTACK=1024000000
+++ ORION.env[26]ulimit -s unlimited
+++ ORION.env[27]ulimit -a
real-time non-blocking time  (microseconds, -R) unlimited
core file size              (blocks, -c) 0
data seg size               (kbytes, -d) unlimited
scheduling priority                 (-e) 0
file size                   (blocks, -f) unlimited
pending signals                     (-i) 754653
max locked memory           (kbytes, -l) unlimited
max memory size             (kbytes, -m) 192512000
open files                          (-n) 131072
pipe size                (512 bytes, -p) 8
POSIX message queues         (bytes, -q) 819200
real-time priority                  (-r) 0
stack size                  (kbytes, -s) unlimited
cpu time                   (seconds, -t) unlimited
max user processes                  (-u) 754653
virtual memory              (kbytes, -v) unlimited
file locks                          (-x) unlimited
+++ ORION.env[31][[ -n 24 ]]
+++ ORION.env[31][[ -n 40 ]]
+++ ORION.env[31][[ -n 24 ]]
+++ ORION.env[32]max_threads_per_task=1
+++ ORION.env[33]NTHREADSmax=1
+++ ORION.env[34]NTHREADS1=1
+++ ORION.env[35][[ 1 -gt 1 ]]
+++ ORION.env[38][[ 1 -gt 1 ]]
+++ ORION.env[41]APRUN_default='srun -l --export=ALL --hint=nomultithread -n 24'
+++ ORION.env[47][[ atmos_products = \p\r\e\p ]]
+++ ORION.env[47][[ atmos_products = \p\r\e\p\b\u\f\r ]]
+++ ORION.env[54][[ atmos_products = \p\r\e\p\_\e\m\i\s\s\i\o\n\s ]]
+++ ORION.env[58][[ atmos_products = \w\a\v\e\i\n\i\t ]]
+++ ORION.env[58][[ atmos_products = \w\a\v\e\p\r\e\p ]]
+++ ORION.env[58][[ atmos_products = \w\a\v\e\p\o\s\t\s\b\s ]]
+++ ORION.env[59][[ atmos_products = \w\a\v\e\p\o\s\t\b\n\d\p\n\t ]]
+++ ORION.env[59][[ atmos_products = \w\a\v\e\p\o\s\t\p\n\t ]]
+++ ORION.env[59][[ atmos_products == \w\a\v\e\p\o\s\t\b\n\d\p\n\t\b\l\l ]]
+++ ORION.env[66][[ atmos_products = \a\t\m\a\n\l\v\a\r ]]
+++ ORION.env[71][[ atmos_products = \a\t\m\e\n\s\a\n\l\o\b\s ]]
+++ ORION.env[76][[ atmos_products = \a\t\m\e\n\s\a\n\l\s\o\l ]]
+++ ORION.env[80][[ atmos_products = \a\t\m\e\n\s\a\n\l\l\e\t\k\f ]]
+++ ORION.env[85][[ atmos_products = \a\t\m\e\n\s\a\n\l\f\v\3\i\n\c ]]
+++ ORION.env[90][[ atmos_products = \a\e\r\o\a\n\l\v\a\r ]]
+++ ORION.env[97][[ atmos_products = \a\e\r\o\a\n\l\g\e\n\b ]]
+++ ORION.env[102][[ atmos_products = \p\r\e\p\o\b\s\a\e\r\o ]]
+++ ORION.env[107][[ atmos_products = \s\n\o\w\a\n\l ]]
+++ ORION.env[116][[ atmos_products = \e\s\n\o\w\a\n\l ]]
+++ ORION.env[125][[ atmos_products = \a\t\m\a\n\l\f\v\3\i\n\c ]]
+++ ORION.env[130][[ atmos_products = \m\a\r\i\n\e\b\m\a\t ]]
+++ ORION.env[137][[ atmos_products = \m\a\r\i\n\e\a\n\l\v\a\r ]]
+++ ORION.env[143][[ atmos_products = \m\a\r\i\n\e\a\n\l\c\h\k\p\t ]]
+++ ORION.env[151][[ atmos_products = \o\c\n\a\n\a\l\e\c\e\n ]]
+++ ORION.env[156][[ atmos_products = \m\a\r\i\n\e\a\n\l\l\e\t\k\f ]]
+++ ORION.env[161][[ atmos_products = \a\n\l\s\t\a\t ]]
+++ ORION.env[166][[ atmos_products = \e\c\e\n\_\f\v\3\j\e\d\i ]]
+++ ORION.env[172][[ atmos_products = \a\n\a\l\c\a\l\c\_\f\v\3\j\e\d\i ]]
+++ ORION.env[177][[ atmos_products = \a\n\a\l ]]
+++ ORION.env[177][[ atmos_products = \a\n\a\l\c\a\l\c ]]
+++ ORION.env[206][[ atmos_products = \s\f\c\a\n\l ]]
+++ ORION.env[217][[ atmos_products = \e\o\b\s ]]
+++ ORION.env[232][[ atmos_products = \e\u\p\d ]]
+++ ORION.env[241][[ atmos_products = \f\c\s\t ]]
+++ ORION.env[241][[ atmos_products = \e\f\c\s ]]
+++ ORION.env[251][[ atmos_products = \u\p\p ]]
+++ ORION.env[256][[ atmos_products = \a\t\m\o\s\_\p\r\o\d\u\c\t\s ]]
+++ ORION.env[258]export USE_CFP=YES
+++ ORION.env[258]USE_CFP=YES
++ jjob_header.sh[117]true
++ jjob_header.sh[118]export err=0
++ jjob_header.sh[118]err=0
++ jjob_header.sh[119]set +x
 completed cleanly
+ JGLOBAL_ATMOS_PRODUCTS[11]YMD=20210323
+ JGLOBAL_ATMOS_PRODUCTS[11]HH=12
+ JGLOBAL_ATMOS_PRODUCTS[11]declare_from_tmpl -rx COMIN_ATMOS_ANALYSIS:COM_ATMOS_ANALYSIS_TMPL COMIN_ATMOS_HISTORY:COM_ATMOS_HISTORY_TMPL COMIN_ATMOS_MASTER:COM_ATMOS_MASTER_TMPL
+ bash_utils.sh[39][[ NO == \N\O ]]
+ bash_utils.sh[39]set +x
declare_from_tmpl :: COMIN_ATMOS_ANALYSIS=/work2/noaa/global/role-global/GFS_CI_CD/ORION/CI/3680/RUNTESTS/COMROOT/C48_ATM_c72db5b3/gfs.20210323/12//analysis/atmos
declare_from_tmpl :: COMIN_ATMOS_HISTORY=/work2/noaa/global/role-global/GFS_CI_CD/ORION/CI/3680/RUNTESTS/COMROOT/C48_ATM_c72db5b3/gfs.20210323/12//model/atmos/history
declare_from_tmpl :: COMIN_ATMOS_MASTER=/work2/noaa/global/role-global/GFS_CI_CD/ORION/CI/3680/RUNTESTS/COMROOT/C48_ATM_c72db5b3/gfs.20210323/12//model/atmos/master
+ JGLOBAL_ATMOS_PRODUCTS[16]for grid in '0p25' '0p50' '1p00'
+ JGLOBAL_ATMOS_PRODUCTS[17]prod_dir=COMOUT_ATMOS_GRIB_0p25
+ JGLOBAL_ATMOS_PRODUCTS[18]GRID=0p25
+ JGLOBAL_ATMOS_PRODUCTS[18]YMD=20210323
+ JGLOBAL_ATMOS_PRODUCTS[18]HH=12
+ JGLOBAL_ATMOS_PRODUCTS[18]declare_from_tmpl -rx COMOUT_ATMOS_GRIB_0p25:COM_ATMOS_GRIB_GRID_TMPL
+ bash_utils.sh[39][[ NO == \N\O ]]
+ bash_utils.sh[39]set +x
declare_from_tmpl :: COMOUT_ATMOS_GRIB_0p25=/work2/noaa/global/role-global/GFS_CI_CD/ORION/CI/3680/RUNTESTS/COMROOT/C48_ATM_c72db5b3/gfs.20210323/12//products/atmos/grib2/0p25
+ JGLOBAL_ATMOS_PRODUCTS[19][[ ! -d /work2/noaa/global/role-global/GFS_CI_CD/ORION/CI/3680/RUNTESTS/COMROOT/C48_ATM_c72db5b3/gfs.20210323/12//products/atmos/grib2/0p25 ]]
+ JGLOBAL_ATMOS_PRODUCTS[16]for grid in '0p25' '0p50' '1p00'
+ JGLOBAL_ATMOS_PRODUCTS[17]prod_dir=COMOUT_ATMOS_GRIB_0p50
+ JGLOBAL_ATMOS_PRODUCTS[18]GRID=0p50
+ JGLOBAL_ATMOS_PRODUCTS[18]YMD=20210323
+ JGLOBAL_ATMOS_PRODUCTS[18]HH=12
+ JGLOBAL_ATMOS_PRODUCTS[18]declare_from_tmpl -rx COMOUT_ATMOS_GRIB_0p50:COM_ATMOS_GRIB_GRID_TMPL
+ bash_utils.sh[39][[ NO == \N\O ]]
+ bash_utils.sh[39]set +x
declare_from_tmpl :: COMOUT_ATMOS_GRIB_0p50=/work2/noaa/global/role-global/GFS_CI_CD/ORION/CI/3680/RUNTESTS/COMROOT/C48_ATM_c72db5b3/gfs.20210323/12//products/atmos/grib2/0p50
+ JGLOBAL_ATMOS_PRODUCTS[19][[ ! -d /work2/noaa/global/role-global/GFS_CI_CD/ORION/CI/3680/RUNTESTS/COMROOT/C48_ATM_c72db5b3/gfs.20210323/12//products/atmos/grib2/0p50 ]]
+ JGLOBAL_ATMOS_PRODUCTS[16]for grid in '0p25' '0p50' '1p00'
+ JGLOBAL_ATMOS_PRODUCTS[17]prod_dir=COMOUT_ATMOS_GRIB_1p00
+ JGLOBAL_ATMOS_PRODUCTS[18]GRID=1p00
+ JGLOBAL_ATMOS_PRODUCTS[18]YMD=20210323
+ JGLOBAL_ATMOS_PRODUCTS[18]HH=12
+ JGLOBAL_ATMOS_PRODUCTS[18]declare_from_tmpl -rx COMOUT_ATMOS_GRIB_1p00:COM_ATMOS_GRIB_GRID_TMPL
+ bash_utils.sh[39][[ NO == \N\O ]]
+ bash_utils.sh[39]set +x
declare_from_tmpl :: COMOUT_ATMOS_GRIB_1p00=/work2/noaa/global/role-global/GFS_CI_CD/ORION/CI/3680/RUNTESTS/COMROOT/C48_ATM_c72db5b3/gfs.20210323/12//products/atmos/grib2/1p00
+ JGLOBAL_ATMOS_PRODUCTS[19][[ ! -d /work2/noaa/global/role-global/GFS_CI_CD/ORION/CI/3680/RUNTESTS/COMROOT/C48_ATM_c72db5b3/gfs.20210323/12//products/atmos/grib2/1p00 ]]
+ JGLOBAL_ATMOS_PRODUCTS[23]export PREFIX=gfs.t12z.
+ JGLOBAL_ATMOS_PRODUCTS[23]PREFIX=gfs.t12z.
+ JGLOBAL_ATMOS_PRODUCTS[27]/work2/noaa/global/role-global/GFS_CI_CD/ORION/CI/3680/global-workflow/scripts/exglobal_atmos_products.sh
+ bash[8]'[' -z '' ']'
+ bash[9]case "$-" in
+ bash[12]__lmod_vx=x
+ bash[16]'[' -n x ']'
+ bash[16]set +x
Shell debugging temporarily silenced: export LMOD_SH_DBG_ON=1 for this output (/apps/other/lmod/lmod/init/bash)
Shell debugging restarted
+ bash[224]unset __lmod_vx
+ exglobal_atmos_products.sh[4]export WGRIB2=wgrib2
+ exglobal_atmos_products.sh[4]WGRIB2=wgrib2
+ exglobal_atmos_products.sh[7]INTERP_ATMOS_MASTERSH=/work2/noaa/global/role-global/GFS_CI_CD/ORION/CI/3680/global-workflow/ush/interp_atmos_master.sh
+ exglobal_atmos_products.sh[8]INTERP_ATMOS_SFLUXSH=/work2/noaa/global/role-global/GFS_CI_CD/ORION/CI/3680/global-workflow/ush/interp_atmos_sflux.sh
+ exglobal_atmos_products.sh[11]downset=2
+ exglobal_atmos_products.sh[12]ntasks_atmos_products=8
+ exglobal_atmos_products.sh[15]WGNE=YES
+ exglobal_atmos_products.sh[16]FHMAX_WGNE=180
+ exglobal_atmos_products.sh[18]cd /work2/noaa/stmp/role-global/ORION/RUNDIRS/C48_ATM_c72db5b3/gfs.2021032312/atmos_products_f000.957516
+ exglobal_atmos_products.sh[22]((  FORECAST_HOUR <= 0  ))
+ exglobal_atmos_products.sh[23]((  FORECAST_HOUR < 0  ))
+ exglobal_atmos_products.sh[27]((  FORECAST_HOUR == 0  ))
++ exglobal_atmos_products.sh[28]printf f%03d 0
+ exglobal_atmos_products.sh[28]fhr3=f000
+ exglobal_atmos_products.sh[29]paramlista=/work2/noaa/global/role-global/GFS_CI_CD/ORION/CI/3680/global-workflow/parm/product/gfs.f000.paramlist.a.txt
+ exglobal_atmos_products.sh[31]PGBS=YES
+ exglobal_atmos_products.sh[43]MASTER_FILE=/work2/noaa/global/role-global/GFS_CI_CD/ORION/CI/3680/RUNTESTS/COMROOT/C48_ATM_c72db5b3/gfs.20210323/12//model/atmos/master/gfs.t12z.master.grb2f000
+ exglobal_atmos_products.sh[48]wgrib2 /work2/noaa/global/role-global/GFS_CI_CD/ORION/CI/3680/RUNTESTS/COMROOT/C48_ATM_c72db5b3/gfs.20210323/12//model/atmos/master/gfs.t12z.master.grb2f000
+ exglobal_atmos_products.sh[48]wgrib2 -i -grib tmpfile_f000 /work2/noaa/global/role-global/GFS_CI_CD/ORION/CI/3680/RUNTESTS/COMROOT/C48_ATM_c72db5b3/gfs.20210323/12//model/atmos/master/gfs.t12z.master.grb2f000
+ exglobal_atmos_products.sh[48]grep -F -f /work2/noaa/global/role-global/GFS_CI_CD/ORION/CI/3680/global-workflow/parm/product/gfs.f000.paramlist.a.txt
1:0:d=2021032312:PRMSL:mean sea level:anl:
2:26279:d=2021032312:CLMR:1 hybrid level:anl:
3:33622:d=2021032312:ICMR:1 hybrid level:anl:
4:43482:d=2021032312:RWMR:1 hybrid level:anl:
5:53150:d=2021032312:SNMR:1 hybrid level:anl:
6:64370:d=2021032312:GRLE:1 hybrid level:anl:
7:69564:d=2021032312:REFD:1 hybrid level:anl:
8:95645:d=2021032312:REFD:2 hybrid level:anl:
9:121656:d=2021032312:REFC:entire atmosphere (considered as a single layer):anl:
10:150133:d=2021032312:VIS:surface:anl:
11:183484:d=2021032312:UGRD:planetary boundary layer:anl:
12:197553:d=2021032312:VGRD:planetary boundary layer:anl:
13:211766:d=2021032312:VRATE:planetary boundary layer:anl:
14:226799:d=2021032312:GUST:surface:anl:
15:241579:d=2021032312:HGT:0.01 mb:anl:
16:267093:d=2021032312:TMP:0.01 mb:anl:
17:282303:d=2021032312:RH:0.01 mb:anl:
18:290971:d=2021032312:SPFH:0.01 mb:anl:
19:301380:d=2021032312:VVEL:0.01 mb:anl:
20:327673:d=2021032312:DZDT:0.01 mb:anl:
21:358395:d=2021032312:UGRD:0.01 mb:anl:
22:371629:d=2021032312:VGRD:0.01 mb:anl:
23:384392:d=2021032312:ABSV:0.01 mb:anl:
24:402829:d=2021032312:O3MR:0.01 mb:anl:
25:418882:d=2021032312:HGT:0.02 mb:anl:
26:443407:d=2021032312:TMP:0.02 mb:anl:
27:462377:d=2021032312:RH:0.02 mb:anl:
28:472194:d=2021032312:SPFH:0.02 mb:anl:
29:491728:d=2021032312:VVEL:0.02 mb:anl:
30:516973:d=2021032312:DZDT:0.02 mb:anl:
31:541430:d=2021032312:UGRD:0.02 mb:anl:
32:555238:d=2021032312:VGRD:0.02 mb:anl:
33:568348:d=2021032312:ABSV:0.02 mb:anl:
34:587522:d=2021032312:O3MR:0.02 mb:anl:
35:605423:d=2021032312:HGT:0.04 mb:anl:
36:629274:d=2021032312:TMP:0.04 mb:anl:
37:648108:d=2021032312:RH:0.04 mb:anl:
38:655027:d=2021032312:SPFH:0.04 mb:anl:
39:678726:d=2021032312:VVEL:0.04 mb:anl:
40:706603:d=2021032312:DZDT:0.04 mb:anl:
41:732438:d=2021032312:UGRD:0.04 mb:anl:
42:753259:d=2021032312:VGRD:0.04 mb:anl:
43:773434:d=2021032312:ABSV:0.04 mb:anl:
44:791929:d=2021032312:O3MR:0.04 mb:anl:
45:811002:d=2021032312:HGT:0.07 mb:anl:
46:835009:d=2021032312:TMP:0.07 mb:anl:
47:853417:d=2021032312:RH:0.07 mb:anl:
48:863705:d=2021032312:SPFH:0.07 mb:anl:
49:880242:d=2021032312:VVEL:0.07 mb:anl:
50:910228:d=2021032312:DZDT:0.07 mb:anl:
51:936958:d=2021032312:UGRD:0.07 mb:anl:
52:950674:d=2021032312:VGRD:0.07 mb:anl:
53:963398:d=2021032312:ABSV:0.07 mb:anl:
54:982057:d=2021032312:O3MR:0.07 mb:anl:
55:1002546:d=2021032312:HGT:0.1 mb:anl:
56:1025963:d=2021032312:TMP:0.1 mb:anl:
57:1044488:d=2021032312:RH:0.1 mb:anl:
58:1053622:d=2021032312:SPFH:0.1 mb:anl:
59:1068032:d=2021032312:VVEL:0.1 mb:anl:
60:1096879:d=2021032312:DZDT:0.1 mb:anl:
61:1124770:d=2021032312:UGRD:0.1 mb:anl:
62:1145703:d=2021032312:VGRD:0.1 mb:anl:
63:1165429:d=2021032312:ABSV:0.1 mb:anl:
64:1183466:d=2021032312:O3MR:0.1 mb:anl:
65:1208524:d=2021032312:HGT:0.2 mb:anl:
66:1229371:d=2021032312:TMP:0.2 mb:anl:
67:1247208:d=2021032312:RH:0.2 mb:anl:
68:1259033:d=2021032312:SPFH:0.2 mb:anl:
69:1270855:d=2021032312:VVEL:0.2 mb:anl:
70:1295750:d=2021032312:DZDT:0.2 mb:anl:
71:1325356:d=2021032312:UGRD:0.2 mb:anl:
72:1345740:d=2021032312:VGRD:0.2 mb:anl:
73:1364681:d=2021032312:ABSV:0.2 mb:anl:
74:1382074:d=2021032312:O3MR:0.2 mb:anl:
75:1409238:d=2021032312:HGT:0.4 mb:anl:
76:1429812:d=2021032312:TMP:0.4 mb:anl:
77:1447853:d=2021032312:RH:0.4 mb:anl:
78:1458105:d=2021032312:SPFH:0.4 mb:anl:
79:1474020:d=2021032312:VVEL:0.4 mb:anl:
80:1500471:d=2021032312:DZDT:0.4 mb:anl:
81:1531054:d=2021032312:UGRD:0.4 mb:anl:
82:1551313:d=2021032312:VGRD:0.4 mb:anl:
83:1569889:d=2021032312:ABSV:0.4 mb:anl:
84:1587258:d=2021032312:O3MR:0.4 mb:anl:
85:1615696:d=2021032312:HGT:0.7 mb:anl:
86:1636057:d=2021032312:TMP:0.7 mb:anl:
87:1654387:d=2021032312:RH:0.7 mb:anl:
88:1665192:d=2021032312:SPFH:0.7 mb:anl:
89:1682774:d=2021032312:VVEL:0.7 mb:anl:
90:1710565:d=2021032312:DZDT:0.7 mb:anl:
91:1742731:d=2021032312:UGRD:0.7 mb:anl:
92:1762740:d=2021032312:VGRD:0.7 mb:anl:
93:1781375:d=2021032312:ABSV:0.7 mb:anl:
94:1798270:d=2021032312:O3MR:0.7 mb:anl:
95:1820569:d=2021032312:HGT:1 mb:anl:
96:1840925:d=2021032312:TMP:1 mb:anl:
97:1859479:d=2021032312:RH:1 mb:anl:
98:1872010:d=2021032312:SPFH:1 mb:anl:
99:1888987:d=2021032312:VVEL:1 mb:anl:
100:1917736:d=2021032312:DZDT:1 mb:anl:
101:1946662:d=2021032312:UGRD:1 mb:anl:
102:1966703:d=2021032312:VGRD:1 mb:anl:
103:1985411:d=2021032312:ABSV:1 mb:anl:
104:2002649:d=2021032312:O3MR:1 mb:anl:
105:2026103:d=2021032312:HGT:2 mb:anl:
106:2046370:d=2021032312:TMP:2 mb:anl:
107:2066223:d=2021032312:RH:2 mb:anl:
108:2077843:d=2021032312:SPFH:2 mb:anl:
109:2094337:d=2021032312:VVEL:2 mb:anl:
110:2125370:d=2021032312:DZDT:2 mb:anl:
111:2155224:d=2021032312:UGRD:2 mb:anl:
112:2168543:d=2021032312:VGRD:2 mb:anl:
113:2188023:d=2021032312:ABSV:2 mb:anl:
114:2206477:d=2021032312:O3MR:2 mb:anl:
115:2232086:d=2021032312:HGT:3 mb:anl:
116:2252307:d=2021032312:TMP:3 mb:anl:
117:2271941:d=2021032312:RH:3 mb:anl:
118:2280311:d=2021032312:SPFH:3 mb:anl:
119:2299830:d=2021032312:VVEL:3 mb:anl:
120:2329951:d=2021032312:DZDT:3 mb:anl:
121:2359718:d=2021032312:UGRD:3 mb:anl:
122:2372862:d=2021032312:VGRD:3 mb:anl:
123:2392354:d=2021032312:ABSV:3 mb:anl:
124:2410832:d=2021032312:O3MR:3 mb:anl:
125:2436950:d=2021032312:HGT:5 mb:anl:
126:2457187:d=2021032312:TMP:5 mb:anl:
127:2476987:d=2021032312:RH:5 mb:anl:
128:2489412:d=2021032312:SPFH:5 mb:anl:
129:2511126:d=2021032312:VVEL:5 mb:anl:
130:2543112:d=2021032312:DZDT:5 mb:anl:
131:2572490:d=2021032312:UGRD:5 mb:anl:
132:2585858:d=2021032312:VGRD:5 mb:anl:
133:2605891:d=2021032312:ABSV:5 mb:anl:
134:2624918:d=2021032312:O3MR:5 mb:anl:
135:2645099:d=2021032312:HGT:7 mb:anl:
136:2665129:d=2021032312:TMP:7 mb:anl:
137:2684604:d=2021032312:RH:7 mb:anl:
138:2692501:d=2021032312:SPFH:7 mb:anl:
139:2712454:d=2021032312:VVEL:7 mb:anl:
140:2739596:d=2021032312:DZDT:7 mb:anl:
141:2768396:d=2021032312:UGRD:7 mb:anl:
142:2781381:d=2021032312:VGRD:7 mb:anl:
143:2801375:d=2021032312:ABSV:7 mb:anl:
144:2820585:d=2021032312:O3MR:7 mb:anl:
145:2841895:d=2021032312:HGT:10 mb:anl:
146:2861737:d=2021032312:TMP:10 mb:anl:
147:2880973:d=2021032312:RH:10 mb:anl:
148:2891014:d=2021032312:SPFH:10 mb:anl:
149:2911305:d=2021032312:VVEL:10 mb:anl:
150:2939452:d=2021032312:DZDT:10 mb:anl:
151:2967883:d=2021032312:UGRD:10 mb:anl:
152:2980956:d=2021032312:VGRD:10 mb:anl:
153:3001024:d=2021032312:ABSV:10 mb:anl:
154:3020381:d=2021032312:O3MR:10 mb:anl:
155:3042623:d=2021032312:HGT:15 mb:anl:
156:3064566:d=2021032312:TMP:15 mb:anl:
157:3083838:d=2021032312:RH:15 mb:anl:
158:3090349:d=2021032312:SPFH:15 mb:anl:
159:3108131:d=2021032312:VVEL:15 mb:anl:
160:3137509:d=2021032312:DZDT:15 mb:anl:
161:3165618:d=2021032312:UGRD:15 mb:anl:
162:3178570:d=2021032312:VGRD:15 mb:anl:
163:3198413:d=2021032312:ABSV:15 mb:anl:
164:3217573:d=2021032312:O3MR:15 mb:anl:
165:3240218:d=2021032312:HGT:20 mb:anl:
166:3261981:d=2021032312:TMP:20 mb:anl:
167:3281121:d=2021032312:RH:20 mb:anl:
168:3288708:d=2021032312:SPFH:20 mb:anl:
169:3306085:d=2021032312:VVEL:20 mb:anl:
170:3336445:d=2021032312:DZDT:20 mb:anl:
171:3364182:d=2021032312:UGRD:20 mb:anl:
172:3376917:d=2021032312:VGRD:20 mb:anl:
173:3396710:d=2021032312:ABSV:20 mb:anl:
174:3415830:d=2021032312:O3MR:20 mb:anl:
175:3444125:d=2021032312:HGT:30 mb:anl:
176:3465492:d=2021032312:TMP:30 mb:anl:
177:3484551:d=2021032312:RH:30 mb:anl:
178:3494407:d=2021032312:SPFH:30 mb:anl:
179:3513337:d=2021032312:VVEL:30 mb:anl:
180:3545149:d=2021032312:DZDT:30 mb:anl:
181:3572585:d=2021032312:UGRD:30 mb:anl:
182:3593132:d=2021032312:VGRD:30 mb:anl:
183:3612779:d=2021032312:ABSV:30 mb:anl:
184:3631820:d=2021032312:O3MR:30 mb:anl:
185:3662238:d=2021032312:HGT:40 mb:anl:
186:3683453:d=2021032312:TMP:40 mb:anl:
187:3702814:d=2021032312:RH:40 mb:anl:
188:3714633:d=2021032312:SPFH:40 mb:anl:
189:3735574:d=2021032312:VVEL:40 mb:anl:
190:3768502:d=2021032312:DZDT:40 mb:anl:
191:3801474:d=2021032312:UGRD:40 mb:anl:
192:3822142:d=2021032312:VGRD:40 mb:anl:
193:3842173:d=2021032312:ABSV:40 mb:anl:
194:3861460:d=2021032312:O3MR:40 mb:anl:
195:3892488:d=2021032312:HGT:50 mb:anl:
196:3913724:d=2021032312:TMP:50 mb:anl:
197:3932988:d=2021032312:RH:50 mb:anl:
198:3946110:d=2021032312:TCDC:50 mb:anl:
199:3946289:d=2021032312:SPFH:50 mb:anl:
200:3968609:d=2021032312:VVEL:50 mb:anl:
201:4002131:d=2021032312:DZDT:50 mb:anl:
202:4034861:d=2021032312:UGRD:50 mb:anl:
203:4055349:d=2021032312:VGRD:50 mb:anl:
204:4075065:d=2021032312:ABSV:50 mb:anl:
205:4094054:d=2021032312:CLMR:50 mb:anl:
206:4094233:d=2021032312:ICMR:50 mb:anl:
207:4094412:d=2021032312:RWMR:50 mb:anl:
208:4094591:d=2021032312:SNMR:50 mb:anl:
209:4094770:d=2021032312:GRLE:50 mb:anl:
210:4094949:d=2021032312:O3MR:50 mb:anl:
211:4124900:d=2021032312:HGT:70 mb:anl:
212:4146149:d=2021032312:TMP:70 mb:anl:
213:4165533:d=2021032312:RH:70 mb:anl:
215:4175500:d=2021032312:SPFH:70 mb:anl:
216:4200608:d=2021032312:VVEL:70 mb:anl:
217:4233149:d=2021032312:DZDT:70 mb:anl:
218:4266092:d=2021032312:UGRD:70 mb:anl:
219:4286668:d=2021032312:VGRD:70 mb:anl:
220:4306371:d=2021032312:ABSV:70 mb:anl:
226:4326285:d=2021032312:O3MR:70 mb:anl:
227:4355397:d=2021032312:HGT:100 mb:anl:
228:4376856:d=2021032312:TMP:100 mb:anl:
229:4396086:d=2021032312:RH:100 mb:anl:
230:4407830:d=2021032312:TCDC:100 mb:anl:
231:4408927:d=2021032312:SPFH:100 mb:anl:
232:4436496:d=2021032312:VVEL:100 mb:anl:
233:4464635:d=2021032312:DZDT:100 mb:anl:
234:4491994:d=2021032312:UGRD:100 mb:anl:
235:4513219:d=2021032312:VGRD:100 mb:anl:
236:4533602:d=2021032312:ABSV:100 mb:anl:
237:4553256:d=2021032312:CLMR:100 mb:anl:
238:4553435:d=2021032312:ICMR:100 mb:anl:
239:4554248:d=2021032312:RWMR:100 mb:anl:
240:4554427:d=2021032312:SNMR:100 mb:anl:
241:4554819:d=2021032312:GRLE:100 mb:anl:
242:4554998:d=2021032312:O3MR:100 mb:anl:
259:4815036:d=2021032312:HGT:150 mb:anl:
260:4836579:d=2021032312:TMP:150 mb:anl:
261:4855113:d=2021032312:RH:150 mb:anl:
262:4867830:d=2021032312:TCDC:150 mb:anl:
263:4872296:d=2021032312:SPFH:150 mb:anl:
264:4900011:d=2021032312:VVEL:150 mb:anl:
265:4929995:d=2021032312:DZDT:150 mb:anl:
266:4958154:d=2021032312:UGRD:150 mb:anl:
267:4979585:d=2021032312:VGRD:150 mb:anl:
268:5000290:d=2021032312:ABSV:150 mb:anl:
269:5019917:d=2021032312:CLMR:150 mb:anl:
270:5020096:d=2021032312:ICMR:150 mb:anl:
271:5024770:d=2021032312:RWMR:150 mb:anl:
272:5024949:d=2021032312:SNMR:150 mb:anl:
273:5028529:d=2021032312:GRLE:150 mb:anl:
274:5029294:d=2021032312:O3MR:150 mb:anl:
291:5300272:d=2021032312:HGT:200 mb:anl:
292:5322086:d=2021032312:TMP:200 mb:anl:
293:5340778:d=2021032312:RH:200 mb:anl:
294:5356839:d=2021032312:TCDC:200 mb:anl:
295:5365807:d=2021032312:SPFH:200 mb:anl:
296:5393040:d=2021032312:VVEL:200 mb:anl:
297:5424470:d=2021032312:DZDT:200 mb:anl:
298:5453054:d=2021032312:UGRD:200 mb:anl:
299:5467257:d=2021032312:VGRD:200 mb:anl:
300:5481213:d=2021032312:ABSV:200 mb:anl:
301:5501322:d=2021032312:CLMR:200 mb:anl:
302:5501501:d=2021032312:ICMR:200 mb:anl:
303:5510805:d=2021032312:RWMR:200 mb:anl:
304:5510984:d=2021032312:SNMR:200 mb:anl:
305:5518717:d=2021032312:GRLE:200 mb:anl:
306:5519812:d=2021032312:O3MR:200 mb:anl:
323:5794149:d=2021032312:HGT:250 mb:anl:
324:5816584:d=2021032312:TMP:250 mb:anl:
325:5835718:d=2021032312:RH:250 mb:anl:
326:5854544:d=2021032312:TCDC:250 mb:anl:
327:5867367:d=2021032312:SPFH:250 mb:anl:
328:5896699:d=2021032312:VVEL:250 mb:anl:
329:5926537:d=2021032312:DZDT:250 mb:anl:
330:5955352:d=2021032312:UGRD:250 mb:anl:
331:5970002:d=2021032312:VGRD:250 mb:anl:
332:5984807:d=2021032312:ABSV:250 mb:anl:
333:6006200:d=2021032312:CLMR:250 mb:anl:
334:6006379:d=2021032312:ICMR:250 mb:anl:
335:6019540:d=2021032312:RWMR:250 mb:anl:
336:6019719:d=2021032312:SNMR:250 mb:anl:
337:6030838:d=2021032312:GRLE:250 mb:anl:
338:6032371:d=2021032312:O3MR:250 mb:anl:
355:6326406:d=2021032312:HGT:300 mb:anl:
356:6349274:d=2021032312:TMP:300 mb:anl:
357:6368128:d=2021032312:RH:300 mb:anl:
358:6388089:d=2021032312:TCDC:300 mb:anl:
359:6402938:d=2021032312:SPFH:300 mb:anl:
360:6430628:d=2021032312:VVEL:300 mb:anl:
361:6455500:d=2021032312:DZDT:300 mb:anl:
362:6484545:d=2021032312:UGRD:300 mb:anl:
363:6499504:d=2021032312:VGRD:300 mb:anl:
364:6514755:d=2021032312:ABSV:300 mb:anl:
365:6536846:d=2021032312:CLMR:300 mb:anl:
366:6537025:d=2021032312:ICMR:300 mb:anl:
367:6553067:d=2021032312:RWMR:300 mb:anl:
368:6553246:d=2021032312:SNMR:300 mb:anl:
369:6567059:d=2021032312:GRLE:300 mb:anl:
370:6568989:d=2021032312:O3MR:300 mb:anl:
387:6873243:d=2021032312:HGT:350 mb:anl:
388:6896051:d=2021032312:TMP:350 mb:anl:
389:6914789:d=2021032312:RH:350 mb:anl:
390:6935082:d=2021032312:TCDC:350 mb:anl:
391:6950515:d=2021032312:SPFH:350 mb:anl:
392:6980040:d=2021032312:VVEL:350 mb:anl:
393:7005558:d=2021032312:DZDT:350 mb:anl:
394:7034702:d=2021032312:UGRD:350 mb:anl:
395:7057272:d=2021032312:VGRD:350 mb:anl:
396:7072514:d=2021032312:ABSV:350 mb:anl:
397:7094633:d=2021032312:CLMR:350 mb:anl:
398:7094812:d=2021032312:ICMR:350 mb:anl:
399:7112120:d=2021032312:RWMR:350 mb:anl:
400:7112299:d=2021032312:SNMR:350 mb:anl:
401:7127192:d=2021032312:GRLE:350 mb:anl:
402:7129674:d=2021032312:O3MR:350 mb:anl:
419:7441942:d=2021032312:HGT:400 mb:anl:
420:7464639:d=2021032312:TMP:400 mb:anl:
421:7483502:d=2021032312:RH:400 mb:anl:
422:7504060:d=2021032312:TCDC:400 mb:anl:
423:7519597:d=2021032312:SPFH:400 mb:anl:
424:7548708:d=2021032312:VVEL:400 mb:anl:
425:7574619:d=2021032312:DZDT:400 mb:anl:
426:7603671:d=2021032312:UGRD:400 mb:anl:
427:7626001:d=2021032312:VGRD:400 mb:anl:
428:7640966:d=2021032312:ABSV:400 mb:anl:
429:7663060:d=2021032312:CLMR:400 mb:anl:
430:7663239:d=2021032312:ICMR:400 mb:anl:
431:7680922:d=2021032312:RWMR:400 mb:anl:
432:7681101:d=2021032312:SNMR:400 mb:anl:
433:7696656:d=2021032312:GRLE:400 mb:anl:
434:7699695:d=2021032312:O3MR:400 mb:anl:
451:8011608:d=2021032312:HGT:450 mb:anl:
452:8036410:d=2021032312:TMP:450 mb:anl:
453:8055412:d=2021032312:RH:450 mb:anl:
454:8076227:d=2021032312:TCDC:450 mb:anl:
455:8091164:d=2021032312:SPFH:450 mb:anl:
456:8119726:d=2021032312:VVEL:450 mb:anl:
457:8145808:d=2021032312:DZDT:450 mb:anl:
458:8174939:d=2021032312:UGRD:450 mb:anl:
459:8197068:d=2021032312:VGRD:450 mb:anl:
460:8211766:d=2021032312:ABSV:450 mb:anl:
461:8233588:d=2021032312:CLMR:450 mb:anl:
462:8233844:d=2021032312:ICMR:450 mb:anl:
463:8249678:d=2021032312:RWMR:450 mb:anl:
464:8249946:d=2021032312:SNMR:450 mb:anl:
465:8265495:d=2021032312:GRLE:450 mb:anl:
466:8268986:d=2021032312:O3MR:450 mb:anl:
483:8589001:d=2021032312:HGT:500 mb:anl:
484:8613867:d=2021032312:TMP:500 mb:anl:
485:8632921:d=2021032312:RH:500 mb:anl:
486:8653975:d=2021032312:TCDC:500 mb:anl:
487:8668449:d=2021032312:SPFH:500 mb:anl:
488:8698147:d=2021032312:VVEL:500 mb:anl:
489:8724441:d=2021032312:DZDT:500 mb:anl:
490:8753305:d=2021032312:UGRD:500 mb:anl:
491:8775149:d=2021032312:VGRD:500 mb:anl:
492:8797206:d=2021032312:ABSV:500 mb:anl:
493:8818623:d=2021032312:CLMR:500 mb:anl:
494:8819223:d=2021032312:ICMR:500 mb:anl:
495:8835941:d=2021032312:RWMR:500 mb:anl:
496:8836911:d=2021032312:SNMR:500 mb:anl:
497:8852305:d=2021032312:GRLE:500 mb:anl:
498:8855851:d=2021032312:O3MR:500 mb:anl:
515:9176354:d=2021032312:HGT:550 mb:anl:
516:9200918:d=2021032312:TMP:550 mb:anl:
517:9220062:d=2021032312:RH:550 mb:anl:
518:9241253:d=2021032312:TCDC:550 mb:anl:
519:9255971:d=2021032312:SPFH:550 mb:anl:
520:9286868:d=2021032312:VVEL:550 mb:anl:
521:9313164:d=2021032312:DZDT:550 mb:anl:
522:9341821:d=2021032312:UGRD:550 mb:anl:
523:9363503:d=2021032312:VGRD:550 mb:anl:
524:9385330:d=2021032312:ABSV:550 mb:anl:
525:9406381:d=2021032312:CLMR:550 mb:anl:
526:9408860:d=2021032312:ICMR:550 mb:anl:
527:9424050:d=2021032312:RWMR:550 mb:anl:
528:9424954:d=2021032312:SNMR:550 mb:anl:
529:9440351:d=2021032312:GRLE:550 mb:anl:
530:9444684:d=2021032312:O3MR:550 mb:anl:
547:9766842:d=2021032312:HGT:600 mb:anl:
548:9791302:d=2021032312:TMP:600 mb:anl:
549:9810586:d=2021032312:RH:600 mb:anl:
550:9831827:d=2021032312:TCDC:600 mb:anl:
551:9846437:d=2021032312:SPFH:600 mb:anl:
552:9878169:d=2021032312:VVEL:600 mb:anl:
553:9904633:d=2021032312:DZDT:600 mb:anl:
554:9933192:d=2021032312:UGRD:600 mb:anl:
555:9954702:d=2021032312:VGRD:600 mb:anl:
556:9976322:d=2021032312:ABSV:600 mb:anl:
557:9997166:d=2021032312:CLMR:600 mb:anl:
558:10000708:d=2021032312:ICMR:600 mb:anl:
559:10015183:d=2021032312:RWMR:600 mb:anl:
560:10018450:d=2021032312:SNMR:600 mb:anl:
561:10033860:d=2021032312:GRLE:600 mb:anl:
562:10038478:d=2021032312:O3MR:600 mb:anl:
579:10358840:d=202
*** FATAL ERROR: write error ***

1032312:HGT:650 mb:anl:
580:10383967:d=2021032312:TMP:650 mb:anl:
581:10403553:d=2021032312:RH:650 mb:anl:
582:10424916:d=2021032312:TCDC:650 mb:anl:
583:10439348:d=2021032312:SPFH:650 mb:anl:
584:10469371:d=2021032312:VVEL:650 mb:anl:
585:10495984:d=2021032312:DZDT:650 mb:anl:
586:10524449:d=2021032312:UGRD:650 mb:anl:
587:10546007:d=2021032312:VGRD:650 mb:anl:
588:10567651:d=2021032312:ABSV:650 mb:anl:
589:10588510:d=2021032312:CLMR:650 mb:anl:
590:10591924:d=2021032312:ICMR:650 mb:anl:
591:10605022:d=2021032312:RWMR:650 mb:anl:
592:10609220:d=2021032312:SNMR:650 mb:anl:
593:10623864:d=2021032312:GRLE:650 mb:anl:
594:10628650:d=2021032312:O3MR:650 mb:anl:
611:10946397:d=2021032312:HGT:700 mb:anl:
612:10971726:d=2021032312:TMP:700 mb:anl:
613:10991681:d=2021032312:RH:700 mb:anl:
614:11013175:d=2021032312:TCDC:700 mb:anl:
615:11027367:d=2021032312:SPFH:700 mb:anl:
616:11057289:d=2021032312:VVEL:700 mb:anl:
617:11084015:d=2021032312:DZDT:700 mb:anl:
618:11112497:d=2021032312:UGRD:700 mb:anl:
619:11133805:d=2021032312:VGRD:700 mb:anl:
620:11155493:d=2021032312:ABSV:700 mb:anl:
621:11176631:d=2021032312:CLMR:700 mb:anl:
622:11180752:d=2021032312:ICMR:700 mb:anl:
623:11192761:d=2021032312:RWMR:700 mb:anl:
624:11197369:d=2021032312:SNMR:700 mb:anl:
625:11210746:d=2021032312:GRLE:700 mb:anl:
626:11214941:d=2021032312:O3MR:700 mb:anl:
643:11532482:d=2021032312:HGT:750 mb:anl:
644:11557797:d=2021032312:TMP:750 mb:anl:
645:11578088:d=2021032312:RH:750 mb:anl:
646:11599662:d=2021032312:TCDC:750 mb:anl:
647:11614414:d=2021032312:SPFH:750 mb:anl:
648:11644882:d=2021032312:VVEL:750 mb:anl:
649:11671545:d=2021032312:DZDT:750 mb:anl:
650:11699772:d=2021032312:UGRD:750 mb:anl:
651:11721039:d=2021032312:VGRD:750 mb:anl:
652:11742472:d=2021032312:ABSV:750 mb:anl:
653:11763631:d=2021032312:CLMR:750 mb:anl:
654:11768643:d=2021032312:ICMR:750 mb:anl:
655:11780254:d=2021032312:RWMR:750 mb:anl:
656:11785244:d=2021032312:SNMR:750 mb:anl:
657:11798012:d=2021032312:GRLE:750 mb:anl:
658:11801262:d=2021032312:O3MR:750 mb:anl:
675:12130594:d=2021032312:HGT:800 mb:anl:
676:12156021:d=2021032312:TMP:800 mb:anl:
677:12176712:d=2021032312:RH:800 mb:anl:
678:12198348:d=2021032312:TCDC:800 mb:anl:
679:12213636:d=2021032312:SPFH:800 mb:anl:
680:12244397:d=2021032312:VVEL:800 mb:anl:
681:12270971:d=2021032312:DZDT:800 mb:anl:
682:12298928:d=2021032312:UGRD:800 mb:anl:
683:12320189:d=2021032312:VGRD:800 mb:anl:
684:12341754:d=2021032312:ABSV:800 mb:anl:
685:12362822:d=2021032312:CLMR:800 mb:anl:
686:12370063:d=2021032312:ICMR:800 mb:anl:
687:12381533:d=2021032312:RWMR:800 mb:anl:
688:12387336:d=2021032312:SNMR:800 mb:anl:
689:12399863:d=2021032312:GRLE:800 mb:anl:
690:12403815:d=2021032312:O3MR:800 mb:anl:
707:12737843:d=2021032312:HGT:850 mb:anl:
708:12763456:d=2021032312:TMP:850 mb:anl:
709:12784545:d=2021032312:RH:850 mb:anl:
710:12805925:d=2021032312:TCDC:850 mb:anl:
711:12822672:d=2021032312:SPFH:850 mb:anl:
712:12853671:d=2021032312:VVEL:850 mb:anl:
713:12879995:d=2021032312:DZDT:850 mb:anl:
714:12907557:d=2021032312:UGRD:850 mb:anl:
715:12928964:d=2021032312:VGRD:850 mb:anl:
716:12950561:d=2021032312:ABSV:850 mb:anl:
717:12971646:d=2021032312:CLMR:850 mb:anl:
718:12982933:d=2021032312:ICMR:850 mb:anl:
719:12994239:d=2021032312:RWMR:850 mb:anl:
720:13001279:d=2021032312:SNMR:850 mb:anl:
721:13014345:d=2021032312:GRLE:850 mb:anl:
722:13019605:d=2021032312:O3MR:850 mb:anl:
739:13356004:d=2021032312:HGT:900 mb:anl:
740:13381749:d=2021032312:TMP:900 mb:anl:
741:13403106:d=2021032312:RH:900 mb:anl:
742:13423812:d=2021032312:TCDC:900 mb:anl:
743:13440801:d=2021032312:SPFH:900 mb:anl:
744:13468981:d=2021032312:VVEL:900 mb:anl:
745:13494767:d=2021032312:DZDT:900 mb:anl:
746:13521419:d=2021032312:UGRD:900 mb:anl:
747:13543006:d=2021032312:VGRD:900 mb:anl:
748:13564650:d=2021032312:ABSV:900 mb:anl:
749:13585592:d=2021032312:CLMR:900 mb:anl:
750:13597792:d=2021032312:ICMR:900 mb:anl:
751:13608950:d=2021032312:RWMR:900 mb:anl:
752:13616920:d=2021032312:SNMR:900 mb:anl:
753:13629065:d=2021032312:GRLE:900 mb:anl:
754:13634263:d=2021032312:O3MR:900 mb:anl:
755:13662160+ exglobal_atmos_products.sh[49]export err=8
+ exglobal_atmos_products.sh[49]err=8
+ exglobal_atmos_products.sh[49]err_chk
+ err_chk[13]'[' -z 8 ']'
+ err_chk[14]'[' 8 -eq 0 ']'
+ err_chk[18]'[' 8 -eq 139 ']'
+ err_chk[37]err_exit
+ environment[0]set +eux

    -------------------------------------------------------------
    -- FATAL ERROR: Job atmos_products_f000.957516 failed RETURN CODE 8
    -- ABNORMAL EXIT at Tue May 13 05:59:43 PM CDT 2025 on orion-10-12
    -------------------------------------------------------------
    

Currently Loaded Modules:
  1) intel-oneapi-compilers/2023.1.0  42) grib-util/1.3.0
  2) stack-intel/2021.9.0             43) g2tmpl/1.13.0
  3) intel-oneapi-mpi/2021.9.0        44) gsi-ncdiag/1.1.2
  4) stack-intel-oneapi-mpi/2021.9.0  45) crtm-fix/2.4.0.1_emc
  5) zlib/1.2.13                      46) git-lfs/3.1.2
  6) pigz/2.7                         47) crtm/2.4.0.1
  7) zstd/1.5.2                       48) openblas/0.3.24
  8) tar/1.34                         49) py-setuptools/63.4.3
  9) gettext/0.21.1                   50) py-numpy/1.23.4
 10) libxcrypt/4.4.35                 51) bufr/11.7.0
 11) sqlite/3.43.2                    52) gmake/4.2.1
 12) util-linux-uuid/2.38.1           53) wgrib2/2.0.8
 13) python/3.11.6                    54) py-f90nml/1.4.3
 14) libjpeg/2.1.0                    55) py-cftime/1.0.3.4
 15) jasper/2.0.32                    56) py-netcdf4/1.5.8
 16) libpng/1.6.37                    57) libyaml/0.2.5
 17) openjpeg/2.3.1                   58) py-pyyaml/6.0
 18) eccodes/2.32.0                   59) py-markupsafe/2.1.3
 19) fftw/3.3.10                      60) py-jinja2/3.1.2
 20) nghttp2/1.57.0                   61) py-bottleneck/1.3.7
 21) curl/8.4.0                       62) py-numexpr/2.8.4
 22) proj/9.2.1                       63) py-et-xmlfile/1.0.1
 23) udunits/2.2.28                   64) py-openpyxl/3.1.2
 24) cdo/2.2.0                        65) py-pytz/2023.3
 25) hdf5/1.14.0                      66) py-pyxlsb/1.0.10
 26) snappy/1.1.10                    67) py-xlrd/2.0.1
 27) c-blosc/1.21.5                   68) py-xlsxwriter/3.1.7
 28) netcdf-c/4.9.2                   69) py-xlwt/1.3.0
 29) netcdf-fortran/4.6.1             70) py-pandas/1.5.3
 30) parallel-netcdf/1.12.2           71) py-six/1.16.0
 31) parallelio/2.5.10                72) py-python-dateutil/2.8.2
 32) esmf/8.6.0                       73) g2c/1.8.0
 33) antlr/2.7.7                      74) netcdf-cxx4/4.3.1
 34) gsl/2.7.1                        75) met/9.1.3
 35) nco/5.0.6                        76) metplus/3.1.1
 36) bacio/2.4.1                      77) py-packaging/23.1
 37) w3emc/2.10.0                     78) py-xarray/2023.7.0
 38) prod_util/2.1.1                  79) prepobs/1.1.0
 39) g2/3.4.5                         80) fit2obs/1.1.7
 40) sp/2.5.0                         81) globus-cli/3.27
 41) ip/4.3.0                         82) module_base.orion

 


Job atmos_products_f000.957516 failed RETURN CODE 8
/work2/noaa/stmp/role-global/ORION/RUNDIRS/C48_ATM_c72db5b3/gfs.2021032312/atmos_products_f000.957516
total 4352
-rw-r----- 1 role-global stmp       0 May 13 17:59 ncepdate
-rw-r----- 1 role-global stmp 9134080 May 13 17:59 tmpfile_f000
cat: OUTPUT.957975: No such file or directory
slurmstepd: error: *** JOB 20282212 ON orion-10-12 CANCELLED AT 2025-05-13T17:59:44 ***
