+ source /work2/noaa/global/role-global/GFS_CI_CD/HERCULES/BUILDS/GITLAB/pr_cases_4072_abc041a4_4427/global-workflow/dev/ush/load_ufswm_modules.sh
++ [[ NO == \N\O ]]
++ echo 'Loading modules quietly...'
Loading modules quietly...
++ set +x
Running "module reset". Resetting modules to system default. The following $MODULEPATH directories have been removed: None

Currently Loaded Modules:
  1) contrib/0.1                      30) py-pip/23.1.2
  2) intel-oneapi-compilers/2024.2.1  31) libyaml/0.2.5
  3) stack-oneapi/2024.2.1            32) py-pyyaml/6.0.2
  4) intel-oneapi-runtime/2024.2.1    33) esmf/8.8.0
  5) intel-oneapi-mpi/2021.13.1       34) fms/2024.02
  6) stack-intel-oneapi-mpi/2021.13   35) bacio/2.4.1
  7) glibc/2.34                       36) crtm-fix/2.4.0.1_emc
  8) nghttp2/1.63.0                   37) git-lfs/3.1.2
  9) curl/8.10.1                      38) crtm/2.4.0.1
 10) cmake/3.27.9                     39) g2/3.5.1
 11) libjpeg/2.1.0                    40) g2tmpl/1.13.0
 12) jasper/2.0.32                    41) ip/5.1.0
 13) libpng/1.6.37                    42) sp/2.5.0
 14) hdf5/1.14.3                      43) w3emc/2.10.0
 15) snappy/1.2.1                     44) gftl/1.14.0
 16) zstd/1.5.6                       45) gftl-shared/1.9.0
 17) c-blosc/1.21.5                   46) fargparse/1.8.0
 18) netcdf-c/4.9.2                   47) yafyaml/1.4.0
 19) netcdf-fortran/4.6.1             48) pflogger/1.15.0
 20) parallel-netcdf/1.12.3           49) udunits/2.2.28
 21) parallelio/2.6.2                 50) mapl/2.53.4-esmf-8.8.0
 22) gettext/0.21                     51) scotch/7.0.4
 23) sqlite/3.46.0                    52) ufs_common
 24) util-linux-uuid/2.40.2           53) zlib/1.2.13
 25) python/3.11.7                    54) nccmp/1.9.0.1
 26) python-venv/1.0                  55) ufs_hercules.intel
 27) py-mpi4py/4.0.1                  56) prod_util/2.1.1
 28) openblas/0.3.24                  57) g2c/2.1.0
 29) py-numpy/1.26.4                  58) wgrib2/3.6.0

 

Begin /work2/noaa/global/role-global/GFS_CI_CD/HERCULES/BUILDS/GITLAB/pr_cases_4072_abc041a4_4427/global-workflow/jobs/JGLOBAL_WAVE_POST_SBS at Sat Sep 20 02:18:03 UTC 2025
++ jjob_header.sh[46]OPTIND=1
++ jjob_header.sh[47]getopts c:e: option
++ jjob_header.sh[48]case "${option}" in
++ jjob_header.sh[50]env_job=wavepostsbs
++ jjob_header.sh[47]getopts c:e: option
++ jjob_header.sh[48]case "${option}" in
++ jjob_header.sh[49]read -ra configs
++ jjob_header.sh[47]getopts c:e: option
++ jjob_header.sh[61]shift 4
++ jjob_header.sh[63][[ -z wavepostsbs ]]
++ jjob_header.sh[71]export DATA=/work2/noaa/global/role-global/stmp/HERCULES/RUNDIRS/C48_S2SW_abc041a4-4427/gfs.2021032312/wavepostsbs_f036.369042
++ jjob_header.sh[71]DATA=/work2/noaa/global/role-global/stmp/HERCULES/RUNDIRS/C48_S2SW_abc041a4-4427/gfs.2021032312/wavepostsbs_f036.369042
++ jjob_header.sh[72][[ YES == \Y\E\S ]]
++ jjob_header.sh[73]rm -rf /work2/noaa/global/role-global/stmp/HERCULES/RUNDIRS/C48_S2SW_abc041a4-4427/gfs.2021032312/wavepostsbs_f036.369042
++ jjob_header.sh[75]mkdir -p /work2/noaa/global/role-global/stmp/HERCULES/RUNDIRS/C48_S2SW_abc041a4-4427/gfs.2021032312/wavepostsbs_f036.369042
++ jjob_header.sh[76]cd /work2/noaa/global/role-global/stmp/HERCULES/RUNDIRS/C48_S2SW_abc041a4-4427/gfs.2021032312/wavepostsbs_f036.369042
++ jjob_header.sh[85]export pid=369083
++ jjob_header.sh[85]pid=369083
++ jjob_header.sh[86]export pgmout=OUTPUT.369083
++ jjob_header.sh[86]pgmout=OUTPUT.369083
++ jjob_header.sh[87]export pgmerr=errfile
++ jjob_header.sh[87]pgmerr=errfile
++ jjob_header.sh[90]export pgm=
++ jjob_header.sh[90]pgm=
++ jjob_header.sh[96]export cycle=t12z
++ jjob_header.sh[96]cycle=t12z
++ jjob_header.sh[97]setpdy.sh
+ setpdy.sh[20]'[' /work2/noaa/global/role-global/stmp/HERCULES/RUNDIRS/C48_S2SW_abc041a4-4427/gfs.2021032312/wavepostsbs_f036.369042 == /home/role-global ']'
+ setpdy.sh[25][[ ! t12z =~ t??z ]]
+ setpdy.sh[30]case $# in
+ setpdy.sh[31]dates_before_PDY=7
+ setpdy.sh[32]dates_after_PDY=7
+ setpdy.sh[50]COMDATEROOT=/work2/noaa/global/role-global/GFS_CI_CD/HERCULES/BUILDS/GITLAB/pr_cases_4072_abc041a4_4427/RUNTESTS/COMROOT
+ setpdy.sh[53]'[' -z 20210323 ']'
+ setpdy.sh[57]sed 's/[0-9]\{8\}/20210323/' /work2/noaa/global/role-global/GFS_CI_CD/HERCULES/BUILDS/GITLAB/pr_cases_4072_abc041a4_4427/RUNTESTS/COMROOT/date/t12z
sed: can't read /work2/noaa/global/role-global/GFS_CI_CD/HERCULES/BUILDS/GITLAB/pr_cases_4072_abc041a4_4427/RUNTESTS/COMROOT/date/t12z: No such file or directory
++ jjob_header.sh[97]true
++ jjob_header.sh[98]source ./PDY
/work2/noaa/global/role-global/GFS_CI_CD/HERCULES/BUILDS/GITLAB/pr_cases_4072_abc041a4_4427/global-workflow/ush/jjob_header.sh: line 98: ./PDY: No such file or directory
++ jjob_header.sh[98]true
++ jjob_header.sh[104]export EXPDIR=/work2/noaa/global/role-global/GFS_CI_CD/HERCULES/BUILDS/GITLAB/pr_cases_4072_abc041a4_4427/RUNTESTS/EXPDIR/C48_S2SW_abc041a4-4427
++ jjob_header.sh[104]EXPDIR=/work2/noaa/global/role-global/GFS_CI_CD/HERCULES/BUILDS/GITLAB/pr_cases_4072_abc041a4_4427/RUNTESTS/EXPDIR/C48_S2SW_abc041a4-4427
++ jjob_header.sh[105]for config in "${configs[@]:-''}"
++ jjob_header.sh[106]source /work2/noaa/global/role-global/GFS_CI_CD/HERCULES/BUILDS/GITLAB/pr_cases_4072_abc041a4_4427/RUNTESTS/EXPDIR/C48_S2SW_abc041a4-4427/config.base
+++ config.base[6]echo 'BEGIN: config.base'
BEGIN: config.base
+++ config.base[9]export machine=HERCULES
+++ config.base[9]machine=HERCULES
+++ config.base[12]export RUN_ENVIR=emc
+++ config.base[12]RUN_ENVIR=emc
+++ config.base[15]export ACCOUNT=fv3-cpu
+++ config.base[15]ACCOUNT=fv3-cpu
+++ config.base[16]export QUEUE=batch
+++ config.base[16]QUEUE=batch
+++ config.base[17]export QUEUE_SERVICE=batch
+++ config.base[17]QUEUE_SERVICE=batch
+++ config.base[18]export QUEUE_DTN=batch
+++ config.base[18]QUEUE_DTN=batch
+++ config.base[19]export PARTITION_BATCH=hercules
+++ config.base[19]PARTITION_BATCH=hercules
+++ config.base[20]export PARTITION_SERVICE=service
+++ config.base[20]PARTITION_SERVICE=service
+++ config.base[21]export PARTITION_DTN=
+++ config.base[21]PARTITION_DTN=
+++ config.base[22]export RESERVATION=
+++ config.base[22]RESERVATION=
+++ config.base[23]export CLUSTERS=
+++ config.base[23]CLUSTERS=
+++ config.base[24]export CLUSTERS_SERVICE=
+++ config.base[24]CLUSTERS_SERVICE=
+++ config.base[25]export CLUSTERS_DTN=
+++ config.base[25]CLUSTERS_DTN=
+++ config.base[28]export HPSS_PROJECT=emc-global
+++ config.base[28]HPSS_PROJECT=emc-global
+++ config.base[31]export HOMEgfs=/work2/noaa/global/role-global/GFS_CI_CD/HERCULES/BUILDS/GITLAB/pr_cases_4072_abc041a4_4427/global-workflow
+++ config.base[31]HOMEgfs=/work2/noaa/global/role-global/GFS_CI_CD/HERCULES/BUILDS/GITLAB/pr_cases_4072_abc041a4_4427/global-workflow
+++ config.base[32]export EXECgfs=/work2/noaa/global/role-global/GFS_CI_CD/HERCULES/BUILDS/GITLAB/pr_cases_4072_abc041a4_4427/global-workflow/exec
+++ config.base[32]EXECgfs=/work2/noaa/global/role-global/GFS_CI_CD/HERCULES/BUILDS/GITLAB/pr_cases_4072_abc041a4_4427/global-workflow/exec
+++ config.base[33]export FIXgfs=/work2/noaa/global/role-global/GFS_CI_CD/HERCULES/BUILDS/GITLAB/pr_cases_4072_abc041a4_4427/global-workflow/fix
+++ config.base[33]FIXgfs=/work2/noaa/global/role-global/GFS_CI_CD/HERCULES/BUILDS/GITLAB/pr_cases_4072_abc041a4_4427/global-workflow/fix
+++ config.base[34]export PARMgfs=/work2/noaa/global/role-global/GFS_CI_CD/HERCULES/BUILDS/GITLAB/pr_cases_4072_abc041a4_4427/global-workflow/parm
+++ config.base[34]PARMgfs=/work2/noaa/global/role-global/GFS_CI_CD/HERCULES/BUILDS/GITLAB/pr_cases_4072_abc041a4_4427/global-workflow/parm
+++ config.base[35]export SCRgfs=/work2/noaa/global/role-global/GFS_CI_CD/HERCULES/BUILDS/GITLAB/pr_cases_4072_abc041a4_4427/global-workflow/scripts
+++ config.base[35]SCRgfs=/work2/noaa/global/role-global/GFS_CI_CD/HERCULES/BUILDS/GITLAB/pr_cases_4072_abc041a4_4427/global-workflow/scripts
+++ config.base[36]export USHgfs=/work2/noaa/global/role-global/GFS_CI_CD/HERCULES/BUILDS/GITLAB/pr_cases_4072_abc041a4_4427/global-workflow/ush
+++ config.base[36]USHgfs=/work2/noaa/global/role-global/GFS_CI_CD/HERCULES/BUILDS/GITLAB/pr_cases_4072_abc041a4_4427/global-workflow/ush
+++ config.base[38]export FIXam=/work2/noaa/global/role-global/GFS_CI_CD/HERCULES/BUILDS/GITLAB/pr_cases_4072_abc041a4_4427/global-workflow/fix/am
+++ config.base[38]FIXam=/work2/noaa/global/role-global/GFS_CI_CD/HERCULES/BUILDS/GITLAB/pr_cases_4072_abc041a4_4427/global-workflow/fix/am
+++ config.base[39]export FIXaer=/work2/noaa/global/role-global/GFS_CI_CD/HERCULES/BUILDS/GITLAB/pr_cases_4072_abc041a4_4427/global-workflow/fix/aer
+++ config.base[39]FIXaer=/work2/noaa/global/role-global/GFS_CI_CD/HERCULES/BUILDS/GITLAB/pr_cases_4072_abc041a4_4427/global-workflow/fix/aer
+++ config.base[40]export FIXcpl=/work2/noaa/global/role-global/GFS_CI_CD/HERCULES/BUILDS/GITLAB/pr_cases_4072_abc041a4_4427/global-workflow/fix/cpl
+++ config.base[40]FIXcpl=/work2/noaa/global/role-global/GFS_CI_CD/HERCULES/BUILDS/GITLAB/pr_cases_4072_abc041a4_4427/global-workflow/fix/cpl
+++ config.base[41]export FIXlut=/work2/noaa/global/role-global/GFS_CI_CD/HERCULES/BUILDS/GITLAB/pr_cases_4072_abc041a4_4427/global-workflow/fix/lut
+++ config.base[41]FIXlut=/work2/noaa/global/role-global/GFS_CI_CD/HERCULES/BUILDS/GITLAB/pr_cases_4072_abc041a4_4427/global-workflow/fix/lut
+++ config.base[42]export FIXcice=/work2/noaa/global/role-global/GFS_CI_CD/HERCULES/BUILDS/GITLAB/pr_cases_4072_abc041a4_4427/global-workflow/fix/cice
+++ config.base[42]FIXcice=/work2/noaa/global/role-global/GFS_CI_CD/HERCULES/BUILDS/GITLAB/pr_cases_4072_abc041a4_4427/global-workflow/fix/cice
+++ config.base[43]export FIXmom=/work2/noaa/global/role-global/GFS_CI_CD/HERCULES/BUILDS/GITLAB/pr_cases_4072_abc041a4_4427/global-workflow/fix/mom6
+++ config.base[43]FIXmom=/work2/noaa/global/role-global/GFS_CI_CD/HERCULES/BUILDS/GITLAB/pr_cases_4072_abc041a4_4427/global-workflow/fix/mom6
+++ config.base[44]export FIXreg2grb2=/work2/noaa/global/role-global/GFS_CI_CD/HERCULES/BUILDS/GITLAB/pr_cases_4072_abc041a4_4427/global-workflow/fix/reg2grb2
+++ config.base[44]FIXreg2grb2=/work2/noaa/global/role-global/GFS_CI_CD/HERCULES/BUILDS/GITLAB/pr_cases_4072_abc041a4_4427/global-workflow/fix/reg2grb2
+++ config.base[45]export FIXgdas=/work2/noaa/global/role-global/GFS_CI_CD/HERCULES/BUILDS/GITLAB/pr_cases_4072_abc041a4_4427/global-workflow/fix/gdas
+++ config.base[45]FIXgdas=/work2/noaa/global/role-global/GFS_CI_CD/HERCULES/BUILDS/GITLAB/pr_cases_4072_abc041a4_4427/global-workflow/fix/gdas
+++ config.base[50]export PACKAGEROOT=/work2/noaa/global/role-global/nwpara
+++ config.base[50]PACKAGEROOT=/work2/noaa/global/role-global/nwpara
+++ config.base[51]export COMROOT=/work2/noaa/global/role-global/GFS_CI_CD/HERCULES/BUILDS/GITLAB/pr_cases_4072_abc041a4_4427/RUNTESTS/COMROOT
+++ config.base[51]COMROOT=/work2/noaa/global/role-global/GFS_CI_CD/HERCULES/BUILDS/GITLAB/pr_cases_4072_abc041a4_4427/RUNTESTS/COMROOT
+++ config.base[52]export COMINsyn=/work2/noaa/global/role-global/com/gfs/prod/syndat
+++ config.base[52]COMINsyn=/work2/noaa/global/role-global/com/gfs/prod/syndat
+++ config.base[53]export DMPDIR=/work/noaa/rstprod/dump
+++ config.base[53]DMPDIR=/work/noaa/rstprod/dump
+++ config.base[57]export COMINecmwf=/work2/noaa/global/role-global/data/external_gempak/ecmwf
+++ config.base[57]COMINecmwf=/work2/noaa/global/role-global/data/external_gempak/ecmwf
+++ config.base[58]export COMINnam=/work2/noaa/global/role-global/data/external_gempak/nam
+++ config.base[58]COMINnam=/work2/noaa/global/role-global/data/external_gempak/nam
+++ config.base[59]export COMINukmet=/work2/noaa/global/role-global/data/external_gempak/ukmet
+++ config.base[59]COMINukmet=/work2/noaa/global/role-global/data/external_gempak/ukmet
+++ config.base[62]export HOMEDIR=/work2/noaa/global/role-global
+++ config.base[62]HOMEDIR=/work2/noaa/global/role-global
+++ config.base[63]export STMP=/work2/noaa/global/role-global/stmp/HERCULES
+++ config.base[63]STMP=/work2/noaa/global/role-global/stmp/HERCULES
+++ config.base[64]export PTMP=/work2/noaa/stmp/role-global/HERCULES
+++ config.base[64]PTMP=/work2/noaa/stmp/role-global/HERCULES
+++ config.base[65]export NOSCRUB=/work2/noaa/global/role-global
+++ config.base[65]NOSCRUB=/work2/noaa/global/role-global
+++ config.base[68]export BASE_GIT=/work2/noaa/global/role-global/git
+++ config.base[68]BASE_GIT=/work2/noaa/global/role-global/git
+++ config.base[71]export BASE_DATA=/work2/noaa/global/role-global/data
+++ config.base[71]BASE_DATA=/work2/noaa/global/role-global/data
+++ config.base[74]export DO_PREP_SFC=NO
+++ config.base[74]DO_PREP_SFC=NO
+++ config.base[77]export DO_GOES=NO
+++ config.base[77]DO_GOES=NO
+++ config.base[78]export DO_BUFRSND=NO
+++ config.base[78]DO_BUFRSND=NO
+++ config.base[79]export DO_GEMPAK=NO
+++ config.base[79]DO_GEMPAK=NO
+++ config.base[80]export DO_AWIPS=NO
+++ config.base[80]DO_AWIPS=NO
+++ config.base[81]export DO_NPOESS=NO
+++ config.base[81]DO_NPOESS=NO
+++ config.base[82]export DO_TRACKER=YES
+++ config.base[82]DO_TRACKER=YES
+++ config.base[83]export DO_GENESIS=YES
+++ config.base[83]DO_GENESIS=YES
+++ config.base[84]export DO_GENESIS_FSU=NO
+++ config.base[84]DO_GENESIS_FSU=NO
+++ config.base[85]export DO_VERFOZN=YES
+++ config.base[85]DO_VERFOZN=YES
+++ config.base[86]export DO_VERFRAD=YES
+++ config.base[86]DO_VERFRAD=YES
+++ config.base[87]export DO_VMINMON=YES
+++ config.base[87]DO_VMINMON=YES
+++ config.base[88]export DO_ANLSTAT=NO
+++ config.base[88]DO_ANLSTAT=NO
+++ config.base[91]export MODE=forecast-only
+++ config.base[91]MODE=forecast-only
+++ config.base[92]export DO_TEST_MODE=YES
+++ config.base[92]DO_TEST_MODE=YES
+++ config.base[101]export FIXgsi=/work2/noaa/global/role-global/GFS_CI_CD/HERCULES/BUILDS/GITLAB/pr_cases_4072_abc041a4_4427/global-workflow/fix/gsi
+++ config.base[101]FIXgsi=/work2/noaa/global/role-global/GFS_CI_CD/HERCULES/BUILDS/GITLAB/pr_cases_4072_abc041a4_4427/global-workflow/fix/gsi
+++ config.base[102]export HOMEpost=/work2/noaa/global/role-global/GFS_CI_CD/HERCULES/BUILDS/GITLAB/pr_cases_4072_abc041a4_4427/global-workflow
+++ config.base[102]HOMEpost=/work2/noaa/global/role-global/GFS_CI_CD/HERCULES/BUILDS/GITLAB/pr_cases_4072_abc041a4_4427/global-workflow
+++ config.base[103]export HOMEobsproc=/work2/noaa/global/role-global/git/obsproc/v1.2.0
+++ config.base[103]HOMEobsproc=/work2/noaa/global/role-global/git/obsproc/v1.2.0
+++ config.base[106]export NMV=/bin/mv
+++ config.base[106]NMV=/bin/mv
+++ config.base[107]export 'NLN=/bin/ln -sf'
+++ config.base[107]NLN='/bin/ln -sf'
+++ config.base[108]export VERBOSE=YES
+++ config.base[108]VERBOSE=YES
+++ config.base[109]export KEEPDATA=NO
+++ config.base[109]KEEPDATA=NO
+++ config.base[110]export DEBUG_POSTSCRIPT=NO
+++ config.base[110]DEBUG_POSTSCRIPT=NO
+++ config.base[111]export CHGRP_RSTPROD=YES
+++ config.base[111]CHGRP_RSTPROD=YES
+++ config.base[112]export 'CHGRP_CMD=chgrp rstprod'
+++ config.base[112]CHGRP_CMD='chgrp rstprod'
+++ config.base[113]export NCDUMP=/apps/contrib/spack-stack/spack-stack-1.9.2/envs/ue-oneapi-2024.1.0/install/oneapi/2024.2.1/netcdf-c-4.9.2-c733f57/bin/ncdump
+++ config.base[113]NCDUMP=/apps/contrib/spack-stack/spack-stack-1.9.2/envs/ue-oneapi-2024.1.0/install/oneapi/2024.2.1/netcdf-c-4.9.2-c733f57/bin/ncdump
+++ config.base[114]export NCLEN=/work2/noaa/global/role-global/GFS_CI_CD/HERCULES/BUILDS/GITLAB/pr_cases_4072_abc041a4_4427/global-workflow/ush/getncdimlen
+++ config.base[114]NCLEN=/work2/noaa/global/role-global/GFS_CI_CD/HERCULES/BUILDS/GITLAB/pr_cases_4072_abc041a4_4427/global-workflow/ush/getncdimlen
+++ config.base[117]export BASE_ENV=/work2/noaa/global/role-global/GFS_CI_CD/HERCULES/BUILDS/GITLAB/pr_cases_4072_abc041a4_4427/global-workflow/env
+++ config.base[117]BASE_ENV=/work2/noaa/global/role-global/GFS_CI_CD/HERCULES/BUILDS/GITLAB/pr_cases_4072_abc041a4_4427/global-workflow/env
+++ config.base[120]export SDATE=2021032312
+++ config.base[120]SDATE=2021032312
+++ config.base[121]export EDATE=2021032312
+++ config.base[121]EDATE=2021032312
+++ config.base[122]export EXP_WARM_START=.false.
+++ config.base[122]EXP_WARM_START=.false.
+++ config.base[123]export assim_freq=6
+++ config.base[123]assim_freq=6
+++ config.base[124]export PSLOT=C48_S2SW_abc041a4-4427
+++ config.base[124]PSLOT=C48_S2SW_abc041a4-4427
+++ config.base[125]export EXPDIR=/work2/noaa/global/role-global/GFS_CI_CD/HERCULES/BUILDS/GITLAB/pr_cases_4072_abc041a4_4427/RUNTESTS/EXPDIR/C48_S2SW_abc041a4-4427
+++ config.base[125]EXPDIR=/work2/noaa/global/role-global/GFS_CI_CD/HERCULES/BUILDS/GITLAB/pr_cases_4072_abc041a4_4427/RUNTESTS/EXPDIR/C48_S2SW_abc041a4-4427
+++ config.base[126]export ROTDIR=/work2/noaa/global/role-global/GFS_CI_CD/HERCULES/BUILDS/GITLAB/pr_cases_4072_abc041a4_4427/RUNTESTS/COMROOT/C48_S2SW_abc041a4-4427
+++ config.base[126]ROTDIR=/work2/noaa/global/role-global/GFS_CI_CD/HERCULES/BUILDS/GITLAB/pr_cases_4072_abc041a4_4427/RUNTESTS/COMROOT/C48_S2SW_abc041a4-4427
+++ config.base[127]export DUMP_SUFFIX=
+++ config.base[127]DUMP_SUFFIX=
+++ config.base[128][[ 2021032312 -ge 2019092100 ]]
+++ config.base[128][[ 2021032312 -le 2019110700 ]]
+++ config.base[131]export ARCDIR=/work2/noaa/global/role-global/archive/C48_S2SW_abc041a4-4427
+++ config.base[131]ARCDIR=/work2/noaa/global/role-global/archive/C48_S2SW_abc041a4-4427
+++ config.base[132]export ATARDIR=/NCEPDEV/emc-global/1year/role-global/HERCULES/scratch/C48_S2SW_abc041a4-4427
+++ config.base[132]ATARDIR=/NCEPDEV/emc-global/1year/role-global/HERCULES/scratch/C48_S2SW_abc041a4-4427
+++ config.base[133]export FETCHDIR=/NCEPDEV/emc-global/1year/David.Grumm/test_data
+++ config.base[133]FETCHDIR=/NCEPDEV/emc-global/1year/David.Grumm/test_data
+++ config.base[136]export envir=prod
+++ config.base[136]envir=prod
+++ config.base[137]export NET=gfs
+++ config.base[137]NET=gfs
+++ config.base[138]export RUN=gfs
+++ config.base[138]RUN=gfs
+++ config.base[141]source /work2/noaa/global/role-global/GFS_CI_CD/HERCULES/BUILDS/GITLAB/pr_cases_4072_abc041a4_4427/RUNTESTS/EXPDIR/C48_S2SW_abc041a4-4427/config.com
++++ config.com[4]echo 'BEGIN: config.com'
BEGIN: config.com
++++ config.com[38][[ emc == \n\c\o ]]
++++ config.com[43]COM_OBSPROC_TMPL='${DMPDIR}/${RUN}${DUMP_SUFFIX}.${YMD}/${HH}/atmos'
++++ config.com[44]COM_RTOFS_TMPL='${DMPDIR}'
++++ config.com[45]COM_TCVITAL_TMPL='${DMPDIR}/${RUN}.${YMD}/${HH}/atmos'
++++ config.com[47]declare -rx 'COM_OBS_TMPL=${ROTDIR}/${RUN}.${YMD}/${HH}/obs'
++++ config.com[48]declare -rx COM_OBSPROC_TMPL COM_RTOFS_TMPL
++++ config.com[50]COM_BASE='${ROTDIR}/${RUN}.${YMD}/${HH}/${MEMDIR}'
++++ config.com[52]declare -rx 'COM_TOP_TMPL=${ROTDIR}/${RUN}.${YMD}/${HH}'
++++ config.com[54]declare -rx 'COM_CONF_TMPL=${ROTDIR}/${RUN}.${YMD}/${HH}/${MEMDIR}/conf'
++++ config.com[55]declare -rx 'COM_OBS_JEDI=${ROTDIR}/${RUN}.${YMD}/${HH}/${MEMDIR}/obs_jedi'
++++ config.com[57]declare -rx 'COM_ATMOS_INPUT_TMPL=${ROTDIR}/${RUN}.${YMD}/${HH}/${MEMDIR}/model/atmos/input'
++++ config.com[58]declare -rx 'COM_ATMOS_RESTART_TMPL=${ROTDIR}/${RUN}.${YMD}/${HH}/${MEMDIR}/model/atmos/restart'
++++ config.com[59]declare -rx 'COM_ATMOS_ANALYSIS_TMPL=${ROTDIR}/${RUN}.${YMD}/${HH}/${MEMDIR}/analysis/atmos'
++++ config.com[60]declare -rx 'COM_SNOW_ANALYSIS_TMPL=${ROTDIR}/${RUN}.${YMD}/${HH}/${MEMDIR}/analysis/snow'
++++ config.com[61]declare -rx 'COM_SNOW_ANLMON_TMPL=${ROTDIR}/${RUN}.${YMD}/${HH}/${MEMDIR}/products/snow/anlmon'
++++ config.com[62]declare -rx 'COM_ATMOS_HISTORY_TMPL=${ROTDIR}/${RUN}.${YMD}/${HH}/${MEMDIR}/model/atmos/history'
++++ config.com[63]declare -rx 'COM_ATMOS_MASTER_TMPL=${ROTDIR}/${RUN}.${YMD}/${HH}/${MEMDIR}/model/atmos/master'
++++ config.com[64]declare -rx 'COM_ATMOS_GRIB_TMPL=${ROTDIR}/${RUN}.${YMD}/${HH}/${MEMDIR}/products/atmos/grib2'
++++ config.com[65]declare -rx 'COM_ATMOS_GRIB_GRID_TMPL=${ROTDIR}/${RUN}.${YMD}/${HH}/${MEMDIR}/products/atmos/grib2/${GRID}'
++++ config.com[66]declare -rx 'COM_ATMOS_BUFR_TMPL=${ROTDIR}/${RUN}.${YMD}/${HH}/${MEMDIR}/products/atmos/bufr'
++++ config.com[67]declare -rx 'COM_ATMOS_GEMPAK_TMPL=${ROTDIR}/${RUN}.${YMD}/${HH}/${MEMDIR}/products/atmos/gempak/${GRID}'
++++ config.com[68]declare -rx 'COM_ATMOS_GENESIS_TMPL=${ROTDIR}/${RUN}.${YMD}/${HH}/${MEMDIR}/products/atmos/cyclone/genesis_vital'
++++ config.com[69]declare -rx 'COM_ATMOS_TRACK_TMPL=${ROTDIR}/${RUN}.${YMD}/${HH}/${MEMDIR}/products/atmos/cyclone/tracks'
++++ config.com[70]declare -rx 'COM_ATMOS_GOES_TMPL=${ROTDIR}/${RUN}.${YMD}/${HH}/${MEMDIR}/products/atmos/goes_sim'
++++ config.com[71]declare -rx 'COM_ATMOS_IMAGERY_TMPL=${ROTDIR}/${RUN}.${YMD}/${HH}/${MEMDIR}/products/atmos/imagery'
++++ config.com[72]declare -rx 'COM_ATMOS_OZNMON_TMPL=${ROTDIR}/${RUN}.${YMD}/${HH}/${MEMDIR}/products/atmos/oznmon'
++++ config.com[73]declare -rx 'COM_ATMOS_RADMON_TMPL=${ROTDIR}/${RUN}.${YMD}/${HH}/${MEMDIR}/products/atmos/radmon'
++++ config.com[74]declare -rx 'COM_ATMOS_MINMON_TMPL=${ROTDIR}/${RUN}.${YMD}/${HH}/${MEMDIR}/products/atmos/minmon'
++++ config.com[75]declare -rx 'COM_ATMOS_ANLMON_TMPL=${ROTDIR}/${RUN}.${YMD}/${HH}/${MEMDIR}/products/atmos/anlmon'
++++ config.com[76]declare -rx 'COM_ATMOS_WMO_TMPL=${ROTDIR}/${RUN}.${YMD}/${HH}/${MEMDIR}/products/atmos/wmo'
++++ config.com[78]declare -rx 'COM_WAVE_RESTART_TMPL=${ROTDIR}/${RUN}.${YMD}/${HH}/${MEMDIR}/model/wave/restart'
++++ config.com[79]declare -rx 'COM_WAVE_PREP_TMPL=${ROTDIR}/${RUN}.${YMD}/${HH}/${MEMDIR}/model/wave/prep'
++++ config.com[80]declare -rx 'COM_WAVE_HISTORY_TMPL=${ROTDIR}/${RUN}.${YMD}/${HH}/${MEMDIR}/model/wave/history'
++++ config.com[81]declare -rx 'COM_WAVE_GRID_TMPL=${ROTDIR}/${RUN}.${YMD}/${HH}/${MEMDIR}/products/wave/gridded'
++++ config.com[82]declare -rx 'COM_WAVE_GRID_RES_TMPL=${ROTDIR}/${RUN}.${YMD}/${HH}/${MEMDIR}/products/wave/gridded/${GRDRESNAME}'
++++ config.com[83]declare -rx 'COM_WAVE_STATION_TMPL=${ROTDIR}/${RUN}.${YMD}/${HH}/${MEMDIR}/products/wave/station'
++++ config.com[84]declare -rx 'COM_WAVE_GEMPAK_TMPL=${ROTDIR}/${RUN}.${YMD}/${HH}/${MEMDIR}/products/wave/gempak'
++++ config.com[85]declare -rx 'COM_WAVE_WMO_TMPL=${ROTDIR}/${RUN}.${YMD}/${HH}/${MEMDIR}/products/wave/wmo'
++++ config.com[87]declare -rx 'COM_OCEAN_HISTORY_TMPL=${ROTDIR}/${RUN}.${YMD}/${HH}/${MEMDIR}/model/ocean/history'
++++ config.com[88]declare -rx 'COM_OCEAN_RESTART_TMPL=${ROTDIR}/${RUN}.${YMD}/${HH}/${MEMDIR}/model/ocean/restart'
++++ config.com[89]declare -rx 'COM_OCEAN_INPUT_TMPL=${ROTDIR}/${RUN}.${YMD}/${HH}/${MEMDIR}/model/ocean/input'
++++ config.com[90]declare -rx 'COM_OCEAN_ANALYSIS_TMPL=${ROTDIR}/${RUN}.${YMD}/${HH}/${MEMDIR}/analysis/ocean'
++++ config.com[91]declare -rx 'COM_OCEAN_ANLMON_TMPL=${ROTDIR}/${RUN}.${YMD}/${HH}/${MEMDIR}/products/ocean/anlmon'
++++ config.com[92]declare -rx 'COM_OCEAN_LETKF_TMPL=${ROTDIR}/${RUN}.${YMD}/${HH}/${MEMDIR}/analysis/ocean/letkf'
++++ config.com[93]declare -rx 'COM_OCEAN_BMATRIX_TMPL=${ROTDIR}/${RUN}.${YMD}/${HH}/${MEMDIR}/bmatrix/ocean'
++++ config.com[94]declare -rx 'COM_OCEAN_NETCDF_TMPL=${ROTDIR}/${RUN}.${YMD}/${HH}/${MEMDIR}/products/ocean/netcdf'
++++ config.com[95]declare -rx 'COM_OCEAN_GRIB_TMPL=${ROTDIR}/${RUN}.${YMD}/${HH}/${MEMDIR}/products/ocean/grib2'
++++ config.com[96]declare -rx 'COM_OCEAN_GRIB_GRID_TMPL=${ROTDIR}/${RUN}.${YMD}/${HH}/${MEMDIR}/products/ocean/grib2/${GRID}'
++++ config.com[98]declare -rx 'COM_ICE_ANALYSIS_TMPL=${ROTDIR}/${RUN}.${YMD}/${HH}/${MEMDIR}/analysis/ice'
++++ config.com[99]declare -rx 'COM_ICE_LETKF_TMPL=${ROTDIR}/${RUN}.${YMD}/${HH}/${MEMDIR}/analysis/ice/letkf'
++++ config.com[100]declare -rx 'COM_ICE_ANLMON_TMPL=${ROTDIR}/${RUN}.${YMD}/${HH}/${MEMDIR}/products/ice/anlmon'
++++ config.com[101]declare -rx 'COM_ICE_BMATRIX_TMPL=${ROTDIR}/${RUN}.${YMD}/${HH}/${MEMDIR}/bmatrix/ice'
++++ config.com[102]declare -rx 'COM_ICE_INPUT_TMPL=${ROTDIR}/${RUN}.${YMD}/${HH}/${MEMDIR}/model/ice/input'
++++ config.com[103]declare -rx 'COM_ICE_HISTORY_TMPL=${ROTDIR}/${RUN}.${YMD}/${HH}/${MEMDIR}/model/ice/history'
++++ config.com[104]declare -rx 'COM_ICE_RESTART_TMPL=${ROTDIR}/${RUN}.${YMD}/${HH}/${MEMDIR}/model/ice/restart'
++++ config.com[105]declare -rx 'COM_ICE_NETCDF_TMPL=${ROTDIR}/${RUN}.${YMD}/${HH}/${MEMDIR}/products/ice/netcdf'
++++ config.com[106]declare -rx 'COM_ICE_GRIB_TMPL=${ROTDIR}/${RUN}.${YMD}/${HH}/${MEMDIR}/products/ice/grib2'
++++ config.com[107]declare -rx 'COM_ICE_GRIB_GRID_TMPL=${ROTDIR}/${RUN}.${YMD}/${HH}/${MEMDIR}/products/ice/grib2/${GRID}'
++++ config.com[109]declare -rx 'COM_CHEM_HISTORY_TMPL=${ROTDIR}/${RUN}.${YMD}/${HH}/${MEMDIR}/model/chem/history'
++++ config.com[110]declare -rx 'COM_CHEM_ANALYSIS_TMPL=${ROTDIR}/${RUN}.${YMD}/${HH}/${MEMDIR}/analysis/chem'
++++ config.com[111]declare -rx 'COM_CHEM_BMAT_TMPL=${ROTDIR}/${RUN}.${YMD}/${HH}/${MEMDIR}/analysis/chem/bmatrix'
++++ config.com[112]declare -rx 'COM_CHEM_ANLMON_TMPL=${ROTDIR}/${RUN}.${YMD}/${HH}/${MEMDIR}/products/chem/anlmon'
++++ config.com[114]declare -rx 'COM_MED_RESTART_TMPL=${ROTDIR}/${RUN}.${YMD}/${HH}/${MEMDIR}/model/med/restart'
+++ config.base[143]export LOGSCRIPT=
+++ config.base[143]LOGSCRIPT=
+++ config.base[145]export 'REDOUT=1>'
+++ config.base[145]REDOUT='1>'
+++ config.base[146]export 'REDERR=2>'
+++ config.base[146]REDERR='2>'
+++ config.base[148]export SENDECF=NO
+++ config.base[148]SENDECF=NO
+++ config.base[149]export SENDSDM=NO
+++ config.base[149]SENDSDM=NO
+++ config.base[150]export SENDDBN_NTC=NO
+++ config.base[150]SENDDBN_NTC=NO
+++ config.base[151]export SENDDBN=NO
+++ config.base[151]SENDDBN=NO
+++ config.base[152]export DBNROOT=/apps/contrib/spack-stack/spack-stack-1.9.2/envs/ue-oneapi-2024.1.0/install/oneapi/2024.2.1/prod-util-2.1.1-cmrirb3/fakedbn
+++ config.base[152]DBNROOT=/apps/contrib/spack-stack/spack-stack-1.9.2/envs/ue-oneapi-2024.1.0/install/oneapi/2024.2.1/prod-util-2.1.1-cmrirb3/fakedbn
+++ config.base[153]export SENDAWIP=NO
+++ config.base[153]SENDAWIP=NO
+++ config.base[156]export APP=S2SW
+++ config.base[156]APP=S2SW
+++ config.base[158]shopt -s extglob
+++ config.base[161]case "${RUN}" in
+++ config.base[168]shopt -u extglob
+++ config.base[171]export DO_ATM=YES
+++ config.base[171]DO_ATM=YES
+++ config.base[172]export DO_COUPLED=NO
+++ config.base[172]DO_COUPLED=NO
+++ config.base[173]export DO_WAVE=NO
+++ config.base[173]DO_WAVE=NO
+++ config.base[174]export DO_OCN=NO
+++ config.base[174]DO_OCN=NO
+++ config.base[175]export DO_ICE=NO
+++ config.base[175]DO_ICE=NO
+++ config.base[176]DO_AERO=NO
+++ config.base[177]export DO_PREP_OBS_AERO=NO
+++ config.base[177]DO_PREP_OBS_AERO=NO
+++ config.base[178]aero_fcst_runs=gdas
+++ config.base[179]aero_anl_runs='gdas gfs'
+++ config.base[180]export DO_AERO_FCST=NO
+++ config.base[180]DO_AERO_FCST=NO
+++ config.base[181]export DO_AERO_ANL=NO
+++ config.base[181]DO_AERO_ANL=NO
+++ config.base[182]export DOBNDPNT_WAVE=YES
+++ config.base[182]DOBNDPNT_WAVE=YES
+++ config.base[183]export FRAC_GRID=.true.
+++ config.base[183]FRAC_GRID=.true.
+++ config.base[184]export DO_NEST=NO
+++ config.base[184]DO_NEST=NO
+++ config.base[185][[ NO == \Y\E\S ]]
+++ config.base[191]export ntiles=6
+++ config.base[191]ntiles=6
+++ config.base[192]export FIXugwd=/work2/noaa/global/role-global/GFS_CI_CD/HERCULES/BUILDS/GITLAB/pr_cases_4072_abc041a4_4427/global-workflow/fix/ugwd
+++ config.base[192]FIXugwd=/work2/noaa/global/role-global/GFS_CI_CD/HERCULES/BUILDS/GITLAB/pr_cases_4072_abc041a4_4427/global-workflow/fix/ugwd
+++ config.base[193]export FIXorog=/work2/noaa/global/role-global/GFS_CI_CD/HERCULES/BUILDS/GITLAB/pr_cases_4072_abc041a4_4427/global-workflow/fix/orog
+++ config.base[193]FIXorog=/work2/noaa/global/role-global/GFS_CI_CD/HERCULES/BUILDS/GITLAB/pr_cases_4072_abc041a4_4427/global-workflow/fix/orog
+++ config.base[197]export OPS_RES=C768
+++ config.base[197]OPS_RES=C768
+++ config.base[200]export LEVS=128
+++ config.base[200]LEVS=128
+++ config.base[201]export CASE=C48
+++ config.base[201]CASE=C48
+++ config.base[202]export 'CASE_ENS={{ CASE_ENS }}'
+++ config.base[202]CASE_ENS='{{ CASE_ENS }}'
+++ config.base[203]export OCNRES=500
+++ config.base[203]OCNRES=500
+++ config.base[204]export ICERES=500
+++ config.base[204]ICERES=500
+++ config.base[207]case "${CASE}" in
+++ config.base[209]export waveGRD=uglo_100km
+++ config.base[209]waveGRD=uglo_100km
+++ config.base[226]case "${APP}" in
+++ config.base[242]export DO_COUPLED=YES
+++ config.base[242]DO_COUPLED=YES
+++ config.base[243]export DO_OCN=YES
+++ config.base[243]DO_OCN=YES
+++ config.base[244]export DO_ICE=YES
+++ config.base[244]DO_ICE=YES
+++ config.base[246][[ S2SW =~ A$ ]]
+++ config.base[250][[ S2SW =~ ^S2SW ]]
+++ config.base[251]export DO_WAVE=YES
+++ config.base[251]DO_WAVE=YES
+++ config.base[261][[ NO == \Y\E\S ]]
+++ config.base[271][[ gfs =~ gdas ]]
+++ config.base[274][[ gfs =~ gfs ]]
+++ config.base[275]export FHCYC=24
+++ config.base[275]FHCYC=24
+++ config.base[279]export FHMIN=0
+++ config.base[279]FHMIN=0
+++ config.base[280]export FHMAX=9
+++ config.base[280]FHMAX=9
+++ config.base[281]export FHOUT=3
+++ config.base[281]FHOUT=3
+++ config.base[282]export FHOUT_OCN=3
+++ config.base[282]FHOUT_OCN=3
+++ config.base[283]export FHOUT_ICE=3
+++ config.base[283]FHOUT_ICE=3
+++ config.base[284]export FHOUT_AERO=3
+++ config.base[284]FHOUT_AERO=3
+++ config.base[287]export EUPD_CYC=gdas
+++ config.base[287]EUPD_CYC=gdas
+++ config.base[290]export INTERVAL_GFS=6
+++ config.base[290]INTERVAL_GFS=6
+++ config.base[291]export SDATE_GFS=2021032312
+++ config.base[291]SDATE_GFS=2021032312
+++ config.base[294]export FHMIN_GFS=0
+++ config.base[294]FHMIN_GFS=0
+++ config.base[295]export FHMAX_GFS=120
+++ config.base[295]FHMAX_GFS=120
+++ config.base[297]breakpnts=
+++ config.base[298]export FCST_SEGMENTS=0,120
+++ config.base[298]FCST_SEGMENTS=0,120
+++ config.base[299]export FHOUT_GFS=3
+++ config.base[299]FHOUT_GFS=3
+++ config.base[300]export FHMAX_HF_GFS=48
+++ config.base[300]FHMAX_HF_GFS=48
+++ config.base[301]export FHMAX_HF_GFS=48
+++ config.base[301]FHMAX_HF_GFS=48
+++ config.base[302]export FHOUT_HF_GFS=1
+++ config.base[302]FHOUT_HF_GFS=1
+++ config.base[305]export FHMIN_WAV=0
+++ config.base[305]FHMIN_WAV=0
+++ config.base[306]export FHOUT_WAV=1
+++ config.base[306]FHOUT_WAV=1
+++ config.base[307]export FHMAX_WAV=9
+++ config.base[307]FHMAX_WAV=9
+++ config.base[308]export FHMAX_WAV=9
+++ config.base[308]FHMAX_WAV=9
+++ config.base[309]export FHOUT_WAV_GFS=3
+++ config.base[309]FHOUT_WAV_GFS=3
+++ config.base[310]export FHMAX_WAV_GFS=120
+++ config.base[310]FHMAX_WAV_GFS=120
+++ config.base[311]export FHOUT_HF_WAV=1
+++ config.base[311]FHOUT_HF_WAV=1
+++ config.base[312]export FHMAX_HF_WAV=48
+++ config.base[312]FHMAX_HF_WAV=48
+++ config.base[313]export FHMAX_HF_WAV=48
+++ config.base[313]FHMAX_HF_WAV=48
+++ config.base[316]export FHOUT_OCN_GFS=6
+++ config.base[316]FHOUT_OCN_GFS=6
+++ config.base[317]export FHOUT_ICE_GFS=6
+++ config.base[317]FHOUT_ICE_GFS=6
+++ config.base[320]export ILPOST=1
+++ config.base[320]ILPOST=1
+++ config.base[321]((  FHMAX_HF_GFS < 120  ))
+++ config.base[322]export ILPOST=3
+++ config.base[322]ILPOST=3
+++ config.base[326]export FHMAX_GOES=180
+++ config.base[326]FHMAX_GOES=180
+++ config.base[327]export FHOUT_GOES=3
+++ config.base[327]FHOUT_GOES=3
+++ config.base[328]((  FHMAX_GOES > FHMAX_GFS  ))
+++ config.base[329]export FHMAX_GOES=120
+++ config.base[329]FHMAX_GOES=120
+++ config.base[333]export restart_interval_gfs=12
+++ config.base[333]restart_interval_gfs=12
+++ config.base[338]export QUILTING=.true.
+++ config.base[338]QUILTING=.true.
+++ config.base[339]export OUTPUT_GRID=gaussian_grid
+++ config.base[339]OUTPUT_GRID=gaussian_grid
+++ config.base[340]export WRITE_DOPOST=.true.
+++ config.base[340]WRITE_DOPOST=.true.
+++ config.base[341]export WRITE_NSFLIP=.true.
+++ config.base[341]WRITE_NSFLIP=.true.
+++ config.base[344]export DOIAU=YES
+++ config.base[344]DOIAU=YES
+++ config.base[345]export IAUFHRS=3,6,9
+++ config.base[345]IAUFHRS=3,6,9
+++ config.base[346]export IAU_FHROT=3
+++ config.base[346]IAU_FHROT=3
+++ config.base[347]export IAU_DELTHRS=6
+++ config.base[347]IAU_DELTHRS=6
+++ config.base[348]export IAU_OFFSET=6
+++ config.base[348]IAU_OFFSET=6
+++ config.base[349]export DOIAU_ENKF=YES
+++ config.base[349]DOIAU_ENKF=YES
+++ config.base[350]export IAUFHRS_ENKF=3,6,9
+++ config.base[350]IAUFHRS_ENKF=3,6,9
+++ config.base[351]export IAU_DELTHRS_ENKF=6
+++ config.base[351]IAU_DELTHRS_ENKF=6
+++ config.base[354]export lobsdiag_forenkf=.true.
+++ config.base[354]lobsdiag_forenkf=.true.
+++ config.base[362]export imp_physics=8
+++ config.base[362]imp_physics=8
+++ config.base[366]export DO_JEDIATMVAR=NO
+++ config.base[366]DO_JEDIATMVAR=NO
+++ config.base[367]export DO_JEDIATMENS=NO
+++ config.base[367]DO_JEDIATMENS=NO
+++ config.base[368]export DO_JEDIOCNVAR=NO
+++ config.base[368]DO_JEDIOCNVAR=NO
+++ config.base[369]export DO_JEDISNOWDA=NO
+++ config.base[369]DO_JEDISNOWDA=NO
+++ config.base[370]export DO_MERGENSST=NO
+++ config.base[370]DO_MERGENSST=NO
+++ config.base[371]export DO_STARTMEM_FROM_JEDIICE=NO
+++ config.base[371]DO_STARTMEM_FROM_JEDIICE=NO
+++ config.base[374]export 'DOHYBVAR={{ DOHYBVAR }}'
+++ config.base[374]DOHYBVAR='{{ DOHYBVAR }}'
+++ config.base[375]export DOHYBVAR_OCN=NO
+++ config.base[375]DOHYBVAR_OCN=NO
+++ config.base[376]export DOLETKF_OCN=NO
+++ config.base[376]DOLETKF_OCN=NO
+++ config.base[377]export NMEM_ENS=0
+++ config.base[377]NMEM_ENS=0
+++ config.base[378]export SMOOTH_ENKF=NO
+++ config.base[378]SMOOTH_ENKF=NO
+++ config.base[379]export l4densvar=.true.
+++ config.base[379]l4densvar=.true.
+++ config.base[380]export lwrite4danl=.true.
+++ config.base[380]lwrite4danl=.true.
+++ config.base[381]export DO_CALC_INCREMENT=NO
+++ config.base[381]DO_CALC_INCREMENT=NO
+++ config.base[384]export NMEM_ENS_GFS=30
+++ config.base[384]NMEM_ENS_GFS=30
+++ config.base[385]export NMEM_ENS_GFS_OFFSET=20
+++ config.base[385]NMEM_ENS_GFS_OFFSET=20
+++ config.base[386]export DO_CALC_INCREMENT_ENKF_GFS=NO
+++ config.base[386]DO_CALC_INCREMENT_ENKF_GFS=NO
+++ config.base[389][[ {{ DOHYBVAR }} = \Y\E\S ]]
+++ config.base[403][[ {{ DOHYBVAR }} == \N\O ]]
+++ config.base[411]export ENKF_SPREAD=YES
+++ config.base[411]ENKF_SPREAD=YES
+++ config.base[414]export DO_GSISOILDA=NO
+++ config.base[414]DO_GSISOILDA=NO
+++ config.base[415]export DO_LAND_IAU=.false.
+++ config.base[415]DO_LAND_IAU=.false.
+++ config.base[416]export LSOIL_INCR=2
+++ config.base[416]LSOIL_INCR=2
+++ config.base[419][[ forecast-only = \c\y\c\l\e\d ]]
+++ config.base[419][[ YES = \N\O ]]
+++ config.base[419][[ forecast-only = \f\o\r\e\c\a\s\t\-\o\n\l\y ]]
+++ config.base[419][[ .false. = \.\f\a\l\s\e\. ]]
+++ config.base[420]export IAU_OFFSET=0
+++ config.base[420]IAU_OFFSET=0
+++ config.base[421]export IAU_FHROT=0
+++ config.base[421]IAU_FHROT=0
+++ config.base[422]export IAUFHRS=6,
+++ config.base[422]IAUFHRS=6,
+++ config.base[423]export DO_LAND_IAU=.false.
+++ config.base[423]DO_LAND_IAU=.false.
+++ config.base[426][[ YES = \N\O ]]
+++ config.base[430][[ YES == \Y\E\S ]]
+++ config.base[431]export restart_interval_enkfgdas=3
+++ config.base[431]restart_interval_enkfgdas=3
+++ config.base[436]export restart_interval_enkfgfs=3
+++ config.base[436]restart_interval_enkfgfs=3
+++ config.base[438][[ YES == \Y\E\S ]]
+++ config.base[439]export restart_interval_gdas=3
+++ config.base[439]restart_interval_gdas=3
+++ config.base[445]export DONST=YES
+++ config.base[445]DONST=YES
+++ config.base[446][[ YES = \Y\E\S ]]
+++ config.base[446]export 'FNTSFA=        '
+++ config.base[446]FNTSFA='        '
+++ config.base[449]export nst_anl=.true.
+++ config.base[449]nst_anl=.true.
+++ config.base[452]export 'INCREMENTS_TO_ZERO='\''liq_wat_inc'\'','\''icmr_inc'\'','\''rwmr_inc'\'','\''snmr_inc'\'','\''grle_inc'\'''
+++ config.base[452]INCREMENTS_TO_ZERO=''\''liq_wat_inc'\'','\''icmr_inc'\'','\''rwmr_inc'\'','\''snmr_inc'\'','\''grle_inc'\'''
+++ config.base[455]export 'INCVARS_ZERO_STRAT='\''sphum_inc'\'','\''liq_wat_inc'\'','\''icmr_inc'\'','\''rwmr_inc'\'','\''snmr_inc'\'','\''grle_inc'\'''
+++ config.base[455]INCVARS_ZERO_STRAT=''\''sphum_inc'\'','\''liq_wat_inc'\'','\''icmr_inc'\'','\''rwmr_inc'\'','\''snmr_inc'\'','\''grle_inc'\'''
+++ config.base[456]export INCVARS_EFOLD=5
+++ config.base[456]INCVARS_EFOLD=5
+++ config.base[461]export netcdf_diag=.true.
+++ config.base[461]netcdf_diag=.true.
+++ config.base[462]export binary_diag=.false.
+++ config.base[462]binary_diag=.false.
+++ config.base[465]export DO_CA=YES
+++ config.base[465]DO_CA=YES
+++ config.base[468]export DO_METP=NO
+++ config.base[468]DO_METP=NO
+++ config.base[469]export DO_FIT2OBS=YES
+++ config.base[469]DO_FIT2OBS=YES
+++ config.base[472]export FHMAX_FITS=132
+++ config.base[472]FHMAX_FITS=132
+++ config.base[473][[ 132 -gt 120 ]]
+++ config.base[474]export FHMAX_FITS=120
+++ config.base[474]FHMAX_FITS=120
+++ config.base[479]export DO_FETCH_HPSS=NO
+++ config.base[479]DO_FETCH_HPSS=NO
+++ config.base[480]export DO_FETCH_LOCAL=NO
+++ config.base[480]DO_FETCH_LOCAL=NO
+++ config.base[483]export DO_ARCHCOM=NO
+++ config.base[483]DO_ARCHCOM=NO
+++ config.base[484]export ARCHCOM_TO=globus_hpss
+++ config.base[484]ARCHCOM_TO=globus_hpss
+++ config.base[487]export CLIENT_GLOBUS_UUID=869912fe-f6de-46c0-af10-b22efd84a022
+++ config.base[487]CLIENT_GLOBUS_UUID=869912fe-f6de-46c0-af10-b22efd84a022
+++ config.base[490][[ NO = \Y\E\S ]]
+++ config.base[497][[ NO = \Y\E\S ]]
+++ config.base[497][[ NO = \Y\E\S ]]
+++ config.base[497][[ NO = \Y\E\S ]]
+++ config.base[504][[ HERCULES == \U\R\S\A ]]
+++ config.base[504][[ HERCULES == \G\A\E\A\C\6 ]]
+++ config.base[504][[ HERCULES == \O\R\I\O\N ]]
+++ config.base[504][[ HERCULES == \H\E\R\C\U\L\E\S ]]
+++ config.base[505]export DO_METP=NO
+++ config.base[505]DO_METP=NO
+++ config.base[509]export REPLAY_ICS=NO
+++ config.base[509]REPLAY_ICS=NO
+++ config.base[510]export OFFSET_START_HOUR=0
+++ config.base[510]OFFSET_START_HOUR=0
+++ config.base[513]export NUM_SND_COLLECTIVES=9
+++ config.base[513]NUM_SND_COLLECTIVES=9
+++ config.base[515]echo 'END: config.base'
END: config.base
++ jjob_header.sh[106]true
++ jjob_header.sh[107]export err=0
++ jjob_header.sh[107]err=0
++ jjob_header.sh[108][[ 0 -ne 0 ]]
++ jjob_header.sh[105]for config in "${configs[@]:-''}"
++ jjob_header.sh[106]source /work2/noaa/global/role-global/GFS_CI_CD/HERCULES/BUILDS/GITLAB/pr_cases_4072_abc041a4_4427/RUNTESTS/EXPDIR/C48_S2SW_abc041a4-4427/config.wave
+++ config.wave[6]echo 'BEGIN: config.wave'
BEGIN: config.wave
+++ config.wave[13]export RUNRSTwave=gdas
+++ config.wave[13]RUNRSTwave=gdas
+++ config.wave[16]export MESH_WAV=mesh.uglo_100km.nc
+++ config.wave[16]MESH_WAV=mesh.uglo_100km.nc
+++ config.wave[19]case "${waveGRD}" in
+++ config.wave[64]export 'waveinterpGRD=at_10m ep_10m wc_10m glo_30m aoc_9km gnh_10m gsh_15m'
+++ config.wave[64]waveinterpGRD='at_10m ep_10m wc_10m glo_30m aoc_9km gnh_10m gsh_15m'
+++ config.wave[65]export wavepostGRD=
+++ config.wave[65]wavepostGRD=
+++ config.wave[66]export waveuoutpGRD=uglo_100km
+++ config.wave[66]waveuoutpGRD=uglo_100km
+++ config.wave[75]export WAVEWND_DID=
+++ config.wave[75]WAVEWND_DID=
+++ config.wave[76]export WAVEWND_FID=
+++ config.wave[76]WAVEWND_FID=
+++ config.wave[79][[ gfs == \g\f\s ]]
+++ config.wave[80]export FHMAX_WAV=120
+++ config.wave[80]FHMAX_WAV=120
+++ config.wave[82]export WAVHINDH=0
+++ config.wave[82]WAVHINDH=0
+++ config.wave[83]export FHMAX_WAV_IBP=180
+++ config.wave[83]FHMAX_WAV_IBP=180
+++ config.wave[84]((  FHMAX_WAV < FHMAX_WAV_IBP  ))
+++ config.wave[84]export FHMAX_WAV_IBP=120
+++ config.wave[84]FHMAX_WAV_IBP=120
+++ config.wave[87]export DTFLD_WAV=3600
+++ config.wave[87]DTFLD_WAV=3600
+++ config.wave[88]export DTPNT_WAV=3600
+++ config.wave[88]DTPNT_WAV=3600
+++ config.wave[89]export FHINCP_WAV=1
+++ config.wave[89]FHINCP_WAV=1
+++ config.wave[92]export 'OUTPARS_WAV=WND CUR ICE HS T01 T02 DIR FP DP PHS PTP PDIR CHA'
+++ config.wave[92]OUTPARS_WAV='WND CUR ICE HS T01 T02 DIR FP DP PHS PTP PDIR CHA'
+++ config.wave[95][[ gfs == \g\d\a\s ]]
+++ config.wave[99]((  INTERVAL_GFS > 0  ))
+++ config.wave[100]export WAVHCYC=6
+++ config.wave[100]WAVHCYC=6
+++ config.wave[101]export FHMAX_WAV_CUR=192
+++ config.wave[101]FHMAX_WAV_CUR=192
+++ config.wave[109]export RSTTYPE_WAV=T
+++ config.wave[109]RSTTYPE_WAV=T
+++ config.wave[110][[ gfs != gfs ]]
+++ config.wave[115]rst_dt_gfs=43200
+++ config.wave[116][[ 43200 -gt 0 ]]
+++ config.wave[117]export DT_1_RST_WAV=0
+++ config.wave[117]DT_1_RST_WAV=0
+++ config.wave[120]export DT_2_RST_WAV=43200
+++ config.wave[120]DT_2_RST_WAV=43200
+++ config.wave[126]export RSTIOFF_WAV=0
+++ config.wave[126]RSTIOFF_WAV=0
+++ config.wave[131]export RUNMEM=-1
+++ config.wave[131]RUNMEM=-1
+++ config.wave[134]((  RUNMEM == -1  ))
+++ config.wave[136]export waveMEMB=
+++ config.wave[136]waveMEMB=
+++ config.wave[143]export WW3ATMINP=CPL
+++ config.wave[143]WW3ATMINP=CPL
+++ config.wave[144][[ YES == \Y\E\S ]]
+++ config.wave[145]export WW3ICEINP=CPL
+++ config.wave[145]WW3ICEINP=CPL
+++ config.wave[146]export WAVEICE_FID=
+++ config.wave[146]WAVEICE_FID=
+++ config.wave[152][[ YES == \Y\E\S ]]
+++ config.wave[153]export WW3CURINP=CPL
+++ config.wave[153]WW3CURINP=CPL
+++ config.wave[154]export WAVECUR_FID=
+++ config.wave[154]WAVECUR_FID=
+++ config.wave[161]export WW3ATMIENS=F
+++ config.wave[161]WW3ATMIENS=F
+++ config.wave[162]export WW3ICEIENS=F
+++ config.wave[162]WW3ICEIENS=F
+++ config.wave[163]export WW3CURIENS=F
+++ config.wave[163]WW3CURIENS=F
+++ config.wave[165]export GOFILETYPE=1
+++ config.wave[165]GOFILETYPE=1
+++ config.wave[166]export POFILETYPE=1
+++ config.wave[166]POFILETYPE=1
+++ config.wave[170]export FUNIPNT=T
+++ config.wave[170]FUNIPNT=T
+++ config.wave[172]export IOSRV=1
+++ config.wave[172]IOSRV=1
+++ config.wave[174]export FPNTPROC=T
+++ config.wave[174]FPNTPROC=T
+++ config.wave[176]export FGRDPROC=F
+++ config.wave[176]FGRDPROC=F
+++ config.wave[178]export FLAGMASKCOMP=F
+++ config.wave[178]FLAGMASKCOMP=F
+++ config.wave[180]export FLAGMASKOUT=F
+++ config.wave[180]FLAGMASKOUT=F
+++ config.wave[182]echo 'END: config.wave'
END: config.wave
++ jjob_header.sh[106]true
++ jjob_header.sh[107]export err=0
++ jjob_header.sh[107]err=0
++ jjob_header.sh[108][[ 0 -ne 0 ]]
++ jjob_header.sh[105]for config in "${configs[@]:-''}"
++ jjob_header.sh[106]source /work2/noaa/global/role-global/GFS_CI_CD/HERCULES/BUILDS/GITLAB/pr_cases_4072_abc041a4_4427/RUNTESTS/EXPDIR/C48_S2SW_abc041a4-4427/config.wavepostsbs
+++ config.wavepostsbs[6]echo 'BEGIN: config.wavepostsbs'
BEGIN: config.wavepostsbs
+++ config.wavepostsbs[9]source /work2/noaa/global/role-global/GFS_CI_CD/HERCULES/BUILDS/GITLAB/pr_cases_4072_abc041a4_4427/RUNTESTS/EXPDIR/C48_S2SW_abc041a4-4427/config.resources wavepostsbs
++++ config.resources[10]((  1 != 1  ))
++++ config.resources[34]step=wavepostsbs
++++ config.resources[36]echo 'BEGIN: config.resources'
BEGIN: config.resources
++++ config.resources[38]case ${machine} in
++++ config.resources[65]max_tasks_per_node=80
++++ config.resources[66]mem_node_max=500GB
++++ config.resources[100]export max_tasks_per_node
++++ config.resources[102]case ${step} in
++++ config.resources[160]ntasks=8
++++ config.resources[161]threads_per_task=1
++++ config.resources[162]tasks_per_node=80
++++ config.resources[163]NTASKS=8
++++ config.resources[164]memory=20GB
++++ config.resources[165]walltime=00:15:00
++++ config.resources[1410][[ -f /work2/noaa/global/role-global/GFS_CI_CD/HERCULES/BUILDS/GITLAB/pr_cases_4072_abc041a4_4427/RUNTESTS/EXPDIR/C48_S2SW_abc041a4-4427/config.resources.HERCULES ]]
++++ config.resources[1411]source /work2/noaa/global/role-global/GFS_CI_CD/HERCULES/BUILDS/GITLAB/pr_cases_4072_abc041a4_4427/RUNTESTS/EXPDIR/C48_S2SW_abc041a4-4427/config.resources.HERCULES
+++++ config.resources.HERCULES[6]case ${step} in
++++ config.resources[1415]for resource_var in threads_per_task ntasks tasks_per_node NTASKS memory walltime
++++ config.resources[1416]run_resource_var=threads_per_task_gfs
++++ config.resources[1417][[ -n '' ]]
++++ config.resources[1419][[ -n 0 ]]
++++ config.resources[1420]export threads_per_task
++++ config.resources[1415]for resource_var in threads_per_task ntasks tasks_per_node NTASKS memory walltime
++++ config.resources[1416]run_resource_var=ntasks_gfs
++++ config.resources[1417][[ -n '' ]]
++++ config.resources[1419][[ -n 0 ]]
++++ config.resources[1420]export ntasks
++++ config.resources[1415]for resource_var in threads_per_task ntasks tasks_per_node NTASKS memory walltime
++++ config.resources[1416]run_resource_var=tasks_per_node_gfs
++++ config.resources[1417][[ -n '' ]]
++++ config.resources[1419][[ -n 0 ]]
++++ config.resources[1420]export tasks_per_node
++++ config.resources[1415]for resource_var in threads_per_task ntasks tasks_per_node NTASKS memory walltime
++++ config.resources[1416]run_resource_var=NTASKS_gfs
++++ config.resources[1417][[ -n '' ]]
++++ config.resources[1419][[ -n 0 ]]
++++ config.resources[1420]export NTASKS
++++ config.resources[1415]for resource_var in threads_per_task ntasks tasks_per_node NTASKS memory walltime
++++ config.resources[1416]run_resource_var=memory_gfs
++++ config.resources[1417][[ -n '' ]]
++++ config.resources[1419][[ -n 0 ]]
++++ config.resources[1420]export memory
++++ config.resources[1415]for resource_var in threads_per_task ntasks tasks_per_node NTASKS memory walltime
++++ config.resources[1416]run_resource_var=walltime_gfs
++++ config.resources[1417][[ -n '' ]]
++++ config.resources[1419][[ -n 0 ]]
++++ config.resources[1420]export walltime
++++ config.resources[1424]echo 'END: config.resources'
END: config.resources
+++ config.wavepostsbs[12]export MAX_TASKS=25
+++ config.wavepostsbs[12]MAX_TASKS=25
+++ config.wavepostsbs[15]export WAV_SUBGRBSRC=
+++ config.wavepostsbs[15]WAV_SUBGRBSRC=
+++ config.wavepostsbs[16]export WAV_SUBGRB=
+++ config.wavepostsbs[16]WAV_SUBGRB=
+++ config.wavepostsbs[19]export DOFLD_WAV=YES
+++ config.wavepostsbs[19]DOFLD_WAV=YES
+++ config.wavepostsbs[20]export DOPNT_WAV=YES
+++ config.wavepostsbs[20]DOPNT_WAV=YES
+++ config.wavepostsbs[21]export DOGRB_WAV=YES
+++ config.wavepostsbs[21]DOGRB_WAV=YES
+++ config.wavepostsbs[22][[ -n at_10m ep_10m wc_10m glo_30m aoc_9km gnh_10m gsh_15m ]]
+++ config.wavepostsbs[23]export DOGRI_WAV=YES
+++ config.wavepostsbs[23]DOGRI_WAV=YES
+++ config.wavepostsbs[27]export DOSPC_WAV=YES
+++ config.wavepostsbs[27]DOSPC_WAV=YES
+++ config.wavepostsbs[28]export DOBLL_WAV=YES
+++ config.wavepostsbs[28]DOBLL_WAV=YES
+++ config.wavepostsbs[30]echo 'END: config.wavepostsbs'
END: config.wavepostsbs
++ jjob_header.sh[106]true
++ jjob_header.sh[107]export err=0
++ jjob_header.sh[107]err=0
++ jjob_header.sh[108][[ 0 -ne 0 ]]
++ jjob_header.sh[117]source /work2/noaa/global/role-global/GFS_CI_CD/HERCULES/BUILDS/GITLAB/pr_cases_4072_abc041a4_4427/global-workflow/env/HERCULES.env wavepostsbs
+++ HERCULES.env[3][[ 1 -ne 1 ]]
+++ HERCULES.env[10]step=wavepostsbs
+++ HERCULES.env[12]export 'launcher=srun -l --export=ALL --hint=nomultithread'
+++ HERCULES.env[12]launcher='srun -l --export=ALL --hint=nomultithread'
+++ HERCULES.env[13]export 'mpmd_opt=--multi-prog --output=mpmd.%j.%t.out'
+++ HERCULES.env[13]mpmd_opt='--multi-prog --output=mpmd.%j.%t.out'
+++ HERCULES.env[16]export MPI_BUFS_PER_PROC=2048
+++ HERCULES.env[16]MPI_BUFS_PER_PROC=2048
+++ HERCULES.env[17]export MPI_BUFS_PER_HOST=2048
+++ HERCULES.env[17]MPI_BUFS_PER_HOST=2048
+++ HERCULES.env[18]export MPI_GROUP_MAX=256
+++ HERCULES.env[18]MPI_GROUP_MAX=256
+++ HERCULES.env[19]export MPI_MEMMAP_OFF=1
+++ HERCULES.env[19]MPI_MEMMAP_OFF=1
+++ HERCULES.env[20]export MP_STDOUTMODE=ORDERED
+++ HERCULES.env[20]MP_STDOUTMODE=ORDERED
+++ HERCULES.env[21]export KMP_AFFINITY=scatter
+++ HERCULES.env[21]KMP_AFFINITY=scatter
+++ HERCULES.env[22]export OMP_STACKSIZE=2048000
+++ HERCULES.env[22]OMP_STACKSIZE=2048000
+++ HERCULES.env[23]export NTHSTACK=1024000000
+++ HERCULES.env[23]NTHSTACK=1024000000
+++ HERCULES.env[25]export I_MPI_EXTRA_FILESYSTEM=1
+++ HERCULES.env[25]I_MPI_EXTRA_FILESYSTEM=1
+++ HERCULES.env[26]export I_MPI_EXTRA_FILESYSTEM_LIST=lustre
+++ HERCULES.env[26]I_MPI_EXTRA_FILESYSTEM_LIST=lustre
+++ HERCULES.env[28]ulimit -s unlimited
+++ HERCULES.env[29]ulimit -a
real-time non-blocking time  (microseconds, -R) unlimited
core file size              (blocks, -c) 0
data seg size               (kbytes, -d) unlimited
scheduling priority                 (-e) 0
file size                   (blocks, -f) unlimited
pending signals                     (-i) 2049614
max locked memory           (kbytes, -l) unlimited
max memory size             (kbytes, -m) 20971520
open files                          (-n) 131072
pipe size                (512 bytes, -p) 8
POSIX message queues         (bytes, -q) 819200
real-time priority                  (-r) 0
stack size                  (kbytes, -s) unlimited
cpu time                   (seconds, -t) unlimited
max user processes                  (-u) 1028698
virtual memory              (kbytes, -v) unlimited
file locks                          (-x) unlimited
+++ HERCULES.env[33][[ -n 8 ]]
+++ HERCULES.env[33][[ -n 80 ]]
+++ HERCULES.env[33][[ -n 80 ]]
+++ HERCULES.env[34]max_threads_per_task=1
+++ HERCULES.env[35]NTHREADSmax=1
+++ HERCULES.env[36]NTHREADS1=1
+++ HERCULES.env[37][[ 1 -gt 1 ]]
+++ HERCULES.env[40][[ 1 -gt 1 ]]
+++ HERCULES.env[43]APRUN_default='srun -l --export=ALL --hint=nomultithread -n 8'
+++ HERCULES.env[49]case ${step} in
+++ HERCULES.env[63]export USE_CFP=YES
+++ HERCULES.env[63]USE_CFP=YES
+++ HERCULES.env[64][[ wavepostsbs == \w\a\v\e\p\r\e\p ]]
+++ HERCULES.env[65]export 'wavempexec=srun -l --export=ALL --hint=nomultithread'
+++ HERCULES.env[65]wavempexec='srun -l --export=ALL --hint=nomultithread'
+++ HERCULES.env[66]export 'wave_mpmd=--multi-prog --output=mpmd.%j.%t.out'
+++ HERCULES.env[66]wave_mpmd='--multi-prog --output=mpmd.%j.%t.out'
++ jjob_header.sh[117]true
++ jjob_header.sh[118]export err=0
++ jjob_header.sh[118]err=0
++ jjob_header.sh[119][[ 0 -ne 0 ]]
+ JGLOBAL_WAVE_POST_SBS[4]source /work2/noaa/global/role-global/GFS_CI_CD/HERCULES/BUILDS/GITLAB/pr_cases_4072_abc041a4_4427/global-workflow/ush/wave_domain_grid.sh
+ JGLOBAL_WAVE_POST_SBS[7]YMD=20210323
+ JGLOBAL_WAVE_POST_SBS[7]HH=12
+ JGLOBAL_WAVE_POST_SBS[7]declare_from_tmpl -rx COMIN_WAVE_PREP:COM_WAVE_PREP_TMPL COMIN_WAVE_HISTORY:COM_WAVE_HISTORY_TMPL COMOUT_WAVE_GRID:COM_WAVE_GRID_TMPL
+ bash_utils.sh[39][[ NO == \N\O ]]
+ bash_utils.sh[39]set +x
declare_from_tmpl :: COMIN_WAVE_PREP=/work2/noaa/global/role-global/GFS_CI_CD/HERCULES/BUILDS/GITLAB/pr_cases_4072_abc041a4_4427/RUNTESTS/COMROOT/C48_S2SW_abc041a4-4427/gfs.20210323/12//model/wave/prep
declare_from_tmpl :: COMIN_WAVE_HISTORY=/work2/noaa/global/role-global/GFS_CI_CD/HERCULES/BUILDS/GITLAB/pr_cases_4072_abc041a4_4427/RUNTESTS/COMROOT/C48_S2SW_abc041a4-4427/gfs.20210323/12//model/wave/history
declare_from_tmpl :: COMOUT_WAVE_GRID=/work2/noaa/global/role-global/GFS_CI_CD/HERCULES/BUILDS/GITLAB/pr_cases_4072_abc041a4_4427/RUNTESTS/COMROOT/C48_S2SW_abc041a4-4427/gfs.20210323/12//products/wave/gridded
+ JGLOBAL_WAVE_POST_SBS[12][[ ! -d /work2/noaa/global/role-global/GFS_CI_CD/HERCULES/BUILDS/GITLAB/pr_cases_4072_abc041a4_4427/RUNTESTS/COMROOT/C48_S2SW_abc041a4-4427/gfs.20210323/12//products/wave/gridded ]]
+ JGLOBAL_WAVE_POST_SBS[14][[ -n '' ]]
+ JGLOBAL_WAVE_POST_SBS[14][[ -n at_10m ep_10m wc_10m glo_30m aoc_9km gnh_10m gsh_15m ]]
+ JGLOBAL_WAVE_POST_SBS[15]for grdID in ${wavepostGRD} ${waveinterpGRD}
+ JGLOBAL_WAVE_POST_SBS[16]process_grdID at_10m
+ wave_domain_grid.sh[13]grdID=at_10m
+ wave_domain_grid.sh[14]case ${grdID} in
+ wave_domain_grid.sh[23]GRDREGION=atlocn
+ wave_domain_grid.sh[23]GRDRES=0p16
+ wave_domain_grid.sh[23]GRIDNR=255
+ wave_domain_grid.sh[23]MODNR=11
+ wave_domain_grid.sh[39]grdNAME=atlocn.0p16
+ wave_domain_grid.sh[40]echo grdNAME=atlocn.0p16
grdNAME=atlocn.0p16
+ wave_domain_grid.sh[41]echo GRIDNR=255
GRIDNR=255
+ wave_domain_grid.sh[42]echo MODNR=11
MODNR=11
+ JGLOBAL_WAVE_POST_SBS[17]YMD=20210323
+ JGLOBAL_WAVE_POST_SBS[17]HH=12
+ JGLOBAL_WAVE_POST_SBS[17]GRDRESNAME=atlocn.0p16
+ JGLOBAL_WAVE_POST_SBS[17]declare_from_tmpl -rx COMOUT_WAVE_GRID_atlocn_0p16:COM_WAVE_GRID_RES_TMPL
+ bash_utils.sh[39][[ NO == \N\O ]]
+ bash_utils.sh[39]set +x
declare_from_tmpl :: COMOUT_WAVE_GRID_atlocn_0p16=/work2/noaa/global/role-global/GFS_CI_CD/HERCULES/BUILDS/GITLAB/pr_cases_4072_abc041a4_4427/RUNTESTS/COMROOT/C48_S2SW_abc041a4-4427/gfs.20210323/12//products/wave/gridded/atlocn.0p16
+ JGLOBAL_WAVE_POST_SBS[19]out_dir_varname=COMOUT_WAVE_GRID_atlocn_0p16
+ JGLOBAL_WAVE_POST_SBS[20]out_dir=/work2/noaa/global/role-global/GFS_CI_CD/HERCULES/BUILDS/GITLAB/pr_cases_4072_abc041a4_4427/RUNTESTS/COMROOT/C48_S2SW_abc041a4-4427/gfs.20210323/12//products/wave/gridded/atlocn.0p16
+ JGLOBAL_WAVE_POST_SBS[21][[ ! -d /work2/noaa/global/role-global/GFS_CI_CD/HERCULES/BUILDS/GITLAB/pr_cases_4072_abc041a4_4427/RUNTESTS/COMROOT/C48_S2SW_abc041a4-4427/gfs.20210323/12//products/wave/gridded/atlocn.0p16 ]]
+ JGLOBAL_WAVE_POST_SBS[15]for grdID in ${wavepostGRD} ${waveinterpGRD}
+ JGLOBAL_WAVE_POST_SBS[16]process_grdID ep_10m
+ wave_domain_grid.sh[13]grdID=ep_10m
+ wave_domain_grid.sh[14]case ${grdID} in
+ wave_domain_grid.sh[24]GRDREGION=epacif
+ wave_domain_grid.sh[24]GRDRES=0p16
+ wave_domain_grid.sh[24]GRIDNR=255
+ wave_domain_grid.sh[24]MODNR=11
+ wave_domain_grid.sh[39]grdNAME=epacif.0p16
+ wave_domain_grid.sh[40]echo grdNAME=epacif.0p16
grdNAME=epacif.0p16
+ wave_domain_grid.sh[41]echo GRIDNR=255
GRIDNR=255
+ wave_domain_grid.sh[42]echo MODNR=11
MODNR=11
+ JGLOBAL_WAVE_POST_SBS[17]YMD=20210323
+ JGLOBAL_WAVE_POST_SBS[17]HH=12
+ JGLOBAL_WAVE_POST_SBS[17]GRDRESNAME=epacif.0p16
+ JGLOBAL_WAVE_POST_SBS[17]declare_from_tmpl -rx COMOUT_WAVE_GRID_epacif_0p16:COM_WAVE_GRID_RES_TMPL
+ bash_utils.sh[39][[ NO == \N\O ]]
+ bash_utils.sh[39]set +x
declare_from_tmpl :: COMOUT_WAVE_GRID_epacif_0p16=/work2/noaa/global/role-global/GFS_CI_CD/HERCULES/BUILDS/GITLAB/pr_cases_4072_abc041a4_4427/RUNTESTS/COMROOT/C48_S2SW_abc041a4-4427/gfs.20210323/12//products/wave/gridded/epacif.0p16
+ JGLOBAL_WAVE_POST_SBS[19]out_dir_varname=COMOUT_WAVE_GRID_epacif_0p16
+ JGLOBAL_WAVE_POST_SBS[20]out_dir=/work2/noaa/global/role-global/GFS_CI_CD/HERCULES/BUILDS/GITLAB/pr_cases_4072_abc041a4_4427/RUNTESTS/COMROOT/C48_S2SW_abc041a4-4427/gfs.20210323/12//products/wave/gridded/epacif.0p16
+ JGLOBAL_WAVE_POST_SBS[21][[ ! -d /work2/noaa/global/role-global/GFS_CI_CD/HERCULES/BUILDS/GITLAB/pr_cases_4072_abc041a4_4427/RUNTESTS/COMROOT/C48_S2SW_abc041a4-4427/gfs.20210323/12//products/wave/gridded/epacif.0p16 ]]
+ JGLOBAL_WAVE_POST_SBS[15]for grdID in ${wavepostGRD} ${waveinterpGRD}
+ JGLOBAL_WAVE_POST_SBS[16]process_grdID wc_10m
+ wave_domain_grid.sh[13]grdID=wc_10m
+ wave_domain_grid.sh[14]case ${grdID} in
+ wave_domain_grid.sh[25]GRDREGION=wcoast
+ wave_domain_grid.sh[25]GRDRES=0p16
+ wave_domain_grid.sh[25]GRIDNR=255
+ wave_domain_grid.sh[25]MODNR=11
+ wave_domain_grid.sh[39]grdNAME=wcoast.0p16
+ wave_domain_grid.sh[40]echo grdNAME=wcoast.0p16
grdNAME=wcoast.0p16
+ wave_domain_grid.sh[41]echo GRIDNR=255
GRIDNR=255
+ wave_domain_grid.sh[42]echo MODNR=11
MODNR=11
+ JGLOBAL_WAVE_POST_SBS[17]YMD=20210323
+ JGLOBAL_WAVE_POST_SBS[17]HH=12
+ JGLOBAL_WAVE_POST_SBS[17]GRDRESNAME=wcoast.0p16
+ JGLOBAL_WAVE_POST_SBS[17]declare_from_tmpl -rx COMOUT_WAVE_GRID_wcoast_0p16:COM_WAVE_GRID_RES_TMPL
+ bash_utils.sh[39][[ NO == \N\O ]]
+ bash_utils.sh[39]set +x
declare_from_tmpl :: COMOUT_WAVE_GRID_wcoast_0p16=/work2/noaa/global/role-global/GFS_CI_CD/HERCULES/BUILDS/GITLAB/pr_cases_4072_abc041a4_4427/RUNTESTS/COMROOT/C48_S2SW_abc041a4-4427/gfs.20210323/12//products/wave/gridded/wcoast.0p16
+ JGLOBAL_WAVE_POST_SBS[19]out_dir_varname=COMOUT_WAVE_GRID_wcoast_0p16
+ JGLOBAL_WAVE_POST_SBS[20]out_dir=/work2/noaa/global/role-global/GFS_CI_CD/HERCULES/BUILDS/GITLAB/pr_cases_4072_abc041a4_4427/RUNTESTS/COMROOT/C48_S2SW_abc041a4-4427/gfs.20210323/12//products/wave/gridded/wcoast.0p16
+ JGLOBAL_WAVE_POST_SBS[21][[ ! -d /work2/noaa/global/role-global/GFS_CI_CD/HERCULES/BUILDS/GITLAB/pr_cases_4072_abc041a4_4427/RUNTESTS/COMROOT/C48_S2SW_abc041a4-4427/gfs.20210323/12//products/wave/gridded/wcoast.0p16 ]]
+ JGLOBAL_WAVE_POST_SBS[15]for grdID in ${wavepostGRD} ${waveinterpGRD}
+ JGLOBAL_WAVE_POST_SBS[16]process_grdID glo_30m
+ wave_domain_grid.sh[13]grdID=glo_30m
+ wave_domain_grid.sh[14]case ${grdID} in
+ wave_domain_grid.sh[18]GRDREGION=global
+ wave_domain_grid.sh[18]GRDRES=0p50
+ wave_domain_grid.sh[18]GRIDNR=255
+ wave_domain_grid.sh[18]MODNR=11
+ wave_domain_grid.sh[39]grdNAME=global.0p50
+ wave_domain_grid.sh[40]echo grdNAME=global.0p50
grdNAME=global.0p50
+ wave_domain_grid.sh[41]echo GRIDNR=255
GRIDNR=255
+ wave_domain_grid.sh[42]echo MODNR=11
MODNR=11
+ JGLOBAL_WAVE_POST_SBS[17]YMD=20210323
+ JGLOBAL_WAVE_POST_SBS[17]HH=12
+ JGLOBAL_WAVE_POST_SBS[17]GRDRESNAME=global.0p50
+ JGLOBAL_WAVE_POST_SBS[17]declare_from_tmpl -rx COMOUT_WAVE_GRID_global_0p50:COM_WAVE_GRID_RES_TMPL
+ bash_utils.sh[39][[ NO == \N\O ]]
+ bash_utils.sh[39]set +x
declare_from_tmpl :: COMOUT_WAVE_GRID_global_0p50=/work2/noaa/global/role-global/GFS_CI_CD/HERCULES/BUILDS/GITLAB/pr_cases_4072_abc041a4_4427/RUNTESTS/COMROOT/C48_S2SW_abc041a4-4427/gfs.20210323/12//products/wave/gridded/global.0p50
+ JGLOBAL_WAVE_POST_SBS[19]out_dir_varname=COMOUT_WAVE_GRID_global_0p50
+ JGLOBAL_WAVE_POST_SBS[20]out_dir=/work2/noaa/global/role-global/GFS_CI_CD/HERCULES/BUILDS/GITLAB/pr_cases_4072_abc041a4_4427/RUNTESTS/COMROOT/C48_S2SW_abc041a4-4427/gfs.20210323/12//products/wave/gridded/global.0p50
+ JGLOBAL_WAVE_POST_SBS[21][[ ! -d /work2/noaa/global/role-global/GFS_CI_CD/HERCULES/BUILDS/GITLAB/pr_cases_4072_abc041a4_4427/RUNTESTS/COMROOT/C48_S2SW_abc041a4-4427/gfs.20210323/12//products/wave/gridded/global.0p50 ]]
+ JGLOBAL_WAVE_POST_SBS[15]for grdID in ${wavepostGRD} ${waveinterpGRD}
+ JGLOBAL_WAVE_POST_SBS[16]process_grdID aoc_9km
+ wave_domain_grid.sh[13]grdID=aoc_9km
+ wave_domain_grid.sh[14]case ${grdID} in
+ wave_domain_grid.sh[27]GRDREGION=arctic
+ wave_domain_grid.sh[27]GRDRES=9km
+ wave_domain_grid.sh[27]GRIDNR=255
+ wave_domain_grid.sh[27]MODNR=11
+ wave_domain_grid.sh[39]grdNAME=arctic.9km
+ wave_domain_grid.sh[40]echo grdNAME=arctic.9km
grdNAME=arctic.9km
+ wave_domain_grid.sh[41]echo GRIDNR=255
GRIDNR=255
+ wave_domain_grid.sh[42]echo MODNR=11
MODNR=11
+ JGLOBAL_WAVE_POST_SBS[17]YMD=20210323
+ JGLOBAL_WAVE_POST_SBS[17]HH=12
+ JGLOBAL_WAVE_POST_SBS[17]GRDRESNAME=arctic.9km
+ JGLOBAL_WAVE_POST_SBS[17]declare_from_tmpl -rx COMOUT_WAVE_GRID_arctic_9km:COM_WAVE_GRID_RES_TMPL
+ bash_utils.sh[39][[ NO == \N\O ]]
+ bash_utils.sh[39]set +x
declare_from_tmpl :: COMOUT_WAVE_GRID_arctic_9km=/work2/noaa/global/role-global/GFS_CI_CD/HERCULES/BUILDS/GITLAB/pr_cases_4072_abc041a4_4427/RUNTESTS/COMROOT/C48_S2SW_abc041a4-4427/gfs.20210323/12//products/wave/gridded/arctic.9km
+ JGLOBAL_WAVE_POST_SBS[19]out_dir_varname=COMOUT_WAVE_GRID_arctic_9km
+ JGLOBAL_WAVE_POST_SBS[20]out_dir=/work2/noaa/global/role-global/GFS_CI_CD/HERCULES/BUILDS/GITLAB/pr_cases_4072_abc041a4_4427/RUNTESTS/COMROOT/C48_S2SW_abc041a4-4427/gfs.20210323/12//products/wave/gridded/arctic.9km
+ JGLOBAL_WAVE_POST_SBS[21][[ ! -d /work2/noaa/global/role-global/GFS_CI_CD/HERCULES/BUILDS/GITLAB/pr_cases_4072_abc041a4_4427/RUNTESTS/COMROOT/C48_S2SW_abc041a4-4427/gfs.20210323/12//products/wave/gridded/arctic.9km ]]
+ JGLOBAL_WAVE_POST_SBS[15]for grdID in ${wavepostGRD} ${waveinterpGRD}
+ JGLOBAL_WAVE_POST_SBS[16]process_grdID gnh_10m
+ wave_domain_grid.sh[13]grdID=gnh_10m
+ wave_domain_grid.sh[14]case ${grdID} in
+ wave_domain_grid.sh[29]GRDREGION=global
+ wave_domain_grid.sh[29]GRDRES=0p16
+ wave_domain_grid.sh[29]GRIDNR=255
+ wave_domain_grid.sh[29]MODNR=11
+ wave_domain_grid.sh[39]grdNAME=global.0p16
+ wave_domain_grid.sh[40]echo grdNAME=global.0p16
grdNAME=global.0p16
+ wave_domain_grid.sh[41]echo GRIDNR=255
GRIDNR=255
+ wave_domain_grid.sh[42]echo MODNR=11
MODNR=11
+ JGLOBAL_WAVE_POST_SBS[17]YMD=20210323
+ JGLOBAL_WAVE_POST_SBS[17]HH=12
+ JGLOBAL_WAVE_POST_SBS[17]GRDRESNAME=global.0p16
+ JGLOBAL_WAVE_POST_SBS[17]declare_from_tmpl -rx COMOUT_WAVE_GRID_global_0p16:COM_WAVE_GRID_RES_TMPL
+ bash_utils.sh[39][[ NO == \N\O ]]
+ bash_utils.sh[39]set +x
declare_from_tmpl :: COMOUT_WAVE_GRID_global_0p16=/work2/noaa/global/role-global/GFS_CI_CD/HERCULES/BUILDS/GITLAB/pr_cases_4072_abc041a4_4427/RUNTESTS/COMROOT/C48_S2SW_abc041a4-4427/gfs.20210323/12//products/wave/gridded/global.0p16
+ JGLOBAL_WAVE_POST_SBS[19]out_dir_varname=COMOUT_WAVE_GRID_global_0p16
+ JGLOBAL_WAVE_POST_SBS[20]out_dir=/work2/noaa/global/role-global/GFS_CI_CD/HERCULES/BUILDS/GITLAB/pr_cases_4072_abc041a4_4427/RUNTESTS/COMROOT/C48_S2SW_abc041a4-4427/gfs.20210323/12//products/wave/gridded/global.0p16
+ JGLOBAL_WAVE_POST_SBS[21][[ ! -d /work2/noaa/global/role-global/GFS_CI_CD/HERCULES/BUILDS/GITLAB/pr_cases_4072_abc041a4_4427/RUNTESTS/COMROOT/C48_S2SW_abc041a4-4427/gfs.20210323/12//products/wave/gridded/global.0p16 ]]
+ JGLOBAL_WAVE_POST_SBS[15]for grdID in ${wavepostGRD} ${waveinterpGRD}
+ JGLOBAL_WAVE_POST_SBS[16]process_grdID gsh_15m
+ wave_domain_grid.sh[13]grdID=gsh_15m
+ wave_domain_grid.sh[14]case ${grdID} in
+ wave_domain_grid.sh[30]GRDREGION=gsouth
+ wave_domain_grid.sh[30]GRDRES=0p25
+ wave_domain_grid.sh[30]GRIDNR=255
+ wave_domain_grid.sh[30]MODNR=11
+ wave_domain_grid.sh[39]grdNAME=gsouth.0p25
+ wave_domain_grid.sh[40]echo grdNAME=gsouth.0p25
grdNAME=gsouth.0p25
+ wave_domain_grid.sh[41]echo GRIDNR=255
GRIDNR=255
+ wave_domain_grid.sh[42]echo MODNR=11
MODNR=11
+ JGLOBAL_WAVE_POST_SBS[17]YMD=20210323
+ JGLOBAL_WAVE_POST_SBS[17]HH=12
+ JGLOBAL_WAVE_POST_SBS[17]GRDRESNAME=gsouth.0p25
+ JGLOBAL_WAVE_POST_SBS[17]declare_from_tmpl -rx COMOUT_WAVE_GRID_gsouth_0p25:COM_WAVE_GRID_RES_TMPL
+ bash_utils.sh[39][[ NO == \N\O ]]
+ bash_utils.sh[39]set +x
declare_from_tmpl :: COMOUT_WAVE_GRID_gsouth_0p25=/work2/noaa/global/role-global/GFS_CI_CD/HERCULES/BUILDS/GITLAB/pr_cases_4072_abc041a4_4427/RUNTESTS/COMROOT/C48_S2SW_abc041a4-4427/gfs.20210323/12//products/wave/gridded/gsouth.0p25
+ JGLOBAL_WAVE_POST_SBS[19]out_dir_varname=COMOUT_WAVE_GRID_gsouth_0p25
+ JGLOBAL_WAVE_POST_SBS[20]out_dir=/work2/noaa/global/role-global/GFS_CI_CD/HERCULES/BUILDS/GITLAB/pr_cases_4072_abc041a4_4427/RUNTESTS/COMROOT/C48_S2SW_abc041a4-4427/gfs.20210323/12//products/wave/gridded/gsouth.0p25
+ JGLOBAL_WAVE_POST_SBS[21][[ ! -d /work2/noaa/global/role-global/GFS_CI_CD/HERCULES/BUILDS/GITLAB/pr_cases_4072_abc041a4_4427/RUNTESTS/COMROOT/C48_S2SW_abc041a4-4427/gfs.20210323/12//products/wave/gridded/gsouth.0p25 ]]
+ JGLOBAL_WAVE_POST_SBS[28]/work2/noaa/global/role-global/GFS_CI_CD/HERCULES/BUILDS/GITLAB/pr_cases_4072_abc041a4_4427/global-workflow/scripts/exgfs_wave_post_gridded_sbs.sh
+ bash[8]'[' -z '' ']'
+ bash[9]case "$-" in
+ bash[12]__lmod_vx=x
+ bash[16]'[' -n x ']'
+ bash[16]set +x
Shell debugging temporarily silenced: export LMOD_SH_DBG_ON=1 for this output (/apps/other/lmod/lmod/init/bash)
Shell debugging restarted
+ bash[224]unset __lmod_vx
+ exgfs_wave_post_gridded_sbs.sh[24]source /work2/noaa/global/role-global/GFS_CI_CD/HERCULES/BUILDS/GITLAB/pr_cases_4072_abc041a4_4427/global-workflow/ush/wave_domain_grid.sh
+ exgfs_wave_post_gridded_sbs.sh[26]DOGRI_WAV=YES
+ exgfs_wave_post_gridded_sbs.sh[27]DOGRB_WAV=YES
+ exgfs_wave_post_gridded_sbs.sh[29]export waveGRD=uglo_100km
+ exgfs_wave_post_gridded_sbs.sh[29]waveGRD=uglo_100km
+ exgfs_wave_post_gridded_sbs.sh[30]export 'waveinterpGRD=at_10m ep_10m wc_10m glo_30m aoc_9km gnh_10m gsh_15m'
+ exgfs_wave_post_gridded_sbs.sh[30]waveinterpGRD='at_10m ep_10m wc_10m glo_30m aoc_9km gnh_10m gsh_15m'
+ exgfs_wave_post_gridded_sbs.sh[31]export wavepostGRD=
+ exgfs_wave_post_gridded_sbs.sh[31]wavepostGRD=
+ exgfs_wave_post_gridded_sbs.sh[33]cat
  INFO: Grid information:
  INFO:   Native wave grids:  uglo_100km
  INFO:   Interpolated grids: at_10m ep_10m wc_10m glo_30m aoc_9km gnh_10m gsh_15m
  INFO:   Post-process grids: 
++ exgfs_wave_post_gridded_sbs.sh[40]printf %03i 36
+ exgfs_wave_post_gridded_sbs.sh[40]fhr3=036
++ exgfs_wave_post_gridded_sbs.sh[41]date -u -d '20210323 12 + 36 hours' +%Y%m%d%H
+ exgfs_wave_post_gridded_sbs.sh[41]valid_time=2021032500
+ exgfs_wave_post_gridded_sbs.sh[44]for grdID in ${waveGRD} ${wavepostGRD} ${waveinterpGRD}
+ exgfs_wave_post_gridded_sbs.sh[45]cpreq /work2/noaa/global/role-global/GFS_CI_CD/HERCULES/BUILDS/GITLAB/pr_cases_4072_abc041a4_4427/RUNTESTS/COMROOT/C48_S2SW_abc041a4-4427/gfs.20210323/12//model/wave/prep/gfs.t12z.mod_def.uglo_100km.bin mod_def.uglo_100km
+ cpreq[3]cp /work2/noaa/global/role-global/GFS_CI_CD/HERCULES/BUILDS/GITLAB/pr_cases_4072_abc041a4_4427/RUNTESTS/COMROOT/C48_S2SW_abc041a4-4427/gfs.20210323/12//model/wave/prep/gfs.t12z.mod_def.uglo_100km.bin mod_def.uglo_100km
+ cpreq[4]'[' 0 -ne 0 ']'
+ exgfs_wave_post_gridded_sbs.sh[44]for grdID in ${waveGRD} ${wavepostGRD} ${waveinterpGRD}
+ exgfs_wave_post_gridded_sbs.sh[45]cpreq /work2/noaa/global/role-global/GFS_CI_CD/HERCULES/BUILDS/GITLAB/pr_cases_4072_abc041a4_4427/RUNTESTS/COMROOT/C48_S2SW_abc041a4-4427/gfs.20210323/12//model/wave/prep/gfs.t12z.mod_def.at_10m.bin mod_def.at_10m
+ cpreq[3]cp /work2/noaa/global/role-global/GFS_CI_CD/HERCULES/BUILDS/GITLAB/pr_cases_4072_abc041a4_4427/RUNTESTS/COMROOT/C48_S2SW_abc041a4-4427/gfs.20210323/12//model/wave/prep/gfs.t12z.mod_def.at_10m.bin mod_def.at_10m
+ cpreq[4]'[' 0 -ne 0 ']'
+ exgfs_wave_post_gridded_sbs.sh[44]for grdID in ${waveGRD} ${wavepostGRD} ${waveinterpGRD}
+ exgfs_wave_post_gridded_sbs.sh[45]cpreq /work2/noaa/global/role-global/GFS_CI_CD/HERCULES/BUILDS/GITLAB/pr_cases_4072_abc041a4_4427/RUNTESTS/COMROOT/C48_S2SW_abc041a4-4427/gfs.20210323/12//model/wave/prep/gfs.t12z.mod_def.ep_10m.bin mod_def.ep_10m
+ cpreq[3]cp /work2/noaa/global/role-global/GFS_CI_CD/HERCULES/BUILDS/GITLAB/pr_cases_4072_abc041a4_4427/RUNTESTS/COMROOT/C48_S2SW_abc041a4-4427/gfs.20210323/12//model/wave/prep/gfs.t12z.mod_def.ep_10m.bin mod_def.ep_10m
+ cpreq[4]'[' 0 -ne 0 ']'
+ exgfs_wave_post_gridded_sbs.sh[44]for grdID in ${waveGRD} ${wavepostGRD} ${waveinterpGRD}
+ exgfs_wave_post_gridded_sbs.sh[45]cpreq /work2/noaa/global/role-global/GFS_CI_CD/HERCULES/BUILDS/GITLAB/pr_cases_4072_abc041a4_4427/RUNTESTS/COMROOT/C48_S2SW_abc041a4-4427/gfs.20210323/12//model/wave/prep/gfs.t12z.mod_def.wc_10m.bin mod_def.wc_10m
+ cpreq[3]cp /work2/noaa/global/role-global/GFS_CI_CD/HERCULES/BUILDS/GITLAB/pr_cases_4072_abc041a4_4427/RUNTESTS/COMROOT/C48_S2SW_abc041a4-4427/gfs.20210323/12//model/wave/prep/gfs.t12z.mod_def.wc_10m.bin mod_def.wc_10m
+ cpreq[4]'[' 0 -ne 0 ']'
+ exgfs_wave_post_gridded_sbs.sh[44]for grdID in ${waveGRD} ${wavepostGRD} ${waveinterpGRD}
+ exgfs_wave_post_gridded_sbs.sh[45]cpreq /work2/noaa/global/role-global/GFS_CI_CD/HERCULES/BUILDS/GITLAB/pr_cases_4072_abc041a4_4427/RUNTESTS/COMROOT/C48_S2SW_abc041a4-4427/gfs.20210323/12//model/wave/prep/gfs.t12z.mod_def.glo_30m.bin mod_def.glo_30m
+ cpreq[3]cp /work2/noaa/global/role-global/GFS_CI_CD/HERCULES/BUILDS/GITLAB/pr_cases_4072_abc041a4_4427/RUNTESTS/COMROOT/C48_S2SW_abc041a4-4427/gfs.20210323/12//model/wave/prep/gfs.t12z.mod_def.glo_30m.bin mod_def.glo_30m
+ cpreq[4]'[' 0 -ne 0 ']'
+ exgfs_wave_post_gridded_sbs.sh[44]for grdID in ${waveGRD} ${wavepostGRD} ${waveinterpGRD}
+ exgfs_wave_post_gridded_sbs.sh[45]cpreq /work2/noaa/global/role-global/GFS_CI_CD/HERCULES/BUILDS/GITLAB/pr_cases_4072_abc041a4_4427/RUNTESTS/COMROOT/C48_S2SW_abc041a4-4427/gfs.20210323/12//model/wave/prep/gfs.t12z.mod_def.aoc_9km.bin mod_def.aoc_9km
+ cpreq[3]cp /work2/noaa/global/role-global/GFS_CI_CD/HERCULES/BUILDS/GITLAB/pr_cases_4072_abc041a4_4427/RUNTESTS/COMROOT/C48_S2SW_abc041a4-4427/gfs.20210323/12//model/wave/prep/gfs.t12z.mod_def.aoc_9km.bin mod_def.aoc_9km
+ cpreq[4]'[' 0 -ne 0 ']'
+ exgfs_wave_post_gridded_sbs.sh[44]for grdID in ${waveGRD} ${wavepostGRD} ${waveinterpGRD}
+ exgfs_wave_post_gridded_sbs.sh[45]cpreq /work2/noaa/global/role-global/GFS_CI_CD/HERCULES/BUILDS/GITLAB/pr_cases_4072_abc041a4_4427/RUNTESTS/COMROOT/C48_S2SW_abc041a4-4427/gfs.20210323/12//model/wave/prep/gfs.t12z.mod_def.gnh_10m.bin mod_def.gnh_10m
+ cpreq[3]cp /work2/noaa/global/role-global/GFS_CI_CD/HERCULES/BUILDS/GITLAB/pr_cases_4072_abc041a4_4427/RUNTESTS/COMROOT/C48_S2SW_abc041a4-4427/gfs.20210323/12//model/wave/prep/gfs.t12z.mod_def.gnh_10m.bin mod_def.gnh_10m
+ cpreq[4]'[' 0 -ne 0 ']'
+ exgfs_wave_post_gridded_sbs.sh[44]for grdID in ${waveGRD} ${wavepostGRD} ${waveinterpGRD}
+ exgfs_wave_post_gridded_sbs.sh[45]cpreq /work2/noaa/global/role-global/GFS_CI_CD/HERCULES/BUILDS/GITLAB/pr_cases_4072_abc041a4_4427/RUNTESTS/COMROOT/C48_S2SW_abc041a4-4427/gfs.20210323/12//model/wave/prep/gfs.t12z.mod_def.gsh_15m.bin mod_def.gsh_15m
+ cpreq[3]cp /work2/noaa/global/role-global/GFS_CI_CD/HERCULES/BUILDS/GITLAB/pr_cases_4072_abc041a4_4427/RUNTESTS/COMROOT/C48_S2SW_abc041a4-4427/gfs.20210323/12//model/wave/prep/gfs.t12z.mod_def.gsh_15m.bin mod_def.gsh_15m
+ cpreq[4]'[' 0 -ne 0 ']'
+ exgfs_wave_post_gridded_sbs.sh[49]cpreq /work2/noaa/global/role-global/GFS_CI_CD/HERCULES/BUILDS/GITLAB/pr_cases_4072_abc041a4_4427/RUNTESTS/COMROOT/C48_S2SW_abc041a4-4427/gfs.20210323/12//model/wave/history/gfs.t12z.uglo_100km.f036.bin ./out_grd.uglo_100km
+ cpreq[3]cp /work2/noaa/global/role-global/GFS_CI_CD/HERCULES/BUILDS/GITLAB/pr_cases_4072_abc041a4_4427/RUNTESTS/COMROOT/C48_S2SW_abc041a4-4427/gfs.20210323/12//model/wave/history/gfs.t12z.uglo_100km.f036.bin ./out_grd.uglo_100km
+ cpreq[4]'[' 0 -ne 0 ']'
+ exgfs_wave_post_gridded_sbs.sh[52][[ YES == \Y\E\S ]]
+ exgfs_wave_post_gridded_sbs.sh[53]for grbGRD in ${waveinterpGRD} ${wavepostGRD}
+ exgfs_wave_post_gridded_sbs.sh[54][[ ! -f /work2/noaa/global/role-global/GFS_CI_CD/HERCULES/BUILDS/GITLAB/pr_cases_4072_abc041a4_4427/global-workflow/parm/wave/ww3_grib2.at_10m.inp.tmpl ]]
+ exgfs_wave_post_gridded_sbs.sh[53]for grbGRD in ${waveinterpGRD} ${wavepostGRD}
+ exgfs_wave_post_gridded_sbs.sh[54][[ ! -f /work2/noaa/global/role-global/GFS_CI_CD/HERCULES/BUILDS/GITLAB/pr_cases_4072_abc041a4_4427/global-workflow/parm/wave/ww3_grib2.ep_10m.inp.tmpl ]]
+ exgfs_wave_post_gridded_sbs.sh[53]for grbGRD in ${waveinterpGRD} ${wavepostGRD}
+ exgfs_wave_post_gridded_sbs.sh[54][[ ! -f /work2/noaa/global/role-global/GFS_CI_CD/HERCULES/BUILDS/GITLAB/pr_cases_4072_abc041a4_4427/global-workflow/parm/wave/ww3_grib2.wc_10m.inp.tmpl ]]
+ exgfs_wave_post_gridded_sbs.sh[53]for grbGRD in ${waveinterpGRD} ${wavepostGRD}
+ exgfs_wave_post_gridded_sbs.sh[54][[ ! -f /work2/noaa/global/role-global/GFS_CI_CD/HERCULES/BUILDS/GITLAB/pr_cases_4072_abc041a4_4427/global-workflow/parm/wave/ww3_grib2.glo_30m.inp.tmpl ]]
+ exgfs_wave_post_gridded_sbs.sh[53]for grbGRD in ${waveinterpGRD} ${wavepostGRD}
+ exgfs_wave_post_gridded_sbs.sh[54][[ ! -f /work2/noaa/global/role-global/GFS_CI_CD/HERCULES/BUILDS/GITLAB/pr_cases_4072_abc041a4_4427/global-workflow/parm/wave/ww3_grib2.aoc_9km.inp.tmpl ]]
+ exgfs_wave_post_gridded_sbs.sh[53]for grbGRD in ${waveinterpGRD} ${wavepostGRD}
+ exgfs_wave_post_gridded_sbs.sh[54][[ ! -f /work2/noaa/global/role-global/GFS_CI_CD/HERCULES/BUILDS/GITLAB/pr_cases_4072_abc041a4_4427/global-workflow/parm/wave/ww3_grib2.gnh_10m.inp.tmpl ]]
+ exgfs_wave_post_gridded_sbs.sh[53]for grbGRD in ${waveinterpGRD} ${wavepostGRD}
+ exgfs_wave_post_gridded_sbs.sh[54][[ ! -f /work2/noaa/global/role-global/GFS_CI_CD/HERCULES/BUILDS/GITLAB/pr_cases_4072_abc041a4_4427/global-workflow/parm/wave/ww3_grib2.gsh_15m.inp.tmpl ]]
+ exgfs_wave_post_gridded_sbs.sh[62]cat
  INFO: Summary:
  INFO:   Grid interp: DOGRI_WAV="YES"
  INFO:   Grib files:  DOGRB_WAV="YES"
  INFO:   Fields to be included in grib files:
  INFO:     OUTPARS_WAV="WND CUR ICE HS T01 T02 DIR FP DP PHS PTP PDIR CHA"
+ exgfs_wave_post_gridded_sbs.sh[70][[ YES == \N\O ]]
+ exgfs_wave_post_gridded_sbs.sh[76]rm -f 'cmdfile.*' cmdfile
+ exgfs_wave_post_gridded_sbs.sh[77]count=0
+ exgfs_wave_post_gridded_sbs.sh[80][[ YES == \Y\E\S ]]
+ exgfs_wave_post_gridded_sbs.sh[81]dt_int=3600.
+ exgfs_wave_post_gridded_sbs.sh[82]n_int=9999
++ exgfs_wave_post_gridded_sbs.sh[83]date -u -d '20210325 00 - 0 hours' +%Y%m%d%H
+ exgfs_wave_post_gridded_sbs.sh[83]ymdh_int=2021032500
+ exgfs_wave_post_gridded_sbs.sh[84]for grdID in ${waveinterpGRD}
+ exgfs_wave_post_gridded_sbs.sh[85]count=1
+ exgfs_wave_post_gridded_sbs.sh[86]echo '#!/bin/bash'
+ exgfs_wave_post_gridded_sbs.sh[87]echo '/work2/noaa/global/role-global/GFS_CI_CD/HERCULES/BUILDS/GITLAB/pr_cases_4072_abc041a4_4427/global-workflow/ush/wave_grid_interp_sbs.sh at_10m 2021032500 3600. 9999 > /work2/noaa/global/role-global/stmp/HERCULES/RUNDIRS/C48_S2SW_abc041a4-4427/gfs.2021032312/wavepostsbs_f036.369042/grid_interp_at_10m.out 2>&1'
+ exgfs_wave_post_gridded_sbs.sh[88]echo 'cat /work2/noaa/global/role-global/stmp/HERCULES/RUNDIRS/C48_S2SW_abc041a4-4427/gfs.2021032312/wavepostsbs_f036.369042/grid_interp_at_10m.out'
+ exgfs_wave_post_gridded_sbs.sh[89][[ YES == \Y\E\S ]]
+ exgfs_wave_post_gridded_sbs.sh[90]process_grdID at_10m
+ wave_domain_grid.sh[13]grdID=at_10m
+ wave_domain_grid.sh[14]case ${grdID} in
+ wave_domain_grid.sh[23]GRDREGION=atlocn
+ wave_domain_grid.sh[23]GRDRES=0p16
+ wave_domain_grid.sh[23]GRIDNR=255
+ wave_domain_grid.sh[23]MODNR=11
+ wave_domain_grid.sh[39]grdNAME=atlocn.0p16
+ wave_domain_grid.sh[40]echo grdNAME=atlocn.0p16
grdNAME=atlocn.0p16
+ wave_domain_grid.sh[41]echo GRIDNR=255
GRIDNR=255
+ wave_domain_grid.sh[42]echo MODNR=11
MODNR=11
+ exgfs_wave_post_gridded_sbs.sh[91]echo '/work2/noaa/global/role-global/GFS_CI_CD/HERCULES/BUILDS/GITLAB/pr_cases_4072_abc041a4_4427/global-workflow/ush/wave_grib2_sbs.sh at_10m 255 11 2021032500 36 atlocn 0p16 '\''WND CUR ICE HS T01 T02 DIR FP DP PHS PTP PDIR CHA'\'' > /work2/noaa/global/role-global/stmp/HERCULES/RUNDIRS/C48_S2SW_abc041a4-4427/gfs.2021032312/wavepostsbs_f036.369042/grib2_at_10m.out 2>&1'
+ exgfs_wave_post_gridded_sbs.sh[92]echo 'cat /work2/noaa/global/role-global/stmp/HERCULES/RUNDIRS/C48_S2SW_abc041a4-4427/gfs.2021032312/wavepostsbs_f036.369042/grib2_at_10m.out'
+ exgfs_wave_post_gridded_sbs.sh[94]chmod 755 cmdfile.1
+ exgfs_wave_post_gridded_sbs.sh[95]echo /work2/noaa/global/role-global/stmp/HERCULES/RUNDIRS/C48_S2SW_abc041a4-4427/gfs.2021032312/wavepostsbs_f036.369042/cmdfile.1
+ exgfs_wave_post_gridded_sbs.sh[84]for grdID in ${waveinterpGRD}
+ exgfs_wave_post_gridded_sbs.sh[85]count=2
+ exgfs_wave_post_gridded_sbs.sh[86]echo '#!/bin/bash'
+ exgfs_wave_post_gridded_sbs.sh[87]echo '/work2/noaa/global/role-global/GFS_CI_CD/HERCULES/BUILDS/GITLAB/pr_cases_4072_abc041a4_4427/global-workflow/ush/wave_grid_interp_sbs.sh ep_10m 2021032500 3600. 9999 > /work2/noaa/global/role-global/stmp/HERCULES/RUNDIRS/C48_S2SW_abc041a4-4427/gfs.2021032312/wavepostsbs_f036.369042/grid_interp_ep_10m.out 2>&1'
+ exgfs_wave_post_gridded_sbs.sh[88]echo 'cat /work2/noaa/global/role-global/stmp/HERCULES/RUNDIRS/C48_S2SW_abc041a4-4427/gfs.2021032312/wavepostsbs_f036.369042/grid_interp_ep_10m.out'
+ exgfs_wave_post_gridded_sbs.sh[89][[ YES == \Y\E\S ]]
+ exgfs_wave_post_gridded_sbs.sh[90]process_grdID ep_10m
+ wave_domain_grid.sh[13]grdID=ep_10m
+ wave_domain_grid.sh[14]case ${grdID} in
+ wave_domain_grid.sh[24]GRDREGION=epacif
+ wave_domain_grid.sh[24]GRDRES=0p16
+ wave_domain_grid.sh[24]GRIDNR=255
+ wave_domain_grid.sh[24]MODNR=11
+ wave_domain_grid.sh[39]grdNAME=epacif.0p16
+ wave_domain_grid.sh[40]echo grdNAME=epacif.0p16
grdNAME=epacif.0p16
+ wave_domain_grid.sh[41]echo GRIDNR=255
GRIDNR=255
+ wave_domain_grid.sh[42]echo MODNR=11
MODNR=11
+ exgfs_wave_post_gridded_sbs.sh[91]echo '/work2/noaa/global/role-global/GFS_CI_CD/HERCULES/BUILDS/GITLAB/pr_cases_4072_abc041a4_4427/global-workflow/ush/wave_grib2_sbs.sh ep_10m 255 11 2021032500 36 epacif 0p16 '\''WND CUR ICE HS T01 T02 DIR FP DP PHS PTP PDIR CHA'\'' > /work2/noaa/global/role-global/stmp/HERCULES/RUNDIRS/C48_S2SW_abc041a4-4427/gfs.2021032312/wavepostsbs_f036.369042/grib2_ep_10m.out 2>&1'
+ exgfs_wave_post_gridded_sbs.sh[92]echo 'cat /work2/noaa/global/role-global/stmp/HERCULES/RUNDIRS/C48_S2SW_abc041a4-4427/gfs.2021032312/wavepostsbs_f036.369042/grib2_ep_10m.out'
+ exgfs_wave_post_gridded_sbs.sh[94]chmod 755 cmdfile.2
+ exgfs_wave_post_gridded_sbs.sh[95]echo /work2/noaa/global/role-global/stmp/HERCULES/RUNDIRS/C48_S2SW_abc041a4-4427/gfs.2021032312/wavepostsbs_f036.369042/cmdfile.2
+ exgfs_wave_post_gridded_sbs.sh[84]for grdID in ${waveinterpGRD}
+ exgfs_wave_post_gridded_sbs.sh[85]count=3
+ exgfs_wave_post_gridded_sbs.sh[86]echo '#!/bin/bash'
+ exgfs_wave_post_gridded_sbs.sh[87]echo '/work2/noaa/global/role-global/GFS_CI_CD/HERCULES/BUILDS/GITLAB/pr_cases_4072_abc041a4_4427/global-workflow/ush/wave_grid_interp_sbs.sh wc_10m 2021032500 3600. 9999 > /work2/noaa/global/role-global/stmp/HERCULES/RUNDIRS/C48_S2SW_abc041a4-4427/gfs.2021032312/wavepostsbs_f036.369042/grid_interp_wc_10m.out 2>&1'
+ exgfs_wave_post_gridded_sbs.sh[88]echo 'cat /work2/noaa/global/role-global/stmp/HERCULES/RUNDIRS/C48_S2SW_abc041a4-4427/gfs.2021032312/wavepostsbs_f036.369042/grid_interp_wc_10m.out'
+ exgfs_wave_post_gridded_sbs.sh[89][[ YES == \Y\E\S ]]
+ exgfs_wave_post_gridded_sbs.sh[90]process_grdID wc_10m
+ wave_domain_grid.sh[13]grdID=wc_10m
+ wave_domain_grid.sh[14]case ${grdID} in
+ wave_domain_grid.sh[25]GRDREGION=wcoast
+ wave_domain_grid.sh[25]GRDRES=0p16
+ wave_domain_grid.sh[25]GRIDNR=255
+ wave_domain_grid.sh[25]MODNR=11
+ wave_domain_grid.sh[39]grdNAME=wcoast.0p16
+ wave_domain_grid.sh[40]echo grdNAME=wcoast.0p16
grdNAME=wcoast.0p16
+ wave_domain_grid.sh[41]echo GRIDNR=255
GRIDNR=255
+ wave_domain_grid.sh[42]echo MODNR=11
MODNR=11
+ exgfs_wave_post_gridded_sbs.sh[91]echo '/work2/noaa/global/role-global/GFS_CI_CD/HERCULES/BUILDS/GITLAB/pr_cases_4072_abc041a4_4427/global-workflow/ush/wave_grib2_sbs.sh wc_10m 255 11 2021032500 36 wcoast 0p16 '\''WND CUR ICE HS T01 T02 DIR FP DP PHS PTP PDIR CHA'\'' > /work2/noaa/global/role-global/stmp/HERCULES/RUNDIRS/C48_S2SW_abc041a4-4427/gfs.2021032312/wavepostsbs_f036.369042/grib2_wc_10m.out 2>&1'
+ exgfs_wave_post_gridded_sbs.sh[92]echo 'cat /work2/noaa/global/role-global/stmp/HERCULES/RUNDIRS/C48_S2SW_abc041a4-4427/gfs.2021032312/wavepostsbs_f036.369042/grib2_wc_10m.out'
+ exgfs_wave_post_gridded_sbs.sh[94]chmod 755 cmdfile.3
+ exgfs_wave_post_gridded_sbs.sh[95]echo /work2/noaa/global/role-global/stmp/HERCULES/RUNDIRS/C48_S2SW_abc041a4-4427/gfs.2021032312/wavepostsbs_f036.369042/cmdfile.3
+ exgfs_wave_post_gridded_sbs.sh[84]for grdID in ${waveinterpGRD}
+ exgfs_wave_post_gridded_sbs.sh[85]count=4
+ exgfs_wave_post_gridded_sbs.sh[86]echo '#!/bin/bash'
+ exgfs_wave_post_gridded_sbs.sh[87]echo '/work2/noaa/global/role-global/GFS_CI_CD/HERCULES/BUILDS/GITLAB/pr_cases_4072_abc041a4_4427/global-workflow/ush/wave_grid_interp_sbs.sh glo_30m 2021032500 3600. 9999 > /work2/noaa/global/role-global/stmp/HERCULES/RUNDIRS/C48_S2SW_abc041a4-4427/gfs.2021032312/wavepostsbs_f036.369042/grid_interp_glo_30m.out 2>&1'
+ exgfs_wave_post_gridded_sbs.sh[88]echo 'cat /work2/noaa/global/role-global/stmp/HERCULES/RUNDIRS/C48_S2SW_abc041a4-4427/gfs.2021032312/wavepostsbs_f036.369042/grid_interp_glo_30m.out'
+ exgfs_wave_post_gridded_sbs.sh[89][[ YES == \Y\E\S ]]
+ exgfs_wave_post_gridded_sbs.sh[90]process_grdID glo_30m
+ wave_domain_grid.sh[13]grdID=glo_30m
+ wave_domain_grid.sh[14]case ${grdID} in
+ wave_domain_grid.sh[18]GRDREGION=global
+ wave_domain_grid.sh[18]GRDRES=0p50
+ wave_domain_grid.sh[18]GRIDNR=255
+ wave_domain_grid.sh[18]MODNR=11
+ wave_domain_grid.sh[39]grdNAME=global.0p50
+ wave_domain_grid.sh[40]echo grdNAME=global.0p50
grdNAME=global.0p50
+ wave_domain_grid.sh[41]echo GRIDNR=255
GRIDNR=255
+ wave_domain_grid.sh[42]echo MODNR=11
MODNR=11
+ exgfs_wave_post_gridded_sbs.sh[91]echo '/work2/noaa/global/role-global/GFS_CI_CD/HERCULES/BUILDS/GITLAB/pr_cases_4072_abc041a4_4427/global-workflow/ush/wave_grib2_sbs.sh glo_30m 255 11 2021032500 36 global 0p50 '\''WND CUR ICE HS T01 T02 DIR FP DP PHS PTP PDIR CHA'\'' > /work2/noaa/global/role-global/stmp/HERCULES/RUNDIRS/C48_S2SW_abc041a4-4427/gfs.2021032312/wavepostsbs_f036.369042/grib2_glo_30m.out 2>&1'
+ exgfs_wave_post_gridded_sbs.sh[92]echo 'cat /work2/noaa/global/role-global/stmp/HERCULES/RUNDIRS/C48_S2SW_abc041a4-4427/gfs.2021032312/wavepostsbs_f036.369042/grib2_glo_30m.out'
+ exgfs_wave_post_gridded_sbs.sh[94]chmod 755 cmdfile.4
+ exgfs_wave_post_gridded_sbs.sh[95]echo /work2/noaa/global/role-global/stmp/HERCULES/RUNDIRS/C48_S2SW_abc041a4-4427/gfs.2021032312/wavepostsbs_f036.369042/cmdfile.4
+ exgfs_wave_post_gridded_sbs.sh[84]for grdID in ${waveinterpGRD}
+ exgfs_wave_post_gridded_sbs.sh[85]count=5
+ exgfs_wave_post_gridded_sbs.sh[86]echo '#!/bin/bash'
+ exgfs_wave_post_gridded_sbs.sh[87]echo '/work2/noaa/global/role-global/GFS_CI_CD/HERCULES/BUILDS/GITLAB/pr_cases_4072_abc041a4_4427/global-workflow/ush/wave_grid_interp_sbs.sh aoc_9km 2021032500 3600. 9999 > /work2/noaa/global/role-global/stmp/HERCULES/RUNDIRS/C48_S2SW_abc041a4-4427/gfs.2021032312/wavepostsbs_f036.369042/grid_interp_aoc_9km.out 2>&1'
+ exgfs_wave_post_gridded_sbs.sh[88]echo 'cat /work2/noaa/global/role-global/stmp/HERCULES/RUNDIRS/C48_S2SW_abc041a4-4427/gfs.2021032312/wavepostsbs_f036.369042/grid_interp_aoc_9km.out'
+ exgfs_wave_post_gridded_sbs.sh[89][[ YES == \Y\E\S ]]
+ exgfs_wave_post_gridded_sbs.sh[90]process_grdID aoc_9km
+ wave_domain_grid.sh[13]grdID=aoc_9km
+ wave_domain_grid.sh[14]case ${grdID} in
+ wave_domain_grid.sh[27]GRDREGION=arctic
+ wave_domain_grid.sh[27]GRDRES=9km
+ wave_domain_grid.sh[27]GRIDNR=255
+ wave_domain_grid.sh[27]MODNR=11
+ wave_domain_grid.sh[39]grdNAME=arctic.9km
+ wave_domain_grid.sh[40]echo grdNAME=arctic.9km
grdNAME=arctic.9km
+ wave_domain_grid.sh[41]echo GRIDNR=255
GRIDNR=255
+ wave_domain_grid.sh[42]echo MODNR=11
MODNR=11
+ exgfs_wave_post_gridded_sbs.sh[91]echo '/work2/noaa/global/role-global/GFS_CI_CD/HERCULES/BUILDS/GITLAB/pr_cases_4072_abc041a4_4427/global-workflow/ush/wave_grib2_sbs.sh aoc_9km 255 11 2021032500 36 arctic 9km '\''WND CUR ICE HS T01 T02 DIR FP DP PHS PTP PDIR CHA'\'' > /work2/noaa/global/role-global/stmp/HERCULES/RUNDIRS/C48_S2SW_abc041a4-4427/gfs.2021032312/wavepostsbs_f036.369042/grib2_aoc_9km.out 2>&1'
+ exgfs_wave_post_gridded_sbs.sh[92]echo 'cat /work2/noaa/global/role-global/stmp/HERCULES/RUNDIRS/C48_S2SW_abc041a4-4427/gfs.2021032312/wavepostsbs_f036.369042/grib2_aoc_9km.out'
+ exgfs_wave_post_gridded_sbs.sh[94]chmod 755 cmdfile.5
+ exgfs_wave_post_gridded_sbs.sh[95]echo /work2/noaa/global/role-global/stmp/HERCULES/RUNDIRS/C48_S2SW_abc041a4-4427/gfs.2021032312/wavepostsbs_f036.369042/cmdfile.5
+ exgfs_wave_post_gridded_sbs.sh[84]for grdID in ${waveinterpGRD}
+ exgfs_wave_post_gridded_sbs.sh[85]count=6
+ exgfs_wave_post_gridded_sbs.sh[86]echo '#!/bin/bash'
+ exgfs_wave_post_gridded_sbs.sh[87]echo '/work2/noaa/global/role-global/GFS_CI_CD/HERCULES/BUILDS/GITLAB/pr_cases_4072_abc041a4_4427/global-workflow/ush/wave_grid_interp_sbs.sh gnh_10m 2021032500 3600. 9999 > /work2/noaa/global/role-global/stmp/HERCULES/RUNDIRS/C48_S2SW_abc041a4-4427/gfs.2021032312/wavepostsbs_f036.369042/grid_interp_gnh_10m.out 2>&1'
+ exgfs_wave_post_gridded_sbs.sh[88]echo 'cat /work2/noaa/global/role-global/stmp/HERCULES/RUNDIRS/C48_S2SW_abc041a4-4427/gfs.2021032312/wavepostsbs_f036.369042/grid_interp_gnh_10m.out'
+ exgfs_wave_post_gridded_sbs.sh[89][[ YES == \Y\E\S ]]
+ exgfs_wave_post_gridded_sbs.sh[90]process_grdID gnh_10m
+ wave_domain_grid.sh[13]grdID=gnh_10m
+ wave_domain_grid.sh[14]case ${grdID} in
+ wave_domain_grid.sh[29]GRDREGION=global
+ wave_domain_grid.sh[29]GRDRES=0p16
+ wave_domain_grid.sh[29]GRIDNR=255
+ wave_domain_grid.sh[29]MODNR=11
+ wave_domain_grid.sh[39]grdNAME=global.0p16
+ wave_domain_grid.sh[40]echo grdNAME=global.0p16
grdNAME=global.0p16
+ wave_domain_grid.sh[41]echo GRIDNR=255
GRIDNR=255
+ wave_domain_grid.sh[42]echo MODNR=11
MODNR=11
+ exgfs_wave_post_gridded_sbs.sh[91]echo '/work2/noaa/global/role-global/GFS_CI_CD/HERCULES/BUILDS/GITLAB/pr_cases_4072_abc041a4_4427/global-workflow/ush/wave_grib2_sbs.sh gnh_10m 255 11 2021032500 36 global 0p16 '\''WND CUR ICE HS T01 T02 DIR FP DP PHS PTP PDIR CHA'\'' > /work2/noaa/global/role-global/stmp/HERCULES/RUNDIRS/C48_S2SW_abc041a4-4427/gfs.2021032312/wavepostsbs_f036.369042/grib2_gnh_10m.out 2>&1'
+ exgfs_wave_post_gridded_sbs.sh[92]echo 'cat /work2/noaa/global/role-global/stmp/HERCULES/RUNDIRS/C48_S2SW_abc041a4-4427/gfs.2021032312/wavepostsbs_f036.369042/grib2_gnh_10m.out'
+ exgfs_wave_post_gridded_sbs.sh[94]chmod 755 cmdfile.6
+ exgfs_wave_post_gridded_sbs.sh[95]echo /work2/noaa/global/role-global/stmp/HERCULES/RUNDIRS/C48_S2SW_abc041a4-4427/gfs.2021032312/wavepostsbs_f036.369042/cmdfile.6
+ exgfs_wave_post_gridded_sbs.sh[84]for grdID in ${waveinterpGRD}
+ exgfs_wave_post_gridded_sbs.sh[85]count=7
+ exgfs_wave_post_gridded_sbs.sh[86]echo '#!/bin/bash'
+ exgfs_wave_post_gridded_sbs.sh[87]echo '/work2/noaa/global/role-global/GFS_CI_CD/HERCULES/BUILDS/GITLAB/pr_cases_4072_abc041a4_4427/global-workflow/ush/wave_grid_interp_sbs.sh gsh_15m 2021032500 3600. 9999 > /work2/noaa/global/role-global/stmp/HERCULES/RUNDIRS/C48_S2SW_abc041a4-4427/gfs.2021032312/wavepostsbs_f036.369042/grid_interp_gsh_15m.out 2>&1'
+ exgfs_wave_post_gridded_sbs.sh[88]echo 'cat /work2/noaa/global/role-global/stmp/HERCULES/RUNDIRS/C48_S2SW_abc041a4-4427/gfs.2021032312/wavepostsbs_f036.369042/grid_interp_gsh_15m.out'
+ exgfs_wave_post_gridded_sbs.sh[89][[ YES == \Y\E\S ]]
+ exgfs_wave_post_gridded_sbs.sh[90]process_grdID gsh_15m
+ wave_domain_grid.sh[13]grdID=gsh_15m
+ wave_domain_grid.sh[14]case ${grdID} in
+ wave_domain_grid.sh[30]GRDREGION=gsouth
+ wave_domain_grid.sh[30]GRDRES=0p25
+ wave_domain_grid.sh[30]GRIDNR=255
+ wave_domain_grid.sh[30]MODNR=11
+ wave_domain_grid.sh[39]grdNAME=gsouth.0p25
+ wave_domain_grid.sh[40]echo grdNAME=gsouth.0p25
grdNAME=gsouth.0p25
+ wave_domain_grid.sh[41]echo GRIDNR=255
GRIDNR=255
+ wave_domain_grid.sh[42]echo MODNR=11
MODNR=11
+ exgfs_wave_post_gridded_sbs.sh[91]echo '/work2/noaa/global/role-global/GFS_CI_CD/HERCULES/BUILDS/GITLAB/pr_cases_4072_abc041a4_4427/global-workflow/ush/wave_grib2_sbs.sh gsh_15m 255 11 2021032500 36 gsouth 0p25 '\''WND CUR ICE HS T01 T02 DIR FP DP PHS PTP PDIR CHA'\'' > /work2/noaa/global/role-global/stmp/HERCULES/RUNDIRS/C48_S2SW_abc041a4-4427/gfs.2021032312/wavepostsbs_f036.369042/grib2_gsh_15m.out 2>&1'
+ exgfs_wave_post_gridded_sbs.sh[92]echo 'cat /work2/noaa/global/role-global/stmp/HERCULES/RUNDIRS/C48_S2SW_abc041a4-4427/gfs.2021032312/wavepostsbs_f036.369042/grib2_gsh_15m.out'
+ exgfs_wave_post_gridded_sbs.sh[94]chmod 755 cmdfile.7
+ exgfs_wave_post_gridded_sbs.sh[95]echo /work2/noaa/global/role-global/stmp/HERCULES/RUNDIRS/C48_S2SW_abc041a4-4427/gfs.2021032312/wavepostsbs_f036.369042/cmdfile.7
+ exgfs_wave_post_gridded_sbs.sh[100][[ YES == \Y\E\S ]]
+ exgfs_wave_post_gridded_sbs.sh[113][[ 8 -lt 7 ]]
+ exgfs_wave_post_gridded_sbs.sh[121]echo 'INFO: Running MPMD job with 7 commands'
INFO: Running MPMD job with 7 commands
+ exgfs_wave_post_gridded_sbs.sh[122]/work2/noaa/global/role-global/GFS_CI_CD/HERCULES/BUILDS/GITLAB/pr_cases_4072_abc041a4_4427/global-workflow/ush/run_mpmd.sh /work2/noaa/global/role-global/stmp/HERCULES/RUNDIRS/C48_S2SW_abc041a4-4427/gfs.2021032312/wavepostsbs_f036.369042/cmdfile
+ bash[8]'[' -z '' ']'
+ bash[9]case "$-" in
+ bash[12]__lmod_vx=x
+ bash[16]'[' -n x ']'
+ bash[16]set +x
Shell debugging temporarily silenced: export LMOD_SH_DBG_ON=1 for this output (/apps/other/lmod/lmod/init/bash)
Shell debugging restarted
+ bash[224]unset __lmod_vx
+ run_mpmd.sh[31]source /work2/noaa/global/role-global/GFS_CI_CD/HERCULES/BUILDS/GITLAB/pr_cases_4072_abc041a4_4427/global-workflow/ush/preamble.sh
++ preamble.sh[20]set +x
Begin run_mpmd.sh at Sat Sep 20 02:18:12 UTC 2025
+ run_mpmd.sh[33]cmdfile=/work2/noaa/global/role-global/stmp/HERCULES/RUNDIRS/C48_S2SW_abc041a4-4427/gfs.2021032312/wavepostsbs_f036.369042/cmdfile
+ run_mpmd.sh[36][[ YES != \Y\E\S ]]
+ run_mpmd.sh[46]export OMP_NUM_THREADS=1
+ run_mpmd.sh[46]OMP_NUM_THREADS=1
++ run_mpmd.sh[49]wc -l
+ run_mpmd.sh[49]nprocs=7
+ run_mpmd.sh[52]mpmd_cmdfile=/work2/noaa/global/role-global/stmp/HERCULES/RUNDIRS/C48_S2SW_abc041a4-4427/gfs.2021032312/wavepostsbs_f036.369042/mpmd_cmdfile
+ run_mpmd.sh[53][[ -s /work2/noaa/global/role-global/stmp/HERCULES/RUNDIRS/C48_S2SW_abc041a4-4427/gfs.2021032312/wavepostsbs_f036.369042/mpmd_cmdfile ]]
+ run_mpmd.sh[55]cat
  INFO: Executing MPMD job, STDOUT redirected for each process separately
  INFO: On failure, logs for each job will be available in /work2/noaa/global/role-global/stmp/HERCULES/RUNDIRS/C48_S2SW_abc041a4-4427/gfs.2021032312/wavepostsbs_f036.369042/mpmd.proc_num.out
  INFO: The proc_num corresponds to the line in '/work2/noaa/global/role-global/stmp/HERCULES/RUNDIRS/C48_S2SW_abc041a4-4427/gfs.2021032312/wavepostsbs_f036.369042/mpmd_cmdfile'
+ run_mpmd.sh[61][[ srun -l --export=ALL --hint=nomultithread =~ ^srun.* ]]
+ run_mpmd.sh[65]nm=0
+ run_mpmd.sh[67]IFS=
+ run_mpmd.sh[67]read -r line
+ run_mpmd.sh[68]echo '0 /work2/noaa/global/role-global/stmp/HERCULES/RUNDIRS/C48_S2SW_abc041a4-4427/gfs.2021032312/wavepostsbs_f036.369042/cmdfile.1'
+ run_mpmd.sh[69](( nm=nm+1 ))
+ run_mpmd.sh[67]IFS=
+ run_mpmd.sh[67]read -r line
+ run_mpmd.sh[68]echo '1 /work2/noaa/global/role-global/stmp/HERCULES/RUNDIRS/C48_S2SW_abc041a4-4427/gfs.2021032312/wavepostsbs_f036.369042/cmdfile.2'
+ run_mpmd.sh[69](( nm=nm+1 ))
+ run_mpmd.sh[67]IFS=
+ run_mpmd.sh[67]read -r line
+ run_mpmd.sh[68]echo '2 /work2/noaa/global/role-global/stmp/HERCULES/RUNDIRS/C48_S2SW_abc041a4-4427/gfs.2021032312/wavepostsbs_f036.369042/cmdfile.3'
+ run_mpmd.sh[69](( nm=nm+1 ))
+ run_mpmd.sh[67]IFS=
+ run_mpmd.sh[67]read -r line
+ run_mpmd.sh[68]echo '3 /work2/noaa/global/role-global/stmp/HERCULES/RUNDIRS/C48_S2SW_abc041a4-4427/gfs.2021032312/wavepostsbs_f036.369042/cmdfile.4'
+ run_mpmd.sh[69](( nm=nm+1 ))
+ run_mpmd.sh[67]IFS=
+ run_mpmd.sh[67]read -r line
+ run_mpmd.sh[68]echo '4 /work2/noaa/global/role-global/stmp/HERCULES/RUNDIRS/C48_S2SW_abc041a4-4427/gfs.2021032312/wavepostsbs_f036.369042/cmdfile.5'
+ run_mpmd.sh[69](( nm=nm+1 ))
+ run_mpmd.sh[67]IFS=
+ run_mpmd.sh[67]read -r line
+ run_mpmd.sh[68]echo '5 /work2/noaa/global/role-global/stmp/HERCULES/RUNDIRS/C48_S2SW_abc041a4-4427/gfs.2021032312/wavepostsbs_f036.369042/cmdfile.6'
+ run_mpmd.sh[69](( nm=nm+1 ))
+ run_mpmd.sh[67]IFS=
+ run_mpmd.sh[67]read -r line
+ run_mpmd.sh[68]echo '6 /work2/noaa/global/role-global/stmp/HERCULES/RUNDIRS/C48_S2SW_abc041a4-4427/gfs.2021032312/wavepostsbs_f036.369042/cmdfile.7'
+ run_mpmd.sh[69](( nm=nm+1 ))
+ run_mpmd.sh[67]IFS=
+ run_mpmd.sh[67]read -r line
+ run_mpmd.sh[72]set +e
+ run_mpmd.sh[74]srun -l --export=ALL --hint=nomultithread --multi-prog --output=mpmd.%j.%t.out -n 7 /work2/noaa/global/role-global/stmp/HERCULES/RUNDIRS/C48_S2SW_abc041a4-4427/gfs.2021032312/wavepostsbs_f036.369042/mpmd_cmdfile
srun: error: JobId=6461847 failed to distribute tasks (bind_type:threads,mask_cpu,one_thread) - this should never happen
srun: error: Task launch for StepId=6461847.0 failed on node hercules-01-05: Unable to layout tasks on given cpus
srun: error: Application launch failed: Unable to layout tasks on given cpus
srun: Job step aborted: Waiting up to 32 seconds for job step to finish.
srun: error: hercules-04-57: task 6: Killed
srun: Terminating StepId=6461847.0
+ run_mpmd.sh[75]err=193
+ run_mpmd.sh[76]set_strict
+ preamble.sh[35][[ YES == \Y\E\S ]]
+ preamble.sh[37]set -eu
+ run_mpmd.sh[103][[ 193 -eq 0 ]]
+ run_mpmd.sh[113]exit 193
+ run_mpmd.sh[1]postamble run_mpmd.sh 1758334692 193
+ preamble.sh[62]set +x
End run_mpmd.sh at 02:18:12 with error code 193 (time elapsed: 00:00:00)
+ exgfs_wave_post_gridded_sbs.sh[123]export err=193
+ exgfs_wave_post_gridded_sbs.sh[123]err=193
+ exgfs_wave_post_gridded_sbs.sh[124][[ 193 -ne 0 ]]
+ exgfs_wave_post_gridded_sbs.sh[125]err_exit 'run_mpmd.sh failed!'
+ environment[0]set +eux

    -------------------------------------------------------------
    -- FATAL ERROR: run_mpmd.sh failed! RETURN CODE 193
    -- ABNORMAL EXIT at Fri Sep 19 21:18:12 CDT 2025 on hercules-01-05
    -------------------------------------------------------------
    

Currently Loaded Modules:
  1) contrib/0.1                      30) py-pip/23.1.2
  2) intel-oneapi-compilers/2024.2.1  31) libyaml/0.2.5
  3) stack-oneapi/2024.2.1            32) py-pyyaml/6.0.2
  4) intel-oneapi-runtime/2024.2.1    33) esmf/8.8.0
  5) intel-oneapi-mpi/2021.13.1       34) fms/2024.02
  6) stack-intel-oneapi-mpi/2021.13   35) bacio/2.4.1
  7) glibc/2.34                       36) crtm-fix/2.4.0.1_emc
  8) nghttp2/1.63.0                   37) git-lfs/3.1.2
  9) curl/8.10.1                      38) crtm/2.4.0.1
 10) cmake/3.27.9                     39) g2/3.5.1
 11) libjpeg/2.1.0                    40) g2tmpl/1.13.0
 12) jasper/2.0.32                    41) ip/5.1.0
 13) libpng/1.6.37                    42) sp/2.5.0
 14) hdf5/1.14.3                      43) w3emc/2.10.0
 15) snappy/1.2.1                     44) gftl/1.14.0
 16) zstd/1.5.6                       45) gftl-shared/1.9.0
 17) c-blosc/1.21.5                   46) fargparse/1.8.0
 18) netcdf-c/4.9.2                   47) yafyaml/1.4.0
 19) netcdf-fortran/4.6.1             48) pflogger/1.15.0
 20) parallel-netcdf/1.12.3           49) udunits/2.2.28
 21) parallelio/2.6.2                 50) mapl/2.53.4-esmf-8.8.0
 22) gettext/0.21                     51) scotch/7.0.4
 23) sqlite/3.46.0                    52) ufs_common
 24) util-linux-uuid/2.40.2           53) zlib/1.2.13
 25) python/3.11.7                    54) nccmp/1.9.0.1
 26) python-venv/1.0                  55) ufs_hercules.intel
 27) py-mpi4py/4.0.1                  56) prod_util/2.1.1
 28) openblas/0.3.24                  57) g2c/2.1.0
 29) py-numpy/1.26.4                  58) wgrib2/3.6.0

 


run_mpmd.sh failed! RETURN CODE 193
/work2/noaa/global/role-global/stmp/HERCULES/RUNDIRS/C48_S2SW_abc041a4-4427/gfs.2021032312/wavepostsbs_f036.369042
total 213089
-rw-r----- 1 role-global noaa-hpc        0 Sep 19 21:18 ncepdate
-rw-r----- 1 role-global noaa-hpc 45685137 Sep 19 21:18 mod_def.uglo_100km
-rw-r----- 1 role-global noaa-hpc 41046537 Sep 19 21:18 mod_def.at_10m
-rw-r----- 1 role-global noaa-hpc 39515381 Sep 19 21:18 mod_def.wc_10m
-rw-r----- 1 role-global noaa-hpc 68649105 Sep 19 21:18 mod_def.gnh_10m
-rw-r----- 1 role-global noaa-hpc 47187945 Sep 19 21:18 mod_def.glo_30m
-rw-r----- 1 role-global noaa-hpc 41293161 Sep 19 21:18 mod_def.ep_10m
-rw-r----- 1 role-global noaa-hpc 72994197 Sep 19 21:18 mod_def.aoc_9km
-rw-r----- 1 role-global noaa-hpc  4517650 Sep 19 21:18 out_grd.uglo_100km
-rw-r----- 1 role-global noaa-hpc 53887349 Sep 19 21:18 mod_def.gsh_15m
-rwxr-xr-x 1 role-global noaa-hpc      966 Sep 19 21:18 cmdfile.5
-rwxr-xr-x 1 role-global noaa-hpc      967 Sep 19 21:18 cmdfile.4
-rwxr-xr-x 1 role-global noaa-hpc      961 Sep 19 21:18 cmdfile.3
-rwxr-xr-x 1 role-global noaa-hpc      961 Sep 19 21:18 cmdfile.2
-rwxr-xr-x 1 role-global noaa-hpc      961 Sep 19 21:18 cmdfile.1
-rw-r----- 1 role-global noaa-hpc      889 Sep 19 21:18 mpmd_cmdfile
-rw-r----- 1 role-global noaa-hpc        0 Sep 19 21:18 mpmd.6461847.6.out
-rwxr-xr-x 1 role-global noaa-hpc      967 Sep 19 21:18 cmdfile.7
-rwxr-xr-x 1 role-global noaa-hpc      967 Sep 19 21:18 cmdfile.6
-rw-r----- 1 role-global noaa-hpc      875 Sep 19 21:18 cmdfile
cat: OUTPUT.369083: No such file or directory
slurmstepd: error: *** JOB 6461847 ON hercules-01-05 CANCELLED AT 2025-09-19T21:18:12 ***
