Begin cleanup.sh at Wed Feb  5 20:33:55 UTC 2025
+ cleanup.sh[7]: . /work2/noaa/global/CI/HERCULES/3243/global-workflow/ush/load_fv3gfs_modules.sh
++ load_fv3gfs_modules.sh[4]: [[ NO == \N\O ]]
++ load_fv3gfs_modules.sh[5]: echo 'Loading modules quietly...'
Loading modules quietly...
++ load_fv3gfs_modules.sh[6]: set +x
Running "module reset". Resetting modules to system default. The following $MODULEPATH directories have been removed: None

Currently Loaded Modules:
  1) contrib/0.1                      41) grib-util/1.3.0
  2) intel-oneapi-compilers/2023.1.0  42) g2tmpl/1.10.2
  3) stack-intel/2021.9.0             43) gsi-ncdiag/1.1.2
  4) intel-oneapi-mpi/2021.9.0        44) crtm-fix/2.4.0.1_emc
  5) stack-intel-oneapi-mpi/2021.9.0  45) git-lfs/3.1.2
  6) intel-oneapi-mkl/2023.1.0        46) crtm/2.4.0.1
  7) zlib/1.2.13                      47) openblas/0.3.24
  8) pigz/2.7                         48) py-setuptools/63.4.3
  9) zstd/1.5.2                       49) py-numpy/1.23.4
 10) tar/1.34                         50) bufr/11.7.0
 11) gettext/0.21.1                   51) gmake/4.2.1
 12) libxcrypt/4.4.35                 52) wgrib2/2.0.8
 13) sqlite/3.43.2                    53) py-f90nml/1.4.3
 14) util-linux-uuid/2.38.1           54) py-cftime/1.0.3.4
 15) python/3.11.6                    55) py-netcdf4/1.5.8
 16) libjpeg/2.1.0                    56) libyaml/0.2.5
 17) jasper/2.0.32                    57) py-pyyaml/6.0
 18) libpng/1.6.37                    58) py-markupsafe/2.1.3
 19) openjpeg/2.3.1                   59) py-jinja2/3.1.2
 20) eccodes/2.32.0                   60) py-bottleneck/1.3.7
 21) fftw/3.3.10                      61) py-numexpr/2.8.4
 22) nghttp2/1.57.0                   62) py-et-xmlfile/1.0.1
 23) curl/8.4.0                       63) py-openpyxl/3.1.2
 24) proj/9.2.1                       64) py-pytz/2023.3
 25) udunits/2.2.28                   65) py-pyxlsb/1.0.10
 26) cdo/2.2.0                        66) py-xlrd/2.0.1
 27) hdf5/1.14.0                      67) py-xlsxwriter/3.1.7
 28) snappy/1.1.10                    68) py-xlwt/1.3.0
 29) c-blosc/1.21.5                   69) py-pandas/1.5.3
 30) netcdf-c/4.9.2                   70) py-six/1.16.0
 31) netcdf-fortran/4.6.1             71) py-python-dateutil/2.8.2
 32) antlr/2.7.7                      72) g2c/1.6.4
 33) gsl/2.7.1                        73) netcdf-cxx4/4.3.1
 34) nco/5.0.6                        74) met/9.1.3
 35) bacio/2.4.1                      75) metplus/3.1.1
 36) w3emc/2.10.0                     76) py-packaging/23.1
 37) prod_util/2.1.1                  77) py-xarray/2023.7.0
 38) g2/3.4.5                         78) prepobs/1.1.0
 39) sp/2.5.0                         79) fit2obs/1.1.4
 40) ip/4.3.0                         80) module_base.hercules

 

+ cleanup.sh[8]: status=0
+ cleanup.sh[9]: [[ 0 -ne 0 ]]
+ cleanup.sh[11]: export job=cleanup
+ cleanup.sh[11]: job=cleanup
+ cleanup.sh[12]: export jobid=cleanup.4090382
+ cleanup.sh[12]: jobid=cleanup.4090382
+ cleanup.sh[16]: /work2/noaa/global/CI/HERCULES/3243/global-workflow/jobs/JGLOBAL_CLEANUP
Begin JGLOBAL_CLEANUP at Wed Feb  5 20:33:57 UTC 2025
+ JGLOBAL_CLEANUP[4]: source /work2/noaa/global/CI/HERCULES/3243/global-workflow/ush/jjob_header.sh -e cleanup -c 'base cleanup'
++ jjob_header.sh[43]: OPTIND=1
++ jjob_header.sh[44]: getopts c:e: option
++ jjob_header.sh[45]: case "${option}" in
++ jjob_header.sh[47]: env_job=cleanup
++ jjob_header.sh[44]: getopts c:e: option
++ jjob_header.sh[45]: case "${option}" in
++ jjob_header.sh[46]: read -ra configs
++ jjob_header.sh[44]: getopts c:e: option
++ jjob_header.sh[58]: shift 4
++ jjob_header.sh[60]: [[ -z cleanup ]]
++ jjob_header.sh[68]: export DATA=/work/noaa/stmp/mterry/HERCULES/RUNDIRS/C48_S2SW_7f0277f0/gfs.2021032312/cleanup.4090382
++ jjob_header.sh[68]: DATA=/work/noaa/stmp/mterry/HERCULES/RUNDIRS/C48_S2SW_7f0277f0/gfs.2021032312/cleanup.4090382
++ jjob_header.sh[69]: [[ YES == \Y\E\S ]]
++ jjob_header.sh[70]: rm -rf /work/noaa/stmp/mterry/HERCULES/RUNDIRS/C48_S2SW_7f0277f0/gfs.2021032312/cleanup.4090382
++ jjob_header.sh[72]: mkdir -p /work/noaa/stmp/mterry/HERCULES/RUNDIRS/C48_S2SW_7f0277f0/gfs.2021032312/cleanup.4090382
++ jjob_header.sh[73]: cd /work/noaa/stmp/mterry/HERCULES/RUNDIRS/C48_S2SW_7f0277f0/gfs.2021032312/cleanup.4090382
++ jjob_header.sh[79]: export cycle=t12z
++ jjob_header.sh[79]: cycle=t12z
++ jjob_header.sh[80]: setpdy.sh
sed: can't read /work2/noaa/global/CI/HERCULES/3243/RUNTESTS/COMROOT/date/t12z: No such file or directory
 completed cleanly
 completed cleanly
Source PDY script to export PDYm7, ..., PDY, ..., PDYp7 variables.
++ jjob_header.sh[81]: source ./PDY
+++ PDY[1]: export PDYm7=20210316
+++ PDY[1]: PDYm7=20210316
+++ PDY[2]: export PDYm6=20210317
+++ PDY[2]: PDYm6=20210317
+++ PDY[3]: export PDYm5=20210318
+++ PDY[3]: PDYm5=20210318
+++ PDY[4]: export PDYm4=20210319
+++ PDY[4]: PDYm4=20210319
+++ PDY[5]: export PDYm3=20210320
+++ PDY[5]: PDYm3=20210320
+++ PDY[6]: export PDYm2=20210321
+++ PDY[6]: PDYm2=20210321
+++ PDY[7]: export PDYm1=20210322
+++ PDY[7]: PDYm1=20210322
+++ PDY[8]: export PDY=20210323
+++ PDY[8]: PDY=20210323
+++ PDY[9]: export PDYp1=20210324
+++ PDY[9]: PDYp1=20210324
+++ PDY[10]: export PDYp2=20210325
+++ PDY[10]: PDYp2=20210325
+++ PDY[11]: export PDYp3=20210326
+++ PDY[11]: PDYp3=20210326
+++ PDY[12]: export PDYp4=20210327
+++ PDY[12]: PDYp4=20210327
+++ PDY[13]: export PDYp5=20210328
+++ PDY[13]: PDYp5=20210328
+++ PDY[14]: export PDYp6=20210329
+++ PDY[14]: PDYp6=20210329
+++ PDY[15]: export PDYp7=20210330
+++ PDY[15]: PDYp7=20210330
++ jjob_header.sh[87]: export pid=4090671
++ jjob_header.sh[87]: pid=4090671
++ jjob_header.sh[88]: export pgmout=OUTPUT.4090671
++ jjob_header.sh[88]: pgmout=OUTPUT.4090671
++ jjob_header.sh[89]: export pgmerr=errfile
++ jjob_header.sh[89]: pgmerr=errfile
++ jjob_header.sh[95]: export EXPDIR=/work2/noaa/global/CI/HERCULES/3243/RUNTESTS/EXPDIR/C48_S2SW_7f0277f0
++ jjob_header.sh[95]: EXPDIR=/work2/noaa/global/CI/HERCULES/3243/RUNTESTS/EXPDIR/C48_S2SW_7f0277f0
++ jjob_header.sh[96]: for config in "${configs[@]:-''}"
++ jjob_header.sh[97]: source /work2/noaa/global/CI/HERCULES/3243/RUNTESTS/EXPDIR/C48_S2SW_7f0277f0/config.base
+++ config.base[6]: echo 'BEGIN: config.base'
BEGIN: config.base
+++ config.base[9]: export machine=HERCULES
+++ config.base[9]: machine=HERCULES
+++ config.base[12]: export RUN_ENVIR=emc
+++ config.base[12]: RUN_ENVIR=emc
+++ config.base[15]: export ACCOUNT=fv3-cpu
+++ config.base[15]: ACCOUNT=fv3-cpu
+++ config.base[16]: export QUEUE=batch
+++ config.base[16]: QUEUE=batch
+++ config.base[17]: export QUEUE_SERVICE=batch
+++ config.base[17]: QUEUE_SERVICE=batch
+++ config.base[18]: export PARTITION_BATCH=hercules
+++ config.base[18]: PARTITION_BATCH=hercules
+++ config.base[19]: export PARTITION_SERVICE=service
+++ config.base[19]: PARTITION_SERVICE=service
+++ config.base[20]: export RESERVATION=
+++ config.base[20]: RESERVATION=
+++ config.base[21]: export CLUSTERS=
+++ config.base[21]: CLUSTERS=
+++ config.base[24]: export HPSS_PROJECT=emc-global
+++ config.base[24]: HPSS_PROJECT=emc-global
+++ config.base[27]: export HOMEgfs=/work2/noaa/global/CI/HERCULES/3243/global-workflow
+++ config.base[27]: HOMEgfs=/work2/noaa/global/CI/HERCULES/3243/global-workflow
+++ config.base[28]: export EXECgfs=/work2/noaa/global/CI/HERCULES/3243/global-workflow/exec
+++ config.base[28]: EXECgfs=/work2/noaa/global/CI/HERCULES/3243/global-workflow/exec
+++ config.base[29]: export FIXgfs=/work2/noaa/global/CI/HERCULES/3243/global-workflow/fix
+++ config.base[29]: FIXgfs=/work2/noaa/global/CI/HERCULES/3243/global-workflow/fix
+++ config.base[30]: export PARMgfs=/work2/noaa/global/CI/HERCULES/3243/global-workflow/parm
+++ config.base[30]: PARMgfs=/work2/noaa/global/CI/HERCULES/3243/global-workflow/parm
+++ config.base[31]: export SCRgfs=/work2/noaa/global/CI/HERCULES/3243/global-workflow/scripts
+++ config.base[31]: SCRgfs=/work2/noaa/global/CI/HERCULES/3243/global-workflow/scripts
+++ config.base[32]: export USHgfs=/work2/noaa/global/CI/HERCULES/3243/global-workflow/ush
+++ config.base[32]: USHgfs=/work2/noaa/global/CI/HERCULES/3243/global-workflow/ush
+++ config.base[34]: export FIXam=/work2/noaa/global/CI/HERCULES/3243/global-workflow/fix/am
+++ config.base[34]: FIXam=/work2/noaa/global/CI/HERCULES/3243/global-workflow/fix/am
+++ config.base[35]: export FIXaer=/work2/noaa/global/CI/HERCULES/3243/global-workflow/fix/aer
+++ config.base[35]: FIXaer=/work2/noaa/global/CI/HERCULES/3243/global-workflow/fix/aer
+++ config.base[36]: export FIXcpl=/work2/noaa/global/CI/HERCULES/3243/global-workflow/fix/cpl
+++ config.base[36]: FIXcpl=/work2/noaa/global/CI/HERCULES/3243/global-workflow/fix/cpl
+++ config.base[37]: export FIXlut=/work2/noaa/global/CI/HERCULES/3243/global-workflow/fix/lut
+++ config.base[37]: FIXlut=/work2/noaa/global/CI/HERCULES/3243/global-workflow/fix/lut
+++ config.base[38]: export FIXcice=/work2/noaa/global/CI/HERCULES/3243/global-workflow/fix/cice
+++ config.base[38]: FIXcice=/work2/noaa/global/CI/HERCULES/3243/global-workflow/fix/cice
+++ config.base[39]: export FIXmom=/work2/noaa/global/CI/HERCULES/3243/global-workflow/fix/mom6
+++ config.base[39]: FIXmom=/work2/noaa/global/CI/HERCULES/3243/global-workflow/fix/mom6
+++ config.base[40]: export FIXreg2grb2=/work2/noaa/global/CI/HERCULES/3243/global-workflow/fix/reg2grb2
+++ config.base[40]: FIXreg2grb2=/work2/noaa/global/CI/HERCULES/3243/global-workflow/fix/reg2grb2
+++ config.base[41]: export FIXgdas=/work2/noaa/global/CI/HERCULES/3243/global-workflow/fix/gdas
+++ config.base[41]: FIXgdas=/work2/noaa/global/CI/HERCULES/3243/global-workflow/fix/gdas
+++ config.base[46]: export PACKAGEROOT=/work/noaa/global/glopara/nwpara
+++ config.base[46]: PACKAGEROOT=/work/noaa/global/glopara/nwpara
+++ config.base[47]: export COMROOT=/work2/noaa/global/CI/HERCULES/3243/RUNTESTS/COMROOT
+++ config.base[47]: COMROOT=/work2/noaa/global/CI/HERCULES/3243/RUNTESTS/COMROOT
+++ config.base[48]: export COMINsyn=/work/noaa/global/glopara/com/gfs/prod/syndat
+++ config.base[48]: COMINsyn=/work/noaa/global/glopara/com/gfs/prod/syndat
+++ config.base[49]: export DMPDIR=/work/noaa/rstprod/dump
+++ config.base[49]: DMPDIR=/work/noaa/rstprod/dump
+++ config.base[53]: export COMINecmwf=/work/noaa/global/glopara/data/external_gempak/ecmwf
+++ config.base[53]: COMINecmwf=/work/noaa/global/glopara/data/external_gempak/ecmwf
+++ config.base[54]: export COMINnam=/work/noaa/global/glopara/data/external_gempak/nam
+++ config.base[54]: COMINnam=/work/noaa/global/glopara/data/external_gempak/nam
+++ config.base[55]: export COMINukmet=/work/noaa/global/glopara/data/external_gempak/ukmet
+++ config.base[55]: COMINukmet=/work/noaa/global/glopara/data/external_gempak/ukmet
+++ config.base[58]: export HOMEDIR=/work/noaa/global/mterry
+++ config.base[58]: HOMEDIR=/work/noaa/global/mterry
+++ config.base[59]: export STMP=/work/noaa/stmp/mterry/HERCULES
+++ config.base[59]: STMP=/work/noaa/stmp/mterry/HERCULES
+++ config.base[60]: export PTMP=/work/noaa/stmp/mterry/HERCULES
+++ config.base[60]: PTMP=/work/noaa/stmp/mterry/HERCULES
+++ config.base[61]: export NOSCRUB=/work/noaa/global/mterry
+++ config.base[61]: NOSCRUB=/work/noaa/global/mterry
+++ config.base[64]: export BASE_GIT=/work/noaa/global/glopara/git_rocky9
+++ config.base[64]: BASE_GIT=/work/noaa/global/glopara/git_rocky9
+++ config.base[67]: export BASE_DATA=/work/noaa/global/glopara/data
+++ config.base[67]: BASE_DATA=/work/noaa/global/glopara/data
+++ config.base[70]: export DO_GOES=NO
+++ config.base[70]: DO_GOES=NO
+++ config.base[71]: export DO_BUFRSND=NO
+++ config.base[71]: DO_BUFRSND=NO
+++ config.base[72]: export DO_GEMPAK=NO
+++ config.base[72]: DO_GEMPAK=NO
+++ config.base[73]: export DO_AWIPS=NO
+++ config.base[73]: DO_AWIPS=NO
+++ config.base[74]: export DO_NPOESS=NO
+++ config.base[74]: DO_NPOESS=NO
+++ config.base[75]: export DO_TRACKER=NO
+++ config.base[75]: DO_TRACKER=NO
+++ config.base[76]: export DO_GENESIS=NO
+++ config.base[76]: DO_GENESIS=NO
+++ config.base[77]: export DO_GENESIS_FSU=NO
+++ config.base[77]: DO_GENESIS_FSU=NO
+++ config.base[78]: export DO_VERFOZN=YES
+++ config.base[78]: DO_VERFOZN=YES
+++ config.base[79]: export DO_VERFRAD=YES
+++ config.base[79]: DO_VERFRAD=YES
+++ config.base[80]: export DO_VMINMON=YES
+++ config.base[80]: DO_VMINMON=YES
+++ config.base[81]: export DO_MOS=NO
+++ config.base[81]: DO_MOS=NO
+++ config.base[87]: export REALTIME=YES
+++ config.base[87]: REALTIME=YES
+++ config.base[90]: export MODE=forecast-only
+++ config.base[90]: MODE=forecast-only
+++ config.base[91]: export DO_TEST_MODE=YES
+++ config.base[91]: DO_TEST_MODE=YES
+++ config.base[100]: export FIXgsi=/work2/noaa/global/CI/HERCULES/3243/global-workflow/fix/gsi
+++ config.base[100]: FIXgsi=/work2/noaa/global/CI/HERCULES/3243/global-workflow/fix/gsi
+++ config.base[101]: export HOMEpost=/work2/noaa/global/CI/HERCULES/3243/global-workflow
+++ config.base[101]: HOMEpost=/work2/noaa/global/CI/HERCULES/3243/global-workflow
+++ config.base[102]: export HOMEobsproc=/work/noaa/global/glopara/git_rocky9/obsproc/v1.2.0
+++ config.base[102]: HOMEobsproc=/work/noaa/global/glopara/git_rocky9/obsproc/v1.2.0
+++ config.base[105]: export 'NCP=/bin/cp -p'
+++ config.base[105]: NCP='/bin/cp -p'
+++ config.base[106]: export NMV=/bin/mv
+++ config.base[106]: NMV=/bin/mv
+++ config.base[107]: export 'NLN=/bin/ln -sf'
+++ config.base[107]: NLN='/bin/ln -sf'
+++ config.base[108]: export VERBOSE=YES
+++ config.base[108]: VERBOSE=YES
+++ config.base[109]: export KEEPDATA=NO
+++ config.base[109]: KEEPDATA=NO
+++ config.base[110]: export DEBUG_POSTSCRIPT=NO
+++ config.base[110]: DEBUG_POSTSCRIPT=NO
+++ config.base[111]: export CHGRP_RSTPROD=YES
+++ config.base[111]: CHGRP_RSTPROD=YES
+++ config.base[112]: export 'CHGRP_CMD=chgrp rstprod'
+++ config.base[112]: CHGRP_CMD='chgrp rstprod'
+++ config.base[113]: export NCDUMP=/work/noaa/epic/role-epic/spack-stack/hercules/spack-stack-1.6.0/envs/unified-env/install/intel/2021.9.0/netcdf-c-4.9.2-tslbcfy/bin/ncdump
+++ config.base[113]: NCDUMP=/work/noaa/epic/role-epic/spack-stack/hercules/spack-stack-1.6.0/envs/unified-env/install/intel/2021.9.0/netcdf-c-4.9.2-tslbcfy/bin/ncdump
+++ config.base[114]: export NCLEN=/work2/noaa/global/CI/HERCULES/3243/global-workflow/ush/getncdimlen
+++ config.base[114]: NCLEN=/work2/noaa/global/CI/HERCULES/3243/global-workflow/ush/getncdimlen
+++ config.base[117]: export BASE_ENV=/work2/noaa/global/CI/HERCULES/3243/global-workflow/env
+++ config.base[117]: BASE_ENV=/work2/noaa/global/CI/HERCULES/3243/global-workflow/env
+++ config.base[118]: export BASE_JOB=/work2/noaa/global/CI/HERCULES/3243/global-workflow/jobs/rocoto
+++ config.base[118]: BASE_JOB=/work2/noaa/global/CI/HERCULES/3243/global-workflow/jobs/rocoto
+++ config.base[121]: export SDATE=2021032312
+++ config.base[121]: SDATE=2021032312
+++ config.base[122]: export EDATE=2021032312
+++ config.base[122]: EDATE=2021032312
+++ config.base[123]: export EXP_WARM_START=.false.
+++ config.base[123]: EXP_WARM_START=.false.
+++ config.base[124]: export assim_freq=6
+++ config.base[124]: assim_freq=6
+++ config.base[125]: export PSLOT=C48_S2SW_7f0277f0
+++ config.base[125]: PSLOT=C48_S2SW_7f0277f0
+++ config.base[126]: export EXPDIR=/work2/noaa/global/CI/HERCULES/3243/RUNTESTS/EXPDIR/C48_S2SW_7f0277f0
+++ config.base[126]: EXPDIR=/work2/noaa/global/CI/HERCULES/3243/RUNTESTS/EXPDIR/C48_S2SW_7f0277f0
+++ config.base[127]: export ROTDIR=/work2/noaa/global/CI/HERCULES/3243/RUNTESTS/COMROOT/C48_S2SW_7f0277f0
+++ config.base[127]: ROTDIR=/work2/noaa/global/CI/HERCULES/3243/RUNTESTS/COMROOT/C48_S2SW_7f0277f0
+++ config.base[128]: export ROTDIR_DUMP=YES
+++ config.base[128]: ROTDIR_DUMP=YES
+++ config.base[129]: export DUMP_SUFFIX=
+++ config.base[129]: DUMP_SUFFIX=
+++ config.base[130]: [[ 2021032312 -ge 2019092100 ]]
+++ config.base[130]: [[ 2021032312 -le 2019110700 ]]
+++ config.base[133]: export ARCDIR=/work/noaa/global/mterry/archive/C48_S2SW_7f0277f0
+++ config.base[133]: ARCDIR=/work/noaa/global/mterry/archive/C48_S2SW_7f0277f0
+++ config.base[134]: export ATARDIR=/work/noaa/global/mterry/archive_rotdir/C48_S2SW_7f0277f0
+++ config.base[134]: ATARDIR=/work/noaa/global/mterry/archive_rotdir/C48_S2SW_7f0277f0
+++ config.base[135]: export FETCHDIR=/NCEPDEV/emc-global/1year/David.Grumm/test_data
+++ config.base[135]: FETCHDIR=/NCEPDEV/emc-global/1year/David.Grumm/test_data
+++ config.base[138]: export envir=prod
+++ config.base[138]: envir=prod
+++ config.base[139]: export NET=gfs
+++ config.base[139]: NET=gfs
+++ config.base[140]: export RUN=gfs
+++ config.base[140]: RUN=gfs
+++ config.base[143]: source /work2/noaa/global/CI/HERCULES/3243/RUNTESTS/EXPDIR/C48_S2SW_7f0277f0/config.com
++++ config.com[4]: echo 'BEGIN: config.com'
BEGIN: config.com
++++ config.com[37]: [[ emc == \n\c\o ]]
++++ config.com[41]: COM_OBS_TMPL='${ROTDIR}/${RUN}.${YMD}/${HH}/obs'
++++ config.com[42]: COM_RTOFS_TMPL='${DMPDIR}'
++++ config.com[44]: declare -rx COM_OBS_TMPL COM_RTOFS_TMPL
++++ config.com[45]: declare -rx 'COM_OBSDMP_TMPL=${DMPDIR}/${DUMP}${DUMP_SUFFIX}.${YMD}/${HH}/atmos'
++++ config.com[47]: COM_BASE='${ROTDIR}/${RUN}.${YMD}/${HH}/${MEMDIR}'
++++ config.com[49]: declare -rx 'COM_TOP_TMPL=${ROTDIR}/${RUN}.${YMD}/${HH}'
++++ config.com[51]: declare -rx 'COM_CONF_TMPL=${ROTDIR}/${RUN}.${YMD}/${HH}/${MEMDIR}/conf'
++++ config.com[52]: declare -rx 'COM_OBS_JEDI=${ROTDIR}/${RUN}.${YMD}/${HH}/${MEMDIR}/obs_jedi'
++++ config.com[54]: declare -rx 'COM_ATMOS_INPUT_TMPL=${ROTDIR}/${RUN}.${YMD}/${HH}/${MEMDIR}/model/atmos/input'
++++ config.com[55]: declare -rx 'COM_ATMOS_RESTART_TMPL=${ROTDIR}/${RUN}.${YMD}/${HH}/${MEMDIR}/model/atmos/restart'
++++ config.com[56]: declare -rx 'COM_ATMOS_ANALYSIS_TMPL=${ROTDIR}/${RUN}.${YMD}/${HH}/${MEMDIR}/analysis/atmos'
++++ config.com[57]: declare -rx 'COM_SNOW_ANALYSIS_TMPL=${ROTDIR}/${RUN}.${YMD}/${HH}/${MEMDIR}/analysis/snow'
++++ config.com[58]: declare -rx 'COM_ATMOS_HISTORY_TMPL=${ROTDIR}/${RUN}.${YMD}/${HH}/${MEMDIR}/model/atmos/history'
++++ config.com[59]: declare -rx 'COM_ATMOS_MASTER_TMPL=${ROTDIR}/${RUN}.${YMD}/${HH}/${MEMDIR}/model/atmos/master'
++++ config.com[60]: declare -rx 'COM_ATMOS_GRIB_TMPL=${ROTDIR}/${RUN}.${YMD}/${HH}/${MEMDIR}/products/atmos/grib2'
++++ config.com[61]: declare -rx 'COM_ATMOS_GRIB_GRID_TMPL=${ROTDIR}/${RUN}.${YMD}/${HH}/${MEMDIR}/products/atmos/grib2/${GRID}'
++++ config.com[62]: declare -rx 'COM_ATMOS_BUFR_TMPL=${ROTDIR}/${RUN}.${YMD}/${HH}/${MEMDIR}/products/atmos/bufr'
++++ config.com[63]: declare -rx 'COM_ATMOS_GEMPAK_TMPL=${ROTDIR}/${RUN}.${YMD}/${HH}/${MEMDIR}/products/atmos/gempak/${GRID}'
++++ config.com[64]: declare -rx 'COM_ATMOS_GENESIS_TMPL=${ROTDIR}/${RUN}.${YMD}/${HH}/${MEMDIR}/products/atmos/cyclone/genesis_vital'
++++ config.com[65]: declare -rx 'COM_ATMOS_TRACK_TMPL=${ROTDIR}/${RUN}.${YMD}/${HH}/${MEMDIR}/products/atmos/cyclone/tracks'
++++ config.com[66]: declare -rx 'COM_ATMOS_GOES_TMPL=${ROTDIR}/${RUN}.${YMD}/${HH}/${MEMDIR}/products/atmos/goes_sim'
++++ config.com[67]: declare -rx 'COM_ATMOS_IMAGERY_TMPL=${ROTDIR}/${RUN}.${YMD}/${HH}/${MEMDIR}/products/atmos/imagery'
++++ config.com[68]: declare -rx 'COM_ATMOS_OZNMON_TMPL=${ROTDIR}/${RUN}.${YMD}/${HH}/${MEMDIR}/products/atmos/oznmon'
++++ config.com[69]: declare -rx 'COM_ATMOS_RADMON_TMPL=${ROTDIR}/${RUN}.${YMD}/${HH}/${MEMDIR}/products/atmos/radmon'
++++ config.com[70]: declare -rx 'COM_ATMOS_MINMON_TMPL=${ROTDIR}/${RUN}.${YMD}/${HH}/${MEMDIR}/products/atmos/minmon'
++++ config.com[71]: declare -rx 'COM_ATMOS_WMO_TMPL=${ROTDIR}/${RUN}.${YMD}/${HH}/${MEMDIR}/products/atmos/wmo'
++++ config.com[73]: declare -rx 'COM_WAVE_RESTART_TMPL=${ROTDIR}/${RUN}.${YMD}/${HH}/${MEMDIR}/model/wave/restart'
++++ config.com[74]: declare -rx 'COM_WAVE_PREP_TMPL=${ROTDIR}/${RUN}.${YMD}/${HH}/${MEMDIR}/model/wave/prep'
++++ config.com[75]: declare -rx 'COM_WAVE_HISTORY_TMPL=${ROTDIR}/${RUN}.${YMD}/${HH}/${MEMDIR}/model/wave/history'
++++ config.com[76]: declare -rx 'COM_WAVE_GRID_TMPL=${ROTDIR}/${RUN}.${YMD}/${HH}/${MEMDIR}/products/wave/gridded'
++++ config.com[77]: declare -rx 'COM_WAVE_GRID_RES_TMPL=${ROTDIR}/${RUN}.${YMD}/${HH}/${MEMDIR}/products/wave/gridded/${GRDRESNAME}'
++++ config.com[78]: declare -rx 'COM_WAVE_STATION_TMPL=${ROTDIR}/${RUN}.${YMD}/${HH}/${MEMDIR}/products/wave/station'
++++ config.com[79]: declare -rx 'COM_WAVE_GEMPAK_TMPL=${ROTDIR}/${RUN}.${YMD}/${HH}/${MEMDIR}/products/wave/gempak'
++++ config.com[80]: declare -rx 'COM_WAVE_WMO_TMPL=${ROTDIR}/${RUN}.${YMD}/${HH}/${MEMDIR}/products/wave/wmo'
++++ config.com[82]: declare -rx 'COM_OCEAN_HISTORY_TMPL=${ROTDIR}/${RUN}.${YMD}/${HH}/${MEMDIR}/model/ocean/history'
++++ config.com[83]: declare -rx 'COM_OCEAN_RESTART_TMPL=${ROTDIR}/${RUN}.${YMD}/${HH}/${MEMDIR}/model/ocean/restart'
++++ config.com[84]: declare -rx 'COM_OCEAN_INPUT_TMPL=${ROTDIR}/${RUN}.${YMD}/${HH}/${MEMDIR}/model/ocean/input'
++++ config.com[85]: declare -rx 'COM_OCEAN_ANALYSIS_TMPL=${ROTDIR}/${RUN}.${YMD}/${HH}/${MEMDIR}/analysis/ocean'
++++ config.com[86]: declare -rx 'COM_OCEAN_LETKF_TMPL=${ROTDIR}/${RUN}.${YMD}/${HH}/${MEMDIR}/analysis/ocean/letkf'
++++ config.com[87]: declare -rx 'COM_OCEAN_BMATRIX_TMPL=${ROTDIR}/${RUN}.${YMD}/${HH}/${MEMDIR}/bmatrix/ocean'
++++ config.com[88]: declare -rx 'COM_OCEAN_NETCDF_TMPL=${ROTDIR}/${RUN}.${YMD}/${HH}/${MEMDIR}/products/ocean/netcdf'
++++ config.com[89]: declare -rx 'COM_OCEAN_GRIB_TMPL=${ROTDIR}/${RUN}.${YMD}/${HH}/${MEMDIR}/products/ocean/grib2'
++++ config.com[90]: declare -rx 'COM_OCEAN_GRIB_GRID_TMPL=${ROTDIR}/${RUN}.${YMD}/${HH}/${MEMDIR}/products/ocean/grib2/${GRID}'
++++ config.com[92]: declare -rx 'COM_ICE_ANALYSIS_TMPL=${ROTDIR}/${RUN}.${YMD}/${HH}/${MEMDIR}/analysis/ice'
++++ config.com[93]: declare -rx 'COM_ICE_LETKF_TMPL=${ROTDIR}/${RUN}.${YMD}/${HH}/${MEMDIR}/analysis/ice/letkf'
++++ config.com[94]: declare -rx 'COM_ICE_BMATRIX_TMPL=${ROTDIR}/${RUN}.${YMD}/${HH}/${MEMDIR}/bmatrix/ice'
++++ config.com[95]: declare -rx 'COM_ICE_INPUT_TMPL=${ROTDIR}/${RUN}.${YMD}/${HH}/${MEMDIR}/model/ice/input'
++++ config.com[96]: declare -rx 'COM_ICE_HISTORY_TMPL=${ROTDIR}/${RUN}.${YMD}/${HH}/${MEMDIR}/model/ice/history'
++++ config.com[97]: declare -rx 'COM_ICE_RESTART_TMPL=${ROTDIR}/${RUN}.${YMD}/${HH}/${MEMDIR}/model/ice/restart'
++++ config.com[98]: declare -rx 'COM_ICE_NETCDF_TMPL=${ROTDIR}/${RUN}.${YMD}/${HH}/${MEMDIR}/products/ice/netcdf'
++++ config.com[99]: declare -rx 'COM_ICE_GRIB_TMPL=${ROTDIR}/${RUN}.${YMD}/${HH}/${MEMDIR}/products/ice/grib2'
++++ config.com[100]: declare -rx 'COM_ICE_GRIB_GRID_TMPL=${ROTDIR}/${RUN}.${YMD}/${HH}/${MEMDIR}/products/ice/grib2/${GRID}'
++++ config.com[102]: declare -rx 'COM_CHEM_HISTORY_TMPL=${ROTDIR}/${RUN}.${YMD}/${HH}/${MEMDIR}/model/chem/history'
++++ config.com[103]: declare -rx 'COM_CHEM_ANALYSIS_TMPL=${ROTDIR}/${RUN}.${YMD}/${HH}/${MEMDIR}/analysis/chem'
++++ config.com[104]: declare -rx 'COM_CHEM_BMAT_TMPL=${ROTDIR}/${RUN}.${YMD}/${HH}/${MEMDIR}/analysis/chem/bmatrix'
++++ config.com[106]: declare -rx 'COM_MED_RESTART_TMPL=${ROTDIR}/${RUN}.${YMD}/${HH}/${MEMDIR}/model/med/restart'
+++ config.base[146]: export 'ERRSCRIPT=eval [[ $err = 0 ]]'
+++ config.base[146]: ERRSCRIPT='eval [[ $err = 0 ]]'
+++ config.base[147]: export LOGSCRIPT=
+++ config.base[147]: LOGSCRIPT=
+++ config.base[150]: export 'REDOUT=1>'
+++ config.base[150]: REDOUT='1>'
+++ config.base[151]: export 'REDERR=2>'
+++ config.base[151]: REDERR='2>'
+++ config.base[153]: export SENDECF=NO
+++ config.base[153]: SENDECF=NO
+++ config.base[154]: export SENDSDM=NO
+++ config.base[154]: SENDSDM=NO
+++ config.base[155]: export SENDDBN_NTC=NO
+++ config.base[155]: SENDDBN_NTC=NO
+++ config.base[156]: export SENDDBN=NO
+++ config.base[156]: SENDDBN=NO
+++ config.base[157]: export DBNROOT=/work/noaa/epic/role-epic/spack-stack/hercules/spack-stack-1.6.0/envs/unified-env/install/intel/2021.9.0/prod-util-2.1.1-ddlo2cq/fakedbn
+++ config.base[157]: DBNROOT=/work/noaa/epic/role-epic/spack-stack/hercules/spack-stack-1.6.0/envs/unified-env/install/intel/2021.9.0/prod-util-2.1.1-ddlo2cq/fakedbn
+++ config.base[160]: export APP=S2SW
+++ config.base[160]: APP=S2SW
+++ config.base[162]: shopt -s extglob
+++ config.base[165]: case "${RUN}" in
+++ config.base[172]: shopt -u extglob
+++ config.base[175]: export DO_ATM=YES
+++ config.base[175]: DO_ATM=YES
+++ config.base[176]: export DO_COUPLED=NO
+++ config.base[176]: DO_COUPLED=NO
+++ config.base[177]: export DO_WAVE=NO
+++ config.base[177]: DO_WAVE=NO
+++ config.base[178]: export DO_OCN=NO
+++ config.base[178]: DO_OCN=NO
+++ config.base[179]: export DO_ICE=NO
+++ config.base[179]: DO_ICE=NO
+++ config.base[180]: DO_AERO=NO
+++ config.base[181]: export DO_PREP_OBS_AERO=NO
+++ config.base[181]: DO_PREP_OBS_AERO=NO
+++ config.base[182]: aero_fcst_runs=gdas
+++ config.base[183]: aero_anl_runs='gdas gfs'
+++ config.base[184]: export DO_AERO_FCST=NO
+++ config.base[184]: DO_AERO_FCST=NO
+++ config.base[185]: export DO_AERO_ANL=NO
+++ config.base[185]: DO_AERO_ANL=NO
+++ config.base[186]: export DOBNDPNT_WAVE=NO
+++ config.base[186]: DOBNDPNT_WAVE=NO
+++ config.base[187]: export DOIBP_WAV=NO
+++ config.base[187]: DOIBP_WAV=NO
+++ config.base[188]: export FRAC_GRID=.true.
+++ config.base[188]: FRAC_GRID=.true.
+++ config.base[189]: export DO_NEST=NO
+++ config.base[189]: DO_NEST=NO
+++ config.base[190]: [[ NO == \Y\E\S ]]
+++ config.base[196]: export ntiles=6
+++ config.base[196]: ntiles=6
+++ config.base[197]: export FIXugwd=/work2/noaa/global/CI/HERCULES/3243/global-workflow/fix/ugwd
+++ config.base[197]: FIXugwd=/work2/noaa/global/CI/HERCULES/3243/global-workflow/fix/ugwd
+++ config.base[198]: export FIXorog=/work2/noaa/global/CI/HERCULES/3243/global-workflow/fix/orog
+++ config.base[198]: FIXorog=/work2/noaa/global/CI/HERCULES/3243/global-workflow/fix/orog
+++ config.base[202]: export OPS_RES=C768
+++ config.base[202]: OPS_RES=C768
+++ config.base[205]: export LEVS=128
+++ config.base[205]: LEVS=128
+++ config.base[206]: export CASE=C48
+++ config.base[206]: CASE=C48
+++ config.base[207]: export CASE_ENS=@CASEENS@
+++ config.base[207]: CASE_ENS=@CASEENS@
+++ config.base[208]: export OCNRES=500
+++ config.base[208]: OCNRES=500
+++ config.base[209]: export ICERES=500
+++ config.base[209]: ICERES=500
+++ config.base[212]: case "${CASE}" in
+++ config.base[214]: export waveGRD=uglo_100km
+++ config.base[214]: waveGRD=uglo_100km
+++ config.base[231]: case "${APP}" in
+++ config.base[247]: export DO_COUPLED=YES
+++ config.base[247]: DO_COUPLED=YES
+++ config.base[248]: export DO_OCN=YES
+++ config.base[248]: DO_OCN=YES
+++ config.base[249]: export DO_ICE=YES
+++ config.base[249]: DO_ICE=YES
+++ config.base[251]: [[ S2SW =~ A$ ]]
+++ config.base[255]: [[ S2SW =~ ^S2SW ]]
+++ config.base[256]: export DO_WAVE=YES
+++ config.base[256]: DO_WAVE=YES
+++ config.base[266]: [[ NO == \Y\E\S ]]
+++ config.base[276]: [[ gfs =~ gdas ]]
+++ config.base[279]: [[ gfs =~ gfs ]]
+++ config.base[280]: export FHCYC=24
+++ config.base[280]: FHCYC=24
+++ config.base[284]: export FHMIN=0
+++ config.base[284]: FHMIN=0
+++ config.base[285]: export FHMAX=9
+++ config.base[285]: FHMAX=9
+++ config.base[286]: export FHOUT=3
+++ config.base[286]: FHOUT=3
+++ config.base[287]: export FHOUT_OCN=3
+++ config.base[287]: FHOUT_OCN=3
+++ config.base[288]: export FHOUT_ICE=3
+++ config.base[288]: FHOUT_ICE=3
+++ config.base[289]: export FHOUT_AERO=3
+++ config.base[289]: FHOUT_AERO=3
+++ config.base[292]: export EUPD_CYC=gdas
+++ config.base[292]: EUPD_CYC=gdas
+++ config.base[295]: export INTERVAL_GFS=6
+++ config.base[295]: INTERVAL_GFS=6
+++ config.base[296]: export SDATE_GFS=2021032312
+++ config.base[296]: SDATE_GFS=2021032312
+++ config.base[299]: export FHMIN_GFS=0
+++ config.base[299]: FHMIN_GFS=0
+++ config.base[300]: export FHMAX_GFS=120
+++ config.base[300]: FHMAX_GFS=120
+++ config.base[302]: breakpnts=
+++ config.base[303]: export FCST_SEGMENTS=0,120
+++ config.base[303]: FCST_SEGMENTS=0,120
+++ config.base[304]: export FHOUT_GFS=3
+++ config.base[304]: FHOUT_GFS=3
+++ config.base[305]: export FHMAX_HF_GFS=0
+++ config.base[305]: FHMAX_HF_GFS=0
+++ config.base[306]: export FHOUT_HF_GFS=1
+++ config.base[306]: FHOUT_HF_GFS=1
+++ config.base[307]: export FHOUT_OCN_GFS=6
+++ config.base[307]: FHOUT_OCN_GFS=6
+++ config.base[308]: export FHOUT_ICE_GFS=6
+++ config.base[308]: FHOUT_ICE_GFS=6
+++ config.base[309]: export FHMIN_WAV=0
+++ config.base[309]: FHMIN_WAV=0
+++ config.base[310]: export FHOUT_WAV=3
+++ config.base[310]: FHOUT_WAV=3
+++ config.base[311]: export FHMAX_HF_WAV=120
+++ config.base[311]: FHMAX_HF_WAV=120
+++ config.base[312]: export FHOUT_HF_WAV=1
+++ config.base[312]: FHOUT_HF_WAV=1
+++ config.base[313]: export FHMAX_WAV=9
+++ config.base[313]: FHMAX_WAV=9
+++ config.base[314]: export FHMAX_WAV_GFS=120
+++ config.base[314]: FHMAX_WAV_GFS=120
+++ config.base[315]: export FHMAX_HF_GFS=0
+++ config.base[315]: FHMAX_HF_GFS=0
+++ config.base[316]: export FHMAX_WAV=9
+++ config.base[316]: FHMAX_WAV=9
+++ config.base[317]: export FHMAX_WAV_GFS=120
+++ config.base[317]: FHMAX_WAV_GFS=120
+++ config.base[318]: export FHMAX_HF_WAV=120
+++ config.base[318]: FHMAX_HF_WAV=120
+++ config.base[321]: export ILPOST=1
+++ config.base[321]: ILPOST=1
+++ config.base[322]: ((  FHMAX_HF_GFS < 120  ))
+++ config.base[323]: export ILPOST=3
+++ config.base[323]: ILPOST=3
+++ config.base[327]: export FHMAX_GOES=180
+++ config.base[327]: FHMAX_GOES=180
+++ config.base[328]: export FHOUT_GOES=3
+++ config.base[328]: FHOUT_GOES=3
+++ config.base[329]: ((  FHMAX_GOES > FHMAX_GFS  ))
+++ config.base[330]: export FHMAX_GOES=120
+++ config.base[330]: FHMAX_GOES=120
+++ config.base[334]: export restart_interval_gfs=12
+++ config.base[334]: restart_interval_gfs=12
+++ config.base[339]: export QUILTING=.true.
+++ config.base[339]: QUILTING=.true.
+++ config.base[340]: export OUTPUT_GRID=gaussian_grid
+++ config.base[340]: OUTPUT_GRID=gaussian_grid
+++ config.base[341]: export WRITE_DOPOST=.true.
+++ config.base[341]: WRITE_DOPOST=.true.
+++ config.base[342]: export WRITE_NSFLIP=.true.
+++ config.base[342]: WRITE_NSFLIP=.true.
+++ config.base[345]: export DOIAU=YES
+++ config.base[345]: DOIAU=YES
+++ config.base[346]: export IAUFHRS=3,6,9
+++ config.base[346]: IAUFHRS=3,6,9
+++ config.base[347]: export IAU_FHROT=3
+++ config.base[347]: IAU_FHROT=3
+++ config.base[348]: export IAU_DELTHRS=6
+++ config.base[348]: IAU_DELTHRS=6
+++ config.base[349]: export IAU_OFFSET=6
+++ config.base[349]: IAU_OFFSET=6
+++ config.base[350]: export DOIAU_ENKF=YES
+++ config.base[350]: DOIAU_ENKF=YES
+++ config.base[351]: export IAUFHRS_ENKF=3,6,9
+++ config.base[351]: IAUFHRS_ENKF=3,6,9
+++ config.base[352]: export IAU_DELTHRS_ENKF=6
+++ config.base[352]: IAU_DELTHRS_ENKF=6
+++ config.base[355]: export lobsdiag_forenkf=.true.
+++ config.base[355]: lobsdiag_forenkf=.true.
+++ config.base[363]: export imp_physics=8
+++ config.base[363]: imp_physics=8
+++ config.base[367]: export DO_JEDIATMVAR=NO
+++ config.base[367]: DO_JEDIATMVAR=NO
+++ config.base[368]: export DO_JEDIATMENS=NO
+++ config.base[368]: DO_JEDIATMENS=NO
+++ config.base[369]: export DO_JEDIOCNVAR=NO
+++ config.base[369]: DO_JEDIOCNVAR=NO
+++ config.base[370]: export DO_JEDISNOWDA=NO
+++ config.base[370]: DO_JEDISNOWDA=NO
+++ config.base[371]: export DO_MERGENSST=NO
+++ config.base[371]: DO_MERGENSST=NO
+++ config.base[372]: export DO_STARTMEM_FROM_JEDIICE=NO
+++ config.base[372]: DO_STARTMEM_FROM_JEDIICE=NO
+++ config.base[375]: export DOHYBVAR=@DOHYBVAR@
+++ config.base[375]: DOHYBVAR=@DOHYBVAR@
+++ config.base[376]: export DOHYBVAR_OCN=NO
+++ config.base[376]: DOHYBVAR_OCN=NO
+++ config.base[377]: export NMEM_ENS=0
+++ config.base[377]: NMEM_ENS=0
+++ config.base[378]: export SMOOTH_ENKF=NO
+++ config.base[378]: SMOOTH_ENKF=NO
+++ config.base[379]: export l4densvar=.true.
+++ config.base[379]: l4densvar=.true.
+++ config.base[380]: export lwrite4danl=.true.
+++ config.base[380]: lwrite4danl=.true.
+++ config.base[381]: export DO_CALC_INCREMENT=NO
+++ config.base[381]: DO_CALC_INCREMENT=NO
+++ config.base[384]: export NMEM_ENS_GFS=30
+++ config.base[384]: NMEM_ENS_GFS=30
+++ config.base[385]: export NMEM_ENS_GFS_OFFSET=20
+++ config.base[385]: NMEM_ENS_GFS_OFFSET=20
+++ config.base[386]: export DO_CALC_INCREMENT_ENKF_GFS=NO
+++ config.base[386]: DO_CALC_INCREMENT_ENKF_GFS=NO
+++ config.base[389]: [[ @DOHYBVAR@ = \Y\E\S ]]
+++ config.base[403]: [[ @DOHYBVAR@ == \N\O ]]
+++ config.base[411]: export ENKF_SPREAD=YES
+++ config.base[411]: ENKF_SPREAD=YES
+++ config.base[414]: [[ forecast-only = \c\y\c\l\e\d ]]
+++ config.base[414]: [[ YES = \N\O ]]
+++ config.base[414]: [[ forecast-only = \f\o\r\e\c\a\s\t\-\o\n\l\y ]]
+++ config.base[414]: [[ .false. = \.\f\a\l\s\e\. ]]
+++ config.base[415]: export IAU_OFFSET=0
+++ config.base[415]: IAU_OFFSET=0
+++ config.base[416]: export IAU_FHROT=0
+++ config.base[416]: IAU_FHROT=0
+++ config.base[417]: export IAUFHRS=6,
+++ config.base[417]: IAUFHRS=6,
+++ config.base[420]: [[ YES = \N\O ]]
+++ config.base[424]: [[ YES == \Y\E\S ]]
+++ config.base[425]: export restart_interval_enkfgdas=3
+++ config.base[425]: restart_interval_enkfgdas=3
+++ config.base[430]: export restart_interval_enkfgfs=3
+++ config.base[430]: restart_interval_enkfgfs=3
+++ config.base[432]: [[ YES == \Y\E\S ]]
+++ config.base[433]: export restart_interval_gdas=3
+++ config.base[433]: restart_interval_gdas=3
+++ config.base[438]: export GSI_SOILANAL=NO
+++ config.base[438]: GSI_SOILANAL=NO
+++ config.base[441]: export DONST=YES
+++ config.base[441]: DONST=YES
+++ config.base[442]: [[ YES = \Y\E\S ]]
+++ config.base[442]: export 'FNTSFA=        '
+++ config.base[442]: FNTSFA='        '
+++ config.base[445]: export nst_anl=.true.
+++ config.base[445]: nst_anl=.true.
+++ config.base[448]: export MAKE_NSSTBUFR=NO
+++ config.base[448]: MAKE_NSSTBUFR=NO
+++ config.base[451]: export MAKE_ACFTBUFR=NO
+++ config.base[451]: MAKE_ACFTBUFR=NO
+++ config.base[454]: export 'INCREMENTS_TO_ZERO='\''liq_wat_inc'\'','\''icmr_inc'\'','\''rwmr_inc'\'','\''snmr_inc'\'','\''grle_inc'\'''
+++ config.base[454]: INCREMENTS_TO_ZERO=''\''liq_wat_inc'\'','\''icmr_inc'\'','\''rwmr_inc'\'','\''snmr_inc'\'','\''grle_inc'\'''
+++ config.base[457]: export 'INCVARS_ZERO_STRAT='\''sphum_inc'\'','\''liq_wat_inc'\'','\''icmr_inc'\'','\''rwmr_inc'\'','\''snmr_inc'\'','\''grle_inc'\'''
+++ config.base[457]: INCVARS_ZERO_STRAT=''\''sphum_inc'\'','\''liq_wat_inc'\'','\''icmr_inc'\'','\''rwmr_inc'\'','\''snmr_inc'\'','\''grle_inc'\'''
+++ config.base[458]: export INCVARS_EFOLD=5
+++ config.base[458]: INCVARS_EFOLD=5
+++ config.base[463]: export netcdf_diag=.true.
+++ config.base[463]: netcdf_diag=.true.
+++ config.base[464]: export binary_diag=.false.
+++ config.base[464]: binary_diag=.false.
+++ config.base[467]: export DO_CA=YES
+++ config.base[467]: DO_CA=YES
+++ config.base[470]: export DO_METP=NO
+++ config.base[470]: DO_METP=NO
+++ config.base[471]: export DO_FIT2OBS=YES
+++ config.base[471]: DO_FIT2OBS=YES
+++ config.base[472]: export DO_VRFY_OCEANDA=NO
+++ config.base[472]: DO_VRFY_OCEANDA=NO
+++ config.base[475]: export FHMAX_FITS=132
+++ config.base[475]: FHMAX_FITS=132
+++ config.base[476]: [[ 132 -gt 120 ]]
+++ config.base[476]: export FHMAX_FITS=120
+++ config.base[476]: FHMAX_FITS=120
+++ config.base[479]: export DO_FETCH_HPSS=NO
+++ config.base[479]: DO_FETCH_HPSS=NO
+++ config.base[480]: export DO_FETCH_LOCAL=NO
+++ config.base[480]: DO_FETCH_LOCAL=NO
+++ config.base[483]: export HPSSARCH=NO
+++ config.base[483]: HPSSARCH=NO
+++ config.base[484]: export LOCALARCH=NO
+++ config.base[484]: LOCALARCH=NO
+++ config.base[485]: [[ NO = \Y\E\S ]]
+++ config.base[488]: [[ NO = \Y\E\S ]]
+++ config.base[488]: [[ NO = \Y\E\S ]]
+++ config.base[491]: export DO_ARCHTAR=NO
+++ config.base[491]: DO_ARCHTAR=NO
+++ config.base[493]: export ARCH_CYC=00
+++ config.base[493]: ARCH_CYC=00
+++ config.base[494]: export ARCH_WARMICFREQ=4
+++ config.base[494]: ARCH_WARMICFREQ=4
+++ config.base[495]: export ARCH_FCSTICFREQ=1
+++ config.base[495]: ARCH_FCSTICFREQ=1
+++ config.base[496]: export ARCH_EXPDIR=YES
+++ config.base[496]: ARCH_EXPDIR=YES
+++ config.base[497]: export ARCH_EXPDIR_FREQ=0
+++ config.base[497]: ARCH_EXPDIR_FREQ=0
+++ config.base[498]: export ARCH_HASHES=YES
+++ config.base[498]: ARCH_HASHES=YES
+++ config.base[499]: export ARCH_DIFFS=NO
+++ config.base[499]: ARCH_DIFFS=NO
+++ config.base[502]: [[ NO = \Y\E\S ]]
+++ config.base[510]: export REPLAY_ICS=NO
+++ config.base[510]: REPLAY_ICS=NO
+++ config.base[511]: export OFFSET_START_HOUR=0
+++ config.base[511]: OFFSET_START_HOUR=0
+++ config.base[514]: export NUM_SND_COLLECTIVES=9
+++ config.base[514]: NUM_SND_COLLECTIVES=9
+++ config.base[516]: echo 'END: config.base'
END: config.base
++ jjob_header.sh[98]: status=0
++ jjob_header.sh[99]: ((  status != 0  ))
++ jjob_header.sh[96]: for config in "${configs[@]:-''}"
++ jjob_header.sh[97]: source /work2/noaa/global/CI/HERCULES/3243/RUNTESTS/EXPDIR/C48_S2SW_7f0277f0/config.cleanup
+++ config.cleanup[4]: echo 'BEGIN: config.cleanup'
BEGIN: config.cleanup
+++ config.cleanup[7]: source /work2/noaa/global/CI/HERCULES/3243/RUNTESTS/EXPDIR/C48_S2SW_7f0277f0/config.resources cleanup
++++ config.resources[10]: ((  1 != 1  ))
++++ config.resources[34]: step=cleanup
++++ config.resources[36]: echo 'BEGIN: config.resources'
BEGIN: config.resources
++++ config.resources[38]: case ${machine} in
++++ config.resources[66]: max_tasks_per_node=80
++++ config.resources[68]: mem_node_max=500GB
++++ config.resources[149]: export max_tasks_per_node
++++ config.resources[151]: case ${step} in
++++ config.resources[1079]: walltime=00:15:00
++++ config.resources[1080]: ntasks=1
++++ config.resources[1081]: tasks_per_node=1
++++ config.resources[1082]: threads_per_task=1
++++ config.resources[1083]: memory=4096M
++++ config.resources[1471]: [[ -f /work2/noaa/global/CI/HERCULES/3243/RUNTESTS/EXPDIR/C48_S2SW_7f0277f0/config.resources.HERCULES ]]
++++ config.resources[1472]: source /work2/noaa/global/CI/HERCULES/3243/RUNTESTS/EXPDIR/C48_S2SW_7f0277f0/config.resources.HERCULES
+++++ config.resources.HERCULES[5]: case ${step} in
++++ config.resources[1476]: for resource_var in threads_per_task ntasks tasks_per_node NTASKS memory walltime
++++ config.resources[1477]: run_resource_var=threads_per_task_gfs
++++ config.resources[1478]: [[ -n '' ]]
++++ config.resources[1480]: [[ -n 0 ]]
++++ config.resources[1481]: export threads_per_task
++++ config.resources[1476]: for resource_var in threads_per_task ntasks tasks_per_node NTASKS memory walltime
++++ config.resources[1477]: run_resource_var=ntasks_gfs
++++ config.resources[1478]: [[ -n '' ]]
++++ config.resources[1480]: [[ -n 0 ]]
++++ config.resources[1481]: export ntasks
++++ config.resources[1476]: for resource_var in threads_per_task ntasks tasks_per_node NTASKS memory walltime
++++ config.resources[1477]: run_resource_var=tasks_per_node_gfs
++++ config.resources[1478]: [[ -n '' ]]
++++ config.resources[1480]: [[ -n 0 ]]
++++ config.resources[1481]: export tasks_per_node
++++ config.resources[1476]: for resource_var in threads_per_task ntasks tasks_per_node NTASKS memory walltime
++++ config.resources[1477]: run_resource_var=NTASKS_gfs
++++ config.resources[1478]: [[ -n '' ]]
++++ config.resources[1480]: [[ -n '' ]]
++++ config.resources[1476]: for resource_var in threads_per_task ntasks tasks_per_node NTASKS memory walltime
++++ config.resources[1477]: run_resource_var=memory_gfs
++++ config.resources[1478]: [[ -n '' ]]
++++ config.resources[1480]: [[ -n 0 ]]
++++ config.resources[1481]: export memory
++++ config.resources[1476]: for resource_var in threads_per_task ntasks tasks_per_node NTASKS memory walltime
++++ config.resources[1477]: run_resource_var=walltime_gfs
++++ config.resources[1478]: [[ -n '' ]]
++++ config.resources[1480]: [[ -n 0 ]]
++++ config.resources[1481]: export walltime
++++ config.resources[1485]: echo 'END: config.resources'
END: config.resources
+++ config.cleanup[9]: export CLEANUP_COM=YES
+++ config.cleanup[9]: CLEANUP_COM=YES
+++ config.cleanup[12]: export RMOLDSTD=144
+++ config.cleanup[12]: RMOLDSTD=144
+++ config.cleanup[13]: export RMOLDEND=24
+++ config.cleanup[13]: RMOLDEND=24
+++ config.cleanup[15]: [[ NO == \Y\E\S ]]
+++ config.cleanup[23]: case ${RUN} in
+++ config.cleanup[24]: exclude_string='*prepbufr*, *cnvstat*, *atmanl.nc'
+++ config.cleanup[28]: export exclude_string
+++ config.cleanup[30]: echo 'END: config.cleanup'
END: config.cleanup
++ jjob_header.sh[98]: status=0
++ jjob_header.sh[99]: ((  status != 0  ))
++ jjob_header.sh[109]: source /work2/noaa/global/CI/HERCULES/3243/global-workflow/env/HERCULES.env cleanup
+++ HERCULES.env[3]: [[ 1 -ne 1 ]]
+++ HERCULES.env[10]: step=cleanup
+++ HERCULES.env[12]: export 'launcher=srun -l --export=ALL --hint=nomultithread'
+++ HERCULES.env[12]: launcher='srun -l --export=ALL --hint=nomultithread'
+++ HERCULES.env[13]: export 'mpmd_opt=--multi-prog --output=mpmd.%j.%t.out'
+++ HERCULES.env[13]: mpmd_opt='--multi-prog --output=mpmd.%j.%t.out'
+++ HERCULES.env[16]: export MPI_BUFS_PER_PROC=2048
+++ HERCULES.env[16]: MPI_BUFS_PER_PROC=2048
+++ HERCULES.env[17]: export MPI_BUFS_PER_HOST=2048
+++ HERCULES.env[17]: MPI_BUFS_PER_HOST=2048
+++ HERCULES.env[18]: export MPI_GROUP_MAX=256
+++ HERCULES.env[18]: MPI_GROUP_MAX=256
+++ HERCULES.env[19]: export MPI_MEMMAP_OFF=1
+++ HERCULES.env[19]: MPI_MEMMAP_OFF=1
+++ HERCULES.env[20]: export MP_STDOUTMODE=ORDERED
+++ HERCULES.env[20]: MP_STDOUTMODE=ORDERED
+++ HERCULES.env[21]: export KMP_AFFINITY=scatter
+++ HERCULES.env[21]: KMP_AFFINITY=scatter
+++ HERCULES.env[22]: export OMP_STACKSIZE=2048000
+++ HERCULES.env[22]: OMP_STACKSIZE=2048000
+++ HERCULES.env[23]: export NTHSTACK=1024000000
+++ HERCULES.env[23]: NTHSTACK=1024000000
+++ HERCULES.env[25]: export I_MPI_EXTRA_FILESYSTEM=1
+++ HERCULES.env[25]: I_MPI_EXTRA_FILESYSTEM=1
+++ HERCULES.env[26]: export I_MPI_EXTRA_FILESYSTEM_LIST=lustre
+++ HERCULES.env[26]: I_MPI_EXTRA_FILESYSTEM_LIST=lustre
+++ HERCULES.env[28]: ulimit -s unlimited
+++ HERCULES.env[29]: ulimit -a
real-time non-blocking time  (microseconds, -R) unlimited
core file size              (blocks, -c) 0
data seg size               (kbytes, -d) unlimited
scheduling priority                 (-e) 0
file size                   (blocks, -f) unlimited
pending signals                     (-i) 1029208
max locked memory           (kbytes, -l) unlimited
max memory size             (kbytes, -m) 4194304
open files                          (-n) 131072
pipe size                (512 bytes, -p) 8
POSIX message queues         (bytes, -q) 819200
real-time priority                  (-r) 0
stack size                  (kbytes, -s) unlimited
cpu time                   (seconds, -t) unlimited
max user processes                  (-u) 1028698
virtual memory              (kbytes, -v) unlimited
file locks                          (-x) unlimited
+++ HERCULES.env[33]: [[ -n 1 ]]
+++ HERCULES.env[33]: [[ -n 80 ]]
+++ HERCULES.env[33]: [[ -n 1 ]]
+++ HERCULES.env[34]: max_threads_per_task=80
+++ HERCULES.env[35]: NTHREADSmax=1
+++ HERCULES.env[36]: NTHREADS1=1
+++ HERCULES.env[37]: [[ 1 -gt 80 ]]
+++ HERCULES.env[38]: [[ 1 -gt 80 ]]
+++ HERCULES.env[39]: APRUN_default='srun -l --export=ALL --hint=nomultithread -n 1'
+++ HERCULES.env[45]: case ${step} in
+++ HERCULES.env[303]: echo 'WARNING: The job step cleanup does not specify Hercules-specific resources'
WARNING: The job step cleanup does not specify Hercules-specific resources
++ jjob_header.sh[110]: status=0
++ jjob_header.sh[111]: ((  status != 0  ))
+ JGLOBAL_CLEANUP[6]: /work2/noaa/global/CI/HERCULES/3243/global-workflow/scripts/exglobal_cleanup.sh
Begin exglobal_cleanup.sh at Wed Feb  5 20:34:08 UTC 2025
+ exglobal_cleanup.sh[6]: echo 'Begin Cleanup /work/noaa/stmp/mterry/HERCULES/RUNDIRS/C48_S2SW_7f0277f0/gfs.2021032312!'
Begin Cleanup /work/noaa/stmp/mterry/HERCULES/RUNDIRS/C48_S2SW_7f0277f0/gfs.2021032312!
+ exglobal_cleanup.sh[10]: DATAfcst=/work/noaa/stmp/mterry/HERCULES/RUNDIRS/C48_S2SW_7f0277f0/gfs.2021032312/gfsfcst.2021032312
+ exglobal_cleanup.sh[11]: [[ -d /work/noaa/stmp/mterry/HERCULES/RUNDIRS/C48_S2SW_7f0277f0/gfs.2021032312/gfsfcst.2021032312 ]]
+ exglobal_cleanup.sh[13]: rm -rf '/work/noaa/stmp/mterry/HERCULES/RUNDIRS/C48_S2SW_7f0277f0/gfs.2021032312/gfsefcs*2021032312'
+ exglobal_cleanup.sh[16]: [[ YES == NO ]]
++ exglobal_cleanup.sh[26]: date --utc +%Y%m%d%H -d '20210323 12 -24 hours'
+ exglobal_cleanup.sh[26]: last_date=2021032212
++ exglobal_cleanup.sh[27]: date --utc +%Y%m%d%H -d '20210323 12 -144 hours'
+ exglobal_cleanup.sh[27]: first_date=2021031712
++ exglobal_cleanup.sh[28]: date --utc +%Y%m%d%H -d '20210323 12 -48 hours'
+ exglobal_cleanup.sh[28]: last_rtofs=2021032112
+ exglobal_cleanup.sh[52]: (( current_date=first_date ))
+ exglobal_cleanup.sh[52]: (( current_date <= last_date ))
+ exglobal_cleanup.sh[54]: current_PDY=20210317
+ exglobal_cleanup.sh[55]: current_cyc=12
+ exglobal_cleanup.sh[56]: rtofs_dir=/work2/noaa/global/CI/HERCULES/3243/RUNTESTS/COMROOT/C48_S2SW_7f0277f0/rtofs.20210317
+ exglobal_cleanup.sh[57]: rocotolog=/work2/noaa/global/CI/HERCULES/3243/RUNTESTS/EXPDIR/C48_S2SW_7f0277f0/logs/2021031712.log
+ exglobal_cleanup.sh[58]: [[ -f /work2/noaa/global/CI/HERCULES/3243/RUNTESTS/EXPDIR/C48_S2SW_7f0277f0/logs/2021031712.log ]]
+ exglobal_cleanup.sh[73]: [[ gfs == \g\f\s ]]
+ exglobal_cleanup.sh[74]: mos_dir=/work2/noaa/global/CI/HERCULES/3243/RUNTESTS/COMROOT/C48_S2SW_7f0277f0/gfsmos.20210317
+ exglobal_cleanup.sh[75]: [[ -d /work2/noaa/global/CI/HERCULES/3243/RUNTESTS/COMROOT/C48_S2SW_7f0277f0/gfsmos.20210317 ]]
++ exglobal_cleanup.sh[52]: date --utc +%Y%m%d%H -d '20210317 12 +6 hours'
+ exglobal_cleanup.sh[52]: (( current_date=2021031718  ))
+ exglobal_cleanup.sh[52]: (( current_date <= last_date ))
+ exglobal_cleanup.sh[54]: current_PDY=20210317
+ exglobal_cleanup.sh[55]: current_cyc=18
+ exglobal_cleanup.sh[56]: rtofs_dir=/work2/noaa/global/CI/HERCULES/3243/RUNTESTS/COMROOT/C48_S2SW_7f0277f0/rtofs.20210317
+ exglobal_cleanup.sh[57]: rocotolog=/work2/noaa/global/CI/HERCULES/3243/RUNTESTS/EXPDIR/C48_S2SW_7f0277f0/logs/2021031718.log
+ exglobal_cleanup.sh[58]: [[ -f /work2/noaa/global/CI/HERCULES/3243/RUNTESTS/EXPDIR/C48_S2SW_7f0277f0/logs/2021031718.log ]]
+ exglobal_cleanup.sh[73]: [[ gfs == \g\f\s ]]
+ exglobal_cleanup.sh[74]: mos_dir=/work2/noaa/global/CI/HERCULES/3243/RUNTESTS/COMROOT/C48_S2SW_7f0277f0/gfsmos.20210317
+ exglobal_cleanup.sh[75]: [[ -d /work2/noaa/global/CI/HERCULES/3243/RUNTESTS/COMROOT/C48_S2SW_7f0277f0/gfsmos.20210317 ]]
++ exglobal_cleanup.sh[52]: date --utc +%Y%m%d%H -d '20210317 18 +6 hours'
+ exglobal_cleanup.sh[52]: (( current_date=2021031800  ))
+ exglobal_cleanup.sh[52]: (( current_date <= last_date ))
+ exglobal_cleanup.sh[54]: current_PDY=20210318
+ exglobal_cleanup.sh[55]: current_cyc=00
+ exglobal_cleanup.sh[56]: rtofs_dir=/work2/noaa/global/CI/HERCULES/3243/RUNTESTS/COMROOT/C48_S2SW_7f0277f0/rtofs.20210318
+ exglobal_cleanup.sh[57]: rocotolog=/work2/noaa/global/CI/HERCULES/3243/RUNTESTS/EXPDIR/C48_S2SW_7f0277f0/logs/2021031800.log
+ exglobal_cleanup.sh[58]: [[ -f /work2/noaa/global/CI/HERCULES/3243/RUNTESTS/EXPDIR/C48_S2SW_7f0277f0/logs/2021031800.log ]]
+ exglobal_cleanup.sh[73]: [[ gfs == \g\f\s ]]
+ exglobal_cleanup.sh[74]: mos_dir=/work2/noaa/global/CI/HERCULES/3243/RUNTESTS/COMROOT/C48_S2SW_7f0277f0/gfsmos.20210318
+ exglobal_cleanup.sh[75]: [[ -d /work2/noaa/global/CI/HERCULES/3243/RUNTESTS/COMROOT/C48_S2SW_7f0277f0/gfsmos.20210318 ]]
++ exglobal_cleanup.sh[52]: date --utc +%Y%m%d%H -d '20210318 00 +6 hours'
+ exglobal_cleanup.sh[52]: (( current_date=2021031806  ))
+ exglobal_cleanup.sh[52]: (( current_date <= last_date ))
+ exglobal_cleanup.sh[54]: current_PDY=20210318
+ exglobal_cleanup.sh[55]: current_cyc=06
+ exglobal_cleanup.sh[56]: rtofs_dir=/work2/noaa/global/CI/HERCULES/3243/RUNTESTS/COMROOT/C48_S2SW_7f0277f0/rtofs.20210318
+ exglobal_cleanup.sh[57]: rocotolog=/work2/noaa/global/CI/HERCULES/3243/RUNTESTS/EXPDIR/C48_S2SW_7f0277f0/logs/2021031806.log
+ exglobal_cleanup.sh[58]: [[ -f /work2/noaa/global/CI/HERCULES/3243/RUNTESTS/EXPDIR/C48_S2SW_7f0277f0/logs/2021031806.log ]]
+ exglobal_cleanup.sh[73]: [[ gfs == \g\f\s ]]
+ exglobal_cleanup.sh[74]: mos_dir=/work2/noaa/global/CI/HERCULES/3243/RUNTESTS/COMROOT/C48_S2SW_7f0277f0/gfsmos.20210318
+ exglobal_cleanup.sh[75]: [[ -d /work2/noaa/global/CI/HERCULES/3243/RUNTESTS/COMROOT/C48_S2SW_7f0277f0/gfsmos.20210318 ]]
++ exglobal_cleanup.sh[52]: date --utc +%Y%m%d%H -d '20210318 06 +6 hours'
+ exglobal_cleanup.sh[52]: (( current_date=2021031812  ))
+ exglobal_cleanup.sh[52]: (( current_date <= last_date ))
+ exglobal_cleanup.sh[54]: current_PDY=20210318
+ exglobal_cleanup.sh[55]: current_cyc=12
+ exglobal_cleanup.sh[56]: rtofs_dir=/work2/noaa/global/CI/HERCULES/3243/RUNTESTS/COMROOT/C48_S2SW_7f0277f0/rtofs.20210318
+ exglobal_cleanup.sh[57]: rocotolog=/work2/noaa/global/CI/HERCULES/3243/RUNTESTS/EXPDIR/C48_S2SW_7f0277f0/logs/2021031812.log
+ exglobal_cleanup.sh[58]: [[ -f /work2/noaa/global/CI/HERCULES/3243/RUNTESTS/EXPDIR/C48_S2SW_7f0277f0/logs/2021031812.log ]]
+ exglobal_cleanup.sh[73]: [[ gfs == \g\f\s ]]
+ exglobal_cleanup.sh[74]: mos_dir=/work2/noaa/global/CI/HERCULES/3243/RUNTESTS/COMROOT/C48_S2SW_7f0277f0/gfsmos.20210318
+ exglobal_cleanup.sh[75]: [[ -d /work2/noaa/global/CI/HERCULES/3243/RUNTESTS/COMROOT/C48_S2SW_7f0277f0/gfsmos.20210318 ]]
++ exglobal_cleanup.sh[52]: date --utc +%Y%m%d%H -d '20210318 12 +6 hours'
+ exglobal_cleanup.sh[52]: (( current_date=2021031818  ))
+ exglobal_cleanup.sh[52]: (( current_date <= last_date ))
+ exglobal_cleanup.sh[54]: current_PDY=20210318
+ exglobal_cleanup.sh[55]: current_cyc=18
+ exglobal_cleanup.sh[56]: rtofs_dir=/work2/noaa/global/CI/HERCULES/3243/RUNTESTS/COMROOT/C48_S2SW_7f0277f0/rtofs.20210318
+ exglobal_cleanup.sh[57]: rocotolog=/work2/noaa/global/CI/HERCULES/3243/RUNTESTS/EXPDIR/C48_S2SW_7f0277f0/logs/2021031818.log
+ exglobal_cleanup.sh[58]: [[ -f /work2/noaa/global/CI/HERCULES/3243/RUNTESTS/EXPDIR/C48_S2SW_7f0277f0/logs/2021031818.log ]]
+ exglobal_cleanup.sh[73]: [[ gfs == \g\f\s ]]
+ exglobal_cleanup.sh[74]: mos_dir=/work2/noaa/global/CI/HERCULES/3243/RUNTESTS/COMROOT/C48_S2SW_7f0277f0/gfsmos.20210318
+ exglobal_cleanup.sh[75]: [[ -d /work2/noaa/global/CI/HERCULES/3243/RUNTESTS/COMROOT/C48_S2SW_7f0277f0/gfsmos.20210318 ]]
++ exglobal_cleanup.sh[52]: date --utc +%Y%m%d%H -d '20210318 18 +6 hours'
+ exglobal_cleanup.sh[52]: (( current_date=2021031900  ))
+ exglobal_cleanup.sh[52]: (( current_date <= last_date ))
+ exglobal_cleanup.sh[54]: current_PDY=20210319
+ exglobal_cleanup.sh[55]: current_cyc=00
+ exglobal_cleanup.sh[56]: rtofs_dir=/work2/noaa/global/CI/HERCULES/3243/RUNTESTS/COMROOT/C48_S2SW_7f0277f0/rtofs.20210319
+ exglobal_cleanup.sh[57]: rocotolog=/work2/noaa/global/CI/HERCULES/3243/RUNTESTS/EXPDIR/C48_S2SW_7f0277f0/logs/2021031900.log
+ exglobal_cleanup.sh[58]: [[ -f /work2/noaa/global/CI/HERCULES/3243/RUNTESTS/EXPDIR/C48_S2SW_7f0277f0/logs/2021031900.log ]]
+ exglobal_cleanup.sh[73]: [[ gfs == \g\f\s ]]
+ exglobal_cleanup.sh[74]: mos_dir=/work2/noaa/global/CI/HERCULES/3243/RUNTESTS/COMROOT/C48_S2SW_7f0277f0/gfsmos.20210319
+ exglobal_cleanup.sh[75]: [[ -d /work2/noaa/global/CI/HERCULES/3243/RUNTESTS/COMROOT/C48_S2SW_7f0277f0/gfsmos.20210319 ]]
++ exglobal_cleanup.sh[52]: date --utc +%Y%m%d%H -d '20210319 00 +6 hours'
+ exglobal_cleanup.sh[52]: (( current_date=2021031906  ))
+ exglobal_cleanup.sh[52]: (( current_date <= last_date ))
+ exglobal_cleanup.sh[54]: current_PDY=20210319
+ exglobal_cleanup.sh[55]: current_cyc=06
+ exglobal_cleanup.sh[56]: rtofs_dir=/work2/noaa/global/CI/HERCULES/3243/RUNTESTS/COMROOT/C48_S2SW_7f0277f0/rtofs.20210319
+ exglobal_cleanup.sh[57]: rocotolog=/work2/noaa/global/CI/HERCULES/3243/RUNTESTS/EXPDIR/C48_S2SW_7f0277f0/logs/2021031906.log
+ exglobal_cleanup.sh[58]: [[ -f /work2/noaa/global/CI/HERCULES/3243/RUNTESTS/EXPDIR/C48_S2SW_7f0277f0/logs/2021031906.log ]]
+ exglobal_cleanup.sh[73]: [[ gfs == \g\f\s ]]
+ exglobal_cleanup.sh[74]: mos_dir=/work2/noaa/global/CI/HERCULES/3243/RUNTESTS/COMROOT/C48_S2SW_7f0277f0/gfsmos.20210319
+ exglobal_cleanup.sh[75]: [[ -d /work2/noaa/global/CI/HERCULES/3243/RUNTESTS/COMROOT/C48_S2SW_7f0277f0/gfsmos.20210319 ]]
++ exglobal_cleanup.sh[52]: date --utc +%Y%m%d%H -d '20210319 06 +6 hours'
+ exglobal_cleanup.sh[52]: (( current_date=2021031912  ))
+ exglobal_cleanup.sh[52]: (( current_date <= last_date ))
+ exglobal_cleanup.sh[54]: current_PDY=20210319
+ exglobal_cleanup.sh[55]: current_cyc=12
+ exglobal_cleanup.sh[56]: rtofs_dir=/work2/noaa/global/CI/HERCULES/3243/RUNTESTS/COMROOT/C48_S2SW_7f0277f0/rtofs.20210319
+ exglobal_cleanup.sh[57]: rocotolog=/work2/noaa/global/CI/HERCULES/3243/RUNTESTS/EXPDIR/C48_S2SW_7f0277f0/logs/2021031912.log
+ exglobal_cleanup.sh[58]: [[ -f /work2/noaa/global/CI/HERCULES/3243/RUNTESTS/EXPDIR/C48_S2SW_7f0277f0/logs/2021031912.log ]]
+ exglobal_cleanup.sh[73]: [[ gfs == \g\f\s ]]
+ exglobal_cleanup.sh[74]: mos_dir=/work2/noaa/global/CI/HERCULES/3243/RUNTESTS/COMROOT/C48_S2SW_7f0277f0/gfsmos.20210319
+ exglobal_cleanup.sh[75]: [[ -d /work2/noaa/global/CI/HERCULES/3243/RUNTESTS/COMROOT/C48_S2SW_7f0277f0/gfsmos.20210319 ]]
++ exglobal_cleanup.sh[52]: date --utc +%Y%m%d%H -d '20210319 12 +6 hours'
+ exglobal_cleanup.sh[52]: (( current_date=2021031918  ))
+ exglobal_cleanup.sh[52]: (( current_date <= last_date ))
+ exglobal_cleanup.sh[54]: current_PDY=20210319
+ exglobal_cleanup.sh[55]: current_cyc=18
+ exglobal_cleanup.sh[56]: rtofs_dir=/work2/noaa/global/CI/HERCULES/3243/RUNTESTS/COMROOT/C48_S2SW_7f0277f0/rtofs.20210319
+ exglobal_cleanup.sh[57]: rocotolog=/work2/noaa/global/CI/HERCULES/3243/RUNTESTS/EXPDIR/C48_S2SW_7f0277f0/logs/2021031918.log
+ exglobal_cleanup.sh[58]: [[ -f /work2/noaa/global/CI/HERCULES/3243/RUNTESTS/EXPDIR/C48_S2SW_7f0277f0/logs/2021031918.log ]]
+ exglobal_cleanup.sh[73]: [[ gfs == \g\f\s ]]
+ exglobal_cleanup.sh[74]: mos_dir=/work2/noaa/global/CI/HERCULES/3243/RUNTESTS/COMROOT/C48_S2SW_7f0277f0/gfsmos.20210319
+ exglobal_cleanup.sh[75]: [[ -d /work2/noaa/global/CI/HERCULES/3243/RUNTESTS/COMROOT/C48_S2SW_7f0277f0/gfsmos.20210319 ]]
++ exglobal_cleanup.sh[52]: date --utc +%Y%m%d%H -d '20210319 18 +6 hours'
+ exglobal_cleanup.sh[52]: (( current_date=2021032000  ))
+ exglobal_cleanup.sh[52]: (( current_date <= last_date ))
+ exglobal_cleanup.sh[54]: current_PDY=20210320
+ exglobal_cleanup.sh[55]: current_cyc=00
+ exglobal_cleanup.sh[56]: rtofs_dir=/work2/noaa/global/CI/HERCULES/3243/RUNTESTS/COMROOT/C48_S2SW_7f0277f0/rtofs.20210320
+ exglobal_cleanup.sh[57]: rocotolog=/work2/noaa/global/CI/HERCULES/3243/RUNTESTS/EXPDIR/C48_S2SW_7f0277f0/logs/2021032000.log
+ exglobal_cleanup.sh[58]: [[ -f /work2/noaa/global/CI/HERCULES/3243/RUNTESTS/EXPDIR/C48_S2SW_7f0277f0/logs/2021032000.log ]]
+ exglobal_cleanup.sh[73]: [[ gfs == \g\f\s ]]
+ exglobal_cleanup.sh[74]: mos_dir=/work2/noaa/global/CI/HERCULES/3243/RUNTESTS/COMROOT/C48_S2SW_7f0277f0/gfsmos.20210320
+ exglobal_cleanup.sh[75]: [[ -d /work2/noaa/global/CI/HERCULES/3243/RUNTESTS/COMROOT/C48_S2SW_7f0277f0/gfsmos.20210320 ]]
++ exglobal_cleanup.sh[52]: date --utc +%Y%m%d%H -d '20210320 00 +6 hours'
+ exglobal_cleanup.sh[52]: (( current_date=2021032006  ))
+ exglobal_cleanup.sh[52]: (( current_date <= last_date ))
+ exglobal_cleanup.sh[54]: current_PDY=20210320
+ exglobal_cleanup.sh[55]: current_cyc=06
+ exglobal_cleanup.sh[56]: rtofs_dir=/work2/noaa/global/CI/HERCULES/3243/RUNTESTS/COMROOT/C48_S2SW_7f0277f0/rtofs.20210320
+ exglobal_cleanup.sh[57]: rocotolog=/work2/noaa/global/CI/HERCULES/3243/RUNTESTS/EXPDIR/C48_S2SW_7f0277f0/logs/2021032006.log
+ exglobal_cleanup.sh[58]: [[ -f /work2/noaa/global/CI/HERCULES/3243/RUNTESTS/EXPDIR/C48_S2SW_7f0277f0/logs/2021032006.log ]]
+ exglobal_cleanup.sh[73]: [[ gfs == \g\f\s ]]
+ exglobal_cleanup.sh[74]: mos_dir=/work2/noaa/global/CI/HERCULES/3243/RUNTESTS/COMROOT/C48_S2SW_7f0277f0/gfsmos.20210320
+ exglobal_cleanup.sh[75]: [[ -d /work2/noaa/global/CI/HERCULES/3243/RUNTESTS/COMROOT/C48_S2SW_7f0277f0/gfsmos.20210320 ]]
++ exglobal_cleanup.sh[52]: date --utc +%Y%m%d%H -d '20210320 06 +6 hours'
+ exglobal_cleanup.sh[52]: (( current_date=2021032012  ))
+ exglobal_cleanup.sh[52]: (( current_date <= last_date ))
+ exglobal_cleanup.sh[54]: current_PDY=20210320
+ exglobal_cleanup.sh[55]: current_cyc=12
+ exglobal_cleanup.sh[56]: rtofs_dir=/work2/noaa/global/CI/HERCULES/3243/RUNTESTS/COMROOT/C48_S2SW_7f0277f0/rtofs.20210320
+ exglobal_cleanup.sh[57]: rocotolog=/work2/noaa/global/CI/HERCULES/3243/RUNTESTS/EXPDIR/C48_S2SW_7f0277f0/logs/2021032012.log
+ exglobal_cleanup.sh[58]: [[ -f /work2/noaa/global/CI/HERCULES/3243/RUNTESTS/EXPDIR/C48_S2SW_7f0277f0/logs/2021032012.log ]]
+ exglobal_cleanup.sh[73]: [[ gfs == \g\f\s ]]
+ exglobal_cleanup.sh[74]: mos_dir=/work2/noaa/global/CI/HERCULES/3243/RUNTESTS/COMROOT/C48_S2SW_7f0277f0/gfsmos.20210320
+ exglobal_cleanup.sh[75]: [[ -d /work2/noaa/global/CI/HERCULES/3243/RUNTESTS/COMROOT/C48_S2SW_7f0277f0/gfsmos.20210320 ]]
++ exglobal_cleanup.sh[52]: date --utc +%Y%m%d%H -d '20210320 12 +6 hours'
+ exglobal_cleanup.sh[52]: (( current_date=2021032018  ))
+ exglobal_cleanup.sh[52]: (( current_date <= last_date ))
+ exglobal_cleanup.sh[54]: current_PDY=20210320
+ exglobal_cleanup.sh[55]: current_cyc=18
+ exglobal_cleanup.sh[56]: rtofs_dir=/work2/noaa/global/CI/HERCULES/3243/RUNTESTS/COMROOT/C48_S2SW_7f0277f0/rtofs.20210320
+ exglobal_cleanup.sh[57]: rocotolog=/work2/noaa/global/CI/HERCULES/3243/RUNTESTS/EXPDIR/C48_S2SW_7f0277f0/logs/2021032018.log
+ exglobal_cleanup.sh[58]: [[ -f /work2/noaa/global/CI/HERCULES/3243/RUNTESTS/EXPDIR/C48_S2SW_7f0277f0/logs/2021032018.log ]]
+ exglobal_cleanup.sh[73]: [[ gfs == \g\f\s ]]
+ exglobal_cleanup.sh[74]: mos_dir=/work2/noaa/global/CI/HERCULES/3243/RUNTESTS/COMROOT/C48_S2SW_7f0277f0/gfsmos.20210320
+ exglobal_cleanup.sh[75]: [[ -d /work2/noaa/global/CI/HERCULES/3243/RUNTESTS/COMROOT/C48_S2SW_7f0277f0/gfsmos.20210320 ]]
++ exglobal_cleanup.sh[52]: date --utc +%Y%m%d%H -d '20210320 18 +6 hours'
+ exglobal_cleanup.sh[52]: (( current_date=2021032100  ))
+ exglobal_cleanup.sh[52]: (( current_date <= last_date ))
+ exglobal_cleanup.sh[54]: current_PDY=20210321
+ exglobal_cleanup.sh[55]: current_cyc=00
+ exglobal_cleanup.sh[56]: rtofs_dir=/work2/noaa/global/CI/HERCULES/3243/RUNTESTS/COMROOT/C48_S2SW_7f0277f0/rtofs.20210321
+ exglobal_cleanup.sh[57]: rocotolog=/work2/noaa/global/CI/HERCULES/3243/RUNTESTS/EXPDIR/C48_S2SW_7f0277f0/logs/2021032100.log
+ exglobal_cleanup.sh[58]: [[ -f /work2/noaa/global/CI/HERCULES/3243/RUNTESTS/EXPDIR/C48_S2SW_7f0277f0/logs/2021032100.log ]]
+ exglobal_cleanup.sh[73]: [[ gfs == \g\f\s ]]
+ exglobal_cleanup.sh[74]: mos_dir=/work2/noaa/global/CI/HERCULES/3243/RUNTESTS/COMROOT/C48_S2SW_7f0277f0/gfsmos.20210321
+ exglobal_cleanup.sh[75]: [[ -d /work2/noaa/global/CI/HERCULES/3243/RUNTESTS/COMROOT/C48_S2SW_7f0277f0/gfsmos.20210321 ]]
++ exglobal_cleanup.sh[52]: date --utc +%Y%m%d%H -d '20210321 00 +6 hours'
+ exglobal_cleanup.sh[52]: (( current_date=2021032106  ))
+ exglobal_cleanup.sh[52]: (( current_date <= last_date ))
+ exglobal_cleanup.sh[54]: current_PDY=20210321
+ exglobal_cleanup.sh[55]: current_cyc=06
+ exglobal_cleanup.sh[56]: rtofs_dir=/work2/noaa/global/CI/HERCULES/3243/RUNTESTS/COMROOT/C48_S2SW_7f0277f0/rtofs.20210321
+ exglobal_cleanup.sh[57]: rocotolog=/work2/noaa/global/CI/HERCULES/3243/RUNTESTS/EXPDIR/C48_S2SW_7f0277f0/logs/2021032106.log
+ exglobal_cleanup.sh[58]: [[ -f /work2/noaa/global/CI/HERCULES/3243/RUNTESTS/EXPDIR/C48_S2SW_7f0277f0/logs/2021032106.log ]]
+ exglobal_cleanup.sh[73]: [[ gfs == \g\f\s ]]
+ exglobal_cleanup.sh[74]: mos_dir=/work2/noaa/global/CI/HERCULES/3243/RUNTESTS/COMROOT/C48_S2SW_7f0277f0/gfsmos.20210321
+ exglobal_cleanup.sh[75]: [[ -d /work2/noaa/global/CI/HERCULES/3243/RUNTESTS/COMROOT/C48_S2SW_7f0277f0/gfsmos.20210321 ]]
++ exglobal_cleanup.sh[52]: date --utc +%Y%m%d%H -d '20210321 06 +6 hours'
+ exglobal_cleanup.sh[52]: (( current_date=2021032112  ))
+ exglobal_cleanup.sh[52]: (( current_date <= last_date ))
+ exglobal_cleanup.sh[54]: current_PDY=20210321
+ exglobal_cleanup.sh[55]: current_cyc=12
+ exglobal_cleanup.sh[56]: rtofs_dir=/work2/noaa/global/CI/HERCULES/3243/RUNTESTS/COMROOT/C48_S2SW_7f0277f0/rtofs.20210321
+ exglobal_cleanup.sh[57]: rocotolog=/work2/noaa/global/CI/HERCULES/3243/RUNTESTS/EXPDIR/C48_S2SW_7f0277f0/logs/2021032112.log
+ exglobal_cleanup.sh[58]: [[ -f /work2/noaa/global/CI/HERCULES/3243/RUNTESTS/EXPDIR/C48_S2SW_7f0277f0/logs/2021032112.log ]]
+ exglobal_cleanup.sh[73]: [[ gfs == \g\f\s ]]
+ exglobal_cleanup.sh[74]: mos_dir=/work2/noaa/global/CI/HERCULES/3243/RUNTESTS/COMROOT/C48_S2SW_7f0277f0/gfsmos.20210321
+ exglobal_cleanup.sh[75]: [[ -d /work2/noaa/global/CI/HERCULES/3243/RUNTESTS/COMROOT/C48_S2SW_7f0277f0/gfsmos.20210321 ]]
++ exglobal_cleanup.sh[52]: date --utc +%Y%m%d%H -d '20210321 12 +6 hours'
+ exglobal_cleanup.sh[52]: (( current_date=2021032118  ))
+ exglobal_cleanup.sh[52]: (( current_date <= last_date ))
+ exglobal_cleanup.sh[54]: current_PDY=20210321
+ exglobal_cleanup.sh[55]: current_cyc=18
+ exglobal_cleanup.sh[56]: rtofs_dir=/work2/noaa/global/CI/HERCULES/3243/RUNTESTS/COMROOT/C48_S2SW_7f0277f0/rtofs.20210321
+ exglobal_cleanup.sh[57]: rocotolog=/work2/noaa/global/CI/HERCULES/3243/RUNTESTS/EXPDIR/C48_S2SW_7f0277f0/logs/2021032118.log
+ exglobal_cleanup.sh[58]: [[ -f /work2/noaa/global/CI/HERCULES/3243/RUNTESTS/EXPDIR/C48_S2SW_7f0277f0/logs/2021032118.log ]]
+ exglobal_cleanup.sh[73]: [[ gfs == \g\f\s ]]
+ exglobal_cleanup.sh[74]: mos_dir=/work2/noaa/global/CI/HERCULES/3243/RUNTESTS/COMROOT/C48_S2SW_7f0277f0/gfsmos.20210321
+ exglobal_cleanup.sh[75]: [[ -d /work2/noaa/global/CI/HERCULES/3243/RUNTESTS/COMROOT/C48_S2SW_7f0277f0/gfsmos.20210321 ]]
++ exglobal_cleanup.sh[52]: date --utc +%Y%m%d%H -d '20210321 18 +6 hours'
+ exglobal_cleanup.sh[52]: (( current_date=2021032200  ))
+ exglobal_cleanup.sh[52]: (( current_date <= last_date ))
+ exglobal_cleanup.sh[54]: current_PDY=20210322
+ exglobal_cleanup.sh[55]: current_cyc=00
+ exglobal_cleanup.sh[56]: rtofs_dir=/work2/noaa/global/CI/HERCULES/3243/RUNTESTS/COMROOT/C48_S2SW_7f0277f0/rtofs.20210322
+ exglobal_cleanup.sh[57]: rocotolog=/work2/noaa/global/CI/HERCULES/3243/RUNTESTS/EXPDIR/C48_S2SW_7f0277f0/logs/2021032200.log
+ exglobal_cleanup.sh[58]: [[ -f /work2/noaa/global/CI/HERCULES/3243/RUNTESTS/EXPDIR/C48_S2SW_7f0277f0/logs/2021032200.log ]]
+ exglobal_cleanup.sh[73]: [[ gfs == \g\f\s ]]
+ exglobal_cleanup.sh[74]: mos_dir=/work2/noaa/global/CI/HERCULES/3243/RUNTESTS/COMROOT/C48_S2SW_7f0277f0/gfsmos.20210322
+ exglobal_cleanup.sh[75]: [[ -d /work2/noaa/global/CI/HERCULES/3243/RUNTESTS/COMROOT/C48_S2SW_7f0277f0/gfsmos.20210322 ]]
++ exglobal_cleanup.sh[52]: date --utc +%Y%m%d%H -d '20210322 00 +6 hours'
+ exglobal_cleanup.sh[52]: (( current_date=2021032206  ))
+ exglobal_cleanup.sh[52]: (( current_date <= last_date ))
+ exglobal_cleanup.sh[54]: current_PDY=20210322
+ exglobal_cleanup.sh[55]: current_cyc=06
+ exglobal_cleanup.sh[56]: rtofs_dir=/work2/noaa/global/CI/HERCULES/3243/RUNTESTS/COMROOT/C48_S2SW_7f0277f0/rtofs.20210322
+ exglobal_cleanup.sh[57]: rocotolog=/work2/noaa/global/CI/HERCULES/3243/RUNTESTS/EXPDIR/C48_S2SW_7f0277f0/logs/2021032206.log
+ exglobal_cleanup.sh[58]: [[ -f /work2/noaa/global/CI/HERCULES/3243/RUNTESTS/EXPDIR/C48_S2SW_7f0277f0/logs/2021032206.log ]]
+ exglobal_cleanup.sh[73]: [[ gfs == \g\f\s ]]
+ exglobal_cleanup.sh[74]: mos_dir=/work2/noaa/global/CI/HERCULES/3243/RUNTESTS/COMROOT/C48_S2SW_7f0277f0/gfsmos.20210322
+ exglobal_cleanup.sh[75]: [[ -d /work2/noaa/global/CI/HERCULES/3243/RUNTESTS/COMROOT/C48_S2SW_7f0277f0/gfsmos.20210322 ]]
++ exglobal_cleanup.sh[52]: date --utc +%Y%m%d%H -d '20210322 06 +6 hours'
+ exglobal_cleanup.sh[52]: (( current_date=2021032212  ))
+ exglobal_cleanup.sh[52]: (( current_date <= last_date ))
+ exglobal_cleanup.sh[54]: current_PDY=20210322
+ exglobal_cleanup.sh[55]: current_cyc=12
+ exglobal_cleanup.sh[56]: rtofs_dir=/work2/noaa/global/CI/HERCULES/3243/RUNTESTS/COMROOT/C48_S2SW_7f0277f0/rtofs.20210322
+ exglobal_cleanup.sh[57]: rocotolog=/work2/noaa/global/CI/HERCULES/3243/RUNTESTS/EXPDIR/C48_S2SW_7f0277f0/logs/2021032212.log
+ exglobal_cleanup.sh[58]: [[ -f /work2/noaa/global/CI/HERCULES/3243/RUNTESTS/EXPDIR/C48_S2SW_7f0277f0/logs/2021032212.log ]]
+ exglobal_cleanup.sh[73]: [[ gfs == \g\f\s ]]
+ exglobal_cleanup.sh[74]: mos_dir=/work2/noaa/global/CI/HERCULES/3243/RUNTESTS/COMROOT/C48_S2SW_7f0277f0/gfsmos.20210322
+ exglobal_cleanup.sh[75]: [[ -d /work2/noaa/global/CI/HERCULES/3243/RUNTESTS/COMROOT/C48_S2SW_7f0277f0/gfsmos.20210322 ]]
++ exglobal_cleanup.sh[52]: date --utc +%Y%m%d%H -d '20210322 12 +6 hours'
+ exglobal_cleanup.sh[52]: (( current_date=2021032218  ))
+ exglobal_cleanup.sh[52]: (( current_date <= last_date ))
+ exglobal_cleanup.sh[84]: [[ gfs == \g\f\s ]]
+ exglobal_cleanup.sh[85]: fhmax=156
++ exglobal_cleanup.sh[86]: date --utc +%Y%m%d%H -d '20210323 12 -156 hours'
+ exglobal_cleanup.sh[86]: RDATE=2021031700
+ exglobal_cleanup.sh[87]: verify_dir=/work2/noaa/global/CI/HERCULES/3243/RUNTESTS/COMROOT/C48_S2SW_7f0277f0/vrfyarch/gfs.20210317
+ exglobal_cleanup.sh[88]: [[ -d /work2/noaa/global/CI/HERCULES/3243/RUNTESTS/COMROOT/C48_S2SW_7f0277f0/vrfyarch/gfs.20210317 ]]
++ exglobal_cleanup.sh[90]: date --utc +%Y%m%d%H -d '20210323 12 -120 hours'
+ exglobal_cleanup.sh[90]: touch_date=2021031812
+ exglobal_cleanup.sh[91]: ((  touch_date < 2021032312  ))
+ exglobal_cleanup.sh[92]: touch_PDY=20210318
+ exglobal_cleanup.sh[93]: touch_cyc=12
+ exglobal_cleanup.sh[94]: touch_dir=/work2/noaa/global/CI/HERCULES/3243/RUNTESTS/COMROOT/C48_S2SW_7f0277f0/vrfyarch/gfs.20210318/12
+ exglobal_cleanup.sh[95]: [[ -d /work2/noaa/global/CI/HERCULES/3243/RUNTESTS/COMROOT/C48_S2SW_7f0277f0/vrfyarch/gfs.20210318/12 ]]
++ exglobal_cleanup.sh[96]: date --utc +%Y%m%d%H -d '20210318 12 +6 hours'
+ exglobal_cleanup.sh[96]: touch_date=2021031818
+ exglobal_cleanup.sh[91]: ((  touch_date < 2021032312  ))
+ exglobal_cleanup.sh[92]: touch_PDY=20210318
+ exglobal_cleanup.sh[93]: touch_cyc=18
+ exglobal_cleanup.sh[94]: touch_dir=/work2/noaa/global/CI/HERCULES/3243/RUNTESTS/COMROOT/C48_S2SW_7f0277f0/vrfyarch/gfs.20210318/18
+ exglobal_cleanup.sh[95]: [[ -d /work2/noaa/global/CI/HERCULES/3243/RUNTESTS/COMROOT/C48_S2SW_7f0277f0/vrfyarch/gfs.20210318/18 ]]
++ exglobal_cleanup.sh[96]: date --utc +%Y%m%d%H -d '20210318 18 +6 hours'
+ exglobal_cleanup.sh[96]: touch_date=2021031900
+ exglobal_cleanup.sh[91]: ((  touch_date < 2021032312  ))
+ exglobal_cleanup.sh[92]: touch_PDY=20210319
+ exglobal_cleanup.sh[93]: touch_cyc=00
+ exglobal_cleanup.sh[94]: touch_dir=/work2/noaa/global/CI/HERCULES/3243/RUNTESTS/COMROOT/C48_S2SW_7f0277f0/vrfyarch/gfs.20210319/00
+ exglobal_cleanup.sh[95]: [[ -d /work2/noaa/global/CI/HERCULES/3243/RUNTESTS/COMROOT/C48_S2SW_7f0277f0/vrfyarch/gfs.20210319/00 ]]
++ exglobal_cleanup.sh[96]: date --utc +%Y%m%d%H -d '20210319 00 +6 hours'
+ exglobal_cleanup.sh[96]: touch_date=2021031906
+ exglobal_cleanup.sh[91]: ((  touch_date < 2021032312  ))
+ exglobal_cleanup.sh[92]: touch_PDY=20210319
+ exglobal_cleanup.sh[93]: touch_cyc=06
+ exglobal_cleanup.sh[94]: touch_dir=/work2/noaa/global/CI/HERCULES/3243/RUNTESTS/COMROOT/C48_S2SW_7f0277f0/vrfyarch/gfs.20210319/06
+ exglobal_cleanup.sh[95]: [[ -d /work2/noaa/global/CI/HERCULES/3243/RUNTESTS/COMROOT/C48_S2SW_7f0277f0/vrfyarch/gfs.20210319/06 ]]
++ exglobal_cleanup.sh[96]: date --utc +%Y%m%d%H -d '20210319 06 +6 hours'
+ exglobal_cleanup.sh[96]: touch_date=2021031912
+ exglobal_cleanup.sh[91]: ((  touch_date < 2021032312  ))
+ exglobal_cleanup.sh[92]: touch_PDY=20210319
+ exglobal_cleanup.sh[93]: touch_cyc=12
+ exglobal_cleanup.sh[94]: touch_dir=/work2/noaa/global/CI/HERCULES/3243/RUNTESTS/COMROOT/C48_S2SW_7f0277f0/vrfyarch/gfs.20210319/12
+ exglobal_cleanup.sh[95]: [[ -d /work2/noaa/global/CI/HERCULES/3243/RUNTESTS/COMROOT/C48_S2SW_7f0277f0/vrfyarch/gfs.20210319/12 ]]
++ exglobal_cleanup.sh[96]: date --utc +%Y%m%d%H -d '20210319 12 +6 hours'
+ exglobal_cleanup.sh[96]: touch_date=2021031918
+ exglobal_cleanup.sh[91]: ((  touch_date < 2021032312  ))
+ exglobal_cleanup.sh[92]: touch_PDY=20210319
+ exglobal_cleanup.sh[93]: touch_cyc=18
+ exglobal_cleanup.sh[94]: touch_dir=/work2/noaa/global/CI/HERCULES/3243/RUNTESTS/COMROOT/C48_S2SW_7f0277f0/vrfyarch/gfs.20210319/18
+ exglobal_cleanup.sh[95]: [[ -d /work2/noaa/global/CI/HERCULES/3243/RUNTESTS/COMROOT/C48_S2SW_7f0277f0/vrfyarch/gfs.20210319/18 ]]
++ exglobal_cleanup.sh[96]: date --utc +%Y%m%d%H -d '20210319 18 +6 hours'
+ exglobal_cleanup.sh[96]: touch_date=2021032000
+ exglobal_cleanup.sh[91]: ((  touch_date < 2021032312  ))
+ exglobal_cleanup.sh[92]: touch_PDY=20210320
+ exglobal_cleanup.sh[93]: touch_cyc=00
+ exglobal_cleanup.sh[94]: touch_dir=/work2/noaa/global/CI/HERCULES/3243/RUNTESTS/COMROOT/C48_S2SW_7f0277f0/vrfyarch/gfs.20210320/00
+ exglobal_cleanup.sh[95]: [[ -d /work2/noaa/global/CI/HERCULES/3243/RUNTESTS/COMROOT/C48_S2SW_7f0277f0/vrfyarch/gfs.20210320/00 ]]
++ exglobal_cleanup.sh[96]: date --utc +%Y%m%d%H -d '20210320 00 +6 hours'
+ exglobal_cleanup.sh[96]: touch_date=2021032006
+ exglobal_cleanup.sh[91]: ((  touch_date < 2021032312  ))
+ exglobal_cleanup.sh[92]: touch_PDY=20210320
+ exglobal_cleanup.sh[93]: touch_cyc=06
+ exglobal_cleanup.sh[94]: touch_dir=/work2/noaa/global/CI/HERCULES/3243/RUNTESTS/COMROOT/C48_S2SW_7f0277f0/vrfyarch/gfs.20210320/06
+ exglobal_cleanup.sh[95]: [[ -d /work2/noaa/global/CI/HERCULES/3243/RUNTESTS/COMROOT/C48_S2SW_7f0277f0/vrfyarch/gfs.20210320/06 ]]
++ exglobal_cleanup.sh[96]: date --utc +%Y%m%d%H -d '20210320 06 +6 hours'
+ exglobal_cleanup.sh[96]: touch_date=2021032012
+ exglobal_cleanup.sh[91]: ((  touch_date < 2021032312  ))
+ exglobal_cleanup.sh[92]: touch_PDY=20210320
+ exglobal_cleanup.sh[93]: touch_cyc=12
+ exglobal_cleanup.sh[94]: touch_dir=/work2/noaa/global/CI/HERCULES/3243/RUNTESTS/COMROOT/C48_S2SW_7f0277f0/vrfyarch/gfs.20210320/12
+ exglobal_cleanup.sh[95]: [[ -d /work2/noaa/global/CI/HERCULES/3243/RUNTESTS/COMROOT/C48_S2SW_7f0277f0/vrfyarch/gfs.20210320/12 ]]
++ exglobal_cleanup.sh[96]: date --utc +%Y%m%d%H -d '20210320 12 +6 hours'
+ exglobal_cleanup.sh[96]: touch_date=2021032018
+ exglobal_cleanup.sh[91]: ((  touch_date < 2021032312  ))
+ exglobal_cleanup.sh[92]: touch_PDY=20210320
+ exglobal_cleanup.sh[93]: touch_cyc=18
+ exglobal_cleanup.sh[94]: touch_dir=/work2/noaa/global/CI/HERCULES/3243/RUNTESTS/COMROOT/C48_S2SW_7f0277f0/vrfyarch/gfs.20210320/18
+ exglobal_cleanup.sh[95]: [[ -d /work2/noaa/global/CI/HERCULES/3243/RUNTESTS/COMROOT/C48_S2SW_7f0277f0/vrfyarch/gfs.20210320/18 ]]
++ exglobal_cleanup.sh[96]: date --utc +%Y%m%d%H -d '20210320 18 +6 hours'
+ exglobal_cleanup.sh[96]: touch_date=2021032100
+ exglobal_cleanup.sh[91]: ((  touch_date < 2021032312  ))
+ exglobal_cleanup.sh[92]: touch_PDY=20210321
+ exglobal_cleanup.sh[93]: touch_cyc=00
+ exglobal_cleanup.sh[94]: touch_dir=/work2/noaa/global/CI/HERCULES/3243/RUNTESTS/COMROOT/C48_S2SW_7f0277f0/vrfyarch/gfs.20210321/00
+ exglobal_cleanup.sh[95]: [[ -d /work2/noaa/global/CI/HERCULES/3243/RUNTESTS/COMROOT/C48_S2SW_7f0277f0/vrfyarch/gfs.20210321/00 ]]
++ exglobal_cleanup.sh[96]: date --utc +%Y%m%d%H -d '20210321 00 +6 hours'
+ exglobal_cleanup.sh[96]: touch_date=2021032106
+ exglobal_cleanup.sh[91]: ((  touch_date < 2021032312  ))
+ exglobal_cleanup.sh[92]: touch_PDY=20210321
+ exglobal_cleanup.sh[93]: touch_cyc=06
+ exglobal_cleanup.sh[94]: touch_dir=/work2/noaa/global/CI/HERCULES/3243/RUNTESTS/COMROOT/C48_S2SW_7f0277f0/vrfyarch/gfs.20210321/06
+ exglobal_cleanup.sh[95]: [[ -d /work2/noaa/global/CI/HERCULES/3243/RUNTESTS/COMROOT/C48_S2SW_7f0277f0/vrfyarch/gfs.20210321/06 ]]
++ exglobal_cleanup.sh[96]: date --utc +%Y%m%d%H -d '20210321 06 +6 hours'
+ exglobal_cleanup.sh[96]: touch_date=2021032112
+ exglobal_cleanup.sh[91]: ((  touch_date < 2021032312  ))
+ exglobal_cleanup.sh[92]: touch_PDY=20210321
+ exglobal_cleanup.sh[93]: touch_cyc=12
+ exglobal_cleanup.sh[94]: touch_dir=/work2/noaa/global/CI/HERCULES/3243/RUNTESTS/COMROOT/C48_S2SW_7f0277f0/vrfyarch/gfs.20210321/12
+ exglobal_cleanup.sh[95]: [[ -d /work2/noaa/global/CI/HERCULES/3243/RUNTESTS/COMROOT/C48_S2SW_7f0277f0/vrfyarch/gfs.20210321/12 ]]
++ exglobal_cleanup.sh[96]: date --utc +%Y%m%d%H -d '20210321 12 +6 hours'
+ exglobal_cleanup.sh[96]: touch_date=2021032118
+ exglobal_cleanup.sh[91]: ((  touch_date < 2021032312  ))
+ exglobal_cleanup.sh[92]: touch_PDY=20210321
+ exglobal_cleanup.sh[93]: touch_cyc=18
+ exglobal_cleanup.sh[94]: touch_dir=/work2/noaa/global/CI/HERCULES/3243/RUNTESTS/COMROOT/C48_S2SW_7f0277f0/vrfyarch/gfs.20210321/18
+ exglobal_cleanup.sh[95]: [[ -d /work2/noaa/global/CI/HERCULES/3243/RUNTESTS/COMROOT/C48_S2SW_7f0277f0/vrfyarch/gfs.20210321/18 ]]
++ exglobal_cleanup.sh[96]: date --utc +%Y%m%d%H -d '20210321 18 +6 hours'
+ exglobal_cleanup.sh[96]: touch_date=2021032200
+ exglobal_cleanup.sh[91]: ((  touch_date < 2021032312  ))
+ exglobal_cleanup.sh[92]: touch_PDY=20210322
+ exglobal_cleanup.sh[93]: touch_cyc=00
+ exglobal_cleanup.sh[94]: touch_dir=/work2/noaa/global/CI/HERCULES/3243/RUNTESTS/COMROOT/C48_S2SW_7f0277f0/vrfyarch/gfs.20210322/00
+ exglobal_cleanup.sh[95]: [[ -d /work2/noaa/global/CI/HERCULES/3243/RUNTESTS/COMROOT/C48_S2SW_7f0277f0/vrfyarch/gfs.20210322/00 ]]
++ exglobal_cleanup.sh[96]: date --utc +%Y%m%d%H -d '20210322 00 +6 hours'
+ exglobal_cleanup.sh[96]: touch_date=2021032206
+ exglobal_cleanup.sh[91]: ((  touch_date < 2021032312  ))
+ exglobal_cleanup.sh[92]: touch_PDY=20210322
+ exglobal_cleanup.sh[93]: touch_cyc=06
+ exglobal_cleanup.sh[94]: touch_dir=/work2/noaa/global/CI/HERCULES/3243/RUNTESTS/COMROOT/C48_S2SW_7f0277f0/vrfyarch/gfs.20210322/06
+ exglobal_cleanup.sh[95]: [[ -d /work2/noaa/global/CI/HERCULES/3243/RUNTESTS/COMROOT/C48_S2SW_7f0277f0/vrfyarch/gfs.20210322/06 ]]
++ exglobal_cleanup.sh[96]: date --utc +%Y%m%d%H -d '20210322 06 +6 hours'
+ exglobal_cleanup.sh[96]: touch_date=2021032212
+ exglobal_cleanup.sh[91]: ((  touch_date < 2021032312  ))
+ exglobal_cleanup.sh[92]: touch_PDY=20210322
+ exglobal_cleanup.sh[93]: touch_cyc=12
+ exglobal_cleanup.sh[94]: touch_dir=/work2/noaa/global/CI/HERCULES/3243/RUNTESTS/COMROOT/C48_S2SW_7f0277f0/vrfyarch/gfs.20210322/12
+ exglobal_cleanup.sh[95]: [[ -d /work2/noaa/global/CI/HERCULES/3243/RUNTESTS/COMROOT/C48_S2SW_7f0277f0/vrfyarch/gfs.20210322/12 ]]
++ exglobal_cleanup.sh[96]: date --utc +%Y%m%d%H -d '20210322 12 +6 hours'
+ exglobal_cleanup.sh[96]: touch_date=2021032218
+ exglobal_cleanup.sh[91]: ((  touch_date < 2021032312  ))
+ exglobal_cleanup.sh[92]: touch_PDY=20210322
+ exglobal_cleanup.sh[93]: touch_cyc=18
+ exglobal_cleanup.sh[94]: touch_dir=/work2/noaa/global/CI/HERCULES/3243/RUNTESTS/COMROOT/C48_S2SW_7f0277f0/vrfyarch/gfs.20210322/18
+ exglobal_cleanup.sh[95]: [[ -d /work2/noaa/global/CI/HERCULES/3243/RUNTESTS/COMROOT/C48_S2SW_7f0277f0/vrfyarch/gfs.20210322/18 ]]
++ exglobal_cleanup.sh[96]: date --utc +%Y%m%d%H -d '20210322 18 +6 hours'
+ exglobal_cleanup.sh[96]: touch_date=2021032300
+ exglobal_cleanup.sh[91]: ((  touch_date < 2021032312  ))
+ exglobal_cleanup.sh[92]: touch_PDY=20210323
+ exglobal_cleanup.sh[93]: touch_cyc=00
+ exglobal_cleanup.sh[94]: touch_dir=/work2/noaa/global/CI/HERCULES/3243/RUNTESTS/COMROOT/C48_S2SW_7f0277f0/vrfyarch/gfs.20210323/00
+ exglobal_cleanup.sh[95]: [[ -d /work2/noaa/global/CI/HERCULES/3243/RUNTESTS/COMROOT/C48_S2SW_7f0277f0/vrfyarch/gfs.20210323/00 ]]
++ exglobal_cleanup.sh[96]: date --utc +%Y%m%d%H -d '20210323 00 +6 hours'
+ exglobal_cleanup.sh[96]: touch_date=2021032306
+ exglobal_cleanup.sh[91]: ((  touch_date < 2021032312  ))
+ exglobal_cleanup.sh[92]: touch_PDY=20210323
+ exglobal_cleanup.sh[93]: touch_cyc=06
+ exglobal_cleanup.sh[94]: touch_dir=/work2/noaa/global/CI/HERCULES/3243/RUNTESTS/COMROOT/C48_S2SW_7f0277f0/vrfyarch/gfs.20210323/06
+ exglobal_cleanup.sh[95]: [[ -d /work2/noaa/global/CI/HERCULES/3243/RUNTESTS/COMROOT/C48_S2SW_7f0277f0/vrfyarch/gfs.20210323/06 ]]
++ exglobal_cleanup.sh[96]: date --utc +%Y%m%d%H -d '20210323 06 +6 hours'
+ exglobal_cleanup.sh[96]: touch_date=2021032312
+ exglobal_cleanup.sh[91]: ((  touch_date < 2021032312  ))
++ exglobal_cleanup.sh[101]: date --utc +%Y%m%d%H -d '20210323 12 -144 hours'
+ exglobal_cleanup.sh[101]: GDATE=2021031712
++ exglobal_cleanup.sh[102]: date --utc +%Y%m%d%H -d '20210323 12 -120 hours'
+ exglobal_cleanup.sh[102]: RDATE=2021031812
+ exglobal_cleanup.sh[103]: ((  GDATE < RDATE  ))
+ exglobal_cleanup.sh[104]: RDATE=2021031712
+ exglobal_cleanup.sh[106]: deletion_target=/work2/noaa/global/CI/HERCULES/3243/RUNTESTS/COMROOT/C48_S2SW_7f0277f0/gfs.20210317
+ exglobal_cleanup.sh[107]: [[ -d /work2/noaa/global/CI/HERCULES/3243/RUNTESTS/COMROOT/C48_S2SW_7f0277f0/gfs.20210317 ]]
+ exglobal_cleanup.sh[110]: sync
+ exglobal_cleanup.sh[110]: sleep 1
+ exglobal_cleanup.sh[118]: rm -rf /work/noaa/stmp/mterry/HERCULES/RUNDIRS/C48_S2SW_7f0277f0/gfs.2021032312
rm: cannot remove '/work/noaa/stmp/mterry/HERCULES/RUNDIRS/C48_S2SW_7f0277f0/gfs.2021032312/wavepostpnt.2763646': Directory not empty
+ exglobal_cleanup.sh[1]: postamble exglobal_cleanup.sh 1738787648 1
+ preamble.sh[70]: set +x
End exglobal_cleanup.sh at 20:34:15 with error code 1 (time elapsed: 00:00:07)
+ JGLOBAL_CLEANUP[1]: postamble JGLOBAL_CLEANUP 1738787637 1
+ preamble.sh[70]: set +x
End JGLOBAL_CLEANUP at 20:34:15 with error code 1 (time elapsed: 00:00:18)
+ cleanup.sh[1]: postamble cleanup.sh 1738787635 1
+ preamble.sh[70]: set +x
End cleanup.sh at 20:34:15 with error code 1 (time elapsed: 00:00:20)
