+ OPTIND=1
+ getopts :j:dv option
+ case "${option}" in
+ BUILD_JOBS=8
+ getopts :j:dv option
+ shift 2
+ CMAKE_OPTS=-DGFS=ON
+ BUILD_TYPE=Release
+ BUILD_JOBS=8
+ BUILD_VERBOSE=
+ ./ufs_utils.fd/build_all.sh
++ uname -s
+ [[ Linux == Darwin ]]
++++ readlink -f -n ./ufs_utils.fd/build_all.sh
+++ dirname /gpfs/f6/drsa-precip3/proj-shared/global/CI/3419/global-workflow/sorc/ufs_utils.fd/build_all.sh
++ cd /gpfs/f6/drsa-precip3/proj-shared/global/CI/3419/global-workflow/sorc/ufs_utils.fd
++ pwd -P
+ readonly DIR_ROOT=/gpfs/f6/drsa-precip3/proj-shared/global/CI/3419/global-workflow/sorc/ufs_utils.fd
+ DIR_ROOT=/gpfs/f6/drsa-precip3/proj-shared/global/CI/3419/global-workflow/sorc/ufs_utils.fd
+ source /gpfs/f6/drsa-precip3/proj-shared/global/CI/3419/global-workflow/sorc/ufs_utils.fd/sorc/machine-setup.sh
++ __ms_function_name=setup__test_function__81355
++ eval 'setup__test_function__81355() { /bin/true ; }'
+++ eval '__text="text" ; if [[ $__text =~ ^(t).* ]] ; then printf "%s" ${.sh.match[1]} ; fi'
+++ cat
++ __ms_ksh_test=
+++ eval 'if ( set | grep setup__test_function__81355 | grep -v name > /dev/null 2>&1 ) ; then echo t ; fi '
+++ cat
++ __ms_bash_test=t
++ [[ ! -z '' ]]
++ [[ ! -z t ]]
++ __ms_shell=bash
++ target=
+++ echo role.glopara
+++ awk '{ print tolower($0)}'
++ USERNAME=role.glopara
++ [[ -d /lfs5 ]]
++ [[ -d /lfs/h1 ]]
++ [[ -d /opt/spack-stack ]]
++ [[ -d /scratch1 ]]
+++ hostname
++ [[ c6n1551 == \g\a\e\a\5* ]]
+++ hostname
++ [[ c6n1551 =~ c5n[0-9]+ ]]
+++ hostname
++ [[ c6n1551 == \g\a\e\a\6* ]]
+++ hostname
++ [[ c6n1551 =~ c6n[0-9]+ ]]
++ [[ -d /gpfs/f6 ]]
++ target=gaeac6
++ source /opt/cray/pe/lmod/8.7.31/init/bash
+++ '[' -z '' ']'
+++ case "$-" in
+++ __lmod_vx=x
+++ '[' -n x ']'
+++ set +x
Shell debugging temporarily silenced: export LMOD_SH_DBG_ON=1 for this output (/opt/cray/pe/lmod/lmod/init/bash)
Shell debugging restarted
+++ unset __lmod_vx
++ unset __ms_shell
++ unset __ms_ksh_test
++ unset __ms_bash_test
++ unset setup__test_function__81355
++ unset __ms_function_name
+ target=gaeac6
+ compiler=intelllvm
+ [[ gaeac6 == \l\i\n\u\x\.\* ]]
+ [[ gaeac6 == \m\a\c\o\s\x\.\* ]]
+ set +x
IntelLLVM not available. Will use Intel Classic.

Lmod is automatically replacing "intel/2023.2.0" with "intel-classic/2023.2.0".

Lmod has detected the following error: The following module(s) are unknown:
"hsi"

Please check the spelling or version number. Also try "module spider ..."
It is also possible your cache file is out-of-date; it may help to try:
  $ module --ignore_cache load "hsi"

Also make sure that all modulefiles written in TCL start with the string
#%Module



