+ source /work2/noaa/global/role-global/GFS_CI_CD/HERCULES/BUILDS/GITLAB/pr_cases_4328_5a190987_6509/global-workflow/dev/ush/load_modules.sh run
++ [[ hxB == *x* ]]
++ set_x=YES
++ [[ NO == \N\O ]]
++ echo 'Loading modules quietly...'
Loading modules quietly...
++ set +x
Running "module reset". Resetting modules to system default. The following $MODULEPATH directories have been removed: /work2/noaa/global/role-global/GFS_CI_CD/HERCULES/BUILDS/GITLAB/pr_cases_4328_5a190987_6509/global-workflow/modulefiles

Currently Loaded Modules:
  1) contrib/0.1                      40) antlr/2.7.7
  2) intel-oneapi-compilers/2024.2.1  41) gsl/2.8
  3) stack-oneapi/2024.2.1            42) nco/5.2.4
  4) intel-oneapi-runtime/2024.2.1    43) bacio/2.4.1
  5) intel-oneapi-mpi/2021.13.1       44) w3emc/2.10.0
  6) stack-intel-oneapi-mpi/2021.13   45) prod_util/2.1.1
  7) gettext/0.21                     46) g2/3.5.1
  8) glibc/2.34                       47) ip/5.1.0
  9) zlib/1.2.13                      48) grib-util/1.4.0
 10) sqlite/3.46.0                    49) g2tmpl/1.13.0
 11) util-linux-uuid/2.40.2           50) gsi-ncdiag/1.1.2
 12) python/3.11.7                    51) crtm-fix/2.4.0.1_emc
 13) stack-python/3.11.7              52) git-lfs/3.1.2
 14) nghttp2/1.63.0                   53) crtm/2.4.0.1
 15) curl/8.10.1                      54) bufr/12.1.0
 16) cmake/3.27.9                     55) py-f90nml/1.4.3
 17) libjpeg/2.1.0                    56) py-certifi/2023.7.22
 18) jasper/2.0.32                    57) py-cftime/1.0.3.4
 19) libpng/1.6.37                    58) py-netcdf4/1.7.1.post2
 20) openjpeg/2.3.1                   59) libyaml/0.2.5
 21) eccodes/2.33.0                   60) py-pyyaml/6.0.2
 22) fftw/3.3.10                      61) py-markupsafe/2.1.3
 23) proj/9.4.1                       62) py-jinja2/3.1.4
 24) udunits/2.2.28                   63) py-pytz/2023.3
 25) cdo/2.4.4                        64) py-tzdata/2023.3
 26) hdf5/1.14.3                      65) py-pandas/2.2.3
 27) snappy/1.2.1                     66) py-six/1.16.0
 28) zstd/1.5.6                       67) py-python-dateutil/2.8.2
 29) c-blosc/1.21.5                   68) py-packaging/24.1
 30) netcdf-c/4.9.2                   69) py-setuptools/69.2.0
 31) netcdf-fortran/4.6.1             70) py-xarray/2024.7.0
 32) parallel-netcdf/1.12.3           71) gw_run.common
 33) parallelio/2.6.2                 72) intel-oneapi-mkl/2023.1.0
 34) python-venv/1.0                  73) g2c/2.1.0
 35) py-mpi4py/4.0.1                  74) wgrib2/3.6.0
 36) openblas/0.3.24                  75) globus-cli/3.35.2
 37) py-numpy/1.26.4                  76) prepobs/1.1.3
 38) py-pip/23.1.2                    77) fit2obs/1.1.10
 39) esmf/8.8.0                       78) gw_run.hercules

 

++ [[ -d /work2/noaa/global/role-global/GFS_CI_CD/HERCULES/BUILDS/GITLAB/pr_cases_4328_5a190987_6509/global-workflow/sorc/wxflow/src ]]
++ PYTHONPATH=/work2/noaa/global/role-global/GFS_CI_CD/HERCULES/BUILDS/GITLAB/pr_cases_4328_5a190987_6509/global-workflow/sorc/wxflow/src:/apps/other/globus-cli-3.35.2:/apps/contrib/spack-stack/spack-stack-1.9.2/envs/ue-oneapi-2024.1.0/install/oneapi/2024.2.1/py-xarray-2024.7.0-zqdypgk/lib/python3.11/site-packages:/apps/contrib/spack-stack/spack-stack-1.9.2/envs/ue-oneapi-2024.1.0/install/oneapi/2024.2.1/py-setuptools-69.2.0-ynxpmlg/lib/python3.11/site-packages:/apps/contrib/spack-stack/spack-stack-1.9.2/envs/ue-oneapi-2024.1.0/install/oneapi/2024.2.1/py-packaging-24.1-bj46aol/lib/python3.11/site-packages:/apps/contrib/spack-stack/spack-stack-1.9.2/envs/ue-oneapi-2024.1.0/install/oneapi/2024.2.1/py-python-dateutil-2.8.2-djl4xww/lib/python3.11/site-packages:/apps/contrib/spack-stack/spack-stack-1.9.2/envs/ue-oneapi-2024.1.0/install/oneapi/2024.2.1/py-six-1.16.0-ai7fjwl/lib/python3.11/site-packages:/apps/contrib/spack-stack/spack-stack-1.9.2/envs/ue-oneapi-2024.1.0/install/oneapi/2024.2.1/py-pandas-2.2.3-rss4qql/lib/python3.11/site-packages:/apps/contrib/spack-stack/spack-stack-1.9.2/envs/ue-oneapi-2024.1.0/install/oneapi/2024.2.1/py-tzdata-2023.3-r2gbrdh/lib/python3.11/site-packages:/apps/contrib/spack-stack/spack-stack-1.9.2/envs/ue-oneapi-2024.1.0/install/oneapi/2024.2.1/py-pytz-2023.3-koqmmzb/lib/python3.11/site-packages:/apps/contrib/spack-stack/spack-stack-1.9.2/envs/ue-oneapi-2024.1.0/install/oneapi/2024.2.1/py-jinja2-3.1.4-dmrnp2q/lib/python3.11/site-packages:/apps/contrib/spack-stack/spack-stack-1.9.2/envs/ue-oneapi-2024.1.0/install/oneapi/2024.2.1/py-markupsafe-2.1.3-7llsigb/lib/python3.11/site-packages:/apps/contrib/spack-stack/spack-stack-1.9.2/envs/ue-oneapi-2024.1.0/install/oneapi/2024.2.1/py-pyyaml-6.0.2-7jbu74a/lib/python3.11/site-packages:/apps/contrib/spack-stack/spack-stack-1.9.2/envs/ue-oneapi-2024.1.0/install/oneapi/2024.2.1/py-netcdf4-1.7.1.post2-yetsjpg/lib/python3.11/site-packages:/apps/contrib/spack-stack/spack-stack-1.9.2/envs/ue-oneapi-2024.1.0/install/oneapi/2024.2.1/py-cftime-1.0.3.4-eh5rwwl/lib/python3.11/site-packages:/apps/contrib/spack-stack/spack-stack-1.9.2/envs/ue-oneapi-2024.1.0/install/oneapi/2024.2.1/py-certifi-2023.7.22-ep5omxi/lib/python3.11/site-packages:/apps/contrib/spack-stack/spack-stack-1.9.2/envs/ue-oneapi-2024.1.0/install/oneapi/2024.2.1/py-f90nml-1.4.3-y7hdyfk/lib/python3.11/site-packages:/apps/contrib/spack-stack/spack-stack-1.9.2/envs/ue-oneapi-2024.1.0/install/oneapi/2024.2.1/bufr-12.1.0-ljs27rm/lib64/python3.11/site-packages:/apps/contrib/spack-stack/spack-stack-1.9.2/envs/ue-oneapi-2024.1.0/install/oneapi/2024.2.1/esmf-8.8.0-7dq2lwn/lib/python3.11/site-packages:/apps/contrib/spack-stack/spack-stack-1.9.2/envs/ue-oneapi-2024.1.0/install/oneapi/2024.2.1/py-pip-23.1.2-ycc4dhx/lib/python3.11/site-packages:/apps/contrib/spack-stack/spack-stack-1.9.2/envs/ue-oneapi-2024.1.0/install/oneapi/2024.2.1/py-numpy-1.26.4-dxojjlt/lib/python3.11/site-packages:/apps/contrib/spack-stack/spack-stack-1.9.2/envs/ue-oneapi-2024.1.0/install/oneapi/2024.2.1/py-mpi4py-4.0.1-xeczw4v/lib/python3.11/site-packages:/apps/contrib/spack-stack/spack-stack-1.9.2/envs/ue-oneapi-2024.1.0/install/oneapi/2024.2.1/python-venv-1.0-czuofvu/lib/python3.11/site-packages:/work2/noaa/global/role-global/GFS_CI_CD/HERCULES/BUILDS/GITLAB/pr_cases_4328_5a190987_6509/global-workflow/sorc/wxflow/src:/home/role-global/.local/lib/python3.11/site-packages
++ PYTHONPATH=/work2/noaa/global/role-global/GFS_CI_CD/HERCULES/BUILDS/GITLAB/pr_cases_4328_5a190987_6509/global-workflow/sorc/wxflow/src:/apps/other/globus-cli-3.35.2:/apps/contrib/spack-stack/spack-stack-1.9.2/envs/ue-oneapi-2024.1.0/install/oneapi/2024.2.1/py-xarray-2024.7.0-zqdypgk/lib/python3.11/site-packages:/apps/contrib/spack-stack/spack-stack-1.9.2/envs/ue-oneapi-2024.1.0/install/oneapi/2024.2.1/py-setuptools-69.2.0-ynxpmlg/lib/python3.11/site-packages:/apps/contrib/spack-stack/spack-stack-1.9.2/envs/ue-oneapi-2024.1.0/install/oneapi/2024.2.1/py-packaging-24.1-bj46aol/lib/python3.11/site-packages:/apps/contrib/spack-stack/spack-stack-1.9.2/envs/ue-oneapi-2024.1.0/install/oneapi/2024.2.1/py-python-dateutil-2.8.2-djl4xww/lib/python3.11/site-packages:/apps/contrib/spack-stack/spack-stack-1.9.2/envs/ue-oneapi-2024.1.0/install/oneapi/2024.2.1/py-six-1.16.0-ai7fjwl/lib/python3.11/site-packages:/apps/contrib/spack-stack/spack-stack-1.9.2/envs/ue-oneapi-2024.1.0/install/oneapi/2024.2.1/py-pandas-2.2.3-rss4qql/lib/python3.11/site-packages:/apps/contrib/spack-stack/spack-stack-1.9.2/envs/ue-oneapi-2024.1.0/install/oneapi/2024.2.1/py-tzdata-2023.3-r2gbrdh/lib/python3.11/site-packages:/apps/contrib/spack-stack/spack-stack-1.9.2/envs/ue-oneapi-2024.1.0/install/oneapi/2024.2.1/py-pytz-2023.3-koqmmzb/lib/python3.11/site-packages:/apps/contrib/spack-stack/spack-stack-1.9.2/envs/ue-oneapi-2024.1.0/install/oneapi/2024.2.1/py-jinja2-3.1.4-dmrnp2q/lib/python3.11/site-packages:/apps/contrib/spack-stack/spack-stack-1.9.2/envs/ue-oneapi-2024.1.0/install/oneapi/2024.2.1/py-markupsafe-2.1.3-7llsigb/lib/python3.11/site-packages:/apps/contrib/spack-stack/spack-stack-1.9.2/envs/ue-oneapi-2024.1.0/install/oneapi/2024.2.1/py-pyyaml-6.0.2-7jbu74a/lib/python3.11/site-packages:/apps/contrib/spack-stack/spack-stack-1.9.2/envs/ue-oneapi-2024.1.0/install/oneapi/2024.2.1/py-netcdf4-1.7.1.post2-yetsjpg/lib/python3.11/site-packages:/apps/contrib/spack-stack/spack-stack-1.9.2/envs/ue-oneapi-2024.1.0/install/oneapi/2024.2.1/py-cftime-1.0.3.4-eh5rwwl/lib/python3.11/site-packages:/apps/contrib/spack-stack/spack-stack-1.9.2/envs/ue-oneapi-2024.1.0/install/oneapi/2024.2.1/py-certifi-2023.7.22-ep5omxi/lib/python3.11/site-packages:/apps/contrib/spack-stack/spack-stack-1.9.2/envs/ue-oneapi-2024.1.0/install/oneapi/2024.2.1/py-f90nml-1.4.3-y7hdyfk/lib/python3.11/site-packages:/apps/contrib/spack-stack/spack-stack-1.9.2/envs/ue-oneapi-2024.1.0/install/oneapi/2024.2.1/bufr-12.1.0-ljs27rm/lib64/python3.11/site-packages:/apps/contrib/spack-stack/spack-stack-1.9.2/envs/ue-oneapi-2024.1.0/install/oneapi/2024.2.1/esmf-8.8.0-7dq2lwn/lib/python3.11/site-packages:/apps/contrib/spack-stack/spack-stack-1.9.2/envs/ue-oneapi-2024.1.0/install/oneapi/2024.2.1/py-pip-23.1.2-ycc4dhx/lib/python3.11/site-packages:/apps/contrib/spack-stack/spack-stack-1.9.2/envs/ue-oneapi-2024.1.0/install/oneapi/2024.2.1/py-numpy-1.26.4-dxojjlt/lib/python3.11/site-packages:/apps/contrib/spack-stack/spack-stack-1.9.2/envs/ue-oneapi-2024.1.0/install/oneapi/2024.2.1/py-mpi4py-4.0.1-xeczw4v/lib/python3.11/site-packages:/apps/contrib/spack-stack/spack-stack-1.9.2/envs/ue-oneapi-2024.1.0/install/oneapi/2024.2.1/python-venv-1.0-czuofvu/lib/python3.11/site-packages:/work2/noaa/global/role-global/GFS_CI_CD/HERCULES/BUILDS/GITLAB/pr_cases_4328_5a190987_6509/global-workflow/sorc/wxflow/src:/home/role-global/.local/lib/python3.11/site-packages:/work2/noaa/global/role-global/GFS_CI_CD/HERCULES/BUILDS/GITLAB/pr_cases_4328_5a190987_6509/global-workflow/ush/python
++ export PYTHONPATH
++ ulimit -S -s 16384
++ unset ulimit_s
++ [[ NO == \Y\E\S ]]
+ status=0
+ (( status != 0 ))
+ export job=atmos_products
+ job=atmos_products
+ IFS=', '
+ read -r -a fhr_list
+ export FORECAST_HOUR jobid
+ for FORECAST_HOUR in "${fhr_list[@]}"
++ printf %03d 0
+ fhr3=000
+ jobid=atmos_products_f000.2754205
+ /work2/noaa/global/role-global/GFS_CI_CD/HERCULES/BUILDS/GITLAB/pr_cases_4328_5a190987_6509/global-workflow/dev/jobs/JGLOBAL_ATMOS_PRODUCTS
Begin /work2/noaa/global/role-global/GFS_CI_CD/HERCULES/BUILDS/GITLAB/pr_cases_4328_5a190987_6509/global-workflow/dev/jobs/JGLOBAL_ATMOS_PRODUCTS at 21:32:13
++ jjob_header.sh[46]OPTIND=1
++ jjob_header.sh[47]getopts c:e: option
++ jjob_header.sh[48]case "${option}" in
++ jjob_header.sh[50]env_job=atmos_products
++ jjob_header.sh[47]getopts c:e: option
++ jjob_header.sh[48]case "${option}" in
++ jjob_header.sh[49]read -ra configs
++ jjob_header.sh[47]getopts c:e: option
++ jjob_header.sh[61]shift 4
++ jjob_header.sh[63][[ -z atmos_products ]]
++ jjob_header.sh[71]export DATA=/work2/noaa/global/role-global/stmp/HERCULES/RUNDIRS/C48_S2SWA_gefs_5a190987-6509/gefs.2021032312/atmos_products_f000.2754205
++ jjob_header.sh[71]DATA=/work2/noaa/global/role-global/stmp/HERCULES/RUNDIRS/C48_S2SWA_gefs_5a190987-6509/gefs.2021032312/atmos_products_f000.2754205
++ jjob_header.sh[72][[ YES == \Y\E\S ]]
++ jjob_header.sh[73]rm -rf /work2/noaa/global/role-global/stmp/HERCULES/RUNDIRS/C48_S2SWA_gefs_5a190987-6509/gefs.2021032312/atmos_products_f000.2754205
++ jjob_header.sh[75]mkdir -p /work2/noaa/global/role-global/stmp/HERCULES/RUNDIRS/C48_S2SWA_gefs_5a190987-6509/gefs.2021032312/atmos_products_f000.2754205
++ jjob_header.sh[76]cd /work2/noaa/global/role-global/stmp/HERCULES/RUNDIRS/C48_S2SWA_gefs_5a190987-6509/gefs.2021032312/atmos_products_f000.2754205
++ jjob_header.sh[84]export pid=2754264
++ jjob_header.sh[84]pid=2754264
++ jjob_header.sh[85]export pgmout=OUTPUT.2754264
++ jjob_header.sh[85]pgmout=OUTPUT.2754264
++ jjob_header.sh[86]export pgmerr=errfile
++ jjob_header.sh[86]pgmerr=errfile
++ jjob_header.sh[89]export pgm=
++ jjob_header.sh[89]pgm=
++ jjob_header.sh[94]export cycle=t12z
++ jjob_header.sh[94]cycle=t12z
++ jjob_header.sh[95]setpdy.sh
+ setpdy.sh[20]'[' /work2/noaa/global/role-global/stmp/HERCULES/RUNDIRS/C48_S2SWA_gefs_5a190987-6509/gefs.2021032312/atmos_products_f000.2754205 == /home/role-global ']'
+ setpdy.sh[25][[ ! t12z =~ t??z ]]
+ setpdy.sh[30]case $# in
+ setpdy.sh[31]dates_before_PDY=7
+ setpdy.sh[32]dates_after_PDY=7
+ setpdy.sh[50]COMDATEROOT=/work2/noaa/global/role-global/GFS_CI_CD/HERCULES/BUILDS/GITLAB/pr_cases_4328_5a190987_6509/RUNTESTS/COMROOT
+ setpdy.sh[53]'[' -z 20210323 ']'
+ setpdy.sh[57]sed 's/[0-9]\{8\}/20210323/' /work2/noaa/global/role-global/GFS_CI_CD/HERCULES/BUILDS/GITLAB/pr_cases_4328_5a190987_6509/RUNTESTS/COMROOT/date/t12z
sed: can't read /work2/noaa/global/role-global/GFS_CI_CD/HERCULES/BUILDS/GITLAB/pr_cases_4328_5a190987_6509/RUNTESTS/COMROOT/date/t12z: No such file or directory
++ jjob_header.sh[95]true
++ jjob_header.sh[96]source ./PDY
/work2/noaa/global/role-global/GFS_CI_CD/HERCULES/BUILDS/GITLAB/pr_cases_4328_5a190987_6509/global-workflow/ush/jjob_header.sh: line 96: ./PDY: No such file or directory
++ jjob_header.sh[96]true
++ jjob_header.sh[101]export EXPDIR=/work2/noaa/global/role-global/GFS_CI_CD/HERCULES/BUILDS/GITLAB/pr_cases_4328_5a190987_6509/RUNTESTS/EXPDIR/C48_S2SWA_gefs_5a190987-6509
++ jjob_header.sh[101]EXPDIR=/work2/noaa/global/role-global/GFS_CI_CD/HERCULES/BUILDS/GITLAB/pr_cases_4328_5a190987_6509/RUNTESTS/EXPDIR/C48_S2SWA_gefs_5a190987-6509
++ jjob_header.sh[102]for config in "${configs[@]:-''}"
++ jjob_header.sh[103]source /work2/noaa/global/role-global/GFS_CI_CD/HERCULES/BUILDS/GITLAB/pr_cases_4328_5a190987_6509/RUNTESTS/EXPDIR/C48_S2SWA_gefs_5a190987-6509/config.base
+++ config.base[6]echo 'BEGIN: config.base'
BEGIN: config.base
+++ config.base[9]export machine=HERCULES
+++ config.base[9]machine=HERCULES
+++ config.base[12]export RUN_ENVIR=emc
+++ config.base[12]RUN_ENVIR=emc
+++ config.base[15]export ACCOUNT=fv3-cpu
+++ config.base[15]ACCOUNT=fv3-cpu
+++ config.base[16]export QUEUE=batch
+++ config.base[16]QUEUE=batch
+++ config.base[17]export QUEUE_SERVICE=batch
+++ config.base[17]QUEUE_SERVICE=batch
+++ config.base[18]export QUEUE_DTN=batch
+++ config.base[18]QUEUE_DTN=batch
+++ config.base[19]export PARTITION_BATCH=hercules
+++ config.base[19]PARTITION_BATCH=hercules
+++ config.base[20]export PARTITION_SERVICE=service
+++ config.base[20]PARTITION_SERVICE=service
+++ config.base[21]export PARTITION_DTN=
+++ config.base[21]PARTITION_DTN=
+++ config.base[22]export RESERVATION=
+++ config.base[22]RESERVATION=
+++ config.base[23]export CLUSTERS=
+++ config.base[23]CLUSTERS=
+++ config.base[24]export CLUSTERS_SERVICE=
+++ config.base[24]CLUSTERS_SERVICE=
+++ config.base[25]export CLUSTERS_DTN=
+++ config.base[25]CLUSTERS_DTN=
+++ config.base[28]export HPSS_PROJECT=emc-global
+++ config.base[28]HPSS_PROJECT=emc-global
+++ config.base[31]export HOMEgfs=/work2/noaa/global/role-global/GFS_CI_CD/HERCULES/BUILDS/GITLAB/pr_cases_4328_5a190987_6509/global-workflow
+++ config.base[31]HOMEgfs=/work2/noaa/global/role-global/GFS_CI_CD/HERCULES/BUILDS/GITLAB/pr_cases_4328_5a190987_6509/global-workflow
+++ config.base[32]export EXECgfs=/work2/noaa/global/role-global/GFS_CI_CD/HERCULES/BUILDS/GITLAB/pr_cases_4328_5a190987_6509/global-workflow/exec
+++ config.base[32]EXECgfs=/work2/noaa/global/role-global/GFS_CI_CD/HERCULES/BUILDS/GITLAB/pr_cases_4328_5a190987_6509/global-workflow/exec
+++ config.base[33]export FIXgfs=/work2/noaa/global/role-global/GFS_CI_CD/HERCULES/BUILDS/GITLAB/pr_cases_4328_5a190987_6509/global-workflow/fix
+++ config.base[33]FIXgfs=/work2/noaa/global/role-global/GFS_CI_CD/HERCULES/BUILDS/GITLAB/pr_cases_4328_5a190987_6509/global-workflow/fix
+++ config.base[34]export PARMgfs=/work2/noaa/global/role-global/GFS_CI_CD/HERCULES/BUILDS/GITLAB/pr_cases_4328_5a190987_6509/global-workflow/parm
+++ config.base[34]PARMgfs=/work2/noaa/global/role-global/GFS_CI_CD/HERCULES/BUILDS/GITLAB/pr_cases_4328_5a190987_6509/global-workflow/parm
+++ config.base[35]export SCRgfs=/work2/noaa/global/role-global/GFS_CI_CD/HERCULES/BUILDS/GITLAB/pr_cases_4328_5a190987_6509/global-workflow/scripts
+++ config.base[35]SCRgfs=/work2/noaa/global/role-global/GFS_CI_CD/HERCULES/BUILDS/GITLAB/pr_cases_4328_5a190987_6509/global-workflow/scripts
+++ config.base[36]export USHgfs=/work2/noaa/global/role-global/GFS_CI_CD/HERCULES/BUILDS/GITLAB/pr_cases_4328_5a190987_6509/global-workflow/ush
+++ config.base[36]USHgfs=/work2/noaa/global/role-global/GFS_CI_CD/HERCULES/BUILDS/GITLAB/pr_cases_4328_5a190987_6509/global-workflow/ush
+++ config.base[37]export FIXorog=/work2/noaa/global/role-global/GFS_CI_CD/HERCULES/BUILDS/GITLAB/pr_cases_4328_5a190987_6509/global-workflow/fix/orog
+++ config.base[37]FIXorog=/work2/noaa/global/role-global/GFS_CI_CD/HERCULES/BUILDS/GITLAB/pr_cases_4328_5a190987_6509/global-workflow/fix/orog
+++ config.base[38]export FIXugwd=/work2/noaa/global/role-global/GFS_CI_CD/HERCULES/BUILDS/GITLAB/pr_cases_4328_5a190987_6509/global-workflow/fix/ugwd
+++ config.base[38]FIXugwd=/work2/noaa/global/role-global/GFS_CI_CD/HERCULES/BUILDS/GITLAB/pr_cases_4328_5a190987_6509/global-workflow/fix/ugwd
+++ config.base[43]export PACKAGEROOT=/work2/noaa/global/role-global/nwpara
+++ config.base[43]PACKAGEROOT=/work2/noaa/global/role-global/nwpara
+++ config.base[44]export COMROOT=/work2/noaa/global/role-global/GFS_CI_CD/HERCULES/BUILDS/GITLAB/pr_cases_4328_5a190987_6509/RUNTESTS/COMROOT
+++ config.base[44]COMROOT=/work2/noaa/global/role-global/GFS_CI_CD/HERCULES/BUILDS/GITLAB/pr_cases_4328_5a190987_6509/RUNTESTS/COMROOT
+++ config.base[45]export COMINsyn=/work2/noaa/global/role-global/com/gfs/prod/syndat
+++ config.base[45]COMINsyn=/work2/noaa/global/role-global/com/gfs/prod/syndat
+++ config.base[48]export HOMEDIR=/work2/noaa/global/role-global
+++ config.base[48]HOMEDIR=/work2/noaa/global/role-global
+++ config.base[49]export STMP=/work2/noaa/global/role-global/stmp/HERCULES
+++ config.base[49]STMP=/work2/noaa/global/role-global/stmp/HERCULES
+++ config.base[50]export PTMP=/work2/noaa/stmp/role-global/HERCULES
+++ config.base[50]PTMP=/work2/noaa/stmp/role-global/HERCULES
+++ config.base[51]export NOSCRUB=/work2/noaa/global/role-global
+++ config.base[51]NOSCRUB=/work2/noaa/global/role-global
+++ config.base[54]export BASE_GIT=/work2/noaa/global/role-global/git
+++ config.base[54]BASE_GIT=/work2/noaa/global/role-global/git
+++ config.base[57]export BASE_DATA=/work2/noaa/global/role-global/data
+++ config.base[57]BASE_DATA=/work2/noaa/global/role-global/data
+++ config.base[60]export DO_BUFRSND=NO
+++ config.base[60]DO_BUFRSND=NO
+++ config.base[61]export DO_GEMPAK=NO
+++ config.base[61]DO_GEMPAK=NO
+++ config.base[62]export DO_AWIPS=NO
+++ config.base[62]DO_AWIPS=NO
+++ config.base[65]export MODE=forecast-only
+++ config.base[65]MODE=forecast-only
+++ config.base[66]export DO_TEST_MODE=NO
+++ config.base[66]DO_TEST_MODE=NO
+++ config.base[67]export GEFSTYPE=gefs-offline
+++ config.base[67]GEFSTYPE=gefs-offline
+++ config.base[75]export HOMEpost=/work2/noaa/global/role-global/GFS_CI_CD/HERCULES/BUILDS/GITLAB/pr_cases_4328_5a190987_6509/global-workflow
+++ config.base[75]HOMEpost=/work2/noaa/global/role-global/GFS_CI_CD/HERCULES/BUILDS/GITLAB/pr_cases_4328_5a190987_6509/global-workflow
+++ config.base[78]export NMV=/bin/mv
+++ config.base[78]NMV=/bin/mv
+++ config.base[79]export 'NLN=/bin/ln -sf'
+++ config.base[79]NLN='/bin/ln -sf'
+++ config.base[80]export VERBOSE=YES
+++ config.base[80]VERBOSE=YES
+++ config.base[81]export KEEPDATA=NO
+++ config.base[81]KEEPDATA=NO
+++ config.base[82]export DEBUG_POSTSCRIPT=NO
+++ config.base[82]DEBUG_POSTSCRIPT=NO
+++ config.base[83]export CHGRP_RSTPROD=YES
+++ config.base[83]CHGRP_RSTPROD=YES
+++ config.base[84]export 'CHGRP_CMD=chgrp rstprod'
+++ config.base[84]CHGRP_CMD='chgrp rstprod'
+++ config.base[85]export NCDUMP=/apps/contrib/spack-stack/spack-stack-1.9.2/envs/ue-oneapi-2024.1.0/install/oneapi/2024.2.1/netcdf-c-4.9.2-c733f57/bin/ncdump
+++ config.base[85]NCDUMP=/apps/contrib/spack-stack/spack-stack-1.9.2/envs/ue-oneapi-2024.1.0/install/oneapi/2024.2.1/netcdf-c-4.9.2-c733f57/bin/ncdump
+++ config.base[86]export NCLEN=/work2/noaa/global/role-global/GFS_CI_CD/HERCULES/BUILDS/GITLAB/pr_cases_4328_5a190987_6509/global-workflow/ush/getncdimlen
+++ config.base[86]NCLEN=/work2/noaa/global/role-global/GFS_CI_CD/HERCULES/BUILDS/GITLAB/pr_cases_4328_5a190987_6509/global-workflow/ush/getncdimlen
+++ config.base[89]export BASE_ENV=/work2/noaa/global/role-global/GFS_CI_CD/HERCULES/BUILDS/GITLAB/pr_cases_4328_5a190987_6509/global-workflow/env
+++ config.base[89]BASE_ENV=/work2/noaa/global/role-global/GFS_CI_CD/HERCULES/BUILDS/GITLAB/pr_cases_4328_5a190987_6509/global-workflow/env
+++ config.base[92]export SDATE=2021032312
+++ config.base[92]SDATE=2021032312
+++ config.base[93]export EDATE=2021032312
+++ config.base[93]EDATE=2021032312
+++ config.base[94]export EXP_WARM_START=.false.
+++ config.base[94]EXP_WARM_START=.false.
+++ config.base[95]export assim_freq=6
+++ config.base[95]assim_freq=6
+++ config.base[96]export PSLOT=C48_S2SWA_gefs_5a190987-6509
+++ config.base[96]PSLOT=C48_S2SWA_gefs_5a190987-6509
+++ config.base[97]export EXPDIR=/work2/noaa/global/role-global/GFS_CI_CD/HERCULES/BUILDS/GITLAB/pr_cases_4328_5a190987_6509/RUNTESTS/EXPDIR/C48_S2SWA_gefs_5a190987-6509
+++ config.base[97]EXPDIR=/work2/noaa/global/role-global/GFS_CI_CD/HERCULES/BUILDS/GITLAB/pr_cases_4328_5a190987_6509/RUNTESTS/EXPDIR/C48_S2SWA_gefs_5a190987-6509
+++ config.base[98]export ROTDIR=/work2/noaa/global/role-global/GFS_CI_CD/HERCULES/BUILDS/GITLAB/pr_cases_4328_5a190987_6509/RUNTESTS/COMROOT/C48_S2SWA_gefs_5a190987-6509
+++ config.base[98]ROTDIR=/work2/noaa/global/role-global/GFS_CI_CD/HERCULES/BUILDS/GITLAB/pr_cases_4328_5a190987_6509/RUNTESTS/COMROOT/C48_S2SWA_gefs_5a190987-6509
+++ config.base[100]export ARCDIR=/work2/noaa/global/role-global/archive/C48_S2SWA_gefs_5a190987-6509
+++ config.base[100]ARCDIR=/work2/noaa/global/role-global/archive/C48_S2SWA_gefs_5a190987-6509
+++ config.base[101]export ATARDIR=/NCEPDEV/emc-global/1year/role-global/HERCULES/scratch/C48_S2SWA_gefs_5a190987-6509
+++ config.base[101]ATARDIR=/NCEPDEV/emc-global/1year/role-global/HERCULES/scratch/C48_S2SWA_gefs_5a190987-6509
+++ config.base[102]export 'FETCHDIR={{ FETCHDIR }}'
+++ config.base[102]FETCHDIR='{{ FETCHDIR }}'
+++ config.base[105]export envir=prod
+++ config.base[105]envir=prod
+++ config.base[106]export NET=gefs
+++ config.base[106]NET=gefs
+++ config.base[107]export RUN=gefs
+++ config.base[107]RUN=gefs
+++ config.base[110]source /work2/noaa/global/role-global/GFS_CI_CD/HERCULES/BUILDS/GITLAB/pr_cases_4328_5a190987_6509/RUNTESTS/EXPDIR/C48_S2SWA_gefs_5a190987-6509/config.com
++++ config.com[4]echo 'BEGIN: config.com'
BEGIN: config.com
++++ config.com[38][[ emc == \n\c\o ]]
++++ config.com[44]COM_OBSPROC_TMPL='${DMPDIR}/${RUN}${DUMP_SUFFIX}.${YMD}/${HH}/atmos'
++++ config.com[45]COM_OBSFORGE_TMPL='${IODADIR}/${RUN}${DUMP_SUFFIX}.${YMD}/${HH}'
++++ config.com[46]COM_RTOFS_TMPL='${DMPDIR}'
++++ config.com[47]COM_TCVITAL_TMPL='${DMPDIR}/${RUN}.${YMD}/${HH}/atmos'
++++ config.com[49]declare -rx 'COM_OBS_TMPL=${ROTDIR}/${RUN}.${YMD}/${HH}/obs'
++++ config.com[50]declare -rx COM_OBSPROC_TMPL COM_RTOFS_TMPL COM_OBSFORGE_TMPL
++++ config.com[52]COM_BASE='${ROTDIR}/${RUN}.${YMD}/${HH}/${MEMDIR}'
++++ config.com[54]declare -rx 'COM_TOP_TMPL=${ROTDIR}/${RUN}.${YMD}/${HH}'
++++ config.com[56]declare -rx 'COM_CONF_TMPL=${ROTDIR}/${RUN}.${YMD}/${HH}/${MEMDIR}/conf'
++++ config.com[58]declare -rx 'COM_ATMOS_INPUT_TMPL=${ROTDIR}/${RUN}.${YMD}/${HH}/${MEMDIR}/model/atmos/input'
++++ config.com[59]declare -rx 'COM_ATMOS_RESTART_TMPL=${ROTDIR}/${RUN}.${YMD}/${HH}/${MEMDIR}/model/atmos/restart'
++++ config.com[60]declare -rx 'COM_ATMOS_ANALYSIS_TMPL=${ROTDIR}/${RUN}.${YMD}/${HH}/${MEMDIR}/analysis/atmos'
++++ config.com[61]declare -rx 'COM_SNOW_ANALYSIS_TMPL=${ROTDIR}/${RUN}.${YMD}/${HH}/${MEMDIR}/analysis/snow'
++++ config.com[62]declare -rx 'COM_SNOW_ANLMON_TMPL=${ROTDIR}/${RUN}.${YMD}/${HH}/${MEMDIR}/products/snow/anlmon'
++++ config.com[63]declare -rx 'COM_ATMOS_HISTORY_TMPL=${ROTDIR}/${RUN}.${YMD}/${HH}/${MEMDIR}/model/atmos/history'
++++ config.com[64]declare -rx 'COM_ATMOS_MASTER_TMPL=${ROTDIR}/${RUN}.${YMD}/${HH}/${MEMDIR}/model/atmos/master'
++++ config.com[65]declare -rx 'COM_ATMOS_GRIB_TMPL=${ROTDIR}/${RUN}.${YMD}/${HH}/${MEMDIR}/products/atmos/grib2'
++++ config.com[66]declare -rx 'COM_ATMOS_GRIB_GRID_TMPL=${ROTDIR}/${RUN}.${YMD}/${HH}/${MEMDIR}/products/atmos/grib2/${GRID}'
++++ config.com[67]declare -rx 'COM_ATMOS_BUFR_TMPL=${ROTDIR}/${RUN}.${YMD}/${HH}/${MEMDIR}/products/atmos/bufr'
++++ config.com[68]declare -rx 'COM_ATMOS_GEMPAK_TMPL=${ROTDIR}/${RUN}.${YMD}/${HH}/${MEMDIR}/products/atmos/gempak/${GRID}'
++++ config.com[69]declare -rx 'COM_ATMOS_GENESIS_TMPL=${ROTDIR}/${RUN}.${YMD}/${HH}/${MEMDIR}/products/atmos/cyclone/genesis_vital'
++++ config.com[70]declare -rx 'COM_ATMOS_TRACK_TMPL=${ROTDIR}/${RUN}.${YMD}/${HH}/${MEMDIR}/products/atmos/cyclone/tracks'
++++ config.com[71]declare -rx 'COM_ATMOS_GOES_TMPL=${ROTDIR}/${RUN}.${YMD}/${HH}/${MEMDIR}/products/atmos/goes_sim'
++++ config.com[72]declare -rx 'COM_ATMOS_IMAGERY_TMPL=${ROTDIR}/${RUN}.${YMD}/${HH}/${MEMDIR}/products/atmos/imagery'
++++ config.com[73]declare -rx 'COM_ATMOS_OZNMON_TMPL=${ROTDIR}/${RUN}.${YMD}/${HH}/${MEMDIR}/products/atmos/oznmon'
++++ config.com[74]declare -rx 'COM_ATMOS_RADMON_TMPL=${ROTDIR}/${RUN}.${YMD}/${HH}/${MEMDIR}/products/atmos/radmon'
++++ config.com[75]declare -rx 'COM_ATMOS_MINMON_TMPL=${ROTDIR}/${RUN}.${YMD}/${HH}/${MEMDIR}/products/atmos/minmon'
++++ config.com[76]declare -rx 'COM_ATMOS_ANLMON_TMPL=${ROTDIR}/${RUN}.${YMD}/${HH}/${MEMDIR}/products/atmos/anlmon'
++++ config.com[77]declare -rx 'COM_ATMOS_WMO_TMPL=${ROTDIR}/${RUN}.${YMD}/${HH}/${MEMDIR}/products/atmos/wmo'
++++ config.com[79]declare -rx 'COM_WAVE_RESTART_TMPL=${ROTDIR}/${RUN}.${YMD}/${HH}/${MEMDIR}/model/wave/restart'
++++ config.com[80]declare -rx 'COM_WAVE_PREP_TMPL=${ROTDIR}/${RUN}.${YMD}/${HH}/${MEMDIR}/model/wave/prep'
++++ config.com[81]declare -rx 'COM_WAVE_HISTORY_TMPL=${ROTDIR}/${RUN}.${YMD}/${HH}/${MEMDIR}/model/wave/history'
++++ config.com[82]declare -rx 'COM_WAVE_GRID_TMPL=${ROTDIR}/${RUN}.${YMD}/${HH}/${MEMDIR}/products/wave/gridded'
++++ config.com[83]declare -rx 'COM_WAVE_GRID_RES_TMPL=${ROTDIR}/${RUN}.${YMD}/${HH}/${MEMDIR}/products/wave/gridded/${GRDRESNAME}'
++++ config.com[84]declare -rx 'COM_WAVE_STATION_TMPL=${ROTDIR}/${RUN}.${YMD}/${HH}/${MEMDIR}/products/wave/station'
++++ config.com[85]declare -rx 'COM_WAVE_GEMPAK_TMPL=${ROTDIR}/${RUN}.${YMD}/${HH}/${MEMDIR}/products/wave/gempak'
++++ config.com[86]declare -rx 'COM_WAVE_WMO_TMPL=${ROTDIR}/${RUN}.${YMD}/${HH}/${MEMDIR}/products/wave/wmo'
++++ config.com[88]declare -rx 'COM_OCEAN_HISTORY_TMPL=${ROTDIR}/${RUN}.${YMD}/${HH}/${MEMDIR}/model/ocean/history'
++++ config.com[89]declare -rx 'COM_OCEAN_RESTART_TMPL=${ROTDIR}/${RUN}.${YMD}/${HH}/${MEMDIR}/model/ocean/restart'
++++ config.com[90]declare -rx 'COM_OCEAN_INPUT_TMPL=${ROTDIR}/${RUN}.${YMD}/${HH}/${MEMDIR}/model/ocean/input'
++++ config.com[91]declare -rx 'COM_OCEAN_ANALYSIS_TMPL=${ROTDIR}/${RUN}.${YMD}/${HH}/${MEMDIR}/analysis/ocean'
++++ config.com[92]declare -rx 'COM_OCEAN_ANLMON_TMPL=${ROTDIR}/${RUN}.${YMD}/${HH}/${MEMDIR}/products/ocean/anlmon'
++++ config.com[93]declare -rx 'COM_OCEAN_LETKF_TMPL=${ROTDIR}/${RUN}.${YMD}/${HH}/${MEMDIR}/analysis/ocean/letkf'
++++ config.com[94]declare -rx 'COM_OCEAN_BMATRIX_TMPL=${ROTDIR}/${RUN}.${YMD}/${HH}/${MEMDIR}/bmatrix/ocean'
++++ config.com[95]declare -rx 'COM_OCEAN_NETCDF_TMPL=${ROTDIR}/${RUN}.${YMD}/${HH}/${MEMDIR}/products/ocean/netcdf'
++++ config.com[96]declare -rx 'COM_OCEAN_GRIB_TMPL=${ROTDIR}/${RUN}.${YMD}/${HH}/${MEMDIR}/products/ocean/grib2'
++++ config.com[97]declare -rx 'COM_OCEAN_GRIB_GRID_TMPL=${ROTDIR}/${RUN}.${YMD}/${HH}/${MEMDIR}/products/ocean/grib2/${GRID}'
++++ config.com[99]declare -rx 'COM_ICE_ANALYSIS_TMPL=${ROTDIR}/${RUN}.${YMD}/${HH}/${MEMDIR}/analysis/ice'
++++ config.com[100]declare -rx 'COM_ICE_LETKF_TMPL=${ROTDIR}/${RUN}.${YMD}/${HH}/${MEMDIR}/analysis/ice/letkf'
++++ config.com[101]declare -rx 'COM_ICE_ANLMON_TMPL=${ROTDIR}/${RUN}.${YMD}/${HH}/${MEMDIR}/products/ice/anlmon'
++++ config.com[102]declare -rx 'COM_ICE_BMATRIX_TMPL=${ROTDIR}/${RUN}.${YMD}/${HH}/${MEMDIR}/bmatrix/ice'
++++ config.com[103]declare -rx 'COM_ICE_INPUT_TMPL=${ROTDIR}/${RUN}.${YMD}/${HH}/${MEMDIR}/model/ice/input'
++++ config.com[104]declare -rx 'COM_ICE_HISTORY_TMPL=${ROTDIR}/${RUN}.${YMD}/${HH}/${MEMDIR}/model/ice/history'
++++ config.com[105]declare -rx 'COM_ICE_RESTART_TMPL=${ROTDIR}/${RUN}.${YMD}/${HH}/${MEMDIR}/model/ice/restart'
++++ config.com[106]declare -rx 'COM_ICE_NETCDF_TMPL=${ROTDIR}/${RUN}.${YMD}/${HH}/${MEMDIR}/products/ice/netcdf'
++++ config.com[107]declare -rx 'COM_ICE_GRIB_TMPL=${ROTDIR}/${RUN}.${YMD}/${HH}/${MEMDIR}/products/ice/grib2'
++++ config.com[108]declare -rx 'COM_ICE_GRIB_GRID_TMPL=${ROTDIR}/${RUN}.${YMD}/${HH}/${MEMDIR}/products/ice/grib2/${GRID}'
++++ config.com[110]declare -rx 'COM_CHEM_HISTORY_TMPL=${ROTDIR}/${RUN}.${YMD}/${HH}/${MEMDIR}/model/chem/history'
++++ config.com[111]declare -rx 'COM_CHEM_ANALYSIS_TMPL=${ROTDIR}/${RUN}.${YMD}/${HH}/${MEMDIR}/analysis/chem'
++++ config.com[112]declare -rx 'COM_CHEM_BMAT_TMPL=${ROTDIR}/${RUN}.${YMD}/${HH}/${MEMDIR}/analysis/chem/bmatrix'
++++ config.com[113]declare -rx 'COM_CHEM_ANLMON_TMPL=${ROTDIR}/${RUN}.${YMD}/${HH}/${MEMDIR}/products/chem/anlmon'
++++ config.com[114]declare -rx 'COM_CHEM_INPUT_TMPL=${ROTDIR}/${RUN}.${YMD}/${HH}/${MEMDIR}/model/chem/input'
++++ config.com[115]declare -rx 'COM_CHEM_RESTART_TMPL=${ROTDIR}/${RUN}.${YMD}/${HH}/${MEMDIR}/model/chem/restart'
++++ config.com[117]declare -rx 'COM_MED_RESTART_TMPL=${ROTDIR}/${RUN}.${YMD}/${HH}/${MEMDIR}/model/med/restart'
+++ config.base[112]export LOGSCRIPT=
+++ config.base[112]LOGSCRIPT=
+++ config.base[115]export SENDECF=NO
+++ config.base[115]SENDECF=NO
+++ config.base[116]export SENDSDM=NO
+++ config.base[116]SENDSDM=NO
+++ config.base[117]export SENDDBN_NTC=NO
+++ config.base[117]SENDDBN_NTC=NO
+++ config.base[118]export SENDDBN=NO
+++ config.base[118]SENDDBN=NO
+++ config.base[119]export DBNROOT=/apps/contrib/spack-stack/spack-stack-1.9.2/envs/ue-oneapi-2024.1.0/install/oneapi/2024.2.1/prod-util-2.1.1-cmrirb3/fakedbn
+++ config.base[119]DBNROOT=/apps/contrib/spack-stack/spack-stack-1.9.2/envs/ue-oneapi-2024.1.0/install/oneapi/2024.2.1/prod-util-2.1.1-cmrirb3/fakedbn
+++ config.base[120]export SENDAWIP=NO
+++ config.base[120]SENDAWIP=NO
+++ config.base[123]export APP=S2SWA
+++ config.base[123]APP=S2SWA
+++ config.base[126]export DO_ATM=YES
+++ config.base[126]DO_ATM=YES
+++ config.base[127]export DO_COUPLED=NO
+++ config.base[127]DO_COUPLED=NO
+++ config.base[128]export DO_WAVE=NO
+++ config.base[128]DO_WAVE=NO
+++ config.base[129]export DO_OCN=NO
+++ config.base[129]DO_OCN=NO
+++ config.base[130]export DO_ICE=NO
+++ config.base[130]DO_ICE=NO
+++ config.base[131]export DO_EXTRACTVARS=NO
+++ config.base[131]DO_EXTRACTVARS=NO
+++ config.base[132]export DO_AERO_FCST=NO
+++ config.base[132]DO_AERO_FCST=NO
+++ config.base[133]export DO_AERO_ANL=NO
+++ config.base[133]DO_AERO_ANL=NO
+++ config.base[134]export DOBNDPNT_WAVE=NO
+++ config.base[134]DOBNDPNT_WAVE=NO
+++ config.base[135]export FRAC_GRID=.true.
+++ config.base[135]FRAC_GRID=.true.
+++ config.base[136]export DO_NEST=NO
+++ config.base[136]DO_NEST=NO
+++ config.base[137][[ NO == \Y\E\S ]]
+++ config.base[141]export ntiles=6
+++ config.base[141]ntiles=6
+++ config.base[145]export OPS_RES=C768
+++ config.base[145]OPS_RES=C768
+++ config.base[148]export LEVS=128
+++ config.base[148]LEVS=128
+++ config.base[149]export CASE=C48
+++ config.base[149]CASE=C48
+++ config.base[150]export CASE_ENS=C48
+++ config.base[150]CASE_ENS=C48
+++ config.base[151]export CASE_HIST=C48
+++ config.base[151]CASE_HIST=C48
+++ config.base[152]export OCNRES=500
+++ config.base[152]OCNRES=500
+++ config.base[153]export ICERES=500
+++ config.base[153]ICERES=500
+++ config.base[155]case "${CASE}" in
+++ config.base[157]export waveGRD=glo_500
+++ config.base[157]waveGRD=glo_500
+++ config.base[174]case "${APP}" in
+++ config.base[190]export DO_COUPLED=YES
+++ config.base[190]DO_COUPLED=YES
+++ config.base[191]export DO_OCN=YES
+++ config.base[191]DO_OCN=YES
+++ config.base[192]export DO_ICE=YES
+++ config.base[192]DO_ICE=YES
+++ config.base[194][[ S2SWA =~ A$ ]]
+++ config.base[195]export DO_AERO_FCST=YES
+++ config.base[195]DO_AERO_FCST=YES
+++ config.base[198][[ S2SWA =~ ^S2SW ]]
+++ config.base[199]export DO_WAVE=YES
+++ config.base[199]DO_WAVE=YES
+++ config.base[209]export FHMIN=0
+++ config.base[209]FHMIN=0
+++ config.base[210]export FHMAX=9
+++ config.base[210]FHMAX=9
+++ config.base[211]export FHOUT=3
+++ config.base[211]FHOUT=3
+++ config.base[212]export FHOUT_OCN=3
+++ config.base[212]FHOUT_OCN=3
+++ config.base[213]export FHOUT_ICE=3
+++ config.base[213]FHOUT_ICE=3
+++ config.base[214]export FHOUT_AERO=3
+++ config.base[214]FHOUT_AERO=3
+++ config.base[217]export INTERVAL_GFS=24
+++ config.base[217]INTERVAL_GFS=24
+++ config.base[218]export SDATE_GFS=2021032312
+++ config.base[218]SDATE_GFS=2021032312
+++ config.base[220]export OFFSET_START_HOUR=0
+++ config.base[220]OFFSET_START_HOUR=0
+++ config.base[221]export USE_OCN_ENS_PERTURB_FILES=NO
+++ config.base[221]USE_OCN_ENS_PERTURB_FILES=NO
+++ config.base[222]export USE_ATM_ENS_PERTURB_FILES=NO
+++ config.base[222]USE_ATM_ENS_PERTURB_FILES=NO
+++ config.base[225]export FHMIN_GFS=0
+++ config.base[225]FHMIN_GFS=0
+++ config.base[226]export FHMAX_GFS=120
+++ config.base[226]FHMAX_GFS=120
+++ config.base[228]breakpnts=48
+++ config.base[229]export FCST_SEGMENTS=0,48,120
+++ config.base[229]FCST_SEGMENTS=0,48,120
+++ config.base[231]export FHOUT_GFS=6
+++ config.base[231]FHOUT_GFS=6
+++ config.base[232]export FHMAX_HF_GFS=0
+++ config.base[232]FHMAX_HF_GFS=0
+++ config.base[233]export FHOUT_HF_GFS=1
+++ config.base[233]FHOUT_HF_GFS=1
+++ config.base[234]export FHOUT_OCN_GFS=24
+++ config.base[234]FHOUT_OCN_GFS=24
+++ config.base[235]export FHOUT_ICE_GFS=24
+++ config.base[235]FHOUT_ICE_GFS=24
+++ config.base[236]export FHMIN_WAV=0
+++ config.base[236]FHMIN_WAV=0
+++ config.base[237]export FHOUT_WAV=3
+++ config.base[237]FHOUT_WAV=3
+++ config.base[238]export FHOUT_WAV_GFS=3
+++ config.base[238]FHOUT_WAV_GFS=3
+++ config.base[239]export FHMAX_HF_WAV=120
+++ config.base[239]FHMAX_HF_WAV=120
+++ config.base[240]export FHOUT_HF_WAV=1
+++ config.base[240]FHOUT_HF_WAV=1
+++ config.base[241]export FHMAX_WAV=120
+++ config.base[241]FHMAX_WAV=120
+++ config.base[242]export FHMAX_WAV_GFS=120
+++ config.base[242]FHMAX_WAV_GFS=120
+++ config.base[243]export FHMAX_HF_GFS=0
+++ config.base[243]FHMAX_HF_GFS=0
+++ config.base[244]export FHMAX_WAV_GFS=120
+++ config.base[244]FHMAX_WAV_GFS=120
+++ config.base[245]export FHMAX_HF_WAV=120
+++ config.base[245]FHMAX_HF_WAV=120
+++ config.base[246]export ILPOST=1
+++ config.base[246]ILPOST=1
+++ config.base[248]export FHMIN_ENKF=0
+++ config.base[248]FHMIN_ENKF=0
+++ config.base[249]export FHMAX_ENKF=120
+++ config.base[249]FHMAX_ENKF=120
+++ config.base[250]export FHOUT_ENKF=6
+++ config.base[250]FHOUT_ENKF=6
+++ config.base[251]export FHOUT_OCN=24
+++ config.base[251]FHOUT_OCN=24
+++ config.base[252]export FHOUT_ICE=24
+++ config.base[252]FHOUT_ICE=24
+++ config.base[255]export restart_interval_gfs=12
+++ config.base[255]restart_interval_gfs=12
+++ config.base[256]export restart_interval_enkfgfs=12
+++ config.base[256]restart_interval_enkfgfs=12
+++ config.base[261]export QUILTING=.true.
+++ config.base[261]QUILTING=.true.
+++ config.base[262]export OUTPUT_GRID=gaussian_grid
+++ config.base[262]OUTPUT_GRID=gaussian_grid
+++ config.base[263]export WRITE_DOPOST=.true.
+++ config.base[263]WRITE_DOPOST=.true.
+++ config.base[264]export WRITE_NSFLIP=.true.
+++ config.base[264]WRITE_NSFLIP=.true.
+++ config.base[267]export imp_physics=8
+++ config.base[267]imp_physics=8
+++ config.base[271]export DO_JEDIATMVAR=NO
+++ config.base[271]DO_JEDIATMVAR=NO
+++ config.base[272]export DO_JEDIATMENS=NO
+++ config.base[272]DO_JEDIATMENS=NO
+++ config.base[273]export DO_JEDIOCNVAR=NO
+++ config.base[273]DO_JEDIOCNVAR=NO
+++ config.base[274]export DO_JEDISNOWDA=NO
+++ config.base[274]DO_JEDISNOWDA=NO
+++ config.base[275]export DO_MERGENSST=NO
+++ config.base[275]DO_MERGENSST=NO
+++ config.base[276]export DO_STARTMEM_FROM_JEDIICE=NO
+++ config.base[276]DO_STARTMEM_FROM_JEDIICE=NO
+++ config.base[279]export NMEM_ENS=2
+++ config.base[279]NMEM_ENS=2
+++ config.base[283]export ENSMEM=000
+++ config.base[283]ENSMEM=000
+++ config.base[284]export MEMDIR=mem000
+++ config.base[284]MEMDIR=mem000
+++ config.base[287]((  ENSMEM == 0  ))
+++ config.base[288]export DO_CA=YES
+++ config.base[288]DO_CA=YES
+++ config.base[293]export DOIAU=NO
+++ config.base[293]DOIAU=NO
+++ config.base[296][[ .false. = \.\t\r\u\e\. ]]
+++ config.base[305]export DO_GSISOILDA=NO
+++ config.base[305]DO_GSISOILDA=NO
+++ config.base[306]export DO_LAND_IAU=.false.
+++ config.base[306]DO_LAND_IAU=.false.
+++ config.base[309]export DONST=YES
+++ config.base[309]DONST=YES
+++ config.base[310][[ YES = \Y\E\S ]]
+++ config.base[310]export 'FNTSFA=        '
+++ config.base[310]FNTSFA='        '
+++ config.base[313]export nst_anl=.true.
+++ config.base[313]nst_anl=.true.
+++ config.base[316]export DO_METP=NO
+++ config.base[316]DO_METP=NO
+++ config.base[317]export DO_FIT2OBS=NO
+++ config.base[317]DO_FIT2OBS=NO
+++ config.base[320]export DO_ARCHCOM=NO
+++ config.base[320]DO_ARCHCOM=NO
+++ config.base[321]export ARCHCOM_TO=globus_hpss
+++ config.base[321]ARCHCOM_TO=globus_hpss
+++ config.base[324]export CLIENT_GLOBUS_UUID=869912fe-f6de-46c0-af10-b22efd84a022
+++ config.base[324]CLIENT_GLOBUS_UUID=869912fe-f6de-46c0-af10-b22efd84a022
+++ config.base[327]export NUM_SND_COLLECTIVES=9
+++ config.base[327]NUM_SND_COLLECTIVES=9
+++ config.base[329]echo 'END: config.base'
END: config.base
++ jjob_header.sh[103]true
++ jjob_header.sh[104]export err=0
++ jjob_header.sh[104]err=0
++ jjob_header.sh[105][[ 0 -ne 0 ]]
++ jjob_header.sh[102]for config in "${configs[@]:-''}"
++ jjob_header.sh[103]source /work2/noaa/global/role-global/GFS_CI_CD/HERCULES/BUILDS/GITLAB/pr_cases_4328_5a190987_6509/RUNTESTS/EXPDIR/C48_S2SWA_gefs_5a190987-6509/config.atmos_products
+++ config.atmos_products[6]echo 'BEGIN: config.atmos_products'
BEGIN: config.atmos_products
+++ config.atmos_products[9]source /work2/noaa/global/role-global/GFS_CI_CD/HERCULES/BUILDS/GITLAB/pr_cases_4328_5a190987_6509/RUNTESTS/EXPDIR/C48_S2SWA_gefs_5a190987-6509/config.resources atmos_products
++++ config.resources[8]((  1 != 1  ))
++++ config.resources[15]step=atmos_products
++++ config.resources[17]echo 'BEGIN: config.resources'
BEGIN: config.resources
++++ config.resources[19]case ${machine} in
++++ config.resources[24]max_tasks_per_node=80
++++ config.resources[44]export max_tasks_per_node
++++ config.resources[46]case ${step} in
++++ config.resources[237]export walltime=00:15:00
++++ config.resources[237]walltime=00:15:00
++++ config.resources[238]export ntasks=24
++++ config.resources[238]ntasks=24
++++ config.resources[239]export threads_per_task=1
++++ config.resources[239]threads_per_task=1
++++ config.resources[240]export tasks_per_node=24
++++ config.resources[240]tasks_per_node=24
++++ config.resources[241]export is_exclusive=True
++++ config.resources[241]is_exclusive=True
++++ config.resources[341][[ -f /work2/noaa/global/role-global/GFS_CI_CD/HERCULES/BUILDS/GITLAB/pr_cases_4328_5a190987_6509/RUNTESTS/EXPDIR/C48_S2SWA_gefs_5a190987-6509/config.resources.HERCULES ]]
++++ config.resources[346]for resource_var in threads_per_task ntasks tasks_per_node NTASKS memory walltime
++++ config.resources[347]run_resource_var=threads_per_task_gefs
++++ config.resources[348][[ -n '' ]]
++++ config.resources[350][[ -n 0 ]]
++++ config.resources[351]export threads_per_task
++++ config.resources[346]for resource_var in threads_per_task ntasks tasks_per_node NTASKS memory walltime
++++ config.resources[347]run_resource_var=ntasks_gefs
++++ config.resources[348][[ -n '' ]]
++++ config.resources[350][[ -n 0 ]]
++++ config.resources[351]export ntasks
++++ config.resources[346]for resource_var in threads_per_task ntasks tasks_per_node NTASKS memory walltime
++++ config.resources[347]run_resource_var=tasks_per_node_gefs
++++ config.resources[348][[ -n '' ]]
++++ config.resources[350][[ -n 0 ]]
++++ config.resources[351]export tasks_per_node
++++ config.resources[346]for resource_var in threads_per_task ntasks tasks_per_node NTASKS memory walltime
++++ config.resources[347]run_resource_var=NTASKS_gefs
++++ config.resources[348][[ -n '' ]]
++++ config.resources[350][[ -n '' ]]
++++ config.resources[346]for resource_var in threads_per_task ntasks tasks_per_node NTASKS memory walltime
++++ config.resources[347]run_resource_var=memory_gefs
++++ config.resources[348][[ -n '' ]]
++++ config.resources[350][[ -n '' ]]
++++ config.resources[346]for resource_var in threads_per_task ntasks tasks_per_node NTASKS memory walltime
++++ config.resources[347]run_resource_var=walltime_gefs
++++ config.resources[348][[ -n '' ]]
++++ config.resources[350][[ -n 0 ]]
++++ config.resources[351]export walltime
++++ config.resources[355]echo 'END: config.resources'
END: config.resources
+++ config.atmos_products[12]export MAX_TASKS=25
+++ config.atmos_products[12]MAX_TASKS=25
+++ config.atmos_products[14][[ 0 == \0 ]]
+++ config.atmos_products[15]export FHOUT_PGBS=6
+++ config.atmos_products[15]FHOUT_PGBS=6
+++ config.atmos_products[19]export FLXGF=NO
+++ config.atmos_products[19]FLXGF=NO
+++ config.atmos_products[22]export downset=2
+++ config.atmos_products[22]downset=2
+++ config.atmos_products[23]export paramlista=/work2/noaa/global/role-global/GFS_CI_CD/HERCULES/BUILDS/GITLAB/pr_cases_4328_5a190987_6509/global-workflow/parm/product/gefs.0p25.fFFF.paramlist.a.txt
+++ config.atmos_products[23]paramlista=/work2/noaa/global/role-global/GFS_CI_CD/HERCULES/BUILDS/GITLAB/pr_cases_4328_5a190987_6509/global-workflow/parm/product/gefs.0p25.fFFF.paramlist.a.txt
+++ config.atmos_products[24]export paramlista_anl=/work2/noaa/global/role-global/GFS_CI_CD/HERCULES/BUILDS/GITLAB/pr_cases_4328_5a190987_6509/global-workflow/parm/product/gefs.0p25.anl.paramlist.a.txt
+++ config.atmos_products[24]paramlista_anl=/work2/noaa/global/role-global/GFS_CI_CD/HERCULES/BUILDS/GITLAB/pr_cases_4328_5a190987_6509/global-workflow/parm/product/gefs.0p25.anl.paramlist.a.txt
+++ config.atmos_products[25]export paramlista_f000=/work2/noaa/global/role-global/GFS_CI_CD/HERCULES/BUILDS/GITLAB/pr_cases_4328_5a190987_6509/global-workflow/parm/product/gefs.0p25.f000.paramlist.a.txt
+++ config.atmos_products[25]paramlista_f000=/work2/noaa/global/role-global/GFS_CI_CD/HERCULES/BUILDS/GITLAB/pr_cases_4328_5a190987_6509/global-workflow/parm/product/gefs.0p25.f000.paramlist.a.txt
+++ config.atmos_products[26]export paramlistb=/work2/noaa/global/role-global/GFS_CI_CD/HERCULES/BUILDS/GITLAB/pr_cases_4328_5a190987_6509/global-workflow/parm/product/gefs.0p25.fFFF.paramlist.b.txt
+++ config.atmos_products[26]paramlistb=/work2/noaa/global/role-global/GFS_CI_CD/HERCULES/BUILDS/GITLAB/pr_cases_4328_5a190987_6509/global-workflow/parm/product/gefs.0p25.fFFF.paramlist.b.txt
+++ config.atmos_products[28]echo 'END: config.atmos_products'
END: config.atmos_products
++ jjob_header.sh[103]true
++ jjob_header.sh[104]export err=0
++ jjob_header.sh[104]err=0
++ jjob_header.sh[105][[ 0 -ne 0 ]]
++ jjob_header.sh[113]source /work2/noaa/global/role-global/GFS_CI_CD/HERCULES/BUILDS/GITLAB/pr_cases_4328_5a190987_6509/global-workflow/env/HERCULES.env atmos_products
+++ HERCULES.env[3][[ 1 -ne 1 ]]
+++ HERCULES.env[10]step=atmos_products
+++ HERCULES.env[12]export 'launcher=srun -l --export=ALL --hint=nomultithread'
+++ HERCULES.env[12]launcher='srun -l --export=ALL --hint=nomultithread'
+++ HERCULES.env[13]export 'mpmd_opt=--multi-prog --output=mpmd.%j.%t.out'
+++ HERCULES.env[13]mpmd_opt='--multi-prog --output=mpmd.%j.%t.out'
+++ HERCULES.env[16]export MPI_BUFS_PER_PROC=2048
+++ HERCULES.env[16]MPI_BUFS_PER_PROC=2048
+++ HERCULES.env[17]export MPI_BUFS_PER_HOST=2048
+++ HERCULES.env[17]MPI_BUFS_PER_HOST=2048
+++ HERCULES.env[18]export MPI_GROUP_MAX=256
+++ HERCULES.env[18]MPI_GROUP_MAX=256
+++ HERCULES.env[19]export MPI_MEMMAP_OFF=1
+++ HERCULES.env[19]MPI_MEMMAP_OFF=1
+++ HERCULES.env[20]export MP_STDOUTMODE=ORDERED
+++ HERCULES.env[20]MP_STDOUTMODE=ORDERED
+++ HERCULES.env[21]export KMP_AFFINITY=scatter
+++ HERCULES.env[21]KMP_AFFINITY=scatter
+++ HERCULES.env[22]export OMP_STACKSIZE=2048000
+++ HERCULES.env[22]OMP_STACKSIZE=2048000
+++ HERCULES.env[23]export NTHSTACK=1024000000
+++ HERCULES.env[23]NTHSTACK=1024000000
+++ HERCULES.env[25]export I_MPI_EXTRA_FILESYSTEM=1
+++ HERCULES.env[25]I_MPI_EXTRA_FILESYSTEM=1
+++ HERCULES.env[26]export I_MPI_EXTRA_FILESYSTEM_LIST=lustre
+++ HERCULES.env[26]I_MPI_EXTRA_FILESYSTEM_LIST=lustre
+++ HERCULES.env[28]ulimit -s unlimited
+++ HERCULES.env[29]ulimit -a
real-time non-blocking time  (microseconds, -R) unlimited
core file size              (blocks, -c) 0
data seg size               (kbytes, -d) unlimited
scheduling priority                 (-e) 0
file size                   (blocks, -f) unlimited
pending signals                     (-i) 2049462
max locked memory           (kbytes, -l) unlimited
max memory size             (kbytes, -m) 520192000
open files                          (-n) 131072
pipe size                (512 bytes, -p) 8
POSIX message queues         (bytes, -q) 819200
real-time priority                  (-r) 0
stack size                  (kbytes, -s) unlimited
cpu time                   (seconds, -t) unlimited
max user processes                  (-u) 1028698
virtual memory              (kbytes, -v) unlimited
file locks                          (-x) unlimited
+++ HERCULES.env[33][[ -n 24 ]]
+++ HERCULES.env[33][[ -n 80 ]]
+++ HERCULES.env[33][[ -n 24 ]]
+++ HERCULES.env[34]max_threads_per_task=3
+++ HERCULES.env[35]NTHREADSmax=1
+++ HERCULES.env[36]NTHREADS1=1
+++ HERCULES.env[37][[ 1 -gt 3 ]]
+++ HERCULES.env[40][[ 1 -gt 3 ]]
+++ HERCULES.env[43]APRUN_default='srun -l --export=ALL --hint=nomultithread -n 24'
+++ HERCULES.env[49]case ${step} in
+++ HERCULES.env[287]export USE_CFP=YES
+++ HERCULES.env[287]USE_CFP=YES
++ jjob_header.sh[113]true
++ jjob_header.sh[114]export err=0
++ jjob_header.sh[114]err=0
++ jjob_header.sh[115][[ 0 -ne 0 ]]
+ JGLOBAL_ATMOS_PRODUCTS[10]YMD=20210323
+ JGLOBAL_ATMOS_PRODUCTS[10]HH=12
+ JGLOBAL_ATMOS_PRODUCTS[10]declare_from_tmpl -rx COMIN_ATMOS_ANALYSIS:COM_ATMOS_ANALYSIS_TMPL COMIN_ATMOS_HISTORY:COM_ATMOS_HISTORY_TMPL COMIN_ATMOS_MASTER:COM_ATMOS_MASTER_TMPL
+ bash_utils.sh[39][[ NO == \N\O ]]
+ bash_utils.sh[39]set +x
declare_from_tmpl :: COMIN_ATMOS_ANALYSIS=/work2/noaa/global/role-global/GFS_CI_CD/HERCULES/BUILDS/GITLAB/pr_cases_4328_5a190987_6509/RUNTESTS/COMROOT/C48_S2SWA_gefs_5a190987-6509/gefs.20210323/12/mem000/analysis/atmos
declare_from_tmpl :: COMIN_ATMOS_HISTORY=/work2/noaa/global/role-global/GFS_CI_CD/HERCULES/BUILDS/GITLAB/pr_cases_4328_5a190987_6509/RUNTESTS/COMROOT/C48_S2SWA_gefs_5a190987-6509/gefs.20210323/12/mem000/model/atmos/history
declare_from_tmpl :: COMIN_ATMOS_MASTER=/work2/noaa/global/role-global/GFS_CI_CD/HERCULES/BUILDS/GITLAB/pr_cases_4328_5a190987_6509/RUNTESTS/COMROOT/C48_S2SWA_gefs_5a190987-6509/gefs.20210323/12/mem000/model/atmos/master
+ JGLOBAL_ATMOS_PRODUCTS[15]for grid in '0p25' '0p50' '1p00'
+ JGLOBAL_ATMOS_PRODUCTS[16]prod_dir=COMOUT_ATMOS_GRIB_0p25
+ JGLOBAL_ATMOS_PRODUCTS[17]GRID=0p25
+ JGLOBAL_ATMOS_PRODUCTS[17]YMD=20210323
+ JGLOBAL_ATMOS_PRODUCTS[17]HH=12
+ JGLOBAL_ATMOS_PRODUCTS[17]declare_from_tmpl -rx COMOUT_ATMOS_GRIB_0p25:COM_ATMOS_GRIB_GRID_TMPL
+ bash_utils.sh[39][[ NO == \N\O ]]
+ bash_utils.sh[39]set +x
declare_from_tmpl :: COMOUT_ATMOS_GRIB_0p25=/work2/noaa/global/role-global/GFS_CI_CD/HERCULES/BUILDS/GITLAB/pr_cases_4328_5a190987_6509/RUNTESTS/COMROOT/C48_S2SWA_gefs_5a190987-6509/gefs.20210323/12/mem000/products/atmos/grib2/0p25
+ JGLOBAL_ATMOS_PRODUCTS[18]mkdir -m 775 -p /work2/noaa/global/role-global/GFS_CI_CD/HERCULES/BUILDS/GITLAB/pr_cases_4328_5a190987_6509/RUNTESTS/COMROOT/C48_S2SWA_gefs_5a190987-6509/gefs.20210323/12/mem000/products/atmos/grib2/0p25
+ JGLOBAL_ATMOS_PRODUCTS[15]for grid in '0p25' '0p50' '1p00'
+ JGLOBAL_ATMOS_PRODUCTS[16]prod_dir=COMOUT_ATMOS_GRIB_0p50
+ JGLOBAL_ATMOS_PRODUCTS[17]GRID=0p50
+ JGLOBAL_ATMOS_PRODUCTS[17]YMD=20210323
+ JGLOBAL_ATMOS_PRODUCTS[17]HH=12
+ JGLOBAL_ATMOS_PRODUCTS[17]declare_from_tmpl -rx COMOUT_ATMOS_GRIB_0p50:COM_ATMOS_GRIB_GRID_TMPL
+ bash_utils.sh[39][[ NO == \N\O ]]
+ bash_utils.sh[39]set +x
declare_from_tmpl :: COMOUT_ATMOS_GRIB_0p50=/work2/noaa/global/role-global/GFS_CI_CD/HERCULES/BUILDS/GITLAB/pr_cases_4328_5a190987_6509/RUNTESTS/COMROOT/C48_S2SWA_gefs_5a190987-6509/gefs.20210323/12/mem000/products/atmos/grib2/0p50
+ JGLOBAL_ATMOS_PRODUCTS[18]mkdir -m 775 -p /work2/noaa/global/role-global/GFS_CI_CD/HERCULES/BUILDS/GITLAB/pr_cases_4328_5a190987_6509/RUNTESTS/COMROOT/C48_S2SWA_gefs_5a190987-6509/gefs.20210323/12/mem000/products/atmos/grib2/0p50
+ JGLOBAL_ATMOS_PRODUCTS[15]for grid in '0p25' '0p50' '1p00'
+ JGLOBAL_ATMOS_PRODUCTS[16]prod_dir=COMOUT_ATMOS_GRIB_1p00
+ JGLOBAL_ATMOS_PRODUCTS[17]GRID=1p00
+ JGLOBAL_ATMOS_PRODUCTS[17]YMD=20210323
+ JGLOBAL_ATMOS_PRODUCTS[17]HH=12
+ JGLOBAL_ATMOS_PRODUCTS[17]declare_from_tmpl -rx COMOUT_ATMOS_GRIB_1p00:COM_ATMOS_GRIB_GRID_TMPL
+ bash_utils.sh[39][[ NO == \N\O ]]
+ bash_utils.sh[39]set +x
declare_from_tmpl :: COMOUT_ATMOS_GRIB_1p00=/work2/noaa/global/role-global/GFS_CI_CD/HERCULES/BUILDS/GITLAB/pr_cases_4328_5a190987_6509/RUNTESTS/COMROOT/C48_S2SWA_gefs_5a190987-6509/gefs.20210323/12/mem000/products/atmos/grib2/1p00
+ JGLOBAL_ATMOS_PRODUCTS[18]mkdir -m 775 -p /work2/noaa/global/role-global/GFS_CI_CD/HERCULES/BUILDS/GITLAB/pr_cases_4328_5a190987_6509/RUNTESTS/COMROOT/C48_S2SWA_gefs_5a190987-6509/gefs.20210323/12/mem000/products/atmos/grib2/1p00
+ JGLOBAL_ATMOS_PRODUCTS[22]export PREFIX=gefs.t12z.
+ JGLOBAL_ATMOS_PRODUCTS[22]PREFIX=gefs.t12z.
+ JGLOBAL_ATMOS_PRODUCTS[26]/work2/noaa/global/role-global/GFS_CI_CD/HERCULES/BUILDS/GITLAB/pr_cases_4328_5a190987_6509/global-workflow/scripts/exglobal_atmos_products.sh
+ bash[8]'[' -z '' ']'
+ bash[9]case "$-" in
+ bash[12]__lmod_vx=x
+ bash[16]'[' -n x ']'
+ bash[16]set +x
Shell debugging temporarily silenced: export LMOD_SH_DBG_ON=1 for this output (/apps/other/lmod/lmod/init/bash)
Shell debugging restarted
+ bash[224]unset __lmod_vx
+ exglobal_atmos_products.sh[3]cd /work2/noaa/global/role-global/stmp/HERCULES/RUNDIRS/C48_S2SWA_gefs_5a190987-6509/gefs.2021032312/atmos_products_f000.2754205
+ exglobal_atmos_products.sh[7][[ 0 -le 0 ]]
+ exglobal_atmos_products.sh[8][[ 0 -lt 0 ]]
+ exglobal_atmos_products.sh[15][[ 0 -eq 0 ]]
++ exglobal_atmos_products.sh[16]printf f%03d 0
+ exglobal_atmos_products.sh[16]fhr3=f000
+ exglobal_atmos_products.sh[18]paramlista=/work2/noaa/global/role-global/GFS_CI_CD/HERCULES/BUILDS/GITLAB/pr_cases_4328_5a190987_6509/global-workflow/parm/product/gefs.0p25.f000.paramlist.a.txt
/work2/noaa/global/role-global/GFS_CI_CD/HERCULES/BUILDS/GITLAB/pr_cases_4328_5a190987_6509/global-workflow/scripts/exglobal_atmos_products.sh: line 20: paramlistb_f000: unbound variable
+ JGLOBAL_ATMOS_PRODUCTS[27]export err=1
+ JGLOBAL_ATMOS_PRODUCTS[27]err=1
+ JGLOBAL_ATMOS_PRODUCTS[28][[ 1 -ne 0 ]]
+ JGLOBAL_ATMOS_PRODUCTS[29]err_exit
+ preamble.sh[117]set +eux

    -------------------------------------------------------------
    -- FATAL ERROR: Job atmos_products_f000.2754205 failed RETURN CODE 1
    -- ABNORMAL EXIT at Thu Dec 18 15:32:18 CST 2025 on hercules-06-41
    -------------------------------------------------------------
    

Currently Loaded Modules:
  1) contrib/0.1                      40) antlr/2.7.7
  2) intel-oneapi-compilers/2024.2.1  41) gsl/2.8
  3) stack-oneapi/2024.2.1            42) nco/5.2.4
  4) intel-oneapi-runtime/2024.2.1    43) bacio/2.4.1
  5) intel-oneapi-mpi/2021.13.1       44) w3emc/2.10.0
  6) stack-intel-oneapi-mpi/2021.13   45) prod_util/2.1.1
  7) gettext/0.21                     46) g2/3.5.1
  8) glibc/2.34                       47) ip/5.1.0
  9) zlib/1.2.13                      48) grib-util/1.4.0
 10) sqlite/3.46.0                    49) g2tmpl/1.13.0
 11) util-linux-uuid/2.40.2           50) gsi-ncdiag/1.1.2
 12) python/3.11.7                    51) crtm-fix/2.4.0.1_emc
 13) stack-python/3.11.7              52) git-lfs/3.1.2
 14) nghttp2/1.63.0                   53) crtm/2.4.0.1
 15) curl/8.10.1                      54) bufr/12.1.0
 16) cmake/3.27.9                     55) py-f90nml/1.4.3
 17) libjpeg/2.1.0                    56) py-certifi/2023.7.22
 18) jasper/2.0.32                    57) py-cftime/1.0.3.4
 19) libpng/1.6.37                    58) py-netcdf4/1.7.1.post2
 20) openjpeg/2.3.1                   59) libyaml/0.2.5
 21) eccodes/2.33.0                   60) py-pyyaml/6.0.2
 22) fftw/3.3.10                      61) py-markupsafe/2.1.3
 23) proj/9.4.1                       62) py-jinja2/3.1.4
 24) udunits/2.2.28                   63) py-pytz/2023.3
 25) cdo/2.4.4                        64) py-tzdata/2023.3
 26) hdf5/1.14.3                      65) py-pandas/2.2.3
 27) snappy/1.2.1                     66) py-six/1.16.0
 28) zstd/1.5.6                       67) py-python-dateutil/2.8.2
 29) c-blosc/1.21.5                   68) py-packaging/24.1
 30) netcdf-c/4.9.2                   69) py-setuptools/69.2.0
 31) netcdf-fortran/4.6.1             70) py-xarray/2024.7.0
 32) parallel-netcdf/1.12.3           71) gw_run.common
 33) parallelio/2.6.2                 72) intel-oneapi-mkl/2023.1.0
 34) python-venv/1.0                  73) g2c/2.1.0
 35) py-mpi4py/4.0.1                  74) wgrib2/3.6.0
 36) openblas/0.3.24                  75) globus-cli/3.35.2
 37) py-numpy/1.26.4                  76) prepobs/1.1.3
 38) py-pip/23.1.2                    77) fit2obs/1.1.10
 39) esmf/8.8.0                       78) gw_run.hercules

 


Job atmos_products_f000.2754205 failed RETURN CODE 1
/work2/noaa/global/role-global/stmp/HERCULES/RUNDIRS/C48_S2SWA_gefs_5a190987-6509/gefs.2021032312/atmos_products_f000.2754205
total 0
-rw-r----- 1 role-global noaa-hpc 0 Dec 18 15:32 ncepdate
cat: OUTPUT.2754264: No such file or directory
slurmstepd: error: *** JOB 7424958 ON hercules-06-41 CANCELLED AT 2025-12-18T15:32:18 ***
