+ source /gpfs/f6/drsa-precip3/world-shared/global/CI/3847/global-workflow/ush/load_fv3gfs_modules.sh
++ [[ hxB == *x* ]]
++ set_x=YES
++ [[ NO == \N\O ]]
++ echo 'Loading modules quietly...'
Loading modules quietly...
++ set +x
Running "module reset". Resetting modules to system default. The following $MODULEPATH directories have been removed: /gpfs/f6/drsa-precip3/world-shared/global/CI/3847/global-workflow/modulefiles

The following have been reloaded with a version change:
  1) PrgEnv-intel/8.5.0 => PrgEnv-intel/8.6.0
  2) craype/2.7.30 => craype/2.7.34


Lmod is automatically replacing "intel/2025.0" with "intel-classic/2023.2.0".


The following have been reloaded with a version change:
  1) PrgEnv-intel/8.6.0 => PrgEnv-intel/8.5.0
  2) cray-mpich/8.1.32 => cray-mpich/8.1.29
  3) craype/2.7.34 => craype/2.7.30


Currently Loaded Modules:
  1) craype-x86-genoa
  2) perftools-base/25.03.0
  3) xpmem/2.9.6-1.1_20240510205610__g087dc11fc19d
  4) cray-pmi/6.1.15
  5) CmrsEnv/default
  6) TimeZoneEDT/default
  7) DefApps/default
  8) cray-dsmml/0.3.1
  9) PrgEnv-intel/8.5.0
 10) intel-classic/2023.2.0
 11) craype/2.7.30
 12) stack-intel/2023.2.0
 13) libfabric/1.20.1
 14) craype-network-ofi
 15) cray-mpich/8.1.29
 16) stack-cray-mpich/8.1.29
 17) gettext/0.20.2
 18) libxcrypt/4.4.35
 19) zlib/1.2.13
 20) sqlite/3.43.2
 21) util-linux-uuid/2.38.1
 22) python/3.11.6
 23) libjpeg/2.1.0
 24) jasper/2.0.32
 25) libpng/1.6.37
 26) openjpeg/2.3.1
 27) eccodes/2.32.0
 28) fftw/3.3.10
 29) nghttp2/1.57.0
 30) curl/8.4.0
 31) proj/9.2.1
 32) udunits/2.2.28
 33) cdo/2.2.0
 34) pkg-config/0.29.2
 35) hdf5/1.14.0
 36) snappy/1.1.10
 37) zstd/1.5.2
 38) c-blosc/1.21.5
 39) netcdf-c/4.9.2
 40) netcdf-fortran/4.6.1
 41) parallel-netcdf/1.12.2
 42) parallelio/2.5.10
 43) esmf/8.6.0
 44) perlbrew/5.38.2
 45) antlr/2.7.7
 46) gsl/2.7.1
 47) nco/5.0.6
 48) bacio/2.4.1
 49) w3emc/2.10.0
 50) prod_util/2.1.1
 51) g2/3.4.5
 52) sp/2.5.0
 53) ip/4.3.0
 54) grib-util/1.3.0
 55) g2tmpl/1.13.0
 56) gsi-ncdiag/1.1.2
 57) crtm-fix/2.4.0.1_emc
 58) git-lfs/2.11.0
 59) crtm/2.4.0.1
 60) openblas/0.3.24
 61) py-setuptools/63.4.3
 62) py-numpy/1.23.4
 63) bufr/11.7.0
 64) gmake/4.2.1
 65) wgrib2/2.0.8
 66) py-cftime/1.0.3.4
 67) py-netcdf4/1.5.8
 68) py-f90nml/1.4.3
 69) libyaml/0.2.5
 70) py-pyyaml/6.0
 71) py-markupsafe/2.1.3
 72) py-jinja2/3.1.2
 73) py-bottleneck/1.3.7
 74) py-numexpr/2.8.4
 75) py-et-xmlfile/1.0.1
 76) py-openpyxl/3.1.2
 77) py-pytz/2023.3
 78) py-pyxlsb/1.0.10
 79) py-xlrd/2.0.1
 80) py-xlsxwriter/3.1.7
 81) py-xlwt/1.3.0
 82) py-pandas/1.5.3
 83) py-six/1.16.0
 84) py-python-dateutil/2.8.2
 85) g2c/1.8.0
 86) netcdf-cxx4/4.3.1
 87) met/9.1.3
 88) metplus/3.1.1
 89) py-packaging/23.1
 90) py-xarray/2023.7.0
 91) prepobs/1.1.0
 92) fit2obs/1.1.7.1
 93) hsi/9.3
 94) module_base.gaeac6

 

++ wxflowPATH=/gpfs/f6/drsa-precip3/world-shared/global/CI/3847/global-workflow/ush/python
++ PYTHONPATH=/autofs/ncrc-svm1_proj/epic/spack-stack/c6/spack-stack-1.6.0/envs/gsi-addon-dev-fms-2024.01/install/intel/2023.2.0/py-xarray-2023.7.0-ozoxbgs/lib/python3.11/site-packages:/autofs/ncrc-svm1_proj/epic/spack-stack/c6/spack-stack-1.6.0/envs/gsi-addon-dev-fms-2024.01/install/intel/2023.2.0/py-packaging-23.1-sep32z3/lib/python3.11/site-packages:/autofs/ncrc-svm1_proj/epic/spack-stack/c6/spack-stack-1.6.0/envs/gsi-addon-dev-fms-2024.01/install/intel/2023.2.0/py-python-dateutil-2.8.2-bxlqjfj/lib/python3.11/site-packages:/autofs/ncrc-svm1_proj/epic/spack-stack/c6/spack-stack-1.6.0/envs/gsi-addon-dev-fms-2024.01/install/intel/2023.2.0/py-six-1.16.0-j3lczkg/lib/python3.11/site-packages:/autofs/ncrc-svm1_proj/epic/spack-stack/c6/spack-stack-1.6.0/envs/gsi-addon-dev-fms-2024.01/install/intel/2023.2.0/py-pandas-1.5.3-wyb2e7x/lib/python3.11/site-packages:/autofs/ncrc-svm1_proj/epic/spack-stack/c6/spack-stack-1.6.0/envs/gsi-addon-dev-fms-2024.01/install/intel/2023.2.0/py-xlwt-1.3.0-tzgvwhp/lib/python3.11/site-packages:/autofs/ncrc-svm1_proj/epic/spack-stack/c6/spack-stack-1.6.0/envs/gsi-addon-dev-fms-2024.01/install/intel/2023.2.0/py-xlsxwriter-3.1.7-vsx375z/lib/python3.11/site-packages:/autofs/ncrc-svm1_proj/epic/spack-stack/c6/spack-stack-1.6.0/envs/gsi-addon-dev-fms-2024.01/install/intel/2023.2.0/py-xlrd-2.0.1-7f7n55b/lib/python3.11/site-packages:/autofs/ncrc-svm1_proj/epic/spack-stack/c6/spack-stack-1.6.0/envs/gsi-addon-dev-fms-2024.01/install/intel/2023.2.0/py-pyxlsb-1.0.10-yf2yish/lib/python3.11/site-packages:/autofs/ncrc-svm1_proj/epic/spack-stack/c6/spack-stack-1.6.0/envs/gsi-addon-dev-fms-2024.01/install/intel/2023.2.0/py-pytz-2023.3-wbjoep3/lib/python3.11/site-packages:/autofs/ncrc-svm1_proj/epic/spack-stack/c6/spack-stack-1.6.0/envs/gsi-addon-dev-fms-2024.01/install/intel/2023.2.0/py-openpyxl-3.1.2-3g7ehn2/lib/python3.11/site-packages:/autofs/ncrc-svm1_proj/epic/spack-stack/c6/spack-stack-1.6.0/envs/gsi-addon-dev-fms-2024.01/install/intel/2023.2.0/py-et-xmlfile-1.0.1-iprhnfe/lib/python3.11/site-packages:/autofs/ncrc-svm1_proj/epic/spack-stack/c6/spack-stack-1.6.0/envs/gsi-addon-dev-fms-2024.01/install/intel/2023.2.0/py-numexpr-2.8.4-svc4zzb/lib/python3.11/site-packages:/autofs/ncrc-svm1_proj/epic/spack-stack/c6/spack-stack-1.6.0/envs/gsi-addon-dev-fms-2024.01/install/intel/2023.2.0/py-bottleneck-1.3.7-w3cslfi/lib/python3.11/site-packages:/autofs/ncrc-svm1_proj/epic/spack-stack/c6/spack-stack-1.6.0/envs/gsi-addon-dev-fms-2024.01/install/intel/2023.2.0/py-jinja2-3.1.2-dziq6px/lib/python3.11/site-packages:/autofs/ncrc-svm1_proj/epic/spack-stack/c6/spack-stack-1.6.0/envs/gsi-addon-dev-fms-2024.01/install/intel/2023.2.0/py-markupsafe-2.1.3-izecrid/lib/python3.11/site-packages:/autofs/ncrc-svm1_proj/epic/spack-stack/c6/spack-stack-1.6.0/envs/gsi-addon-dev-fms-2024.01/install/intel/2023.2.0/py-pyyaml-6.0-g3ruzyd/lib/python3.11/site-packages:/autofs/ncrc-svm1_proj/epic/spack-stack/c6/spack-stack-1.6.0/envs/gsi-addon-dev-fms-2024.01/install/intel/2023.2.0/py-f90nml-1.4.3-sqdas3d/lib/python3.11/site-packages:/autofs/ncrc-svm1_proj/epic/spack-stack/c6/spack-stack-1.6.0/envs/gsi-addon-dev-fms-2024.01/install/intel/2023.2.0/py-netcdf4-1.5.8-444i5pm/lib/python3.11/site-packages:/autofs/ncrc-svm1_proj/epic/spack-stack/c6/spack-stack-1.6.0/envs/gsi-addon-dev-fms-2024.01/install/intel/2023.2.0/py-cftime-1.0.3.4-dgtglhq/lib/python3.11/site-packages:/autofs/ncrc-svm1_proj/epic/spack-stack/c6/spack-stack-1.6.0/envs/gsi-addon-dev-fms-2024.01/install/intel/2023.2.0/bufr-11.7.0-2pzpov2/lib64/python3.11/site-packages:/autofs/ncrc-svm1_proj/epic/spack-stack/c6/spack-stack-1.6.0/envs/gsi-addon-dev-fms-2024.01/install/intel/2023.2.0/bufr-11.7.0-2pzpov2/lib/python3.11/site-packages:/autofs/ncrc-svm1_proj/epic/spack-stack/c6/spack-stack-1.6.0/envs/gsi-addon-dev-fms-2024.01/install/intel/2023.2.0/py-numpy-1.23.4-ir4kiqb/lib/python3.11/site-packages:/autofs/ncrc-svm1_proj/epic/spack-stack/c6/spack-stack-1.6.0/envs/gsi-addon-dev-fms-2024.01/install/intel/2023.2.0/py-setuptools-63.4.3-qi6dp6j/lib/python3.11/site-packages:/gpfs/f6/drsa-precip3/world-shared/global/CI/3847/global-workflow/ush:/gpfs/f6/drsa-precip3/world-shared/global/CI/3847/global-workflow/ush/python
++ export PYTHONPATH
++ ulimit -S -s 1048576
++ unset ulimit_s
+ status=0
+ [[ 0 -ne 0 ]]
+ export job=sfcanl
+ job=sfcanl
+ export jobid=sfcanl.92036
+ jobid=sfcanl.92036
+ /gpfs/f6/drsa-precip3/world-shared/global/CI/3847/global-workflow/jobs/JGLOBAL_ATMOS_SFCANL
Begin /gpfs/f6/drsa-precip3/world-shared/global/CI/3847/global-workflow/jobs/JGLOBAL_ATMOS_SFCANL at Thu 10 Jul 2025 08:40:44 PM UTC
++ jjob_header.sh[46]OPTIND=1
++ jjob_header.sh[47]getopts c:e: option
++ jjob_header.sh[48]case "${option}" in
++ jjob_header.sh[50]env_job=sfcanl
++ jjob_header.sh[47]getopts c:e: option
++ jjob_header.sh[48]case "${option}" in
++ jjob_header.sh[49]read -ra configs
++ jjob_header.sh[47]getopts c:e: option
++ jjob_header.sh[61]shift 4
++ jjob_header.sh[63][[ -z sfcanl ]]
++ jjob_header.sh[71]export DATA=/gpfs/f6/drsa-precip4/world-shared/role.glopara/RUNDIRS/C96C48mx500_S2SW_cyc_gfs_9fef2bde/gfs.2021122018/sfcanl.92036
++ jjob_header.sh[71]DATA=/gpfs/f6/drsa-precip4/world-shared/role.glopara/RUNDIRS/C96C48mx500_S2SW_cyc_gfs_9fef2bde/gfs.2021122018/sfcanl.92036
++ jjob_header.sh[72][[ YES == \Y\E\S ]]
++ jjob_header.sh[73]rm -rf /gpfs/f6/drsa-precip4/world-shared/role.glopara/RUNDIRS/C96C48mx500_S2SW_cyc_gfs_9fef2bde/gfs.2021122018/sfcanl.92036
++ jjob_header.sh[75]mkdir -p /gpfs/f6/drsa-precip4/world-shared/role.glopara/RUNDIRS/C96C48mx500_S2SW_cyc_gfs_9fef2bde/gfs.2021122018/sfcanl.92036
++ jjob_header.sh[76]cd /gpfs/f6/drsa-precip4/world-shared/role.glopara/RUNDIRS/C96C48mx500_S2SW_cyc_gfs_9fef2bde/gfs.2021122018/sfcanl.92036
++ jjob_header.sh[85]export pid=92099
++ jjob_header.sh[85]pid=92099
++ jjob_header.sh[86]export pgmout=OUTPUT.92099
++ jjob_header.sh[86]pgmout=OUTPUT.92099
++ jjob_header.sh[87]export pgmerr=errfile
++ jjob_header.sh[87]pgmerr=errfile
++ jjob_header.sh[90]export pgm=
++ jjob_header.sh[90]pgm=
++ jjob_header.sh[96]export cycle=t18z
++ jjob_header.sh[96]cycle=t18z
++ jjob_header.sh[97]setpdy.sh
+ setpdy.sh[20]'[' /gpfs/f6/drsa-precip4/world-shared/role.glopara/RUNDIRS/C96C48mx500_S2SW_cyc_gfs_9fef2bde/gfs.2021122018/sfcanl.92036 == /ncrc/home1/role.glopara ']'
+ setpdy.sh[25][[ ! t18z =~ t??z ]]
+ setpdy.sh[30]case $# in
+ setpdy.sh[31]dates_before_PDY=7
+ setpdy.sh[32]dates_after_PDY=7
+ setpdy.sh[50]COMDATEROOT=/gpfs/f6/drsa-precip3/world-shared/global/CI/3847/RUNTESTS/COMROOT
+ setpdy.sh[53]'[' -z 20211220 ']'
+ setpdy.sh[57]sed 's/[0-9]\{8\}/20211220/' /gpfs/f6/drsa-precip3/world-shared/global/CI/3847/RUNTESTS/COMROOT/date/t18z
sed: can't read /gpfs/f6/drsa-precip3/world-shared/global/CI/3847/RUNTESTS/COMROOT/date/t18z: No such file or directory
++ jjob_header.sh[97]true
++ jjob_header.sh[98]source ./PDY
/gpfs/f6/drsa-precip3/world-shared/global/CI/3847/global-workflow/ush/jjob_header.sh: line 98: ./PDY: No such file or directory
++ jjob_header.sh[98]true
++ jjob_header.sh[104]export EXPDIR=/gpfs/f6/drsa-precip3/world-shared/global/CI/3847/RUNTESTS/EXPDIR/C96C48mx500_S2SW_cyc_gfs_9fef2bde
++ jjob_header.sh[104]EXPDIR=/gpfs/f6/drsa-precip3/world-shared/global/CI/3847/RUNTESTS/EXPDIR/C96C48mx500_S2SW_cyc_gfs_9fef2bde
++ jjob_header.sh[105]for config in "${configs[@]:-''}"
++ jjob_header.sh[106]source /gpfs/f6/drsa-precip3/world-shared/global/CI/3847/RUNTESTS/EXPDIR/C96C48mx500_S2SW_cyc_gfs_9fef2bde/config.base
+++ config.base[6]echo 'BEGIN: config.base'
BEGIN: config.base
+++ config.base[9]export machine=GAEAC6
+++ config.base[9]machine=GAEAC6
+++ config.base[12]export RUN_ENVIR=emc
+++ config.base[12]RUN_ENVIR=emc
+++ config.base[15]export ACCOUNT=drsa-precip4
+++ config.base[15]ACCOUNT=drsa-precip4
+++ config.base[16]export QUEUE=normal
+++ config.base[16]QUEUE=normal
+++ config.base[17]export QUEUE_SERVICE=normal
+++ config.base[17]QUEUE_SERVICE=normal
+++ config.base[18]export QUEUE_DTN=hpss
+++ config.base[18]QUEUE_DTN=hpss
+++ config.base[19]export PARTITION_BATCH=batch
+++ config.base[19]PARTITION_BATCH=batch
+++ config.base[20]export PARTITION_SERVICE=batch
+++ config.base[20]PARTITION_SERVICE=batch
+++ config.base[21]export PARTITION_DTN=dtn_f5_f6
+++ config.base[21]PARTITION_DTN=dtn_f5_f6
+++ config.base[22]export RESERVATION=
+++ config.base[22]RESERVATION=
+++ config.base[23]export CLUSTERS=c6
+++ config.base[23]CLUSTERS=c6
+++ config.base[24]export CLUSTERS_SERVICE=c6
+++ config.base[24]CLUSTERS_SERVICE=c6
+++ config.base[25]export CLUSTERS_DTN=es
+++ config.base[25]CLUSTERS_DTN=es
+++ config.base[28]export HPSS_PROJECT=emc-global
+++ config.base[28]HPSS_PROJECT=emc-global
+++ config.base[31]export HOMEgfs=/gpfs/f6/drsa-precip3/world-shared/global/CI/3847/global-workflow
+++ config.base[31]HOMEgfs=/gpfs/f6/drsa-precip3/world-shared/global/CI/3847/global-workflow
+++ config.base[32]export EXECgfs=/gpfs/f6/drsa-precip3/world-shared/global/CI/3847/global-workflow/exec
+++ config.base[32]EXECgfs=/gpfs/f6/drsa-precip3/world-shared/global/CI/3847/global-workflow/exec
+++ config.base[33]export FIXgfs=/gpfs/f6/drsa-precip3/world-shared/global/CI/3847/global-workflow/fix
+++ config.base[33]FIXgfs=/gpfs/f6/drsa-precip3/world-shared/global/CI/3847/global-workflow/fix
+++ config.base[34]export PARMgfs=/gpfs/f6/drsa-precip3/world-shared/global/CI/3847/global-workflow/parm
+++ config.base[34]PARMgfs=/gpfs/f6/drsa-precip3/world-shared/global/CI/3847/global-workflow/parm
+++ config.base[35]export SCRgfs=/gpfs/f6/drsa-precip3/world-shared/global/CI/3847/global-workflow/scripts
+++ config.base[35]SCRgfs=/gpfs/f6/drsa-precip3/world-shared/global/CI/3847/global-workflow/scripts
+++ config.base[36]export USHgfs=/gpfs/f6/drsa-precip3/world-shared/global/CI/3847/global-workflow/ush
+++ config.base[36]USHgfs=/gpfs/f6/drsa-precip3/world-shared/global/CI/3847/global-workflow/ush
+++ config.base[38]export FIXam=/gpfs/f6/drsa-precip3/world-shared/global/CI/3847/global-workflow/fix/am
+++ config.base[38]FIXam=/gpfs/f6/drsa-precip3/world-shared/global/CI/3847/global-workflow/fix/am
+++ config.base[39]export FIXaer=/gpfs/f6/drsa-precip3/world-shared/global/CI/3847/global-workflow/fix/aer
+++ config.base[39]FIXaer=/gpfs/f6/drsa-precip3/world-shared/global/CI/3847/global-workflow/fix/aer
+++ config.base[40]export FIXcpl=/gpfs/f6/drsa-precip3/world-shared/global/CI/3847/global-workflow/fix/cpl
+++ config.base[40]FIXcpl=/gpfs/f6/drsa-precip3/world-shared/global/CI/3847/global-workflow/fix/cpl
+++ config.base[41]export FIXlut=/gpfs/f6/drsa-precip3/world-shared/global/CI/3847/global-workflow/fix/lut
+++ config.base[41]FIXlut=/gpfs/f6/drsa-precip3/world-shared/global/CI/3847/global-workflow/fix/lut
+++ config.base[42]export FIXcice=/gpfs/f6/drsa-precip3/world-shared/global/CI/3847/global-workflow/fix/cice
+++ config.base[42]FIXcice=/gpfs/f6/drsa-precip3/world-shared/global/CI/3847/global-workflow/fix/cice
+++ config.base[43]export FIXmom=/gpfs/f6/drsa-precip3/world-shared/global/CI/3847/global-workflow/fix/mom6
+++ config.base[43]FIXmom=/gpfs/f6/drsa-precip3/world-shared/global/CI/3847/global-workflow/fix/mom6
+++ config.base[44]export FIXreg2grb2=/gpfs/f6/drsa-precip3/world-shared/global/CI/3847/global-workflow/fix/reg2grb2
+++ config.base[44]FIXreg2grb2=/gpfs/f6/drsa-precip3/world-shared/global/CI/3847/global-workflow/fix/reg2grb2
+++ config.base[45]export FIXgdas=/gpfs/f6/drsa-precip3/world-shared/global/CI/3847/global-workflow/fix/gdas
+++ config.base[45]FIXgdas=/gpfs/f6/drsa-precip3/world-shared/global/CI/3847/global-workflow/fix/gdas
+++ config.base[50]export PACKAGEROOT=/gpfs/f6/drsa-precip3/world-shared/role.glopara/nwpara
+++ config.base[50]PACKAGEROOT=/gpfs/f6/drsa-precip3/world-shared/role.glopara/nwpara
+++ config.base[51]export COMROOT=/gpfs/f6/drsa-precip3/world-shared/global/CI/3847/RUNTESTS/COMROOT
+++ config.base[51]COMROOT=/gpfs/f6/drsa-precip3/world-shared/global/CI/3847/RUNTESTS/COMROOT
+++ config.base[52]export COMINsyn=/gpfs/f6/drsa-precip3/world-shared/role.glopara/com/syndat
+++ config.base[52]COMINsyn=/gpfs/f6/drsa-precip3/world-shared/role.glopara/com/syndat
+++ config.base[53]export DMPDIR=/gpfs/f6/drsa-precip3/world-shared/role.glopara/dump
+++ config.base[53]DMPDIR=/gpfs/f6/drsa-precip3/world-shared/role.glopara/dump
+++ config.base[57]export 'COMINecmwf={{ COMINecmwf }}'
+++ config.base[57]COMINecmwf='{{ COMINecmwf }}'
+++ config.base[58]export 'COMINnam={{ COMINnam }}'
+++ config.base[58]COMINnam='{{ COMINnam }}'
+++ config.base[59]export 'COMINukmet={{ COMINukmet }}'
+++ config.base[59]COMINukmet='{{ COMINukmet }}'
+++ config.base[62]export HOMEDIR=/gpfs/f6/drsa-precip4/world-shared/role.glopara
+++ config.base[62]HOMEDIR=/gpfs/f6/drsa-precip4/world-shared/role.glopara
+++ config.base[63]export STMP=/gpfs/f6/drsa-precip4/world-shared/role.glopara
+++ config.base[63]STMP=/gpfs/f6/drsa-precip4/world-shared/role.glopara
+++ config.base[64]export PTMP=/gpfs/f6/drsa-precip4/world-shared/role.glopara
+++ config.base[64]PTMP=/gpfs/f6/drsa-precip4/world-shared/role.glopara
+++ config.base[65]export NOSCRUB=/gpfs/f6/drsa-precip4/world-shared/role.glopara
+++ config.base[65]NOSCRUB=/gpfs/f6/drsa-precip4/world-shared/role.glopara
+++ config.base[68]export BASE_GIT=/gpfs/f6/drsa-precip3/world-shared/role.glopara/git
+++ config.base[68]BASE_GIT=/gpfs/f6/drsa-precip3/world-shared/role.glopara/git
+++ config.base[71]export BASE_DATA=/gpfs/f6/drsa-precip3/world-shared/role.glopara/data
+++ config.base[71]BASE_DATA=/gpfs/f6/drsa-precip3/world-shared/role.glopara/data
+++ config.base[74]export DO_PREP_SFC=NO
+++ config.base[74]DO_PREP_SFC=NO
+++ config.base[77]export DO_GOES=NO
+++ config.base[77]DO_GOES=NO
+++ config.base[78]export DO_BUFRSND=NO
+++ config.base[78]DO_BUFRSND=NO
+++ config.base[79]export DO_GEMPAK=NO
+++ config.base[79]DO_GEMPAK=NO
+++ config.base[80]export DO_AWIPS=NO
+++ config.base[80]DO_AWIPS=NO
+++ config.base[81]export DO_NPOESS=NO
+++ config.base[81]DO_NPOESS=NO
+++ config.base[82]export DO_TRACKER=YES
+++ config.base[82]DO_TRACKER=YES
+++ config.base[83]export DO_GENESIS=YES
+++ config.base[83]DO_GENESIS=YES
+++ config.base[84]export DO_GENESIS_FSU=NO
+++ config.base[84]DO_GENESIS_FSU=NO
+++ config.base[85]export DO_VERFOZN=YES
+++ config.base[85]DO_VERFOZN=YES
+++ config.base[86]export DO_VERFRAD=YES
+++ config.base[86]DO_VERFRAD=YES
+++ config.base[87]export DO_VMINMON=YES
+++ config.base[87]DO_VMINMON=YES
+++ config.base[88]export DO_ANLSTAT=NO
+++ config.base[88]DO_ANLSTAT=NO
+++ config.base[91]export MODE=cycled
+++ config.base[91]MODE=cycled
+++ config.base[92]export DO_TEST_MODE=NO
+++ config.base[92]DO_TEST_MODE=NO
+++ config.base[101]export FIXgsi=/gpfs/f6/drsa-precip3/world-shared/global/CI/3847/global-workflow/fix/gsi
+++ config.base[101]FIXgsi=/gpfs/f6/drsa-precip3/world-shared/global/CI/3847/global-workflow/fix/gsi
+++ config.base[102]export HOMEpost=/gpfs/f6/drsa-precip3/world-shared/global/CI/3847/global-workflow
+++ config.base[102]HOMEpost=/gpfs/f6/drsa-precip3/world-shared/global/CI/3847/global-workflow
+++ config.base[103]export HOMEobsproc=/gpfs/f6/drsa-precip3/world-shared/role.glopara/git/obsproc/v1.2.0
+++ config.base[103]HOMEobsproc=/gpfs/f6/drsa-precip3/world-shared/role.glopara/git/obsproc/v1.2.0
+++ config.base[106]export NMV=/bin/mv
+++ config.base[106]NMV=/bin/mv
+++ config.base[107]export 'NLN=/bin/ln -sf'
+++ config.base[107]NLN='/bin/ln -sf'
+++ config.base[108]export VERBOSE=YES
+++ config.base[108]VERBOSE=YES
+++ config.base[109]export KEEPDATA=NO
+++ config.base[109]KEEPDATA=NO
+++ config.base[110]export DEBUG_POSTSCRIPT=NO
+++ config.base[110]DEBUG_POSTSCRIPT=NO
+++ config.base[111]export CHGRP_RSTPROD=NO
+++ config.base[111]CHGRP_RSTPROD=NO
+++ config.base[112]export 'CHGRP_CMD=chgrp rstprod'
+++ config.base[112]CHGRP_CMD='chgrp rstprod'
+++ config.base[113]export NCDUMP=/autofs/ncrc-svm1_proj/epic/spack-stack/c6/spack-stack-1.6.0/envs/unified-env/install/intel/2023.2.0/netcdf-c-4.9.2-ltruqgg/bin/ncdump
+++ config.base[113]NCDUMP=/autofs/ncrc-svm1_proj/epic/spack-stack/c6/spack-stack-1.6.0/envs/unified-env/install/intel/2023.2.0/netcdf-c-4.9.2-ltruqgg/bin/ncdump
+++ config.base[114]export NCLEN=/gpfs/f6/drsa-precip3/world-shared/global/CI/3847/global-workflow/ush/getncdimlen
+++ config.base[114]NCLEN=/gpfs/f6/drsa-precip3/world-shared/global/CI/3847/global-workflow/ush/getncdimlen
+++ config.base[117]export BASE_ENV=/gpfs/f6/drsa-precip3/world-shared/global/CI/3847/global-workflow/env
+++ config.base[117]BASE_ENV=/gpfs/f6/drsa-precip3/world-shared/global/CI/3847/global-workflow/env
+++ config.base[120]export SDATE=2021122012
+++ config.base[120]SDATE=2021122012
+++ config.base[121]export EDATE=2021122100
+++ config.base[121]EDATE=2021122100
+++ config.base[122]export EXP_WARM_START=.false.
+++ config.base[122]EXP_WARM_START=.false.
+++ config.base[123]export assim_freq=6
+++ config.base[123]assim_freq=6
+++ config.base[124]export PSLOT=C96C48mx500_S2SW_cyc_gfs_9fef2bde
+++ config.base[124]PSLOT=C96C48mx500_S2SW_cyc_gfs_9fef2bde
+++ config.base[125]export EXPDIR=/gpfs/f6/drsa-precip3/world-shared/global/CI/3847/RUNTESTS/EXPDIR/C96C48mx500_S2SW_cyc_gfs_9fef2bde
+++ config.base[125]EXPDIR=/gpfs/f6/drsa-precip3/world-shared/global/CI/3847/RUNTESTS/EXPDIR/C96C48mx500_S2SW_cyc_gfs_9fef2bde
+++ config.base[126]export ROTDIR=/gpfs/f6/drsa-precip3/world-shared/global/CI/3847/RUNTESTS/COMROOT/C96C48mx500_S2SW_cyc_gfs_9fef2bde
+++ config.base[126]ROTDIR=/gpfs/f6/drsa-precip3/world-shared/global/CI/3847/RUNTESTS/COMROOT/C96C48mx500_S2SW_cyc_gfs_9fef2bde
+++ config.base[127]export DUMP_SUFFIX=
+++ config.base[127]DUMP_SUFFIX=
+++ config.base[128][[ 2021122018 -ge 2019092100 ]]
+++ config.base[128][[ 2021122018 -le 2019110700 ]]
+++ config.base[131]export ARCDIR=/gpfs/f6/drsa-precip4/world-shared/role.glopara/archive/C96C48mx500_S2SW_cyc_gfs_9fef2bde
+++ config.base[131]ARCDIR=/gpfs/f6/drsa-precip4/world-shared/role.glopara/archive/C96C48mx500_S2SW_cyc_gfs_9fef2bde
+++ config.base[132]export ATARDIR=/NCEPDEV/emc-global/1year/role.glopara/GAEAC6/scratch/C96C48mx500_S2SW_cyc_gfs_9fef2bde
+++ config.base[132]ATARDIR=/NCEPDEV/emc-global/1year/role.glopara/GAEAC6/scratch/C96C48mx500_S2SW_cyc_gfs_9fef2bde
+++ config.base[133]export 'FETCHDIR={{ FETCHDIR }}'
+++ config.base[133]FETCHDIR='{{ FETCHDIR }}'
+++ config.base[136]export envir=prod
+++ config.base[136]envir=prod
+++ config.base[137]export NET=gfs
+++ config.base[137]NET=gfs
+++ config.base[138]export RUN=gfs
+++ config.base[138]RUN=gfs
+++ config.base[141]source /gpfs/f6/drsa-precip3/world-shared/global/CI/3847/RUNTESTS/EXPDIR/C96C48mx500_S2SW_cyc_gfs_9fef2bde/config.com
++++ config.com[4]echo 'BEGIN: config.com'
BEGIN: config.com
++++ config.com[38][[ emc == \n\c\o ]]
++++ config.com[43]COM_OBSPROC_TMPL='${DMPDIR}/${RUN}${DUMP_SUFFIX}.${YMD}/${HH}/atmos'
++++ config.com[44]COM_RTOFS_TMPL='${DMPDIR}'
++++ config.com[45]COM_TCVITAL_TMPL='${DMPDIR}/${RUN}.${YMD}/${HH}/atmos'
++++ config.com[47]declare -rx 'COM_OBS_TMPL=${ROTDIR}/${RUN}.${YMD}/${HH}/obs'
++++ config.com[48]declare -rx COM_OBSPROC_TMPL COM_RTOFS_TMPL
++++ config.com[50]COM_BASE='${ROTDIR}/${RUN}.${YMD}/${HH}/${MEMDIR}'
++++ config.com[52]declare -rx 'COM_TOP_TMPL=${ROTDIR}/${RUN}.${YMD}/${HH}'
++++ config.com[54]declare -rx 'COM_CONF_TMPL=${ROTDIR}/${RUN}.${YMD}/${HH}/${MEMDIR}/conf'
++++ config.com[55]declare -rx 'COM_OBS_JEDI=${ROTDIR}/${RUN}.${YMD}/${HH}/${MEMDIR}/obs_jedi'
++++ config.com[57]declare -rx 'COM_ATMOS_INPUT_TMPL=${ROTDIR}/${RUN}.${YMD}/${HH}/${MEMDIR}/model/atmos/input'
++++ config.com[58]declare -rx 'COM_ATMOS_RESTART_TMPL=${ROTDIR}/${RUN}.${YMD}/${HH}/${MEMDIR}/model/atmos/restart'
++++ config.com[59]declare -rx 'COM_ATMOS_ANALYSIS_TMPL=${ROTDIR}/${RUN}.${YMD}/${HH}/${MEMDIR}/analysis/atmos'
++++ config.com[60]declare -rx 'COM_SNOW_ANALYSIS_TMPL=${ROTDIR}/${RUN}.${YMD}/${HH}/${MEMDIR}/analysis/snow'
++++ config.com[61]declare -rx 'COM_SNOW_ANLMON_TMPL=${ROTDIR}/${RUN}.${YMD}/${HH}/${MEMDIR}/products/snow/anlmon'
++++ config.com[62]declare -rx 'COM_ATMOS_HISTORY_TMPL=${ROTDIR}/${RUN}.${YMD}/${HH}/${MEMDIR}/model/atmos/history'
++++ config.com[63]declare -rx 'COM_ATMOS_MASTER_TMPL=${ROTDIR}/${RUN}.${YMD}/${HH}/${MEMDIR}/model/atmos/master'
++++ config.com[64]declare -rx 'COM_ATMOS_GRIB_TMPL=${ROTDIR}/${RUN}.${YMD}/${HH}/${MEMDIR}/products/atmos/grib2'
++++ config.com[65]declare -rx 'COM_ATMOS_GRIB_GRID_TMPL=${ROTDIR}/${RUN}.${YMD}/${HH}/${MEMDIR}/products/atmos/grib2/${GRID}'
++++ config.com[66]declare -rx 'COM_ATMOS_BUFR_TMPL=${ROTDIR}/${RUN}.${YMD}/${HH}/${MEMDIR}/products/atmos/bufr'
++++ config.com[67]declare -rx 'COM_ATMOS_GEMPAK_TMPL=${ROTDIR}/${RUN}.${YMD}/${HH}/${MEMDIR}/products/atmos/gempak/${GRID}'
++++ config.com[68]declare -rx 'COM_ATMOS_GENESIS_TMPL=${ROTDIR}/${RUN}.${YMD}/${HH}/${MEMDIR}/products/atmos/cyclone/genesis_vital'
++++ config.com[69]declare -rx 'COM_ATMOS_TRACK_TMPL=${ROTDIR}/${RUN}.${YMD}/${HH}/${MEMDIR}/products/atmos/cyclone/tracks'
++++ config.com[70]declare -rx 'COM_ATMOS_GOES_TMPL=${ROTDIR}/${RUN}.${YMD}/${HH}/${MEMDIR}/products/atmos/goes_sim'
++++ config.com[71]declare -rx 'COM_ATMOS_IMAGERY_TMPL=${ROTDIR}/${RUN}.${YMD}/${HH}/${MEMDIR}/products/atmos/imagery'
++++ config.com[72]declare -rx 'COM_ATMOS_OZNMON_TMPL=${ROTDIR}/${RUN}.${YMD}/${HH}/${MEMDIR}/products/atmos/oznmon'
++++ config.com[73]declare -rx 'COM_ATMOS_RADMON_TMPL=${ROTDIR}/${RUN}.${YMD}/${HH}/${MEMDIR}/products/atmos/radmon'
++++ config.com[74]declare -rx 'COM_ATMOS_MINMON_TMPL=${ROTDIR}/${RUN}.${YMD}/${HH}/${MEMDIR}/products/atmos/minmon'
++++ config.com[75]declare -rx 'COM_ATMOS_ANLMON_TMPL=${ROTDIR}/${RUN}.${YMD}/${HH}/${MEMDIR}/products/atmos/anlmon'
++++ config.com[76]declare -rx 'COM_ATMOS_WMO_TMPL=${ROTDIR}/${RUN}.${YMD}/${HH}/${MEMDIR}/products/atmos/wmo'
++++ config.com[78]declare -rx 'COM_WAVE_RESTART_TMPL=${ROTDIR}/${RUN}.${YMD}/${HH}/${MEMDIR}/model/wave/restart'
++++ config.com[79]declare -rx 'COM_WAVE_PREP_TMPL=${ROTDIR}/${RUN}.${YMD}/${HH}/${MEMDIR}/model/wave/prep'
++++ config.com[80]declare -rx 'COM_WAVE_HISTORY_TMPL=${ROTDIR}/${RUN}.${YMD}/${HH}/${MEMDIR}/model/wave/history'
++++ config.com[81]declare -rx 'COM_WAVE_GRID_TMPL=${ROTDIR}/${RUN}.${YMD}/${HH}/${MEMDIR}/products/wave/gridded'
++++ config.com[82]declare -rx 'COM_WAVE_GRID_RES_TMPL=${ROTDIR}/${RUN}.${YMD}/${HH}/${MEMDIR}/products/wave/gridded/${GRDRESNAME}'
++++ config.com[83]declare -rx 'COM_WAVE_STATION_TMPL=${ROTDIR}/${RUN}.${YMD}/${HH}/${MEMDIR}/products/wave/station'
++++ config.com[84]declare -rx 'COM_WAVE_GEMPAK_TMPL=${ROTDIR}/${RUN}.${YMD}/${HH}/${MEMDIR}/products/wave/gempak'
++++ config.com[85]declare -rx 'COM_WAVE_WMO_TMPL=${ROTDIR}/${RUN}.${YMD}/${HH}/${MEMDIR}/products/wave/wmo'
++++ config.com[87]declare -rx 'COM_OCEAN_HISTORY_TMPL=${ROTDIR}/${RUN}.${YMD}/${HH}/${MEMDIR}/model/ocean/history'
++++ config.com[88]declare -rx 'COM_OCEAN_RESTART_TMPL=${ROTDIR}/${RUN}.${YMD}/${HH}/${MEMDIR}/model/ocean/restart'
++++ config.com[89]declare -rx 'COM_OCEAN_INPUT_TMPL=${ROTDIR}/${RUN}.${YMD}/${HH}/${MEMDIR}/model/ocean/input'
++++ config.com[90]declare -rx 'COM_OCEAN_ANALYSIS_TMPL=${ROTDIR}/${RUN}.${YMD}/${HH}/${MEMDIR}/analysis/ocean'
++++ config.com[91]declare -rx 'COM_OCEAN_ANLMON_TMPL=${ROTDIR}/${RUN}.${YMD}/${HH}/${MEMDIR}/products/ocean/anlmon'
++++ config.com[92]declare -rx 'COM_OCEAN_LETKF_TMPL=${ROTDIR}/${RUN}.${YMD}/${HH}/${MEMDIR}/analysis/ocean/letkf'
++++ config.com[93]declare -rx 'COM_OCEAN_BMATRIX_TMPL=${ROTDIR}/${RUN}.${YMD}/${HH}/${MEMDIR}/bmatrix/ocean'
++++ config.com[94]declare -rx 'COM_OCEAN_NETCDF_TMPL=${ROTDIR}/${RUN}.${YMD}/${HH}/${MEMDIR}/products/ocean/netcdf'
++++ config.com[95]declare -rx 'COM_OCEAN_GRIB_TMPL=${ROTDIR}/${RUN}.${YMD}/${HH}/${MEMDIR}/products/ocean/grib2'
++++ config.com[96]declare -rx 'COM_OCEAN_GRIB_GRID_TMPL=${ROTDIR}/${RUN}.${YMD}/${HH}/${MEMDIR}/products/ocean/grib2/${GRID}'
++++ config.com[98]declare -rx 'COM_ICE_ANALYSIS_TMPL=${ROTDIR}/${RUN}.${YMD}/${HH}/${MEMDIR}/analysis/ice'
++++ config.com[99]declare -rx 'COM_ICE_LETKF_TMPL=${ROTDIR}/${RUN}.${YMD}/${HH}/${MEMDIR}/analysis/ice/letkf'
++++ config.com[100]declare -rx 'COM_ICE_ANLMON_TMPL=${ROTDIR}/${RUN}.${YMD}/${HH}/${MEMDIR}/products/ice/anlmon'
++++ config.com[101]declare -rx 'COM_ICE_BMATRIX_TMPL=${ROTDIR}/${RUN}.${YMD}/${HH}/${MEMDIR}/bmatrix/ice'
++++ config.com[102]declare -rx 'COM_ICE_INPUT_TMPL=${ROTDIR}/${RUN}.${YMD}/${HH}/${MEMDIR}/model/ice/input'
++++ config.com[103]declare -rx 'COM_ICE_HISTORY_TMPL=${ROTDIR}/${RUN}.${YMD}/${HH}/${MEMDIR}/model/ice/history'
++++ config.com[104]declare -rx 'COM_ICE_RESTART_TMPL=${ROTDIR}/${RUN}.${YMD}/${HH}/${MEMDIR}/model/ice/restart'
++++ config.com[105]declare -rx 'COM_ICE_NETCDF_TMPL=${ROTDIR}/${RUN}.${YMD}/${HH}/${MEMDIR}/products/ice/netcdf'
++++ config.com[106]declare -rx 'COM_ICE_GRIB_TMPL=${ROTDIR}/${RUN}.${YMD}/${HH}/${MEMDIR}/products/ice/grib2'
++++ config.com[107]declare -rx 'COM_ICE_GRIB_GRID_TMPL=${ROTDIR}/${RUN}.${YMD}/${HH}/${MEMDIR}/products/ice/grib2/${GRID}'
++++ config.com[109]declare -rx 'COM_CHEM_HISTORY_TMPL=${ROTDIR}/${RUN}.${YMD}/${HH}/${MEMDIR}/model/chem/history'
++++ config.com[110]declare -rx 'COM_CHEM_ANALYSIS_TMPL=${ROTDIR}/${RUN}.${YMD}/${HH}/${MEMDIR}/analysis/chem'
++++ config.com[111]declare -rx 'COM_CHEM_BMAT_TMPL=${ROTDIR}/${RUN}.${YMD}/${HH}/${MEMDIR}/analysis/chem/bmatrix'
++++ config.com[112]declare -rx 'COM_CHEM_ANLMON_TMPL=${ROTDIR}/${RUN}.${YMD}/${HH}/${MEMDIR}/products/chem/anlmon'
++++ config.com[114]declare -rx 'COM_MED_RESTART_TMPL=${ROTDIR}/${RUN}.${YMD}/${HH}/${MEMDIR}/model/med/restart'
+++ config.base[143]export LOGSCRIPT=
+++ config.base[143]LOGSCRIPT=
+++ config.base[145]export 'REDOUT=1>'
+++ config.base[145]REDOUT='1>'
+++ config.base[146]export 'REDERR=2>'
+++ config.base[146]REDERR='2>'
+++ config.base[148]export SENDECF=NO
+++ config.base[148]SENDECF=NO
+++ config.base[149]export SENDSDM=NO
+++ config.base[149]SENDSDM=NO
+++ config.base[150]export SENDDBN_NTC=NO
+++ config.base[150]SENDDBN_NTC=NO
+++ config.base[151]export SENDDBN=NO
+++ config.base[151]SENDDBN=NO
+++ config.base[152]export DBNROOT=/autofs/ncrc-svm1_proj/epic/spack-stack/c6/spack-stack-1.6.0/envs/unified-env/install/intel/2023.2.0/prod-util-2.1.1-ynnwpz3/fakedbn
+++ config.base[152]DBNROOT=/autofs/ncrc-svm1_proj/epic/spack-stack/c6/spack-stack-1.6.0/envs/unified-env/install/intel/2023.2.0/prod-util-2.1.1-ynnwpz3/fakedbn
+++ config.base[153]export SENDAWIP=NO
+++ config.base[153]SENDAWIP=NO
+++ config.base[156]export APP=S2SW
+++ config.base[156]APP=S2SW
+++ config.base[158]shopt -s extglob
+++ config.base[161]case "${RUN}" in
+++ config.base[168]shopt -u extglob
+++ config.base[171]export DO_ATM=YES
+++ config.base[171]DO_ATM=YES
+++ config.base[172]export DO_COUPLED=NO
+++ config.base[172]DO_COUPLED=NO
+++ config.base[173]export DO_WAVE=NO
+++ config.base[173]DO_WAVE=NO
+++ config.base[174]export DO_OCN=NO
+++ config.base[174]DO_OCN=NO
+++ config.base[175]export DO_ICE=NO
+++ config.base[175]DO_ICE=NO
+++ config.base[176]DO_AERO=NO
+++ config.base[177]export DO_PREP_OBS_AERO=NO
+++ config.base[177]DO_PREP_OBS_AERO=NO
+++ config.base[178]aero_fcst_runs=gdas
+++ config.base[179]aero_anl_runs='gdas gfs'
+++ config.base[180]export DO_AERO_FCST=NO
+++ config.base[180]DO_AERO_FCST=NO
+++ config.base[181]export DO_AERO_ANL=NO
+++ config.base[181]DO_AERO_ANL=NO
+++ config.base[182]export DOBNDPNT_WAVE=YES
+++ config.base[182]DOBNDPNT_WAVE=YES
+++ config.base[183]export DOIBP_WAV=NO
+++ config.base[183]DOIBP_WAV=NO
+++ config.base[184]export FRAC_GRID=.true.
+++ config.base[184]FRAC_GRID=.true.
+++ config.base[185]export DO_NEST=NO
+++ config.base[185]DO_NEST=NO
+++ config.base[186][[ NO == \Y\E\S ]]
+++ config.base[192]export ntiles=6
+++ config.base[192]ntiles=6
+++ config.base[193]export FIXugwd=/gpfs/f6/drsa-precip3/world-shared/global/CI/3847/global-workflow/fix/ugwd
+++ config.base[193]FIXugwd=/gpfs/f6/drsa-precip3/world-shared/global/CI/3847/global-workflow/fix/ugwd
+++ config.base[194]export FIXorog=/gpfs/f6/drsa-precip3/world-shared/global/CI/3847/global-workflow/fix/orog
+++ config.base[194]FIXorog=/gpfs/f6/drsa-precip3/world-shared/global/CI/3847/global-workflow/fix/orog
+++ config.base[198]export OPS_RES=C768
+++ config.base[198]OPS_RES=C768
+++ config.base[201]export LEVS=128
+++ config.base[201]LEVS=128
+++ config.base[202]export CASE=C96
+++ config.base[202]CASE=C96
+++ config.base[203]export CASE_ENS=C48
+++ config.base[203]CASE_ENS=C48
+++ config.base[204]export OCNRES=500
+++ config.base[204]OCNRES=500
+++ config.base[205]export ICERES=500
+++ config.base[205]ICERES=500
+++ config.base[208]case "${CASE}" in
+++ config.base[213]export waveGRD=uglo_100km
+++ config.base[213]waveGRD=uglo_100km
+++ config.base[227]case "${APP}" in
+++ config.base[243]export DO_COUPLED=YES
+++ config.base[243]DO_COUPLED=YES
+++ config.base[244]export DO_OCN=YES
+++ config.base[244]DO_OCN=YES
+++ config.base[245]export DO_ICE=YES
+++ config.base[245]DO_ICE=YES
+++ config.base[247][[ S2SW =~ A$ ]]
+++ config.base[251][[ S2SW =~ ^S2SW ]]
+++ config.base[252]export DO_WAVE=YES
+++ config.base[252]DO_WAVE=YES
+++ config.base[262][[ NO == \Y\E\S ]]
+++ config.base[272][[ gfs =~ gdas ]]
+++ config.base[275][[ gfs =~ gfs ]]
+++ config.base[276]export FHCYC=24
+++ config.base[276]FHCYC=24
+++ config.base[280]export FHMIN=0
+++ config.base[280]FHMIN=0
+++ config.base[281]export FHMAX=9
+++ config.base[281]FHMAX=9
+++ config.base[282]export FHOUT=3
+++ config.base[282]FHOUT=3
+++ config.base[283]export FHOUT_OCN=3
+++ config.base[283]FHOUT_OCN=3
+++ config.base[284]export FHOUT_ICE=3
+++ config.base[284]FHOUT_ICE=3
+++ config.base[285]export FHOUT_AERO=3
+++ config.base[285]FHOUT_AERO=3
+++ config.base[288]export EUPD_CYC=both
+++ config.base[288]EUPD_CYC=both
+++ config.base[291]export INTERVAL_GFS=6
+++ config.base[291]INTERVAL_GFS=6
+++ config.base[292]export SDATE_GFS=2021122018
+++ config.base[292]SDATE_GFS=2021122018
+++ config.base[295]export FHMIN_GFS=0
+++ config.base[295]FHMIN_GFS=0
+++ config.base[296]export FHMAX_GFS=120
+++ config.base[296]FHMAX_GFS=120
+++ config.base[298]breakpnts=
+++ config.base[299]export FCST_SEGMENTS=0,120
+++ config.base[299]FCST_SEGMENTS=0,120
+++ config.base[300]export FHOUT_GFS=3
+++ config.base[300]FHOUT_GFS=3
+++ config.base[301]export FHMAX_HF_GFS=48
+++ config.base[301]FHMAX_HF_GFS=48
+++ config.base[302]export FHMAX_HF_GFS=48
+++ config.base[302]FHMAX_HF_GFS=48
+++ config.base[303]export FHOUT_HF_GFS=1
+++ config.base[303]FHOUT_HF_GFS=1
+++ config.base[306]export FHMIN_WAV=0
+++ config.base[306]FHMIN_WAV=0
+++ config.base[307]export FHOUT_WAV=1
+++ config.base[307]FHOUT_WAV=1
+++ config.base[308]export FHMAX_WAV=9
+++ config.base[308]FHMAX_WAV=9
+++ config.base[309]export FHMAX_WAV=9
+++ config.base[309]FHMAX_WAV=9
+++ config.base[310]export FHOUT_WAV_GFS=3
+++ config.base[310]FHOUT_WAV_GFS=3
+++ config.base[311]export FHMAX_WAV_GFS=120
+++ config.base[311]FHMAX_WAV_GFS=120
+++ config.base[312]export FHOUT_HF_WAV=1
+++ config.base[312]FHOUT_HF_WAV=1
+++ config.base[313]export FHMAX_HF_WAV=48
+++ config.base[313]FHMAX_HF_WAV=48
+++ config.base[314]export FHMAX_HF_WAV=48
+++ config.base[314]FHMAX_HF_WAV=48
+++ config.base[317]export FHOUT_OCN_GFS=6
+++ config.base[317]FHOUT_OCN_GFS=6
+++ config.base[318]export FHOUT_ICE_GFS=6
+++ config.base[318]FHOUT_ICE_GFS=6
+++ config.base[321]export ILPOST=1
+++ config.base[321]ILPOST=1
+++ config.base[322]((  FHMAX_HF_GFS < 120  ))
+++ config.base[323]export ILPOST=3
+++ config.base[323]ILPOST=3
+++ config.base[327]export FHMAX_GOES=180
+++ config.base[327]FHMAX_GOES=180
+++ config.base[328]export FHOUT_GOES=3
+++ config.base[328]FHOUT_GOES=3
+++ config.base[329]((  FHMAX_GOES > FHMAX_GFS  ))
+++ config.base[330]export FHMAX_GOES=120
+++ config.base[330]FHMAX_GOES=120
+++ config.base[334]export restart_interval_gfs=12
+++ config.base[334]restart_interval_gfs=12
+++ config.base[339]export QUILTING=.true.
+++ config.base[339]QUILTING=.true.
+++ config.base[340]export OUTPUT_GRID=gaussian_grid
+++ config.base[340]OUTPUT_GRID=gaussian_grid
+++ config.base[341]export WRITE_DOPOST=.true.
+++ config.base[341]WRITE_DOPOST=.true.
+++ config.base[342]export WRITE_NSFLIP=.true.
+++ config.base[342]WRITE_NSFLIP=.true.
+++ config.base[345]export DOIAU=YES
+++ config.base[345]DOIAU=YES
+++ config.base[346]export IAUFHRS=3,6,9
+++ config.base[346]IAUFHRS=3,6,9
+++ config.base[347]export IAU_FHROT=3
+++ config.base[347]IAU_FHROT=3
+++ config.base[348]export IAU_DELTHRS=6
+++ config.base[348]IAU_DELTHRS=6
+++ config.base[349]export IAU_OFFSET=6
+++ config.base[349]IAU_OFFSET=6
+++ config.base[350]export DOIAU_ENKF=YES
+++ config.base[350]DOIAU_ENKF=YES
+++ config.base[351]export IAUFHRS_ENKF=3,6,9
+++ config.base[351]IAUFHRS_ENKF=3,6,9
+++ config.base[352]export IAU_DELTHRS_ENKF=6
+++ config.base[352]IAU_DELTHRS_ENKF=6
+++ config.base[355]export lobsdiag_forenkf=.true.
+++ config.base[355]lobsdiag_forenkf=.true.
+++ config.base[363]export imp_physics=8
+++ config.base[363]imp_physics=8
+++ config.base[367]export DO_JEDIATMVAR=NO
+++ config.base[367]DO_JEDIATMVAR=NO
+++ config.base[368]export DO_JEDIATMENS=NO
+++ config.base[368]DO_JEDIATMENS=NO
+++ config.base[369]export DO_JEDIOCNVAR=YES
+++ config.base[369]DO_JEDIOCNVAR=YES
+++ config.base[370]export DO_JEDISNOWDA=YES
+++ config.base[370]DO_JEDISNOWDA=YES
+++ config.base[371]export DO_MERGENSST=NO
+++ config.base[371]DO_MERGENSST=NO
+++ config.base[372]export DO_STARTMEM_FROM_JEDIICE=YES
+++ config.base[372]DO_STARTMEM_FROM_JEDIICE=YES
+++ config.base[375]export DOHYBVAR=YES
+++ config.base[375]DOHYBVAR=YES
+++ config.base[376]export DOHYBVAR_OCN=YES
+++ config.base[376]DOHYBVAR_OCN=YES
+++ config.base[377]export DOLETKF_OCN=NO
+++ config.base[377]DOLETKF_OCN=NO
+++ config.base[378]export NMEM_ENS=2
+++ config.base[378]NMEM_ENS=2
+++ config.base[379]export SMOOTH_ENKF=NO
+++ config.base[379]SMOOTH_ENKF=NO
+++ config.base[380]export l4densvar=.true.
+++ config.base[380]l4densvar=.true.
+++ config.base[381]export lwrite4danl=.true.
+++ config.base[381]lwrite4danl=.true.
+++ config.base[382]export DO_CALC_INCREMENT=NO
+++ config.base[382]DO_CALC_INCREMENT=NO
+++ config.base[385]export NMEM_ENS_GFS=2
+++ config.base[385]NMEM_ENS_GFS=2
+++ config.base[386]export NMEM_ENS_GFS_OFFSET=0
+++ config.base[386]NMEM_ENS_GFS_OFFSET=0
+++ config.base[387]export DO_CALC_INCREMENT_ENKF_GFS=NO
+++ config.base[387]DO_CALC_INCREMENT_ENKF_GFS=NO
+++ config.base[390][[ YES = \Y\E\S ]]
+++ config.base[391]export FHMIN_ENKF=3
+++ config.base[391]FHMIN_ENKF=3
+++ config.base[392]export FHMAX_ENKF=9
+++ config.base[392]FHMAX_ENKF=9
+++ config.base[393]export FHMAX_ENKF_GFS=12
+++ config.base[393]FHMAX_ENKF_GFS=12
+++ config.base[394]export FHOUT_ENKF_GFS=3
+++ config.base[394]FHOUT_ENKF_GFS=3
+++ config.base[395][[ .true. = \.\t\r\u\e\. ]]
+++ config.base[396]export FHOUT=1
+++ config.base[396]FHOUT=1
+++ config.base[397]export FHOUT_ENKF=1
+++ config.base[397]FHOUT_ENKF=1
+++ config.base[404][[ YES == \N\O ]]
+++ config.base[412]export ENKF_SPREAD=YES
+++ config.base[412]ENKF_SPREAD=YES
+++ config.base[415]export DO_GSISOILDA=YES
+++ config.base[415]DO_GSISOILDA=YES
+++ config.base[416]export DO_LAND_IAU=.true.
+++ config.base[416]DO_LAND_IAU=.true.
+++ config.base[417]export LSOIL_INCR=2
+++ config.base[417]LSOIL_INCR=2
+++ config.base[420][[ cycled = \c\y\c\l\e\d ]]
+++ config.base[420][[ 2021122012 = \2\0\2\1\1\2\2\0\1\8 ]]
+++ config.base[420][[ YES = \N\O ]]
+++ config.base[420][[ cycled = \f\o\r\e\c\a\s\t\-\o\n\l\y ]]
+++ config.base[427][[ YES = \N\O ]]
+++ config.base[431][[ YES == \Y\E\S ]]
+++ config.base[432]export restart_interval_enkfgdas=3
+++ config.base[432]restart_interval_enkfgdas=3
+++ config.base[437]export restart_interval_enkfgfs=3
+++ config.base[437]restart_interval_enkfgfs=3
+++ config.base[439][[ YES == \Y\E\S ]]
+++ config.base[440]export restart_interval_gdas=3
+++ config.base[440]restart_interval_gdas=3
+++ config.base[446]export DONST=YES
+++ config.base[446]DONST=YES
+++ config.base[447][[ YES = \Y\E\S ]]
+++ config.base[447]export 'FNTSFA=        '
+++ config.base[447]FNTSFA='        '
+++ config.base[450]export nst_anl=.true.
+++ config.base[450]nst_anl=.true.
+++ config.base[453]export MAKE_NSSTBUFR=NO
+++ config.base[453]MAKE_NSSTBUFR=NO
+++ config.base[456]export MAKE_ACFTBUFR=NO
+++ config.base[456]MAKE_ACFTBUFR=NO
+++ config.base[459]export 'INCREMENTS_TO_ZERO='\''liq_wat_inc'\'','\''icmr_inc'\'','\''rwmr_inc'\'','\''snmr_inc'\'','\''grle_inc'\'''
+++ config.base[459]INCREMENTS_TO_ZERO=''\''liq_wat_inc'\'','\''icmr_inc'\'','\''rwmr_inc'\'','\''snmr_inc'\'','\''grle_inc'\'''
+++ config.base[462]export 'INCVARS_ZERO_STRAT='\''sphum_inc'\'','\''liq_wat_inc'\'','\''icmr_inc'\'','\''rwmr_inc'\'','\''snmr_inc'\'','\''grle_inc'\'''
+++ config.base[462]INCVARS_ZERO_STRAT=''\''sphum_inc'\'','\''liq_wat_inc'\'','\''icmr_inc'\'','\''rwmr_inc'\'','\''snmr_inc'\'','\''grle_inc'\'''
+++ config.base[463]export INCVARS_EFOLD=5
+++ config.base[463]INCVARS_EFOLD=5
+++ config.base[468]export netcdf_diag=.true.
+++ config.base[468]netcdf_diag=.true.
+++ config.base[469]export binary_diag=.false.
+++ config.base[469]binary_diag=.false.
+++ config.base[472]export DO_CA=YES
+++ config.base[472]DO_CA=YES
+++ config.base[475]export DO_METP=YES
+++ config.base[475]DO_METP=YES
+++ config.base[476]export DO_FIT2OBS=YES
+++ config.base[476]DO_FIT2OBS=YES
+++ config.base[479]export FHMAX_FITS=132
+++ config.base[479]FHMAX_FITS=132
+++ config.base[480][[ 132 -gt 120 ]]
+++ config.base[481]export FHMAX_FITS=120
+++ config.base[481]FHMAX_FITS=120
+++ config.base[486]export DO_FETCH_HPSS=NO
+++ config.base[486]DO_FETCH_HPSS=NO
+++ config.base[487]export DO_FETCH_LOCAL=NO
+++ config.base[487]DO_FETCH_LOCAL=NO
+++ config.base[490]export DO_ARCHCOM=YES
+++ config.base[490]DO_ARCHCOM=YES
+++ config.base[491]export ARCHCOM_TO=hpss
+++ config.base[491]ARCHCOM_TO=hpss
+++ config.base[494]export 'CLIENT_GLOBUS_UUID={{ CLIENT_GLOBUS_UUID }}'
+++ config.base[494]CLIENT_GLOBUS_UUID='{{ CLIENT_GLOBUS_UUID }}'
+++ config.base[497][[ NO = \Y\E\S ]]
+++ config.base[504][[ NO = \Y\E\S ]]
+++ config.base[504][[ YES = \Y\E\S ]]
+++ config.base[505]export DO_ANLSTAT=YES
+++ config.base[505]DO_ANLSTAT=YES
+++ config.base[510]export REPLAY_ICS=NO
+++ config.base[510]REPLAY_ICS=NO
+++ config.base[511]export OFFSET_START_HOUR=0
+++ config.base[511]OFFSET_START_HOUR=0
+++ config.base[514]export NUM_SND_COLLECTIVES=9
+++ config.base[514]NUM_SND_COLLECTIVES=9
+++ config.base[516]echo 'END: config.base'
END: config.base
++ jjob_header.sh[106]true
++ jjob_header.sh[107]export err=0
++ jjob_header.sh[107]err=0
++ jjob_header.sh[108][[ 0 -ne 0 ]]
++ jjob_header.sh[105]for config in "${configs[@]:-''}"
++ jjob_header.sh[106]source /gpfs/f6/drsa-precip3/world-shared/global/CI/3847/RUNTESTS/EXPDIR/C96C48mx500_S2SW_cyc_gfs_9fef2bde/config.sfcanl
+++ config.sfcanl[6]echo 'BEGIN: config.sfcanl'
BEGIN: config.sfcanl
+++ config.sfcanl[9]source /gpfs/f6/drsa-precip3/world-shared/global/CI/3847/RUNTESTS/EXPDIR/C96C48mx500_S2SW_cyc_gfs_9fef2bde/config.resources sfcanl
++++ config.resources[10]((  1 != 1  ))
++++ config.resources[34]step=sfcanl
++++ config.resources[36]echo 'BEGIN: config.resources'
BEGIN: config.resources
++++ config.resources[38]case ${machine} in
++++ config.resources[56]max_tasks_per_node=192
++++ config.resources[58]mem_node_max=384GB
++++ config.resources[106]export max_tasks_per_node
++++ config.resources[108]case ${step} in
++++ config.resources[794]walltime=00:20:00
++++ config.resources[795]ntasks=6
++++ config.resources[796]threads_per_task=1
++++ config.resources[797]tasks_per_node=192
++++ config.resources[798]export is_exclusive=True
++++ config.resources[798]is_exclusive=True
++++ config.resources[1408][[ -f /gpfs/f6/drsa-precip3/world-shared/global/CI/3847/RUNTESTS/EXPDIR/C96C48mx500_S2SW_cyc_gfs_9fef2bde/config.resources.GAEAC6 ]]
++++ config.resources[1409]source /gpfs/f6/drsa-precip3/world-shared/global/CI/3847/RUNTESTS/EXPDIR/C96C48mx500_S2SW_cyc_gfs_9fef2bde/config.resources.GAEAC6
+++++ config.resources.GAEAC6[5]unset memory
+++++ config.resources.GAEAC6[6]unset memory_gfs
+++++ config.resources.GAEAC6[7]export FI_CXI_RX_MATCH_MODE=hybrid
+++++ config.resources.GAEAC6[7]FI_CXI_RX_MATCH_MODE=hybrid
+++++ config.resources.GAEAC6[9]case ${step} in
++++ config.resources[1413]for resource_var in threads_per_task ntasks tasks_per_node NTASKS memory walltime
++++ config.resources[1414]run_resource_var=threads_per_task_gfs
++++ config.resources[1415][[ -n '' ]]
++++ config.resources[1417][[ -n 0 ]]
++++ config.resources[1418]export threads_per_task
++++ config.resources[1413]for resource_var in threads_per_task ntasks tasks_per_node NTASKS memory walltime
++++ config.resources[1414]run_resource_var=ntasks_gfs
++++ config.resources[1415][[ -n '' ]]
++++ config.resources[1417][[ -n 0 ]]
++++ config.resources[1418]export ntasks
++++ config.resources[1413]for resource_var in threads_per_task ntasks tasks_per_node NTASKS memory walltime
++++ config.resources[1414]run_resource_var=tasks_per_node_gfs
++++ config.resources[1415][[ -n '' ]]
++++ config.resources[1417][[ -n 0 ]]
++++ config.resources[1418]export tasks_per_node
++++ config.resources[1413]for resource_var in threads_per_task ntasks tasks_per_node NTASKS memory walltime
++++ config.resources[1414]run_resource_var=NTASKS_gfs
++++ config.resources[1415][[ -n '' ]]
++++ config.resources[1417][[ -n '' ]]
++++ config.resources[1413]for resource_var in threads_per_task ntasks tasks_per_node NTASKS memory walltime
++++ config.resources[1414]run_resource_var=memory_gfs
++++ config.resources[1415][[ -n '' ]]
++++ config.resources[1417][[ -n '' ]]
++++ config.resources[1413]for resource_var in threads_per_task ntasks tasks_per_node NTASKS memory walltime
++++ config.resources[1414]run_resource_var=walltime_gfs
++++ config.resources[1415][[ -n '' ]]
++++ config.resources[1417][[ -n 0 ]]
++++ config.resources[1418]export walltime
++++ config.resources[1422]echo 'END: config.resources'
END: config.resources
+++ config.sfcanl[12][[ NO == \Y\E\S ]]
+++ config.sfcanl[16][[ gfs == \g\f\s ]]
+++ config.sfcanl[17]echo 'turning off gsi soilda for gfs run'
turning off gsi soilda for gfs run
+++ config.sfcanl[18]DO_GSISOILDA=NO
+++ config.sfcanl[21][[ NO == \Y\E\S ]]
+++ config.sfcanl[31]echo 'END: config.sfcanl'
END: config.sfcanl
++ jjob_header.sh[106]true
++ jjob_header.sh[107]export err=0
++ jjob_header.sh[107]err=0
++ jjob_header.sh[108][[ 0 -ne 0 ]]
++ jjob_header.sh[117]source /gpfs/f6/drsa-precip3/world-shared/global/CI/3847/global-workflow/env/GAEAC6.env sfcanl
+++ GAEAC6.env[3][[ 1 -ne 1 ]]
+++ GAEAC6.env[10]step=sfcanl
+++ GAEAC6.env[12]export 'launcher=srun -l --export=ALL'
+++ GAEAC6.env[12]launcher='srun -l --export=ALL'
+++ GAEAC6.env[13]export 'mpmd_opt=--multi-prog --output=mpmd.%j.%t.out'
+++ GAEAC6.env[13]mpmd_opt='--multi-prog --output=mpmd.%j.%t.out'
+++ GAEAC6.env[15]export OMP_STACKSIZE=2048000
+++ GAEAC6.env[15]OMP_STACKSIZE=2048000
+++ GAEAC6.env[16]export NTHSTACK=1024000000
+++ GAEAC6.env[16]NTHSTACK=1024000000
+++ GAEAC6.env[18]ulimit -s unlimited
+++ GAEAC6.env[19]ulimit -a
core file size          (blocks, -c) 0
data seg size           (kbytes, -d) unlimited
scheduling priority             (-e) 0
file size               (blocks, -f) unlimited
pending signals                 (-i) 1543295
max locked memory       (kbytes, -l) unlimited
max memory size         (kbytes, -m) unlimited
open files                      (-n) 50000
pipe size            (512 bytes, -p) 8
POSIX message queues     (bytes, -q) 819200
real-time priority              (-r) 0
stack size              (kbytes, -s) unlimited
cpu time               (seconds, -t) unlimited
max user processes              (-u) 1543295
virtual memory          (kbytes, -v) unlimited
file locks                      (-x) unlimited
+++ GAEAC6.env[23][[ -n 6 ]]
+++ GAEAC6.env[23][[ -n 192 ]]
+++ GAEAC6.env[23][[ -n 192 ]]
+++ GAEAC6.env[24]max_threads_per_task=1
+++ GAEAC6.env[25]NTHREADSmax=1
+++ GAEAC6.env[26]NTHREADS1=1
+++ GAEAC6.env[27][[ 1 -gt 1 ]]
+++ GAEAC6.env[30][[ 1 -gt 1 ]]
+++ GAEAC6.env[35]APRUN_default='srun -l --export=ALL -n 6'
+++ GAEAC6.env[41]case ${step} in
+++ GAEAC6.env[218]export NTHREADS_CYCLE=1
+++ GAEAC6.env[218]NTHREADS_CYCLE=1
+++ GAEAC6.env[219][[ 1 -gt 192 ]]
+++ GAEAC6.env[222]export 'APRUN_CYCLE=srun -l --export=ALL -n 6 --cpus-per-task=1'
+++ GAEAC6.env[222]APRUN_CYCLE='srun -l --export=ALL -n 6 --cpus-per-task=1'
+++ GAEAC6.env[225]ntasks_regrid=6
+++ GAEAC6.env[226]export 'APRUN_REGRID=srun -l --export=ALL -n 6 '
+++ GAEAC6.env[226]APRUN_REGRID='srun -l --export=ALL -n 6 '
++ jjob_header.sh[117]true
++ jjob_header.sh[118]export err=0
++ jjob_header.sh[118]err=0
++ jjob_header.sh[119][[ 0 -ne 0 ]]
++ JGLOBAL_ATMOS_SFCANL[11]date --utc -d '20211220 18 - 6 hours' +%Y%m%d%H
+ JGLOBAL_ATMOS_SFCANL[11]GDATE=2021122012
+ JGLOBAL_ATMOS_SFCANL[12]export GDATE
+ JGLOBAL_ATMOS_SFCANL[14]BKG_RUN=gdas
+ JGLOBAL_ATMOS_SFCANL[15][[ gfs == \g\c\a\f\s ]]
+ JGLOBAL_ATMOS_SFCANL[15][[ gfs == \g\c\d\a\s ]]
+ JGLOBAL_ATMOS_SFCANL[19]RUN=gdas
+ JGLOBAL_ATMOS_SFCANL[19]YMD=20211220
+ JGLOBAL_ATMOS_SFCANL[19]HH=12
+ JGLOBAL_ATMOS_SFCANL[19]declare_from_tmpl -rx COMIN_OBS_PREV:COM_OBS_TMPL COMIN_ATMOS_RESTART_PREV:COM_ATMOS_RESTART_TMPL
+ bash_utils.sh[39][[ NO == \N\O ]]
+ bash_utils.sh[39]set +x
declare_from_tmpl :: COMIN_OBS_PREV=/gpfs/f6/drsa-precip3/world-shared/global/CI/3847/RUNTESTS/COMROOT/C96C48mx500_S2SW_cyc_gfs_9fef2bde/gdas.20211220/12/obs
declare_from_tmpl :: COMIN_ATMOS_RESTART_PREV=/gpfs/f6/drsa-precip3/world-shared/global/CI/3847/RUNTESTS/COMROOT/C96C48mx500_S2SW_cyc_gfs_9fef2bde/gdas.20211220/12//model/atmos/restart
+ JGLOBAL_ATMOS_SFCANL[23]YMD=20211220
+ JGLOBAL_ATMOS_SFCANL[23]HH=18
+ JGLOBAL_ATMOS_SFCANL[23]declare_from_tmpl -rx COMIN_OBS:COM_OBS_TMPL COMIN_ATMOS_ANALYSIS:COM_ATMOS_ANALYSIS_TMPL COMIN_SNOW_ANALYSIS:COM_SNOW_ANALYSIS_TMPL
+ bash_utils.sh[39][[ NO == \N\O ]]
+ bash_utils.sh[39]set +x
declare_from_tmpl :: COMIN_OBS=/gpfs/f6/drsa-precip3/world-shared/global/CI/3847/RUNTESTS/COMROOT/C96C48mx500_S2SW_cyc_gfs_9fef2bde/gfs.20211220/18/obs
declare_from_tmpl :: COMIN_ATMOS_ANALYSIS=/gpfs/f6/drsa-precip3/world-shared/global/CI/3847/RUNTESTS/COMROOT/C96C48mx500_S2SW_cyc_gfs_9fef2bde/gfs.20211220/18//analysis/atmos
declare_from_tmpl :: COMIN_SNOW_ANALYSIS=/gpfs/f6/drsa-precip3/world-shared/global/CI/3847/RUNTESTS/COMROOT/C96C48mx500_S2SW_cyc_gfs_9fef2bde/gfs.20211220/18//analysis/snow
+ JGLOBAL_ATMOS_SFCANL[28]YMD=20211220
+ JGLOBAL_ATMOS_SFCANL[28]HH=18
+ JGLOBAL_ATMOS_SFCANL[28]declare_from_tmpl -rx COMOUT_ATMOS_RESTART:COM_ATMOS_RESTART_TMPL
+ bash_utils.sh[39][[ NO == \N\O ]]
+ bash_utils.sh[39]set +x
declare_from_tmpl :: COMOUT_ATMOS_RESTART=/gpfs/f6/drsa-precip3/world-shared/global/CI/3847/RUNTESTS/COMROOT/C96C48mx500_S2SW_cyc_gfs_9fef2bde/gfs.20211220/18//model/atmos/restart
+ JGLOBAL_ATMOS_SFCANL[31]RUN=enkfgdas
+ JGLOBAL_ATMOS_SFCANL[31]MEMDIR=ensstat
+ JGLOBAL_ATMOS_SFCANL[31]YMD=20211220
+ JGLOBAL_ATMOS_SFCANL[31]HH=18
+ JGLOBAL_ATMOS_SFCANL[31]declare_from_tmpl -rx COMIN_ATMOS_ENKF_ANALYSIS_STAT:COM_ATMOS_ANALYSIS_TMPL
+ bash_utils.sh[39][[ NO == \N\O ]]
+ bash_utils.sh[39]set +x
declare_from_tmpl :: COMIN_ATMOS_ENKF_ANALYSIS_STAT=/gpfs/f6/drsa-precip3/world-shared/global/CI/3847/RUNTESTS/COMROOT/C96C48mx500_S2SW_cyc_gfs_9fef2bde/enkfgdas.20211220/18/ensstat/analysis/atmos
+ JGLOBAL_ATMOS_SFCANL[34]mkdir -p /gpfs/f6/drsa-precip3/world-shared/global/CI/3847/RUNTESTS/COMROOT/C96C48mx500_S2SW_cyc_gfs_9fef2bde/gfs.20211220/18//model/atmos/restart
+ JGLOBAL_ATMOS_SFCANL[40]/gpfs/f6/drsa-precip3/world-shared/global/CI/3847/global-workflow/scripts/exglobal_atmos_sfcanl.sh
+ bash[8]'[' -z '' ']'
+ bash[9]case "$-" in
+ bash[12]__lmod_vx=x
+ bash[16]'[' -n x ']'
+ bash[16]set +x
Shell debugging temporarily silenced: export LMOD_SH_DBG_ON=1 for this output (/opt/cray/pe/lmod/lmod/init/bash)
Shell debugging restarted
+ bash[178]unset __lmod_vx
+ exglobal_atmos_sfcanl.sh[25]CYCLESH=/gpfs/f6/drsa-precip3/world-shared/global/CI/3847/global-workflow/ush/global_cycle.sh
+ exglobal_atmos_sfcanl.sh[26]REGRIDSH=/gpfs/f6/drsa-precip3/world-shared/global/CI/3847/global-workflow/ush/regrid_gsiSfcIncr_to_tile.sh
+ exglobal_atmos_sfcanl.sh[27]export CYCLEXEC=/gpfs/f6/drsa-precip3/world-shared/global/CI/3847/global-workflow/exec/global_cycle
+ exglobal_atmos_sfcanl.sh[27]CYCLEXEC=/gpfs/f6/drsa-precip3/world-shared/global/CI/3847/global-workflow/exec/global_cycle
+ exglobal_atmos_sfcanl.sh[28]NTHREADS_CYCLE=1
+ exglobal_atmos_sfcanl.sh[29]APRUN_CYCLE='srun -l --export=ALL -n 6 --cpus-per-task=1'
+ exglobal_atmos_sfcanl.sh[32]export SNOW_NUDGE_COEFF=-2.
+ exglobal_atmos_sfcanl.sh[32]SNOW_NUDGE_COEFF=-2.
+ exglobal_atmos_sfcanl.sh[33]export CYCLVARS=
+ exglobal_atmos_sfcanl.sh[33]CYCLVARS=
+ exglobal_atmos_sfcanl.sh[34]export FHOUR=0
+ exglobal_atmos_sfcanl.sh[34]FHOUR=0
+ exglobal_atmos_sfcanl.sh[35]export DELTSFC=6
+ exglobal_atmos_sfcanl.sh[35]DELTSFC=6
+ exglobal_atmos_sfcanl.sh[40]GPREFIX=gdas.t12z.
+ exglobal_atmos_sfcanl.sh[41]OPREFIX=gfs.t18z.
+ exglobal_atmos_sfcanl.sh[42]APREFIX=gfs.t18z.
+ exglobal_atmos_sfcanl.sh[44]ntiles=6
+ exglobal_atmos_sfcanl.sh[49]res=96
+ exglobal_atmos_sfcanl.sh[50]JCAP_CASE=190
+ exglobal_atmos_sfcanl.sh[51]LATB_CASE=192
+ exglobal_atmos_sfcanl.sh[52]LONB_CASE=384
+ exglobal_atmos_sfcanl.sh[55]export 'FNTSFA=        '
+ exglobal_atmos_sfcanl.sh[55]FNTSFA='        '
+ exglobal_atmos_sfcanl.sh[56]export FNACNA=/gpfs/f6/drsa-precip3/world-shared/global/CI/3847/RUNTESTS/COMROOT/C96C48mx500_S2SW_cyc_gfs_9fef2bde/gfs.20211220/18/obs/gfs.t18z.seaice.5min.blend.grb
+ exglobal_atmos_sfcanl.sh[56]FNACNA=/gpfs/f6/drsa-precip3/world-shared/global/CI/3847/RUNTESTS/COMROOT/C96C48mx500_S2SW_cyc_gfs_9fef2bde/gfs.20211220/18/obs/gfs.t18z.seaice.5min.blend.grb
+ exglobal_atmos_sfcanl.sh[57]export FNSNOA=/gpfs/f6/drsa-precip3/world-shared/global/CI/3847/RUNTESTS/COMROOT/C96C48mx500_S2SW_cyc_gfs_9fef2bde/gfs.20211220/18/obs/gfs.t18z.snogrb_t190.384.192
+ exglobal_atmos_sfcanl.sh[57]FNSNOA=/gpfs/f6/drsa-precip3/world-shared/global/CI/3847/RUNTESTS/COMROOT/C96C48mx500_S2SW_cyc_gfs_9fef2bde/gfs.20211220/18/obs/gfs.t18z.snogrb_t190.384.192
+ exglobal_atmos_sfcanl.sh[59][[ ! -f /gpfs/f6/drsa-precip3/world-shared/global/CI/3847/RUNTESTS/COMROOT/C96C48mx500_S2SW_cyc_gfs_9fef2bde/gfs.20211220/18/obs/gfs.t18z.snogrb_t190.384.192 ]]
+ exglobal_atmos_sfcanl.sh[60]export FNSNOA=/gpfs/f6/drsa-precip3/world-shared/global/CI/3847/RUNTESTS/COMROOT/C96C48mx500_S2SW_cyc_gfs_9fef2bde/gfs.20211220/18/obs/gfs.t18z.snogrb_t1534.3072.1536
+ exglobal_atmos_sfcanl.sh[60]FNSNOA=/gpfs/f6/drsa-precip3/world-shared/global/CI/3847/RUNTESTS/COMROOT/C96C48mx500_S2SW_cyc_gfs_9fef2bde/gfs.20211220/18/obs/gfs.t18z.snogrb_t1534.3072.1536
+ exglobal_atmos_sfcanl.sh[62][[ ! -f /gpfs/f6/drsa-precip3/world-shared/global/CI/3847/RUNTESTS/COMROOT/C96C48mx500_S2SW_cyc_gfs_9fef2bde/gfs.20211220/18/obs/gfs.t18z.snogrb_t1534.3072.1536 ]]
+ exglobal_atmos_sfcanl.sh[65]echo 'INFO: Current cycle snow file is /gpfs/f6/drsa-precip3/world-shared/global/CI/3847/RUNTESTS/COMROOT/C96C48mx500_S2SW_cyc_gfs_9fef2bde/gfs.20211220/18/obs/gfs.t18z.snogrb_t1534.3072.1536'
INFO: Current cycle snow file is /gpfs/f6/drsa-precip3/world-shared/global/CI/3847/RUNTESTS/COMROOT/C96C48mx500_S2SW_cyc_gfs_9fef2bde/gfs.20211220/18/obs/gfs.t18z.snogrb_t1534.3072.1536
+ exglobal_atmos_sfcanl.sh[67]export FNSNOG=/gpfs/f6/drsa-precip3/world-shared/global/CI/3847/RUNTESTS/COMROOT/C96C48mx500_S2SW_cyc_gfs_9fef2bde/gdas.20211220/12/obs/gdas.t12z.snogrb_t190.384.192
+ exglobal_atmos_sfcanl.sh[67]FNSNOG=/gpfs/f6/drsa-precip3/world-shared/global/CI/3847/RUNTESTS/COMROOT/C96C48mx500_S2SW_cyc_gfs_9fef2bde/gdas.20211220/12/obs/gdas.t12z.snogrb_t190.384.192
+ exglobal_atmos_sfcanl.sh[69][[ ! -f /gpfs/f6/drsa-precip3/world-shared/global/CI/3847/RUNTESTS/COMROOT/C96C48mx500_S2SW_cyc_gfs_9fef2bde/gdas.20211220/12/obs/gdas.t12z.snogrb_t190.384.192 ]]
+ exglobal_atmos_sfcanl.sh[70]export FNSNOG=/gpfs/f6/drsa-precip3/world-shared/global/CI/3847/RUNTESTS/COMROOT/C96C48mx500_S2SW_cyc_gfs_9fef2bde/gdas.20211220/12/obs/gdas.t12z.snogrb_t1534.3072.1536
+ exglobal_atmos_sfcanl.sh[70]FNSNOG=/gpfs/f6/drsa-precip3/world-shared/global/CI/3847/RUNTESTS/COMROOT/C96C48mx500_S2SW_cyc_gfs_9fef2bde/gdas.20211220/12/obs/gdas.t12z.snogrb_t1534.3072.1536
+ exglobal_atmos_sfcanl.sh[72][[ ! -f /gpfs/f6/drsa-precip3/world-shared/global/CI/3847/RUNTESTS/COMROOT/C96C48mx500_S2SW_cyc_gfs_9fef2bde/gdas.20211220/12/obs/gdas.t12z.snogrb_t1534.3072.1536 ]]
+ exglobal_atmos_sfcanl.sh[73]echo 'WARNING: Previous cycle snow file /gpfs/f6/drsa-precip3/world-shared/global/CI/3847/RUNTESTS/COMROOT/C96C48mx500_S2SW_cyc_gfs_9fef2bde/gdas.20211220/12/obs/gdas.t12z.snogrb_t1534.3072.1536 is missing.  Snow coverage will not be updated.'
WARNING: Previous cycle snow file /gpfs/f6/drsa-precip3/world-shared/global/CI/3847/RUNTESTS/COMROOT/C96C48mx500_S2SW_cyc_gfs_9fef2bde/gdas.20211220/12/obs/gdas.t12z.snogrb_t1534.3072.1536 is missing.  Snow coverage will not be updated.
+ exglobal_atmos_sfcanl.sh[79][[ ! -f /gpfs/f6/drsa-precip3/world-shared/global/CI/3847/RUNTESTS/COMROOT/C96C48mx500_S2SW_cyc_gfs_9fef2bde/gfs.20211220/18/obs/gfs.t18z.snogrb_t1534.3072.1536 ]]
+ exglobal_atmos_sfcanl.sh[79][[ ! -f /gpfs/f6/drsa-precip3/world-shared/global/CI/3847/RUNTESTS/COMROOT/C96C48mx500_S2SW_cyc_gfs_9fef2bde/gdas.20211220/12/obs/gdas.t12z.snogrb_t1534.3072.1536 ]]
+ exglobal_atmos_sfcanl.sh[80]export 'FNSNOA= '
+ exglobal_atmos_sfcanl.sh[80]FNSNOA=' '
+ exglobal_atmos_sfcanl.sh[81]export CYCLVARS=FSNOL=99999.,FSNOS=99999.,
+ exglobal_atmos_sfcanl.sh[81]CYCLVARS=FSNOL=99999.,FSNOS=99999.,
+ exglobal_atmos_sfcanl.sh[92][[ YES == \Y\E\S ]]
+ exglobal_atmos_sfcanl.sh[93]sfcdata_dir=/gpfs/f6/drsa-precip3/world-shared/global/CI/3847/RUNTESTS/COMROOT/C96C48mx500_S2SW_cyc_gfs_9fef2bde/gfs.20211220/18//analysis/snow
+ exglobal_atmos_sfcanl.sh[99]export 'APRUNCY=srun -l --export=ALL -n 6 --cpus-per-task=1'
+ exglobal_atmos_sfcanl.sh[99]APRUNCY='srun -l --export=ALL -n 6 --cpus-per-task=1'
+ exglobal_atmos_sfcanl.sh[100]export OMP_NUM_THREADS_CY=1
+ exglobal_atmos_sfcanl.sh[100]OMP_NUM_THREADS_CY=1
+ exglobal_atmos_sfcanl.sh[101]export MAX_TASKS_CY=6
+ exglobal_atmos_sfcanl.sh[101]MAX_TASKS_CY=6
+ exglobal_atmos_sfcanl.sh[104](( nn=1 ))
+ exglobal_atmos_sfcanl.sh[104](( nn <= ntiles ))
+ exglobal_atmos_sfcanl.sh[105]cpreq /gpfs/f6/drsa-precip3/world-shared/global/CI/3847/global-workflow/fix/orog/C96/C96_grid.tile1.nc /gpfs/f6/drsa-precip4/world-shared/role.glopara/RUNDIRS/C96C48mx500_S2SW_cyc_gfs_9fef2bde/gfs.2021122018/sfcanl.92036/fngrid.001
+ cpreq[3]cp /gpfs/f6/drsa-precip3/world-shared/global/CI/3847/global-workflow/fix/orog/C96/C96_grid.tile1.nc /gpfs/f6/drsa-precip4/world-shared/role.glopara/RUNDIRS/C96C48mx500_S2SW_cyc_gfs_9fef2bde/gfs.2021122018/sfcanl.92036/fngrid.001
+ cpreq[4]'[' 0 -ne 0 ']'
+ exglobal_atmos_sfcanl.sh[106]cpreq /gpfs/f6/drsa-precip3/world-shared/global/CI/3847/global-workflow/fix/orog/C96/C96.mx500_oro_data.tile1.nc /gpfs/f6/drsa-precip4/world-shared/role.glopara/RUNDIRS/C96C48mx500_S2SW_cyc_gfs_9fef2bde/gfs.2021122018/sfcanl.92036/fnorog.001
+ cpreq[3]cp /gpfs/f6/drsa-precip3/world-shared/global/CI/3847/global-workflow/fix/orog/C96/C96.mx500_oro_data.tile1.nc /gpfs/f6/drsa-precip4/world-shared/role.glopara/RUNDIRS/C96C48mx500_S2SW_cyc_gfs_9fef2bde/gfs.2021122018/sfcanl.92036/fnorog.001
+ cpreq[4]'[' 0 -ne 0 ']'
+ exglobal_atmos_sfcanl.sh[104](( nn++  ))
+ exglobal_atmos_sfcanl.sh[104](( nn <= ntiles ))
+ exglobal_atmos_sfcanl.sh[105]cpreq /gpfs/f6/drsa-precip3/world-shared/global/CI/3847/global-workflow/fix/orog/C96/C96_grid.tile2.nc /gpfs/f6/drsa-precip4/world-shared/role.glopara/RUNDIRS/C96C48mx500_S2SW_cyc_gfs_9fef2bde/gfs.2021122018/sfcanl.92036/fngrid.002
+ cpreq[3]cp /gpfs/f6/drsa-precip3/world-shared/global/CI/3847/global-workflow/fix/orog/C96/C96_grid.tile2.nc /gpfs/f6/drsa-precip4/world-shared/role.glopara/RUNDIRS/C96C48mx500_S2SW_cyc_gfs_9fef2bde/gfs.2021122018/sfcanl.92036/fngrid.002
+ cpreq[4]'[' 0 -ne 0 ']'
+ exglobal_atmos_sfcanl.sh[106]cpreq /gpfs/f6/drsa-precip3/world-shared/global/CI/3847/global-workflow/fix/orog/C96/C96.mx500_oro_data.tile2.nc /gpfs/f6/drsa-precip4/world-shared/role.glopara/RUNDIRS/C96C48mx500_S2SW_cyc_gfs_9fef2bde/gfs.2021122018/sfcanl.92036/fnorog.002
+ cpreq[3]cp /gpfs/f6/drsa-precip3/world-shared/global/CI/3847/global-workflow/fix/orog/C96/C96.mx500_oro_data.tile2.nc /gpfs/f6/drsa-precip4/world-shared/role.glopara/RUNDIRS/C96C48mx500_S2SW_cyc_gfs_9fef2bde/gfs.2021122018/sfcanl.92036/fnorog.002
+ cpreq[4]'[' 0 -ne 0 ']'
+ exglobal_atmos_sfcanl.sh[104](( nn++  ))
+ exglobal_atmos_sfcanl.sh[104](( nn <= ntiles ))
+ exglobal_atmos_sfcanl.sh[105]cpreq /gpfs/f6/drsa-precip3/world-shared/global/CI/3847/global-workflow/fix/orog/C96/C96_grid.tile3.nc /gpfs/f6/drsa-precip4/world-shared/role.glopara/RUNDIRS/C96C48mx500_S2SW_cyc_gfs_9fef2bde/gfs.2021122018/sfcanl.92036/fngrid.003
+ cpreq[3]cp /gpfs/f6/drsa-precip3/world-shared/global/CI/3847/global-workflow/fix/orog/C96/C96_grid.tile3.nc /gpfs/f6/drsa-precip4/world-shared/role.glopara/RUNDIRS/C96C48mx500_S2SW_cyc_gfs_9fef2bde/gfs.2021122018/sfcanl.92036/fngrid.003
+ cpreq[4]'[' 0 -ne 0 ']'
+ exglobal_atmos_sfcanl.sh[106]cpreq /gpfs/f6/drsa-precip3/world-shared/global/CI/3847/global-workflow/fix/orog/C96/C96.mx500_oro_data.tile3.nc /gpfs/f6/drsa-precip4/world-shared/role.glopara/RUNDIRS/C96C48mx500_S2SW_cyc_gfs_9fef2bde/gfs.2021122018/sfcanl.92036/fnorog.003
+ cpreq[3]cp /gpfs/f6/drsa-precip3/world-shared/global/CI/3847/global-workflow/fix/orog/C96/C96.mx500_oro_data.tile3.nc /gpfs/f6/drsa-precip4/world-shared/role.glopara/RUNDIRS/C96C48mx500_S2SW_cyc_gfs_9fef2bde/gfs.2021122018/sfcanl.92036/fnorog.003
+ cpreq[4]'[' 0 -ne 0 ']'
+ exglobal_atmos_sfcanl.sh[104](( nn++  ))
+ exglobal_atmos_sfcanl.sh[104](( nn <= ntiles ))
+ exglobal_atmos_sfcanl.sh[105]cpreq /gpfs/f6/drsa-precip3/world-shared/global/CI/3847/global-workflow/fix/orog/C96/C96_grid.tile4.nc /gpfs/f6/drsa-precip4/world-shared/role.glopara/RUNDIRS/C96C48mx500_S2SW_cyc_gfs_9fef2bde/gfs.2021122018/sfcanl.92036/fngrid.004
+ cpreq[3]cp /gpfs/f6/drsa-precip3/world-shared/global/CI/3847/global-workflow/fix/orog/C96/C96_grid.tile4.nc /gpfs/f6/drsa-precip4/world-shared/role.glopara/RUNDIRS/C96C48mx500_S2SW_cyc_gfs_9fef2bde/gfs.2021122018/sfcanl.92036/fngrid.004
+ cpreq[4]'[' 0 -ne 0 ']'
+ exglobal_atmos_sfcanl.sh[106]cpreq /gpfs/f6/drsa-precip3/world-shared/global/CI/3847/global-workflow/fix/orog/C96/C96.mx500_oro_data.tile4.nc /gpfs/f6/drsa-precip4/world-shared/role.glopara/RUNDIRS/C96C48mx500_S2SW_cyc_gfs_9fef2bde/gfs.2021122018/sfcanl.92036/fnorog.004
+ cpreq[3]cp /gpfs/f6/drsa-precip3/world-shared/global/CI/3847/global-workflow/fix/orog/C96/C96.mx500_oro_data.tile4.nc /gpfs/f6/drsa-precip4/world-shared/role.glopara/RUNDIRS/C96C48mx500_S2SW_cyc_gfs_9fef2bde/gfs.2021122018/sfcanl.92036/fnorog.004
+ cpreq[4]'[' 0 -ne 0 ']'
+ exglobal_atmos_sfcanl.sh[104](( nn++  ))
+ exglobal_atmos_sfcanl.sh[104](( nn <= ntiles ))
+ exglobal_atmos_sfcanl.sh[105]cpreq /gpfs/f6/drsa-precip3/world-shared/global/CI/3847/global-workflow/fix/orog/C96/C96_grid.tile5.nc /gpfs/f6/drsa-precip4/world-shared/role.glopara/RUNDIRS/C96C48mx500_S2SW_cyc_gfs_9fef2bde/gfs.2021122018/sfcanl.92036/fngrid.005
+ cpreq[3]cp /gpfs/f6/drsa-precip3/world-shared/global/CI/3847/global-workflow/fix/orog/C96/C96_grid.tile5.nc /gpfs/f6/drsa-precip4/world-shared/role.glopara/RUNDIRS/C96C48mx500_S2SW_cyc_gfs_9fef2bde/gfs.2021122018/sfcanl.92036/fngrid.005
+ cpreq[4]'[' 0 -ne 0 ']'
+ exglobal_atmos_sfcanl.sh[106]cpreq /gpfs/f6/drsa-precip3/world-shared/global/CI/3847/global-workflow/fix/orog/C96/C96.mx500_oro_data.tile5.nc /gpfs/f6/drsa-precip4/world-shared/role.glopara/RUNDIRS/C96C48mx500_S2SW_cyc_gfs_9fef2bde/gfs.2021122018/sfcanl.92036/fnorog.005
+ cpreq[3]cp /gpfs/f6/drsa-precip3/world-shared/global/CI/3847/global-workflow/fix/orog/C96/C96.mx500_oro_data.tile5.nc /gpfs/f6/drsa-precip4/world-shared/role.glopara/RUNDIRS/C96C48mx500_S2SW_cyc_gfs_9fef2bde/gfs.2021122018/sfcanl.92036/fnorog.005
+ cpreq[4]'[' 0 -ne 0 ']'
+ exglobal_atmos_sfcanl.sh[104](( nn++  ))
+ exglobal_atmos_sfcanl.sh[104](( nn <= ntiles ))
+ exglobal_atmos_sfcanl.sh[105]cpreq /gpfs/f6/drsa-precip3/world-shared/global/CI/3847/global-workflow/fix/orog/C96/C96_grid.tile6.nc /gpfs/f6/drsa-precip4/world-shared/role.glopara/RUNDIRS/C96C48mx500_S2SW_cyc_gfs_9fef2bde/gfs.2021122018/sfcanl.92036/fngrid.006
+ cpreq[3]cp /gpfs/f6/drsa-precip3/world-shared/global/CI/3847/global-workflow/fix/orog/C96/C96_grid.tile6.nc /gpfs/f6/drsa-precip4/world-shared/role.glopara/RUNDIRS/C96C48mx500_S2SW_cyc_gfs_9fef2bde/gfs.2021122018/sfcanl.92036/fngrid.006
+ cpreq[4]'[' 0 -ne 0 ']'
+ exglobal_atmos_sfcanl.sh[106]cpreq /gpfs/f6/drsa-precip3/world-shared/global/CI/3847/global-workflow/fix/orog/C96/C96.mx500_oro_data.tile6.nc /gpfs/f6/drsa-precip4/world-shared/role.glopara/RUNDIRS/C96C48mx500_S2SW_cyc_gfs_9fef2bde/gfs.2021122018/sfcanl.92036/fnorog.006
+ cpreq[3]cp /gpfs/f6/drsa-precip3/world-shared/global/CI/3847/global-workflow/fix/orog/C96/C96.mx500_oro_data.tile6.nc /gpfs/f6/drsa-precip4/world-shared/role.glopara/RUNDIRS/C96C48mx500_S2SW_cyc_gfs_9fef2bde/gfs.2021122018/sfcanl.92036/fnorog.006
+ cpreq[4]'[' 0 -ne 0 ']'
+ exglobal_atmos_sfcanl.sh[104](( nn++  ))
+ exglobal_atmos_sfcanl.sh[104](( nn <= ntiles ))
+ exglobal_atmos_sfcanl.sh[112][[ YES == \Y\E\S ]]
+ exglobal_atmos_sfcanl.sh[113]cpreq /gpfs/f6/drsa-precip3/world-shared/global/CI/3847/RUNTESTS/COMROOT/C96C48mx500_S2SW_cyc_gfs_9fef2bde/gfs.20211220/18//analysis/atmos/gfs.t18z.dtfanl.nc /gpfs/f6/drsa-precip4/world-shared/role.glopara/RUNDIRS/C96C48mx500_S2SW_cyc_gfs_9fef2bde/gfs.2021122018/sfcanl.92036/dtfanl
+ cpreq[3]cp /gpfs/f6/drsa-precip3/world-shared/global/CI/3847/RUNTESTS/COMROOT/C96C48mx500_S2SW_cyc_gfs_9fef2bde/gfs.20211220/18//analysis/atmos/gfs.t18z.dtfanl.nc /gpfs/f6/drsa-precip4/world-shared/role.glopara/RUNDIRS/C96C48mx500_S2SW_cyc_gfs_9fef2bde/gfs.2021122018/sfcanl.92036/dtfanl
+ cpreq[4]'[' 0 -ne 0 ']'
+ exglobal_atmos_sfcanl.sh[114]export NST_FILE=dtfanl
+ exglobal_atmos_sfcanl.sh[114]NST_FILE=dtfanl
+ exglobal_atmos_sfcanl.sh[120]gcycle_dates=("${PDY}${cyc}")
+ exglobal_atmos_sfcanl.sh[121]soilinc_fhrs=("${assim_freq}")
+ exglobal_atmos_sfcanl.sh[122]LFHR=6
+ exglobal_atmos_sfcanl.sh[123][[ YES == \Y\E\S ]]
+ exglobal_atmos_sfcanl.sh[124]half_window=3
+ exglobal_atmos_sfcanl.sh[125]soilinc_fhrs+=("${half_window}")
+ exglobal_atmos_sfcanl.sh[126]LFHR=-1
++ exglobal_atmos_sfcanl.sh[127]date --utc -d '20211220 18 - 3 hours' +%Y%m%d%H
+ exglobal_atmos_sfcanl.sh[127]BDATE=2021122015
+ exglobal_atmos_sfcanl.sh[128]gcycle_dates+=("${BDATE}")
+ exglobal_atmos_sfcanl.sh[132][[ NO = \Y\E\S ]]
+ exglobal_atmos_sfcanl.sh[1]for hr in "${!gcycle_dates[@]}"
+ exglobal_atmos_sfcanl.sh[152]gcycle_date=2021122018
+ exglobal_atmos_sfcanl.sh[153]FHR=6
+ exglobal_atmos_sfcanl.sh[154]echo 'Updating surface restarts for 2021122018 ...'
Updating surface restarts for 2021122018 ...
+ exglobal_atmos_sfcanl.sh[156]datestr=20211220.180000
+ exglobal_atmos_sfcanl.sh[158][[ NO == \Y\E\S ]]
+ exglobal_atmos_sfcanl.sh[166](( nn=1 ))
+ exglobal_atmos_sfcanl.sh[166](( nn <= ntiles ))
+ exglobal_atmos_sfcanl.sh[167]cpreq /gpfs/f6/drsa-precip3/world-shared/global/CI/3847/RUNTESTS/COMROOT/C96C48mx500_S2SW_cyc_gfs_9fef2bde/gfs.20211220/18//analysis/snow/20211220.180000.sfc_data.tile1.nc /gpfs/f6/drsa-precip4/world-shared/role.glopara/RUNDIRS/C96C48mx500_S2SW_cyc_gfs_9fef2bde/gfs.2021122018/sfcanl.92036/fnbgsi.001
+ cpreq[3]cp /gpfs/f6/drsa-precip3/world-shared/global/CI/3847/RUNTESTS/COMROOT/C96C48mx500_S2SW_cyc_gfs_9fef2bde/gfs.20211220/18//analysis/snow/20211220.180000.sfc_data.tile1.nc /gpfs/f6/drsa-precip4/world-shared/role.glopara/RUNDIRS/C96C48mx500_S2SW_cyc_gfs_9fef2bde/gfs.2021122018/sfcanl.92036/fnbgsi.001
+ cpreq[4]'[' 0 -ne 0 ']'
+ exglobal_atmos_sfcanl.sh[168]cpreq /gpfs/f6/drsa-precip4/world-shared/role.glopara/RUNDIRS/C96C48mx500_S2SW_cyc_gfs_9fef2bde/gfs.2021122018/sfcanl.92036/fnbgsi.001 /gpfs/f6/drsa-precip4/world-shared/role.glopara/RUNDIRS/C96C48mx500_S2SW_cyc_gfs_9fef2bde/gfs.2021122018/sfcanl.92036/fnbgso.001
+ cpreq[3]cp /gpfs/f6/drsa-precip4/world-shared/role.glopara/RUNDIRS/C96C48mx500_S2SW_cyc_gfs_9fef2bde/gfs.2021122018/sfcanl.92036/fnbgsi.001 /gpfs/f6/drsa-precip4/world-shared/role.glopara/RUNDIRS/C96C48mx500_S2SW_cyc_gfs_9fef2bde/gfs.2021122018/sfcanl.92036/fnbgso.001
+ cpreq[4]'[' 0 -ne 0 ']'
+ exglobal_atmos_sfcanl.sh[166](( nn++  ))
+ exglobal_atmos_sfcanl.sh[166](( nn <= ntiles ))
+ exglobal_atmos_sfcanl.sh[167]cpreq /gpfs/f6/drsa-precip3/world-shared/global/CI/3847/RUNTESTS/COMROOT/C96C48mx500_S2SW_cyc_gfs_9fef2bde/gfs.20211220/18//analysis/snow/20211220.180000.sfc_data.tile2.nc /gpfs/f6/drsa-precip4/world-shared/role.glopara/RUNDIRS/C96C48mx500_S2SW_cyc_gfs_9fef2bde/gfs.2021122018/sfcanl.92036/fnbgsi.002
+ cpreq[3]cp /gpfs/f6/drsa-precip3/world-shared/global/CI/3847/RUNTESTS/COMROOT/C96C48mx500_S2SW_cyc_gfs_9fef2bde/gfs.20211220/18//analysis/snow/20211220.180000.sfc_data.tile2.nc /gpfs/f6/drsa-precip4/world-shared/role.glopara/RUNDIRS/C96C48mx500_S2SW_cyc_gfs_9fef2bde/gfs.2021122018/sfcanl.92036/fnbgsi.002
+ cpreq[4]'[' 0 -ne 0 ']'
+ exglobal_atmos_sfcanl.sh[168]cpreq /gpfs/f6/drsa-precip4/world-shared/role.glopara/RUNDIRS/C96C48mx500_S2SW_cyc_gfs_9fef2bde/gfs.2021122018/sfcanl.92036/fnbgsi.002 /gpfs/f6/drsa-precip4/world-shared/role.glopara/RUNDIRS/C96C48mx500_S2SW_cyc_gfs_9fef2bde/gfs.2021122018/sfcanl.92036/fnbgso.002
+ cpreq[3]cp /gpfs/f6/drsa-precip4/world-shared/role.glopara/RUNDIRS/C96C48mx500_S2SW_cyc_gfs_9fef2bde/gfs.2021122018/sfcanl.92036/fnbgsi.002 /gpfs/f6/drsa-precip4/world-shared/role.glopara/RUNDIRS/C96C48mx500_S2SW_cyc_gfs_9fef2bde/gfs.2021122018/sfcanl.92036/fnbgso.002
+ cpreq[4]'[' 0 -ne 0 ']'
+ exglobal_atmos_sfcanl.sh[166](( nn++  ))
+ exglobal_atmos_sfcanl.sh[166](( nn <= ntiles ))
+ exglobal_atmos_sfcanl.sh[167]cpreq /gpfs/f6/drsa-precip3/world-shared/global/CI/3847/RUNTESTS/COMROOT/C96C48mx500_S2SW_cyc_gfs_9fef2bde/gfs.20211220/18//analysis/snow/20211220.180000.sfc_data.tile3.nc /gpfs/f6/drsa-precip4/world-shared/role.glopara/RUNDIRS/C96C48mx500_S2SW_cyc_gfs_9fef2bde/gfs.2021122018/sfcanl.92036/fnbgsi.003
+ cpreq[3]cp /gpfs/f6/drsa-precip3/world-shared/global/CI/3847/RUNTESTS/COMROOT/C96C48mx500_S2SW_cyc_gfs_9fef2bde/gfs.20211220/18//analysis/snow/20211220.180000.sfc_data.tile3.nc /gpfs/f6/drsa-precip4/world-shared/role.glopara/RUNDIRS/C96C48mx500_S2SW_cyc_gfs_9fef2bde/gfs.2021122018/sfcanl.92036/fnbgsi.003
+ cpreq[4]'[' 0 -ne 0 ']'
+ exglobal_atmos_sfcanl.sh[168]cpreq /gpfs/f6/drsa-precip4/world-shared/role.glopara/RUNDIRS/C96C48mx500_S2SW_cyc_gfs_9fef2bde/gfs.2021122018/sfcanl.92036/fnbgsi.003 /gpfs/f6/drsa-precip4/world-shared/role.glopara/RUNDIRS/C96C48mx500_S2SW_cyc_gfs_9fef2bde/gfs.2021122018/sfcanl.92036/fnbgso.003
+ cpreq[3]cp /gpfs/f6/drsa-precip4/world-shared/role.glopara/RUNDIRS/C96C48mx500_S2SW_cyc_gfs_9fef2bde/gfs.2021122018/sfcanl.92036/fnbgsi.003 /gpfs/f6/drsa-precip4/world-shared/role.glopara/RUNDIRS/C96C48mx500_S2SW_cyc_gfs_9fef2bde/gfs.2021122018/sfcanl.92036/fnbgso.003
+ cpreq[4]'[' 0 -ne 0 ']'
+ exglobal_atmos_sfcanl.sh[166](( nn++  ))
+ exglobal_atmos_sfcanl.sh[166](( nn <= ntiles ))
+ exglobal_atmos_sfcanl.sh[167]cpreq /gpfs/f6/drsa-precip3/world-shared/global/CI/3847/RUNTESTS/COMROOT/C96C48mx500_S2SW_cyc_gfs_9fef2bde/gfs.20211220/18//analysis/snow/20211220.180000.sfc_data.tile4.nc /gpfs/f6/drsa-precip4/world-shared/role.glopara/RUNDIRS/C96C48mx500_S2SW_cyc_gfs_9fef2bde/gfs.2021122018/sfcanl.92036/fnbgsi.004
+ cpreq[3]cp /gpfs/f6/drsa-precip3/world-shared/global/CI/3847/RUNTESTS/COMROOT/C96C48mx500_S2SW_cyc_gfs_9fef2bde/gfs.20211220/18//analysis/snow/20211220.180000.sfc_data.tile4.nc /gpfs/f6/drsa-precip4/world-shared/role.glopara/RUNDIRS/C96C48mx500_S2SW_cyc_gfs_9fef2bde/gfs.2021122018/sfcanl.92036/fnbgsi.004
+ cpreq[4]'[' 0 -ne 0 ']'
+ exglobal_atmos_sfcanl.sh[168]cpreq /gpfs/f6/drsa-precip4/world-shared/role.glopara/RUNDIRS/C96C48mx500_S2SW_cyc_gfs_9fef2bde/gfs.2021122018/sfcanl.92036/fnbgsi.004 /gpfs/f6/drsa-precip4/world-shared/role.glopara/RUNDIRS/C96C48mx500_S2SW_cyc_gfs_9fef2bde/gfs.2021122018/sfcanl.92036/fnbgso.004
+ cpreq[3]cp /gpfs/f6/drsa-precip4/world-shared/role.glopara/RUNDIRS/C96C48mx500_S2SW_cyc_gfs_9fef2bde/gfs.2021122018/sfcanl.92036/fnbgsi.004 /gpfs/f6/drsa-precip4/world-shared/role.glopara/RUNDIRS/C96C48mx500_S2SW_cyc_gfs_9fef2bde/gfs.2021122018/sfcanl.92036/fnbgso.004
+ cpreq[4]'[' 0 -ne 0 ']'
+ exglobal_atmos_sfcanl.sh[166](( nn++  ))
+ exglobal_atmos_sfcanl.sh[166](( nn <= ntiles ))
+ exglobal_atmos_sfcanl.sh[167]cpreq /gpfs/f6/drsa-precip3/world-shared/global/CI/3847/RUNTESTS/COMROOT/C96C48mx500_S2SW_cyc_gfs_9fef2bde/gfs.20211220/18//analysis/snow/20211220.180000.sfc_data.tile5.nc /gpfs/f6/drsa-precip4/world-shared/role.glopara/RUNDIRS/C96C48mx500_S2SW_cyc_gfs_9fef2bde/gfs.2021122018/sfcanl.92036/fnbgsi.005
+ cpreq[3]cp /gpfs/f6/drsa-precip3/world-shared/global/CI/3847/RUNTESTS/COMROOT/C96C48mx500_S2SW_cyc_gfs_9fef2bde/gfs.20211220/18//analysis/snow/20211220.180000.sfc_data.tile5.nc /gpfs/f6/drsa-precip4/world-shared/role.glopara/RUNDIRS/C96C48mx500_S2SW_cyc_gfs_9fef2bde/gfs.2021122018/sfcanl.92036/fnbgsi.005
+ cpreq[4]'[' 0 -ne 0 ']'
+ exglobal_atmos_sfcanl.sh[168]cpreq /gpfs/f6/drsa-precip4/world-shared/role.glopara/RUNDIRS/C96C48mx500_S2SW_cyc_gfs_9fef2bde/gfs.2021122018/sfcanl.92036/fnbgsi.005 /gpfs/f6/drsa-precip4/world-shared/role.glopara/RUNDIRS/C96C48mx500_S2SW_cyc_gfs_9fef2bde/gfs.2021122018/sfcanl.92036/fnbgso.005
+ cpreq[3]cp /gpfs/f6/drsa-precip4/world-shared/role.glopara/RUNDIRS/C96C48mx500_S2SW_cyc_gfs_9fef2bde/gfs.2021122018/sfcanl.92036/fnbgsi.005 /gpfs/f6/drsa-precip4/world-shared/role.glopara/RUNDIRS/C96C48mx500_S2SW_cyc_gfs_9fef2bde/gfs.2021122018/sfcanl.92036/fnbgso.005
+ cpreq[4]'[' 0 -ne 0 ']'
+ exglobal_atmos_sfcanl.sh[166](( nn++  ))
+ exglobal_atmos_sfcanl.sh[166](( nn <= ntiles ))
+ exglobal_atmos_sfcanl.sh[167]cpreq /gpfs/f6/drsa-precip3/world-shared/global/CI/3847/RUNTESTS/COMROOT/C96C48mx500_S2SW_cyc_gfs_9fef2bde/gfs.20211220/18//analysis/snow/20211220.180000.sfc_data.tile6.nc /gpfs/f6/drsa-precip4/world-shared/role.glopara/RUNDIRS/C96C48mx500_S2SW_cyc_gfs_9fef2bde/gfs.2021122018/sfcanl.92036/fnbgsi.006
+ cpreq[3]cp /gpfs/f6/drsa-precip3/world-shared/global/CI/3847/RUNTESTS/COMROOT/C96C48mx500_S2SW_cyc_gfs_9fef2bde/gfs.20211220/18//analysis/snow/20211220.180000.sfc_data.tile6.nc /gpfs/f6/drsa-precip4/world-shared/role.glopara/RUNDIRS/C96C48mx500_S2SW_cyc_gfs_9fef2bde/gfs.2021122018/sfcanl.92036/fnbgsi.006
+ cpreq[4]'[' 0 -ne 0 ']'
+ exglobal_atmos_sfcanl.sh[168]cpreq /gpfs/f6/drsa-precip4/world-shared/role.glopara/RUNDIRS/C96C48mx500_S2SW_cyc_gfs_9fef2bde/gfs.2021122018/sfcanl.92036/fnbgsi.006 /gpfs/f6/drsa-precip4/world-shared/role.glopara/RUNDIRS/C96C48mx500_S2SW_cyc_gfs_9fef2bde/gfs.2021122018/sfcanl.92036/fnbgso.006
+ cpreq[3]cp /gpfs/f6/drsa-precip4/world-shared/role.glopara/RUNDIRS/C96C48mx500_S2SW_cyc_gfs_9fef2bde/gfs.2021122018/sfcanl.92036/fnbgsi.006 /gpfs/f6/drsa-precip4/world-shared/role.glopara/RUNDIRS/C96C48mx500_S2SW_cyc_gfs_9fef2bde/gfs.2021122018/sfcanl.92036/fnbgso.006
+ cpreq[4]'[' 0 -ne 0 ']'
+ exglobal_atmos_sfcanl.sh[166](( nn++  ))
+ exglobal_atmos_sfcanl.sh[166](( nn <= ntiles ))
+ exglobal_atmos_sfcanl.sh[171]/gpfs/f6/drsa-precip3/world-shared/global/CI/3847/global-workflow/ush/global_cycle.sh
+ bash[8]'[' -z '' ']'
+ bash[9]case "$-" in
+ bash[12]__lmod_vx=x
+ bash[16]'[' -n x ']'
+ bash[16]set +x
Shell debugging temporarily silenced: export LMOD_SH_DBG_ON=1 for this output (/opt/cray/pe/lmod/lmod/init/bash)
Shell debugging restarted
+ bash[178]unset __lmod_vx
+ global_cycle.sh[200]XC=' '
+ global_cycle.sh[201]PREINP=' '
+ global_cycle.sh[202]SUFINP=' '
+ global_cycle.sh[203]CYCLEXEC=/gpfs/f6/drsa-precip3/world-shared/global/CI/3847/global-workflow/exec/global_cycle
+ global_cycle.sh[205]FHOUR=0
+ global_cycle.sh[207]CRES=96
+ global_cycle.sh[208]JCAP_CASE=190
+ global_cycle.sh[209]LONB_CASE=384
+ global_cycle.sh[210]LATB_CASE=192
+ global_cycle.sh[211]DELTSFC=6
+ global_cycle.sh[213]LSOIL=4
+ global_cycle.sh[214]LSOIL_INCR=2
+ global_cycle.sh[215]FSMCL2=60
+ global_cycle.sh[216]FSLPL=99999.
+ global_cycle.sh[217]FSOTL=99999.
+ global_cycle.sh[218]FVETL=99999.
+ global_cycle.sh[219]IALB=1
+ global_cycle.sh[220]ISOT=1
+ global_cycle.sh[221]IVEGSRC=1
+ global_cycle.sh[222]CYCLVARS=FSNOL=99999.,FSNOS=99999.,
+ global_cycle.sh[223]use_ufo=.true.
+ global_cycle.sh[224]DONST=YES
+ global_cycle.sh[225]DO_SFCCYCLE=.true.
+ global_cycle.sh[226]GCYCLE_DO_SOILINCR=.false.
+ global_cycle.sh[227]GCYCLE_DO_SNOWINCR=.false.
+ global_cycle.sh[228][[ .false. == \.\t\r\u\e\. ]]
+ global_cycle.sh[228][[ .false. == \.\t\r\u\e\. ]]
+ global_cycle.sh[231]DO_LANDINCR=.false.
+ global_cycle.sh[233]GCYCLE_INTERP_LANDINCR=.false.
+ global_cycle.sh[234]zsea1=0
+ global_cycle.sh[235]zsea2=0
+ global_cycle.sh[236]MAX_TASKS_CY=6
+ global_cycle.sh[237]FRAC_GRID=.true.
+ global_cycle.sh[239]FNGLAC=/gpfs/f6/drsa-precip3/world-shared/global/CI/3847/global-workflow/fix/am/global_glacier.2x2.grb
+ global_cycle.sh[240]FNMXIC=/gpfs/f6/drsa-precip3/world-shared/global/CI/3847/global-workflow/fix/am/global_maxice.2x2.grb
+ global_cycle.sh[241]FNTSFC=/gpfs/f6/drsa-precip3/world-shared/global/CI/3847/global-workflow/fix/am/RTGSST.1982.2012.monthly.clim.grb
+ global_cycle.sh[242]FNSALC=/gpfs/f6/drsa-precip3/world-shared/global/CI/3847/global-workflow/fix/am/global_salclm.t1534.3072.1536.nc
+ global_cycle.sh[243]FNSNOC=/gpfs/f6/drsa-precip3/world-shared/global/CI/3847/global-workflow/fix/am/global_snoclim.1.875.grb
+ global_cycle.sh[244]FNZORC=igbp
+ global_cycle.sh[245]FNAISC=/gpfs/f6/drsa-precip3/world-shared/global/CI/3847/global-workflow/fix/am/IMS-NIC.blended.ice.monthly.clim.grb
+ global_cycle.sh[246]FNSMCC=/gpfs/f6/drsa-precip3/world-shared/global/CI/3847/global-workflow/fix/am/global_soilmgldas.statsgo.t190.384.192.grb
+ global_cycle.sh[247]FNALBC2=/gpfs/f6/drsa-precip3/world-shared/global/CI/3847/global-workflow/fix/orog/C96/sfc/C96.mx500.facsf.tileX.nc
+ global_cycle.sh[248]FNTG3C=/gpfs/f6/drsa-precip3/world-shared/global/CI/3847/global-workflow/fix/orog/C96/sfc/C96.mx500.substrate_temperature.tileX.nc
+ global_cycle.sh[249]FNVEGC=/gpfs/f6/drsa-precip3/world-shared/global/CI/3847/global-workflow/fix/orog/C96/sfc/C96.mx500.vegetation_greenness.tileX.nc
+ global_cycle.sh[250]FNALBC=/gpfs/f6/drsa-precip3/world-shared/global/CI/3847/global-workflow/fix/orog/C96/sfc/C96.mx500.snowfree_albedo.tileX.nc
+ global_cycle.sh[251]FNVETC=/gpfs/f6/drsa-precip3/world-shared/global/CI/3847/global-workflow/fix/orog/C96/sfc/C96.mx500.vegetation_type.tileX.nc
+ global_cycle.sh[252]FNSOTC=/gpfs/f6/drsa-precip3/world-shared/global/CI/3847/global-workflow/fix/orog/C96/sfc/C96.mx500.soil_type.tileX.nc
+ global_cycle.sh[253]FNABSC=/gpfs/f6/drsa-precip3/world-shared/global/CI/3847/global-workflow/fix/orog/C96/sfc/C96.mx500.maximum_snow_albedo.tileX.nc
+ global_cycle.sh[254]FNVMNC=/gpfs/f6/drsa-precip3/world-shared/global/CI/3847/global-workflow/fix/orog/C96/sfc/C96.mx500.vegetation_greenness.tileX.nc
+ global_cycle.sh[255]FNVMXC=/gpfs/f6/drsa-precip3/world-shared/global/CI/3847/global-workflow/fix/orog/C96/sfc/C96.mx500.vegetation_greenness.tileX.nc
+ global_cycle.sh[256]FNSLPC=/gpfs/f6/drsa-precip3/world-shared/global/CI/3847/global-workflow/fix/orog/C96/sfc/C96.mx500.slope_type.tileX.nc
+ global_cycle.sh[257]FNMSKH=/gpfs/f6/drsa-precip3/world-shared/global/CI/3847/global-workflow/fix/am/global_slmask.t1534.3072.1536.grb
+ global_cycle.sh[258]NST_FILE=dtfanl
+ global_cycle.sh[259]FNTSFA='        '
+ global_cycle.sh[260]FNACNA=/gpfs/f6/drsa-precip3/world-shared/global/CI/3847/RUNTESTS/COMROOT/C96C48mx500_S2SW_cyc_gfs_9fef2bde/gfs.20211220/18/obs/gfs.t18z.seaice.5min.blend.grb
+ global_cycle.sh[261]FNSNOA=' '
+ global_cycle.sh[263]PGMOUT=OUTPUT.92099
+ global_cycle.sh[264]PGMERR=errfile
+ global_cycle.sh[269]ln -fs /gpfs/f6/drsa-precip3/world-shared/global/CI/3847/global-workflow/fix/am/RTGSST.1982.2012.monthly.clim.grb sstclm
+ global_cycle.sh[270]ln -fs /gpfs/f6/drsa-precip3/world-shared/global/CI/3847/global-workflow/fix/am/global_salclm.t1534.3072.1536.nc salclm
+ global_cycle.sh[273][[ ! -f /gpfs/f6/drsa-precip3/world-shared/global/CI/3847/global-workflow/fix/am/global_soilmgldas.statsgo.t190.384.192.grb ]]
+ global_cycle.sh[273]FNSMCC=/gpfs/f6/drsa-precip3/world-shared/global/CI/3847/global-workflow/fix/am/global_soilmgldas.statsgo.t1534.3072.1536.grb
+ global_cycle.sh[277]export PGM=/gpfs/f6/drsa-precip3/world-shared/global/CI/3847/global-workflow/exec/global_cycle
+ global_cycle.sh[277]PGM=/gpfs/f6/drsa-precip3/world-shared/global/CI/3847/global-workflow/exec/global_cycle
+ global_cycle.sh[278]export pgm=/gpfs/f6/drsa-precip3/world-shared/global/CI/3847/global-workflow/exec/global_cycle
+ global_cycle.sh[278]pgm=/gpfs/f6/drsa-precip3/world-shared/global/CI/3847/global-workflow/exec/global_cycle
+ global_cycle.sh[280]iy=2021
+ global_cycle.sh[281]im=12
+ global_cycle.sh[282]id=20
+ global_cycle.sh[283]ih=18
+ global_cycle.sh[285]export OMP_NUM_THREADS=1
+ global_cycle.sh[285]OMP_NUM_THREADS=1
+ global_cycle.sh[287]cat
+ global_cycle.sh[321]cat
+ global_cycle.sh[333]cat
+ global_cycle.sh[343]'srun -l --export=ALL -n 6 --cpus-per-task=1' /gpfs/f6/drsa-precip3/world-shared/global/CI/3847/global-workflow/exec/global_cycle
+ exglobal_atmos_sfcanl.sh[172]export err=127
+ exglobal_atmos_sfcanl.sh[172]err=127
+ exglobal_atmos_sfcanl.sh[173][[ 127 -ne 0 ]]
+ exglobal_atmos_sfcanl.sh[174]err_exit 'Unable to update surface data from guess and analysis!'
+ environment[0]set +eux

    -------------------------------------------------------------
    -- FATAL ERROR: Unable to update surface data from guess and analysis! RETURN CODE 127
    -- ABNORMAL EXIT at Thu 10 Jul 2025 04:40:54 PM EDT on c6n0870
    -------------------------------------------------------------
    

Currently Loaded Modules:
  1) craype-x86-genoa
  2) perftools-base/25.03.0
  3) xpmem/2.9.6-1.1_20240510205610__g087dc11fc19d
  4) cray-pmi/6.1.15
  5) CmrsEnv/default
  6) TimeZoneEDT/default
  7) DefApps/default
  8) cray-dsmml/0.3.1
  9) PrgEnv-intel/8.5.0
 10) intel-classic/2023.2.0
 11) craype/2.7.30
 12) stack-intel/2023.2.0
 13) libfabric/1.20.1
 14) craype-network-ofi
 15) cray-mpich/8.1.29
 16) stack-cray-mpich/8.1.29
 17) gettext/0.20.2
 18) libxcrypt/4.4.35
 19) zlib/1.2.13
 20) sqlite/3.43.2
 21) util-linux-uuid/2.38.1
 22) python/3.11.6
 23) libjpeg/2.1.0
 24) jasper/2.0.32
 25) libpng/1.6.37
 26) openjpeg/2.3.1
 27) eccodes/2.32.0
 28) fftw/3.3.10
 29) nghttp2/1.57.0
 30) curl/8.4.0
 31) proj/9.2.1
 32) udunits/2.2.28
 33) cdo/2.2.0
 34) pkg-config/0.29.2
 35) hdf5/1.14.0
 36) snappy/1.1.10
 37) zstd/1.5.2
 38) c-blosc/1.21.5
 39) netcdf-c/4.9.2
 40) netcdf-fortran/4.6.1
 41) parallel-netcdf/1.12.2
 42) parallelio/2.5.10
 43) esmf/8.6.0
 44) perlbrew/5.38.2
 45) antlr/2.7.7
 46) gsl/2.7.1
 47) nco/5.0.6
 48) bacio/2.4.1
 49) w3emc/2.10.0
 50) prod_util/2.1.1
 51) g2/3.4.5
 52) sp/2.5.0
 53) ip/4.3.0
 54) grib-util/1.3.0
 55) g2tmpl/1.13.0
 56) gsi-ncdiag/1.1.2
 57) crtm-fix/2.4.0.1_emc
 58) git-lfs/2.11.0
 59) crtm/2.4.0.1
 60) openblas/0.3.24
 61) py-setuptools/63.4.3
 62) py-numpy/1.23.4
 63) bufr/11.7.0
 64) gmake/4.2.1
 65) wgrib2/2.0.8
 66) py-cftime/1.0.3.4
 67) py-netcdf4/1.5.8
 68) py-f90nml/1.4.3
 69) libyaml/0.2.5
 70) py-pyyaml/6.0
 71) py-markupsafe/2.1.3
 72) py-jinja2/3.1.2
 73) py-bottleneck/1.3.7
 74) py-numexpr/2.8.4
 75) py-et-xmlfile/1.0.1
 76) py-openpyxl/3.1.2
 77) py-pytz/2023.3
 78) py-pyxlsb/1.0.10
 79) py-xlrd/2.0.1
 80) py-xlsxwriter/3.1.7
 81) py-xlwt/1.3.0
 82) py-pandas/1.5.3
 83) py-six/1.16.0
 84) py-python-dateutil/2.8.2
 85) g2c/1.8.0
 86) netcdf-cxx4/4.3.1
 87) met/9.1.3
 88) metplus/3.1.1
 89) py-packaging/23.1
 90) py-xarray/2023.7.0
 91) prepobs/1.1.0
 92) fit2obs/1.1.7.1
 93) hsi/9.3
 94) module_base.gaeac6

 


Unable to update surface data from guess and analysis! RETURN CODE 127
/gpfs/f6/drsa-precip4/world-shared/role.glopara/RUNDIRS/C96C48mx500_S2SW_cyc_gfs_9fef2bde/gfs.2021122018/sfcanl.92036
total 4
-rw-r--r-- 1 role.glopara drsa-precip4        0 Jul 10 16:40 ncepdate
-rw-r--r-- 1 role.glopara drsa-precip4  2096689 Jul 10 16:40 fngrid.001
-rw-r--r-- 1 role.glopara drsa-precip4   844183 Jul 10 16:40 fnorog.001
-rw-r--r-- 1 role.glopara drsa-precip4  2096689 Jul 10 16:40 fngrid.002
-rw-r--r-- 1 role.glopara drsa-precip4   844183 Jul 10 16:40 fnorog.002
-rw-r--r-- 1 role.glopara drsa-precip4  2096689 Jul 10 16:40 fngrid.003
-rw-r--r-- 1 role.glopara drsa-precip4   844183 Jul 10 16:40 fnorog.003
-rw-r--r-- 1 role.glopara drsa-precip4  2096689 Jul 10 16:40 fngrid.004
-rw-r--r-- 1 role.glopara drsa-precip4   844183 Jul 10 16:40 fnorog.004
-rw-r--r-- 1 role.glopara drsa-precip4  2096689 Jul 10 16:40 fngrid.005
-rw-r--r-- 1 role.glopara drsa-precip4   844183 Jul 10 16:40 fnorog.005
-rw-r--r-- 1 role.glopara drsa-precip4  2096689 Jul 10 16:40 fngrid.006
-rw-r--r-- 1 role.glopara drsa-precip4   844183 Jul 10 16:40 fnorog.006
-rw-r--r-- 1 role.glopara drsa-precip4   170872 Jul 10 16:40 dtfanl
-rw-r--r-- 1 role.glopara drsa-precip4 10389858 Jul 10 16:40 fnbgsi.001
-rw-r--r-- 1 role.glopara drsa-precip4 10389858 Jul 10 16:40 fnbgso.001
-rw-r--r-- 1 role.glopara drsa-precip4 10389858 Jul 10 16:40 fnbgsi.002
-rw-r--r-- 1 role.glopara drsa-precip4 10389858 Jul 10 16:40 fnbgso.002
-rw-r--r-- 1 role.glopara drsa-precip4 10389858 Jul 10 16:40 fnbgsi.003
-rw-r--r-- 1 role.glopara drsa-precip4 10389858 Jul 10 16:40 fnbgso.003
-rw-r--r-- 1 role.glopara drsa-precip4 10389858 Jul 10 16:40 fnbgsi.004
-rw-r--r-- 1 role.glopara drsa-precip4 10389858 Jul 10 16:40 fnbgso.004
-rw-r--r-- 1 role.glopara drsa-precip4 10389858 Jul 10 16:40 fnbgsi.005
-rw-r--r-- 1 role.glopara drsa-precip4 10389858 Jul 10 16:40 fnbgso.005
-rw-r--r-- 1 role.glopara drsa-precip4 10389858 Jul 10 16:40 fnbgsi.006
-rw-r--r-- 1 role.glopara drsa-precip4 10389858 Jul 10 16:40 fnbgso.006
lrwxrwxrwx 1 role.glopara drsa-precip4      106 Jul 10 16:40 sstclm -> /gpfs/f6/drsa-precip3/world-shared/global/CI/3847/global-workflow/fix/am/RTGSST.1982.2012.monthly.clim.grb
lrwxrwxrwx 1 role.glopara drsa-precip4      105 Jul 10 16:40 salclm -> /gpfs/f6/drsa-precip3/world-shared/global/CI/3847/global-workflow/fix/am/global_salclm.t1534.3072.1536.nc
-rw-r--r-- 1 role.glopara drsa-precip4     2488 Jul 10 16:40 fort.35
-rw-r--r-- 1 role.glopara drsa-precip4      241 Jul 10 16:40 fort.36
-rw-r--r-- 1 role.glopara drsa-precip4      123 Jul 10 16:40 fort.37
-rw-r--r-- 1 role.glopara drsa-precip4        0 Jul 10 16:40 OUTPUT.92099
-rw-r--r-- 1 role.glopara drsa-precip4      160 Jul 10 16:40 errfile
----- contents of errfile -----
/gpfs/f6/drsa-precip3/world-shared/global/CI/3847/global-workflow/ush/global_cycle.sh: line 343: srun -l --export=ALL -n 6 --cpus-per-task=1: command not found
slurmstepd: error: *** JOB 209556418 ON c6n0870 CANCELLED AT 2025-07-10T16:40:55 ***
