Loading modules quietly...
Running "module reset". Resetting modules to system default. The following $MODULEPATH directories have been removed: None

The following have been reloaded with a version change:
  1) cray-libsci/25.03.0 => cray-libsci/24.11.0
  2) intel/2025.2 => intel/2024.2


Currently Loaded Modules:
  1) craype-x86-genoa                55) fckit/0.13.2
  2) perftools-base/25.03.0          56) fiat/1.4.1
  3) xpmem/2.11.5-1.3_g73ade43320bc  57) intel-oneapi-mkl/2023.2.0
  4) cray-pmi/6.1.15                 58) ectrans/1.2.0
  5) CmrsEnv/default                 59) fms/2024.02
  6) TimeZoneEDT/default             60) py-mpi4py/4.0.1
  7) DefApps                         61) esmf/8.8.0
  8) cray-dsmml/0.3.1                62) qhull/2020.2
  9) PrgEnv-intel/8.6.0              63) atlas/0.40.0
 10) intel/2024.2                    64) sp/2.5.0
 11) craype/2.7.34                   65) gsl-lite/0.37.0
 12) cray-libsci/24.11.0             66) libjpeg/2.1.0
 13) stack-oneapi/2024.2.1           67) krb5/1.20.1
 14) cray-mpich/8.1.32               68) libtirpc/1.3.3
 15) libfabric/1.22.0                69) hdf/4.2.15
 16) craype-network-ofi              70) jedi-cmake/1.4.0
 17) stack-cray-mpich/8.1.32         71) libpng/1.6.37
 18) glibc/2.38                      72) libxaw/1.10.13
 19) intel-oneapi-runtime/2024.2.1   73) udunits/2.2.28
 20) sqlite/3.46.0                   74) ncview/2.1.9
 21) util-linux-uuid/2.40.2          75) netcdf-cxx4/4.3.1
 22) python/3.11.7                   76) json/3.11.3
 23) stack-python/3.11.7             77) bacio/2.4.1
 24) cmake/3.27.9                    78) w3emc/2.10.0
 25) gettext/0.20.2                  79) prod_util/2.1.1
 26) nghttp2/1.63.0                  80) jasper/2.0.32
 27) curl/8.10.1                     81) g2/3.5.1
 28) zlib/1.2.13                     82) ip/5.1.0
 29) git/2.42.0                      83) grib-util/1.4.0
 30) hdf5/1.14.3                     84) py-markupsafe/2.1.3
 31) parallel-netcdf/1.12.3          85) py-jinja2/3.1.4
 32) snappy/1.2.1                    86) py-certifi/2023.7.22
 33) zstd/1.5.6                      87) py-cftime/1.0.3.4
 34) c-blosc/1.21.5                  88) py-netcdf4/1.7.1.post2
 35) netcdf-c/4.9.2                  89) py-pybind11/2.13.5
 36) nccmp/1.9.1.0                   90) py-setuptools/69.2.0
 37) netcdf-fortran/4.6.1            91) py-pycodestyle/2.11.0
 38) antlr/2.7.7                     92) libyaml/0.2.5
 39) gsl/2.8                         93) py-pyyaml/6.0.2
 40) nco/5.2.4                       94) py-scipy/1.14.1
 41) parallelio/2.6.2                95) py-packaging/24.1
 42) wget/1.21.3                     96) py-six/1.16.0
 43) Core/24.11                      97) py-python-dateutil/2.8.2
 44) boost/1.84.0                    98) py-pytz/2023.3
 45) python-venv/1.0                 99) py-tzdata/2023.3
 46) py-numpy/1.26.4                100) py-pandas/2.2.3
 47) bufr/12.1.0                    101) py-xarray/2024.7.0
 48) git-lfs/2.11.0                 102) py-f90nml/1.4.3
 49) ecbuild/3.7.2                  103) py-pip/23.1.2
 50) openjpeg/2.3.1                 104) py-click/8.1.7
 51) eccodes/2.33.0                 105) py-wheel/0.41.2
 52) eigen/3.4.0                    106) rocoto/1.3.7_fix
 53) openblas/0.3.24                107) hsi/9.3
 54) eckit/1.28.3                   108) GDAS/gaeac6.intel

 

Package         Version
--------------- -----------
certifi         2023.7.22
cftime          1.0.3.4
click           8.1.7
esmpy           8.8.0
f90nml          1.4.3
Jinja2          3.1.4
MarkupSafe      2.1.3
mpi4py          4.0.1
netCDF4         1.7.1.post2
numpy           1.26.4
packaging       24.1
pandas          2.2.3
pip             23.1.2
pybind11        2.13.5
pycodestyle     2.11.0
python-dateutil 2.8.2
pytz            2023.3
PyYAML          6.0.2
scipy           1.14.1
setuptools      69.2.0
six             1.16.0
tzdata          2023.3
wheel           0.41.2
xarray          2024.7.0

[notice] A new release of pip is available: 23.1.2 -> 26.2.1
[notice] To update, run: python3 -m pip install --upgrade pip
+ export WIPE_DATA=NO
+ WIPE_DATA=NO
+ export DATA=/gpfs/f6/drsa-precip4/world-shared/role.glopara/RUNDIRS/C48_gsienkf_atmDA_f16ac8d5-113072/gdas.2024022400/gdasfetch_00
+ DATA=/gpfs/f6/drsa-precip4/world-shared/role.glopara/RUNDIRS/C48_gsienkf_atmDA_f16ac8d5-113072/gdas.2024022400/gdasfetch_00
+ source /gpfs/f6/drsa-precip3/world-shared/global/CI/GITLAB/pr_cases_5294_f16ac8d5_113072/global-workflow/ush/jjob_header.sh -e prepatmanlbias -c 'base prepatmanlbias'
+++ basename /gpfs/f6/drsa-precip3/world-shared/global/CI/GITLAB/pr_cases_5294_f16ac8d5_113072/global-workflow/dev/jobs/JGLOBAL_ATM_PREP_ANL_BIAS
++ _calling_script=JGLOBAL_ATM_PREP_ANL_BIAS
++ source /gpfs/f6/drsa-precip3/world-shared/global/CI/GITLAB/pr_cases_5294_f16ac8d5_113072/global-workflow/ush/err_exit.sh
+++ declare -xf err_exit
++ pgm=JGLOBAL_ATM_PREP_ANL_BIAS
++ export pgm
++ OPTIND=1
++ getopts c:e: option
++ case "${option}" in
++ env_job=prepatmanlbias
++ getopts c:e: option
++ case "${option}" in
++ read -ra configs
++ getopts c:e: option
++ shift 4
++ [[ -z prepatmanlbias ]]
++ export EXPDIR=/gpfs/f6/drsa-precip3/world-shared/global/CI/GITLAB/pr_cases_5294_f16ac8d5_113072/RUNTESTS/EXPDIR/C48_gsienkf_atmDA_f16ac8d5-113072
++ EXPDIR=/gpfs/f6/drsa-precip3/world-shared/global/CI/GITLAB/pr_cases_5294_f16ac8d5_113072/RUNTESTS/EXPDIR/C48_gsienkf_atmDA_f16ac8d5-113072
++ for config in "${configs[@]:-''}"
++ source /gpfs/f6/drsa-precip3/world-shared/global/CI/GITLAB/pr_cases_5294_f16ac8d5_113072/RUNTESTS/EXPDIR/C48_gsienkf_atmDA_f16ac8d5-113072/config.base
+++ echo 'BEGIN: config.base'
BEGIN: config.base
+++ export machine=GAEAC6
+++ machine=GAEAC6
+++ export RUN_ENVIR=emc
+++ RUN_ENVIR=emc
+++ export STRICT=NO
+++ STRICT=NO
+++ export ACCOUNT=drsa-precip4
+++ ACCOUNT=drsa-precip4
+++ export QUEUE=normal
+++ QUEUE=normal
+++ export QUEUE_SERVICE=normal
+++ QUEUE_SERVICE=normal
+++ export QUEUE_EXCLUSIVE=normal
+++ QUEUE_EXCLUSIVE=normal
+++ export QUEUE_DTN=hpss
+++ QUEUE_DTN=hpss
+++ export PARTITION_BATCH=batch
+++ PARTITION_BATCH=batch
+++ export PARTITION_SERVICE=batch
+++ PARTITION_SERVICE=batch
+++ export PARTITION_EXCLUSIVE=
+++ PARTITION_EXCLUSIVE=
+++ export PARTITION_DTN=dtn_f5_f6
+++ PARTITION_DTN=dtn_f5_f6
+++ export RESERVATION=
+++ RESERVATION=
+++ export CLUSTERS=c6
+++ CLUSTERS=c6
+++ export CLUSTERS_SERVICE=c6
+++ CLUSTERS_SERVICE=c6
+++ export CLUSTERS_EXCLUSIVE=c6
+++ CLUSTERS_EXCLUSIVE=c6
+++ export CLUSTERS_DTN=es
+++ CLUSTERS_DTN=es
+++ export HPSS_PROJECT=emc-global
+++ HPSS_PROJECT=emc-global
+++ export HOMEglobal=/gpfs/f6/drsa-precip3/world-shared/global/CI/GITLAB/pr_cases_5294_f16ac8d5_113072/global-workflow
+++ HOMEglobal=/gpfs/f6/drsa-precip3/world-shared/global/CI/GITLAB/pr_cases_5294_f16ac8d5_113072/global-workflow
+++ export EXECglobal=/gpfs/f6/drsa-precip3/world-shared/global/CI/GITLAB/pr_cases_5294_f16ac8d5_113072/global-workflow/exec
+++ EXECglobal=/gpfs/f6/drsa-precip3/world-shared/global/CI/GITLAB/pr_cases_5294_f16ac8d5_113072/global-workflow/exec
+++ export FIXglobal=/gpfs/f6/drsa-precip3/world-shared/global/CI/GITLAB/pr_cases_5294_f16ac8d5_113072/global-workflow/fix
+++ FIXglobal=/gpfs/f6/drsa-precip3/world-shared/global/CI/GITLAB/pr_cases_5294_f16ac8d5_113072/global-workflow/fix
+++ export PARMglobal=/gpfs/f6/drsa-precip3/world-shared/global/CI/GITLAB/pr_cases_5294_f16ac8d5_113072/global-workflow/parm
+++ PARMglobal=/gpfs/f6/drsa-precip3/world-shared/global/CI/GITLAB/pr_cases_5294_f16ac8d5_113072/global-workflow/parm
+++ export SCRglobal=/gpfs/f6/drsa-precip3/world-shared/global/CI/GITLAB/pr_cases_5294_f16ac8d5_113072/global-workflow/scripts
+++ SCRglobal=/gpfs/f6/drsa-precip3/world-shared/global/CI/GITLAB/pr_cases_5294_f16ac8d5_113072/global-workflow/scripts
+++ export USHglobal=/gpfs/f6/drsa-precip3/world-shared/global/CI/GITLAB/pr_cases_5294_f16ac8d5_113072/global-workflow/ush
+++ USHglobal=/gpfs/f6/drsa-precip3/world-shared/global/CI/GITLAB/pr_cases_5294_f16ac8d5_113072/global-workflow/ush
+++ export FIXam=/gpfs/f6/drsa-precip3/world-shared/global/CI/GITLAB/pr_cases_5294_f16ac8d5_113072/global-workflow/fix/am
+++ FIXam=/gpfs/f6/drsa-precip3/world-shared/global/CI/GITLAB/pr_cases_5294_f16ac8d5_113072/global-workflow/fix/am
+++ export FIXaer=/gpfs/f6/drsa-precip3/world-shared/global/CI/GITLAB/pr_cases_5294_f16ac8d5_113072/global-workflow/fix/aer
+++ FIXaer=/gpfs/f6/drsa-precip3/world-shared/global/CI/GITLAB/pr_cases_5294_f16ac8d5_113072/global-workflow/fix/aer
+++ export FIXcpl=/gpfs/f6/drsa-precip3/world-shared/global/CI/GITLAB/pr_cases_5294_f16ac8d5_113072/global-workflow/fix/cpl
+++ FIXcpl=/gpfs/f6/drsa-precip3/world-shared/global/CI/GITLAB/pr_cases_5294_f16ac8d5_113072/global-workflow/fix/cpl
+++ export FIXlut=/gpfs/f6/drsa-precip3/world-shared/global/CI/GITLAB/pr_cases_5294_f16ac8d5_113072/global-workflow/fix/lut
+++ FIXlut=/gpfs/f6/drsa-precip3/world-shared/global/CI/GITLAB/pr_cases_5294_f16ac8d5_113072/global-workflow/fix/lut
+++ export FIXcice=/gpfs/f6/drsa-precip3/world-shared/global/CI/GITLAB/pr_cases_5294_f16ac8d5_113072/global-workflow/fix/cice
+++ FIXcice=/gpfs/f6/drsa-precip3/world-shared/global/CI/GITLAB/pr_cases_5294_f16ac8d5_113072/global-workflow/fix/cice
+++ export FIXmom=/gpfs/f6/drsa-precip3/world-shared/global/CI/GITLAB/pr_cases_5294_f16ac8d5_113072/global-workflow/fix/mom6
+++ FIXmom=/gpfs/f6/drsa-precip3/world-shared/global/CI/GITLAB/pr_cases_5294_f16ac8d5_113072/global-workflow/fix/mom6
+++ export FIXreg2grb2=/gpfs/f6/drsa-precip3/world-shared/global/CI/GITLAB/pr_cases_5294_f16ac8d5_113072/global-workflow/fix/reg2grb2
+++ FIXreg2grb2=/gpfs/f6/drsa-precip3/world-shared/global/CI/GITLAB/pr_cases_5294_f16ac8d5_113072/global-workflow/fix/reg2grb2
+++ export FIXgdas=/gpfs/f6/drsa-precip3/world-shared/global/CI/GITLAB/pr_cases_5294_f16ac8d5_113072/global-workflow/fix/gdas
+++ FIXgdas=/gpfs/f6/drsa-precip3/world-shared/global/CI/GITLAB/pr_cases_5294_f16ac8d5_113072/global-workflow/fix/gdas
+++ export PACKAGEROOT=/gpfs/f6/drsa-precip3/world-shared/role.glopara/nwpara
+++ PACKAGEROOT=/gpfs/f6/drsa-precip3/world-shared/role.glopara/nwpara
+++ export COMROOT=/gpfs/f6/drsa-precip3/world-shared/global/CI/GITLAB/pr_cases_5294_f16ac8d5_113072/RUNTESTS/COMROOT
+++ COMROOT=/gpfs/f6/drsa-precip3/world-shared/global/CI/GITLAB/pr_cases_5294_f16ac8d5_113072/RUNTESTS/COMROOT
+++ export DCOMROOT=/lfs/h1/ops/prod/dcom
+++ DCOMROOT=/lfs/h1/ops/prod/dcom
+++ export COMINsyn=/gpfs/f6/drsa-precip3/world-shared/role.glopara/com/syndat
+++ COMINsyn=/gpfs/f6/drsa-precip3/world-shared/role.glopara/com/syndat
+++ export DMPDIR=/gpfs/f6/drsa-precip3/world-shared/role.glopara/dump
+++ DMPDIR=/gpfs/f6/drsa-precip3/world-shared/role.glopara/dump
+++ export IODADIR=/gpfs/f6/drsa-precip3/world-shared/role.glopara/dump_ioda
+++ IODADIR=/gpfs/f6/drsa-precip3/world-shared/role.glopara/dump_ioda
+++ export USE_IODADIR=NO
+++ USE_IODADIR=NO
+++ export 'COMINnam={{ COMINnam }}'
+++ COMINnam='{{ COMINnam }}'
+++ export HOMEDIR=/gpfs/f6/drsa-precip4/world-shared/role.glopara
+++ HOMEDIR=/gpfs/f6/drsa-precip4/world-shared/role.glopara
+++ export STMP=/gpfs/f6/drsa-precip4/world-shared/role.glopara
+++ STMP=/gpfs/f6/drsa-precip4/world-shared/role.glopara
+++ export PTMP=/gpfs/f6/drsa-precip4/world-shared/role.glopara
+++ PTMP=/gpfs/f6/drsa-precip4/world-shared/role.glopara
+++ export NOSCRUB=/gpfs/f6/drsa-precip4/world-shared/role.glopara
+++ NOSCRUB=/gpfs/f6/drsa-precip4/world-shared/role.glopara
+++ export BASE_GIT=/gpfs/f6/drsa-precip3/world-shared/role.glopara/git
+++ BASE_GIT=/gpfs/f6/drsa-precip3/world-shared/role.glopara/git
+++ export BASE_DATA=/gpfs/f6/drsa-precip3/world-shared/role.glopara/data
+++ BASE_DATA=/gpfs/f6/drsa-precip3/world-shared/role.glopara/data
+++ export DO_PREP_SFC=NO
+++ DO_PREP_SFC=NO
+++ export DO_GOES=NO
+++ DO_GOES=NO
+++ export DO_BUFRSND=NO
+++ DO_BUFRSND=NO
+++ export DO_GEMPAK=NO
+++ DO_GEMPAK=NO
+++ export DO_AWIPS=NO
+++ DO_AWIPS=NO
+++ export DO_NPOESS=NO
+++ DO_NPOESS=NO
+++ export DO_TRACKER=YES
+++ DO_TRACKER=YES
+++ export DO_GENESIS=YES
+++ DO_GENESIS=YES
+++ export DO_GENESIS_FSU=NO
+++ DO_GENESIS_FSU=NO
+++ export DO_VERFOZN=YES
+++ DO_VERFOZN=YES
+++ export DO_VERFRAD=YES
+++ DO_VERFRAD=YES
+++ export DO_VMINMON=YES
+++ DO_VMINMON=YES
+++ export DO_ANLSTAT=NO
+++ DO_ANLSTAT=NO
+++ export DO_GSI_ANLSTAT=NO
+++ DO_GSI_ANLSTAT=NO
+++ export MODE=cycled
+++ MODE=cycled
+++ export DO_TEST_MODE=NO
+++ DO_TEST_MODE=NO
+++ export DO_METP=YES
+++ DO_METP=YES
+++ [[ GAEAC6 == \H\E\R\A ]]
+++ [[ GAEAC6 == \O\R\I\O\N ]]
+++ [[ GAEAC6 == \D\E\R\E\C\H\O ]]
+++ export FIXgsi=/gpfs/f6/drsa-precip3/world-shared/global/CI/GITLAB/pr_cases_5294_f16ac8d5_113072/global-workflow/fix/gsi
+++ FIXgsi=/gpfs/f6/drsa-precip3/world-shared/global/CI/GITLAB/pr_cases_5294_f16ac8d5_113072/global-workflow/fix/gsi
+++ export HOMEpost=/gpfs/f6/drsa-precip3/world-shared/global/CI/GITLAB/pr_cases_5294_f16ac8d5_113072/global-workflow
+++ HOMEpost=/gpfs/f6/drsa-precip3/world-shared/global/CI/GITLAB/pr_cases_5294_f16ac8d5_113072/global-workflow
+++ export HOMEobsproc=/gpfs/f6/drsa-precip3/world-shared/role.glopara/git/obsproc/v
+++ HOMEobsproc=/gpfs/f6/drsa-precip3/world-shared/role.glopara/git/obsproc/v
+++ export NMV=mv
+++ NMV=mv
+++ export 'NLN=ln -sf'
+++ NLN='ln -sf'
+++ export CHGRP_RSTPROD=YES
+++ CHGRP_RSTPROD=YES
+++ export 'CHGRP_CMD=chgrp rstprod'
+++ CHGRP_CMD='chgrp rstprod'
+++ export NCDUMP=/autofs/ncrc-svm1_proj/epic/spack-stack/c6/spack-stack-1.9.3/envs/ue-oneapi-2024.2.1/install/oneapi/2024.2.1/netcdf-c-4.9.2-y4tgcry/bin/ncdump/bin/ncdump
+++ NCDUMP=/autofs/ncrc-svm1_proj/epic/spack-stack/c6/spack-stack-1.9.3/envs/ue-oneapi-2024.2.1/install/oneapi/2024.2.1/netcdf-c-4.9.2-y4tgcry/bin/ncdump/bin/ncdump
+++ export NCLEN=/gpfs/f6/drsa-precip3/world-shared/global/CI/GITLAB/pr_cases_5294_f16ac8d5_113072/global-workflow/ush/getncdimlen.py
+++ NCLEN=/gpfs/f6/drsa-precip3/world-shared/global/CI/GITLAB/pr_cases_5294_f16ac8d5_113072/global-workflow/ush/getncdimlen.py
+++ export VERBOSE=YES
+++ VERBOSE=YES
+++ export CAT_MPMD_LOGS=YES
+++ CAT_MPMD_LOGS=YES
+++ export DEBUG_POSTSCRIPT=NO
+++ DEBUG_POSTSCRIPT=NO
+++ export CHECK_DEAD_LINKS=NO
+++ CHECK_DEAD_LINKS=NO
+++ export BASE_ENV=/gpfs/f6/drsa-precip3/world-shared/global/CI/GITLAB/pr_cases_5294_f16ac8d5_113072/global-workflow/env
+++ BASE_ENV=/gpfs/f6/drsa-precip3/world-shared/global/CI/GITLAB/pr_cases_5294_f16ac8d5_113072/global-workflow/env
+++ export SDATE=2024022318
+++ SDATE=2024022318
+++ export EDATE=2024022406
+++ EDATE=2024022406
+++ export EXP_WARM_START=.true.
+++ EXP_WARM_START=.true.
+++ export assim_freq=6
+++ assim_freq=6
+++ export PSLOT=C48_gsienkf_atmDA_f16ac8d5-113072
+++ PSLOT=C48_gsienkf_atmDA_f16ac8d5-113072
+++ export EXPDIR=/gpfs/f6/drsa-precip3/world-shared/global/CI/GITLAB/pr_cases_5294_f16ac8d5_113072/RUNTESTS/EXPDIR/C48_gsienkf_atmDA_f16ac8d5-113072
+++ EXPDIR=/gpfs/f6/drsa-precip3/world-shared/global/CI/GITLAB/pr_cases_5294_f16ac8d5_113072/RUNTESTS/EXPDIR/C48_gsienkf_atmDA_f16ac8d5-113072
+++ export ROTDIR=/gpfs/f6/drsa-precip3/world-shared/global/CI/GITLAB/pr_cases_5294_f16ac8d5_113072/RUNTESTS/COMROOT/C48_gsienkf_atmDA_f16ac8d5-113072
+++ ROTDIR=/gpfs/f6/drsa-precip3/world-shared/global/CI/GITLAB/pr_cases_5294_f16ac8d5_113072/RUNTESTS/COMROOT/C48_gsienkf_atmDA_f16ac8d5-113072
+++ export DUMP_SUFFIX=
+++ DUMP_SUFFIX=
+++ [[ 2024022400 -ge 2019092100 ]]
+++ [[ 2024022400 -le 2019110700 ]]
+++ export ARCDIR=/gpfs/f6/drsa-precip4/world-shared/role.glopara/archive/C48_gsienkf_atmDA_f16ac8d5-113072
+++ ARCDIR=/gpfs/f6/drsa-precip4/world-shared/role.glopara/archive/C48_gsienkf_atmDA_f16ac8d5-113072
+++ export ATARDIR=/NCEPDEV/emc-global/1year/role.glopara/GAEAC6/scratch/C48_gsienkf_atmDA_f16ac8d5-113072
+++ ATARDIR=/NCEPDEV/emc-global/1year/role.glopara/GAEAC6/scratch/C48_gsienkf_atmDA_f16ac8d5-113072
+++ export 'FETCHDIR={{ FETCHDIR }}'
+++ FETCHDIR='{{ FETCHDIR }}'
+++ export NET=gfs
+++ NET=gfs
+++ export RUN=gdas
+++ RUN=gdas
+++ source /gpfs/f6/drsa-precip3/world-shared/global/CI/GITLAB/pr_cases_5294_f16ac8d5_113072/RUNTESTS/EXPDIR/C48_gsienkf_atmDA_f16ac8d5-113072/config.com
++++ echo 'BEGIN: config.com'
BEGIN: config.com
++++ [[ emc == \n\c\o ]]
++++ COM_OBSPROC_TMPL='${DMPDIR}/${RUN}${DUMP_SUFFIX}.${YMD}/${HH}/atmos'
++++ COM_OBSFORGE_TMPL='${IODADIR}/${RUN}${DUMP_SUFFIX}.${YMD}/${HH}'
++++ COM_RTOFS_TMPL='${DMPDIR}'
++++ COM_TCVITAL_TMPL='${DMPDIR}/${RUN}.${YMD}/${HH}/atmos'
++++ declare -rx 'COM_OBS_TMPL=${ROTDIR}/${RUN}.${YMD}/${HH}/obs'
++++ declare -rx COM_OBSPROC_TMPL COM_RTOFS_TMPL COM_OBSFORGE_TMPL
++++ COM_BASE='${ROTDIR}/${RUN}.${YMD}/${HH}/${MEMDIR}'
++++ declare -rx 'COM_TOP_TMPL=${ROTDIR}/${RUN}.${YMD}/${HH}'
++++ declare -rx 'COM_CONF_TMPL=${ROTDIR}/${RUN}.${YMD}/${HH}/${MEMDIR}/conf'
++++ declare -rx 'COM_ATMOS_INPUT_TMPL=${ROTDIR}/${RUN}.${YMD}/${HH}/${MEMDIR}/model/atmos/input'
++++ declare -rx 'COM_ATMOS_RESTART_TMPL=${ROTDIR}/${RUN}.${YMD}/${HH}/${MEMDIR}/model/atmos/restart'
++++ declare -rx 'COM_ATMOS_ANALYSIS_TMPL=${ROTDIR}/${RUN}.${YMD}/${HH}/${MEMDIR}/analysis/atmos'
++++ declare -rx 'COM_SNOW_ANALYSIS_TMPL=${ROTDIR}/${RUN}.${YMD}/${HH}/${MEMDIR}/analysis/snow'
++++ declare -rx 'COM_SNOW_ANLMON_TMPL=${ROTDIR}/${RUN}.${YMD}/${HH}/${MEMDIR}/products/snow/anlmon'
++++ declare -rx 'COM_ATMOS_HISTORY_TMPL=${ROTDIR}/${RUN}.${YMD}/${HH}/${MEMDIR}/model/atmos/history'
++++ declare -rx 'COM_ATMOS_MASTER_TMPL=${ROTDIR}/${RUN}.${YMD}/${HH}/${MEMDIR}/model/atmos/master'
++++ declare -rx 'COM_ATMOS_GRIB_TMPL=${ROTDIR}/${RUN}.${YMD}/${HH}/${MEMDIR}/products/atmos/grib2'
++++ declare -rx 'COM_ATMOS_GRIB_GRID_TMPL=${ROTDIR}/${RUN}.${YMD}/${HH}/${MEMDIR}/products/atmos/grib2/${GRID}'
++++ declare -rx 'COM_ATMOS_BUFR_TMPL=${ROTDIR}/${RUN}.${YMD}/${HH}/${MEMDIR}/products/atmos/bufr'
++++ declare -rx 'COM_ATMOS_GEMPAK_TMPL=${ROTDIR}/${RUN}.${YMD}/${HH}/${MEMDIR}/products/atmos/gempak/${GRID}'
++++ declare -rx 'COM_ATMOS_GENESIS_TMPL=${ROTDIR}/${RUN}.${YMD}/${HH}/${MEMDIR}/products/atmos/cyclone/genesis_vital'
++++ declare -rx 'COM_ATMOS_TRACK_TMPL=${ROTDIR}/${RUN}.${YMD}/${HH}/${MEMDIR}/products/atmos/cyclone/tracks'
++++ declare -rx 'COM_ATMOS_GOES_TMPL=${ROTDIR}/${RUN}.${YMD}/${HH}/${MEMDIR}/products/atmos/goes_sim'
++++ declare -rx 'COM_ATMOS_IMAGERY_TMPL=${ROTDIR}/${RUN}.${YMD}/${HH}/${MEMDIR}/products/atmos/imagery'
++++ declare -rx 'COM_ATMOS_OZNMON_TMPL=${ROTDIR}/${RUN}.${YMD}/${HH}/${MEMDIR}/products/atmos/oznmon'
++++ declare -rx 'COM_ATMOS_RADMON_TMPL=${ROTDIR}/${RUN}.${YMD}/${HH}/${MEMDIR}/products/atmos/radmon'
++++ declare -rx 'COM_ATMOS_MINMON_TMPL=${ROTDIR}/${RUN}.${YMD}/${HH}/${MEMDIR}/products/atmos/minmon'
++++ declare -rx 'COM_ATMOS_ANLMON_TMPL=${ROTDIR}/${RUN}.${YMD}/${HH}/${MEMDIR}/products/atmos/anlmon'
++++ declare -rx 'COM_ATMOS_WMO_TMPL=${ROTDIR}/${RUN}.${YMD}/${HH}/${MEMDIR}/products/atmos/wmo'
++++ declare -rx 'COM_WAVE_RESTART_TMPL=${ROTDIR}/${RUN}.${YMD}/${HH}/${MEMDIR}/model/wave/restart'
++++ declare -rx 'COM_WAVE_INIT_TMPL=${ROTDIR}/${RUN}.${YMD}/${HH}/${MEMDIR}/model/wave/init'
++++ declare -rx 'COM_WAVE_HISTORY_TMPL=${ROTDIR}/${RUN}.${YMD}/${HH}/${MEMDIR}/model/wave/history'
++++ declare -rx 'COM_WAVE_GRID_TMPL=${ROTDIR}/${RUN}.${YMD}/${HH}/${MEMDIR}/products/wave/gridded'
++++ declare -rx 'COM_WAVE_GRID_RES_TMPL=${ROTDIR}/${RUN}.${YMD}/${HH}/${MEMDIR}/products/wave/gridded/${GRDRESNAME}'
++++ declare -rx 'COM_WAVE_STATION_TMPL=${ROTDIR}/${RUN}.${YMD}/${HH}/${MEMDIR}/products/wave/station'
++++ declare -rx 'COM_WAVE_GEMPAK_TMPL=${ROTDIR}/${RUN}.${YMD}/${HH}/${MEMDIR}/products/wave/gempak'
++++ declare -rx 'COM_WAVE_WMO_TMPL=${ROTDIR}/${RUN}.${YMD}/${HH}/${MEMDIR}/products/wave/wmo'
++++ declare -rx 'COM_OCEAN_HISTORY_TMPL=${ROTDIR}/${RUN}.${YMD}/${HH}/${MEMDIR}/model/ocean/history'
++++ declare -rx 'COM_OCEAN_RESTART_TMPL=${ROTDIR}/${RUN}.${YMD}/${HH}/${MEMDIR}/model/ocean/restart'
++++ declare -rx 'COM_OCEAN_INPUT_TMPL=${ROTDIR}/${RUN}.${YMD}/${HH}/${MEMDIR}/model/ocean/input'
++++ declare -rx 'COM_OCEAN_ANALYSIS_TMPL=${ROTDIR}/${RUN}.${YMD}/${HH}/${MEMDIR}/analysis/ocean'
++++ declare -rx 'COM_OCEAN_ANLMON_TMPL=${ROTDIR}/${RUN}.${YMD}/${HH}/${MEMDIR}/products/ocean/anlmon'
++++ declare -rx 'COM_OCEAN_BMATRIX_TMPL=${ROTDIR}/${RUN}.${YMD}/${HH}/${MEMDIR}/bmatrix/ocean'
++++ declare -rx 'COM_OCEAN_NETCDF_TMPL=${ROTDIR}/${RUN}.${YMD}/${HH}/${MEMDIR}/products/ocean/netcdf'
++++ declare -rx 'COM_OCEAN_GRIB_TMPL=${ROTDIR}/${RUN}.${YMD}/${HH}/${MEMDIR}/products/ocean/grib2'
++++ declare -rx 'COM_OCEAN_GRIB_GRID_TMPL=${ROTDIR}/${RUN}.${YMD}/${HH}/${MEMDIR}/products/ocean/grib2/${GRID}'
++++ declare -rx 'COM_ICE_ANALYSIS_TMPL=${ROTDIR}/${RUN}.${YMD}/${HH}/${MEMDIR}/analysis/ice'
++++ declare -rx 'COM_ICE_ANLMON_TMPL=${ROTDIR}/${RUN}.${YMD}/${HH}/${MEMDIR}/products/ice/anlmon'
++++ declare -rx 'COM_ICE_BMATRIX_TMPL=${ROTDIR}/${RUN}.${YMD}/${HH}/${MEMDIR}/bmatrix/ice'
++++ declare -rx 'COM_ICE_INPUT_TMPL=${ROTDIR}/${RUN}.${YMD}/${HH}/${MEMDIR}/model/ice/input'
++++ declare -rx 'COM_ICE_HISTORY_TMPL=${ROTDIR}/${RUN}.${YMD}/${HH}/${MEMDIR}/model/ice/history'
++++ declare -rx 'COM_ICE_RESTART_TMPL=${ROTDIR}/${RUN}.${YMD}/${HH}/${MEMDIR}/model/ice/restart'
++++ declare -rx 'COM_ICE_NETCDF_TMPL=${ROTDIR}/${RUN}.${YMD}/${HH}/${MEMDIR}/products/ice/netcdf'
++++ declare -rx 'COM_ICE_GRIB_TMPL=${ROTDIR}/${RUN}.${YMD}/${HH}/${MEMDIR}/products/ice/grib2'
++++ declare -rx 'COM_ICE_GRIB_GRID_TMPL=${ROTDIR}/${RUN}.${YMD}/${HH}/${MEMDIR}/products/ice/grib2/${GRID}'
++++ declare -rx 'COM_CHEM_HISTORY_TMPL=${ROTDIR}/${RUN}.${YMD}/${HH}/${MEMDIR}/model/chem/history'
++++ declare -rx 'COM_CHEM_ANALYSIS_TMPL=${ROTDIR}/${RUN}.${YMD}/${HH}/${MEMDIR}/analysis/chem'
++++ declare -rx 'COM_CHEM_BMAT_TMPL=${ROTDIR}/${RUN}.${YMD}/${HH}/${MEMDIR}/analysis/chem/bmatrix'
++++ declare -rx 'COM_CHEM_ANLMON_TMPL=${ROTDIR}/${RUN}.${YMD}/${HH}/${MEMDIR}/products/chem/anlmon'
++++ declare -rx 'COM_CHEM_INPUT_TMPL=${ROTDIR}/${RUN}.${YMD}/${HH}/${MEMDIR}/model/chem/input'
++++ declare -rx 'COM_CHEM_RESTART_TMPL=${ROTDIR}/${RUN}.${YMD}/${HH}/${MEMDIR}/model/chem/restart'
++++ declare -rx 'COM_MED_RESTART_TMPL=${ROTDIR}/${RUN}.${YMD}/${HH}/${MEMDIR}/model/med/restart'
+++ export LOGSCRIPT=
+++ LOGSCRIPT=
+++ export SENDSDM=NO
+++ SENDSDM=NO
+++ export SENDAWIP=NO
+++ SENDAWIP=NO
+++ export APP=ATM
+++ APP=ATM
+++ shopt -s extglob
+++ case "${RUN}" in
+++ shopt -u extglob
+++ export DO_ATM=YES
+++ DO_ATM=YES
+++ export DO_COUPLED=NO
+++ DO_COUPLED=NO
+++ export DO_WAVE=NO
+++ DO_WAVE=NO
+++ export DO_OCN=NO
+++ DO_OCN=NO
+++ export DO_ICE=NO
+++ DO_ICE=NO
+++ DO_AERO=NO
+++ export DO_PREP_OBS_AERO=NO
+++ DO_PREP_OBS_AERO=NO
+++ aero_fcst_runs=gdas
+++ aero_anl_runs='gdas gfs'
+++ export DO_AERO_FCST=NO
+++ DO_AERO_FCST=NO
+++ export DO_AERO_ANL=NO
+++ DO_AERO_ANL=NO
+++ [[ gdas == \g\f\s ]]
+++ export DOBNDPNT_WAVE=NO
+++ DOBNDPNT_WAVE=NO
+++ export FRAC_GRID=.true.
+++ FRAC_GRID=.true.
+++ export DO_NEST=NO
+++ DO_NEST=NO
+++ [[ NO == \Y\E\S ]]
+++ export ntiles=6
+++ ntiles=6
+++ export FIXugwd=/gpfs/f6/drsa-precip3/world-shared/global/CI/GITLAB/pr_cases_5294_f16ac8d5_113072/global-workflow/fix/ugwd
+++ FIXugwd=/gpfs/f6/drsa-precip3/world-shared/global/CI/GITLAB/pr_cases_5294_f16ac8d5_113072/global-workflow/fix/ugwd
+++ export FIXorog=/gpfs/f6/drsa-precip3/world-shared/global/CI/GITLAB/pr_cases_5294_f16ac8d5_113072/global-workflow/fix/orog
+++ FIXorog=/gpfs/f6/drsa-precip3/world-shared/global/CI/GITLAB/pr_cases_5294_f16ac8d5_113072/global-workflow/fix/orog
+++ export OPS_RES=C768
+++ OPS_RES=C768
+++ export LEVS=128
+++ LEVS=128
+++ export CASE=C96
+++ CASE=C96
+++ export CASE_ENS=C48
+++ CASE_ENS=C48
+++ export CASE_ANL=C48
+++ CASE_ANL=C48
+++ export CASE_HIST=C96
+++ CASE_HIST=C96
+++ export OCNRES=500
+++ OCNRES=500
+++ export ICERES=500
+++ ICERES=500
+++ case "${CASE}" in
+++ export waveGRD=uglo_100km
+++ waveGRD=uglo_100km
+++ case "${APP}" in
+++ [[ NO == \Y\E\S ]]
+++ [[ gdas =~ gdas ]]
+++ export FHCYC=1
+++ FHCYC=1
+++ export FTSFS=10
+++ FTSFS=10
+++ export FHMIN=0
+++ FHMIN=0
+++ export FHMAX=9
+++ FHMAX=9
+++ export FHOUT=3
+++ FHOUT=3
+++ export FHOUT_OCN=3
+++ FHOUT_OCN=3
+++ export FHOUT_ICE=3
+++ FHOUT_ICE=3
+++ export FHOUT_AERO=3
+++ FHOUT_AERO=3
+++ export EUPD_CYC=gdas
+++ EUPD_CYC=gdas
+++ export INTERVAL_GFS=0
+++ INTERVAL_GFS=0
+++ export SDATE_GFS=2024022400
+++ SDATE_GFS=2024022400
+++ export FHMIN_GFS=0
+++ FHMIN_GFS=0
+++ export FHMAX_GFS=120
+++ FHMAX_GFS=120
+++ breakpnts=
+++ export FCST_SEGMENTS=0,120
+++ FCST_SEGMENTS=0,120
+++ export FHOUT_GFS=3
+++ FHOUT_GFS=3
+++ export FHMAX_HF_GFS=48
+++ FHMAX_HF_GFS=48
+++ export FHMAX_HF_GFS=48
+++ FHMAX_HF_GFS=48
+++ export FHOUT_HF_GFS=1
+++ FHOUT_HF_GFS=1
+++ export FHMIN_WAV=0
+++ FHMIN_WAV=0
+++ export FHOUT_WAV=1
+++ FHOUT_WAV=1
+++ export FHMAX_WAV=9
+++ FHMAX_WAV=9
+++ export FHMAX_WAV=9
+++ FHMAX_WAV=9
+++ export FHOUT_WAV_GFS=3
+++ FHOUT_WAV_GFS=3
+++ export FHMAX_WAV_GFS=120
+++ FHMAX_WAV_GFS=120
+++ export FHOUT_HF_WAV=1
+++ FHOUT_HF_WAV=1
+++ export FHMAX_HF_WAV=48
+++ FHMAX_HF_WAV=48
+++ export FHMAX_HF_WAV=48
+++ FHMAX_HF_WAV=48
+++ export FHOUT_OCN_GFS=6
+++ FHOUT_OCN_GFS=6
+++ export FHOUT_ICE_GFS=6
+++ FHOUT_ICE_GFS=6
+++ export ILPOST=1
+++ ILPOST=1
+++ ((  FHMAX_HF_GFS < 120  ))
+++ export ILPOST=3
+++ ILPOST=3
+++ export FHMAX_GOES=180
+++ FHMAX_GOES=180
+++ export FHOUT_GOES=3
+++ FHOUT_GOES=3
+++ ((  FHMAX_GOES > FHMAX_GFS  ))
+++ export FHMAX_GOES=120
+++ FHMAX_GOES=120
+++ export restart_interval_gfs=12
+++ restart_interval_gfs=12
+++ export QUILTING=.true.
+++ QUILTING=.true.
+++ export OUTPUT_GRID=gaussian_grid
+++ OUTPUT_GRID=gaussian_grid
+++ export WRITE_DOPOST=.true.
+++ WRITE_DOPOST=.true.
+++ export WRITE_NSFLIP=.true.
+++ WRITE_NSFLIP=.true.
+++ export DOIAU=NO
+++ DOIAU=NO
+++ export IAUFHRS=3,6,9
+++ IAUFHRS=3,6,9
+++ export IAU_FHROT=3
+++ IAU_FHROT=3
+++ export IAU_DELTHRS=6
+++ IAU_DELTHRS=6
+++ export IAU_OFFSET=6
+++ IAU_OFFSET=6
+++ export DOIAU_ENKF=NO
+++ DOIAU_ENKF=NO
+++ export IAUFHRS_ENKF=3,6,9
+++ IAUFHRS_ENKF=3,6,9
+++ export IAU_DELTHRS_ENKF=6
+++ IAU_DELTHRS_ENKF=6
+++ export imp_physics=8
+++ imp_physics=8
+++ export DO_JEDIATMVAR=NO
+++ DO_JEDIATMVAR=NO
+++ export DO_JEDIATMENS=NO
+++ DO_JEDIATMENS=NO
+++ export DO_JEDIATMENS_SPLIT_OBSSOL=YES
+++ DO_JEDIATMENS_SPLIT_OBSSOL=YES
+++ export DO_JEDIOCNVAR=NO
+++ DO_JEDIOCNVAR=NO
+++ export DO_JEDISNOWDA=NO
+++ DO_JEDISNOWDA=NO
+++ export DO_MERGENSST=NO
+++ DO_MERGENSST=NO
+++ [[ .true. = \.\t\r\u\e\. ]]
+++ export DO_STARTMEM_FROM_JEDIICE=YES
+++ DO_STARTMEM_FROM_JEDIICE=YES
+++ export DOHYBVAR=YES
+++ DOHYBVAR=YES
+++ export DOHYBVAR_OCN=NO
+++ DOHYBVAR_OCN=NO
+++ export DOLETKF_OCN=NO
+++ DOLETKF_OCN=NO
+++ export DOLETKF_OCN_INC=NO
+++ DOLETKF_OCN_INC=NO
+++ export NMEM_ENS=2
+++ NMEM_ENS=2
+++ export SMOOTH_ENKF=NO
+++ SMOOTH_ENKF=NO
+++ export l4densvar=.true.
+++ l4densvar=.true.
+++ export lwrite4danl=.true.
+++ lwrite4danl=.true.
+++ export DO_CALC_INCREMENT=NO
+++ DO_CALC_INCREMENT=NO
+++ export USE_BUILD_GSINFO=YES
+++ USE_BUILD_GSINFO=YES
+++ export BUILD_GSINFO_DIR=/gpfs/f6/drsa-precip3/world-shared/global/CI/GITLAB/pr_cases_5294_f16ac8d5_113072/global-workflow/parm/gsinfo
+++ BUILD_GSINFO_DIR=/gpfs/f6/drsa-precip3/world-shared/global/CI/GITLAB/pr_cases_5294_f16ac8d5_113072/global-workflow/parm/gsinfo
+++ export NMEM_ENS_GFS=30
+++ NMEM_ENS_GFS=30
+++ export NMEM_ENS_GFS_OFFSET=20
+++ NMEM_ENS_GFS_OFFSET=20
+++ export DO_CALC_INCREMENT_ENKF_GFS=NO
+++ DO_CALC_INCREMENT_ENKF_GFS=NO
+++ export DOENKFONLY_ATM=YES
+++ DOENKFONLY_ATM=YES
+++ [[ YES = \Y\E\S ]]
+++ [[ NO = \Y\E\S ]]
+++ [[ YES = \Y\E\S ]]
+++ export FHMIN_ENKF=3
+++ FHMIN_ENKF=3
+++ export FHMAX_ENKF=9
+++ FHMAX_ENKF=9
+++ export FHMAX_ENKF_GFS=12
+++ FHMAX_ENKF_GFS=12
+++ export FHOUT_ENKF_GFS=3
+++ FHOUT_ENKF_GFS=3
+++ [[ .true. = \.\t\r\u\e\. ]]
+++ export FHOUT=1
+++ FHOUT=1
+++ export FHOUT_ENKF=1
+++ FHOUT_ENKF=1
+++ [[ YES == \N\O ]]
+++ export ENKF_SPREAD=YES
+++ ENKF_SPREAD=YES
+++ export DO_WDQMS=NO
+++ DO_WDQMS=NO
+++ [[ gdas == \g\d\a\s ]]
+++ export DO_GSISOILDA=NO
+++ DO_GSISOILDA=NO
+++ export DO_LAND_IAU=.false.
+++ DO_LAND_IAU=.false.
+++ export LSOIL_INCR=2
+++ LSOIL_INCR=2
+++ [[ cycled = \c\y\c\l\e\d ]]
+++ [[ 2024022318 = \2\0\2\4\0\2\2\4\0\0 ]]
+++ [[ NO = \N\O ]]
+++ export IAU_OFFSET=0
+++ IAU_OFFSET=0
+++ export IAU_FHROT=0
+++ IAU_FHROT=0
+++ export IAUFHRS=6,
+++ IAUFHRS=6,
+++ export DO_LAND_IAU=.false.
+++ DO_LAND_IAU=.false.
+++ [[ NO = \N\O ]]
+++ export IAUFHRS_ENKF=6,
+++ IAUFHRS_ENKF=6,
+++ [[ NO == \Y\E\S ]]
+++ export restart_interval_enkfgdas=6
+++ restart_interval_enkfgdas=6
+++ export restart_interval_enkfgfs=6
+++ restart_interval_enkfgfs=6
+++ [[ NO == \Y\E\S ]]
+++ export restart_interval_gdas=6
+++ restart_interval_gdas=6
+++ export DONST=YES
+++ DONST=YES
+++ [[ YES = \Y\E\S ]]
+++ export 'FNTSFA=        '
+++ FNTSFA='        '
+++ export nst_anl=.true.
+++ nst_anl=.true.
+++ export 'INCREMENTS_TO_ZERO='\''liq_wat_inc'\'','\''icmr_inc'\'','\''rwmr_inc'\'','\''snmr_inc'\'','\''grle_inc'\'''
+++ INCREMENTS_TO_ZERO=''\''liq_wat_inc'\'','\''icmr_inc'\'','\''rwmr_inc'\'','\''snmr_inc'\'','\''grle_inc'\'''
+++ export 'INCVARS_ZERO_STRAT='\''sphum_inc'\'','\''liq_wat_inc'\'','\''icmr_inc'\'','\''rwmr_inc'\'','\''snmr_inc'\'','\''grle_inc'\'''
+++ INCVARS_ZERO_STRAT=''\''sphum_inc'\'','\''liq_wat_inc'\'','\''icmr_inc'\'','\''rwmr_inc'\'','\''snmr_inc'\'','\''grle_inc'\'''
+++ export INCVARS_EFOLD=5
+++ INCVARS_EFOLD=5
+++ export netcdf_diag=.true.
+++ netcdf_diag=.true.
+++ export binary_diag=.false.
+++ binary_diag=.false.
+++ export DO_CA=YES
+++ DO_CA=YES
+++ export DO_FIT2OBS=YES
+++ DO_FIT2OBS=YES
+++ export FHMAX_FITS=132
+++ FHMAX_FITS=132
+++ [[ 132 -gt 120 ]]
+++ export FHMAX_FITS=120
+++ FHMAX_FITS=120
+++ export DO_FETCH_HPSS=NO
+++ DO_FETCH_HPSS=NO
+++ export DO_FETCH_LOCAL=NO
+++ DO_FETCH_LOCAL=NO
+++ export DO_ARCHCOM=YES
+++ DO_ARCHCOM=YES
+++ export ARCHCOM_TO=hpss
+++ ARCHCOM_TO=hpss
+++ export 'CLIENT_GLOBUS_UUID={{ CLIENT_GLOBUS_UUID }}'
+++ CLIENT_GLOBUS_UUID='{{ CLIENT_GLOBUS_UUID }}'
+++ [[ NO = \Y\E\S ]]
+++ [[ NO = \Y\E\S ]]
+++ [[ NO = \Y\E\S ]]
+++ [[ NO = \Y\E\S ]]
+++ [[ YES == \Y\E\S ]]
+++ export RECENTER_ENKF=NO
+++ RECENTER_ENKF=NO
+++ export DO_VERFOZN=NO
+++ DO_VERFOZN=NO
+++ export DO_VERFRAD=NO
+++ DO_VERFRAD=NO
+++ export DO_VMINMON=NO
+++ DO_VMINMON=NO
+++ export DO_METP=NO
+++ DO_METP=NO
+++ export DO_FIT2OBS=NO
+++ DO_FIT2OBS=NO
+++ export DO_TRACKER=NO
+++ DO_TRACKER=NO
+++ export DO_GENESIS=NO
+++ DO_GENESIS=NO
+++ export OFFSET_START_HOUR=0
+++ OFFSET_START_HOUR=0
+++ export NUM_SND_COLLECTIVES=9
+++ NUM_SND_COLLECTIVES=9
+++ export MOM6_INTERP_ICS=NO
+++ MOM6_INTERP_ICS=NO
+++ [[ NO == \Y\E\S ]]
+++ echo 'END: config.base'
END: config.base
++ true
++ export err=0
++ err=0
++ [[ 0 -ne 0 ]]
++ for config in "${configs[@]:-''}"
++ source /gpfs/f6/drsa-precip3/world-shared/global/CI/GITLAB/pr_cases_5294_f16ac8d5_113072/RUNTESTS/EXPDIR/C48_gsienkf_atmDA_f16ac8d5-113072/config.prepatmanlbias
+++ echo 'BEGIN: config.prepatmanlbias'
BEGIN: config.prepatmanlbias
+++ . /gpfs/f6/drsa-precip3/world-shared/global/CI/GITLAB/pr_cases_5294_f16ac8d5_113072/RUNTESTS/EXPDIR/C48_gsienkf_atmDA_f16ac8d5-113072/config.resources prepatmanlbias
++++ ((  1 != 1  ))
++++ step=prepatmanlbias
++++ echo 'BEGIN: config.resources'
BEGIN: config.resources
++++ case ${machine} in
++++ max_tasks_per_node=192
++++ mem_node_max=384GB
++++ export max_tasks_per_node
++++ case ${step} in
++++ walltime=00:30:00
++++ ntasks=1
++++ threads_per_task=1
++++ tasks_per_node=1
++++ [[ -f /gpfs/f6/drsa-precip3/world-shared/global/CI/GITLAB/pr_cases_5294_f16ac8d5_113072/RUNTESTS/EXPDIR/C48_gsienkf_atmDA_f16ac8d5-113072/config.resources.GAEAC6 ]]
++++ source /gpfs/f6/drsa-precip3/world-shared/global/CI/GITLAB/pr_cases_5294_f16ac8d5_113072/RUNTESTS/EXPDIR/C48_gsienkf_atmDA_f16ac8d5-113072/config.resources.GAEAC6
+++++ unset memory
+++++ unset memory_gdas
+++++ case ${step} in
++++ for resource_var in threads_per_task ntasks tasks_per_node NTASKS memory walltime is_exclusive prepost
++++ run_resource_var=threads_per_task_gdas
++++ [[ -n '' ]]
++++ [[ -n 0 ]]
++++ export threads_per_task
++++ for resource_var in threads_per_task ntasks tasks_per_node NTASKS memory walltime is_exclusive prepost
++++ run_resource_var=ntasks_gdas
++++ [[ -n '' ]]
++++ [[ -n 0 ]]
++++ export ntasks
++++ for resource_var in threads_per_task ntasks tasks_per_node NTASKS memory walltime is_exclusive prepost
++++ run_resource_var=tasks_per_node_gdas
++++ [[ -n '' ]]
++++ [[ -n 0 ]]
++++ export tasks_per_node
++++ for resource_var in threads_per_task ntasks tasks_per_node NTASKS memory walltime is_exclusive prepost
++++ run_resource_var=NTASKS_gdas
++++ [[ -n '' ]]
++++ [[ -n '' ]]
++++ for resource_var in threads_per_task ntasks tasks_per_node NTASKS memory walltime is_exclusive prepost
++++ run_resource_var=memory_gdas
++++ [[ -n '' ]]
++++ [[ -n '' ]]
++++ for resource_var in threads_per_task ntasks tasks_per_node NTASKS memory walltime is_exclusive prepost
++++ run_resource_var=walltime_gdas
++++ [[ -n '' ]]
++++ [[ -n 0 ]]
++++ export walltime
++++ for resource_var in threads_per_task ntasks tasks_per_node NTASKS memory walltime is_exclusive prepost
++++ run_resource_var=is_exclusive_gdas
++++ [[ -n '' ]]
++++ [[ -n '' ]]
++++ for resource_var in threads_per_task ntasks tasks_per_node NTASKS memory walltime is_exclusive prepost
++++ run_resource_var=prepost_gdas
++++ [[ -n '' ]]
++++ [[ -n '' ]]
++++ echo 'END: config.resources'
END: config.resources
+++ echo 'END: config.prepatmanlbias'
END: config.prepatmanlbias
++ true
++ export err=0
++ err=0
++ [[ 0 -ne 0 ]]
++ source /gpfs/f6/drsa-precip3/world-shared/global/CI/GITLAB/pr_cases_5294_f16ac8d5_113072/global-workflow/env/GAEAC6.env prepatmanlbias
+++ [[ 1 -ne 1 ]]
+++ step=prepatmanlbias
+++ export 'launcher=srun -l --export=ALL --distribution=block:block'
+++ launcher='srun -l --export=ALL --distribution=block:block'
+++ export 'mpmd_opt=--multi-prog --output=mpmd.%j.%t.out'
+++ mpmd_opt='--multi-prog --output=mpmd.%j.%t.out'
+++ export OMP_STACKSIZE=2048000
+++ OMP_STACKSIZE=2048000
+++ export NTHSTACK=1024000000
+++ NTHSTACK=1024000000
+++ export FI_CXI_RX_MATCH_MODE=hybrid
+++ FI_CXI_RX_MATCH_MODE=hybrid
+++ ulimit -s unlimited
+++ ulimit -a
core file size          (blocks, -c) 0
data seg size           (kbytes, -d) unlimited
scheduling priority             (-e) 0
file size               (blocks, -f) unlimited
pending signals                 (-i) 1540783
max locked memory       (kbytes, -l) unlimited
max memory size         (kbytes, -m) unlimited
open files                      (-n) 50000
pipe size            (512 bytes, -p) 8
POSIX message queues     (bytes, -q) 819200
real-time priority              (-r) 0
stack size              (kbytes, -s) unlimited
cpu time               (seconds, -t) unlimited
max user processes              (-u) 1540783
virtual memory          (kbytes, -v) unlimited
file locks                      (-x) unlimited
+++ [[ -n 1 ]]
+++ [[ -n 192 ]]
+++ [[ -n 1 ]]
+++ max_threads_per_task=192
+++ NTHREADSmax=1
+++ NTHREADS1=1
+++ [[ 1 -gt 192 ]]
+++ [[ 1 -gt 192 ]]
+++ APRUN_default='srun -l --export=ALL --distribution=block:block -n 1'
+++ case ${step} in
+++ echo 'WARNING: The job step prepatmanlbias does not specify GAEAC6-specific resources'
WARNING: The job step prepatmanlbias does not specify GAEAC6-specific resources
++ true
++ export err=0
++ err=0
++ [[ 0 -ne 0 ]]
+ source /gpfs/f6/drsa-precip3/world-shared/global/CI/GITLAB/pr_cases_5294_f16ac8d5_113072/global-workflow/ush/jjob_standard_vars.sh
+++ date +%s
++ start_time=1791314987
++ export start_time
+++ date -d@1791314987 -u +%H:%M:%S
++ _start_time_human=19:29:47
++ _calling_script=JGLOBAL_ATM_PREP_ANL_BIAS
++ echo 'Begin JGLOBAL_ATM_PREP_ANL_BIAS at 19:29:47'
Begin JGLOBAL_ATM_PREP_ANL_BIAS at 19:29:47
++ declare -x 'PS4=+ $(basename ${BASH_SOURCE[0]:-${FUNCNAME[0]:-"Unknown"}})[${LINENO}] ${SECONDS}s: '
++ jjob_standard_vars.sh[46] 0s: export USHglobal=/gpfs/f6/drsa-precip3/world-shared/global/CI/GITLAB/pr_cases_5294_f16ac8d5_113072/global-workflow/ush
++ jjob_standard_vars.sh[46] 0s: USHglobal=/gpfs/f6/drsa-precip3/world-shared/global/CI/GITLAB/pr_cases_5294_f16ac8d5_113072/global-workflow/ush
++ jjob_standard_vars.sh[47] 0s: export FIXglobal=/gpfs/f6/drsa-precip3/world-shared/global/CI/GITLAB/pr_cases_5294_f16ac8d5_113072/global-workflow/fix
++ jjob_standard_vars.sh[47] 0s: FIXglobal=/gpfs/f6/drsa-precip3/world-shared/global/CI/GITLAB/pr_cases_5294_f16ac8d5_113072/global-workflow/fix
++ jjob_standard_vars.sh[48] 0s: export PARMglobal=/gpfs/f6/drsa-precip3/world-shared/global/CI/GITLAB/pr_cases_5294_f16ac8d5_113072/global-workflow/parm
++ jjob_standard_vars.sh[48] 0s: PARMglobal=/gpfs/f6/drsa-precip3/world-shared/global/CI/GITLAB/pr_cases_5294_f16ac8d5_113072/global-workflow/parm
++ jjob_standard_vars.sh[49] 0s: export SCRIPTSglobal=/gpfs/f6/drsa-precip3/world-shared/global/CI/GITLAB/pr_cases_5294_f16ac8d5_113072/global-workflow/scripts
++ jjob_standard_vars.sh[49] 0s: SCRIPTSglobal=/gpfs/f6/drsa-precip3/world-shared/global/CI/GITLAB/pr_cases_5294_f16ac8d5_113072/global-workflow/scripts
++ jjob_standard_vars.sh[54] 0s: export pid=3388667
++ jjob_standard_vars.sh[54] 0s: pid=3388667
++ jjob_standard_vars.sh[55] 0s: export pgmout=OUTPUT.3388667
++ jjob_standard_vars.sh[55] 0s: pgmout=OUTPUT.3388667
++ jjob_standard_vars.sh[56] 0s: export pgmerr=errfile
++ jjob_standard_vars.sh[56] 0s: pgmerr=errfile
++ jjob_standard_vars.sh[61] 0s: export envir=para
++ jjob_standard_vars.sh[61] 0s: envir=para
++ jjob_standard_vars.sh[62] 0s: export KEEPDATA=NO
++ jjob_standard_vars.sh[62] 0s: KEEPDATA=NO
++ jjob_standard_vars.sh[63] 0s: export SENDECF=NO
++ jjob_standard_vars.sh[63] 0s: SENDECF=NO
++ jjob_standard_vars.sh[64] 0s: export SENDDBN=NO
++ jjob_standard_vars.sh[64] 0s: SENDDBN=NO
++ jjob_standard_vars.sh[65] 0s: export DBNLOG=NO
++ jjob_standard_vars.sh[65] 0s: DBNLOG=NO
++ jjob_standard_vars.sh[66] 0s: export NODBNFCHK=NO
++ jjob_standard_vars.sh[66] 0s: NODBNFCHK=NO
++ jjob_standard_vars.sh[67] 0s: export SENDDBN_NTC=
++ jjob_standard_vars.sh[67] 0s: SENDDBN_NTC=
++ jjob_standard_vars.sh[68] 0s: export DBNROOT=/fakedbn
++ jjob_standard_vars.sh[68] 0s: DBNROOT=/fakedbn
++ jjob_standard_vars.sh[73] 0s: export DATA=/gpfs/f6/drsa-precip4/world-shared/role.glopara/RUNDIRS/C48_gsienkf_atmDA_f16ac8d5-113072/gdas.2024022400/gdasfetch_00
++ jjob_standard_vars.sh[73] 0s: DATA=/gpfs/f6/drsa-precip4/world-shared/role.glopara/RUNDIRS/C48_gsienkf_atmDA_f16ac8d5-113072/gdas.2024022400/gdasfetch_00
++ jjob_standard_vars.sh[79] 0s: export cycle=t00z
++ jjob_standard_vars.sh[79] 0s: cycle=t00z
+ JGLOBAL_ATM_PREP_ANL_BIAS[13] 0s: source /gpfs/f6/drsa-precip3/world-shared/global/CI/GITLAB/pr_cases_5294_f16ac8d5_113072/global-workflow/ush/jjob_shell_setup.sh
++ jjob_shell_setup.sh[27] 0s: export USHglobal=/gpfs/f6/drsa-precip3/world-shared/global/CI/GITLAB/pr_cases_5294_f16ac8d5_113072/global-workflow/ush
++ jjob_shell_setup.sh[27] 0s: USHglobal=/gpfs/f6/drsa-precip3/world-shared/global/CI/GITLAB/pr_cases_5294_f16ac8d5_113072/global-workflow/ush
++ jjob_shell_setup.sh[28] 0s: export start_time=1791314987
++ jjob_shell_setup.sh[28] 0s: start_time=1791314987
++ jjob_shell_setup.sh[29] 0s: export _calling_script=JGLOBAL_ATM_PREP_ANL_BIAS
++ jjob_shell_setup.sh[29] 0s: _calling_script=JGLOBAL_ATM_PREP_ANL_BIAS
++ jjob_shell_setup.sh[34] 0s: source /gpfs/f6/drsa-precip3/world-shared/global/CI/GITLAB/pr_cases_5294_f16ac8d5_113072/global-workflow/ush/wait_for_file.sh
+++ wait_for_file.sh[48] 0s: declare -xf wait_for_file
++ jjob_shell_setup.sh[35] 0s: source /gpfs/f6/drsa-precip3/world-shared/global/CI/GITLAB/pr_cases_5294_f16ac8d5_113072/global-workflow/ush/dataroot_com_path.sh
+++ dataroot_com_path.sh[48] 0s: declare -xf dataroot_com_path
++ jjob_shell_setup.sh[36] 0s: source /gpfs/f6/drsa-precip3/world-shared/global/CI/GITLAB/pr_cases_5294_f16ac8d5_113072/global-workflow/ush/timer.sh
+++ timer.sh[28] 0s: [[ -z '' ]]
+++ timer.sh[29] 0s: _GW_TIMER_STACK=()
+++ timer.sh[29] 0s: declare -xa _GW_TIMER_STACK
+++ timer.sh[30] 0s: _GW_LABEL_STACK=()
+++ timer.sh[30] 0s: declare -xa _GW_LABEL_STACK
+++ timer.sh[89] 0s: declare -xf tick
+++ timer.sh[90] 0s: declare -xf tock
+++ timer.sh[93] 0s: [[ /gpfs/f6/drsa-precip3/world-shared/global/CI/GITLAB/pr_cases_5294_f16ac8d5_113072/global-workflow/ush/timer.sh == \/\g\p\f\s\/\f\6\/\d\r\s\a\-\p\r\e\c\i\p\3\/\w\o\r\l\d\-\s\h\a\r\e\d\/\g\l\o\b\a\l\/\C\I\/\G\I\T\L\A\B\/\p\r\_\c\a\s\e\s\_\5\2\9\4\_\f\1\6\a\c\8\d\5\_\1\1\3\0\7\2\/\g\l\o\b\a\l\-\w\o\r\k\f\l\o\w\/\d\e\v\/\j\o\b\s\/\J\G\L\O\B\A\L\_\A\T\M\_\P\R\E\P\_\A\N\L\_\B\I\A\S ]]
++ jjob_shell_setup.sh[37] 0s: source /gpfs/f6/drsa-precip3/world-shared/global/CI/GITLAB/pr_cases_5294_f16ac8d5_113072/global-workflow/ush/err_exit.sh
+++ err_exit.sh[81] 1s: declare -xf err_exit
++ jjob_shell_setup.sh[38] 1s: shopt -s nullglob
++ jjob_shell_setup.sh[43] 1s: export SHELLOPTS
++ jjob_shell_setup.sh[47] 1s: source /gpfs/f6/drsa-precip3/world-shared/global/CI/GITLAB/pr_cases_5294_f16ac8d5_113072/global-workflow/ush/setup_data_dir.sh /gpfs/f6/drsa-precip4/world-shared/role.glopara/RUNDIRS/C48_gsienkf_atmDA_f16ac8d5-113072/gdas.2024022400/gdasfetch_00
+++ setup_data_dir.sh[15] 1s: dir_to_create_=/gpfs/f6/drsa-precip4/world-shared/role.glopara/RUNDIRS/C48_gsienkf_atmDA_f16ac8d5-113072/gdas.2024022400/gdasfetch_00
+++ setup_data_dir.sh[16] 1s: [[ NO == \Y\E\S ]]
+++ setup_data_dir.sh[19] 1s: mkdir -p /gpfs/f6/drsa-precip4/world-shared/role.glopara/RUNDIRS/C48_gsienkf_atmDA_f16ac8d5-113072/gdas.2024022400/gdasfetch_00
+++ setup_data_dir.sh[20] 1s: cd /gpfs/f6/drsa-precip4/world-shared/role.glopara/RUNDIRS/C48_gsienkf_atmDA_f16ac8d5-113072/gdas.2024022400/gdasfetch_00
++ jjob_shell_setup.sh[50] 1s: set -x
++ jjob_shell_setup.sh[56] 1s: trap '/gpfs/f6/drsa-precip3/world-shared/global/CI/GITLAB/pr_cases_5294_f16ac8d5_113072/global-workflow/ush/postamble.sh 1791314987' EXIT
++ jjob_shell_setup.sh[62] 1s: setpdy.sh
+ setpdy.sh[20] 0s: '[' /gpfs/f6/drsa-precip4/world-shared/role.glopara/RUNDIRS/C48_gsienkf_atmDA_f16ac8d5-113072/gdas.2024022400/gdasfetch_00 == /ncrc/home1/role.glopara ']'
+ setpdy.sh[25] 0s: [[ ! t00z =~ t??z ]]
+ setpdy.sh[30] 0s: case $# in
+ setpdy.sh[31] 0s: dates_before_PDY=7
+ setpdy.sh[32] 0s: dates_after_PDY=7
+ setpdy.sh[50] 0s: COMDATEROOT=/gpfs/f6/drsa-precip3/world-shared/global/CI/GITLAB/pr_cases_5294_f16ac8d5_113072/RUNTESTS/COMROOT
+ setpdy.sh[53] 0s: '[' -z 20240224 ']'
+ setpdy.sh[57] 0s: sed 's/[0-9]\{8\}/20240224/' /gpfs/f6/drsa-precip3/world-shared/global/CI/GITLAB/pr_cases_5294_f16ac8d5_113072/RUNTESTS/COMROOT/date/t00z
sed: can't read /gpfs/f6/drsa-precip3/world-shared/global/CI/GITLAB/pr_cases_5294_f16ac8d5_113072/RUNTESTS/COMROOT/date/t00z: No such file or directory
++ setpdy.sh[62] 0s: finddate.sh 20240224 s-7
+ finddate.sh[19] 0s: set +x
+ setpdy.sh[62] 0s: DATElne_minus='20240223 20240222 20240221 20240220 20240219 20240218 20240217'
+ setpdy.sh[63] 0s: export err=0
+ setpdy.sh[63] 0s: err=0
+ setpdy.sh[63] 0s: err_chk
+ err_chk[13] 0s: '[' -z 0 ']'
+ err_chk[14] 0s: '[' 0 -eq 0 ']'
+ err_chk[14] 0s: echo 'JGLOBAL_ATM_PREP_ANL_BIAS completed cleanly'
JGLOBAL_ATM_PREP_ANL_BIAS completed cleanly
+ err_chk[14] 0s: exit
++ setpdy.sh[65] 0s: finddate.sh 20240224 s+7
+ finddate.sh[19] 0s: set +x
+ setpdy.sh[65] 0s: DATElne_plus='20240225 20240226 20240227 20240228 20240229 20240301 20240302'
+ setpdy.sh[66] 0s: export err=0
+ setpdy.sh[66] 0s: err=0
+ setpdy.sh[66] 0s: err_chk
+ err_chk[13] 0s: '[' -z 0 ']'
+ err_chk[14] 0s: '[' 0 -eq 0 ']'
+ err_chk[14] 0s: echo 'JGLOBAL_ATM_PREP_ANL_BIAS completed cleanly'
JGLOBAL_ATM_PREP_ANL_BIAS completed cleanly
+ err_chk[14] 0s: exit
+ setpdy.sh[69] 0s: '[' -f PDY ']'
+ setpdy.sh[69] 0s: rm PDY
++ setpdy.sh[70] 0s: seq 7 -1 1
+ setpdy.sh[70] 0s: for d in $(seq $dates_before_PDY -1 1)
+ setpdy.sh[72] 0s: echo 'export PDYm7=20240217'
+ setpdy.sh[70] 0s: for d in $(seq $dates_before_PDY -1 1)
+ setpdy.sh[72] 0s: echo 'export PDYm6=20240218'
+ setpdy.sh[70] 0s: for d in $(seq $dates_before_PDY -1 1)
+ setpdy.sh[72] 0s: echo 'export PDYm5=20240219'
+ setpdy.sh[70] 0s: for d in $(seq $dates_before_PDY -1 1)
+ setpdy.sh[72] 0s: echo 'export PDYm4=20240220'
+ setpdy.sh[70] 0s: for d in $(seq $dates_before_PDY -1 1)
+ setpdy.sh[72] 0s: echo 'export PDYm3=20240221'
+ setpdy.sh[70] 0s: for d in $(seq $dates_before_PDY -1 1)
+ setpdy.sh[72] 0s: echo 'export PDYm2=20240222'
+ setpdy.sh[70] 0s: for d in $(seq $dates_before_PDY -1 1)
+ setpdy.sh[72] 0s: echo 'export PDYm1=20240223'
+ setpdy.sh[74] 0s: echo 'export PDY=20240224'
++ setpdy.sh[75] 0s: seq 7
+ setpdy.sh[75] 0s: for d in $(seq $dates_after_PDY)
+ setpdy.sh[77] 0s: echo 'export PDYp1=20240225'
+ setpdy.sh[75] 0s: for d in $(seq $dates_after_PDY)
+ setpdy.sh[77] 0s: echo 'export PDYp2=20240226'
+ setpdy.sh[75] 0s: for d in $(seq $dates_after_PDY)
+ setpdy.sh[77] 0s: echo 'export PDYp3=20240227'
+ setpdy.sh[75] 0s: for d in $(seq $dates_after_PDY)
+ setpdy.sh[77] 0s: echo 'export PDYp4=20240228'
+ setpdy.sh[75] 0s: for d in $(seq $dates_after_PDY)
+ setpdy.sh[77] 0s: echo 'export PDYp5=20240229'
+ setpdy.sh[75] 0s: for d in $(seq $dates_after_PDY)
+ setpdy.sh[77] 0s: echo 'export PDYp6=20240301'
+ setpdy.sh[75] 0s: for d in $(seq $dates_after_PDY)
+ setpdy.sh[77] 0s: echo 'export PDYp7=20240302'
+ setpdy.sh[80] 0s: chmod u+x PDY
+ setpdy.sh[82] 0s: echo 'Source PDY script to export PDYm7, ..., PDY, ..., PDYp7 variables.'
Source PDY script to export PDYm7, ..., PDY, ..., PDYp7 variables.
++ jjob_shell_setup.sh[63] 1s: source ./PDY
+++ PDY[1] 1s: export PDYm7=20240217
+++ PDY[1] 1s: PDYm7=20240217
+++ PDY[2] 1s: export PDYm6=20240218
+++ PDY[2] 1s: PDYm6=20240218
+++ PDY[3] 1s: export PDYm5=20240219
+++ PDY[3] 1s: PDYm5=20240219
+++ PDY[4] 1s: export PDYm4=20240220
+++ PDY[4] 1s: PDYm4=20240220
+++ PDY[5] 1s: export PDYm3=20240221
+++ PDY[5] 1s: PDYm3=20240221
+++ PDY[6] 1s: export PDYm2=20240222
+++ PDY[6] 1s: PDYm2=20240222
+++ PDY[7] 1s: export PDYm1=20240223
+++ PDY[7] 1s: PDYm1=20240223
+++ PDY[8] 1s: export PDY=20240224
+++ PDY[8] 1s: PDY=20240224
+++ PDY[9] 1s: export PDYp1=20240225
+++ PDY[9] 1s: PDYp1=20240225
+++ PDY[10] 1s: export PDYp2=20240226
+++ PDY[10] 1s: PDYp2=20240226
+++ PDY[11] 1s: export PDYp3=20240227
+++ PDY[11] 2s: PDYp3=20240227
+++ PDY[12] 2s: export PDYp4=20240228
+++ PDY[12] 2s: PDYp4=20240228
+++ PDY[13] 2s: export PDYp5=20240229
+++ PDY[13] 2s: PDYp5=20240229
+++ PDY[14] 2s: export PDYp6=20240301
+++ PDY[14] 2s: PDYp6=20240301
+++ PDY[15] 2s: export PDYp7=20240302
+++ PDY[15] 2s: PDYp7=20240302
+ JGLOBAL_ATM_PREP_ANL_BIAS[16] 2s: source /gpfs/f6/drsa-precip3/world-shared/global/CI/GITLAB/pr_cases_5294_f16ac8d5_113072/global-workflow/ush/set_strict.sh
++ set_strict.sh[13] 2s: [[ NO == \Y\E\S ]]
++ set_strict.sh[20] 2s: set -o pipefail
++ set_strict.sh[22] 2s: trap 'echo "WARNING: command exited with status $? at line ${LINENO} of ${BASH_SOURCE[0]:-${0}}" >&2' ERR
++ JGLOBAL_ATM_PREP_ANL_BIAS[27] 2s: date --utc +%Y%m%d%H -d '20240224 00 - 6 hours'
+ JGLOBAL_ATM_PREP_ANL_BIAS[27] 2s: GDATE=2024022318
+ JGLOBAL_ATM_PREP_ANL_BIAS[28] 2s: export gPDY=20240223
+ JGLOBAL_ATM_PREP_ANL_BIAS[28] 2s: gPDY=20240223
+ JGLOBAL_ATM_PREP_ANL_BIAS[29] 2s: export gcyc=18
+ JGLOBAL_ATM_PREP_ANL_BIAS[29] 2s: gcyc=18
+ JGLOBAL_ATM_PREP_ANL_BIAS[30] 2s: export gyy=2024
+ JGLOBAL_ATM_PREP_ANL_BIAS[30] 2s: gyy=2024
+ JGLOBAL_ATM_PREP_ANL_BIAS[31] 2s: export gmm=02
+ JGLOBAL_ATM_PREP_ANL_BIAS[31] 2s: gmm=02
+ JGLOBAL_ATM_PREP_ANL_BIAS[32] 2s: export gdd=23
+ JGLOBAL_ATM_PREP_ANL_BIAS[32] 2s: gdd=23
+ JGLOBAL_ATM_PREP_ANL_BIAS[33] 2s: export GDUMP=gdas
+ JGLOBAL_ATM_PREP_ANL_BIAS[33] 2s: GDUMP=gdas
+ JGLOBAL_ATM_PREP_ANL_BIAS[36] 2s: declare -rx COMOUT_ATMOS_ANALYSIS_PREV=/gpfs/f6/drsa-precip3/world-shared/global/CI/GITLAB/pr_cases_5294_f16ac8d5_113072/RUNTESTS/COMROOT/C48_gsienkf_atmDA_f16ac8d5-113072/enkfgdas.20240223/18/ensstat/analysis/atmos
+ JGLOBAL_ATM_PREP_ANL_BIAS[39] 2s: BIASDIR=/gpfs/f6/drsa-precip4/world-shared/role.glopara/RUNDIRS/C48_gsienkf_atmDA_f16ac8d5-113072/gdas.2024022400/gdasfetch_00/gdas.20240223/18/atmos
+ JGLOBAL_ATM_PREP_ANL_BIAS[40] 2s: BIASFILES='gdas.t18z.abias gdas.t18z.abias_air  gdas.t18z.abias_int gdas.t18z.abias_pc gdas.t18z.radstat'
+ JGLOBAL_ATM_PREP_ANL_BIAS[42] 2s: ABIAS_SAT=/gpfs/f6/drsa-precip4/world-shared/role.glopara/RUNDIRS/C48_gsienkf_atmDA_f16ac8d5-113072/gdas.2024022400/gdasfetch_00/gdas.20240223/18/atmos/gdas.t18z.abias
+ JGLOBAL_ATM_PREP_ANL_BIAS[43] 2s: ABIASPC_SAT=/gpfs/f6/drsa-precip4/world-shared/role.glopara/RUNDIRS/C48_gsienkf_atmDA_f16ac8d5-113072/gdas.2024022400/gdasfetch_00/gdas.20240223/18/atmos/gdas.t18z.abias_pc
+ JGLOBAL_ATM_PREP_ANL_BIAS[44] 2s: ABIAS_JEDI_TAR=/gpfs/f6/drsa-precip3/world-shared/global/CI/GITLAB/pr_cases_5294_f16ac8d5_113072/RUNTESTS/COMROOT/C48_gsienkf_atmDA_f16ac8d5-113072/enkfgdas.20240223/18/ensstat/analysis/atmos/gdas.t18z.varbc_params.tar
+ JGLOBAL_ATM_PREP_ANL_BIAS[46] 2s: SATBIAS2IODAX=/gpfs/f6/drsa-precip3/world-shared/global/CI/GITLAB/pr_cases_5294_f16ac8d5_113072/global-workflow/exec/gdas_satbias2ioda.x
+ JGLOBAL_ATM_PREP_ANL_BIAS[47] 2s: SATBIAS2IODAY=/gpfs/f6/drsa-precip3/world-shared/global/CI/GITLAB/pr_cases_5294_f16ac8d5_113072/global-workflow/sorc/gdas.cd/ush/satbias_converter.yaml.tmpl
+ JGLOBAL_ATM_PREP_ANL_BIAS[48] 2s: OUTPUT=/gpfs/f6/drsa-precip4/world-shared/role.glopara/RUNDIRS/C48_gsienkf_atmDA_f16ac8d5-113072/gdas.2024022400/gdasfetch_00/output
+ JGLOBAL_ATM_PREP_ANL_BIAS[50] 2s: mkdir -p /gpfs/f6/drsa-precip3/world-shared/global/CI/GITLAB/pr_cases_5294_f16ac8d5_113072/RUNTESTS/COMROOT/C48_gsienkf_atmDA_f16ac8d5-113072/enkfgdas.20240223/18/ensstat/analysis/atmos
+ JGLOBAL_ATM_PREP_ANL_BIAS[51] 2s: mkdir -p /gpfs/f6/drsa-precip4/world-shared/role.glopara/RUNDIRS/C48_gsienkf_atmDA_f16ac8d5-113072/gdas.2024022400/gdasfetch_00/output
+ JGLOBAL_ATM_PREP_ANL_BIAS[53] 2s: [[ NO == \Y\E\S ]]
+ JGLOBAL_ATM_PREP_ANL_BIAS[113] 2s: for file in ${BIASFILES}
+ JGLOBAL_ATM_PREP_ANL_BIAS[114] 2s: cpreq /gpfs/f6/drsa-precip4/world-shared/role.glopara/RUNDIRS/C48_gsienkf_atmDA_f16ac8d5-113072/gdas.2024022400/gdasfetch_00/gdas.20240223/18/atmos/gdas.t18z.abias /gpfs/f6/drsa-precip3/world-shared/global/CI/GITLAB/pr_cases_5294_f16ac8d5_113072/RUNTESTS/COMROOT/C48_gsienkf_atmDA_f16ac8d5-113072/enkfgdas.20240223/18/ensstat/analysis/atmos/enkfgdas.t18z.abias.txt
+ cpreq[3] 0s: cp /gpfs/f6/drsa-precip4/world-shared/role.glopara/RUNDIRS/C48_gsienkf_atmDA_f16ac8d5-113072/gdas.2024022400/gdasfetch_00/gdas.20240223/18/atmos/gdas.t18z.abias /gpfs/f6/drsa-precip3/world-shared/global/CI/GITLAB/pr_cases_5294_f16ac8d5_113072/RUNTESTS/COMROOT/C48_gsienkf_atmDA_f16ac8d5-113072/enkfgdas.20240223/18/ensstat/analysis/atmos/enkfgdas.t18z.abias.txt
cp: cannot stat '/gpfs/f6/drsa-precip4/world-shared/role.glopara/RUNDIRS/C48_gsienkf_atmDA_f16ac8d5-113072/gdas.2024022400/gdasfetch_00/gdas.20240223/18/atmos/gdas.t18z.abias': No such file or directory
+ cpreq[4] 0s: '[' 1 -ne 0 ']'
+ cpreq[5] 0s: err_exit ''\''cp /gpfs/f6/drsa-precip4/world-shared/role.glopara/RUNDIRS/C48_gsienkf_atmDA_f16ac8d5-113072/gdas.2024022400/gdasfetch_00/gdas.20240223/18/atmos/gdas.t18z.abias /gpfs/f6/drsa-precip3/world-shared/global/CI/GITLAB/pr_cases_5294_f16ac8d5_113072/RUNTESTS/COMROOT/C48_gsienkf_atmDA_f16ac8d5-113072/enkfgdas.20240223/18/ensstat/analysis/atmos/enkfgdas.t18z.abias.txt'\'' was not successful.'
+ environment[0] 0s: set +eux

    -------------------------------------------------------------
    -- FATAL ERROR: 'cp /gpfs/f6/drsa-precip4/world-shared/role.glopara/RUNDIRS/C48_gsienkf_atmDA_f16ac8d5-113072/gdas.2024022400/gdasfetch_00/gdas.20240223/18/atmos/gdas.t18z.abias /gpfs/f6/drsa-precip3/world-shared/global/CI/GITLAB/pr_cases_5294_f16ac8d5_113072/RUNTESTS/COMROOT/C48_gsienkf_atmDA_f16ac8d5-113072/enkfgdas.20240223/18/ensstat/analysis/atmos/enkfgdas.t18z.abias.txt' was not successful., ERROR IN JGLOBAL_ATM_PREP_ANL_BIAS RETURN CODE 0
    -- ABNORMAL EXIT at Tue Oct  6 03:29:49 PM EDT 2026 on c6n0013
    -------------------------------------------------------------
    

Currently Loaded Modules:
  1) craype-x86-genoa                55) fckit/0.13.2
  2) perftools-base/25.03.0          56) fiat/1.4.1
  3) xpmem/2.11.5-1.3_g73ade43320bc  57) intel-oneapi-mkl/2023.2.0
  4) cray-pmi/6.1.15                 58) ectrans/1.2.0
  5) CmrsEnv/default                 59) fms/2024.02
  6) TimeZoneEDT/default             60) py-mpi4py/4.0.1
  7) DefApps                         61) esmf/8.8.0
  8) cray-dsmml/0.3.1                62) qhull/2020.2
  9) PrgEnv-intel/8.6.0              63) atlas/0.40.0
 10) intel/2024.2                    64) sp/2.5.0
 11) craype/2.7.34                   65) gsl-lite/0.37.0
 12) cray-libsci/24.11.0             66) libjpeg/2.1.0
 13) stack-oneapi/2024.2.1           67) krb5/1.20.1
 14) cray-mpich/8.1.32               68) libtirpc/1.3.3
 15) libfabric/1.22.0                69) hdf/4.2.15
 16) craype-network-ofi              70) jedi-cmake/1.4.0
 17) stack-cray-mpich/8.1.32         71) libpng/1.6.37
 18) glibc/2.38                      72) libxaw/1.10.13
 19) intel-oneapi-runtime/2024.2.1   73) udunits/2.2.28
 20) sqlite/3.46.0                   74) ncview/2.1.9
 21) util-linux-uuid/2.40.2          75) netcdf-cxx4/4.3.1
 22) python/3.11.7                   76) json/3.11.3
 23) stack-python/3.11.7             77) bacio/2.4.1
 24) cmake/3.27.9                    78) w3emc/2.10.0
 25) gettext/0.20.2                  79) prod_util/2.1.1
 26) nghttp2/1.63.0                  80) jasper/2.0.32
 27) curl/8.10.1                     81) g2/3.5.1
 28) zlib/1.2.13                     82) ip/5.1.0
 29) git/2.42.0                      83) grib-util/1.4.0
 30) hdf5/1.14.3                     84) py-markupsafe/2.1.3
 31) parallel-netcdf/1.12.3          85) py-jinja2/3.1.4
 32) snappy/1.2.1                    86) py-certifi/2023.7.22
 33) zstd/1.5.6                      87) py-cftime/1.0.3.4
 34) c-blosc/1.21.5                  88) py-netcdf4/1.7.1.post2
 35) netcdf-c/4.9.2                  89) py-pybind11/2.13.5
 36) nccmp/1.9.1.0                   90) py-setuptools/69.2.0
 37) netcdf-fortran/4.6.1            91) py-pycodestyle/2.11.0
 38) antlr/2.7.7                     92) libyaml/0.2.5
 39) gsl/2.8                         93) py-pyyaml/6.0.2
 40) nco/5.2.4                       94) py-scipy/1.14.1
 41) parallelio/2.6.2                95) py-packaging/24.1
 42) wget/1.21.3                     96) py-six/1.16.0
 43) Core/24.11                      97) py-python-dateutil/2.8.2
 44) boost/1.84.0                    98) py-pytz/2023.3
 45) python-venv/1.0                 99) py-tzdata/2023.3
 46) py-numpy/1.26.4                100) py-pandas/2.2.3
 47) bufr/12.1.0                    101) py-xarray/2024.7.0
 48) git-lfs/2.11.0                 102) py-f90nml/1.4.3
 49) ecbuild/3.7.2                  103) py-pip/23.1.2
 50) openjpeg/2.3.1                 104) py-click/8.1.7
 51) eccodes/2.33.0                 105) py-wheel/0.41.2
 52) eigen/3.4.0                    106) rocoto/1.3.7_fix
 53) openblas/0.3.24                107) hsi/9.3
 54) eckit/1.28.3                   108) GDAS/gaeac6.intel

 


'cp /gpfs/f6/drsa-precip4/world-shared/role.glopara/RUNDIRS/C48_gsienkf_atmDA_f16ac8d5-113072/gdas.2024022400/gdasfetch_00/gdas.20240223/18/atmos/gdas.t18z.abias /gpfs/f6/drsa-precip3/world-shared/global/CI/GITLAB/pr_cases_5294_f16ac8d5_113072/RUNTESTS/COMROOT/C48_gsienkf_atmDA_f16ac8d5-113072/enkfgdas.20240223/18/ensstat/analysis/atmos/enkfgdas.t18z.abias.txt' was not successful., ERROR IN JGLOBAL_ATM_PREP_ANL_BIAS RETURN CODE 0
/gpfs/f6/drsa-precip4/world-shared/role.glopara/RUNDIRS/C48_gsienkf_atmDA_f16ac8d5-113072/gdas.2024022400/gdasfetch_00
total 2
drwxr-sr-x 2 role.glopara drsa-precip4 4096 Oct  6 15:26 output
-rw-r--r-- 1 role.glopara drsa-precip4    0 Oct  6 15:29 ncepdate
-rwxr--r-- 1 role.glopara drsa-precip4  328 Oct  6 15:29 PDY
cat: OUTPUT.3388667: No such file or directory
[2026-10-06T15:29:49.843] error: *** JOB 221936190 ON c6n0013 CANCELLED AT 2026-10-06T15:29:49 DUE to SIGNAL Terminated ***
+ JGLOBAL_ATM_PREP_ANL_BIAS[115] 2s: export err=0
